Test ran at 2025-09-23 13:17:55.693581+00:00

SOLUTION:
gnat_avr_elf=15.2.1: The GNAT Ada compiler - AVR cross-compiler
Provides: gnat=15.2.1
Origin: (case OS is Linux => (case Host_Arch is Aarch64 => binary archive gnat-avr-elf-linux64-aarch64-15.2.0-1.tar.gz at https://github.com/alire-project/GNAT-FSF-builds/releases/download/gnat-15.2.0-1/gnat-avr-elf-linux64-aarch64-15.2.0-1.tar.gz, X86_64 => binary archive gnat-avr-elf-linux64-x86_64-15.2.0-1.tar.gz at https://github.com/alire-project/GNAT-FSF-builds/releases/download/gnat-15.2.0-1/gnat-avr-elf-linux64-x86_64-15.2.0-1.tar.gz), Macos => (case Host_Arch is X86_64 => binary archive gnat-avr-elf-darwin-x86_64-15.2.0-1.tar.gz at https://github.com/alire-project/GNAT-FSF-builds/releases/download/gnat-15.2.0-1/gnat-avr-elf-darwin-x86_64-15.2.0-1.tar.gz), Windows => (case Host_Arch is X86_64 => binary archive gnat-avr-elf-windows64-x86_64-15.2.0-1.tar.gz at https://github.com/alire-project/GNAT-FSF-builds/releases/download/gnat-15.2.0-1/gnat-avr-elf-windows64-x86_64-15.2.0-1.tar.gz)) with hash sha256:4cac9ec6eeb107371f0e8cbea7dc2eac1deaca2cef730e77b57c2a030da7b267
Properties:
   Auto_Gpr_With: auto-gpr-with=false
   Configuration: no modifiers
   Description: The GNAT Ada compiler - AVR cross-compiler
   Environment: PATH=${CRATE_ROOT}/bin:${PATH}
   License: GPL-3.0-or-later AND GPL-3.0-or-later WITH GCC-exception-3.1
   Maintainer: chouteau@adacore.com
   Maintainer: sagaert@adacore.com
   Maintainers_Logins: Fabien-Chouteau
   Maintainers_Logins: AldanTanneo
   Name: gnat_avr_elf
   Version: 15.2.1
   Website: https://github.com/alire-project/GNAT-FSF-builds


LOG:
[alr test] Testing gnat_avr_elf=15.2.1
[alr test] Spawning retrieval for remote crate: alr -d -n get gnat_avr_elf=15.2.1
Note: Deploying gnat_avr_elf=15.2.1...

#=#=#                                                                          
##O#-#                                                                         
                                                                           0.0%
##                                                                         2.9%
##                                                                         4.0%
####                                                                       6.1%
#####                                                                      7.9%
#######                                                                   10.6%
########                                                                  12.0%
#########                                                                 12.5%
#########                                                                 12.5%
##########                                                                14.7%
############                                                              17.7%
##############                                                            19.9%
##############                                                            19.9%
###############                                                           22.1%
#################                                                         24.8%
##################                                                        25.8%
####################                                                      28.0%
#####################                                                     29.5%
######################                                                    31.3%
#######################                                                   33.2%
##########################                                                36.3%
###########################                                               37.8%
###########################                                               38.4%
############################                                              40.0%
##############################                                            42.0%
###############################                                           44.2%
#################################                                         47.2%
##################################                                        48.3%
####################################                                      51.2%
######################################                                    52.8%
######################################                                    53.1%
#######################################                                   54.6%
########################################                                  56.7%
##########################################                                58.9%
############################################                              61.9%
##############################################                            64.1%
###############################################                           66.3%
#################################################                         69.3%
##################################################                        70.3%
####################################################                      73.1%
#####################################################                     74.2%
#######################################################                   77.1%
#######################################################                   77.3%
#########################################################                 80.0%
##########################################################                81.0%
############################################################              84.0%
#############################################################             85.7%
###############################################################           88.4%
#################################################################         91.4%
##################################################################        92.4%
####################################################################      95.1%
######################################################################    97.3%
#######################################################################   99.5%
######################################################################## 100.0%

gnat_avr_elf=15.2.1 successfully retrieved.
There are no dependencies.
[alr test] Test completed SUCCESSFULLY
