Test ran at 2025-12-23 13:25:20.272017+00:00

SOLUTION:
inotify=2.0.1: Monitor filesystem events using Linux' inotify API
Origin: commit 42f5ce851cdbb493c50c93abd9e2363f1a0f36a9 from https://github.com/onox/inotify-ada.git
Available when: (case OS is Linux => True, others => False)
Properties:
   Author: onox
   Build Switches: 
   Description: Monitor filesystem events using Linux' inotify API
   Executable: inotify-ada
   License: Apache-2.0
   Maintainer: onox <denkpadje@gmail.com>
   Maintainers_Logins: onox
   Name: inotify
   Project_File: inotify.gpr
   Project_File: monitor.gpr
   Tag: inotify
   Tag: linux
   Version: 2.0.1
   Website: https://github.com/onox/inotify-ada


LOG:
[alr test] Testing inotify=2.0.1
[alr test] Spawning retrieval for remote crate: alr -d -n get inotify=2.0.1
Note: Deploying inotify=2.0.1...

inotify=2.0.1 successfully retrieved.
There are no dependencies.
[alr test] Spawning default test for remote crate: alr -d -n build --release -- -cargs:Ada -gnatwn
Note: Building inotify=2.0.1/inotify.gpr (1/2)...
Setup
   [mkdir]        object directory for project Inotify
   [mkdir]        library directory for project Inotify
Compile
   [Ada]          inotify-recursive.adb
   [Ada]          inotify.adb
Build Libraries
   [gprlib]       inotify-ada.lexch
   [archive]      libinotify-ada.a
   [index]        libinotify-ada.a
Note: Building inotify=2.0.1/monitor.gpr (2/2)...
Setup
   [mkdir]        exec directory for project Monitor
Compile
   [Ada]          monitor.adb
Bind
   [gprbind]      monitor.bexch
   [Ada]          monitor.ali
Link
   [link]         monitor.adb
Success: Build finished successfully in 5.84 seconds.
Found declared GPR file: inotify.gpr
Found declared GPR file: monitor.gpr
[alr test] Test completed SUCCESSFULLY
