Test ran at 2026-08-31 13:02:28.789831+00:00

SOLUTION:
mavlink_ardupilotmega=2.0.0: MAVLink, ardupilotmega dialect
Origin: commit a2d4baeb6ce2bab1a2d6944579ae08ce75e94cb5 from https://github.com/reznikmm/mavlink_ardupilotmega.git
Properties:
   Author: Fil Andrii
   Author: Max Reznik
   Build Switches: 
   Description: MAVLink, ardupilotmega dialect
   License: MIT
   Maintainer: Fil Andrii <root.fi36@gmail.com>
   Maintainer: Max Reznik <reznikmm@gmail.com>
   Maintainers_Logins: python36
   Maintainers_Logins: reznikmm
   Name: mavlink_ardupilotmega
   Project_File: gnat/mavlink_ardupilotmega.gpr
   Tag: embedded
   Tag: network
   Tag: drone
   Version: 2.0.0
   Website: https://github.com/reznikmm/mavlink_ardupilotmega
Dependencies (direct):
   mavlink_common^2.0.0
Dependencies (solution):
   mavlink_common=2.0.0
   mavlink_shared=1.0.0
Dependencies (graph):
   mavlink_ardupilotmega=2.0.0 --> mavlink_common=2.0.0 (^2.0.0)
   mavlink_common=2.0.0        --> mavlink_shared=1.0.0 (^1.0)


LOG:
[alr test] Testing mavlink_ardupilotmega=2.0.0
[alr test] Spawning retrieval for remote crate: alr -d -n get mavlink_ardupilotmega=2.0.0
Note: Deploying mavlink_ardupilotmega=2.0.0...
Note: Deploying mavlink_shared=1.0.0...
Note: Deploying mavlink_common=2.0.0...

mavlink_ardupilotmega=2.0.0 successfully retrieved.
Dependencies were solved as follows:

   + mavlink_common 2.0.0 (new)
   + mavlink_shared 1.0.0 (new,indirect)
[alr test] Spawning default test for remote crate: alr -d -n build --release -- -cargs:Ada -gnatwn
Note: Building mavlink_ardupilotmega=2.0.0/gnat/mavlink_ardupilotmega.gpr...
Setup
   [mkdir]        object directory for project Mavlink_Shared
   [mkdir]        library directory for project Mavlink_Shared
   [mkdir]        object directory for project Mavlink_Common
   [mkdir]        library directory for project Mavlink_Common
   [mkdir]        object directory for project Mavlink_Ardupilotmega
   [mkdir]        library directory for project Mavlink_Ardupilotmega
Compile
   [Ada]          mavlink.ads
   [Ada]          mavlink-raw_floats.ads
   [Ada]          mavlink-raw_long_floats.ads
clang: warning: overriding deployment version from '16.0' to '26.0' [-Woverriding-deployment-version]
   [Ada]          mavlink-x25crc.adb
clang: warning: overriding deployment version from '16.0' to '26.0' [-Woverriding-deployment-version]
   [Ada]          mavlink_common_config.ads
clang: warning: overriding deployment version from '16.0' to '26.0' [-Woverriding-deployment-version]
   [Ada]          mavlink-v1-common-distance_sensors.adb
clang: warning: overriding deployment version from '16.0' to '26.0' [-Woverriding-deployment-version]
   [Ada]          mavlink-v1-common-mission_write_partial_lists.adb
clang: warning: overriding deployment version from '16.0' to '26.0' [-Woverriding-deployment-version]
   [Ada]          mavlink-v1-common-param_sets.adb
clang: warning: overriding deployment version from '16.0' to '26.0' [-Woverriding-deployment-version]
   [Ada]          mavlink-v1-common-command_ints.adb
clang: warning: overriding deployment version from '16.0' to '26.0' [-Woverriding-deployment-version]
   [Ada]          mavlink-v1-common-radio_statuses.adb
clang: warning: overriding deployment version from '16.0' to '26.0' [-Woverriding-deployment-version]
   [Ada]          mavlink-v1-common-adsb_vehicles.adb
clang: warning: overriding deployment version from '16.0' to '26.0' [-Woverriding-deployment-version]
   [Ada]          mavlink-v1-common-raw_pressures.adb
clang: warning: overriding deployment version from '16.0' to '26.0' [-Woverriding-deployment-version]
   [Ada]          mavlink-v1-common-attitudes.adb
clang: warning: overriding deployment version from '16.0' to '26.0' [-Woverriding-deployment-version]
   [Ada]          mavlink-v1-common-local_position_neds.adb
clang: warning: overriding deployment version from '16.0' to '26.0' [-Woverriding-deployment-version]
   [Ada]          mavlink-v1-common-estimator_statuses.adb
clang: warning: overriding deployment version from '16.0' to '26.0' [-Woverriding-deployment-version]
   [Ada]          mavlink-v1-common-hil_rc_inputs_raws.adb
clang: warning: overriding deployment version from '16.0' to '26.0' [-Woverriding-deployment-version]
   [Ada]          mavlink-v1-common-log_request_lists.adb
clang: warning: overriding deployment version from '16.0' to '26.0' [-Woverriding-deployment-version]
   [Ada]          mavlink-v1-common-mission_currents.adb
clang: warning: overriding deployment version from '16.0' to '26.0' [-Woverriding-deployment-version]
   [Ada]          mavlink-v1-common-mission_request_ints.adb
clang: warning: overriding deployment version from '16.0' to '26.0' [-Woverriding-deployment-version]
   [Ada]          mavlink-v1-common-highres_imus.adb
clang: warning: overriding deployment version from '16.0' to '26.0' [-Woverriding-deployment-version]
   [Ada]          mavlink-v1-common-gps_rtks.adb
clang: warning: overriding deployment version from '16.0' to '26.0' [-Woverriding-deployment-version]
   [Ada]          mavlink-v1-common-sys_statuses.adb
clang: warning: overriding deployment version from '16.0' to '26.0' [-Woverriding-deployment-version]
   [Ada]          mavlink-v1-common-scaled_imus.adb
clang: warning: overriding deployment version from '16.0' to '26.0' [-Woverriding-deployment-version]
   [Ada]          mavlink-v1-common-change_operator_control_acks.adb
clang: warning: overriding deployment version from '16.0' to '26.0' [-Woverriding-deployment-version]
   [Ada]          mavlink-v1-common-log_request_ends.adb
clang: warning: overriding deployment version from '16.0' to '26.0' [-Woverriding-deployment-version]
   [Ada]          mavlink-v1-common-terrain_datas.adb
clang: warning: overriding deployment version from '16.0' to '26.0' [-Woverriding-deployment-version]
   [Ada]          mavlink-v1-common-log_request_datas.adb
clang: warning: overriding deployment version from '16.0' to '26.0' [-Woverriding-deployment-version]
   [Ada]          mavlink-v1-common-gps2_raws.adb
clang: warning: overriding deployment version from '16.0' to '26.0' [-Woverriding-deployment-version]
   [Ada]          mavlink-v1-common-manual_controls.adb
clang: warning: overriding deployment version from '16.0' to '26.0' [-Woverriding-deployment-version]
   [Ada]          mavlink-v1-common-battery_statuses.adb
clang: warning: overriding deployment version from '16.0' to '26.0' [-Woverriding-deployment-version]
   [Ada]          mavlink-v1-common-request_data_streams.adb
clang: warning: overriding deployment version from '16.0' to '26.0' [-Woverriding-deployment-version]
   [Ada]          mavlink-v1-common-efi_statuses.adb
clang: warning: overriding deployment version from '16.0' to '26.0' [-Woverriding-deployment-version]
   [Ada]          mavlink-v1-common-pings.adb
clang: warning: overriding deployment version from '16.0' to '26.0' [-Woverriding-deployment-version]
   [Ada]          mavlink-v1-common-command_cancels.adb
clang: warning: overriding deployment version from '16.0' to '26.0' [-Woverriding-deployment-version]
   [Ada]          mavlink-v1-common-vfr_huds.adb
clang: warning: overriding deployment version from '16.0' to '26.0' [-Woverriding-deployment-version]
   [Ada]          mavlink-v1-common-rc_channels_scaleds.adb
clang: warning: overriding deployment version from '16.0' to '26.0' [-Woverriding-deployment-version]
   [Ada]          mavlink-v1-common-vision_position_estimates.adb
clang: warning: overriding deployment version from '16.0' to '26.0' [-Woverriding-deployment-version]
   [Ada]          mavlink-v1-common-set_position_target_global_ints.adb
clang: warning: overriding deployment version from '16.0' to '26.0' [-Woverriding-deployment-version]
   [Ada]          mavlink-v1-common-message_intervals.adb
clang: warning: overriding deployment version from '16.0' to '26.0' [-Woverriding-deployment-version]
   [Ada]          mavlink-v1-common-hil_actuator_controlses.adb
clang: warning: overriding deployment version from '16.0' to '26.0' [-Woverriding-deployment-version]
   [Ada]          mavlink-v1-common-global_vision_position_estimates.adb
clang: warning: overriding deployment version from '16.0' to '26.0' [-Woverriding-deployment-version]
   [Ada]          mavlink-v1-common-change_operator_controls.adb
clang: warning: overriding deployment version from '16.0' to '26.0' [-Woverriding-deployment-version]
   [Ada]          mavlink-v1-standard-types.ads
clang: warning: overriding deployment version from '16.0' to '26.0' [-Woverriding-deployment-version]
   [Ada]          mavlink-v1-common-local_position_ned_system_global_offsets.adb
clang: warning: overriding deployment version from '16.0' to '26.0' [-Woverriding-deployment-version]
   [Ada]          mavlink-v1-common-terrain_checks.adb
clang: warning: overriding deployment version from '16.0' to '26.0' [-Woverriding-deployment-version]
   [Ada]          mavlink-v1-common-rc_channels_raws.adb
clang: warning: overriding deployment version from '16.0' to '26.0' [-Woverriding-deployment-version]
   [Ada]          mavlink-v1-common-landing_targets.adb
clang: warning: overriding deployment version from '16.0' to '26.0' [-Woverriding-deployment-version]
   [Ada]          mavlink-v1-common-hil_sensors.adb
clang: warning: overriding deployment version from '16.0' to '26.0' [-Woverriding-deployment-version]
   [Ada]          mavlink-v1-common-resource_requests.adb
clang: warning: overriding deployment version from '16.0' to '26.0' [-Woverriding-deployment-version]
   [Ada]          mavlink-v1-common-power_statuses.adb
clang: warning: overriding deployment version from '16.0' to '26.0' [-Woverriding-deployment-version]
   [Ada]          mavlink-v1-common-mission_counts.adb
clang: warning: overriding deployment version from '16.0' to '26.0' [-Woverriding-deployment-version]
   [Ada]          mavlink-v1-minimal-types.ads
clang: warning: overriding deployment version from '16.0' to '26.0' [-Woverriding-deployment-version]
   [Ada]          mavlink-v1-common-optical_flow_rads.adb
clang: warning: overriding deployment version from '16.0' to '26.0' [-Woverriding-deployment-version]
   [Ada]          mavlink-v1-common-raw_imus.adb
clang: warning: overriding deployment version from '16.0' to '26.0' [-Woverriding-deployment-version]
   [Ada]          mavlink-v1-standard-autopilot_versions.adb
clang: warning: overriding deployment version from '16.0' to '26.0' [-Woverriding-deployment-version]
   [Ada]          mavlink-v1-common-scaled_pressures.adb
clang: warning: overriding deployment version from '16.0' to '26.0' [-Woverriding-deployment-version]
   [Ada]          mavlink-v1-common-system_times.adb
clang: warning: overriding deployment version from '16.0' to '26.0' [-Woverriding-deployment-version]
   [Ada]          mavlink-v1-common-debugs.adb
clang: warning: overriding deployment version from '16.0' to '26.0' [-Woverriding-deployment-version]
   [Ada]          mavlink-v1-common-statustexts.adb
clang: warning: overriding deployment version from '16.0' to '26.0' [-Woverriding-deployment-version]
   [Ada]          mavlink-v1-common-named_value_floats.adb
clang: warning: overriding deployment version from '16.0' to '26.0' [-Woverriding-deployment-version]
   [Ada]          mavlink-v1-common-high_latency2s.adb
clang: warning: overriding deployment version from '16.0' to '26.0' [-Woverriding-deployment-version]
   [Ada]          mavlink-v1-common-wind_covs.adb
clang: warning: overriding deployment version from '16.0' to '26.0' [-Woverriding-deployment-version]
   [Ada]          mavlink-v1-common-attitude_targets.adb
clang: warning: overriding deployment version from '16.0' to '26.0' [-Woverriding-deployment-version]
   [Ada]          mavlink-v1-common-link_node_statuses.adb
clang: warning: overriding deployment version from '16.0' to '26.0' [-Woverriding-deployment-version]
   [Ada]          mavlink-v1-common-gps2_rtks.adb
clang: warning: overriding deployment version from '16.0' to '26.0' [-Woverriding-deployment-version]
   [Ada]          mavlink-v1-common-rc_channels_overrides.adb
clang: warning: overriding deployment version from '16.0' to '26.0' [-Woverriding-deployment-version]
   [Ada]          mavlink-v1-common-mission_request_lists.adb
clang: warning: overriding deployment version from '16.0' to '26.0' [-Woverriding-deployment-version]
   [Ada]          mavlink-v1-common-vision_speed_estimates.adb
clang: warning: overriding deployment version from '16.0' to '26.0' [-Woverriding-deployment-version]
   [Ada]          mavlink-v1-common-high_latencys.adb
clang: warning: overriding deployment version from '16.0' to '26.0' [-Woverriding-deployment-version]
   [Ada]          mavlink-v1-common-collisions.adb
clang: warning: overriding deployment version from '16.0' to '26.0' [-Woverriding-deployment-version]
   [Ada]          mavlink-v1-common-terrain_reports.adb
clang: warning: overriding deployment version from '16.0' to '26.0' [-Woverriding-deployment-version]
   [Ada]          mavlink-v1-standard.ads
clang: warning: overriding deployment version from '16.0' to '26.0' [-Woverriding-deployment-version]
   [Ada]          mavlink-v1-common-command_acks.adb
clang: warning: overriding deployment version from '16.0' to '26.0' [-Woverriding-deployment-version]
   [Ada]          mavlink-v1-common-named_value_ints.adb
clang: warning: overriding deployment version from '16.0' to '26.0' [-Woverriding-deployment-version]
   [Ada]          mavlink-v1-common-terrain_requests.adb
clang: warning: overriding deployment version from '16.0' to '26.0' [-Woverriding-deployment-version]
   [Ada]          mavlink-v1-common-safety_allowed_areas.adb
clang: warning: overriding deployment version from '16.0' to '26.0' [-Woverriding-deployment-version]
   [Ada]          mavlink-v1-common-rc_channelses.adb
clang: warning: overriding deployment version from '16.0' to '26.0' [-Woverriding-deployment-version]
   [Ada]          mavlink-v1-common-sim_states.adb
clang: warning: overriding deployment version from '16.0' to '26.0' [-Woverriding-deployment-version]
   [Ada]          mavlink-v1-common-hil_controlses.adb
clang: warning: overriding deployment version from '16.0' to '26.0' [-Woverriding-deployment-version]
   [Ada]          mavlink-v1-common-auth_keys.adb
clang: warning: overriding deployment version from '16.0' to '26.0' [-Woverriding-deployment-version]
   [Ada]          mavlink-v1-common-hil_gpses.adb
clang: warning: overriding deployment version from '16.0' to '26.0' [-Woverriding-deployment-version]
   [Ada]          mavlink-v1-minimal-heartbeats.adb
clang: warning: overriding deployment version from '16.0' to '26.0' [-Woverriding-deployment-version]
   [Ada]          mavlink-v1-common-gps_inject_datas.adb
clang: warning: overriding deployment version from '16.0' to '26.0' [-Woverriding-deployment-version]
   [Ada]          mavlink-v1-standard-global_position_ints.adb
clang: warning: overriding deployment version from '16.0' to '26.0' [-Woverriding-deployment-version]
   [Ada]          mavlink-v1-common-mission_acks.adb
clang: warning: overriding deployment version from '16.0' to '26.0' [-Woverriding-deployment-version]
   [Ada]          mavlink-v1-common-position_target_global_ints.adb
clang: warning: overriding deployment version from '16.0' to '26.0' [-Woverriding-deployment-version]
   [Ada]          mavlink-v1-common-global_position_int_covs.adb
clang: warning: overriding deployment version from '16.0' to '26.0' [-Woverriding-deployment-version]
   [Ada]          mavlink-v1-common-position_target_local_neds.adb
clang: warning: overriding deployment version from '16.0' to '26.0' [-Woverriding-deployment-version]
   [Ada]          mavlink-v1-common-encapsulated_datas.adb
clang: warning: overriding deployment version from '16.0' to '26.0' [-Woverriding-deployment-version]
   [Ada]          mavlink-v1-common-log_entrys.adb
clang: warning: overriding deployment version from '16.0' to '26.0' [-Woverriding-deployment-version]
   [Ada]          mavlink-v1-common-gps_statuses.adb
clang: warning: overriding deployment version from '16.0' to '26.0' [-Woverriding-deployment-version]
   [Ada]          mavlink-v1-common-param_request_lists.adb
clang: warning: overriding deployment version from '16.0' to '26.0' [-Woverriding-deployment-version]
   [Ada]          mavlink-v1-common-mission_clear_alls.adb
clang: warning: overriding deployment version from '16.0' to '26.0' [-Woverriding-deployment-version]
   [Ada]          mavlink-v1-common-vicon_position_estimates.adb
clang: warning: overriding deployment version from '16.0' to '26.0' [-Woverriding-deployment-version]
   [Ada]          mavlink-v1-common-v2_extensions.adb
clang: warning: overriding deployment version from '16.0' to '26.0' [-Woverriding-deployment-version]
   [Ada]          mavlink-v1-common-set_actuator_control_targets.adb
clang: warning: overriding deployment version from '16.0' to '26.0' [-Woverriding-deployment-version]
   [Ada]          mavlink-v1-common-nav_controller_outputs.adb
clang: warning: overriding deployment version from '16.0' to '26.0' [-Woverriding-deployment-version]
   [Ada]          mavlink-v1-common-log_datas.adb
clang: warning: overriding deployment version from '16.0' to '26.0' [-Woverriding-deployment-version]
   [Ada]          mavlink-v1-common-mag_cal_reports.adb
clang: warning: overriding deployment version from '16.0' to '26.0' [-Woverriding-deployment-version]
   [Ada]          mavlink-v1-common-manual_setpoints.adb
clang: warning: overriding deployment version from '16.0' to '26.0' [-Woverriding-deployment-version]
   [Ada]          mavlink-v1-common-serial_controls.adb
clang: warning: overriding deployment version from '16.0' to '26.0' [-Woverriding-deployment-version]
   [Ada]          mavlink-v1-common-set_position_target_local_neds.adb
clang: warning: overriding deployment version from '16.0' to '26.0' [-Woverriding-deployment-version]
   [Ada]          mavlink-v1-common-timesyncs.adb
clang: warning: overriding deployment version from '16.0' to '26.0' [-Woverriding-deployment-version]
   [Ada]          mavlink-v1-common-set_attitude_targets.adb
clang: warning: overriding deployment version from '16.0' to '26.0' [-Woverriding-deployment-version]
   [Ada]          mavlink-v1-common-control_system_states.adb
clang: warning: overriding deployment version from '16.0' to '26.0' [-Woverriding-deployment-version]
   [Ada]          mavlink-v1-common-vibrations.adb
clang: warning: overriding deployment version from '16.0' to '26.0' [-Woverriding-deployment-version]
   [Ada]          mavlink-v1-common-mission_requests.adb
clang: warning: overriding deployment version from '16.0' to '26.0' [-Woverriding-deployment-version]
   [Ada]          mavlink-v1-common-hil_state_quaternions.adb
clang: warning: overriding deployment version from '16.0' to '26.0' [-Woverriding-deployment-version]
   [Ada]          mavlink-v1-common-data_streams.adb
clang: warning: overriding deployment version from '16.0' to '26.0' [-Woverriding-deployment-version]
   [Ada]          mavlink-v1-minimal.ads
clang: warning: overriding deployment version from '16.0' to '26.0' [-Woverriding-deployment-version]
   [Ada]          mavlink-v1-common-mission_item_reacheds.adb
clang: warning: overriding deployment version from '16.0' to '26.0' [-Woverriding-deployment-version]
   [Ada]          mavlink-v1-common-servo_output_raws.adb
clang: warning: overriding deployment version from '16.0' to '26.0' [-Woverriding-deployment-version]
   [Ada]          mavlink-v1-common-set_gps_global_origins.adb
clang: warning: overriding deployment version from '16.0' to '26.0' [-Woverriding-deployment-version]
   [Ada]          mavlink-v1-common-camera_triggers.adb
clang: warning: overriding deployment version from '16.0' to '26.0' [-Woverriding-deployment-version]
   [Ada]          mavlink-v1-common-param_map_rcs.adb
clang: warning: overriding deployment version from '16.0' to '26.0' [-Woverriding-deployment-version]
   [Ada]          mavlink-v1-common-follow_targets.adb
clang: warning: overriding deployment version from '16.0' to '26.0' [-Woverriding-deployment-version]
   [Ada]          mavlink-v1-common-home_positions.adb
clang: warning: overriding deployment version from '16.0' to '26.0' [-Woverriding-deployment-version]
   [Ada]          mavlink-v1-common-types.ads
clang: warning: overriding deployment version from '16.0' to '26.0' [-Woverriding-deployment-version]
   [Ada]          mavlink-v1-common-set_home_positions.adb
clang: warning: overriding deployment version from '16.0' to '26.0' [-Woverriding-deployment-version]
   [Ada]          mavlink-v1.adb
clang: warning: overriding deployment version from '16.0' to '26.0' [-Woverriding-deployment-version]
   [Ada]          mavlink-v1-common-mission_set_currents.adb
clang: warning: overriding deployment version from '16.0' to '26.0' [-Woverriding-deployment-version]
   [Ada]          mavlink-v1-common-altitudes.adb
clang: warning: overriding deployment version from '16.0' to '26.0' [-Woverriding-deployment-version]
   [Ada]          mavlink-v1-common-gps_global_origins.adb
clang: warning: overriding deployment version from '16.0' to '26.0' [-Woverriding-deployment-version]
   [Ada]          mavlink-v1-common-param_values.adb
clang: warning: overriding deployment version from '16.0' to '26.0' [-Woverriding-deployment-version]
   [Ada]          mavlink-v1-common-att_pos_mocaps.adb
clang: warning: overriding deployment version from '16.0' to '26.0' [-Woverriding-deployment-version]
   [Ada]          mavlink-v1-common-actuator_control_targets.adb
clang: warning: overriding deployment version from '16.0' to '26.0' [-Woverriding-deployment-version]
   [Ada]          mavlink-v1-common-param_request_reads.adb
clang: warning: overriding deployment version from '16.0' to '26.0' [-Woverriding-deployment-version]
   [Ada]          mavlink-v1-common-scaled_imu3s.adb
clang: warning: overriding deployment version from '16.0' to '26.0' [-Woverriding-deployment-version]
   [Ada]          mavlink-v1-common-attitude_quaternions.adb
clang: warning: overriding deployment version from '16.0' to '26.0' [-Woverriding-deployment-version]
   [Ada]          mavlink-v1-common-set_modes.adb
clang: warning: overriding deployment version from '16.0' to '26.0' [-Woverriding-deployment-version]
   [Ada]          mavlink-v1-common.ads
clang: warning: overriding deployment version from '16.0' to '26.0' [-Woverriding-deployment-version]
   [Ada]          mavlink-v1-common-scaled_pressure3s.adb
clang: warning: overriding deployment version from '16.0' to '26.0' [-Woverriding-deployment-version]
   [Ada]          mavlink-v1-common-local_position_ned_covs.adb
clang: warning: overriding deployment version from '16.0' to '26.0' [-Woverriding-deployment-version]
   [Ada]          mavlink-v1-common-debug_vects.adb
clang: warning: overriding deployment version from '16.0' to '26.0' [-Woverriding-deployment-version]
   [Ada]          mavlink-v1-common-scaled_pressure2s.adb
clang: warning: overriding deployment version from '16.0' to '26.0' [-Woverriding-deployment-version]
   [Ada]          mavlink-v1-common-fence_statuses.adb
clang: warning: overriding deployment version from '16.0' to '26.0' [-Woverriding-deployment-version]
   [Ada]          mavlink-v1-common-gps_inputs.adb
clang: warning: overriding deployment version from '16.0' to '26.0' [-Woverriding-deployment-version]
   [Ada]          mavlink-v1-common-mission_request_partial_lists.adb
clang: warning: overriding deployment version from '16.0' to '26.0' [-Woverriding-deployment-version]
   [Ada]          mavlink-v1-common-data_transmission_handshakes.adb
clang: warning: overriding deployment version from '16.0' to '26.0' [-Woverriding-deployment-version]
   [Ada]          mavlink-v1-common-extended_sys_states.adb
clang: warning: overriding deployment version from '16.0' to '26.0' [-Woverriding-deployment-version]
   [Ada]          mavlink-v1-common-safety_set_allowed_areas.adb
clang: warning: overriding deployment version from '16.0' to '26.0' [-Woverriding-deployment-version]
   [Ada]          mavlink-v1-common-scaled_imu2s.adb
clang: warning: overriding deployment version from '16.0' to '26.0' [-Woverriding-deployment-version]
   [Ada]          mavlink-v1-common-memory_vects.adb
clang: warning: overriding deployment version from '16.0' to '26.0' [-Woverriding-deployment-version]
   [Ada]          mavlink-v1-common-log_erases.adb
clang: warning: overriding deployment version from '16.0' to '26.0' [-Woverriding-deployment-version]
   [Ada]          mavlink-v1-common-gps_rtcm_datas.adb
clang: warning: overriding deployment version from '16.0' to '26.0' [-Woverriding-deployment-version]
   [Ada]          mavlink-v1-common-command_longs.adb
clang: warning: overriding deployment version from '16.0' to '26.0' [-Woverriding-deployment-version]
   [Ada]          mavlink-v1-common-mission_items.adb
clang: warning: overriding deployment version from '16.0' to '26.0' [-Woverriding-deployment-version]
   [Ada]          mavlink-v1-common-hil_optical_flows.adb
clang: warning: overriding deployment version from '16.0' to '26.0' [-Woverriding-deployment-version]
   [Ada]          mavlink-v1-common-gps_raw_ints.adb
clang: warning: overriding deployment version from '16.0' to '26.0' [-Woverriding-deployment-version]
   [Ada]          mavlink-v1-common-optical_flows.adb
clang: warning: overriding deployment version from '16.0' to '26.0' [-Woverriding-deployment-version]
   [Ada]          mavlink-v1-common-hil_states.adb
clang: warning: overriding deployment version from '16.0' to '26.0' [-Woverriding-deployment-version]
   [Ada]          mavlink-v1-common-file_transfer_protocols.adb
clang: warning: overriding deployment version from '16.0' to '26.0' [-Woverriding-deployment-version]
   [Ada]          mavlink-v1-common-mission_item_ints.adb
clang: warning: overriding deployment version from '16.0' to '26.0' [-Woverriding-deployment-version]
   [Ada]          mavlink-v1-common-attitude_quaternion_covs.adb
clang: warning: overriding deployment version from '16.0' to '26.0' [-Woverriding-deployment-version]
   [Ada]          mavlink_ardupilotmega_config.ads
clang: warning: overriding deployment version from '16.0' to '26.0' [-Woverriding-deployment-version]
   [Ada]          mavlink-v1-ardupilotmega-ekf_status_reports.adb
clang: warning: overriding deployment version from '16.0' to '26.0' [-Woverriding-deployment-version]
   [Ada]          mavlink-v1-ardupilotmega-autopilot_version_requests.adb
clang: warning: overriding deployment version from '16.0' to '26.0' [-Woverriding-deployment-version]
   [Ada]          mavlink-v1-ardupilotmega-fence_fetch_points.adb
clang: warning: overriding deployment version from '16.0' to '26.0' [-Woverriding-deployment-version]
   [Ada]          mavlink-v1-ardupilotmega-digicam_controls.adb
clang: warning: overriding deployment version from '16.0' to '26.0' [-Woverriding-deployment-version]
   [Ada]          mavlink-v1-loweheiser-types.ads
clang: warning: overriding deployment version from '16.0' to '26.0' [-Woverriding-deployment-version]
   [Ada]          mavlink-v1-ardupilotmega-compassmot_statuses.adb
clang: warning: overriding deployment version from '16.0' to '26.0' [-Woverriding-deployment-version]
   [Ada]          mavlink-v1-ardupilotmega-camera_statuses.adb
clang: warning: overriding deployment version from '16.0' to '26.0' [-Woverriding-deployment-version]
   [Ada]          mavlink-v1-ardupilotmega-gimbal_reports.adb
clang: warning: overriding deployment version from '16.0' to '26.0' [-Woverriding-deployment-version]
   [Ada]          mavlink-v1-ardupilotmega-set_mag_offsetses.adb
clang: warning: overriding deployment version from '16.0' to '26.0' [-Woverriding-deployment-version]
   [Ada]          mavlink-v1-ardupilotmega-led_controls.adb
clang: warning: overriding deployment version from '16.0' to '26.0' [-Woverriding-deployment-version]
   [Ada]          mavlink-v1-ardupilotmega-rpms.adb
clang: warning: overriding deployment version from '16.0' to '26.0' [-Woverriding-deployment-version]
   [Ada]          mavlink-v1-icarous-types.ads
clang: warning: overriding deployment version from '16.0' to '26.0' [-Woverriding-deployment-version]
   [Ada]          mavlink-v1-ardupilotmega-gopro_get_responses.adb
clang: warning: overriding deployment version from '16.0' to '26.0' [-Woverriding-deployment-version]
   [Ada]          mavlink-v1-csairlink.ads
clang: warning: overriding deployment version from '16.0' to '26.0' [-Woverriding-deployment-version]
   [Ada]          mavlink-v1-ardupilotmega-gopro_set_requests.adb
clang: warning: overriding deployment version from '16.0' to '26.0' [-Woverriding-deployment-version]
   [Ada]          mavlink-v1-ardupilotmega-types.ads
clang: warning: overriding deployment version from '16.0' to '26.0' [-Woverriding-deployment-version]
   [Ada]          mavlink-v1-ardupilotmega-hwstatuses.adb
clang: warning: overriding deployment version from '16.0' to '26.0' [-Woverriding-deployment-version]
   [Ada]          mavlink-v1-ardupilotmega-pid_tunings.adb
clang: warning: overriding deployment version from '16.0' to '26.0' [-Woverriding-deployment-version]
   [Ada]          mavlink-v1-ardupilotmega-mount_controls.adb
clang: warning: overriding deployment version from '16.0' to '26.0' [-Woverriding-deployment-version]
   [Ada]          mavlink-v1-ardupilotmega-fence_points.adb
clang: warning: overriding deployment version from '16.0' to '26.0' [-Woverriding-deployment-version]
   [Ada]          mavlink-v1-ardupilotmega-gimbal_torque_cmd_reports.adb
clang: warning: overriding deployment version from '16.0' to '26.0' [-Woverriding-deployment-version]
   [Ada]          mavlink-v1-ardupilotmega-rally_points.adb
clang: warning: overriding deployment version from '16.0' to '26.0' [-Woverriding-deployment-version]
   [Ada]          mavlink-v1-ardupilotmega-gopro_set_responses.adb
clang: warning: overriding deployment version from '16.0' to '26.0' [-Woverriding-deployment-version]
   [Ada]          mavlink-v1-csairlink-types.ads
clang: warning: overriding deployment version from '16.0' to '26.0' [-Woverriding-deployment-version]
   [Ada]          mavlink-v1-loweheiser.ads
clang: warning: overriding deployment version from '16.0' to '26.0' [-Woverriding-deployment-version]
   [Ada]          mavlink-v1-cubepilot.ads
clang: warning: overriding deployment version from '16.0' to '26.0' [-Woverriding-deployment-version]
   [Ada]          mavlink-v1-ardupilotmega-data16s.adb
clang: warning: overriding deployment version from '16.0' to '26.0' [-Woverriding-deployment-version]
   [Ada]          mavlink-v1-ardupilotmega-airspeed_autocals.adb
clang: warning: overriding deployment version from '16.0' to '26.0' [-Woverriding-deployment-version]
   [Ada]          mavlink-v1-ardupilotmega-radios.adb
clang: warning: overriding deployment version from '16.0' to '26.0' [-Woverriding-deployment-version]
   [Ada]          mavlink-v1-ardupilotmega-sensor_offsetses.adb
clang: warning: overriding deployment version from '16.0' to '26.0' [-Woverriding-deployment-version]
   [Ada]          mavlink-v1-ardupilotmega-remote_log_block_statuses.adb
clang: warning: overriding deployment version from '16.0' to '26.0' [-Woverriding-deployment-version]
   [Ada]          mavlink-v1-ardupilotmega-rally_fetch_points.adb
clang: warning: overriding deployment version from '16.0' to '26.0' [-Woverriding-deployment-version]
   [Ada]          mavlink-v1-ardupilotmega-rangefinders.adb
clang: warning: overriding deployment version from '16.0' to '26.0' [-Woverriding-deployment-version]
   [Ada]          mavlink-v1-ardupilotmega-battery2s.adb
clang: warning: overriding deployment version from '16.0' to '26.0' [-Woverriding-deployment-version]
   [Ada]          mavlink-v1-ardupilotmega-gimbal_controls.adb
clang: warning: overriding deployment version from '16.0' to '26.0' [-Woverriding-deployment-version]
   [Ada]          mavlink-v1-ardupilotmega-camera_feedbacks.adb
clang: warning: overriding deployment version from '16.0' to '26.0' [-Woverriding-deployment-version]
   [Ada]          mavlink-v1-ardupilotmega-deepstalls.adb
clang: warning: overriding deployment version from '16.0' to '26.0' [-Woverriding-deployment-version]
   [Ada]          mavlink-v1-ardupilotmega-data96s.adb
clang: warning: overriding deployment version from '16.0' to '26.0' [-Woverriding-deployment-version]
   [Ada]          mavlink-v1-ardupilotmega-digicam_configures.adb
clang: warning: overriding deployment version from '16.0' to '26.0' [-Woverriding-deployment-version]
   [Ada]          mavlink-v1-ardupilotmega-limits_statuses.adb
clang: warning: overriding deployment version from '16.0' to '26.0' [-Woverriding-deployment-version]
   [Ada]          mavlink-v1-ardupilotmega-gopro_get_requests.adb
clang: warning: overriding deployment version from '16.0' to '26.0' [-Woverriding-deployment-version]
   [Ada]          mavlink-v1-ardupilotmega.ads
clang: warning: overriding deployment version from '16.0' to '26.0' [-Woverriding-deployment-version]
   [Ada]          mavlink-v1-cubepilot-types.ads
clang: warning: overriding deployment version from '16.0' to '26.0' [-Woverriding-deployment-version]
   [Ada]          mavlink-v1-ardupilotmega-data64s.adb
clang: warning: overriding deployment version from '16.0' to '26.0' [-Woverriding-deployment-version]
   [Ada]          mavlink-v1-uavionix.ads
clang: warning: overriding deployment version from '16.0' to '26.0' [-Woverriding-deployment-version]
   [Ada]          mavlink-v1-ardupilotmega-winds.adb
clang: warning: overriding deployment version from '16.0' to '26.0' [-Woverriding-deployment-version]
   [Ada]          mavlink-v1-ardupilotmega-gopro_heartbeats.adb
clang: warning: overriding deployment version from '16.0' to '26.0' [-Woverriding-deployment-version]
   [Ada]          mavlink-v1-ardupilotmega-mount_statuses.adb
clang: warning: overriding deployment version from '16.0' to '26.0' [-Woverriding-deployment-version]
   [Ada]          mavlink-v1-ardupilotmega-ahrs3s.adb
clang: warning: overriding deployment version from '16.0' to '26.0' [-Woverriding-deployment-version]
   [Ada]          mavlink-v1-icarous.ads
clang: warning: overriding deployment version from '16.0' to '26.0' [-Woverriding-deployment-version]
   [Ada]          mavlink-v1-ardupilotmega-ap_adcs.adb
clang: warning: overriding deployment version from '16.0' to '26.0' [-Woverriding-deployment-version]
   [Ada]          mavlink-v1-ardupilotmega-remote_log_data_blocks.adb
clang: warning: overriding deployment version from '16.0' to '26.0' [-Woverriding-deployment-version]
   [Ada]          mavlink-v1-ardupilotmega-ahrs2s.adb
clang: warning: overriding deployment version from '16.0' to '26.0' [-Woverriding-deployment-version]
   [Ada]          mavlink-v1-uavionix-types.ads
clang: warning: overriding deployment version from '16.0' to '26.0' [-Woverriding-deployment-version]
   [Ada]          mavlink-v1-ardupilotmega-meminfos.adb
clang: warning: overriding deployment version from '16.0' to '26.0' [-Woverriding-deployment-version]
   [Ada]          mavlink-v1-ardupilotmega-simstates.adb
clang: warning: overriding deployment version from '16.0' to '26.0' [-Woverriding-deployment-version]
   [Ada]          mavlink-v1-ardupilotmega-mag_cal_progresses.adb
clang: warning: overriding deployment version from '16.0' to '26.0' [-Woverriding-deployment-version]
   [Ada]          mavlink-v1-ardupilotmega-data32s.adb
clang: warning: overriding deployment version from '16.0' to '26.0' [-Woverriding-deployment-version]
   [Ada]          mavlink-v1-ardupilotmega-mount_configures.adb
clang: warning: overriding deployment version from '16.0' to '26.0' [-Woverriding-deployment-version]
   [Ada]          mavlink-v1-ardupilotmega-ahrses.adb
clang: warning: overriding deployment version from '16.0' to '26.0' [-Woverriding-deployment-version]
clang: warning: overriding deployment version from '16.0' to '26.0' [-Woverriding-deployment-version]
clang: warning: overriding deployment version from '16.0' to '26.0' [-Woverriding-deployment-version]
Build Libraries
   [gprlib]       mavlink_shared.lexch
   [gprlib]       mavlink_common.lexch
   [archive]      libmavlink_shared.a
   [index]        libmavlink_shared.a
   [gprlib]       ardupilotmega.lexch
   [archive]      libmavlink_common.a
   [index]        libmavlink_common.a
   [archive]      libardupilotmega.a
   [index]        libardupilotmega.a
Success: Build finished successfully in 23.20 seconds.
Found declared GPR file: gnat/mavlink_ardupilotmega.gpr
[alr test] Test completed SUCCESSFULLY
