Test ran at 2025-11-28 12:36:51.251645+00:00

SOLUTION:
hex_string=0.1.0: Get a string of almost any type as hex with underscores
Origin: commit a0df69e03595cacdca10fc531cba0d3c58119b05 from https://github.com/kevlar700/hex_string.git
Properties:
   Author: Kevin Chadwick
   Build Switches: 
   Description: Get a string of almost any type as hex with underscores
   License: 0BSD
   Maintainer: Kevin Chadwick <kc-github@chadwicks.me.uk>
   Maintainers_Logins: kevlar700
   Name: hex_string
   Tag: embedded
   Tag: hex
   Tag: spark
   Version: 0.1.0
   Website: https://github.com/kevlar700/hex_string


LOG:
[alr test] Testing hex_string=0.1.0
[alr test] Spawning retrieval for remote crate: alr -d -n get hex_string=0.1.0
Note: Deploying hex_string=0.1.0...

hex_string=0.1.0 successfully retrieved.
There are no dependencies.
[alr test] Spawning default test for remote crate: alr -d -n build --release -- -cargs:Ada -gnatwn
Note: Building hex_string=0.1.0/hex_string.gpr...
Setup
   [mkdir]        object directory for project Hex_String
   [mkdir]        library directory for project Hex_String
Compile
   [Ada]          hex_string_config.ads
   [Ada]          hex_string.adb
gnat1: invalid switch: -gnat2022
gnat1: invalid switch: -gnat2022

   compilation of hex_string.adb failed
   compilation of hex_string_config.ads failed

gprbuild: *** compilation phase failed
stderr: Command ["gprbuild", "-s", "-j0", "-p", "-P", "D:\a\alire-crates-ci\alire-crates-ci\test\d6c06213-6f6b-4b22-9aa1-020a8977a8d7\hex_string_0.1.0_a0df69e0\hex_string.gpr", "-cargs:Ada", "-gnatwn"] exited with code 4
ERROR: Command ["gprbuild", "-s", "-j0", "-p", "-P", "D:\a\alire-crates-ci\alire-crates-ci\test\d6c06213-6f6b-4b22-9aa1-020a8977a8d7\hex_string_0.1.0_a0df69e0\hex_string.gpr", "-cargs:Ada", "-gnatwn"] exited with code 4
stderr: ALIRE.CHECKED_ERROR
stderr: Command ["gprbuild", "-s", "-j0", "-p", "-P", "D:\a\alire-crates-ci\alire-crates-ci\test\d6c06213-6f6b-4b22-9aa1-020a8977a8d7\hex_string_0.1.0_a0df69e0\hex_string.gpr", "-cargs:Ada", "-gnatwn"] exited with code 4
stderr: raised ALIRE.CHECKED_ERROR : alire-stored-error:1
[D:\a\alire-crates-ci\alire-crates-ci\alire_install\bin\alr.exe]
0x7ff7dd07da2a Semantic_Versioning.Basic.Restrictions.First_Index at alire.adb:284
0x7ff7dcc7595b Semantic_Versioning.Basic.Restrictions.First_Index at alire-os_lib-subprocess.adb:111
0x7ff7dcf2cba1 Semantic_Versioning.Basic.Restrictions.First_Index at alire-spawn.adb:22
0x7ff7dcf2dd5d Semantic_Versioning.Basic.Restrictions.First_Index at alire-spawn.adb:68
0x7ff7dce52d64 Semantic_Versioning.Basic.Restrictions.First_Index at alire-roots.adb:189
0x7ff7dce511da Semantic_Versioning.Basic.Restrictions.First_Index at alire-roots.adb:255
0x7ff7dce7912d Semantic_Versioning.Basic.Restrictions.First_Index at alire-roots.adb:2143
0x7ff7dcee82f9 Semantic_Versioning.Basic.Restrictions.First_Index at alire-solutions.adb:1472
0x7ff7dcee7424 Semantic_Versioning.Basic.Restrictions.First_Index at alire-solutions.adb:1555
0x7ff7dce7922c Semantic_Versioning.Basic.Restrictions.First_Index at alire-roots.adb:2147
0x7ff7dce792fa Semantic_Versioning.Basic.Restrictions.First_Index at alire-roots.adb:2127
0x7ff7dce517a7 Semantic_Versioning.Basic.Restrictions.First_Index at alire-roots.adb:286
0x7ff7dce51912 Semantic_Versioning.Basic.Restrictions.First_Index at alire-roots.adb:114
0x7ff7dc5c3baa Semantic_Versioning.Basic.Restrictions.First_Index at alr-commands-build.adb:145
0x7ff7dc5c341e Semantic_Versioning.Basic.Restrictions.First_Index at alr-commands-build.adb:113
0x7ff7dc5c35ba Semantic_Versioning.Basic.Restrictions.First_Index at alr-commands-build.adb:54
0x7ff7dc675dea Semantic_Versioning.Basic.Restrictions.First_Index at clic-subcommand-instance.adb:749
0x7ff7dc682b0e Semantic_Versioning.Basic.Restrictions.First_Index at alr-commands.adb:632
0x7ff7dc5516a0 Alr.Main at alr-main.adb:13
0x7ff7dc555270 Main at b__alr-main.adb:2454
0x7ff7dc55133e __tmainCRTStartup at ???
0x7ff7dc551144 mainCRTStartup at ???
[C:\Windows\System32\KERNEL32.DLL]
0x7ffd0c6ae8d5
[C:\Windows\SYSTEM32\ntdll.dll]
0x7ffd0d16c53a

stderr: ALIRE.ROOTS.BUILD._WRAPPED_STATEMENTS.BUILD_FAILED
stderr: alire-roots.adb:202
stderr: raised ALIRE.ROOTS.BUILD._WRAPPED_STATEMENTS.BUILD_FAILED : alire-roots.adb:202
[D:\a\alire-crates-ci\alire-crates-ci\alire_install\bin\alr.exe]
0x7ff7dce5313c Semantic_Versioning.Basic.Restrictions.First_Index at alire-roots.adb:202
0x7ff7dce511da Semantic_Versioning.Basic.Restrictions.First_Index at alire-roots.adb:255
0x7ff7dce7912d Semantic_Versioning.Basic.Restrictions.First_Index at alire-roots.adb:2143
0x7ff7dcee82f9 Semantic_Versioning.Basic.Restrictions.First_Index at alire-solutions.adb:1472
0x7ff7dcee7424 Semantic_Versioning.Basic.Restrictions.First_Index at alire-solutions.adb:1555
0x7ff7dce7922c Semantic_Versioning.Basic.Restrictions.First_Index at alire-roots.adb:2147
0x7ff7dce792fa Semantic_Versioning.Basic.Restrictions.First_Index at alire-roots.adb:2127
0x7ff7dce517a7 Semantic_Versioning.Basic.Restrictions.First_Index at alire-roots.adb:286
0x7ff7dce51912 Semantic_Versioning.Basic.Restrictions.First_Index at alire-roots.adb:114
0x7ff7dc5c3baa Semantic_Versioning.Basic.Restrictions.First_Index at alr-commands-build.adb:145
0x7ff7dc5c341e Semantic_Versioning.Basic.Restrictions.First_Index at alr-commands-build.adb:113
0x7ff7dc5c35ba Semantic_Versioning.Basic.Restrictions.First_Index at alr-commands-build.adb:54
0x7ff7dc675dea Semantic_Versioning.Basic.Restrictions.First_Index at clic-subcommand-instance.adb:749
0x7ff7dc682b0e Semantic_Versioning.Basic.Restrictions.First_Index at alr-commands.adb:632
0x7ff7dc5516a0 Alr.Main at alr-main.adb:13
0x7ff7dc555270 Main at b__alr-main.adb:2454
0x7ff7dc55133e __tmainCRTStartup at ???
0x7ff7dc551144 mainCRTStartup at ???
[C:\Windows\System32\KERNEL32.DLL]
0x7ffd0c6ae8d5
[C:\Windows\SYSTEM32\ntdll.dll]
0x7ffd0d16c53a

ERROR: Compilation failed.
