Test ran at 2025-09-17 12:43:40.742114+00:00

SOLUTION:
spdx_tool=0.4.1: SPDX license detection and management tool
Origin: commit 0ca2cee437e71cd5f8a32edaa6f3facff8868be3 from https://gitlab.com/stcarrez/spdx-tool.git
Properties:
   Post_Fetch run: sh ./alire-setup.sh (from ${CRATE_ROOT}/.)
   Author: ciceron
   Description: SPDX license detection and management tool
   Executable: spdx-tool
   case OS is
      when Freebsd => GPR External: USE_MAGICADA := no
      when Linux => GPR External: USE_MAGICADA := yes
      when Macos => GPR External: USE_MAGICADA := no
      when Windows => GPR External: USE_MAGICADA := no
   License: Apache-2.0
   Long_Description: spdx-tool scans the source files to identify licenses and allows to update them in order to use the
SPDX license format.  It can be used to:

* identify the license used in source files of a project,
* produce a JSON/XML report for the licenses found with the list of files,
* replace a license header by the [SPDX license](https://spdx.org/licenses/) tag equivalent.

Identify licenses used in a project:

```
spdx-tool
```

Identify files matching a given license:

```
spdx-tool --only-licenses=Apache-2.0 -f
```

Check the license header before replacing it:

```
spdx-tool --only-licenses=Apache-2.0 --print-license --line-number src
```

Replace the license header by the `SPDX-License-Identifier` header:

```
spdx-tool --only-licenses=Apache-2.0 --update=spdx src
```

Build an XML or JSON report of files with their licenses:

```
spdx-tool --output-xml=report.xml
```

## Documentation

* Man page: [spdx-tool (1)](https://gitlab.com/stcarrez/spdx-tool/-/blob/main/docs/spdx-tool.md?ref_type=heads)


   Maintainer: ciceron <Stephane.Carrez@gmail.com>
   Maintainers_Logins: stcarrez
   Name: spdx_tool
   Project_File: spdx_tool.gpr
   Tag: tools
   Tag: spdx
   Tag: license
   Version: 0.4.1
   Website: https://github.com/stcarrez/spdx-tool
Dependencies (direct):
   case OS is
      when Linux => magicada^1
   ada_toml~0.5.0
   ansiada^1.0.0
   intl^1.0.1
   printer_toolkit~0.2.0
   sciada~0.4.0
   spdx~0.2.0
   utilada^2.8.0
   utilada_xml^2.8.0
Dependencies (solution):
   ada_toml=0.5.0
   ansiada=1.1.0
   gnat=14.2.1 (gnat_native)
   intl=1.0.1
   printer_toolkit=0.2.0
   sciada=0.4.0
   spdx=0.2.0
   utilada=2.8.1
   utilada_xml=2.8.1
   xmlada=24.0.0
Dependencies (graph):
   printer_toolkit=0.2.0 --> ansiada=1.1.0 (^1.0.0)
   spdx_tool=0.4.1       --> ada_toml=0.5.0 (~0.5.0)
   spdx_tool=0.4.1       --> ansiada=1.1.0 (^1.0.0)
   spdx_tool=0.4.1       --> intl=1.0.1 (^1.0.1)
   spdx_tool=0.4.1       --> printer_toolkit=0.2.0 (~0.2.0)
   spdx_tool=0.4.1       --> sciada=0.4.0 (~0.4.0)
   spdx_tool=0.4.1       --> spdx=0.2.0 (~0.2.0)
   spdx_tool=0.4.1       --> utilada=2.8.1 (^2.8.0)
   spdx_tool=0.4.1       --> utilada_xml=2.8.1 (^2.8.0)
   utilada_xml=2.8.1     --> utilada=2.8.1 (^2.8.1)
   utilada_xml=2.8.1     --> xmlada=24.0.0 (^24.0)
   xmlada=24.0.0         --> gnat=14.2.1 (gnat_native) (>=11)


LOG:
[alr test] Testing spdx_tool=0.4.1
[alr test] Spawning retrieval for remote crate: alr -d -n get spdx_tool=0.4.1
Note: Deploying spdx_tool=0.4.1...
Note: Deploying ada_toml=0.5.0...

#=#=#                                                                          
##O#-#                                                                         
Note: Deploying ansiada=1.1.0...
Note: Deploying intl=1.0.1...
Note: Deploying sciada=0.4.0...
Note: Deploying spdx=0.2.0...
Note: Deploying printer_toolkit=0.2.0...

spdx_tool=0.4.1 successfully retrieved.
Dependencies were solved as follows:

   +  ada_toml        0.5.0  (new)
   +  ansiada         1.1.0  (new)
   +b gnat            14.2.1 (new,gnat_native,indirect,binary)
   +  intl            1.0.1  (new)
   +  printer_toolkit 0.2.0  (new)
   +  sciada          0.4.0  (new)
   +  spdx            0.2.0  (new)
   +  utilada         2.8.1  (new)
   +  utilada_xml     2.8.1  (new)
   +  xmlada          24.0.0 (new,indirect)
[alr test] Spawning default test for remote crate: alr -d -n build --release -- -cargs:Ada -gnatwn
Note: Running post-fetch actions for spdx_tool=0.4.1...
Note: Building spdx_tool=0.4.1/spdx_tool.gpr...
Setup
   [mkdir]        object directory for project Ada_TOML
   [mkdir]        library directory for project Ada_TOML
   [mkdir]        object directory for project Ansiada
   [mkdir]        library directory for project Ansiada
   [mkdir]        object directory for project Intl
   [mkdir]        library directory for project Intl
   [mkdir]        object directory for project Printer_Toolkit
   [mkdir]        library directory for project Printer_Toolkit
   [mkdir]        object directory for project SciAda
   [mkdir]        library directory for project SciAda
   [mkdir]        object directory for project Spdx
   [mkdir]        library directory for project Spdx
   [mkdir]        object directory for project Spdx_Tool
   [mkdir]        exec directory for project Spdx_Tool
Compile
   [Ada]          spdx_tool-main.adb
   [Ada]          spdx.adb
   [Ada]          spdx-licenses.adb
   [Ada]          spdx-exceptions.adb
   [Ada]          sci.ads
   [Ada]          sci-vectorizers.ads
   [Ada]          sci-vectorizers-transformers.adb
   [Ada]          sci-vectorizers-indefinite_counters.adb
   [Ada]          sci-vectorizers-counters.adb
   [Ada]          sci-statistics.ads
   [Ada]          sci-statistics-descriptive.adb
   [Ada]          sci-sparse.ads
   [Ada]          sci-sparse-coo_arrays.adb
   [Ada]          sci-similarities.adb
   [Ada]          sci-similarities-indefinite_ordered_sets.adb
   [Ada]          sci-similarities-indefinite_hashed_sets.adb
   [Ada]          sci-similarities-coo_arrays.adb
   [Ada]          sci-occurrences.ads
   [Ada]          sci-occurrences-finites.adb
   [Ada]          sci-occurrences-arrays.adb
   [Ada]          sci-numbers.ads
   [Ada]          sci-correlations.ads
   [Ada]          sci-correlations-pearson.adb
   [C]            terminal.c
   [Ada]          pt.adb
   [Ada]          pt-texts.adb
   [Ada]          pt-drivers.ads
   [Ada]          pt-drivers-texts.adb
   [Ada]          pt-drivers-texts-gnat_io.adb
   [Ada]          pt-colors.adb
   [Ada]          pt-charts.adb
   [Ada]          pt-charts-barcharts.adb
   [Ada]          intl__none.adb
   [Ada]          ansiada_config.ads
   [Ada]          ansiada.ads
   [Ada]          toml.adb
   [Ada]          toml-generic_parse.adb
   [Ada]          toml-generic_dump.adb
   [Ada]          toml-file_io.adb
   [Ada]          spdx_tool.adb
   [Ada]          spdx_tool-configs.adb
   [Ada]          spdx_tool-configs-defaults.ads
   [Ada]          spdx_tool-infos.adb
   [Ada]          spdx_tool-licenses.adb
   [Ada]          spdx_tool-licenses-manager.adb
   [Ada]          spdx_tool-licenses-repository.adb
   [Ada]          spdx_tool-licenses-templates.ads
   [Ada]          spdx_tool-magic_manager.adb
   [Ada]          spdx_tool-reports.adb
   [Ada]          spdx_tool-configs-default.ads
   [Ada]          util-algorithms-arrays.adb
util-algorithms-arrays.ads:16:04: (style) missing "overriding" indicator in declaration of "&" [-gnatyO]
   [Ada]          spdx_tool-counter_arrays.ads
   [Ada]          spdx_tool-files.ads
   [Ada]          spdx_tool-languages.adb
   [Ada]          spdx_tool-files-manager.adb
   [Ada]          spdx_tool-languages-manager.adb
   [Ada]          spdx_tool-token_counters.ads
   [Ada]          util-strings-split.adb
   [Ada]          spdx_tool-languages-commentsmap.adb
   [Ada]          spdx_tool-languages-rules.adb
   [Ada]          spdx_tool-languages-rules-disambiguations.ads
   [Ada]          spdx_tool-languages-rules-generated.ads
   [Ada]          spdx_tool-languages-extensions.adb
   [Ada]          spdx_tool-languages-filenames.adb
   [Ada]          spdx_tool-languages-generated.adb
   [Ada]          spdx_tool-languages-mimes.adb
   [Ada]          spdx_tool-languages-modelines.adb
   [Ada]          spdx_tool-languages-shell.adb
   [Ada]          spdx_tool-licenses-files.adb
   [Ada]          spdx_tool-licenses-reader.adb
   [Ada]          spdx_tool-arrays.adb
   [Ada]          spdx_tool-languages-filenamemap.adb
   [Ada]          spdx_tool-languages-extensionmap.adb
   [Ada]          spdx_tool-languages-aliasmap.adb
   [Ada]          spdx_tool-languages-interpretermap.adb
Build Libraries
   [gprlib]       ada_toml.lexch
   [gprlib]       Ansiada.lexch
   [gprlib]       Intl.lexch
   [gprlib]       printer_toolkit.lexch
   [archive]      libAnsiada.a
   [index]        libAnsiada.a
   [archive]      libada_toml.a
   [archive]      libIntl.a
   [index]        libada_toml.a
   [index]        libIntl.a
   [gprlib]       sciada.lexch
   [gprlib]       Spdx.lexch
   [archive]      libprinter_toolkit.a
   [archive]      libsciada.a
   [index]        libprinter_toolkit.a
   [archive]      libSpdx.a
   [index]        libsciada.a
   [index]        libSpdx.a
Bind
   [gprbind]      spdx_tool-main.bexch
   [Ada]          spdx_tool-main.ali
Link
   [link]         spdx_tool-main.adb
Success: Build finished successfully in 23.42 seconds.
Found declared GPR file: spdx_tool.gpr
[alr test] Test completed SUCCESSFULLY
