Test ran at 2025-09-13 12:44:30.915469+00:00

SOLUTION:
ptf=1.2.1: Portable Text Formatter
Origin: source archive ptf-427b94692b.tar.gz at https://chiselapp.com/user/dbane/repository/ptf/tarball/427b94692b/ptf-427b94692b.tar.gz with hashes sha256:f651329f2af346a3fdbdaf2d2ac4a8faf9eb63c6169db4d1a091a9891f5cdbe3, sha512:dea7421dc68d67621285e640c3fc21e3a7cfe283c5195c64e8ddc9d174ffee951dd573ba7df7f71be33594564fc2f2cf19fcc39c30906f4798eca6baa60311bc
Properties:
   Author: Richard Conn
   Description: Portable Text Formatter
   License: custom-CC-PDM-1.0
   Maintainer: Darren Bane <darren.bane.ac@posteo.net>
   Maintainers_Logins: poldy
   Name: ptf
   Tag: documentation
   Tag: tools
   Version: 1.2.1
   Website: https://chiselapp.com/user/dbane/repository/ptf


LOG:
[alr test] Testing ptf=1.2.1
[alr test] Spawning retrieval for remote crate: alr -d -n get ptf=1.2.1
Note: Deploying ptf=1.2.1...

#=#=#                                                                          
##O#-#                                                                         
##O=#  #                                                                       
#=#=-#  #                                                                      
###############################                                           43.8%
######################################################################## 100.0%

ptf=1.2.1 successfully retrieved.
There are no dependencies.
[alr test] Spawning default test for remote crate: alr -d -n build --release -- -cargs:Ada -gnatwn
Note: Building ptf=1.2.1/ptf.gpr...
Setup
   [mkdir]        object directory for project Ptf
   [mkdir]        exec directory for project Ptf
Compile
   [Ada]          ptf.adb
   [Ada]          ptfidx.adb
ptf.adb:38:04: warning: variable "File_Name" is never read and never assigned
ptf.adb:40:04: warning: variable "File_Name_Last" is never read and never assigned
   [Ada]          command_line_processor.adb
   [Ada]          command_symbols.ads
   [Ada]          console.adb
command_symbols.ads:97:11: warning: unrecognized pragma "Format_Off"
command_symbols.ads:221:11: warning: unrecognized pragma "Format_On"
   [Ada]          error_log.adb
   [Ada]          index.adb
   [Ada]          output_file.adb
   [Ada]          variable.adb
   [Ada]          word_processor.adb
   [Ada]          input_file.adb
input_file.adb:81:07: warning: "return" statement missing following this statement
input_file.adb:81:07: warning: Program_Error may be raised at run time
   [Ada]          command.adb
   [Ada]          formatted_output_file.adb
   [Ada]          macro.adb
   [Ada]          parse.adb
command.adb:692:33: warning: index for "Line_Tail" may assume lower bound of 1
command.adb:692:33: warning: suggested replacement: "Line_Tail'First"
command.adb:693:36: warning: index for "Line_Tail" may assume lower bound of 1
command.adb:693:36: warning: suggested replacement: "Line_Tail'First + 1"
command.adb:717:30: warning: index for "Line_Tail" may assume lower bound of 1
command.adb:717:30: warning: suggested replacement: "Line_Tail'First"
command.adb:718:33: warning: index for "Line_Tail" may assume lower bound of 1
command.adb:718:33: warning: suggested replacement: "Line_Tail'First + 1"
command.adb:765:30: warning: index for "Line_Tail" may assume lower bound of 1
command.adb:765:30: warning: suggested replacement: "Line_Tail'First"
command.adb:1217:32: warning: index for "Line_Tail" may assume lower bound of 1
command.adb:1217:32: warning: suggested replacement: "Line_Tail'First"
command.adb:1303:33: warning: index for "Line_Tail" may assume lower bound of 1
command.adb:1303:33: warning: suggested replacement: "Line_Tail'First"
command.adb:1304:36: warning: index for "Line_Tail" may assume lower bound of 1
command.adb:1304:36: warning: suggested replacement: "Line_Tail'First + 1"
command.adb:1325:32: warning: index for "Line_Tail" may assume lower bound of 1
command.adb:1325:32: warning: suggested replacement: "Line_Tail'First"
   [Ada]          contents.adb
   [Ada]          environment.adb
formatted_output_file.adb:33:11: warning: unrecognized pragma "Format_Off"
formatted_output_file.adb:60:11: warning: unrecognized pragma "Format_On"
formatted_output_file.ads:31:11: warning: unrecognized pragma "Format_Off"
formatted_output_file.ads:99:11: warning: unrecognized pragma "Format_On"
Bind
   [gprbind]      ptf.bexch
   [gprbind]      ptfidx.bexch
   [Ada]          ptfidx.ali
   [Ada]          ptf.ali
Link
   [link]         ptf.adb
   [link]         ptfidx.adb
Success: Build finished successfully in 3.91 seconds.
Found declared GPR file: ptf.gpr
[alr test] Test completed SUCCESSFULLY
