Test ran at 2026-04-05 01:10:20.111294+00:00

SOLUTION:
iso=2.0.0: ISO Standard references for Ada such as 1366 & 4217 (Country & Currency)
Origin: commit abd8a59c80ac32f42afc2e912a4b2c5d5654e253 from https://github.com/ada-iso/ada_iso.git
Properties:
   Author: AJ Ianozi
   Description: ISO Standard references for Ada such as 1366 & 4217 (Country & Currency)
   License: MIT
   Maintainer: AJ Ianozi <aj@ianozi.com>
   Maintainers_Logins: AJ-Ianozi
   Name: iso
   Tag: countries
   Tag: currencies
   Tag: iso-1366
   Tag: iso-4217
   Version: 2.0.0
   Website: https://github.com/ada-iso/ada_iso/


LOG:
[alr test] Testing iso=2.0.0
[alr test] Spawning retrieval for remote crate: alr -d -n get iso=2.0.0
Note: Deploying iso=2.0.0...

iso=2.0.0 successfully retrieved.
There are no dependencies.
[alr test] Spawning default test for remote crate: alr -d -n build --release -- -cargs:Ada -gnatwn
Note: Building iso=2.0.0/iso.gpr...
Setup
   [mkdir]        object directory for project ISO
   [mkdir]        library directory for project ISO
Compile
   [Ada]          iso_config.ads
   [Ada]          iso-countries.adb
   [Ada]          iso.ads
   [Ada]          iso-currencies.adb
iso-currencies.adb:244:34: error: literal out of range of type Standard.Character

   compilation of iso-currencies.adb failed

gprbuild: *** compilation phase failed
stderr: Command ["gprbuild", "-s", "-j0", "-p", "-P", "/Users/runner/work/alire-crates-ci/alire-crates-ci/test/6fe60f74-dda7-44ca-9963-c4358fb9e6e0/iso_2.0.0_abd8a59c/iso.gpr", "-cargs:Ada", "-gnatwn"] exited with code 4
ERROR: Command ["gprbuild", "-s", "-j0", "-p", "-P", "/Users/runner/work/alire-crates-ci/alire-crates-ci/test/6fe60f74-dda7-44ca-9963-c4358fb9e6e0/iso_2.0.0_abd8a59c/iso.gpr", "-cargs:Ada", "-gnatwn"] exited with code 4
stderr: ALIRE.CHECKED_ERROR
stderr: Command ["gprbuild", "-s", "-j0", "-p", "-P", "/Users/runner/work/alire-crates-ci/alire-crates-ci/test/6fe60f74-dda7-44ca-9963-c4358fb9e6e0/iso_2.0.0_abd8a59c/iso.gpr", "-cargs:Ada", "-gnatwn"] exited with code 4
stderr: raised ALIRE.CHECKED_ERROR : alire-stored-error:1
Load address: 0x100ac8000
Call stack traceback locations:
0x1017d40cc 0x1017d412c 0x10152866c 0x10116d568 0x1013f2594 0x1013f34f4 0x10133133c 0x10132fb08 0x10135378c 0x1013b356c 0x1013b299c 0x101353868 0x101353950 0x10133000c 0x101330174 0x100b39730 0x100b39070 0x100b391e4 0x100bd6b38 0x100be1c78 0x100aca9f8 0x100acfa2c

stderr: ALIRE.ROOTS.BUILD._WRAPPED_STATEMENTS.BUILD_FAILED
stderr: alire-roots.adb:202
stderr: raised ALIRE.ROOTS.BUILD._WRAPPED_STATEMENTS.BUILD_FAILED : alire-roots.adb:202
Load address: 0x100ac8000
Call stack traceback locations:
0x1017d40cc 0x1017d412c 0x101331640 0x10132fb08 0x10135378c 0x1013b356c 0x1013b299c 0x101353868 0x101353950 0x10133000c 0x101330174 0x100b39730 0x100b39070 0x100b391e4 0x100bd6b38 0x100be1c78 0x100aca9f8 0x100acfa2c

ERROR: Compilation failed.
