Test ran at 2025-08-21 01:19:29.671807+00:00

SOLUTION:
sparkfun_qwiic_motor_driver=0.1.0: Interface to the SparkFun Qwiic motor driver.
Origin: commit a8e00b6da3625bee2a8033cc6fb8f305ff45cf06 from https://github.com/KLOC-Karsten/sparkfun-qwiic-motor-driver.git
Properties:
   Author: Karsten Lueth
   Description: Interface to the SparkFun Qwiic motor driver.
   License: BSD-3-Clause
   Maintainer: Karsten Lueth <kl@kloc-consulting.de>
   Maintainers_Logins: KLOC-Karsten
   Name: sparkfun_qwiic_motor_driver
   Tag: hal
   Tag: motor-driver
   Tag: sparkfun
   Tag: i2c
   Version: 0.1.0
   Website: https://github.com/KLOC-Karsten/sparkfun-qwiic-motor-driver
Dependencies (direct):
   hal^1.0.0
Dependencies (solution):
   hal=1.0.0
Dependencies (graph):
   sparkfun_qwiic_motor_driver=0.1.0 --> hal=1.0.0 (^1.0.0)


LOG:
[alr test] Testing sparkfun_qwiic_motor_driver=0.1.0
[alr test] Spawning retrieval for remote crate: alr -d -n get sparkfun_qwiic_motor_driver=0.1.0
Note: Deploying sparkfun_qwiic_motor_driver=0.1.0...
Note: Deploying hal=1.0.0...

sparkfun_qwiic_motor_driver=0.1.0 successfully retrieved.
Dependencies were solved as follows:

   + hal 1.0.0 (new)
[alr test] Spawning default test for remote crate: alr -d -n build --release -- -cargs:Ada -gnatwn
Note: Building sparkfun_qwiic_motor_driver=0.1.0/sparkfun_qwiic_motor_driver.gpr...
/root/.local/share/alire/toolchains/gprbuild_25.0.1_9a2e6cfb/bin/gprbuild: /lib64/libc.so.6: version `GLIBC_2.35' not found (required by /root/.local/share/alire/toolchains/gprbuild_25.0.1_9a2e6cfb/bin/gprbuild)
stderr: Command ["gprbuild", "-s", "-j0", "-p", "-P", "/home/runner/work/alire-crates-ci/alire-crates-ci/test/27f9f299-3f1a-413d-b3a9-3780ea1c3260/sparkfun_qwiic_motor_driver_0.1.0_a8e00b6d/sparkfun_qwiic_motor_driver.gpr", "-cargs:Ada", "-gnatwn"] exited with code 1
ERROR: Command ["gprbuild", "-s", "-j0", "-p", "-P", "/home/runner/work/alire-crates-ci/alire-crates-ci/test/27f9f299-3f1a-413d-b3a9-3780ea1c3260/sparkfun_qwiic_motor_driver_0.1.0_a8e00b6d/sparkfun_qwiic_motor_driver.gpr", "-cargs:Ada", "-gnatwn"] exited with code 1
stderr: ALIRE.CHECKED_ERROR
stderr: Command ["gprbuild", "-s", "-j0", "-p", "-P", "/home/runner/work/alire-crates-ci/alire-crates-ci/test/27f9f299-3f1a-413d-b3a9-3780ea1c3260/sparkfun_qwiic_motor_driver_0.1.0_a8e00b6d/sparkfun_qwiic_motor_driver.gpr", "-cargs:Ada", "-gnatwn"] exited with code 1
stderr: raised ALIRE.CHECKED_ERROR : alire-stored-error:1
[/usr/bin/alr]
0xe75bc6 Alire.Raise_Checked_Error at alire.adb:284
0xac1a54 Alire.Os_Lib.Subprocess.Checked_Spawn at alire-os_lib-subprocess.adb:111
0xd40276 Alire.Spawn.Command at alire-spawn.adb:22
0xd412ee Alire.Spawn.Gprbuild at alire-spawn.adb:68
0xc748cb Alire.Roots.Build at alire-roots.adb:189
0xc7301a Alire.Roots.Build at alire-roots.adb:255
0xc9832b Alire.Roots.Traverse at alire-roots.adb:2143
0xcfee85 Alire.Solutions.Traverse.Visit at alire-solutions.adb:1472
0xcfdfcc Alire.Solutions.Traverse at alire-solutions.adb:1555
0xc9841e Alire.Roots.Traverse at alire-roots.adb:2147
0xc984dd Alire.Roots.Traverse at alire-roots.adb:2127
0xc7359b Alire.Roots.Build at alire-roots.adb:286
0xc736d7 Alire.Roots.Build at alire-roots.adb:114
0x49aa0d Alr.Commands.Build.Execute at alr-commands-build.adb:145
0x49a36d Alr.Commands.Build.Execute at alr-commands-build.adb:113
0x49a51f Alr.Commands.Build.Execute at alr-commands-build.adb:54
0x53bbcc Alr.Commands.Sub_Cmd.Execute at clic-subcommand-instance.adb:749
0x5472be Alr.Commands.Execute at alr-commands.adb:632
0x43d48a Alr.Main at alr-main.adb:13
0x4403a3 Main at b__alr-main.adb:2445
[/lib64/libc.so.6]
0x7fcfcf56c5ce
0x7fcfcf56c67e
[/usr/bin/alr]
0x43d323 _start at ???
0xfffffffffffffffe

stderr: ALIRE.ROOTS.BUILD._WRAPPED_STATEMENTS.BUILD_FAILED
stderr: alire-roots.adb:202
stderr: raised ALIRE.ROOTS.BUILD._WRAPPED_STATEMENTS.BUILD_FAILED : alire-roots.adb:202
[/usr/bin/alr]
0xc74cc7 Alire.Roots.Build at alire-roots.adb:202
0xc7301a Alire.Roots.Build at alire-roots.adb:255
0xc9832b Alire.Roots.Traverse at alire-roots.adb:2143
0xcfee85 Alire.Solutions.Traverse.Visit at alire-solutions.adb:1472
0xcfdfcc Alire.Solutions.Traverse at alire-solutions.adb:1555
0xc9841e Alire.Roots.Traverse at alire-roots.adb:2147
0xc984dd Alire.Roots.Traverse at alire-roots.adb:2127
0xc7359b Alire.Roots.Build at alire-roots.adb:286
0xc736d7 Alire.Roots.Build at alire-roots.adb:114
0x49aa0d Alr.Commands.Build.Execute at alr-commands-build.adb:145
0x49a36d Alr.Commands.Build.Execute at alr-commands-build.adb:113
0x49a51f Alr.Commands.Build.Execute at alr-commands-build.adb:54
0x53bbcc Alr.Commands.Sub_Cmd.Execute at clic-subcommand-instance.adb:749
0x5472be Alr.Commands.Execute at alr-commands.adb:632
0x43d48a Alr.Main at alr-main.adb:13
0x4403a3 Main at b__alr-main.adb:2445
[/lib64/libc.so.6]
0x7fcfcf56c5ce
0x7fcfcf56c67e
[/usr/bin/alr]
0x43d323 _start at ???
0xfffffffffffffffe

ERROR: Compilation failed.
