Test ran at 2025-09-17 01:00:33.028752+00:00

SOLUTION:
lal_highlight=21.0.0: Simple code highlighters based on Libadalang
Origin: source archive highlight-21.0.0.tar.gz at https://github.com/AdaCore/libadalang/releases/download/v21.0.0/highlight-21.0.0.tar.gz with hash sha512:357f237b90559b05bab454b6dafda2949d663b87db2704f2c23cc3e3d3400a8a60609382a7f5489419b19b2a38195e25cfa030e7cf4a7887df1566222014ef98
Properties:
   Author: AdaCore
   Description: Simple code highlighters based on Libadalang
   Executable: highlight
   Executable: ada2web
   License: GPL-3.0-only WITH GCC-exception-3.1
   Maintainer: Pierre-Marie de Rodat <pmderodat@kawie.fr>
   Maintainers_Logins: pmderodat
   Name: lal_highlight
   Project_File: highlight.gpr
   Tag: libadalang
   Tag: static-analysis
   Version: 21.0.0
   Website: https://github.com/AdaCore/libadalang
Dependencies (direct):
   gnatcoll_iconv^21
   libadalang^21
Dependencies (solution):
   gnat=13.2.2 (gnat_native)
   gnatcoll=21.0.0
   gnatcoll_gmp=21.0.0
   gnatcoll_iconv=21.0.0
   langkit_support=21.0.0
   libadalang=21.0.0
   libgmp=6.3.0
   libgpr=21.0.0
   xmlada=21.0.0
Dependencies (graph):
   gnatcoll=21.0.0        --> libgpr=21.0.0 (~21.0.0)
   gnatcoll_gmp=21.0.0    --> gnatcoll=21.0.0 (~21.0.0)
   gnatcoll_gmp=21.0.0    --> libgmp=6.3.0 (*)
   gnatcoll_iconv=21.0.0  --> gnatcoll=21.0.0 (~21.0.0)
   lal_highlight=21.0.0   --> gnatcoll_iconv=21.0.0 (^21)
   lal_highlight=21.0.0   --> libadalang=21.0.0 (^21)
   langkit_support=21.0.0 --> gnatcoll=21.0.0 (^21)
   langkit_support=21.0.0 --> gnatcoll_iconv=21.0.0 (^21)
   libadalang=21.0.0      --> gnatcoll=21.0.0 (^21)
   libadalang=21.0.0      --> gnatcoll_gmp=21.0.0 (^21)
   libadalang=21.0.0      --> gnatcoll_iconv=21.0.0 (^21)
   libadalang=21.0.0      --> langkit_support=21.0.0 (^21)
   libgpr=21.0.0          --> gnat=13.2.2 (gnat_native) (/=2021)
   libgpr=21.0.0          --> xmlada=21.0.0 (~21.0.0)


LOG:
[alr test] Testing lal_highlight=21.0.0
[alr test] Spawning retrieval for remote crate: alr -d -n get lal_highlight=21.0.0
Note: Deploying lal_highlight=21.0.0...
#=#=#                                                                          
##O#-#                                                                         

######################################################################## 100.0%
Note: Deploying gnatcoll_gmp=21.0.0...
#=#=#                                                                          
##O#-#                                                                         
##O=#  #                                                                       
#=#=-#  #                                                                      
 #=#=-#   #                                                                    
Note: Deploying gnatcoll_iconv=21.0.0...
#=#=#                                                                          
##O#-#                                                                         
##O=#  #                                                                       
#=#=-#  #                                                                      
 #=#=-#   #                                                                    
Note: Deploying langkit_support=21.0.0...
#=#=#                                                                          
##O#-#                                                                         

######################################################                    75.4%
######################################################################## 100.0%
Note: Deploying libadalang=21.0.0...
#=#=#                                                                          
##O#-#                                                                         

                                                                           0.2%
######################################################################## 100.0%

lal_highlight=21.0.0 successfully retrieved.
Dependencies were solved as follows:

   +b gnat            13.2.2 (new,gnat_native,indirect,binary)
   +  gnatcoll        21.0.0 (new,indirect)
   +  gnatcoll_gmp    21.0.0 (new,indirect)
   +  gnatcoll_iconv  21.0.0 (new)
   +  langkit_support 21.0.0 (new,indirect)
   +  libadalang      21.0.0 (new)
   +b libgmp          6.3.0  (new,indirect,system package)
   +  libgpr          21.0.0 (new,indirect)
   +  xmlada          21.0.0 (new,indirect)
[alr test] Spawning default test for remote crate: alr -d -n build --release -- -cargs:Ada -gnatwn
Note: Building lal_highlight=21.0.0/highlight.gpr...
Setup
   [mkdir]        object directory for project GnatColl_Iconv
   [mkdir]        library directory for project GnatColl_Iconv
   [mkdir]        object directory for project GnatColl_GMP
   [mkdir]        library directory for project GnatColl_GMP
   [mkdir]        object directory for project Langkit_Support
   [mkdir]        library directory for project Langkit_Support
   [mkdir]        object directory for project Libadalang
   [mkdir]        library directory for project Libadalang
   [mkdir]        object directory for project Highlight
   [mkdir]        exec directory for project Highlight
Compile
   [Ada]          highlight.adb
   [Ada]          ada2web.adb
   [Ada]          langkit_support-adalog-main_support.adb
   [Ada]          langkit_support-symbols.adb
langkit_support-symbols.adb:24:09: warning: unit "Ada.Unchecked_Conversion" is not referenced [-gnatwu]
   [Ada]          langkit_support-text.adb
   [Ada]          langkit_support.ads
   [Ada]          langkit_support-images.adb
   [Ada]          langkit_support-hashes.adb
   [Ada]          langkit_support-iterators.adb
   [Ada]          langkit_support-tree_traversal_iterator.adb
   [Ada]          langkit_support-diagnostics.adb
   [Ada]          langkit_support-adalog-logic_ref.adb
   [Ada]          langkit_support-errors.ads
   [Ada]          langkit_support-boxes.adb
   [Ada]          langkit_support-adalog-unify_lr.adb
   [Ada]          langkit_support-adalog-predicates.adb
   [Ada]          langkit_support-adalog-pure_relations.adb
   [Ada]          langkit_support-adalog-relations.adb
   [Ada]          langkit_support-symbols-precomputed.adb
   [Ada]          langkit_support-adalog-logic_var.ads
   [Ada]          langkit_support-types.ads
   [Ada]          langkit_support-diagnostics-output.adb
   [Ada]          langkit_support-relative_get.adb
   [Ada]          langkit_support-slocs.adb
   [Ada]          langkit_support-vectors.adb
   [Ada]          langkit_support-adalog-operations.adb
   [Ada]          langkit_support-bump_ptr.adb
   [Ada]          langkit_support-adalog-eq_same.adb
   [Ada]          langkit_support-adalog-debug.adb
   [Ada]          langkit_support-lexical_env.adb
   [Ada]          langkit_support-packrat.adb
   [Ada]          langkit_support-cheap_sets.adb
   [Ada]          langkit_support-adalog.ads
   [Ada]          langkit_support-adalog-unify.adb
   [Ada]          langkit_support-bump_ptr-vectors.adb
   [Ada]          langkit_support-adalog-unify_one_side.adb
   [Ada]          langkit_support-array_utils.adb
   [Ada]          langkit_support-adalog-abstract_relation.adb
   [Ada]          langkit_support-token_data_handlers.adb
   [C]            gnatcoll-gmp-mpz_odd_p.c
   [C]            gnatcoll-gmp-mpz_even_p.c
   [C]            gnatcoll-gmp-mpz_sign.c
   [C]            gmp_support.c
   [Ada]          gnatcoll-gmp-integers.adb
   [Ada]          gnatcoll-gmp.ads
   [Ada]          gnatcoll-gmp-integers-misc.adb
   [Ada]          gnatcoll-gmp-random_state.adb
   [Ada]          gnatcoll-gmp-integers-root_extraction.adb
   [Ada]          gnatcoll-gmp-integers-number_theoretic.adb
   [Ada]          gnatcoll-gmp-integers-io.adb
   [Ada]          gnatcoll-gmp-lib.ads
   [Ada]          gnatcoll-gmp-integers-random.adb
   [C]            libadalang-gdb.c
   [Ada]          libadalang-c.adb
   [Ada]          libadalang-lexer.adb
   [Ada]          libadalang-implementation.adb
   [Ada]          libadalang-unit_files.adb
   [Ada]          libadalang-lexer_implementation.adb
   [Ada]          libadalang.ads
   [Ada]          libadalang-env_hooks.adb
   [Ada]          libadalang-iterators.adb
   [Ada]          libadalang-rewriting.adb
   [Ada]          libadalang-internal_default_provider.adb
   [Ada]          libadalang-introspection.adb
   [Ada]          libadalang-unparsing_implementation.adb
   [Ada]          libadalang-helpers.adb
   [Ada]          libadalang-auto_provider.adb
   [Ada]          libadalang-expr_eval.adb
   [Ada]          libadalang-parsers.adb
   [Ada]          libadalang-unparsing.adb
   [Ada]          libadalang-implementation-c-extensions.adb
   [Ada]          libadalang-analysis.adb
   [Ada]          libadalang-public_converters.adb
   [Ada]          libadalang-implementation-c.adb
   [Ada]          libadalang-implementation-extensions.adb
   [Ada]          libadalang-lexer_state_machine.adb
   [Ada]          libadalang-iterators-extensions.adb
   [Ada]          libadalang-introspection_implementation.adb
   [Ada]          libadalang-private_converters.ads
   [Ada]          libadalang-project_provider.adb
   [Ada]          libadalang-common.adb
   [Ada]          libadalang-sources.adb
   [Ada]          libadalang-gpr_lock.ads
   [Ada]          libadalang-debug.adb
   [Ada]          libadalang-rewriting_implementation.adb
   [Ada]          libadalang-doc_utils.adb
   [Ada]          gpr-util.adb
gpr-util.adb:1162:25: warning: aspect Unreferenced specified for "Position" [enabled by default]
gpr-util.adb:1163:25: warning: aspect Unreferenced specified for "Inserted" [enabled by default]
gpr-util.adb:3341:26: warning: aspect Unreferenced specified for "Success" [enabled by default]
gpr-util.adb:3377:36: warning: aspect Unreferenced specified for "Success" [enabled by default]
gpr-util.adb:3399:36: warning: aspect Unreferenced specified for "Success" [enabled by default]
gpr-util.adb:3403:36: warning: aspect Unreferenced specified for "Success" [enabled by default]
gpr.adb:1757:13: error: ambiguous expression (cannot resolve "To_Lower")
gpr.adb:1757:13: error: possible interpretation at a-chahan.ads:275
gpr.adb:1757:13: error: possible interpretation at s-casuti.ads:99
gpr.adb:1757:32: error: ambiguous expression (cannot resolve "To_Lower")
gpr.adb:1757:32: error: possible interpretation at a-chahan.ads:275
gpr.adb:1757:32: error: possible interpretation at s-casuti.ads:99

   compilation of gpr-util.adb failed

gprbuild: *** compilation phase failed
stderr: Command ["gprbuild", "-s", "-j0", "-p", "-P", "/Users/runner/work/alire-crates-ci/alire-crates-ci/test/72dbb123-bfed-4e4f-ac79-a3a3e189b4f5/lal_highlight_21.0.0_357f237b/highlight.gpr", "-cargs:Ada", "-gnatwn"] exited with code 4
ERROR: Command ["gprbuild", "-s", "-j0", "-p", "-P", "/Users/runner/work/alire-crates-ci/alire-crates-ci/test/72dbb123-bfed-4e4f-ac79-a3a3e189b4f5/lal_highlight_21.0.0_357f237b/highlight.gpr", "-cargs:Ada", "-gnatwn"] exited with code 4
stderr: ALIRE.CHECKED_ERROR
stderr: Command ["gprbuild", "-s", "-j0", "-p", "-P", "/Users/runner/work/alire-crates-ci/alire-crates-ci/test/72dbb123-bfed-4e4f-ac79-a3a3e189b4f5/lal_highlight_21.0.0_357f237b/highlight.gpr", "-cargs:Ada", "-gnatwn"] exited with code 4
stderr: raised ALIRE.CHECKED_ERROR : alire-stored-error:1
Load address: 0x102a2c000
Call stack traceback locations:
0x1037380cc 0x10373812c 0x10348c66c 0x1030d1568 0x103356594 0x1033574f4 0x10329533c 0x103293b08 0x1032b778c 0x10331756c 0x10331699c 0x1032b7868 0x1032b7950 0x10329400c 0x103294174 0x102a9d730 0x102a9d070 0x102a9d1e4 0x102b3ab38 0x102b45c78 0x102a2e9f8 0x102a33a2c

stderr: ALIRE.ROOTS.BUILD._WRAPPED_STATEMENTS.BUILD_FAILED
stderr: alire-roots.adb:202
stderr: raised ALIRE.ROOTS.BUILD._WRAPPED_STATEMENTS.BUILD_FAILED : alire-roots.adb:202
Load address: 0x102a2c000
Call stack traceback locations:
0x1037380cc 0x10373812c 0x103295640 0x103293b08 0x1032b778c 0x10331756c 0x10331699c 0x1032b7868 0x1032b7950 0x10329400c 0x103294174 0x102a9d730 0x102a9d070 0x102a9d1e4 0x102b3ab38 0x102b45c78 0x102a2e9f8 0x102a33a2c

ERROR: Compilation failed.
