Test ran at 2025-10-04 00:51:57.166046+00:00

SOLUTION:
texts=0.1.0: A no-frills library to deal with Unicode texts in Ada 2012
Origin: commit db89994b470bd5070ac8458f6610bd48264340f9 from https://github.com/mosteo/texts.git
Properties:
   Author: Alejandro R. Mosteo
   Build Switches: 
   Description: A no-frills library to deal with Unicode texts in Ada 2012
   License: MIT OR Apache-2.0 WITH LLVM-exception
   Maintainer: Alejandro R. Mosteo <amosteo@unizar.es>
   Maintainers_Logins: mosteo
   Name: texts
   Tag: text
   Tag: unicode
   Tag: utf
   Tag: encoding
   Version: 0.1.0
   Website: 
Dependencies (direct):
   aaa~0.3
   umwi~0.1
Dependencies (solution):
   aaa=0.3.0
   umwi=0.1.0
Dependencies (graph):
   texts=0.1.0 --> aaa=0.3.0 (~0.3)
   texts=0.1.0 --> umwi=0.1.0 (~0.1)


LOG:
[alr test] Testing texts=0.1.0
[alr test] Spawning retrieval for remote crate: alr -d -n get texts=0.1.0
Note: Deploying texts=0.1.0...
Note: Deploying aaa=0.3.0...
Note: Deploying umwi=0.1.0...

texts=0.1.0 successfully retrieved.
Dependencies were solved as follows:

   + aaa  0.3.0 (new)
   + umwi 0.1.0 (new)
[alr test] Spawning default test for remote crate: alr -d -n build --release -- -cargs:Ada -gnatwn
Note: Building texts=0.1.0/texts.gpr...
Setup
   [mkdir]        object directory for project Aaa
   [mkdir]        library directory for project Aaa
   [mkdir]        object directory for project Umwi
   [mkdir]        library directory for project Umwi
   [mkdir]        object directory for project Texts
   [mkdir]        library directory for project Texts
Compile
   [Ada]          umwi_config.ads
   [Ada]          umwi-generated.ads
   [Ada]          umwi.adb
   [Ada]          umwi-properties.ads
   [Ada]          aaa_config.ads
   [Ada]          aaa-filesystem.adb
   [Ada]          aaa-traits.ads
   [Ada]          aaa-traits-types.ads
   [Ada]          aaa.ads
   [Ada]          aaa-containers-indefinite_holders.adb
   [Ada]          aaa-enum_tools.adb
   [Ada]          aaa-containers-suite.ads
   [Ada]          aaa-containers.ads
   [Ada]          aaa-traits-containers.ads
   [Ada]          aaa-caches-files.adb
   [Ada]          aaa-debug.adb
   [Ada]          aaa-processes.adb
   [Ada]          aaa-strings.adb
   [Ada]          aaa-directories.ads
   [Ada]          aaa-caches.ads
   [Ada]          texts_config.ads
   [Ada]          texts-containers.ads
   [Ada]          texts-unicode.ads
   [Ada]          texts.adb
Build Libraries
   [gprlib]       aaa.lexch
   [gprlib]       Umwi.lexch
   [gprlib]       Texts.lexch
   [archive]      libUmwi.a
   [archive]      libaaa.a
   [index]        libUmwi.a
   [index]        libaaa.a
   [archive]      libTexts.a
   [index]        libTexts.a
Success: Build finished successfully in 14.30 seconds.
Found declared GPR file: texts.gpr
[alr test] Test completed SUCCESSFULLY
