Test ran at 2026-09-09 13:06:38.000734+00:00

SOLUTION:
win32ada=26.0.0: Ada API to the Windows library
Origin: source archive v26.0.0.zip at https://github.com/AdaCore/win32ada/archive/refs/tags/v26.0.0.zip with hash sha512:d9764d5f049c88f85026e2f492208fa6e97fbad9ae4a36c7a723584bd7b53d91b8a5e8c6cd5c4d0931a49a11d8e060d678d0ebfce4b41e5b00e5cc180e5a9382
Available when: (case OS is Windows => True, others => False)
Properties:
   Author: Intermetrics
   Author: AdaCore
   Configuration: no modifiers
   Description: Ada API to the Windows library
   GPR Scenario: PRJ_BUILD := Debug | Release
   GPR Scenario: PRJ_TARGET := Win32 | Win64
   GPR External: PRJ_BUILD := Release
   GPR External: PRJ_TARGET := Win64
   GPR External: TARGET := Win64
   Long_Description: Due to a subpar integration of Win32Ada in Alire, any project using Win32Ada
specs must also have the Win32Ada pre-processing switches. 

Do this edit your GPR project file to:
1. With the "shared" project from Win32Ada: `with "shared.gpr";`
2. Add the following switches for Ada: `(Shared.Prep, "-gnateG");`

Here's what it looks like in an example project:
```ada
with "config/test_win32_config.gpr";

with "shared.gpr";

project Test_Win32 is

   for Source_Dirs use ("src/", "config/");
   for Object_Dir use "obj/" & Test_Win32_Config.Build_Profile;
   for Create_Missing_Dirs use "True";
   for Exec_Dir use "bin";
   for Main use ("test_win32.adb");

   package Compiler is
      for Default_Switches ("Ada") use
        Test_Win32_Config.Ada_Compiler_Switches &
        (Shared.Prep, "-gnateG"); -- See this line here
   end Compiler;

   package Binder is
      for Switches ("Ada") use ("-Es");
   end Binder;

   package Install is
      for Artifacts (".") use ("share");
   end Install;

end Test_Win32;
```


   Maintainer: chouteau@adacore.com
   Maintainers_Logins: Fabien-Chouteau
   Name: win32ada
   Tag: windows
   Tag: api
   Version: 26.0.0
   Website: https://github.com/adacore/win32ada


LOG:
[alr test] Testing win32ada=26.0.0
[alr test] Spawning retrieval for remote crate: alr -d -n get win32ada=26.0.0
Note: Deploying win32ada=26.0.0...

#=#=#                                                                          
##O#-#                                                                         
##=O#- #                                                                       

win32ada=26.0.0 successfully retrieved.
There are no dependencies.
[alr test] Spawning default test for remote crate: alr -d -n build --release -- -cargs:Ada -gnatwn
Note: Building win32ada=26.0.0/win32ada.gpr...
".build\Win64\release\static\obj" created
".build\Win64\release\static\lib" created
[Ada Compile]     extensible.adb
[Ada Compile]     stdarg-impl.adb
[Ada Compile]     stdarg-inst.adb
[Ada Compile]     stdarg.adb
[Ada Compile]     win32-accctrl.ads
[Ada Compile]     win32-aclapi.ads
[Ada Compile]     win32-atalkwsh.ads
[Ada Compile]     win32-basetyps.ads
[Ada Compile]     win32-cderr.ads
[Ada Compile]     win32-cguid.ads
[Ada Compile]     win32-colordlg.ads
[Ada Compile]     win32-commctrl.ads
[Ada Compile]     win32-commdlg.ads
[Ada Compile]     win32-cpl.ads
[Ada Compile]     win32-crt-assert.adb
[Ada Compile]     win32-crt-conio.adb
[Ada Compile]     win32-crt-ctype.ads
[Ada Compile]     win32-crt-direct.ads
[Ada Compile]     win32-crt-errno.ads
[Ada Compile]     win32-crt-excpt.ads
[Ada Compile]     win32-crt-fcntl.ads
[Ada Compile]     win32-crt-floatpkg.ads
[Ada Compile]     win32-crt-fpieee.ads
[Ada Compile]     win32-crt-io.ads
[Ada Compile]     win32-crt-largeint-ops.adb
[Ada Compile]     win32-crt-largeint.adb
[Ada Compile]     win32-crt-limits.ads
[Ada Compile]     win32-crt-locale.ads
[Ada Compile]     win32-crt-locking.ads
[Ada Compile]     win32-crt-malloc.ads
[Ada Compile]     win32-crt-math.adb
[Ada Compile]     win32-crt-mbstring.adb
[Ada Compile]     win32-crt-memory.ads
[Ada Compile]     win32-crt-perthread.adb
[Ada Compile]     win32-crt-process.adb
[Ada Compile]     win32-crt-search.adb
[Ada Compile]     win32-crt-share.ads
[Ada Compile]     win32-crt-signal.ads
[Ada Compile]     win32-crt-stat.ads
[Ada Compile]     win32-crt-stddef.ads
[Ada Compile]     win32-crt-stdio.adb
[Ada Compile]     win32-crt-stdlib.adb
[Ada Compile]     win32-crt-strings.ads
[Ada Compile]     win32-crt-tchar.adb
[Ada Compile]     win32-crt-time.ads
[Ada Compile]     win32-crt-timeb.ads
[Ada Compile]     win32-crt-types.ads
[Ada Compile]     win32-crt-utime.ads
[Ada Compile]     win32-crt-wcharpkg.adb
[Ada Compile]     win32-crt.ads
[Ada Compile]     win32-custcntl.ads
[Ada Compile]     win32-dde.ads
[Ada Compile]     win32-ddeml.ads
[Ada Compile]     win32-digitalv.ads
[Ada Compile]     win32-dlcapi.adb
[Ada Compile]     win32-dlgs.ads
[Ada Compile]     win32-gl.ads
[Ada Compile]     win32-glaux.adb
[Ada Compile]     win32-glu.adb
[Ada Compile]     win32-iphlpapi.ads
[Ada Compile]     win32-lm.ads
[Ada Compile]     win32-lmaccess.ads
[Ada Compile]     win32-lmalert.ads
[Ada Compile]     win32-lmapibuf.ads
[Ada Compile]     win32-lmat.ads
[Ada Compile]     win32-lmaudit.ads
[Ada Compile]     win32-lmbrowsr.ads
[Ada Compile]     win32-lmchdev.ads
[Ada Compile]     win32-lmconfig.ads
[Ada Compile]     win32-lmcons.ads
[Ada Compile]     win32-lmerr.ads
[Ada Compile]     win32-lmerrlog.ads
[Ada Compile]     win32-lmmsg.ads
[Ada Compile]     win32-lmremutl.adb
[Ada Compile]     win32-lmrepl.ads
[Ada Compile]     win32-lmserver.ads
[Ada Compile]     win32-lmshare.ads
[Ada Compile]     win32-lmsname.ads
[Ada Compile]     win32-lmstats.ads
[Ada Compile]     win32-lmsvc.ads
[Ada Compile]     win32-lmuse.ads
[Ada Compile]     win32-lmuseflg.ads
[Ada Compile]     win32-lmwksta.ads
[Ada Compile]     win32-lzexpand.ads
[Ada Compile]     win32-mapi.ads
[Ada Compile]     win32-mciavi.ads
[Ada Compile]     win32-mgmtapi.ads
[Ada Compile]     win32-midles.ads
[Ada Compile]     win32-mmreg.ads
[Ada Compile]     win32-mmsystem-constants.ads
[Ada Compile]     win32-mmsystem.adb
[Ada Compile]     win32-msacm.ads
[Ada Compile]     win32-msacmdlg.ads
[Ada Compile]     win32-msviddrv.ads
[Ada Compile]     win32-nb30.ads
[Ada Compile]     win32-nddeapi.ads
[Ada Compile]     win32-nddesec.ads
[Ada Compile]     win32-nspapi.ads
[Ada Compile]     win32-ntsdexts.ads
[Ada Compile]     win32-objbase.adb
[Ada Compile]     win32-objerror.ads
[Ada Compile]     win32-odbcinst.ads
[Ada Compile]     win32-odbcver.ads
[Ada Compile]     win32-ole.ads
[Ada Compile]     win32-ole2.adb
[Ada Compile]     win32-ole2ver.ads
[Ada Compile]     win32-oleauto.adb
[Ada Compile]     win32-ras.ads
[Ada Compile]     win32-raserror.ads
[Ada Compile]     win32-rpc.ads
[Ada Compile]     win32-rpcdce.ads
[Ada Compile]     win32-rpcdcep.ads
[Ada Compile]     win32-rpcndr.adb
[Ada Compile]     win32-rpcnsi.ads
[Ada Compile]     win32-rpcnsip.ads
[Ada Compile]     win32-rpcnterr.ads
[Ada Compile]     win32-rpcproxy.ads
[Ada Compile]     win32-scrnsave.ads
[Ada Compile]     win32-sddl.ads
[Ada Compile]     win32-shellapi.ads
[Ada Compile]     win32-snmp.ads
[Ada Compile]     win32-sql.ads
[Ada Compile]     win32-sqlext.adb
[Ada Compile]     win32-svcguid.ads
[Ada Compile]     win32-utils.adb
[Ada Compile]     win32-vdmdbg.ads
[Ada Compile]     win32-vfw-constants.ads
[Ada Compile]     win32-vfw.adb
[Ada Compile]     win32-wfext.ads
[Ada Compile]     win32-winbase.adb
[Ada Compile]     win32-wincon.adb
[Ada Compile]     win32-wincrypt.ads
[Ada Compile]     win32-windef.adb
[Ada Compile]     win32-windowsx.adb
[Ada Compile]     win32-winerror.adb
[Ada Compile]     win32-wingdi.adb
[Ada Compile]     win32-winioctl.adb
[Ada Compile]     win32-winmain.adb
[Ada Compile]     win32-winnetwk.ads
[Ada Compile]     win32-winnls.ads
[Ada Compile]     win32-winnt.adb
[Ada Compile]     win32-winperf.ads
[Ada Compile]     win32-winreg.ads
[Ada Compile]     win32-winsock-rio.ads
[Ada Compile]     win32-winsock.adb
[Ada Compile]     win32-winspool.ads
[Ada Compile]     win32-winsvc.ads
[Ada Compile]     win32-winternl.ads
[Ada Compile]     win32-winuser.adb
[Ada Compile]     win32-winver.ads
[Ada Compile]     win32-wownt16.ads
[Ada Compile]     win32-wownt32.ads
[Ada Compile]     win32-wshisotp.adb
[Ada Compile]     win32-wsipx.ads
[Ada Compile]     win32-wsnetbs.adb
[Ada Compile]     win32-wsnwlink.ads
[Ada Compile]     win32-wtypes.ads
[Ada Compile]     win32.adb
[C Compile]       var.c
[Archive]         libwin32ada.a
Success: Build finished successfully in 15.19 seconds.
Found declared GPR file: win32ada.gpr
[alr test] Test completed SUCCESSFULLY
