Test ran at 2026-05-09 12:40:18.211217+00:00

SOLUTION:
utilada_unit=2.8.2: Utility Library testing framework with Ahven
Origin: commit 30b22a5998340109f8322292e74b33b29d3494fe from https://gitlab.com/stcarrez/ada-util.git
Properties:
   Author: Stephane.Carrez@gmail.com
   Configuration: no modifiers
   Description: Utility Library testing framework with Ahven
   GPR Scenario: UTIL_UNIT := ahven-unix | ahven-windows | aunit
   case OS is
      when Freebsd => GPR External: UTIL_UNIT := ahven-unix
      when Linux => GPR External: UTIL_UNIT := ahven-unix
      when Macos => GPR External: UTIL_UNIT := ahven-unix
      when Openbsd => GPR External: UTIL_UNIT := ahven-unix
      when Windows => GPR External: UTIL_UNIT := ahven-windows
   License: Apache-2.0
   Long_Description: 
[![Build Status](https://img.shields.io/jenkins/s/https/jenkins.vacs.fr/Ada-Util.svg)](https://jenkins.vacs.fr/job/Ada-Util/)
[![Test Status](https://img.shields.io/jenkins/t/https/jenkins.vacs.fr/Ada-Util.svg)](https://jenkins.vacs.fr/job/Ada-Util/)
[![codecov](https://codecov.io/gh/stcarrez/ada-util/branch/master/graph/badge.svg)](https://codecov.io/gh/stcarrez/ada-util)

This library provides a testing framework on top of Ahven.
It provides various testing helper operations to help in
writing unit tests.


   Maintainer: Stephane.Carrez@gmail.com
   Maintainers_Logins: stcarrez
   Name: utilada_unit
   Project_File: utilada_unit.gpr
   Tag: testing
   Version: 2.8.2
   Website: https://gitlab.com/stcarrez/ada-util
Dependencies (direct):
   utilada^2.8.2
Dependencies (solution):
   utilada=2.8.2
Dependencies (graph):
   utilada_unit=2.8.2 --> utilada=2.8.2 (^2.8.2)


LOG:
Failed to locate log
