Test ran at 2026-09-30 01:34:14.272230+00:00

SOLUTION:
conic_fit=0.1.0: Least squares fitting of quadratic curves and surfaces
Origin: commit fdbecb47e68e17279a4ace4c36ed029f46c664c3 from https://github.com/reznikmm/conic_fit.git
Properties:
   Author: Max Reznik
   Build Switches: 
   Configuration: no modifiers
   Description: Least squares fitting of quadratic curves and surfaces
   License: MIT OR Apache-2.0 WITH LLVM-exception
   Maintainer: Max Reznik <reznikmm@gmail.com>
   Maintainers_Logins: reznikmm
   Name: conic_fit
   Project_File: gnat/conic_fit.gpr
   Tag: ellipse
   Tag: fitting
   Tag: projection
   Version: 0.1.0
   Website: https://github.com/reznikmm/conic_fit


LOG:
[alr test] Testing conic_fit=0.1.0
[alr test] Spawning retrieval for remote crate: alr -d -n get conic_fit=0.1.0
Note: Deploying conic_fit=0.1.0...

conic_fit=0.1.0 successfully retrieved.
There are no dependencies.
[alr test] Spawning default test for remote crate: alr -d -n build --release -- -cargs:Ada -gnatwn
Note: Building conic_fit=0.1.0/gnat/conic_fit.gpr...
"..\.obj\release" created
"..\.lib" created
[Ada Compile]     conic_fit-ellipse.ads
[Ada Compile]     conic_fit-ellipsoid.ads
[Ada Compile]     conic_fit-float_vectors.ads
[Ada Compile]     conic_fit-generic_ellipse.adb
[Ada Compile]     conic_fit-generic_ellipsoid.adb
[Ada Compile]     conic_fit-generic_sphere.adb
[Ada Compile]     conic_fit-generic_vectors.ads
[Ada Compile]     conic_fit-linear_least_squares.adb
[Ada Compile]     conic_fit-sphere.ads
[Ada Compile]     conic_fit.ads
[Archive]         libConic_Fit.a
Success: Build finished successfully in 2.05 seconds.
Found declared GPR file: gnat/conic_fit.gpr
[alr test] Test completed SUCCESSFULLY
