Test ran at 2025-10-19 12:59:17.085974+00:00

SOLUTION:
portable_minimal_ada_rts=1.0.0: Portable Minimal Ada Runtime Library
Origin: commit 77d16d76fec0ce8c791644fb88044317124679f9 from https://github.com/jgrivera67/portable_minimal_ada_rts.git
Properties:
   Author: J. German Rivera
   Description: Portable Minimal Ada Runtime Library
   License: GPL-3.0-or-later WITH GCC-exception-3.1
   Maintainer: J. German Rivera <jgrivera67@gmail.com>
   Maintainers_Logins: jgrivera67
   Name: portable_minimal_ada_rts
   Tag: rts
   Version: 1.0.0
   Website: https://github.com/jgrivera67/portable_minimal_ada_rts


LOG:
[alr test] Testing portable_minimal_ada_rts=1.0.0
[alr test] Spawning retrieval for remote crate: alr -d -n get portable_minimal_ada_rts=1.0.0
Note: Deploying portable_minimal_ada_rts=1.0.0...

portable_minimal_ada_rts=1.0.0 successfully retrieved.
There are no dependencies.
[alr test] Spawning default test for remote crate: alr -d -n build --release -- -cargs:Ada -gnatwn
Note: Alire has selected automatically this toolchain:
   gprbuild=25.0.1
   gnat_native=15.2.1
You can select a different toolchain at any time with `alr toolchain --select`
Download will start now:
Note: Deploying gprbuild=25.0.1...

#=#=#                                                                          
########################                                                  33.6%
##########################################################                81.4%
######################################################################## 100.0%
Note: gprbuild=25.0.1 installed successfully.
Note: Deploying gnat_native=15.2.1...

#=#=#                                                                          
######                                                                     9.1%
##############                                                            20.5%
#######################                                                   32.8%
################################                                          44.8%
########################################                                  56.4%
################################################                          66.8%
######################################################                    76.0%
###############################################################           88.1%
###################################################################       94.3%
######################################################################    98.3%
######################################################################## 100.0%
Note: gnat_native=15.2.1 installed successfully.
Note: Building portable_minimal_ada_rts=1.0.0/portable_minimal_ada_rts.gpr...
Setup
   [mkdir]        object directory for project Portable_Minimal_Ada_Rts
   [mkdir]        library directory for project Portable_Minimal_Ada_Rts
Compile
   [Ada]          portable_minimal_ada_rts_config.ads
   [Ada]          s-fatgen.adb
   [Ada]          s-unstyp.ads
   [Ada]          i-c.ads
   [Ada]          s-atacco.adb
   [Ada]          ada.ads
s-fatgen.adb:902:14: (style) redundant parentheses [-gnatyz]
s-fatgen.adb:903:11: (style) redundant parentheses [-gnatyz]
   [Ada]          a-assert.adb
   [Ada]          s-maccod.ads
   [Ada]          gnat.ads
   [Ada]          a-except.adb
   [Ada]          s-fatflt.ads
   [Ada]          s-fatllf.ads
   [Ada]          a-uncdea.ads
   [Ada]          portable_minimal_ada_rts.ads
   [Ada]          s-stoele.adb
   [Ada]          system.ads
   [Ada]          s-assert.adb
   [Ada]          interfac.ads
   [Ada]          a-unccon.ads
   [Ada]          s-fatlfl.ads
   [Ada]          g-souinf.ads
Build Libraries
   [gprlib]       gnat.lexch
   [archive]      libgnat.a
   [index]        libgnat.a
Success: Build finished successfully in 0.43 seconds.
Found declared GPR file: portable_minimal_ada_rts.gpr
[alr test] Test completed SUCCESSFULLY
