Test ran at 2026-07-25 13:05:12.598252+00:00

SOLUTION:
webdriver=1.0.0: Web Browser control API
Origin: source archive 1.0.0.tar.gz at https://github.com/reznikmm/webdriver/archive/1.0.0.tar.gz with hash sha512:dabe468275ff4ba0497ab1efab0882398d14533ef972a2a7a334e169c89348b5d28b162317600b5b9f6762d87cfb98d12e2dea879a843d800d770934f4110d49
Properties:
   Author: Maxim Reznik
   Description: Web Browser control API
   License: MIT
   Maintainer: Maxim Reznik <reznikmm@gmail.com>
   Maintainers_Logins: reznikmm
   Name: webdriver
   Project_File: gnat/webdriver.gpr
   Tag: web
   Tag: control
   Tag: selenium
   Tag: chrome
   Version: 1.0.0
   Website: https://github.com/reznikmm/webdriver
Dependencies (direct):
   aws*
   matreshka_league*
Dependencies (solution):
   aws=25.2.0
   gnat=15.1.2 (gnat_native)
   gnatcoll=25.0.0
   libgpr=25.0.0
   make=4.4.1
   matreshka_league=21.0.0
   openssl=3.5.1
   xmlada=25.0.0
Dependencies (graph):
   aws=25.2.0              --> gnat=15.1.2 (gnat_native) (>=12)
   aws=25.2.0              --> gnatcoll=25.0.0 (~25.0.0)
   aws=25.2.0              --> make=4.4.1 (*)
   aws=25.2.0              --> openssl=3.5.1 (>=1.1.0)
   aws=25.2.0              --> xmlada=25.0.0 (~25.0.0)
   gnatcoll=25.0.0         --> gnat=15.1.2 (gnat_native) (>=13)
   gnatcoll=25.0.0         --> libgpr=25.0.0 (~25.0.0)
   libgpr=25.0.0           --> gnat=15.1.2 (gnat_native) (/=2020)
   libgpr=25.0.0           --> xmlada=25.0.0 (~25.0.0)
   matreshka_league=21.0.0 --> make=4.4.1 (*)
   webdriver=1.0.0         --> aws=25.2.0 (*)
   webdriver=1.0.0         --> matreshka_league=21.0.0 (*)
   xmlada=25.0.0           --> gnat=15.1.2 (gnat_native) (>=11)


LOG:
[alr test] Testing webdriver=1.0.0
[alr test] Spawning retrieval for remote crate: alr -d -n get webdriver=1.0.0
Note: Deploying webdriver=1.0.0...

#=#=#                                                                          
##O#-#                                                                         
Note: Deploying make=4.4.1...
The system package 'make' is about to be installed.
This action might require admin privileges and impact your system installation.
Do you want Alire to install this system package?
Using default: Yes
resolving dependencies...
looking for conflicting packages...

Packages (1) make-4.4.1-2

Total Download Size:   0.50 MiB
Total Installed Size:  1.61 MiB

:: Proceed with installation? [Y/n] 
:: Retrieving packages...
 make-4.4.1-2-x86_64 downloading...
checking keyring...
checking package integrity...
loading package files...
checking for file conflicts...
checking available disk space...
:: Processing package changes...
installing make...
:: Running post-transaction hooks...
(1/1) Updating the info directory file...
Note: Deploying openssl=3.5.1...
The system package 'mingw-w64-x86_64-openssl' is about to be installed.
This action might require admin privileges and impact your system installation.
Do you want Alire to install this system package?
Using default: Yes
resolving dependencies...
looking for conflicting packages...

Packages (1) mingw-w64-x86_64-openssl-3.5.1-1

Total Download Size:    7.86 MiB
Total Installed Size:  58.49 MiB

:: Proceed with installation? [Y/n] 
:: Retrieving packages...
 mingw-w64-x86_64-openssl-3.5.1-1-any downloading...
checking keyring...
checking package integrity...
loading package files...
checking for file conflicts...
checking available disk space...
:: Processing package changes...
installing mingw-w64-x86_64-openssl...
Optional dependencies for mingw-w64-x86_64-openssl
    mingw-w64-x86_64-ca-certificates
Note: Deploying matreshka_league=21.0.0...

#=#=#                                                                          
#                                                                          1.4%
################################################                          67.3%
######################################################################## 100.0%
Note: Deploying aws=25.2.0...

#=#=#                                                                          
#                                                                          1.4%
######################################################################## 100.0%

webdriver=1.0.0 successfully retrieved.
Dependencies were solved as follows:

   +  aws              25.2.0 (new)
   +b gnat             15.1.2 (new,gnat_native,indirect,binary)
   +  gnatcoll         25.0.0 (new,indirect)
   +  libgpr           25.0.0 (new,indirect)
   +b make             4.4.1  (new,indirect,system package)
   +  matreshka_league 21.0.0 (new)
   +b openssl          3.5.1  (new,indirect,system package)
   +  xmlada           25.0.0 (new,indirect)
[alr test] Spawning default test for remote crate: alr -d -n build --release -- -cargs:Ada -gnatwn
stderr: ADA.IO_EXCEPTIONS.USE_ERROR
stderr: copy of "C:\Users\runneradmin\AppData\Local\alire\cache\releases\matreshka_league_21.0.0_0c8f4d47\source\amf\uml\amf-internals-factories-primitive_types_factories-convert_unlimited_natural_to_string.a
stderr: raised ADA.IO_EXCEPTIONS.USE_ERROR : copy of "C:\Users\runneradmin\AppData\Local\alire\cache\releases\matreshka_league_21.0.0_0c8f4d47\source\amf\uml\amf-internals-factories-primitive_types_factories-convert_unlimited_natural_to_string.a
[D:\a\alire-crates-ci\alire-crates-ci\alire_install\bin\alr.exe]
0x7ff6fa7768ff Semantic_Versioning.Basic.Restrictions.First_Index at a-direct.adb:368
0x7ff6fa8e8296 Semantic_Versioning.Basic.Restrictions.First_Index at den-filesystem.adb:81
0x7ff6fa8e6d68 Semantic_Versioning.Basic.Restrictions.First_Index at den-filesystem.adb:215
0x7ff6fa8e8390 Semantic_Versioning.Basic.Restrictions.First_Index at den-filesystem.adb:86
0x7ff6fa8e6d68 Semantic_Versioning.Basic.Restrictions.First_Index at den-filesystem.adb:215
0x7ff6fa8e7f48 Semantic_Versioning.Basic.Restrictions.First_Index at den-filesystem.adb:140
0x7ff6fa8e6b4d Semantic_Versioning.Basic.Restrictions.First_Index at den-filesystem.adb:217
0x7ff6fa8e7f26 Semantic_Versioning.Basic.Restrictions.First_Index at den-filesystem.adb:137
0x7ff6fa8e6b4d Semantic_Versioning.Basic.Restrictions.First_Index at den-filesystem.adb:217
0x7ff6fa8e7f26 Semantic_Versioning.Basic.Restrictions.First_Index at den-filesystem.adb:137
0x7ff6fa8e6b4d Semantic_Versioning.Basic.Restrictions.First_Index at den-filesystem.adb:217
0x7ff6fa8e7f26 Semantic_Versioning.Basic.Restrictions.First_Index at den-filesystem.adb:137
0x7ff6fa8e6b4d Semantic_Versioning.Basic.Restrictions.First_Index at den-filesystem.adb:217
0x7ff6f9c45fd8 Semantic_Versioning.Basic.Restrictions.First_Index at alire-builds.adb:61
0x7ff6fa3dee46 Semantic_Versioning.Basic.Restrictions.First_Index at alire-roots.adb:907
0x7ff6fa3f912d Semantic_Versioning.Basic.Restrictions.First_Index at alire-roots.adb:2143
0x7ff6fa4682f9 Semantic_Versioning.Basic.Restrictions.First_Index at alire-solutions.adb:1472
0x7ff6fa4670ef Semantic_Versioning.Basic.Restrictions.First_Index at alire-solutions.adb:1539
0x7ff6fa3f922c Semantic_Versioning.Basic.Restrictions.First_Index at alire-roots.adb:2147
0x7ff6fa3f92fa Semantic_Versioning.Basic.Restrictions.First_Index at alire-roots.adb:2127
0x7ff6fa3de3d4 Semantic_Versioning.Basic.Restrictions.First_Index at alire-roots.adb:919
0x7ff6fa3d03e8 Semantic_Versioning.Basic.Restrictions.First_Index at alire-roots.adb:90
0x7ff6fa3d0588 Semantic_Versioning.Basic.Restrictions.First_Index at alire-roots.adb:59
0x7ff6fa3d173b Semantic_Versioning.Basic.Restrictions.First_Index at alire-roots.adb:278
0x7ff6fa3d1912 Semantic_Versioning.Basic.Restrictions.First_Index at alire-roots.adb:114
0x7ff6f9b43baa Semantic_Versioning.Basic.Restrictions.First_Index at alr-commands-build.adb:145
0x7ff6f9b4341e Semantic_Versioning.Basic.Restrictions.First_Index at alr-commands-build.adb:113
0x7ff6f9b435ba Semantic_Versioning.Basic.Restrictions.First_Index at alr-commands-build.adb:54
0x7ff6f9bf5dea Semantic_Versioning.Basic.Restrictions.First_Index at clic-subcommand-instance.adb:749
0x7ff6f9c02b0e Semantic_Versioning.Basic.Restrictions.First_Index at alr-commands.adb:632
0x7ff6f9ad16a0 Alr.Main at alr-main.adb:13
0x7ff6f9ad5270 Main at b__alr-main.adb:2454
0x7ff6f9ad133e __tmainCRTStartup at ???
0x7ff6f9ad1144 mainCRTStartup at ???
[C:\Windows\System32\KERNEL32.DLL]
0x7ffd60a2e8d5
[C:\Windows\SYSTEM32\ntdll.dll]
0x7ffd610ac53a

stderr: Could not sync build dir from C:\Users\runneradmin\AppData\Local\alire\cache\releases\matreshka_league_21.0.0_0c8f4d47 to C:\Users\runneradmin\AppData\Local\alire\cache\builds\matreshka_league_21.0.0_0c8f4d47\dfc777e74c992d568a6c0a80623d3b0632a0cb32fae683530cae8d52870380b6
ERROR: Could not sync build dir from C:\Users\runneradmin\AppData\Local\alire\cache\releases\matreshka_league_21.0.0_0c8f4d47 to C:\Users\runneradmin\AppData\Local\alire\cache\builds\matreshka_league_21.0.0_0c8f4d47\dfc777e74c992d568a6c0a80623d3b0632a0cb32fae683530cae8d52870380b6
