Test ran at 2025-07-18 00:43:49.392899+00:00

SOLUTION:
gnat_xtensa_esp32_elf=15.1.2: The GNAT Ada compiler - ESP32 cross-compiler
Provides: gnat=15.1.2
Origin: (case OS is Linux => (case Host_Arch is Aarch64 => binary archive gnat-xtensa-esp32-elf-linux64-aarch64-15.1.0-2.tar.gz at https://github.com/alire-project/GNAT-FSF-builds/releases/download/gnat-15.1.0-2/gnat-xtensa-esp32-elf-linux64-aarch64-15.1.0-2.tar.gz, X86_64 => binary archive gnat-xtensa-esp32-elf-linux64-x86_64-15.1.0-2.tar.gz at https://github.com/alire-project/GNAT-FSF-builds/releases/download/gnat-15.1.0-2/gnat-xtensa-esp32-elf-linux64-x86_64-15.1.0-2.tar.gz), Macos => (case Host_Arch is Aarch64 => binary archive gnat-xtensa-esp32-elf-darwin-aarch64-15.1.0-2.tar.gz at https://github.com/alire-project/GNAT-FSF-builds/releases/download/gnat-15.1.0-2/gnat-xtensa-esp32-elf-darwin-aarch64-15.1.0-2.tar.gz, X86_64 => binary archive gnat-xtensa-esp32-elf-darwin-x86_64-15.1.0-2.tar.gz at https://github.com/alire-project/GNAT-FSF-builds/releases/download/gnat-15.1.0-2/gnat-xtensa-esp32-elf-darwin-x86_64-15.1.0-2.tar.gz), Windows => (case Host_Arch is X86_64 => binary archive gnat-xtensa-esp32-elf-windows64-x86_64-15.1.0-2.tar.gz at https://github.com/alire-project/GNAT-FSF-builds/releases/download/gnat-15.1.0-2/gnat-xtensa-esp32-elf-windows64-x86_64-15.1.0-2.tar.gz)) with hash sha256:c5739f8abe8d57b9762e6b0290c6b74bf3ad43631d7aabaf4c1657aef8c671d4
Properties:
   Auto_Gpr_With: auto-gpr-with=false
   Configuration: no modifiers
   Description: The GNAT Ada compiler - ESP32 cross-compiler
   Environment: PATH=${CRATE_ROOT}/bin:${PATH}
   License: GPL-3.0-or-later AND GPL-3.0-or-later WITH GCC-exception-3.1
   Maintainer: chouteau@adacore.com
   Maintainer: sagaert@adacore.com
   Maintainers_Logins: Fabien-Chouteau
   Maintainers_Logins: AldanTanneo
   Name: gnat_xtensa_esp32_elf
   Version: 15.1.2
   Website: https://github.com/alire-project/GNAT-FSF-builds


LOG:
[alr test] Testing gnat_xtensa_esp32_elf=15.1.2
[alr test] Spawning retrieval for remote crate: alr -d -n get gnat_xtensa_esp32_elf=15.1.2
Note: Deploying gnat_xtensa_esp32_elf=15.1.2...
#=#=#                                                                          

                                                                           0.0%
#                                                                          2.1%
###                                                                        4.5%
#####                                                                      7.9%
#######                                                                   10.0%
#########                                                                 12.7%
##########                                                                15.0%
############                                                              16.7%
#############                                                             18.2%
##############                                                            20.6%
################                                                          22.6%
##################                                                        25.3%
###################                                                       27.2%
######################                                                    30.8%
#######################                                                   32.0%
#########################                                                 34.9%
##########################                                                36.3%
###########################                                               38.0%
###########################                                               38.1%
#############################                                             40.7%
###############################                                           43.8%
################################                                          45.3%
##################################                                        48.4%
###################################                                       49.8%
######################################                                    53.5%
#######################################                                   54.3%
#########################################                                 57.3%
##########################################                                58.8%
############################################                              61.9%
#############################################                             63.4%
###############################################                           66.5%
################################################                          67.9%
###################################################                       71.0%
####################################################                      72.4%
######################################################                    75.3%
#######################################################                   76.9%
#########################################################                 80.0%
##########################################################                81.5%
#############################################################             85.2%
#############################################################             86.0%
###############################################################           87.9%
###############################################################           87.9%
#################################################################         90.5%
###################################################################       94.3%
####################################################################      95.1%
######################################################################    97.4%
#######################################################################   99.6%
######################################################################## 100.0%

gnat_xtensa_esp32_elf=15.1.2 successfully retrieved.
There are no dependencies.
[alr test] Test completed SUCCESSFULLY
