Test ran at 2026-05-20 14:02:18.448370+00:00

SOLUTION:
light_nrf52833=15.4.0: light runtime for the NRF52833 SoC
Origin: source archive light-nrf52833-15.4.0.tar.gz at https://github.com/damaki/community-bb-runtimes/releases/download/v15.4.0/light-nrf52833-15.4.0.tar.gz with hashes sha256:d11530618b1d3ed28098582d1cd7bba3ffc821bece0ce319bbd2f91b2284c450, sha512:8ac33621552759feb8cacc1a04180dcbad95bd4ff2cad147abf8f14420ded029dd8b5271fd559bb0a13cde4258fb8f2c02ce358b6918d40511c4fbeb7e775502
Properties:
   Author: AdaCore
   Author: Daniel King
   Config type: Interrupt_Secondary_Stack_Size : Integer range 1 .. 9223372036854775807 default: '128'
   Config type: Interrupt_Stack_Size : Integer range 1 .. 9223372036854775807 default: '1024'
   Config type: LFCLK_Src : Enum (Xtal, RC, Synth) default: 'Xtal'
   Config type: Time_Base : Enum (RTC0, RTC1, RTC2) default: 'RTC2'
   Config type: Use_Reset_Pin : Boolean default: 'true'
   Config type: Use_SWO_Trace : Boolean default: 'true'
   Configuration: no modifiers
   Description: light runtime for the NRF52833 SoC
   License: GPL-3.0-or-later WITH GCC-exception-3.1
   Long_Description: ## Usage

First edit your `alire.toml` file and add the following elements:
 - Add `light_nrf52833` in the dependency list:
   ```toml
   [[depends-on]]
   light_nrf52833 = "*"
   ```

Then edit your project file to add the following elements:
 - "with" the run-time project file. With this, gprbuild will compile the run-time before your application
   ```ada
   with "$(runtime_proj_prefix)_build.gpr";
   ```
 - Specify the `Target` and `Runtime` attributes:
   ```ada
      for Target use $(runtime_proj_prefix)_build'Target;
      for Runtime ("Ada") use $(runtime_proj_prefix)_build'Runtime ("Ada");
   ```

   Maintainer: Daniel King <damaki.gh@gmail.com>
   Maintainers_Logins: damaki
   Name: light_nrf52833
   Project_File: runtime_build.gpr
   Tag: embedded
   Tag: runtime
   Version: 15.4.0
   Website: https://github.com/damaki/community-bb-runtimes
Dependencies (direct):
   gnat_arm_elf^15
Dependencies (solution):
   gnat_arm_elf=15.2.1
Dependencies (graph):
   light_nrf52833=15.4.0 --> gnat_arm_elf=15.2.1 (^15)


LOG:
[alr test] Testing light_nrf52833=15.4.0
[alr test] Spawning retrieval for remote crate: alr -d -n get light_nrf52833=15.4.0
Note: Deploying light_nrf52833=15.4.0...

#=#=#                                                                          
##O#-#                                                                         
#####                                                                      7.8%
######################################################################## 100.0%

light_nrf52833=15.4.0 successfully retrieved.
Dependencies were solved as follows:

   +b gnat_arm_elf 15.2.1 (new,binary)
[alr test] Spawning default test for remote crate: alr -d -n build --release -- -cargs:Ada -gnatwn
Note: Building light_nrf52833=15.4.0/runtime_build.gpr...
Setup
   [mkdir]        object directory for project Runtime_Build
   [mkdir]        library directory for project Runtime_Build
Compile
   [Asm_Cpp]      breakpoint_handler-cortexm.S
   [Asm_Cpp]      start-common.S
   [Asm_Cpp]      start-rom.S
   [Ada]          s-casi64.adb
   [Ada]          s-valuer.adb
   [Ada]          s-pack05.adb
   [Ada]          s-pack62.adb
   [Ada]          s-valuei.adb
   [Ada]          a-charac.ads
   [Ada]          s-fatgen.adb
   [Ada]          s-pack13.adb
   [Ada]          s-pack58.adb
   [Ada]          s-memmov.adb
   [Ada]          s-imgllu.ads
   [Ada]          s-vaispe.adb
   [Ada]          i-cstrin.adb
   [Ada]          s-bbbopa.ads
   [Ada]          s-caun64.adb
   [Ada]          s-pack18.adb
   [Ada]          s-vafi32.ads
   [Ada]          s-vallli.ads
   [Ada]          s-pack21.adb
   [Ada]          s-pack57.adb
   [Ada]          s-pack54.adb
   [Ada]          s-exponr.adb
   [Ada]          s-widuns.ads
   [Ada]          s-valflt.ads
   [Ada]          a-strbou.adb
   [Ada]          s-exnlfl.ads
   [Ada]          a-unccon.ads
   [Ada]          s-atocou.adb
   [Ada]          s-libm.adb
   [Ada]          s-pack19.adb
   [Ada]          s-boarop.ads
   [Ada]          s-pack41.adb
   [Ada]          s-powllf.ads
   [Ada]          s-pack53.adb
   [Ada]          s-imde32.ads
   [Ada]          i-cexten.ads
   [Ada]          a-except.adb
   [Ada]          a-textio.adb
   [Ada]          s-stache.adb
   [Ada]          s-pack50.adb
   [Ada]          s-pack55.adb
   [Ada]          s-imfi32.ads
   [Ada]          s-vs_llu.ads
   [Ada]          a-strmap.adb
   [Ada]          s-valuef.adb
   [Ada]          s-pack20.adb
   [Ada]          s-pack06.adb
   [Ada]          s-pack30.adb
   [Ada]          unchdeal.ads
   [Ada]          a-elchha.adb
   [Ada]          s-pack36.adb
   [Ada]          s-memcop.adb
   [Ada]          interfac.ads
   [Ada]          s-vaen32.ads
   [Ada]          s-imgllf.ads
   [Ada]          s-arit32.adb
   [Ada]          s-atopri.adb
   [Ada]          s-vallfl.ads
   [Ada]          s-caun32.adb
   [Ada]          a-nlelfu.ads
   [Ada]          s-carun8.adb
   [Ada]          s-valllf.ads
   [Ada]          s-imaged.adb
   [Ada]          s-expllu.ads
   [Ada]          a-strfix.adb
   [Ada]          s-valboo.adb
   [Ada]          s-imen16.ads
   [Ada]          s-pack17.adb
   [Ada]          a-nllefu.ads
   [Ada]          s-casi16.adb
   [Ada]          s-exnint.ads
   [Ada]          s-maccod.ads
   [Ada]          s-bbmcpa.ads
   [Ada]          s-expuns.ads
   [Ada]          a-ngelfu.adb
   [Ada]          s-pack39.adb
   [Ada]          s-lisisq.adb
   [Ada]          s-pack43.adb
   [Ada]          a-nuelfu.ads
   [Ada]          s-imagen.adb
   [Ada]          s-pack29.adb
   [Ada]          s-macres.adb
   [Ada]          s-valllu.ads
   [Ada]          s-pack52.adb
   [Ada]          s-imglli.ads
   [Ada]          s-pack26.adb
   [Ada]          s-fatflt.ads
   [Ada]          s-imgflt.ads
   [Ada]          g-souinf.ads
   [Ada]          s-pack11.adb
   [Ada]          s-vs_lli.ads
   [Ada]          s-pack34.adb
   [Ada]          s-expont.adb
   [Ada]          a-numeri.ads
   [Ada]          s-imguns.ads
   [Ada]          a-chlat1.ads
   [Ada]          s-pack44.adb
   [Ada]          s-pack12.adb
   [Ada]          s-valuti.adb
   [Ada]          s-fatlfl.ads
   [Ada]          s-imenu8.ads
   [Ada]          s-exponu.adb
   [Ada]          s-parame.ads
   [Ada]          s-pack25.adb
   [Ada]          s-assert.adb
   [Ada]          a-nbnbig.adb
   [Ada]          s-pack45.adb
   [Ada]          s-atacco.adb
   [Ada]          s-imagew.adb
   [Ada]          s-carsi8.adb
   [Ada]          s-memset.adb
   [Ada]          a-strsea.adb
   [Ada]          machcode.ads
   [Ada]          s-valueu.adb
   [Ada]          s-pack03.adb
   [Ada]          s-vafi64.ads
   [Ada]          s-casuti.adb
   [Ada]          s-stoele.adb
   [Ada]          s-pack28.adb
   [Ada]          a-nselfu.ads
   [Ada]          s-aridou.adb
   [Ada]          s-pack35.adb
   [Ada]          s-spcuop.adb
   [Ada]          s-pack23.adb
   [Ada]          a-assert.adb
   [Ada]          s-arit64.adb
   [Ada]          a-stmaco.ads
   [Ada]          s-vs_int.ads
   [Ada]          i-c.adb
   [Ada]          s-imgint.ads
   [Ada]          s-imgllw.ads
   [Ada]          s-imglfl.ads
   [Ada]          s-explli.ads
   [Ada]          s-bb.ads
   [Ada]          s-flocon.adb
   [Ada]          s-exponn.adb
   [Ada]          s-unstyp.ads
   [Ada]          s-vade64.ads
   [Ada]          s-vs_uns.ads
   [Ada]          s-imagef.adb
   [Ada]          s-vector.ads
   [Ada]          g-io.adb
   [Ada]          s-semiho.adb
   [Ada]          s-widthu.adb
   [Ada]          s-pack47.adb
   [Ada]          s-valrea.adb
   [Ada]          s-pack63.adb
   [Ada]          s-pack37.adb
   [Ada]          a-uncdea.ads
   [Ada]          s-exnflt.ads
   [Ada]          s-imde64.ads
   [Ada]          s-pack59.adb
   [Ada]          s-exnlli.ads
   [Ada]          s-caun16.adb
   [Ada]          g-debuti.adb
   [Ada]          s-widlli.ads
   [Ada]          a-numaux.ads
   [Ada]          s-pack10.adb
   [Ada]          s-memcom.adb
   [Ada]          ada.ads
   [Ada]          s-valint.ads
   [Ada]          s-imfi64.ads
   [Ada]          a-chahan.adb
   [Ada]          s-powlfl.ads
   [Ada]          s-vauspe.adb
   [Ada]          s-dourea.adb
   [Ada]          s-pack22.adb
   [Ada]          s-pack15.adb
   [Ada]          s-expmod.adb
   [Ada]          s-pack31.adb
   [Ada]          s-pack46.adb
   [Ada]          s-libdou.adb
   [Ada]          s-textio.adb
   [Ada]          s-geveop.adb
   [Ada]          s-veboop.adb
   [Ada]          s-secsta.adb
   [Ada]          s-pack42.adb
   [Ada]          s-widllu.ads
   [Ada]          s-addope.adb
   [Ada]          s-pack14.adb
   [Ada]          s-memtyp.ads
   [Ada]          a-nubinu.ads
   [Ada]          s-powflt.ads
   [Ada]          a-strsup.adb
   [Ada]          s-valspe.adb
   [Ada]          s-imageu.adb
   [Ada]          s-valued.adb
   [Ada]          s-libsin.adb
   [Ada]          s-vaenu8.ads
   [Ada]          s-vaen16.ads
   [Ada]          s-lidosq.adb
   [Ada]          system.ads
   [Ada]          s-retsta.ads
   [Ada]          s-widthi.adb
   [Ada]          s-gcmain.adb
   [Ada]          s-bytswa.ads
   [Ada]          s-pack27.adb
   [Ada]          s-pack33.adb
   [Ada]          a-tags.adb
   [Ada]          s-valuen.adb
   [Ada]          s-imgboo.adb
   [Ada]          s-exnllf.ads
   [Ada]          s-pack60.adb
   [Ada]          s-imagei.adb
   [Ada]          s-imgcha.adb
   [Ada]          s-pack51.adb
   [Ada]          unchconv.ads
   [Ada]          s-pack09.adb
   [Ada]          s-casi32.adb
   [Ada]          s-fatllf.ads
   [Ada]          s-bitops.adb
   [Ada]          s-libpre.ads
   [Ada]          s-imager.adb
   [Ada]          s-pack07.adb
   [Ada]          s-pack61.adb
   [Ada]          s-imguti.adb
   [Ada]          a-string.ads
   [Ada]          s-bbarat.adb
   [Ada]          s-memory.adb
   [Ada]          s-spark.ads
   [Ada]          s-pack49.adb
   [Ada]          s-vade32.ads
   [Ada]          s-valuns.ads
   [Ada]          s-pack38.adb
   [Ada]          s-valcha.adb
   [Ada]          s-expint.ads
   [Ada]          s-widint.ads
   [Ada]          i-cpoint.adb
   [Ada]          s-imgwiu.ads
   [Ada]          s-imen32.ads
   [Ada]          text_io.ads
   [Ada]          s-sssita.adb
   [Ada]          setup_board.adb
   [Ada]          g-sestin.ads
   [Ada]          gnat.ads
   [Ada]          nrf52_runtime_config.ads
   [Ada]          light_nrf52833_config.ads
   [Ada]          i-nrf52.ads
   [Ada]          i-nrf52-approtect.ads
   [Ada]          i-nrf52-clock.ads
   [Ada]          i-nrf52-ficr.ads
   [Ada]          i-nrf52-gpio.ads
   [Ada]          i-nrf52-nvmc.ads
   [Ada]          i-nrf52-rtc.ads
   [Ada]          i-nrf52-temp.ads
   [Ada]          i-nrf52-uart.ads
   [Ada]          i-nrf52-uicr.ads
Build Libraries
   [gprlib]       gnat.lexch
   [archive]      libgnat.a
   [index]        libgnat.a
Success: Build finished successfully in 6.66 seconds.
Found declared GPR file: runtime_build.gpr
[alr test] Test completed SUCCESSFULLY
