Test ran at 2025-10-18 12:39:47.193016+00:00

SOLUTION:
emojis=1.0.1: A library to replace names between colons with emojis
Origin: commit 915d688c0b28bc0850047a373336a15dacd19bef from https://github.com/onox/emojis.git
Properties:
   Author: onox
   Build Switches: 
   Description: A library to replace names between colons with emojis
   License: Apache-2.0
   Maintainer: onox <denkpadje@gmail.com>
   Maintainers_Logins: onox
   Name: emojis
   Tag: emoji
   Tag: string
   Tag: text
   Tag: unicode
   Version: 1.0.1
   Website: https://github.com/onox/emojis


LOG:
[alr test] Testing emojis=1.0.1
[alr test] Spawning retrieval for remote crate: alr -d -n get emojis=1.0.1
Note: Deploying emojis=1.0.1...

emojis=1.0.1 successfully retrieved.
There are no dependencies.
[alr test] Spawning default test for remote crate: alr -d -n build --release -- -cargs:Ada -gnatwn
Note: Building emojis=1.0.1/emojis.gpr...
Setup
   [mkdir]        object directory for project Emojis
   [mkdir]        library directory for project Emojis
Compile
   [Ada]          strings.adb
   [Ada]          emojis.adb
Build Libraries
   [gprlib]       emojis.lexch
   [archive]      libemojis.a
   [index]        libemojis.a
Success: Build finished successfully in 7.46 seconds.
Found declared GPR file: emojis.gpr
[alr test] Test completed SUCCESSFULLY
