Test ran at 2026-09-29 01:07:33.076423+00:00

SOLUTION:
glyph=1.0.0: Portable graphics framework for embedded Ada systems
Origin: commit c09dd1a0b49563d43c39e41c693b4ea751e381f2 from https://github.com/thirstymelon/glyph.git
Properties:
   Author: Lokesh Panditi <lokesh.panditi.29@gmail.com>
   Description: Portable graphics framework for embedded Ada systems
   License: Apache-2.0
   Maintainer: Lokesh Panditi <lokesh.panditi.29@gmail.com>
   Maintainers_Logins: thirstymelon
   Name: glyph
   Tag: graphics
   Tag: embedded
   Tag: oled
   Tag: display
   Tag: 2d
   Tag: rp2040
   Version: 1.0.0
   Website: https://github.com/thirstymelon/glyph
Dependencies (direct):
   hal^1.0.0
Dependencies (solution):
   hal=1.0.0
Dependencies (graph):
   glyph=1.0.0 --> hal=1.0.0 (^1.0.0)


LOG:
[alr test] Testing glyph=1.0.0
[alr test] Spawning retrieval for remote crate: alr -d -n get glyph=1.0.0
Note: Deploying glyph=1.0.0...
Note: Deploying hal=1.0.0...

glyph=1.0.0 successfully retrieved.
Dependencies were solved as follows:

   + hal 1.0.0 (new)
[alr test] Spawning default test for remote crate: alr -d -n build --release -- -cargs:Ada -gnatwn
Note: Building glyph=1.0.0/glyph.gpr...
Setup
   [mkdir]        object directory for project HAL
   [mkdir]        library directory for project HAL
   [mkdir]        object directory for project Glyph
Compile
   [Ada]          hal-gpio.ads
   [Ada]          hal-filesystem.ads
   [Ada]          hal-real_time_clock.ads
   [Ada]          hal-dsi.ads
   [Ada]          hal-sdmmc.adb
   [Ada]          hal-time.ads
   [Ada]          hal-spi.ads
   [Ada]          hal-i2c.ads
   [Ada]          hal-touch_panel.ads
   [Ada]          hal-block_drivers.ads
   [Ada]          hal-flash.ads
   [Ada]          hal-uart.ads
   [Ada]          hal-audio.ads
   [Ada]          hal.ads
   [Ada]          hal-bitmap.ads
   [Ada]          hal-framebuffer.ads
   [Ada]          glyph-algorithms-rectangle.adb
gnat1: invalid switch: -gnat2022

   compilation of glyph-algorithms-rectangle.adb failed

gprbuild: *** compilation phase failed
stderr: Command ["gprbuild", "-s", "-j0", "-p", "-P", "/home/runner/work/alire-crates-ci/alire-crates-ci/test/41e5de15-fc29-4b5c-afc2-5f67c4a41958/glyph_1.0.0_c09dd1a0/glyph.gpr", "-cargs:Ada", "-gnatwn"] exited with code 4
ERROR: Command ["gprbuild", "-s", "-j0", "-p", "-P", "/home/runner/work/alire-crates-ci/alire-crates-ci/test/41e5de15-fc29-4b5c-afc2-5f67c4a41958/glyph_1.0.0_c09dd1a0/glyph.gpr", "-cargs:Ada", "-gnatwn"] exited with code 4
stderr: ALIRE.CHECKED_ERROR
stderr: Command ["gprbuild", "-s", "-j0", "-p", "-P", "/home/runner/work/alire-crates-ci/alire-crates-ci/test/41e5de15-fc29-4b5c-afc2-5f67c4a41958/glyph_1.0.0_c09dd1a0/glyph.gpr", "-cargs:Ada", "-gnatwn"] exited with code 4
stderr: raised ALIRE.CHECKED_ERROR : alire-stored-error:1
[/home/runner/work/alire-crates-ci/alire-crates-ci/alire_install/bin/alr]
0xe75bc6 Alire.Raise_Checked_Error at alire.adb:284
0xac1a54 Alire.Os_Lib.Subprocess.Checked_Spawn at alire-os_lib-subprocess.adb:111
0xd40276 Alire.Spawn.Command at alire-spawn.adb:22
0xd412ee Alire.Spawn.Gprbuild at alire-spawn.adb:68
0xc748cb Alire.Roots.Build at alire-roots.adb:189
0xc7301a Alire.Roots.Build at alire-roots.adb:255
0xc9832b Alire.Roots.Traverse at alire-roots.adb:2143
0xcfee85 Alire.Solutions.Traverse.Visit at alire-solutions.adb:1472
0xcfdfcc Alire.Solutions.Traverse at alire-solutions.adb:1555
0xc9841e Alire.Roots.Traverse at alire-roots.adb:2147
0xc984dd Alire.Roots.Traverse at alire-roots.adb:2127
0xc7359b Alire.Roots.Build at alire-roots.adb:286
0xc736d7 Alire.Roots.Build at alire-roots.adb:114
0x49aa0d Alr.Commands.Build.Execute at alr-commands-build.adb:145
0x49a36d Alr.Commands.Build.Execute at alr-commands-build.adb:113
0x49a51f Alr.Commands.Build.Execute at alr-commands-build.adb:54
0x53bbcc Alr.Commands.Sub_Cmd.Execute at clic-subcommand-instance.adb:749
0x5472be Alr.Commands.Execute at alr-commands.adb:632
0x43d48a Alr.Main at alr-main.adb:13
0x4403a3 Main at b__alr-main.adb:2445
[/lib/x86_64-linux-gnu/libc.so.6]
0x7fd24642a1c8
0x7fd24642a289
[/home/runner/work/alire-crates-ci/alire-crates-ci/alire_install/bin/alr]
0x43d323 _start at ???
0xfffffffffffffffe

stderr: ALIRE.ROOTS.BUILD._WRAPPED_STATEMENTS.BUILD_FAILED
stderr: alire-roots.adb:202
stderr: raised ALIRE.ROOTS.BUILD._WRAPPED_STATEMENTS.BUILD_FAILED : alire-roots.adb:202
[/home/runner/work/alire-crates-ci/alire-crates-ci/alire_install/bin/alr]
0xc74cc7 Alire.Roots.Build at alire-roots.adb:202
0xc7301a Alire.Roots.Build at alire-roots.adb:255
0xc9832b Alire.Roots.Traverse at alire-roots.adb:2143
0xcfee85 Alire.Solutions.Traverse.Visit at alire-solutions.adb:1472
0xcfdfcc Alire.Solutions.Traverse at alire-solutions.adb:1555
0xc9841e Alire.Roots.Traverse at alire-roots.adb:2147
0xc984dd Alire.Roots.Traverse at alire-roots.adb:2127
0xc7359b Alire.Roots.Build at alire-roots.adb:286
0xc736d7 Alire.Roots.Build at alire-roots.adb:114
0x49aa0d Alr.Commands.Build.Execute at alr-commands-build.adb:145
0x49a36d Alr.Commands.Build.Execute at alr-commands-build.adb:113
0x49a51f Alr.Commands.Build.Execute at alr-commands-build.adb:54
0x53bbcc Alr.Commands.Sub_Cmd.Execute at clic-subcommand-instance.adb:749
0x5472be Alr.Commands.Execute at alr-commands.adb:632
0x43d48a Alr.Main at alr-main.adb:13
0x4403a3 Main at b__alr-main.adb:2445
[/lib/x86_64-linux-gnu/libc.so.6]
0x7fd24642a1c8
0x7fd24642a289
[/home/runner/work/alire-crates-ci/alire-crates-ci/alire_install/bin/alr]
0x43d323 _start at ???
0xfffffffffffffffe

ERROR: Compilation failed.
