Test ran at 2026-06-01 01:55:40.675832+00:00

SOLUTION:
pico_ada_c01_blink_e=1.7.0: Chapter 1 Reloaded: Blinking LEDs on Both Cores
Origin: source archive pico_ada_c01_blink_e-1.7.0.tgz at https://sourceforge.net/projects/pi-ada-tutorial/files/Alire/pico_ada_c01_blink_e-1.7.0.tgz with hashes sha256:661b9c20483d47fa9d061fc41df6de5a119edba085203ece98d0b5a07c3f5cfa, sha512:eacfdfc2a2c2f2c5dfffbe3009d80d663569c74121a6f0a0c0a26f34b85aa6a61d22fb554a014fdef9dfcbce72796b7214abcc905d7131a963008411e31859ec
Properties:
   Author: Martin Krischik <krischik@users.sourceforge.net>
   Build Switches: 
   Config set: embedded_rp2040 {Board := rpi_pico, Max_CPUs := 2}
   Config set: rp2040_hal {Interrupts := bb_runtimes, Use_Startup := false}
   Configuration: no modifiers
   Description: Chapter 1 Reloaded: Blinking LEDs on Both Cores
   Executable: blink
   Executable: double_blink-main
   Executable: sketch_01_1_blink
   Executable: sketch_01_2_blink
   Executable: uart_echo
   License: GPL-3.0-or-later
   Long_Description: Blinking LEDs on Both Cores Updated Chapter 1 using the new embedded_rp2040
runtime - now with proper multi-core support, Ada.Real_Time, and delay until for accurate, slippage-free LED blinking on
Raspberry Pi Pico.

After quick community help, I rewrote Chapter 1 to use light tasking on both RP2040 cores. No more manual timers -
clean, precise dual-LED blinking with zero slippage.

Contained in Chapter 01 reloaded are:

1. blink	     - Jeremy Grosser Ada sample
2. sketch_01_1_blink - Chapter 1.1 Blink internal LED
3. sketch_01_2_blink - Chapter 1.2 Blink external LED
4. double_blink-main - double blink using both cores.

Read the full tutorial at [Chapter 1 Reloaded: Dual-Core Light Tasking - Blinking LEDs on Both
Cores](https://pi-ada-tutorial.sourceforge.io/pico_ada_c01_blink_e), [GNATdoc
documentation](https://pi-ada-tutorial.sourceforge.io/gnatdoc/pico_ada_c01_blink_e/), [SourceForge
repository](https://sourceforge.net/p/pi-ada-tutorial/code/ci/master/tree/pico2_ada_c01_blink_lt/)

   Maintainer: Martin Krischik <krischik@users.sourceforge.net>
   Maintainers_Logins: krischik
   Name: pico_ada_c01_blink_e
   Tag: raspberry
   Tag: pi
   Tag: pico
   Tag: rp2040
   Tag: tasking
   Tag: light-tasking
   Tag: ada2022
   Tag: embedded
   Version: 1.7.0
   Website: https://pi-ada-tutorial.sourceforge.io/pico_ada_c01_blink_e
Dependencies (direct):
   embedded_rp2040^15.4
   pico_bsp^2.2
   pico_xbsp^1.7
   rp2040_hal^2.7.1
Dependencies (solution):
   atomic=1.1.0
   bbqueue=1.0.0
   cortex_m=1.1.0
   embedded_rp2040=15.4.0
   gnat=15.2.1 (gnat_arm_elf)
   gnat_arm_elf=15.2.1
   hal=1.0.0
   pico_bsp=2.2.0
   pico_xbsp=1.7.0
   rp2040_hal=2.7.1
   usb_embedded=1.0.1
Dependencies (graph):
   bbqueue=1.0.0              --> atomic=1.1.0 (^1.0.0)
   bbqueue=1.0.0              --> gnat=15.2.1 (gnat_arm_elf) (>=10)
   cortex_m=1.1.0             --> gnat_arm_elf=15.2.1 (>=12)
   cortex_m=1.1.0             --> hal=1.0.0 (~0.3 | ^1.0.0)
   embedded_rp2040=15.4.0     --> gnat_arm_elf=15.2.1 (^15)
   pico_ada_c01_blink_e=1.7.0 --> embedded_rp2040=15.4.0 (^15.4)
   pico_ada_c01_blink_e=1.7.0 --> pico_bsp=2.2.0 (^2.2)
   pico_ada_c01_blink_e=1.7.0 --> pico_xbsp=1.7.0 (^1.7)
   pico_ada_c01_blink_e=1.7.0 --> rp2040_hal=2.7.1 (^2.7.1)
   pico_bsp=2.2.0             --> rp2040_hal=2.7.1 (^2)
   pico_xbsp=1.7.0            --> pico_bsp=2.2.0 (^2.2)
   rp2040_hal=2.7.1           --> atomic=1.1.0 (^1)
   rp2040_hal=2.7.1           --> cortex_m=1.1.0 (^1)
   rp2040_hal=2.7.1           --> gnat_arm_elf=15.2.1 (>=14 & /=15.1.2)
   rp2040_hal=2.7.1           --> hal=1.0.0 (^1)
   rp2040_hal=2.7.1           --> usb_embedded=1.0.1 (^1)
   usb_embedded=1.0.1         --> bbqueue=1.0.0 (^1.0.0)
   usb_embedded=1.0.1         --> hal=1.0.0 (^1.0.0)


LOG:
[alr test] Testing pico_ada_c01_blink_e=1.7.0
[alr test] Spawning retrieval for remote crate: alr -d -n get pico_ada_c01_blink_e=1.7.0
Note: Deploying pico_ada_c01_blink_e=1.7.0...

#=#=#                                                                          
##O#-#                                                                         
######################################################################## 100.0%
######################################################################## 100.0%
######################################################################## 100.0%
##O=#  #                                                                       
#-#O=#  #                                                                      
 #=#=-#   #                                                                    
######################################################################## 100.0%
 -#O#-  #   #                                                                  
######################################################################## 100.0%
Note: Deploying cortex_m=1.1.0...
Note: Deploying embedded_rp2040=15.4.0...

#=#=#                                                                          
##O#-#                                                                         
                                                                           0.4%
####################################                                      50.7%
######################################################################## 100.0%
Note: Deploying usb_embedded=1.0.1...
Note: Deploying rp2040_hal=2.7.1...
Note: Deploying pico_bsp=2.2.0...
Note: Deploying pico_xbsp=1.7.0...

#=#=#                                                                          
######################################################################## 100.0%
######################################################################## 100.0%
######################################################################## 100.0%
##O#-#                                                                         
######################################################################## 100.0%
##=O#- #                                                                       
######################################################################## 100.0%

pico_ada_c01_blink_e=1.7.0 successfully retrieved.
Dependencies were solved as follows:

   +  atomic          1.1.0  (new,indirect)
   +  bbqueue         1.0.0  (new,indirect)
   +  cortex_m        1.1.0  (new,indirect)
   +  embedded_rp2040 15.4.0 (new)
   +b gnat            15.2.1 (new,gnat_arm_elf,indirect,binary)
   +b gnat_arm_elf    15.2.1 (new,indirect,binary)
   +  hal             1.0.0  (new,indirect)
   +  pico_bsp        2.2.0  (new)
   +  pico_xbsp       1.7.0  (new)
   +  rp2040_hal      2.7.1  (new)
   +  usb_embedded    1.0.1  (new,indirect)
[alr test] Spawning default test for remote crate: alr -d -n build --release -- -cargs:Ada -gnatwn
Note: Building pico_ada_c01_blink_e=1.7.0/pico_ada_c01_blink_e.gpr...
Setup
   [mkdir]        object directory for project Atomic
   [mkdir]        library directory for project Atomic
   [mkdir]        object directory for project HAL
   [mkdir]        library directory for project HAL
   [mkdir]        object directory for project Cortex_M
   [mkdir]        library directory for project Cortex_M
   [mkdir]        object directory for project Bbqueue
   [mkdir]        library directory for project Bbqueue
   [mkdir]        object directory for project Usb_Embedded
   [mkdir]        library directory for project Usb_Embedded
   [mkdir]        object directory for project Rp2040_Hal
   [mkdir]        library directory for project Rp2040_Hal
   [mkdir]        object directory for project Pico_Bsp
   [mkdir]        library directory for project Pico_Bsp
   [mkdir]        object directory for project Pico_XBSP
   [mkdir]        library directory for project Pico_XBSP
   [mkdir]        object directory for project Runtime_Build
   [mkdir]        library directory for project Runtime_Build
   [mkdir]        object directory for project Pico_Ada_C01_Blink_E
   [mkdir]        exec directory for project Pico_Ada_C01_Blink_E
Compile
   [Ada]          blink.adb
   [Ada]          double_blink-main.adb
   [Ada]          sketch_01_1_blink.adb
   [Ada]          sketch_01_2_blink.adb
   [Ada]          uart_echo.adb
   [C]            raise-gcc.c
   [C]            newlib-bb.c
   [C]            adaint-xi.c
   [Asm_Cpp]      start-rom.S
   [Asm_Cpp]      boot2-w25qxx.S
   [Ada]          a-coorma.adb
   [Ada]          s-exctab.adb
   [Ada]          g-string.ads
   [Ada]          a-contai.ads
   [Ada]          s-pack35.adb
   [Ada]          g-hesorg.adb
   [Ada]          a-convec.adb
   [Ada]          s-io.adb
   [Ada]          s-finpri.adb
   [Ada]          g-strspl.ads
   [Ada]          s-imglfl.ads
   [Ada]          a-stwiha.adb
   [Ada]          s-regexp.adb
   [Ada]          a-stbubo.adb
   [Ada]          a-uncdea.ads
   [Ada]          a-stbuut.adb
   [Ada]          g-dyntab.adb
   [Ada]          s-imagea.adb
   [Ada]          s-wchcon.adb
   [Ada]          s-pack37.adb
   [Ada]          g-cpp.ads
   [Ada]          gnat.ads
   [Ada]          a-nselfu.ads
   [Ada]          a-coormu.adb
   [Ada]          s-pack62.adb
   [Ada]          unchconv.ads
   [Ada]          s-lisisq.adb
   [Ada]          s-traceb.adb
   [Ada]          g-sehash.adb
   [Ada]          s-imagei.adb
   [Ada]          a-nurear.ads
   [Ada]          s-htable.adb
   [Ada]          a-stwima.adb
   [Ada]          s-macres.adb
   [Ada]          s-retsta.ads
   [Ada]          s-imgflt.ads
   [Ada]          s-pack61.adb
   [Ada]          g-heasor.adb
   [Ada]          a-chlat9.ads
   [Ada]          s-putima.adb
   [Ada]          s-pack03.adb
   [Ada]          i-cpoint.adb
   [Ada]          s-chepoo.ads
   [Ada]          s-shabig.ads
   [Ada]          a-storio.adb
   [Ada]          a-cidlli.adb
   [Ada]          s-fatlfl.ads
   [Ada]          s-pack49.adb
   [Ada]          s-exnflt.ads
   [Ada]          a-ciorma.adb
   [Ada]          s-fatgen.adb
   [Ada]          s-exnint.ads
   [Ada]          a-coinve.adb
   [Ada]          a-zchuni.adb
   [Ada]          a-cihase.adb
   [Ada]          s-spcuop.adb
   [Ada]          s-vs_llu.ads
   [Ada]          a-coprnu.adb
   [Ada]          s-pack17.adb
   [Ada]          s-wwdcha.adb
   [Ada]          a-swmwco.ads
   [Ada]          a-stunha.adb
   [Ada]          g-md5.adb
   [Ada]          s-pack30.adb
   [Ada]          a-stwisu.adb
   [Ada]          s-stalib.adb
   [Ada]          s-pack46.adb
   [Ada]          s-stoele.adb
   [Ada]          s-init.adb
   [Ada]          a-costso.adb
   [Ada]          a-cgarso.adb
   [Ada]          s-imgint.ads
   [Ada]          a-stunau.adb
   [Ada]          s-atacco.adb
   [Ada]          s-valflt.ads
   [Ada]          s-wchjis.adb
   [Ada]          g-crc32.adb
   [Ada]          a-stwibo.adb
   [Ada]          s-imgllw.ads
   [Ada]          g-moreex.adb
   [Ada]          a-sttebu.adb
   [Ada]          a-except.adb
   [Ada]          s-fore_f.adb
   [Ada]          g-arrspl.adb
   [Ada]          s-gcmain.adb
   [Ada]          s-mastop.adb
   [Ada]          s-gearop.adb
   [Ada]          s-valuti.adb
   [Ada]          s-imde64.ads
   [Ada]          g-sechas.adb
   [Ada]          setup_clocks.adb
   [Ada]          a-stwifi.adb
   [Ada]          s-pack43.adb
   [Ada]          s-libm.adb
   [Ada]          a-nuelfu.ads
   [Ada]          s-pack51.adb
   [Ada]          s-wchcnv.adb
   [Ada]          s-utf_32.adb
   [Ada]          s-pack14.adb
   [Ada]          a-nllcar.ads
   [Ada]          s-spsufi.adb
   [Ada]          a-nllefu.ads
   [Ada]          s-pooloc.adb
   [Ada]          s-traent.adb
   [Ada]          a-stream.adb
   [Ada]          s-widint.ads
   [Ada]          s-bbarat.adb
   [Ada]          s-imageu.adb
   [Ada]          s-unstyp.ads
   [Ada]          a-sulcin.adb
   [Ada]          a-nllcef.ads
   [Ada]          s-carsi8.adb
   [Ada]          s-powllf.ads
   [Ada]          a-rbtgbo.adb
   [Ada]          a-cohase.adb
   [Ada]          a-shcain.adb
   [Ada]          s-caun64.adb
   [Ada]          a-zchara.ads
   [Ada]          a-strsup.adb
   [Ada]          interfac.ads
   [Ada]          a-stzhas.adb
   [Ada]          g-sehamd.adb
   [Ada]          s-flocon.adb
   [Ada]          s-pack41.adb
   [Ada]          a-coinho.adb
   [Ada]          s-libdou.adb
   [Ada]          s-pack10.adb
   [Ada]          a-coboho.adb
   [Ada]          s-imagef.adb
   [Ada]          s-exponu.adb
   [Ada]          s-imgcha.adb
   [Ada]          s-expint.ads
   [Ada]          s-exnllf.ads
   [Ada]          ioexcept.ads
   [Ada]          s-widllu.ads
   [Ada]          s-bitops.adb
   [Ada]          s-oslock.ads
   [Ada]          s-carun8.adb
   [Ada]          s-expuns.ads
   [Ada]          s-arit64.adb
   [Ada]          s-valspe.adb
   [Ada]          a-nbnbre.adb
   [Ada]          g-shsh64.adb
   [Ada]          s-bbrpat.adb
   [Ada]          a-suezst.adb
   [Ada]          g-bubsor.adb
   [Ada]          s-atopri.adb
   [Ada]          a-cbmutr.adb
   [Ada]          a-nscefu.ads
   [Ada]          s-scaval.adb
   [Ada]          a-stzsea.adb
   [Ada]          a-ngcefu.adb
   [Ada]          s-valuei.adb
   [Ada]          a-stfiha.ads
   [Ada]          a-cborse.adb
   [Ada]          s-pack54.adb
   [Ada]          s-pack53.adb
   [Ada]          a-stbuun.adb
   [Ada]          s-expllu.ads
   [Ada]          a-conhel.adb
   [Ada]          a-nlrear.ads
   [Ada]          s-pack27.adb
   [Ada]          s-imfi64.ads
   [Ada]          s-pack12.adb
   [Ada]          s-crc32.adb
   [Ada]          s-soflin.adb
   [Ada]          s-widwch.adb
   [Ada]          a-suecin.adb
   [Ada]          s-imgwiu.ads
   [Ada]          s-imad64.ads
   [Ada]          s-powflt.ads
   [Ada]          a-decima.adb
   [Ada]          s-widthu.adb
   [Ada]          a-ncelfu.ads
   [Ada]          s-pack39.adb
   [Ada]          s-pack18.adb
   [Ada]          s-valcha.adb
   [Ada]          s-valllu.ads
   [Ada]          a-strmap.adb
   [Ada]          s-fode64.ads
   [Ada]          a-stwise.adb
   [Ada]          a-cohata.ads
   [Ada]          a-cborma.adb
   [Ada]          a-stuten.adb
   [Ada]          s-fode32.ads
   [Ada]          s-imgllu.ads
   [Ada]          g-shshco.adb
   [Ada]          a-sfhcin.ads
   [Ada]          s-poosiz.adb
   [Ada]          a-cimutr.adb
   [Ada]          s-valrea.adb
   [Ada]          g-sha224.ads
   [Ada]          s-vauspe.adb
   [Ada]          a-nllcty.ads
   [Ada]          a-strfix.adb
   [Ada]          s-except.adb
   [Ada]          a-string.ads
   [Ada]          s-stache.adb
   [Ada]          s-pack21.adb
   [Ada]          a-suenst.adb
   [Ada]          g-sha512.ads
   [Ada]          a-ioexce.ads
   [Ada]          s-pack59.adb
   [Ada]          a-sbecin.adb
   [Ada]          s-bootro.adb
   [Ada]          s-fofi64.ads
   [Ada]          s-pack38.adb
   [Ada]          s-vafi32.ads
   [Ada]          a-coorse.adb
   [Ada]          g-htable.adb
   [Ada]          s-imen32.ads
   [Ada]          a-chzla1.ads
   [Ada]          a-secain.adb
   [Ada]          s-imen16.ads
   [Ada]          a-nscoty.ads
   [Ada]          s-expmod.adb
   [Ada]          s-pack13.adb
   [Ada]          s-imenu8.ads
   [Ada]          a-nudira.adb
   [Ada]          s-statxd.adb
   [Ada]          a-sbhcin.adb
   [Ada]          s-tasloc.adb
   [Ada]          s-bbpara.ads
   [Ada]          s-vercon.adb
   [Ada]          s-imagen.adb
   [Ada]          a-ngrear.adb
   [Ada]          s-maccod.ads
   [Ada]          a-chtgke.adb
   [Ada]          s-pack19.adb
   [Ada]          system.ads
   [Ada]          s-imguns.ads
   [Ada]          s-widenu.adb
   [Ada]          a-chzla9.ads
   [Ada]          s-expont.adb
   [Ada]          s-stopoo.adb
   [Ada]          s-pack11.adb
   [Ada]          s-exnlli.ads
   [Ada]          g-regexp.ads
   [Ada]          g-debuti.adb
   [Ada]          s-vaen16.ads
   [Ada]          s-imager.adb
   [Ada]          g-comver.adb
   [Ada]          i-fortra.adb
   [Ada]          s-vade32.ads
   [Ada]          s-atocou.adb
   [Ada]          s-fatflt.ads
   [Ada]          s-string.adb
   [Ada]          s-textio.adb
   [Ada]          s-bbmcpa.ads
   [Ada]          s-semiho.adb
   [Ada]          g-cppexc.adb
   [Ada]          s-secsta.adb
   [Ada]          a-cobove.adb
   [Ada]          a-sblcin.adb
   [Ada]          a-crbltr.ads
   [Ada]          a-cgaaso.adb
   [Ada]          g-sha1.adb
   [Ada]          s-pack29.adb
   [Ada]          a-nlelfu.ads
   [Ada]          s-casuti.adb
   [Ada]          s-vector.ads
   [Ada]          a-calcon.adb
   [Ada]          a-charac.ads
   [Ada]          a-csquin.ads
   [Ada]          a-strsea.adb
   [Ada]          s-vs_lli.ads
   [Ada]          a-nucoar.ads
   [Ada]          a-swunau.adb
   [Ada]          s-stposu.adb
   [Ada]          a-crbtgo.adb
   [Ada]          a-numeri.ads
   [Ada]          machcode.ads
   [Ada]          s-bytswa.ads
   [Ada]          g-shsh32.adb
   [Ada]          s-pack47.adb
   [Ada]          s-valwch.adb
   [Ada]          s-caun16.adb
   [Ada]          a-unccon.ads
   [Ada]          a-ngcoty.adb
   [Ada]          g-except.ads
   [Ada]          s-valueu.adb
   [Ada]          s-excmac.adb
   [Ada]          g-bytswa.adb
   [Ada]          s-mantis.adb
   [Ada]          s-veboop.adb
   [Ada]          a-comutr.adb
   [Ada]          a-rbtgbk.adb
   [Ada]          g-busorg.adb
   [Ada]          s-pack07.adb
   [Ada]          a-chahan.adb
   [Ada]          g-sha384.ads
   [Ada]          s-fofi32.ads
   [Ada]          s-addima.adb
   [Ada]          a-szunau.adb
   [Ada]          a-nubinu.ads
   [Ada]          s-pack06.adb
   [Ada]          s-widuns.ads
   [Ada]          g-tasloc.ads
   [Ada]          s-widboo.adb
   [Ada]          a-tags.adb
   [Ada]          a-stmaco.ads
   [Ada]          s-pack25.adb
   [Ada]          a-szuzha.adb
   [Ada]          s-caun32.adb
   [Ada]          a-elchha.adb
   [Ada]          g-cstyin.adb
   [Ada]          a-wichun.adb
   [Ada]          s-pack45.adb
   [Ada]          s-pack09.adb
   [Ada]          s-widthi.adb
   [Ada]          a-stzunb.adb
   [Ada]          s-restri.adb
   [Ada]          s-pack63.adb
   [Ada]          a-assert.adb
   [Ada]          s-casi16.adb
   [Ada]          s-vaenu8.ads
   [Ada]          a-calend.adb
   [Ada]          s-powlfl.ads
   [Ada]          a-chtgop.adb
   [Ada]          s-bbbopa.ads
   [Ada]          s-imagew.adb
   [Ada]          i-cexten.ads
   [Ada]          a-chlat1.ads
   [Ada]          a-cbhase.adb
   [Ada]          s-pack52.adb
   [Ada]          a-nucoty.ads
   [Ada]          a-widcha.ads
   [Ada]          s-exponr.adb
   [Ada]          s-pack28.adb
   [Ada]          a-szbzha.adb
   [Ada]          s-valint.ads
   [Ada]          s-casi32.adb
   [Ada]          s-strhas.adb
   [Ada]          s-widlli.ads
   [Ada]          s-vaen32.ads
   [Ada]          a-cbdlli.adb
   [Ada]          s-pack50.adb
   [Ada]          a-undesu.adb
   [Ada]          a-stzbou.adb
   [Ada]          a-swbwha.adb
   [Ada]          g-hesora.adb
   [Ada]          a-ngcoar.adb
   [Ada]          s-widcha.adb
   [Ada]          s-pooglo.adb
   [Ada]          a-swfwha.ads
   [Ada]          s-fatllf.ads
   [Ada]          g-sha256.ads
   [Ada]          a-sfecin.ads
   [Ada]          a-cbhama.adb
   [Ada]          a-strhas.adb
   [Ada]          g-casuti.adb
   [Ada]          s-wwdwch.adb
   [Ada]          s-casi64.adb
   [Ada]          s-pack42.adb
   [Ada]          s-imde32.ads
   [Ada]          s-imgllf.ads
   [Ada]          s-aridou.adb
   [Ada]          s-boarop.ads
   [Ada]          g-io.adb
   [Ada]          s-exnlfl.ads
   [Ada]          s-fore_d.adb
   [Ada]          a-finali.adb
   [Ada]          i-cobol.adb
   [Ada]          a-nlcoty.ads
   [Ada]          a-cihama.adb
   [Ada]          s-pack20.adb
   [Ada]          s-excdeb.adb
   [Ada]          g-table.adb
   [Ada]          s-genbig.adb
   [Ada]          s-vade64.ads
   [Ada]          a-nuflra.adb
   [Ada]          a-wichha.adb
   [Ada]          a-stzfix.adb
   [Ada]          g-souinf.ads
   [Ada]          a-exctra.adb
   [Ada]          s-libsin.adb
   [Ada]          a-crbtgk.adb
   [Ada]          g-wistsp.ads
   [Ada]          a-cwila9.ads
   [Ada]          g-sestin.ads
   [Ada]          a-slcain.adb
   [Ada]          a-szmzco.ads
   [Ada]          a-nbnbin.adb
   [Ada]          s-vs_int.ads
   [Ada]          a-swuwha.adb
   [Ada]          s-pack23.adb
   [Ada]          a-nllrar.ads
   [Ada]          s-finroo.adb
   [Ada]          s-pack55.adb
   [Ada]          s-pack60.adb
   [Ada]          a-ngelfu.adb
   [Ada]          a-stzsup.adb
   [Ada]          s-addope.adb
   [Ada]          s-wchwts.adb
   [Ada]          s-bb.ads
   [Ada]          s-ransee.adb
   [Ada]          a-suhcin.adb
   [Ada]          g-busora.adb
   [Ada]          ada.ads
   [Ada]          s-valllf.ads
   [Ada]          a-ciormu.adb
   [Ada]          s-libpre.ads
   [Ada]          a-chacon.adb
   [Ada]          s-vallfl.ads
   [Ada]          s-rannum.adb
   [Ada]          a-nlcefu.ads
   [Ada]          i-c.adb
   [Ada]          a-iteint.ads
   [Ada]          a-nbnbig.adb
   [Ada]          s-pack44.adb
   [Ada]          s-pack05.adb
   [Ada]          s-rident.ads
   [Ada]          s-vallli.ads
   [Ada]          s-imad32.ads
   [Ada]          a-szfzha.ads
   [Ada]          a-stboha.adb
   [Ada]          a-nlcoar.ads
   [Ada]          s-lidosq.adb
   [Ada]          s-exponn.adb
   [Ada]          s-spark.ads
   [Ada]          s-wwdenu.adb
   [Ada]          s-valuef.adb
   [Ada]          a-strbou.adb
   [Ada]          a-cgcaso.adb
   [Ada]          s-imglli.ads
   [Ada]          s-imguti.adb
   [Ada]          s-pack34.adb
   [Ada]          s-valuer.adb
   [Ada]          a-chtgbo.adb
   [Ada]          a-rbtgso.adb
   [Ada]          s-wchstw.adb
   [Ada]          s-pack22.adb
   [Ada]          s-pack58.adb
   [Ada]          s-pack26.adb
   [Ada]          s-pack57.adb
   [Ada]          s-valboo.adb
   [Ada]          s-pack31.adb
   [Ada]          s-geveop.adb
   [Ada]          a-suewst.adb
   [Ada]          a-cohama.adb
   [Ada]          i-cstrin.adb
   [Ada]          s-assert.adb
   [Ada]          s-vs_uns.ads
   [Ada]          a-sflcin.ads
   [Ada]          a-ciorse.adb
   [Ada]          text_io.ads
   [Ada]          s-imgwch.adb
   [Ada]          a-suenco.adb
   [Ada]          a-zchhan.adb
   [Ada]          a-crdlli.adb
   [Ada]          s-pack15.adb
   [Ada]          unchdeal.ads
   [Ada]          a-stwiun.adb
   [Ada]          s-vaispe.adb
   [Ada]          s-pack33.adb
   [Ada]          a-btgbso.adb
   [Ada]          a-cogeso.adb
   [Ada]          s-stratt.adb
   [Ada]          s-pack36.adb
   [Ada]          s-imfi32.ads
   [Ada]          s-explli.ads
   [Ada]          a-chtgbk.adb
   [Ada]          s-dourea.adb
   [Ada]          i-pacdec.adb
   [Ada]          a-stzmap.adb
   [Ada]          a-cwila1.ads
   [Ada]          s-imaged.adb
   [Ada]          s-parame.adb
   [Ada]          s-arit32.adb
   [Ada]          g-cppstd.adb
   [Ada]          s-valued.adb
   [Ada]          s-trasym.adb
   [Ada]          a-cdlili.adb
   [Ada]          s-valuns.ads
   [Ada]          s-valuen.adb
   [Ada]          s-forrea.adb
   [Ada]          s-imgboo.adb
   [Ada]          a-einuoc.adb
   [Ada]          a-strunb.adb
   [Ada]          s-memory.adb
   [Ada]          a-textio.adb
   [Ada]          s-vafi64.ads
   [Ada]          a-numaux.ads
   [Ada]          rp2040_runtime_config.ads
   [Ada]          embedded_rp2040_config.ads
   [Ada]          i-rp2040.ads
   [Ada]          i-rp2040-clocks.ads
   [Ada]          i-rp2040-pll_sys.ads
   [Ada]          i-rp2040-psm.ads
   [Ada]          i-rp2040-resets.ads
   [Ada]          i-rp2040-rosc.ads
   [Ada]          i-rp2040-sio.ads
   [Ada]          i-rp2040-timer.ads
   [Ada]          i-rp2040-watchdog.ads
   [Ada]          i-rp2040-xosc.ads
   [Ada]          s-bcprmu.adb
   [Ada]          s-taspri.ads
   [Ada]          s-taprop.adb
   [Ada]          s-taskin.adb
   [Ada]          s-multip.adb
   [Ada]          s-bbinte.adb
   [Ada]          s-bbcppr.adb
   [Ada]          s-musplo.adb
   [Ada]          s-bbtime.adb
   [Ada]          s-tpobop.adb
   [Ada]          s-bbbosu.adb
   [Ada]          s-tasque.adb
   [Ada]          s-putaim.adb
   [Ada]          g-boumai.ads
   [Ada]          s-bbprot.adb
   [Ada]          s-bbthre.adb
   [Ada]          a-interr.adb
   [Ada]          s-bbthqu.adb
   [Ada]          a-reatim.adb
   [Ada]          a-retide.adb
   [Ada]          s-interr.adb
   [Ada]          g-semaph.adb
   [Ada]          s-bbcpsp.ads
   [Ada]          s-tasdeb.adb
   [Ada]          a-exetim.adb
   [Ada]          s-taprob.adb
   [Ada]          s-tpobmu.adb
   [Ada]          s-btstch.adb
   [Ada]          s-mufalo.adb
   [Ada]          a-rttiev.adb
   [Ada]          s-bbexti.adb
   [Ada]          s-osinte.ads
   [Ada]          s-tasinf.adb
   [Ada]          s-tarest.adb
   [Ada]          s-reldel.adb
   [Ada]          s-tasres.ads
   [Ada]          g-boubuf.adb
   [Ada]          a-sytaco.adb
   [Ada]          a-taside.adb
   [Ada]          a-synbar.adb
   [Ada]          a-extiin.adb
   [Ada]          s-bcpcst.adb
   [Ada]          s-bbtiev.adb
   [Ada]          s-tpoben.adb
   [Ada]          s-tposen.adb
   [Ada]          a-taster.adb
   [Ada]          a-intnam-2.ads
   [Ada]          pico_xbsp_config.ads
   [Ada]          pico-uart_io.adb
   [Ada]          pico-analog.adb
   [Ada]          pico-utils.adb
   [Ada]          pico-analog-rgb_led.adb
   [Ada]          pico-tone.adb
   [Ada]          bbqueue_config.ads
   [Ada]          bbqueue-buffers.adb
   [Ada]          bbqueue-buffers-framed.adb
   [Ada]          bbqueue.adb
   [Ada]          usb_embedded_config.ads
   [Ada]          usb-device-hid-keyboard.adb
   [Ada]          usb-hal.ads
   [Ada]          usb-device-control.adb
   [Ada]          usb-lang.ads
   [Ada]          usb-device-hid-mouse.adb
   [Ada]          usb-utils.adb
   [Ada]          usb-hal-device.ads
   [Ada]          usb-device-serial.adb
   [Ada]          usb-device-midi.adb
   [Ada]          usb-device-hid.adb
   [Ada]          usb-logging.ads
   [Ada]          usb-device.adb
   [Ada]          usb-device-hid-joystick.adb
   [Ada]          usb.adb
   [Ada]          usb-device-hid-gamepad.adb
   [Ada]          usb-logging-device__null.adb
   [Ada]          hal-real_time_clock.ads
   [Ada]          hal-i2c.ads
   [Ada]          hal-flash.ads
   [Ada]          hal-audio.ads
   [Ada]          hal-sdmmc.adb
   [Ada]          hal-block_drivers.ads
   [Ada]          hal-dsi.ads
   [Ada]          hal-filesystem.ads
   [Ada]          hal-framebuffer.ads
   [Ada]          hal-gpio.ads
   [Ada]          hal-spi.ads
   [Ada]          hal-uart.ads
   [Ada]          hal-bitmap.ads
   [Ada]          hal-time.ads
   [Ada]          hal.ads
   [Ada]          hal-touch_panel.ads
   [Ada]          cortex_m-nvic.adb
   [Ada]          cortex_m-cache.adb
   [Ada]          cortex_m_svd-debug.ads
   [Ada]          cortex_m_svd-systick.ads
   [Ada]          cortex_m_svd.ads
   [Ada]          cortex_m_svd-scb.ads
   [Ada]          cortex_m_svd-nvic.ads
   [Ada]          cortex_m_svd-dwt.ads
   [Ada]          cortex_m_config.ads
   [Ada]          cortex_m-dwt.adb
   [Ada]          semihosting.adb
   [Ada]          memory_barriers.adb
   [Ada]          cortex_m-systick.adb
   [Ada]          cortex_m.ads
   [Ada]          cortex_m-debug.adb
   [Ada]          cortex_m-hints.adb
   [Ada]          cortex_m-reset.adb
   [Ada]          semihosting-filesystem.adb
   [Ada]          atomic-critical_section.adb
   [Ada]          atomic-unsigned.adb
   [Ada]          atomic.adb
   [Ada]          atomic-signed.adb
   [Ada]          atomic-basic_operations.adb
   [Ada]          atomic_config.ads
   [Ada]          atomic-signed_16.ads
   [Ada]          atomic-signed_32.ads
   [Ada]          atomic-unsigned_8.ads
   [Ada]          atomic-unsigned_32.ads
   [Ada]          atomic-signed_8.ads
   [Ada]          atomic-unsigned_16.ads
   [Ada]          rp2040_hal_config.ads
   [Ada]          rp-timer-interrupts.adb
   [Ada]          rp-device.ads
   [Ada]          rp2040_svd-usbctrl_regs.ads
   [Ada]          rp2040_svd-sio.ads
   [Ada]          rp2040_svd-adc.ads
   [Ada]          rp2040_svd-clocks.ads
   [Ada]          rp2040_svd-tbman.ads
   [Ada]          rp2040_svd-i2c.ads
   [Ada]          rp2040_svd-sysinfo.ads
   [Ada]          rp2040_svd-io_bank0.ads
   [Ada]          rp2040_svd-resets.ads
   [Ada]          rp2040_svd-dma.ads
   [Ada]          rp2040_svd-busctrl.ads
   [Ada]          rp2040_svd-rosc.ads
   [Ada]          rp2040_svd-xip_ctrl.ads
   [Ada]          rp2040_svd-ppb.ads
   [Ada]          rp2040_svd-vreg_and_chip_reset.ads
   [Ada]          rp2040_svd-uart.ads
   [Ada]          rp2040_svd-pio.ads
   [Ada]          rp2040_svd-interrupts.ads
   [Ada]          rp2040_svd-rtc.ads
   [Ada]          rp2040_svd-spi.ads
   [Ada]          rp2040_svd-pads_bank0.ads
   [Ada]          rp2040_svd-pwm.ads
   [Ada]          rp2040_svd.ads
   [Ada]          rp2040_svd-timer.ads
   [Ada]          rp2040_svd-pads_qspi.ads
   [Ada]          rp2040_svd-usbctrl_dpram.ads
   [Ada]          rp2040_svd-xip_ssi.ads
   [Ada]          rp2040_svd-pll.ads
   [Ada]          rp2040_svd-psm.ads
   [Ada]          rp2040_svd-watchdog.ads
   [Ada]          rp2040_svd-syscfg.ads
   [Ada]          rp2040_svd-io_qspi.ads
   [Ada]          rp2040_svd-xosc.ads
   [Ada]          rp-pio-encoding.ads
   [Ada]          rp-pio-touch_sense.adb
   [Ada]          rp-spi.adb
   [Ada]          rp-dma.adb
   [Ada]          rp-timer.adb
   [Ada]          rp-pio.adb
   [Ada]          rp-pio-audio_i2s.adb
   [Ada]          rp-clock.adb
   [Ada]          rp-multicore.adb
   [Ada]          rp-pio-ws2812_pio.ads
   [Ada]          rp-watchdog.adb
   [Ada]          rp-flash.adb
   [Ada]          rp-uart.adb
   [Ada]          rp-rtc.adb
   [Ada]          rp-pio-touch_sense_discharge_pio.ads
   [Ada]          rp-flash-cache.adb
   [Ada]          rp-pio-ws2812.adb
   [Ada]          rp-multicore-fifo.adb
   [Ada]          rp-rom-floating_point.adb
   [Ada]          rp-pwm.adb
   [Ada]          rp-usb_device.adb
   [Ada]          rp-i2c_master.adb
   [Ada]          rp-pio-audio_i2s_pio.ads
   [Ada]          rp-rom.adb
   [Ada]          rp-adc.adb
   [Ada]          rp-gpio.adb
   [Ada]          rp-multicore-spinlocks.adb
   [Ada]          rp-reset.adb
   [Ada]          rp-pio-touch_sense_charge_pio.ads
   [Ada]          rp-i2c.adb
   [Ada]          rp-interpolator.ads
   [Ada]          rp.ads
   [Ada]          pico_bsp_config.ads
   [Ada]          pico.ads
   [Ada]          pico-pimoroni-audio_pack.ads
   [Ada]          pico-pimoroni.ads
   [Ada]          pico-pimoroni-rgb_keypad.adb
   [Ada]          pico-audio_i2s.ads
   [Ada]          double_blink.adb
Build Libraries
   [gprlib]       Atomic.lexch
   [gprlib]       hal.lexch
   [gprlib]       Cortex_M.lexch
   [archive]      libAtomic.a
   [archive]      libhal.a
   [index]        libhal.a
   [index]        libAtomic.a
   [gprlib]       Bbqueue.lexch
   [gprlib]       Usb_Embedded.lexch
   [archive]      libCortex_M.a
   [archive]      libBbqueue.a
   [index]        libBbqueue.a
   [index]        libCortex_M.a
   [gprlib]       Rp2040_Hal.lexch
   [archive]      libUsb_Embedded.a
   [index]        libUsb_Embedded.a
   [gprlib]       Pico_Bsp.lexch
   [archive]      libRp2040_Hal.a
   [index]        libRp2040_Hal.a
   [gprlib]       Pico_XBSP.lexch
   [archive]      libPico_Bsp.a
   [index]        libPico_Bsp.a
   [archive]      libPico_XBSP.a
   [index]        libPico_XBSP.a
   [gprlib]       gnat.lexch
   [gprlib]       gnarl.lexch
   [archive]      libgnat.a
   [index]        libgnat.a
   [archive]      libgnarl.a
   [index]        libgnarl.a
Bind
   [gprbind]      blink.bexch
   [Ada]          blink.ali
   [gprbind]      double_blink-main.bexch
   [Ada]          double_blink-main.ali
   [gprbind]      sketch_01_1_blink.bexch
   [Ada]          sketch_01_1_blink.ali
   [gprbind]      sketch_01_2_blink.bexch
   [Ada]          sketch_01_2_blink.ali
   [gprbind]      uart_echo.bexch
   [Ada]          uart_echo.ali
Link
   [link]         blink.adb
   [link]         double_blink-main.adb
   [link]         sketch_01_1_blink.adb
   [link]         sketch_01_2_blink.adb
   [link]         uart_echo.adb
Success: Build finished successfully in 32.91 seconds.
Found declared GPR file: pico_ada_c01_blink_e.gpr
[alr test] Test completed SUCCESSFULLY
