Test ran at 2025-08-20 12:45:27.768969+00:00

SOLUTION:
cgk=0.1.0: Computational Geometry Kernel
Origin: commit 0b19efcd983adfdc704a9ed870f36f2efb5f40d3 from https://github.com/godunko/cgk.git
Properties:
   Author: Vadim Godunko
   Config type: Float_Size : Enum (32, 64) default: '64'
   Config type: SIMD : Enum (nosimd, gcc) default: 'gcc'
   Configuration: no modifiers
   Description: Computational Geometry Kernel
   License: Apache-2.0 WITH LLVM-exception
   Maintainer: Vadim Godunko <vgodunko@gmail.com>
   Maintainers_Logins: godunko
   Name: cgk
   Project_File: gnat/cgk_primitives.gpr
   Tag: computational
   Tag: geometry
   Version: 0.1.0
   Website: https://github.com/godunko/cgk


LOG:
[alr test] Testing cgk=0.1.0
[alr test] Spawning retrieval for remote crate: alr -d -n get cgk=0.1.0
Note: Deploying cgk=0.1.0...

cgk=0.1.0 successfully retrieved.
There are no dependencies.
[alr test] Spawning default test for remote crate: alr -d -n build --release -- -cargs:Ada -gnatwn
Note: Building cgk=0.1.0/gnat/cgk_primitives.gpr...
Setup
   [mkdir]        object directory for project CGK_Primitives
Compile
   [Ada]          cgk-primitives-vectors_3d.adb
   [Ada]          cgk-primitives-points_3d.adb
   [Ada]          cgk-primitives-directions_3d-builders.adb
   [Ada]          cgk-primitives-points_3d-containers.ads
   [Ada]          cgk-primitives-directions_3d.adb
   [Ada]          cgk-primitives-triangulators_3d.adb
cgk-internals-generic_sequences.ads:24:40: error: improper aggregate operation for "Sequence"
cgk-internals-generic_sequences.ads:24:40: error: improper aggregate operation for "Sequence"

   compilation of cgk-primitives-triangulators_3d.adb failed
   compilation of cgk-primitives-points_3d-containers.ads failed

gprbuild: *** compilation phase failed
stderr: Command ["gprbuild", "-s", "-j0", "-p", "-P", "/Users/runner/work/alire-crates-ci/alire-crates-ci/test/6975454e-d632-4cca-980b-ba1e182a597a/cgk_0.1.0_0b19efcd/gnat/cgk_primitives.gpr", "-cargs:Ada", "-gnatwn"] exited with code 4
ERROR: Command ["gprbuild", "-s", "-j0", "-p", "-P", "/Users/runner/work/alire-crates-ci/alire-crates-ci/test/6975454e-d632-4cca-980b-ba1e182a597a/cgk_0.1.0_0b19efcd/gnat/cgk_primitives.gpr", "-cargs:Ada", "-gnatwn"] exited with code 4
stderr: ALIRE.CHECKED_ERROR
stderr: Command ["gprbuild", "-s", "-j0", "-p", "-P", "/Users/runner/work/alire-crates-ci/alire-crates-ci/test/6975454e-d632-4cca-980b-ba1e182a597a/cgk_0.1.0_0b19efcd/gnat/cgk_primitives.gpr", "-cargs:Ada", "-gnatwn"] exited with code 4
stderr: raised ALIRE.CHECKED_ERROR : alire-stored-error:1
Load address: 0x100294000
Call stack traceback locations:
0x100fa00cc 0x100fa012c 0x100cf466c 0x100939568 0x100bbe594 0x100bbf4f4 0x100afd33c 0x100afbb08 0x100b1f78c 0x100b7f56c 0x100b7e99c 0x100b1f868 0x100b1f950 0x100afc00c 0x100afc174 0x100305730 0x100305070 0x1003051e4 0x1003a2b38 0x1003adc78 0x1002969f8 0x10029ba2c

stderr: ALIRE.ROOTS.BUILD._WRAPPED_STATEMENTS.BUILD_FAILED
stderr: alire-roots.adb:202
stderr: raised ALIRE.ROOTS.BUILD._WRAPPED_STATEMENTS.BUILD_FAILED : alire-roots.adb:202
Load address: 0x100294000
Call stack traceback locations:
0x100fa00cc 0x100fa012c 0x100afd640 0x100afbb08 0x100b1f78c 0x100b7f56c 0x100b7e99c 0x100b1f868 0x100b1f950 0x100afc00c 0x100afc174 0x100305730 0x100305070 0x1003051e4 0x1003a2b38 0x1003adc78 0x1002969f8 0x10029ba2c

ERROR: Compilation failed.
