Test ran at 2026-06-29 13:57:15.075262+00:00

SOLUTION:
oherr=0.1.0: A Rust-style Result type for Ada (oh, error!).
Origin: commit 5da8ddd4ac52c12b0d89712f8ad3023576fc667a from https://github.com/0xA672/oherr.git
Properties:
   Author: 0xA672
   Description: A Rust-style Result type for Ada (oh, error!).
   License: MIT OR Apache-2.0
   Maintainer: 0xA672 <Cero0xA672@outlook.com>
   Maintainers_Logins: 0xA672
   Name: oherr
   Tag: result
   Tag: error-handling
   Tag: functional
   Tag: rust
   Tag: option
   Version: 0.1.0
   Website: https://github.com/0xA672/oherr


LOG:
[alr test] Testing oherr=0.1.0
[alr test] Spawning retrieval for remote crate: alr -d -n get oherr=0.1.0
Note: Deploying oherr=0.1.0...

oherr=0.1.0 successfully retrieved.
There are no dependencies.
[alr test] Spawning default test for remote crate: alr -d -n build --release -- -cargs:Ada -gnatwn
Note: Building oherr=0.1.0/oherr.gpr...
Setup
   [mkdir]        object directory for project Oherr
   [mkdir]        library directory for project Oherr
Compile
   [Ada]          oherr_config.ads
   [Ada]          oherr.ads
   [Ada]          oh_err.adb
Build Libraries
   [gprlib]       Oherr.lexch
   [archive]      libOherr.a
   [index]        libOherr.a
Success: Build finished successfully in 0.32 seconds.
Found declared GPR file: oherr.gpr
[alr test] Test completed SUCCESSFULLY
