Test ran at 2026-09-06 01:30:56.270077+00:00

SOLUTION:
a0b_gpio=0.1.0: A0B GIOP API
Origin: commit 011067c7f5fae261ec4b30e015b324b895e2948b from https://github.com/godunko/a0b-gpio.git
Properties:
   Test run: alr build (from ${CRATE_ROOT}/selftest)
   Author: Vadim Godunko
   Configuration: no modifiers
   Description: A0B GIOP API
   License: Apache-2.0 WITH LLVM-exception
   Maintainer: Vadim Godunko <vgodunko@gmail.com>
   Maintainers_Logins: godunko
   Name: a0b_gpio
   Project_File: gnat/a0b_gpio.gpr
   Tag: embedded
   Tag: gpio
   Version: 0.1.0
Dependencies (direct):
   a0b_base*
Dependencies (solution):
   a0b_base=0.5.0
Dependencies (graph):
   a0b_gpio=0.1.0 --> a0b_base=0.5.0 (*)


LOG:
Note: Synchronizing workspace...
Dependencies automatically updated as follows:

   +  a0b_base     0.5.0  (new,indirect)
   +. a0b_gpio     0.1.0  (new,path=..)
   +b gnat_arm_elf 15.3.1 (new,binary)

Note: Building a0b_gpio_selftest=0.1.0-dev/a0b_gpio_selftest.gpr...
"C:\Users\runneradmin\AppData\Local\alire\cache\builds\a0b_base_0.5.0_882bbc92\7b31d55f231de5be4574fafc877231bc223d597b04a7bcb697d4a8d9eff4e673\.objs\arm-eabi\none" created
"C:\Users\runneradmin\AppData\Local\alire\cache\builds\a0b_base_0.5.0_882bbc92\7b31d55f231de5be4574fafc877231bc223d597b04a7bcb697d4a8d9eff4e673\.libs\arm-eabi\none" created
"..\.objs\arm-eabi\none" created
a0b_gpio_selftest.gpr: warning: there are no sources of language "Ada" in this project
[Ada Compile]     a0b-peripherals.ads
[Ada Compile]     a0b-types-arrays.ads
[Ada Compile]     a0b-types-big_endian.adb
[Ada Compile]     a0b-types-enumerable.ads
[Ada Compile]     a0b-types-gcc_builtins.ads
[Ada Compile]     a0b-types-svd.ads
[Ada Compile]     a0b-types.ads
[Ada Compile]     a0b.ads
a0b-types-big_endian.adb:10:04: warning: "Unsigned_64" is already use-visible through previous use_type_clause at a0b-types.ads:297 [-gnatwr]
a0b-types-big_endian.adb:10:04: warning: use clause for type "Unsigned_64" defined at a0b-types.ads:88 has no effect [-gnatwu]
[Ada Compile]     a0b-gpio.ads
[Archive]         liba0b_base.a
Success: Build finished successfully in 1.37 seconds.
[alr test] Test completed SUCCESSFULLY
