Test ran at 2026-07-13 13:08:11.332754+00:00

SOLUTION:
functional=4.1.1: Functional Programming Library for Ada 2022
Origin: commit c1ff2600a58b24bf482ec1e44fb63c58c1b1e293 from https://github.com/abitofhelp/functional.git
Properties:
   Author: A Bit of Help, Inc. - Michael Gardner
   Build Switches: 
   Description: Functional Programming Library for Ada 2022
   License: BSD-3-Clause
   Maintainer: A Bit of Help, Inc. - Michael Gardner <mjgardner@abitofhelp.com>
   Maintainers_Logins: abitofhelp
   Name: functional
   Tag: functional
   Tag: fx
   Tag: either
   Tag: option
   Tag: result
   Tag: monad
   Tag: error-handling
   Tag: ada2022
   Tag: spark
   Tag: embedded
   Version: 4.1.1
   Website: https://github.com/abitofhelp/functional
Dependencies (direct):
   gnat>=13
Dependencies (solution):
   gnat=13.2.2 (gnat_native)
Dependencies (graph):
   functional=4.1.1 --> gnat=13.2.2 (gnat_native) (>=13)


LOG:
[alr test] Testing functional=4.1.1
[alr test] Spawning retrieval for remote crate: alr -d -n get functional=4.1.1
Note: Deploying functional=4.1.1...

functional=4.1.1 successfully retrieved.
Dependencies were solved as follows:

   +b gnat 13.2.2 (new,gnat_native,binary)
[alr test] Spawning default test for remote crate: alr -d -n build --release -- -cargs:Ada -gnatwn
Note: Building functional=4.1.1/functional.gpr...
Setup
   [mkdir]        object directory for project Functional
   [mkdir]        library directory for project Functional
Compile
   [Ada]          functional_config.ads
   [Ada]          functional-version.ads
   [Ada]          functional.ads
   [Ada]          functional-result.adb
/home/runner/.local/share/alire/toolchains/gnat_native_13.2.2_a27fd794/lib/gcc/x86_64-pc-linux-gnu/13.2.0/adainclude/system.ads
/home/runner/work/alire-crates-ci/alire-crates-ci/test/2a16d3b3-d57f-4abb-b22a-c9dd858f8838/functional_4.1.1_c1ff2600/config/functional_config.ads
   [Ada]          functional-try-to_result.adb
/home/runner/.local/share/alire/toolchains/gnat_native_13.2.2_a27fd794/lib/gcc/x86_64-pc-linux-gnu/13.2.0/adainclude/system.ads
/home/runner/work/alire-crates-ci/alire-crates-ci/test/2a16d3b3-d57f-4abb-b22a-c9dd858f8838/functional_4.1.1_c1ff2600/src/functional.ads
   [Ada]          functional-scoped.adb
/home/runner/.local/share/alire/toolchains/gnat_native_13.2.2_a27fd794/lib/gcc/x86_64-pc-linux-gnu/13.2.0/adainclude/system.ads
/home/runner/work/alire-crates-ci/alire-crates-ci/test/2a16d3b3-d57f-4abb-b22a-c9dd858f8838/functional_4.1.1_c1ff2600/src/functional-result.adb
/home/runner/work/alire-crates-ci/alire-crates-ci/test/2a16d3b3-d57f-4abb-b22a-c9dd858f8838/functional_4.1.1_c1ff2600/src/functional-result.ads
/home/runner/work/alire-crates-ci/alire-crates-ci/test/2a16d3b3-d57f-4abb-b22a-c9dd858f8838/functional_4.1.1_c1ff2600/src/functional.ads
   [Ada]          functional-try-map_to_result_with_param.adb
/home/runner/.local/share/alire/toolchains/gnat_native_13.2.2_a27fd794/lib/gcc/x86_64-pc-linux-gnu/13.2.0/adainclude/system.ads
/home/runner/work/alire-crates-ci/alire-crates-ci/test/2a16d3b3-d57f-4abb-b22a-c9dd858f8838/functional_4.1.1_c1ff2600/src/version/functional-version.ads
/home/runner/work/alire-crates-ci/alire-crates-ci/test/2a16d3b3-d57f-4abb-b22a-c9dd858f8838/functional_4.1.1_c1ff2600/src/functional.ads
   [Ada]          functional-either.adb
/home/runner/.local/share/alire/toolchains/gnat_native_13.2.2_a27fd794/lib/gcc/x86_64-pc-linux-gnu/13.2.0/adainclude/system.ads
/home/runner/work/alire-crates-ci/alire-crates-ci/test/2a16d3b3-d57f-4abb-b22a-c9dd858f8838/functional_4.1.1_c1ff2600/src/functional-either.adb
/home/runner/work/alire-crates-ci/alire-crates-ci/test/2a16d3b3-d57f-4abb-b22a-c9dd858f8838/functional_4.1.1_c1ff2600/src/functional-either.ads
/home/runner/work/alire-crates-ci/alire-crates-ci/test/2a16d3b3-d57f-4abb-b22a-c9dd858f8838/functional_4.1.1_c1ff2600/src/functional.ads
   [Ada]          functional-try-map_to_result.adb
/home/runner/.local/share/alire/toolchains/gnat_native_13.2.2_a27fd794/lib/gcc/x86_64-pc-linux-gnu/13.2.0/adainclude/system.ads
/home/runner/work/alire-crates-ci/alire-crates-ci/test/2a16d3b3-d57f-4abb-b22a-c9dd858f8838/functional_4.1.1_c1ff2600/src/functional-try-to_result.adb
/home/runner/work/alire-crates-ci/alire-crates-ci/test/2a16d3b3-d57f-4abb-b22a-c9dd858f8838/functional_4.1.1_c1ff2600/src/functional-try-to_result.ads
/home/runner/work/alire-crates-ci/alire-crates-ci/test/2a16d3b3-d57f-4abb-b22a-c9dd858f8838/functional_4.1.1_c1ff2600/src/functional-try.ads
/home/runner/work/alire-crates-ci/alire-crates-ci/test/2a16d3b3-d57f-4abb-b22a-c9dd858f8838/functional_4.1.1_c1ff2600/src/functional.ads
/home/runner/.local/share/alire/toolchains/gnat_native_13.2.2_a27fd794/lib/gcc/x86_64-pc-linux-gnu/13.2.0/adainclude/ada.ads
/home/runner/.local/share/alire/toolchains/gnat_native_13.2.2_a27fd794/lib/gcc/x86_64-pc-linux-gnu/13.2.0/adainclude/a-except.ads
/home/runner/.local/share/alire/toolchains/gnat_native_13.2.2_a27fd794/lib/gcc/x86_64-pc-linux-gnu/13.2.0/adainclude/s-parame.ads
/home/runner/.local/share/alire/toolchains/gnat_native_13.2.2_a27fd794/lib/gcc/x86_64-pc-linux-gnu/13.2.0/adainclude/s-stalib.ads
/home/runner/.local/share/alire/toolchains/gnat_native_13.2.2_a27fd794/lib/gcc/x86_64-pc-linux-gnu/13.2.0/adainclude/a-unccon.ads
/home/runner/.local/share/alire/toolchains/gnat_native_13.2.2_a27fd794/lib/gcc/x86_64-pc-linux-gnu/13.2.0/adainclude/s-traent.ads
/home/runner/work/alire-crates-ci/alire-crates-ci/test/2a16d3b3-d57f-4abb-b22a-c9dd858f8838/functional_4.1.1_c1ff2600/src/functional-result.ads
/home/runner/work/alire-crates-ci/alire-crates-ci/test/2a16d3b3-d57f-4abb-b22a-c9dd858f8838/functional_4.1.1_c1ff2600/src/functional-option.ads
   [Ada]          functional-option.adb
/home/runner/.local/share/alire/toolchains/gnat_native_13.2.2_a27fd794/lib/gcc/x86_64-pc-linux-gnu/13.2.0/adainclude/system.ads
/home/runner/work/alire-crates-ci/alire-crates-ci/test/2a16d3b3-d57f-4abb-b22a-c9dd858f8838/functional_4.1.1_c1ff2600/src/functional-try-map_to_result_with_param.adb
/home/runner/work/alire-crates-ci/alire-crates-ci/test/2a16d3b3-d57f-4abb-b22a-c9dd858f8838/functional_4.1.1_c1ff2600/src/functional-try-map_to_result_with_param.ads
/home/runner/work/alire-crates-ci/alire-crates-ci/test/2a16d3b3-d57f-4abb-b22a-c9dd858f8838/functional_4.1.1_c1ff2600/src/functional-try.ads
/home/runner/work/alire-crates-ci/alire-crates-ci/test/2a16d3b3-d57f-4abb-b22a-c9dd858f8838/functional_4.1.1_c1ff2600/src/functional.ads
/home/runner/.local/share/alire/toolchains/gnat_native_13.2.2_a27fd794/lib/gcc/x86_64-pc-linux-gnu/13.2.0/adainclude/ada.ads
/home/runner/.local/share/alire/toolchains/gnat_native_13.2.2_a27fd794/lib/gcc/x86_64-pc-linux-gnu/13.2.0/adainclude/a-except.ads
/home/runner/.local/share/alire/toolchains/gnat_native_13.2.2_a27fd794/lib/gcc/x86_64-pc-linux-gnu/13.2.0/adainclude/s-parame.ads
/home/runner/.local/share/alire/toolchains/gnat_native_13.2.2_a27fd794/lib/gcc/x86_64-pc-linux-gnu/13.2.0/adainclude/s-stalib.ads
/home/runner/.local/share/alire/toolchains/gnat_native_13.2.2_a27fd794/lib/gcc/x86_64-pc-linux-gnu/13.2.0/adainclude/a-unccon.ads
/home/runner/.local/share/alire/toolchains/gnat_native_13.2.2_a27fd794/lib/gcc/x86_64-pc-linux-gnu/13.2.0/adainclude/s-traent.ads
/home/runner/work/alire-crates-ci/alire-crates-ci/test/2a16d3b3-d57f-4abb-b22a-c9dd858f8838/functional_4.1.1_c1ff2600/src/functional-result.ads
/home/runner/work/alire-crates-ci/alire-crates-ci/test/2a16d3b3-d57f-4abb-b22a-c9dd858f8838/functional_4.1.1_c1ff2600/src/functional-option.ads
   [Ada]          functional-try.adb
/home/runner/.local/share/alire/toolchains/gnat_native_13.2.2_a27fd794/lib/gcc/x86_64-pc-linux-gnu/13.2.0/adainclude/system.ads
/home/runner/work/alire-crates-ci/alire-crates-ci/test/2a16d3b3-d57f-4abb-b22a-c9dd858f8838/functional_4.1.1_c1ff2600/src/functional-scoped.adb
/home/runner/work/alire-crates-ci/alire-crates-ci/test/2a16d3b3-d57f-4abb-b22a-c9dd858f8838/functional_4.1.1_c1ff2600/src/functional-scoped.ads
/home/runner/work/alire-crates-ci/alire-crates-ci/test/2a16d3b3-d57f-4abb-b22a-c9dd858f8838/functional_4.1.1_c1ff2600/src/functional.ads
/home/runner/.local/share/alire/toolchains/gnat_native_13.2.2_a27fd794/lib/gcc/x86_64-pc-linux-gnu/13.2.0/adainclude/ada.ads
/home/runner/.local/share/alire/toolchains/gnat_native_13.2.2_a27fd794/lib/gcc/x86_64-pc-linux-gnu/13.2.0/adainclude/a-finali.ads
/home/runner/.local/share/alire/toolchains/gnat_native_13.2.2_a27fd794/lib/gcc/x86_64-pc-linux-gnu/13.2.0/adainclude/s-finroo.ads
/home/runner/.local/share/alire/toolchains/gnat_native_13.2.2_a27fd794/lib/gcc/x86_64-pc-linux-gnu/13.2.0/adainclude/a-sttebu.ads
/home/runner/.local/share/alire/toolchains/gnat_native_13.2.2_a27fd794/lib/gcc/x86_64-pc-linux-gnu/13.2.0/adainclude/a-string.ads
/home/runner/.local/share/alire/toolchains/gnat_native_13.2.2_a27fd794/lib/gcc/x86_64-pc-linux-gnu/13.2.0/adainclude/a-stuten.ads
/home/runner/.local/share/alire/toolchains/gnat_native_13.2.2_a27fd794/lib/gcc/x86_64-pc-linux-gnu/13.2.0/adainclude/a-unccon.ads
/home/runner/.local/share/alire/toolchains/gnat_native_13.2.2_a27fd794/lib/gcc/x86_64-pc-linux-gnu/13.2.0/adainclude/interfac.ads
/home/runner/.local/share/alire/toolchains/gnat_native_13.2.2_a27fd794/lib/gcc/x86_64-pc-linux-gnu/13.2.0/adainclude/s-stalib.ads
/home/runner/.local/share/alire/toolchains/gnat_native_13.2.2_a27fd794/lib/gcc/x86_64-pc-linux-gnu/13.2.0/adainclude/s-exctab.ads
/home/runner/.local/share/alire/toolchains/gnat_native_13.2.2_a27fd794/lib/gcc/x86_64-pc-linux-gnu/13.2.0/adainclude/a-tags.ads
/home/runner/.local/share/alire/toolchains/gnat_native_13.2.2_a27fd794/lib/gcc/x86_64-pc-linux-gnu/13.2.0/adainclude/s-stoele.ads
/home/runner/.local/share/alire/toolchains/gnat_native_13.2.2_a27fd794/lib/gcc/x86_64-pc-linux-gnu/13.2.0/adainclude/s-soflin.ads
/home/runner/.local/share/alire/toolchains/gnat_native_13.2.2_a27fd794/lib/gcc/x86_64-pc-linux-gnu/13.2.0/adainclude/a-except.ads
/home/runner/.local/share/alire/toolchains/gnat_native_13.2.2_a27fd794/lib/gcc/x86_64-pc-linux-gnu/13.2.0/adainclude/s-parame.ads
/home/runner/.local/share/alire/toolchains/gnat_native_13.2.2_a27fd794/lib/gcc/x86_64-pc-linux-gnu/13.2.0/adainclude/s-traent.ads
/home/runner/.local/share/alire/toolchains/gnat_native_13.2.2_a27fd794/lib/gcc/x86_64-pc-linux-gnu/13.2.0/adainclude/s-secsta.ads
/home/runner/.local/share/alire/toolchains/gnat_native_13.2.2_a27fd794/lib/gcc/x86_64-pc-linux-gnu/13.2.0/adainclude/s-stache.ads
/home/runner/.local/share/alire/toolchains/gnat_native_13.2.2_a27fd794/lib/gcc/x86_64-pc-linux-gnu/13.2.0/adainclude/a-stream.ads
/home/runner/.local/share/alire/toolchains/gnat_native_13.2.2_a27fd794/lib/gcc/x86_64-pc-linux-gnu/13.2.0/adainclude/s-putima.ads
/home/runner/.local/share/alire/toolchains/gnat_native_13.2.2_a27fd794/lib/gcc/x86_64-pc-linux-gnu/13.2.0/adainclude/s-unstyp.ads
/home/runner/.local/share/alire/toolchains/gnat_native_13.2.2_a27fd794/lib/gcc/x86_64-pc-linux-gnu/13.2.0/adainclude/s-stoele.adb
   [Ada]          functional-try-to_option.adb
/home/runner/.local/share/alire/toolchains/gnat_native_13.2.2_a27fd794/lib/gcc/x86_64-pc-linux-gnu/13.2.0/adainclude/system.ads
/home/runner/work/alire-crates-ci/alire-crates-ci/test/2a16d3b3-d57f-4abb-b22a-c9dd858f8838/functional_4.1.1_c1ff2600/src/functional-option.adb
/home/runner/work/alire-crates-ci/alire-crates-ci/test/2a16d3b3-d57f-4abb-b22a-c9dd858f8838/functional_4.1.1_c1ff2600/src/functional-option.ads
/home/runner/work/alire-crates-ci/alire-crates-ci/test/2a16d3b3-d57f-4abb-b22a-c9dd858f8838/functional_4.1.1_c1ff2600/src/functional.ads
/home/runner/.local/share/alire/toolchains/gnat_native_13.2.2_a27fd794/lib/gcc/x86_64-pc-linux-gnu/13.2.0/adainclude/system.ads
/home/runner/work/alire-crates-ci/alire-crates-ci/test/2a16d3b3-d57f-4abb-b22a-c9dd858f8838/functional_4.1.1_c1ff2600/src/functional-try-map_to_result.adb
/home/runner/work/alire-crates-ci/alire-crates-ci/test/2a16d3b3-d57f-4abb-b22a-c9dd858f8838/functional_4.1.1_c1ff2600/src/functional-try-map_to_result.ads
/home/runner/work/alire-crates-ci/alire-crates-ci/test/2a16d3b3-d57f-4abb-b22a-c9dd858f8838/functional_4.1.1_c1ff2600/src/functional-try.ads
/home/runner/work/alire-crates-ci/alire-crates-ci/test/2a16d3b3-d57f-4abb-b22a-c9dd858f8838/functional_4.1.1_c1ff2600/src/functional.ads
/home/runner/.local/share/alire/toolchains/gnat_native_13.2.2_a27fd794/lib/gcc/x86_64-pc-linux-gnu/13.2.0/adainclude/ada.ads
/home/runner/.local/share/alire/toolchains/gnat_native_13.2.2_a27fd794/lib/gcc/x86_64-pc-linux-gnu/13.2.0/adainclude/a-except.ads
/home/runner/.local/share/alire/toolchains/gnat_native_13.2.2_a27fd794/lib/gcc/x86_64-pc-linux-gnu/13.2.0/adainclude/s-parame.ads
/home/runner/.local/share/alire/toolchains/gnat_native_13.2.2_a27fd794/lib/gcc/x86_64-pc-linux-gnu/13.2.0/adainclude/s-stalib.ads
/home/runner/.local/share/alire/toolchains/gnat_native_13.2.2_a27fd794/lib/gcc/x86_64-pc-linux-gnu/13.2.0/adainclude/a-unccon.ads
/home/runner/.local/share/alire/toolchains/gnat_native_13.2.2_a27fd794/lib/gcc/x86_64-pc-linux-gnu/13.2.0/adainclude/s-traent.ads
/home/runner/work/alire-crates-ci/alire-crates-ci/test/2a16d3b3-d57f-4abb-b22a-c9dd858f8838/functional_4.1.1_c1ff2600/src/functional-result.ads
/home/runner/work/alire-crates-ci/alire-crates-ci/test/2a16d3b3-d57f-4abb-b22a-c9dd858f8838/functional_4.1.1_c1ff2600/src/functional-option.ads
/home/runner/.local/share/alire/toolchains/gnat_native_13.2.2_a27fd794/lib/gcc/x86_64-pc-linux-gnu/13.2.0/adainclude/system.ads
/home/runner/work/alire-crates-ci/alire-crates-ci/test/2a16d3b3-d57f-4abb-b22a-c9dd858f8838/functional_4.1.1_c1ff2600/src/functional-try.adb
/home/runner/work/alire-crates-ci/alire-crates-ci/test/2a16d3b3-d57f-4abb-b22a-c9dd858f8838/functional_4.1.1_c1ff2600/src/functional-try.ads
/home/runner/work/alire-crates-ci/alire-crates-ci/test/2a16d3b3-d57f-4abb-b22a-c9dd858f8838/functional_4.1.1_c1ff2600/src/functional.ads
/home/runner/.local/share/alire/toolchains/gnat_native_13.2.2_a27fd794/lib/gcc/x86_64-pc-linux-gnu/13.2.0/adainclude/ada.ads
/home/runner/.local/share/alire/toolchains/gnat_native_13.2.2_a27fd794/lib/gcc/x86_64-pc-linux-gnu/13.2.0/adainclude/a-except.ads
/home/runner/.local/share/alire/toolchains/gnat_native_13.2.2_a27fd794/lib/gcc/x86_64-pc-linux-gnu/13.2.0/adainclude/s-parame.ads
/home/runner/.local/share/alire/toolchains/gnat_native_13.2.2_a27fd794/lib/gcc/x86_64-pc-linux-gnu/13.2.0/adainclude/s-stalib.ads
/home/runner/.local/share/alire/toolchains/gnat_native_13.2.2_a27fd794/lib/gcc/x86_64-pc-linux-gnu/13.2.0/adainclude/a-unccon.ads
/home/runner/.local/share/alire/toolchains/gnat_native_13.2.2_a27fd794/lib/gcc/x86_64-pc-linux-gnu/13.2.0/adainclude/s-traent.ads
/home/runner/work/alire-crates-ci/alire-crates-ci/test/2a16d3b3-d57f-4abb-b22a-c9dd858f8838/functional_4.1.1_c1ff2600/src/functional-result.ads
/home/runner/work/alire-crates-ci/alire-crates-ci/test/2a16d3b3-d57f-4abb-b22a-c9dd858f8838/functional_4.1.1_c1ff2600/src/functional-option.ads
/home/runner/.local/share/alire/toolchains/gnat_native_13.2.2_a27fd794/lib/gcc/x86_64-pc-linux-gnu/13.2.0/adainclude/system.ads
/home/runner/work/alire-crates-ci/alire-crates-ci/test/2a16d3b3-d57f-4abb-b22a-c9dd858f8838/functional_4.1.1_c1ff2600/src/functional-try-to_option.adb
/home/runner/work/alire-crates-ci/alire-crates-ci/test/2a16d3b3-d57f-4abb-b22a-c9dd858f8838/functional_4.1.1_c1ff2600/src/functional-try-to_option.ads
/home/runner/work/alire-crates-ci/alire-crates-ci/test/2a16d3b3-d57f-4abb-b22a-c9dd858f8838/functional_4.1.1_c1ff2600/src/functional-try.ads
/home/runner/work/alire-crates-ci/alire-crates-ci/test/2a16d3b3-d57f-4abb-b22a-c9dd858f8838/functional_4.1.1_c1ff2600/src/functional.ads
/home/runner/.local/share/alire/toolchains/gnat_native_13.2.2_a27fd794/lib/gcc/x86_64-pc-linux-gnu/13.2.0/adainclude/ada.ads
/home/runner/.local/share/alire/toolchains/gnat_native_13.2.2_a27fd794/lib/gcc/x86_64-pc-linux-gnu/13.2.0/adainclude/a-except.ads
/home/runner/.local/share/alire/toolchains/gnat_native_13.2.2_a27fd794/lib/gcc/x86_64-pc-linux-gnu/13.2.0/adainclude/s-parame.ads
/home/runner/.local/share/alire/toolchains/gnat_native_13.2.2_a27fd794/lib/gcc/x86_64-pc-linux-gnu/13.2.0/adainclude/s-stalib.ads
/home/runner/.local/share/alire/toolchains/gnat_native_13.2.2_a27fd794/lib/gcc/x86_64-pc-linux-gnu/13.2.0/adainclude/a-unccon.ads
/home/runner/.local/share/alire/toolchains/gnat_native_13.2.2_a27fd794/lib/gcc/x86_64-pc-linux-gnu/13.2.0/adainclude/s-traent.ads
/home/runner/work/alire-crates-ci/alire-crates-ci/test/2a16d3b3-d57f-4abb-b22a-c9dd858f8838/functional_4.1.1_c1ff2600/src/functional-result.ads
/home/runner/work/alire-crates-ci/alire-crates-ci/test/2a16d3b3-d57f-4abb-b22a-c9dd858f8838/functional_4.1.1_c1ff2600/src/functional-option.ads
Build Libraries
   [gprlib]       functional.lexch
   [bind SAL]     functional
   [Ada]          b__functional.adb
   [objcopy]      p__functional_0.o
   [archive]      libfunctional.a
   [index]        libfunctional.a
Success: Build finished successfully in 0.37 seconds.
Found declared GPR file: functional.gpr
[alr test] Test completed SUCCESSFULLY
