Test ran at 2026-06-10 01:55:53.425568+00:00

SOLUTION:
gnatcoll_xref=26.0.0: GNAT Components Collection - xref
Origin: source archive v26.0.0.zip at https://github.com/AdaCore/gnatcoll-db/archive/refs/tags/v26.0.0.zip with hash sha512:65ed82f825d80cfd3e3e762f424c9a0e8ad0a99613f7d4cb2419e24955d5c2b3ac567f5703c14b4e9b69580881e5104786e0db00a1c9c1f04daeb9c2c4263a21
Properties:
   Author: AdaCore
   Configuration: no modifiers
   Description: GNAT Components Collection - xref
   License: GPL-3.0-or-later WITH GCC-exception-3.1
   Maintainer: chouteau@adacore.com
   Maintainer: sagaert@adacore.com
   Maintainers_Logins: Fabien-Chouteau
   Maintainers_Logins: AldanTanneo
   Name: gnatcoll_xref
   Project_File: xref/gnatcoll_xref.gpr
   Tag: gnatcoll
   Tag: database
   Tag: xref
   Tag: ali
   Version: 26.0.0
   Website: https://github.com/adacore/gnatcoll-db
Dependencies (direct):
   gnatcoll_iconv~26.0.0
   gnatcoll_projects~26.0.0
   gnatcoll_sqlite~26.0.0
   gnatcoll_sql~26.0.0
   gnatcoll~26.0.0
Dependencies (solution):
   gnat=15.2.1 (gnat_native)
   gnatcoll=26.0.0
   gnatcoll_iconv=26.0.0
   gnatcoll_minimal=26.0.0
   gnatcoll_projects=26.0.0
   gnatcoll_sql=26.0.0
   gnatcoll_sqlite=26.0.0
   libgpr=26.0.0
   xmlada=26.0.0
Dependencies (graph):
   gnatcoll=26.0.0          --> gnat=15.2.1 (gnat_native) (>=14)
   gnatcoll=26.0.0          --> gnatcoll_minimal=26.0.0 (~26.0.0)
   gnatcoll_iconv=26.0.0    --> gnatcoll=26.0.0 (~26.0.0)
   gnatcoll_minimal=26.0.0  --> gnat=15.2.1 (gnat_native) (>=14)
   gnatcoll_projects=26.0.0 --> gnat=15.2.1 (gnat_native) (>=14)
   gnatcoll_projects=26.0.0 --> gnatcoll=26.0.0 (~26.0.0)
   gnatcoll_projects=26.0.0 --> libgpr=26.0.0 (>=25.0.0)
   gnatcoll_sql=26.0.0      --> gnatcoll=26.0.0 (~26.0.0)
   gnatcoll_sqlite=26.0.0   --> gnatcoll=26.0.0 (~26.0.0)
   gnatcoll_sqlite=26.0.0   --> gnatcoll_sql=26.0.0 (~26.0.0)
   gnatcoll_xref=26.0.0     --> gnatcoll=26.0.0 (~26.0.0)
   gnatcoll_xref=26.0.0     --> gnatcoll_iconv=26.0.0 (~26.0.0)
   gnatcoll_xref=26.0.0     --> gnatcoll_projects=26.0.0 (~26.0.0)
   gnatcoll_xref=26.0.0     --> gnatcoll_sql=26.0.0 (~26.0.0)
   gnatcoll_xref=26.0.0     --> gnatcoll_sqlite=26.0.0 (~26.0.0)
   libgpr=26.0.0            --> gnat=15.2.1 (gnat_native) (>=15)
   libgpr=26.0.0            --> xmlada=26.0.0 (~26.0.0)
   xmlada=26.0.0            --> gnat=15.2.1 (gnat_native) (>=11)


LOG:
[alr test] Testing gnatcoll_xref=26.0.0
[alr test] Spawning retrieval for remote crate: alr -d -n get gnatcoll_xref=26.0.0
Note: Deploying gnatcoll_xref=26.0.0...
#=#=#                                                                         
##O#-#                                                                        
##O=#  #                                                                      
#-#O=#  #                                                                     
 #-#O=#   #                                                                   
Note: Deploying libgpr=26.0.0...
#=#=#                                                                         
##O#-#                                                                        
##O=#  #                                                                      
#-#O=#  #                                                                     
 #-#O=#   #                                                                   
Note: Deploying gnatcoll_iconv=26.0.0...
#=#=#                                                                         
##O#-#                                                                        
##=O#- #                                                                      
Note: Deploying gnatcoll_projects=26.0.0...
#=#=#                                                                         

                                                                           0.2%
#                                                                          2.3%
#######                                                                   10.9%
###################                                                       26.6%
###################################################                       71.6%
######################################################################## 100.0%
Note: Deploying gnatcoll_sql=26.0.0...
#=#=#                                                                         
##O#-#                                                                        
##=O#- #                                                                      
# #=O#- #                                                                     
 # #=O#-  #                                                                   
  # #=O=#   #                                                                 
Note: Deploying gnatcoll_sqlite=26.0.0...
#=#=#                                                                         
##O#-#                                                                        
##=O#- #                                                                      
# #=O#- #                                                                     
 # #=O#-  #                                                                   
  # #=O=#   #                                                                 

gnatcoll_xref=26.0.0 successfully retrieved.
Dependencies were solved as follows:

   +b gnat              15.2.1 (new,gnat_native,indirect,binary)
   +  gnatcoll          26.0.0 (new)
   +  gnatcoll_iconv    26.0.0 (new)
   +  gnatcoll_minimal  26.0.0 (new,indirect)
   +  gnatcoll_projects 26.0.0 (new)
   +  gnatcoll_sql      26.0.0 (new)
   +  gnatcoll_sqlite   26.0.0 (new)
   +  libgpr            26.0.0 (new,indirect)
   +  xmlada            26.0.0 (new,indirect)
[alr test] Spawning default test for remote crate: alr -d -n build --release -- -cargs:Ada -gnatwn
Note: Building gnatcoll_xref=26.0.0/xref/gnatcoll_xref.gpr...
Setup
   [mkdir]        object directory for project XmlAda_Schema
   [mkdir]        object directory for project GPR
   [mkdir]        library directory for project GPR
   [mkdir]        object directory for project GNATCOLL_Projects
   [mkdir]        library directory for project GNATCOLL_Projects
   [mkdir]        object directory for project GnatColl_Iconv
   [mkdir]        library directory for project GnatColl_Iconv
   [mkdir]        object directory for project GnatColl_SQL
   [mkdir]        library directory for project GnatColl_SQL
   [mkdir]        object directory for project GnatColl_Sqlite
   [mkdir]        library directory for project GnatColl_Sqlite
   [mkdir]        object directory for project GnatColl_Xref
   [mkdir]        library directory for project GnatColl_Xref
Compile
   [C]            shell.c
   [C]            sqlite3.c
   [Ada]          gnatcoll-sql-sqlite-gnade.adb
   [Ada]          gnatcoll-sql-sqlite.adb
   [Ada]          gnatcoll-sql-sqlite-builder.adb
   [Ada]          gnatcoll-sql.adb
   [Ada]          gnatcoll-sql-orm.adb
   [Ada]          gnatcoll-sql-inspect.adb
   [Ada]          gnatcoll-sql_fields.adb
   [Ada]          gnatcoll-sql_impl.adb
   [Ada]          gnatcoll-sql-exec_private.adb
   [Ada]          gnatcoll-sql-exec.adb
   [Ada]          gnatcoll-sql-exec-tasking.adb
   [Ada]          gnatcoll-sql-orm-impl.adb
   [Ada]          gnatcoll-sql-sessions.adb
   [C]            iconv_support.c
   [Ada]          gnatcoll-iconv.adb
   [Ada]          schema-readers.adb
   [Ada]          schema-simple_types.adb
   [Ada]          schema-decimal.adb
/root/.local/share/alire/builds/gnatcoll_sqlite_26.0.0_65ed82f8/d433d279db6cbfa24c17d902f6b25e058e74d1980de1ad76d6c5849be4bb7ad1/sqlite/amalgamation/sqlite3.c: In function 'sqlite3SelectNew':
/root/.local/share/alire/builds/gnatcoll_sqlite_26.0.0_65ed82f8/d433d279db6cbfa24c17d902f6b25e058e74d1980de1ad76d6c5849be4bb7ad1/sqlite/amalgamation/sqlite3.c:117842:10: warning: function may return address of local variable [-Wreturn-local-addr]
117842 |   return pNew;
       |          ^~~~
/root/.local/share/alire/builds/gnatcoll_sqlite_26.0.0_65ed82f8/d433d279db6cbfa24c17d902f6b25e058e74d1980de1ad76d6c5849be4bb7ad1/sqlite/amalgamation/sqlite3.c:117801:10: note: declared here
117801 |   Select standin;
       |          ^~~~~~~
/root/.local/share/alire/builds/gnatcoll_sqlite_26.0.0_65ed82f8/d433d279db6cbfa24c17d902f6b25e058e74d1980de1ad76d6c5849be4bb7ad1/sqlite/amalgamation/sqlite3.c:117801:10: note: declared here
/root/.local/share/alire/builds/gnatcoll_sqlite_26.0.0_65ed82f8/d433d279db6cbfa24c17d902f6b25e058e74d1980de1ad76d6c5849be4bb7ad1/sqlite/amalgamation/sqlite3.c: In function 'sqlite3VdbeExpandSql':
/root/.local/share/alire/builds/gnatcoll_sqlite_26.0.0_65ed82f8/d433d279db6cbfa24c17d902f6b25e058e74d1980de1ad76d6c5849be4bb7ad1/sqlite/amalgamation/sqlite3.c:79063:10: warning: function may return address of local variable [-Wreturn-local-addr]
79063 |   return sqlite3StrAccumFinish(&out);
      |          ^~~~~~~~~~~~~~~~~~~~~~~~~~~
/root/.local/share/alire/builds/gnatcoll_sqlite_26.0.0_65ed82f8/d433d279db6cbfa24c17d902f6b25e058e74d1980de1ad76d6c5849be4bb7ad1/sqlite/amalgamation/sqlite3.c:78959:8: note: declared here
78959 |   char zBase[100];         /* Initial working space */
      |        ^~~~~
/root/.local/share/alire/builds/gnatcoll_sqlite_26.0.0_65ed82f8/d433d279db6cbfa24c17d902f6b25e058e74d1980de1ad76d6c5849be4bb7ad1/sqlite/amalgamation/sqlite3.c:79063:10: warning: function may return address of local variable [-Wreturn-local-addr]
79063 |   return sqlite3StrAccumFinish(&out);
      |          ^~~~~~~~~~~~~~~~~~~~~~~~~~~
/root/.local/share/alire/builds/gnatcoll_sqlite_26.0.0_65ed82f8/d433d279db6cbfa24c17d902f6b25e058e74d1980de1ad76d6c5849be4bb7ad1/sqlite/amalgamation/sqlite3.c:78959:8: note: declared here
78959 |   char zBase[100];         /* Initial working space */
      |        ^~~~~
/root/.local/share/alire/builds/gnatcoll_sqlite_26.0.0_65ed82f8/d433d279db6cbfa24c17d902f6b25e058e74d1980de1ad76d6c5849be4bb7ad1/sqlite/amalgamation/sqlite3.c:78959:8: note: declared here
/root/.local/share/alire/builds/gnatcoll_sqlite_26.0.0_65ed82f8/d433d279db6cbfa24c17d902f6b25e058e74d1980de1ad76d6c5849be4bb7ad1/sqlite/amalgamation/sqlite3.c:78959:8: note: declared here
/root/.local/share/alire/builds/gnatcoll_sqlite_26.0.0_65ed82f8/d433d279db6cbfa24c17d902f6b25e058e74d1980de1ad76d6c5849be4bb7ad1/sqlite/amalgamation/sqlite3.c:78959:8: note: declared here
   [Ada]          schema-validators.adb
   [Ada]          schema-schema_readers.adb
   [Ada]          schema.adb
   [Ada]          schema-date_time.adb
   [Ada]          schema-validators-xsd_grammar.adb
   [Ada]          schema-dom_readers.adb
   [Ada]          dom-core-documents.adb
   [Ada]          dom-core-attrs.adb
   [Ada]          dom-readers.adb
   [Ada]          dom-core-entity_references.ads
   [Ada]          dom-core-document_fragments.ads
   [Ada]          dom-core-nodes.adb
   [Ada]          dom.ads
   [Ada]          dom-core-texts.adb
   [Ada]          dom-core-notations.adb
   [Ada]          dom-core-elements.adb
   [Ada]          dom-core-processing_instructions.ads
   [Ada]          dom-core.adb
   [Ada]          dom-core-comments.ads
   [Ada]          dom-core-character_datas.adb
   [Ada]          dom-core-document_types.adb
   [Ada]          dom-core-cdata_sections.ads
   [C]            gpr_imports.c
   [Ada]          gpr-ali.adb
   [Ada]          gpr-tempdir.adb
   [Ada]          gpr-pp.adb
   [Ada]          gpr-proc.adb
   [Ada]          gpr-sdefault.adb
gpr-sdefault.adb:29:06: warning: "System.OS_Constants" is an internal GNAT unit [-gnatwi]
gpr-sdefault.adb:29:06: warning: use of this unit is non-portable and version-dependent [-gnatwi]
   [Ada]          gpr-compilation-process.adb
   [Ada]          gpr-names.adb
   [Ada]          gpr-nmsc.adb
   [Ada]          gpr-script.adb
   [Ada]          gpr-debug.adb
   [Ada]          gpr-knowledge.adb
   [Ada]          gpr-conf.adb
   [Ada]          gpr-sinput.adb
   [Ada]          gpr-erroutc.adb
   [Ada]          gpr-output.adb
   [Ada]          gpr-cset.adb
   [Ada]          gpr-part.adb
   [Ada]          gpr-tree.adb
   [Ada]          gpr-jobserver.adb
   [Ada]          gpr-com.ads
   [Ada]          gpr-ext.adb
   [Ada]          gpr-attr-pm.adb
   [Ada]          gpr-strt.adb
   [Ada]          gpr-env.adb
   [Ada]          gpr-compilation-sync.adb
   [Ada]          gpr-dect.adb
   [Ada]          gpr-compilation-process-waiter.adb
   [Ada]          gpr-err.adb
   [Ada]          gpr-compilation-slave.adb
   [Ada]          gpr-scans.adb
   [Ada]          gpr-compilation.adb
   [Ada]          gpr-osint.adb
gpr-osint.adb:30:06: warning: "System.CRTL" is an internal GNAT unit [-gnatwi]
gpr-osint.adb:30:06: warning: use of this unit is non-portable and version-dependent [-gnatwi]
gpr-osint.adb:31:06: warning: "System.OS_Constants" is an internal GNAT unit [-gnatwi]
gpr-osint.adb:31:06: warning: use of this unit is non-portable and version-dependent [-gnatwi]
   [Ada]          gpr-snames.adb
   [Ada]          gpr-opt.ads
   [Ada]          gpr.adb
   [Ada]          gpr-version.adb
   [Ada]          gpr-compilation-protocol.adb
   [Ada]          gpr-util.adb
   [Ada]          gpr-attr.adb
   [Ada]          gpr-util-aux.adb
   [Ada]          gpr_build_util.adb
   [Ada]          gnatcoll-projects-aux.adb
   [Ada]          gnatcoll-projects.adb
   [Ada]          gnatcoll-scripts-projects.adb
   [Ada]          gnatcoll-scripts-files.adb
   [Ada]          gnatcoll-projects-normalize.adb
gpr-util-put_resource_usage__unix.adb:34:25: (style) bad casing of "Timeval" declared at g-sothco.ads:59 [-gnatyr]
gpr-util-put_resource_usage__unix.adb:35:25: (style) bad casing of "Timeval" declared at g-sothco.ads:59 [-gnatyr]
gpr-util-put_resource_usage__unix.adb:69:35: (style) bad casing of "Timeval" declared at g-sothco.ads:59 [-gnatyr]
gpr-util-put_resource_usage__unix.adb:78:35: (style) bad casing of "Timeval" declared at g-sothco.ads:59 [-gnatyr]
gpr-util-put_resource_usage__unix.adb:84:55: (style) bad casing of "Tv_Usec" declared at g-sothco.ads:61 [-gnatyr]
gpr-util-put_resource_usage__unix.adb:86:25: (style) bad casing of "Tv_Sec" declared at g-sothco.ads:60 [-gnatyr]
   [Ada]          gnatcoll-projects-krunch.adb
   [Ada]          gnatcoll-xref-database.adb
   [Ada]          gnatcoll-xref-database_names.ads
   [Ada]          gnatcoll-xref.adb
Build Libraries
   [gprlib]       xmlada_dom.lexch
   [gprlib]       xmlada_schema.lexch
   [archive]      libxmlada_dom.a
   [index]        libxmlada_dom.a
   [gprlib]       gpr.lexch
   [archive]      libxmlada_schema.a
   [index]        libxmlada_schema.a
   [gprlib]       gnatcoll_projects.lexch
   [archive]      libgpr.a
   [index]        libgpr.a
   [gprlib]       gnatcoll_iconv.lexch
   [gprlib]       gnatcoll_sql.lexch
   [gprlib]       gnatcoll_sqlite.lexch
   [archive]      libgnatcoll_projects.a
   [archive]      libgnatcoll_iconv.a
   [archive]      libgnatcoll_sql.a
   [index]        libgnatcoll_iconv.a
   [index]        libgnatcoll_projects.a
   [index]        libgnatcoll_sql.a
   [gprlib]       gnatcoll_xref.lexch
   [archive]      libgnatcoll_sqlite.a
   [index]        libgnatcoll_sqlite.a
   [archive]      libgnatcoll_xref.a
   [index]        libgnatcoll_xref.a
Success: Build finished successfully in 138.20 seconds.
Found declared GPR file: xref/gnatcoll_xref.gpr
[alr test] Test completed SUCCESSFULLY
