Test ran at 2026-06-21 13:25:52.539433+00:00

SOLUTION:
getada=1.0.1: The unofficial mac and linux installer for Alire.
Origin: commit e3e93ee60e9e1dec530952a89a7bc570ee99e062 from https://github.com/AJ-Ianozi/getada.git
Available when: (case OS is Linux => True, Macos => True, Os_Unknown => True, others => False)
Properties:
   Author: A.J. Ianozi
   Description: The unofficial mac and linux installer for Alire.
   Executable: getada
   License: GPL-3.0-only
   Maintainer: A.J. Ianozi <aj@ianozi.com>
   Maintainers_Logins: AJ-Ianozi
   Name: getada
   Tag: ada
   Tag: alire
   Tag: tool
   Tag: utility
   Version: 1.0.1
   Website: https://www.getada.dev/
Dependencies (direct):
   gnat>=12 & <2000
   gnatcoll^24.0.0
   zipada^58.0.0
Dependencies (solution):
   gnat=13.2.2 (gnat_native)
   gnatcoll=24.0.0
   libgpr=24.0.0
   xmlada=24.0.0
   zipada=58.0.0
Dependencies (graph):
   getada=1.0.1    --> gnat=13.2.2 (gnat_native) (>=12 & <2000)
   getada=1.0.1    --> gnatcoll=24.0.0 (^24.0.0)
   getada=1.0.1    --> zipada=58.0.0 (^58.0.0)
   gnatcoll=24.0.0 --> libgpr=24.0.0 (~24.0.0)
   libgpr=24.0.0   --> gnat=13.2.2 (gnat_native) (/=2020)
   libgpr=24.0.0   --> xmlada=24.0.0 (~24.0.0)
   xmlada=24.0.0   --> gnat=13.2.2 (gnat_native) (>=11)


LOG:
