Test ran at 2025-05-28 00:47:34.423649+00:00

SOLUTION:
softdev=1.0.0: Serial protocols implemented in software
Origin: commit b5d1c8ed0beef9c532e17a883b80e674a410d11b from https://github.com/JeremyGrosser/softdev.git
Properties:
   Author: Jeremy Grosser
   Description: Serial protocols implemented in software
   License: BSD-3-Clause
   Maintainer: Jeremy Grosser <jeremy@synack.me>
   Maintainers_Logins: JeremyGrosser
   Name: softdev
   Tag: embedded
   Tag: i2c
   Version: 1.0.0
   Website: https://github.com/JeremyGrosser/softdev
Dependencies (direct):
   hal^1
Dependencies (solution):
   hal=1.0.0
Dependencies (graph):
   softdev=1.0.0 --> hal=1.0.0 (^1)


LOG:
Spawning: alr -d -n get --build softdev=1.0.0
Note: Deploying softdev=1.0.0...
Note: Deploying hal=1.0.0...
Note: Building softdev=1.0.0/softdev.gpr...
Setup
   [mkdir]        object directory for project HAL
   [mkdir]        library directory for project HAL
   [mkdir]        object directory for project Softdev
   [mkdir]        library directory for project Softdev
Compile
   [Ada]          hal-uart.ads
   [Ada]          hal-time.ads
   [Ada]          hal-bitmap.ads
   [Ada]          hal-gpio.ads
   [Ada]          hal-touch_panel.ads
   [Ada]          hal-filesystem.ads
   [Ada]          hal-real_time_clock.ads
   [Ada]          hal-audio.ads
   [Ada]          hal.ads
   [Ada]          hal-spi.ads
   [Ada]          hal-flash.ads
   [Ada]          hal-sdmmc.adb
   [Ada]          hal-i2c.ads
   [Ada]          hal-framebuffer.ads
   [Ada]          hal-dsi.ads
   [Ada]          hal-block_drivers.ads
   [Ada]          softdev_config.ads
   [Ada]          softdev-i2c_master.adb
   [Ada]          softdev.ads
Build Libraries
   [gprlib]       hal.lexch
   [gprlib]       Softdev.lexch
   [archive]      libhal.a
   [index]        libhal.a
   [archive]      libSoftdev.a
   [index]        libSoftdev.a

softdev=1.0.0 successfully retrieved and built.
Dependencies were solved as follows:

   + hal 1.0.0 (new)
Found declared GPR file: softdev.gpr
