Test ran at 2026-09-23 13:07:42.119739+00:00

SOLUTION:
progress_indicators=0.0.2: Ways of displaying progress in command line tools.
Origin: commit 61ad049bb6e203ed84575c2ad52e17b32bdbba77 from https://github.com/pyjarrett/progress_indicators.git
Properties:
   Author: the progress_indicators authors
   Build Switches: 
   Description: Ways of displaying progress in command line tools.
   License: Apache-2.0
   Maintainer: Paul Jarrett <jarrett.paul.young@gmail.com>
   Maintainers_Logins: pyjarrett
   Name: progress_indicators
   Project_File: progress_indicators.gpr
   Tag: command-line
   Tag: console
   Tag: terminal
   Tag: progress
   Version: 0.0.2
   Website: https://github.com/pyjarrett/progress_indicators
Dependencies (direct):
   ansiada^1.1.0
Dependencies (solution):
   ansiada=1.1.0
Dependencies (graph):
   progress_indicators=0.0.2 --> ansiada=1.1.0 (^1.1.0)


LOG:
[alr test] Testing progress_indicators=0.0.2
[alr test] Spawning retrieval for remote crate: alr -d -n get progress_indicators=0.0.2
Note: Deploying progress_indicators=0.0.2...
Note: Deploying ansiada=1.1.0...

progress_indicators=0.0.2 successfully retrieved.
Dependencies were solved as follows:

   + ansiada 1.1.0 (new)
[alr test] Spawning default test for remote crate: alr -d -n build --release -- -cargs:Ada -gnatwn
Note: Building progress_indicators=0.0.2/progress_indicators.gpr...
"C:\Users\runneradmin\AppData\Local\alire\cache\builds\ansiada_1.1.0_405f110b\bbb0e5455e0e5114ecaba98cef1584c705ce26591407da5b4177a0f293745a88\obj\release" created
"C:\Users\runneradmin\AppData\Local\alire\cache\builds\ansiada_1.1.0_405f110b\bbb0e5455e0e5114ecaba98cef1584c705ce26591407da5b4177a0f293745a88\lib" created
"obj\release" created
"lib" created
[Ada Compile]     ansiada.ads
[Ada Compile]     ansiada_config.ads
[Ada Compile]     progress_indicators-bars.adb
[Ada Compile]     progress_indicators-spinners.adb
[Ada Compile]     progress_indicators-work_trackers.adb
[Ada Compile]     progress_indicators.ads
[Ada Compile]     progress_indicators_config.ads
[Archive]         libProgress_Indicators.a
[Archive]         libAnsiada.a
Success: Build finished successfully in 2.27 seconds.
Found declared GPR file: progress_indicators.gpr
[alr test] Test completed SUCCESSFULLY
