Test ran at 2026-02-20 12:44:28.283236+00:00

SOLUTION:
ada_voxel_space_demo=1.0.1: Voxel Space render engine demo in Ada
Origin: source archive ada_voxel_space_demo-1.0.1.zip at https://github.com/Fabien-Chouteau/ada-voxel-space-demo/releases/download/v1.0.1/ada_voxel_space_demo-1.0.1.zip with hash sha512:69740326ce512b57e15e311e82bbbd500bdbcb434290af598a379fbee8a157f9c6a18321d6b36164aae78687c0012f051bd7fcdb5eebd85ed6b2cec33a0b3917
Properties:
   Description: Voxel Space render engine demo in Ada
   Executable: main
   License: MIT
   Maintainer: fabien.chouteau@gmail.com
   Maintainers_Logins: Fabien-Chouteau
   Name: ada_voxel_space_demo
   Project_File: ada_voxel_space_demo.gpr
   Version: 1.0.1
Dependencies (direct):
   sdlada^2.3.1
Dependencies (solution):
   libsdl2=2.30.0
   libsdl2_image=2.8.2
   libsdl2_mixer=2.8.0
   libsdl2_ttf=2.22.0
   make=4.3.0
   sdlada=2.5.20
Dependencies (graph):
   ada_voxel_space_demo=1.0.1 --> sdlada=2.5.20 (^2.3.1)
   sdlada=2.5.20              --> libsdl2=2.30.0 (^2.0.0)
   sdlada=2.5.20              --> libsdl2_image=2.8.2 (^2.0.0)
   sdlada=2.5.20              --> libsdl2_mixer=2.8.0 (^2.0.0)
   sdlada=2.5.20              --> libsdl2_ttf=2.22.0 (^2.0.0)
   sdlada=2.5.20              --> make=4.3.0 (*)


LOG:
[alr test] Testing ada_voxel_space_demo=1.0.1
[alr test] Spawning retrieval for remote crate: alr -d -n get ada_voxel_space_demo=1.0.1
Note: Deploying ada_voxel_space_demo=1.0.1...
#=#=#                                                                          

#                                                                          1.9%
######################################################################## 100.0%

ada_voxel_space_demo=1.0.1 successfully retrieved.
Dependencies were solved as follows:

   +b libsdl2       2.30.0 (new,indirect,system package)
   +b libsdl2_image 2.8.2  (new,indirect,system package)
   +b libsdl2_mixer 2.8.0  (new,indirect,system package)
   +b libsdl2_ttf   2.22.0 (new,indirect,system package)
   +b make          4.3.0  (new,indirect,system package)
   +  sdlada        2.5.20 (new)
[alr test] Spawning default test for remote crate: alr -d -n build --release -- -cargs:Ada -gnatwn
Note: Running pre-build actions for sdlada=2.5.20...
make: Entering directory '/home/runner/.local/share/alire/builds/sdlada_2.5.20_cd53c280/6fb7cd5e05f2b64bf02112f09e955137cec2f3e30d76d03bfc25fea29d6751d6/build/gnat'
mkdir -p gen/src/
gprbuild -p -gnat2012 -XSDL_MODE=debug -XSDL_PLATFORM=linux \
	-Ptools.gpr
Link
   [link]         gen_keyboard.adb
/home/runner/.local/share/alire/toolchains/gnat_native_11.2.4_2f37a10b/bin/../lib/gcc/x86_64-pc-linux-gnu/11.2.0/../../../../x86_64-pc-linux-gnu/bin/ld: /lib/x86_64-linux-gnu/libc.so.6: unknown type [0x13] section `.relr.dyn'
/home/runner/.local/share/alire/toolchains/gnat_native_11.2.4_2f37a10b/bin/../lib/gcc/x86_64-pc-linux-gnu/11.2.0/../../../../x86_64-pc-linux-gnu/bin/ld: skipping incompatible /lib/x86_64-linux-gnu/libc.so.6 when searching for /lib/x86_64-linux-gnu/libc.so.6
/home/runner/.local/share/alire/toolchains/gnat_native_11.2.4_2f37a10b/bin/../lib/gcc/x86_64-pc-linux-gnu/11.2.0/../../../../x86_64-pc-linux-gnu/bin/ld: cannot find /lib/x86_64-linux-gnu/libc.so.6
/home/runner/.local/share/alire/toolchains/gnat_native_11.2.4_2f37a10b/bin/../lib/gcc/x86_64-pc-linux-gnu/11.2.0/../../../../x86_64-pc-linux-gnu/bin/ld: /lib/x86_64-linux-gnu/libc.so.6: unknown type [0x13] section `.relr.dyn'
/home/runner/.local/share/alire/toolchains/gnat_native_11.2.4_2f37a10b/bin/../lib/gcc/x86_64-pc-linux-gnu/11.2.0/../../../../x86_64-pc-linux-gnu/bin/ld: skipping incompatible /lib/x86_64-linux-gnu/libc.so.6 when searching for /lib/x86_64-linux-gnu/libc.so.6
/home/runner/.local/share/alire/toolchains/gnat_native_11.2.4_2f37a10b/bin/../lib/gcc/x86_64-pc-linux-gnu/11.2.0/../../../../x86_64-pc-linux-gnu/bin/ld: /lib64/ld-linux-x86-64.so.2: unknown type [0x13] section `.relr.dyn'
/home/runner/.local/share/alire/toolchains/gnat_native_11.2.4_2f37a10b/bin/../lib/gcc/x86_64-pc-linux-gnu/11.2.0/../../../../x86_64-pc-linux-gnu/bin/ld: skipping incompatible /lib64/ld-linux-x86-64.so.2 when searching for /lib64/ld-linux-x86-64.so.2
/home/runner/.local/share/alire/toolchains/gnat_native_11.2.4_2f37a10b/bin/../lib/gcc/x86_64-pc-linux-gnu/11.2.0/../../../../x86_64-pc-linux-gnu/bin/ld: cannot find /lib64/ld-linux-x86-64.so.2
/home/runner/.local/share/alire/toolchains/gnat_native_11.2.4_2f37a10b/bin/../lib/gcc/x86_64-pc-linux-gnu/11.2.0/../../../../x86_64-pc-linux-gnu/bin/ld: /lib64/ld-linux-x86-64.so.2: unknown type [0x13] section `.relr.dyn'
/home/runner/.local/share/alire/toolchains/gnat_native_11.2.4_2f37a10b/bin/../lib/gcc/x86_64-pc-linux-gnu/11.2.0/../../../../x86_64-pc-linux-gnu/bin/ld: skipping incompatible /lib64/ld-linux-x86-64.so.2 when searching for /lib64/ld-linux-x86-64.so.2
collect2: error: ld returned 1 exit status
gprbuild: link of gen_keyboard.adb failed
gprbuild: failed command was: /home/runner/.local/share/alire/toolchains/gnat_native_11.2.4_2f37a10b/bin/gcc gen_keyboard.o b__gen_keyboard.o /home/runner/.local/share/alire/builds/sdlada_2.5.20_cd53c280/6fb7cd5e05f2b64bf02112f09e955137cec2f3e30d76d03bfc25fea29d6751d6/build/gnat/gen/debug/tools/.obj/scancodes.o /home/runner/.local/share/alire/builds/sdlada_2.5.20_cd53c280/6fb7cd5e05f2b64bf02112f09e955137cec2f3e30d76d03bfc25fea29d6751d6/build/gnat/gen/debug/tools/.obj/utils.o -L/home/runner/.local/share/alire/builds/sdlada_2.5.20_cd53c280/6fb7cd5e05f2b64bf02112f09e955137cec2f3e30d76d03bfc25fea29d6751d6/build/gnat/gen/debug/tools/.obj/ -L/home/runner/.local/share/alire/builds/sdlada_2.5.20_cd53c280/6fb7cd5e05f2b64bf02112f09e955137cec2f3e30d76d03bfc25fea29d6751d6/build/gnat/gen/debug/tools/.obj/ -L/home/runner/.local/share/alire/toolchains/gnat_native_11.2.4_2f37a10b/lib/gcc/x86_64-pc-linux-gnu/11.2.0/adalib/ -static-libgcc /home/runner/.local/share/alire/toolchains/gnat_native_11.2.4_2f37a10b/lib/gcc/x86_64-pc-linux-gnu/11.2.0/adalib/libgnat.a -ldl -Wl,-rpath-link,/home/runner/.local/share/alire/toolchains/gnat_native_11.2.4_2f37a10b/lib/gcc/x86_64-pc-linux-gnu/11.2.0//adalib -Wl,-z,origin,-rpath,$ORIGIN//.obj:$ORIGIN/../../../../../../../..//toolchains/gnat_native_11.2.4_2f37a10b/lib/gcc/x86_64-pc-linux-gnu/11.2.0/adalib -o /home/runner/.local/share/alire/builds/sdlada_2.5.20_cd53c280/6fb7cd5e05f2b64bf02112f09e955137cec2f3e30d76d03bfc25fea29d6751d6/build/gnat/gen/debug/tools//gen_keyboard
make: *** [makefile:72: gen/debug/tools/gen_keyboard] Error 4
make: Leaving directory '/home/runner/.local/share/alire/builds/sdlada_2.5.20_cd53c280/6fb7cd5e05f2b64bf02112f09e955137cec2f3e30d76d03bfc25fea29d6751d6/build/gnat'
Warning: Execution failed for action: Pre_Build run: make -C ./build/gnat tools (from ${CRATE_ROOT}/.)
Warning: Exit code: 2
Warning: Action output not captured, check it above.
stderr: ALIRE.PROPERTIES.ACTIONS.ACTION_FAILED
stderr: Action failed with exit code 2
stderr: raised ALIRE.PROPERTIES.ACTIONS.ACTION_FAILED : Action failed with exit code 2
[/home/runner/work/alire-crates-ci/alire-crates-ci/alire_install/bin/alr]
0xacc145 Alire.Properties.Actions.Executor.Execute_Actions at alire-properties-actions-executor.adb:130
0xaca6d9 Alire.Properties.Actions.Executor.Execute_Actions at alire-properties-actions-executor.adb:36
0xc72f21 Alire.Roots.Build at alire-roots.adb:243
0xc9832b Alire.Roots.Traverse at alire-roots.adb:2143
0xcfee85 Alire.Solutions.Traverse.Visit at alire-solutions.adb:1472
0xcfdca2 Alire.Solutions.Traverse at alire-solutions.adb:1539
0xc9841e Alire.Roots.Traverse at alire-roots.adb:2147
0xc984dd Alire.Roots.Traverse at alire-roots.adb:2127
0xc7359b Alire.Roots.Build at alire-roots.adb:286
0xc736d7 Alire.Roots.Build at alire-roots.adb:114
0x49aa0d Alr.Commands.Build.Execute at alr-commands-build.adb:145
0x49a36d Alr.Commands.Build.Execute at alr-commands-build.adb:113
0x49a51f Alr.Commands.Build.Execute at alr-commands-build.adb:54
0x53bbcc Alr.Commands.Sub_Cmd.Execute at clic-subcommand-instance.adb:749
0x5472be Alr.Commands.Execute at alr-commands.adb:632
0x43d48a Alr.Main at alr-main.adb:13
0x4403a3 Main at b__alr-main.adb:2445
[/lib/x86_64-linux-gnu/libc.so.6]
0x7fd87122a1c8
0x7fd87122a289
[/home/runner/work/alire-crates-ci/alire-crates-ci/alire_install/bin/alr]
0x43d323 _start at ???
0xfffffffffffffffe

ERROR: Compilation failed.
