Test ran at 2025-10-17 00:58:54.114403+00:00

SOLUTION:
gnatformat=25.0.0: Opinionated code formatter for the Ada language
Origin: source archive gnatformat-25.0.0.zip at https://github.com/adacore/gnatformat/archive/v25.0.0/gnatformat-25.0.0.zip with hash sha512:79117be86662d0b3db10928b147c7dd66031cf0e20e9b80ff5c63b4f294eb17328a6388008bb39d3735018e58e5c15c4a0cab7261a0f5ee161c1a2c5bac9e393
Properties:
   Author: AdaCore
   Configuration: no modifiers
   Description: Opinionated code formatter for the Ada language
   Executable: gnatformat
   GPR External: GNATFORMAT_BUILD_MODE := prod
   License: MIT OR Apache-2.0 WITH LLVM-exception
   Maintainer: Fabien Chouteau <chouteau@adacore.com>
   Maintainers_Logins: Fabien-Chouteau
   Name: gnatformat
   Project_File: gnat/gnatformat_driver.gpr
   Tag: formatting
   Tag: ada
   Tag: tool
   Version: 25.0.0
   Website: 
Dependencies (direct):
   adasat^25
   gnatcoll^25
   libadalang^25
   prettier_ada^25
Dependencies (solution):
   adasat=25.0.0
   gnat=15.1.2 (gnat_native)
   gnatcoll=25.0.0
   gnatcoll_gmp=25.0.0
   gnatcoll_iconv=25.0.0
   langkit_support=25.0.0
   libadalang=25.0.0
   libgmp=6.3.0
   libgpr=25.0.0
   libgpr2=25.0.0
   prettier_ada=25.0.0
   vss=25.0.0
   xmlada=25.0.0
Dependencies (graph):
   gnatcoll=25.0.0        --> gnat=15.1.2 (gnat_native) (>=13)
   gnatcoll=25.0.0        --> libgpr=25.0.0 (~25.0.0)
   gnatcoll_gmp=25.0.0    --> gnatcoll=25.0.0 (~25.0.0)
   gnatcoll_gmp=25.0.0    --> libgmp=6.3.0 (*)
   gnatcoll_iconv=25.0.0  --> gnatcoll=25.0.0 (~25.0.0)
   gnatformat=25.0.0      --> adasat=25.0.0 (^25)
   gnatformat=25.0.0      --> gnatcoll=25.0.0 (^25)
   gnatformat=25.0.0      --> libadalang=25.0.0 (^25)
   gnatformat=25.0.0      --> prettier_ada=25.0.0 (^25)
   langkit_support=25.0.0 --> adasat=25.0.0 (^25)
   langkit_support=25.0.0 --> gnatcoll=25.0.0 (^25)
   langkit_support=25.0.0 --> gnatcoll_gmp=25.0.0 (^25)
   langkit_support=25.0.0 --> gnatcoll_iconv=25.0.0 (^25)
   langkit_support=25.0.0 --> prettier_ada=25.0.0 (^25)
   libadalang=25.0.0      --> gnatcoll=25.0.0 (^25)
   libadalang=25.0.0      --> gnatcoll_gmp=25.0.0 (^25)
   libadalang=25.0.0      --> gnatcoll_iconv=25.0.0 (^25)
   libadalang=25.0.0      --> langkit_support=25.0.0 (^25)
   libadalang=25.0.0      --> libgpr2=25.0.0 (^25)
   libgpr=25.0.0          --> gnat=15.1.2 (gnat_native) (/=2020)
   libgpr=25.0.0          --> xmlada=25.0.0 (~25.0.0)
   libgpr2=25.0.0         --> gnat=15.1.2 (gnat_native) (>=14)
   libgpr2=25.0.0         --> gnatcoll=25.0.0 (~25.0.0)
   libgpr2=25.0.0         --> gnatcoll_gmp=25.0.0 (~25.0.0)
   libgpr2=25.0.0         --> gnatcoll_iconv=25.0.0 (~25.0.0)
   prettier_ada=25.0.0    --> gnatcoll=25.0.0 (^25)
   prettier_ada=25.0.0    --> vss=25.0.0 (^25)
   vss=25.0.0             --> gnat=15.1.2 (gnat_native) (>=11 & <2000)
   xmlada=25.0.0          --> gnat=15.1.2 (gnat_native) (>=11)


LOG:
[alr test] Testing gnatformat=25.0.0
[alr test] Spawning retrieval for remote crate: alr -d -n get gnatformat=25.0.0
Note: Deploying gnatformat=25.0.0...
#=#=#                                                                          
##O#-#                                                                         

gnatformat=25.0.0 successfully retrieved.
Dependencies were solved as follows:

   +  adasat          25.0.0 (new)
   +b gnat            15.1.2 (new,gnat_native,indirect,binary)
   +  gnatcoll        25.0.0 (new)
   +  gnatcoll_gmp    25.0.0 (new,indirect)
   +  gnatcoll_iconv  25.0.0 (new,indirect)
   +  langkit_support 25.0.0 (new,indirect)
   +  libadalang      25.0.0 (new)
   +b libgmp          6.3.0  (new,indirect,system package)
   +  libgpr          25.0.0 (new,indirect)
   +  libgpr2         25.0.0 (new,indirect)
   +  prettier_ada    25.0.0 (new)
   +  vss             25.0.0 (new,indirect)
   +  xmlada          25.0.0 (new,indirect)
[alr test] Spawning default test for remote crate: alr -d -n build --release -- -cargs:Ada -gnatwn
Note: Building gnatformat=25.0.0/gnat/gnatformat_driver.gpr...
Setup
   [mkdir]        object directory for project Gnatformat
   [mkdir]        library directory for project Gnatformat
   [mkdir]        exec directory for project Gnatformat_Driver
Compile
   [Ada]          gnatformat-ada_driver.adb
   [Ada]          gnatformat-utils.ads
   [Ada]          gnatformat.ads
   [Ada]          gnatformat-formatting.adb
   [Ada]          gnatformat-configuration.adb
   [Ada]          gnatformat-command_line.ads
   [Ada]          gnatformat-command_line-configuration.adb
Build Libraries
   [gprlib]       gnatformat.lexch
   [archive]      libgnatformat.a
   [index]        libgnatformat.a
Bind
   [gprbind]      gnatformat-ada_driver.bexch
   [Ada]          gnatformat-ada_driver.ali
Link
   [link]         gnatformat-ada_driver.adb
Using built-in specs.
COLLECT_GCC=/home/runner/.local/share/alire/toolchains/gnat_native_15.1.2_f0e902c0/bin/gcc
COLLECT_LTO_WRAPPER=/home/runner/.local/share/alire/toolchains/gnat_native_15.1.2_f0e902c0/bin/../libexec/gcc/x86_64-pc-linux-gnu/15.1.0/lto-wrapper
Target: x86_64-pc-linux-gnu
Configured with: ../src/configure --prefix=/home/runner/work/GNAT-FSF-builds/GNAT-FSF-builds/sbx/x86_64-linux/gcc/install --with-build-time-tools=/home/runner/work/GNAT-FSF-builds/GNAT-FSF-builds/sbx/x86_64-linux/binutils/install/bin --enable-languages=c,ada,c++ --enable-libstdcxx --enable-libstdcxx-threads --enable-libada --disable-nls --without-libiconv-prefix --disable-libstdcxx-pch --enable-lto --disable-multilib --enable-threads=posix --enable-default-pie --with-gnu-ld --with-gnu-as --with-mpfr=/home/runner/work/GNAT-FSF-builds/GNAT-FSF-builds/sbx/x86_64-linux/mpfr/install --with-gmp=/home/runner/work/GNAT-FSF-builds/GNAT-FSF-builds/sbx/x86_64-linux/gmp/install --with-mpc=/home/runner/work/GNAT-FSF-builds/GNAT-FSF-builds/sbx/x86_64-linux/mpc/install --with-isl=/home/runner/work/GNAT-FSF-builds/GNAT-FSF-builds/sbx/x86_64-linux/isl/install --build=x86_64-pc-linux-gnu
Thread model: posix
Supported LTO compression algorithms: zlib zstd
gcc version 15.1.0 (GCC) 
COMPILER_PATH=/home/runner/.local/share/alire/toolchains/gnat_native_15.1.2_f0e902c0/bin/../libexec/gcc/x86_64-pc-linux-gnu/15.1.0/:/home/runner/.local/share/alire/toolchains/gnat_native_15.1.2_f0e902c0/bin/../libexec/gcc/:/home/runner/.local/share/alire/toolchains/gnat_native_15.1.2_f0e902c0/bin/../lib/gcc/x86_64-pc-linux-gnu/15.1.0/../../../../x86_64-pc-linux-gnu/bin/
LIBRARY_PATH=/home/runner/.local/share/alire/toolchains/gnat_native_15.1.2_f0e902c0/bin/../lib/gcc/x86_64-pc-linux-gnu/15.1.0/:/home/runner/.local/share/alire/toolchains/gnat_native_15.1.2_f0e902c0/bin/../lib/gcc/:/home/runner/.local/share/alire/toolchains/gnat_native_15.1.2_f0e902c0/lib64/../lib64/:/home/runner/.local/share/alire/toolchains/gnat_native_15.1.2_f0e902c0/bin/../lib/gcc/x86_64-pc-linux-gnu/15.1.0/../../../../lib64/:/lib/x86_64-linux-gnu/:/lib/../lib64/:/usr/lib/x86_64-linux-gnu/:/usr/lib/../lib64/:/home/runner/.local/share/alire/toolchains/gnat_native_15.1.2_f0e902c0/lib64/:/home/runner/.local/share/alire/toolchains/gnat_native_15.1.2_f0e902c0/bin/../lib/gcc/x86_64-pc-linux-gnu/15.1.0/../../../../x86_64-pc-linux-gnu/lib/:/home/runner/.local/share/alire/toolchains/gnat_native_15.1.2_f0e902c0/bin/../lib/gcc/x86_64-pc-linux-gnu/15.1.0/../../../:/lib/:/usr/lib/
COLLECT_GCC_OPTIONS='-v' '-L/home/runner/work/alire-crates-ci/alire-crates-ci/test/ad7d0ef6-bc6d-4d45-95e6-9477887031ab/gnatformat_25.0.0_79117be8/obj/' '-L/home/runner/work/alire-crates-ci/alire-crates-ci/test/ad7d0ef6-bc6d-4d45-95e6-9477887031ab/gnatformat_25.0.0_79117be8/obj/' '-L/home/runner/work/alire-crates-ci/alire-crates-ci/test/ad7d0ef6-bc6d-4d45-95e6-9477887031ab/gnatformat_25.0.0_79117be8/lib/static.prod/' '-L/home/runner/.local/share/alire/builds/libadalang_25.0.0_0303cb0f/30325c059cbbf2a547d18cf700574eec8b650123bcfbe374c0ebedb4f06fce07/lib/static/dev/' '-L/home/runner/.local/share/alire/builds/gnatcoll_25.0.0_d7d84483/afe1d37b3912cb2430b7bec6b7232acab3d59fadad1a335f208c68d88c1e1490/core/lib/gnatcoll_core/static/' '-L/home/runner/.local/share/alire/builds/gnatcoll_25.0.0_d7d84483/afe1d37b3912cb2430b7bec6b7232acab3d59fadad1a335f208c68d88c1e1490/minimal/lib/gnatcoll_core/static/' '-L/home/runner/.local/share/alire/builds/gnatcoll_25.0.0_d7d84483/afe1d37b3912cb2430b7bec6b7232acab3d59fadad1a335f208c68d88c1e1490/projects/lib/gnatcoll_projects/static/' '-L/home/runner/.local/share/alire/builds/libgpr_25.0.0_17669998/1ed2696a127bc6a53003b103b2bc1308835283030b675b0fc0e5b9afbbeae17f/gpr/lib/production/static/' '-L/home/runner/.local/share/alire/builds/xmlada_25.0.0_7f12fe3a/2c685fbbe90fb771819f94cc764dac7676ebd3b7f2099ad5473bca59b5043510/unicode/lib/static/' '-L/home/runner/.local/share/alire/builds/xmlada_25.0.0_7f12fe3a/2c685fbbe90fb771819f94cc764dac7676ebd3b7f2099ad5473bca59b5043510/sax/lib/static/' '-L/home/runner/.local/share/alire/builds/xmlada_25.0.0_7f12fe3a/2c685fbbe90fb771819f94cc764dac7676ebd3b7f2099ad5473bca59b5043510/input_sources/lib/static/' '-L/home/runner/.local/share/alire/builds/xmlada_25.0.0_7f12fe3a/2c685fbbe90fb771819f94cc764dac7676ebd3b7f2099ad5473bca59b5043510/dom/lib/static/' '-L/home/runner/.local/share/alire/builds/xmlada_25.0.0_7f12fe3a/2c685fbbe90fb771819f94cc764dac7676ebd3b7f2099ad5473bca59b5043510/schema/lib/static/' '-L/home/runner/.local/share/alire/builds/gnatcoll_gmp_25.0.0_0848cc59/21ecd37c0e6f041c5bedeb2e553baf72763cdab118ee86c66feb0229aa9c7e7d/gmp/lib/static/' '-L/home/runner/.local/share/alire/builds/gnatcoll_iconv_25.0.0_0848cc59/d0cef04acc8a0dff657ff14790c87f9540d655b2c3f4841f0f43ae3943cecf69/iconv/lib/static/' '-L/home/runner/.local/share/alire/builds/prettier_ada_25.0.0_a67a3337/4529866cb925eccb6c28d4c5a0dfbe355fb25e993f3e59e3c71614c23e66b8ba/lib/static/prod/' '-L/home/runner/.local/share/alire/builds/vss_25.0.0_1ddbb26c/c6c45e680b001058e2c114059d304cf73c806c50afdbd9f1a936f68661dbc0bf/.libs/static/' '-L/home/runner/.local/share/alire/builds/langkit_support_25.0.0_7c5f4981/70ce2234a660ac346fafa58983faae36aa527b40ec24e4c973c76f0270e00d92/langkit/support/lib/static/dev/' '-L/home/runner/.local/share/alire/builds/adasat_25.0.0_0618d8c6/01f785e2a59f2e10328ea1e04dcf8dba98386d497748b7994ae3d3d58d550927/lib/static/dev/' '-L/home/runner/.local/share/alire/builds/libgpr2_25.0.0_70fe0fcf/f05b039fc0bbc0de8b592fff661263fb4b22f0fafd0bc689fa408d2cadd964f7/.build/release/lib-static/' '-L/home/runner/.local/share/alire/toolchains/gnat_native_15.1.2_f0e902c0/lib/gcc/x86_64-pc-linux-gnu/15.1.0/adalib/' '-static-libgcc' '-L/home/runner/.local/share/alire/builds/libadalang_25.0.0_0303cb0f/30325c059cbbf2a547d18cf700574eec8b650123bcfbe374c0ebedb4f06fce07/obj/dev/' '-L/home/runner/.local/share/alire/builds/libgpr2_25.0.0_70fe0fcf/f05b039fc0bbc0de8b592fff661263fb4b22f0fafd0bc689fa408d2cadd964f7/.build/release/lib-static/' '-L/home/runner/.local/share/alire/builds/adasat_25.0.0_0618d8c6/01f785e2a59f2e10328ea1e04dcf8dba98386d497748b7994ae3d3d58d550927/lib/static/dev/' '-L/home/runner/.local/share/alire/builds/langkit_support_25.0.0_7c5f4981/70ce2234a660ac346fafa58983faae36aa527b40ec24e4c973c76f0270e00d92/langkit/support/lib/static/dev/' '-L/home/runner/.local/share/alire/builds/vss_25.0.0_1ddbb26c/c6c45e680b001058e2c114059d304cf73c806c50afdbd9f1a936f68661dbc0bf/.libs/static/' '-L/home/runner/.local/share/alire/builds/prettier_ada_25.0.0_a67a3337/4529866cb925eccb6c28d4c5a0dfbe355fb25e993f3e59e3c71614c23e66b8ba/lib/static/prod/' '-L/home/runner/.local/share/alire/builds/gnatcoll_iconv_25.0.0_0848cc59/d0cef04acc8a0dff657ff14790c87f9540d655b2c3f4841f0f43ae3943cecf69/iconv/lib/static/' '-L/home/runner/.local/share/alire/builds/gnatcoll_gmp_25.0.0_0848cc59/21ecd37c0e6f041c5bedeb2e553baf72763cdab118ee86c66feb0229aa9c7e7d/gmp/lib/static/' '-L/home/runner/.local/share/alire/builds/xmlada_25.0.0_7f12fe3a/2c685fbbe90fb771819f94cc764dac7676ebd3b7f2099ad5473bca59b5043510/schema/lib/static/' '-L/home/runner/.local/share/alire/builds/xmlada_25.0.0_7f12fe3a/2c685fbbe90fb771819f94cc764dac7676ebd3b7f2099ad5473bca59b5043510/dom/lib/static/' '-L/home/runner/.local/share/alire/builds/xmlada_25.0.0_7f12fe3a/2c685fbbe90fb771819f94cc764dac7676ebd3b7f2099ad5473bca59b5043510/input_sources/lib/static/' '-L/home/runner/.local/share/alire/builds/xmlada_25.0.0_7f12fe3a/2c685fbbe90fb771819f94cc764dac7676ebd3b7f2099ad5473bca59b5043510/sax/lib/static/' '-L/home/runner/.local/share/alire/builds/xmlada_25.0.0_7f12fe3a/2c685fbbe90fb771819f94cc764dac7676ebd3b7f2099ad5473bca59b5043510/unicode/lib/static/' '-L/home/runner/.local/share/alire/builds/libgpr_25.0.0_17669998/1ed2696a127bc6a53003b103b2bc1308835283030b675b0fc0e5b9afbbeae17f/gpr/lib/production/static/' '-L/home/runner/.local/share/alire/builds/gnatcoll_25.0.0_d7d84483/afe1d37b3912cb2430b7bec6b7232acab3d59fadad1a335f208c68d88c1e1490/projects/lib/gnatcoll_projects/static/' '-L/home/runner/.local/share/alire/builds/gnatcoll_25.0.0_d7d84483/afe1d37b3912cb2430b7bec6b7232acab3d59fadad1a335f208c68d88c1e1490/minimal/lib/gnatcoll_core/static/' '-L/home/runner/.local/share/alire/builds/gnatcoll_25.0.0_d7d84483/afe1d37b3912cb2430b7bec6b7232acab3d59fadad1a335f208c68d88c1e1490/core/lib/gnatcoll_core/static/' '-L/home/runner/.local/share/alire/toolchains/gnat_native_15.1.2_f0e902c0/lib/gcc/x86_64-pc-linux-gnu/15.1.0/adalib/' '-L/home/runner/.local/share/alire/builds/langkit_support_25.0.0_7c5f4981/70ce2234a660ac346fafa58983faae36aa527b40ec24e4c973c76f0270e00d92/langkit/support/obj/dev/' '-o' '/home/runner/work/alire-crates-ci/alire-crates-ci/test/ad7d0ef6-bc6d-4d45-95e6-9477887031ab/gnatformat_25.0.0_79117be8/bin//gnatformat' '-mtune=generic' '-march=x86-64' '-dumpdir' '/home/runner/work/alire-crates-ci/alire-crates-ci/test/ad7d0ef6-bc6d-4d45-95e6-9477887031ab/gnatformat_25.0.0_79117be8/bin//gnatformat.'
 /home/runner/.local/share/alire/toolchains/gnat_native_15.1.2_f0e902c0/bin/../libexec/gcc/x86_64-pc-linux-gnu/15.1.0/collect2 -plugin /home/runner/.local/share/alire/toolchains/gnat_native_15.1.2_f0e902c0/bin/../libexec/gcc/x86_64-pc-linux-gnu/15.1.0/liblto_plugin.so -plugin-opt=/home/runner/.local/share/alire/toolchains/gnat_native_15.1.2_f0e902c0/bin/../libexec/gcc/x86_64-pc-linux-gnu/15.1.0/lto-wrapper -plugin-opt=-fresolution=/tmp/ccJPF0Ch.res -plugin-opt=-pass-through=-lgcc -plugin-opt=-pass-through=-lgcc_eh -plugin-opt=-pass-through=-lc -plugin-opt=-pass-through=-lgcc -plugin-opt=-pass-through=-lgcc_eh --eh-frame-hdr -m elf_x86_64 -dynamic-linker /lib64/ld-linux-x86-64.so.2 -pie -o /home/runner/work/alire-crates-ci/alire-crates-ci/test/ad7d0ef6-bc6d-4d45-95e6-9477887031ab/gnatformat_25.0.0_79117be8/bin//gnatformat /lib/x86_64-linux-gnu/Scrt1.o /lib/x86_64-linux-gnu/crti.o /home/runner/.local/share/alire/toolchains/gnat_native_15.1.2_f0e902c0/bin/../lib/gcc/x86_64-pc-linux-gnu/15.1.0/crtbeginS.o @/tmp/ccDUAqQZ -L/home/runner/.local/share/alire/toolchains/gnat_native_15.1.2_f0e902c0/bin/../lib/gcc/x86_64-pc-linux-gnu/15.1.0 -L/home/runner/.local/share/alire/toolchains/gnat_native_15.1.2_f0e902c0/bin/../lib/gcc -L/home/runner/.local/share/alire/toolchains/gnat_native_15.1.2_f0e902c0/lib64/../lib64 -L/home/runner/.local/share/alire/toolchains/gnat_native_15.1.2_f0e902c0/bin/../lib/gcc/x86_64-pc-linux-gnu/15.1.0/../../../../lib64 -L/lib/x86_64-linux-gnu -L/lib/../lib64 -L/usr/lib/x86_64-linux-gnu -L/usr/lib/../lib64 -L/home/runner/.local/share/alire/toolchains/gnat_native_15.1.2_f0e902c0/lib64 -L/home/runner/.local/share/alire/toolchains/gnat_native_15.1.2_f0e902c0/bin/../lib/gcc/x86_64-pc-linux-gnu/15.1.0/../../../../x86_64-pc-linux-gnu/lib -L/home/runner/.local/share/alire/toolchains/gnat_native_15.1.2_f0e902c0/bin/../lib/gcc/x86_64-pc-linux-gnu/15.1.0/../../.. -L/lib -L/usr/lib @/tmp/ccMEyg3P -lgcc -lgcc_eh -lc -lgcc -lgcc_eh /home/runner/.local/share/alire/toolchains/gnat_native_15.1.2_f0e902c0/bin/../lib/gcc/x86_64-pc-linux-gnu/15.1.0/crtendS.o /lib/x86_64-linux-gnu/crtn.o
COLLECT_GCC_OPTIONS='-v' '-L/home/runner/work/alire-crates-ci/alire-crates-ci/test/ad7d0ef6-bc6d-4d45-95e6-9477887031ab/gnatformat_25.0.0_79117be8/obj/' '-L/home/runner/work/alire-crates-ci/alire-crates-ci/test/ad7d0ef6-bc6d-4d45-95e6-9477887031ab/gnatformat_25.0.0_79117be8/obj/' '-L/home/runner/work/alire-crates-ci/alire-crates-ci/test/ad7d0ef6-bc6d-4d45-95e6-9477887031ab/gnatformat_25.0.0_79117be8/lib/static.prod/' '-L/home/runner/.local/share/alire/builds/libadalang_25.0.0_0303cb0f/30325c059cbbf2a547d18cf700574eec8b650123bcfbe374c0ebedb4f06fce07/lib/static/dev/' '-L/home/runner/.local/share/alire/builds/gnatcoll_25.0.0_d7d84483/afe1d37b3912cb2430b7bec6b7232acab3d59fadad1a335f208c68d88c1e1490/core/lib/gnatcoll_core/static/' '-L/home/runner/.local/share/alire/builds/gnatcoll_25.0.0_d7d84483/afe1d37b3912cb2430b7bec6b7232acab3d59fadad1a335f208c68d88c1e1490/minimal/lib/gnatcoll_core/static/' '-L/home/runner/.local/share/alire/builds/gnatcoll_25.0.0_d7d84483/afe1d37b3912cb2430b7bec6b7232acab3d59fadad1a335f208c68d88c1e1490/projects/lib/gnatcoll_projects/static/' '-L/home/runner/.local/share/alire/builds/libgpr_25.0.0_17669998/1ed2696a127bc6a53003b103b2bc1308835283030b675b0fc0e5b9afbbeae17f/gpr/lib/production/static/' '-L/home/runner/.local/share/alire/builds/xmlada_25.0.0_7f12fe3a/2c685fbbe90fb771819f94cc764dac7676ebd3b7f2099ad5473bca59b5043510/unicode/lib/static/' '-L/home/runner/.local/share/alire/builds/xmlada_25.0.0_7f12fe3a/2c685fbbe90fb771819f94cc764dac7676ebd3b7f2099ad5473bca59b5043510/sax/lib/static/' '-L/home/runner/.local/share/alire/builds/xmlada_25.0.0_7f12fe3a/2c685fbbe90fb771819f94cc764dac7676ebd3b7f2099ad5473bca59b5043510/input_sources/lib/static/' '-L/home/runner/.local/share/alire/builds/xmlada_25.0.0_7f12fe3a/2c685fbbe90fb771819f94cc764dac7676ebd3b7f2099ad5473bca59b5043510/dom/lib/static/' '-L/home/runner/.local/share/alire/builds/xmlada_25.0.0_7f12fe3a/2c685fbbe90fb771819f94cc764dac7676ebd3b7f2099ad5473bca59b5043510/schema/lib/static/' '-L/home/runner/.local/share/alire/builds/gnatcoll_gmp_25.0.0_0848cc59/21ecd37c0e6f041c5bedeb2e553baf72763cdab118ee86c66feb0229aa9c7e7d/gmp/lib/static/' '-L/home/runner/.local/share/alire/builds/gnatcoll_iconv_25.0.0_0848cc59/d0cef04acc8a0dff657ff14790c87f9540d655b2c3f4841f0f43ae3943cecf69/iconv/lib/static/' '-L/home/runner/.local/share/alire/builds/prettier_ada_25.0.0_a67a3337/4529866cb925eccb6c28d4c5a0dfbe355fb25e993f3e59e3c71614c23e66b8ba/lib/static/prod/' '-L/home/runner/.local/share/alire/builds/vss_25.0.0_1ddbb26c/c6c45e680b001058e2c114059d304cf73c806c50afdbd9f1a936f68661dbc0bf/.libs/static/' '-L/home/runner/.local/share/alire/builds/langkit_support_25.0.0_7c5f4981/70ce2234a660ac346fafa58983faae36aa527b40ec24e4c973c76f0270e00d92/langkit/support/lib/static/dev/' '-L/home/runner/.local/share/alire/builds/adasat_25.0.0_0618d8c6/01f785e2a59f2e10328ea1e04dcf8dba98386d497748b7994ae3d3d58d550927/lib/static/dev/' '-L/home/runner/.local/share/alire/builds/libgpr2_25.0.0_70fe0fcf/f05b039fc0bbc0de8b592fff661263fb4b22f0fafd0bc689fa408d2cadd964f7/.build/release/lib-static/' '-L/home/runner/.local/share/alire/toolchains/gnat_native_15.1.2_f0e902c0/lib/gcc/x86_64-pc-linux-gnu/15.1.0/adalib/' '-static-libgcc' '-L/home/runner/.local/share/alire/builds/libadalang_25.0.0_0303cb0f/30325c059cbbf2a547d18cf700574eec8b650123bcfbe374c0ebedb4f06fce07/obj/dev/' '-L/home/runner/.local/share/alire/builds/libgpr2_25.0.0_70fe0fcf/f05b039fc0bbc0de8b592fff661263fb4b22f0fafd0bc689fa408d2cadd964f7/.build/release/lib-static/' '-L/home/runner/.local/share/alire/builds/adasat_25.0.0_0618d8c6/01f785e2a59f2e10328ea1e04dcf8dba98386d497748b7994ae3d3d58d550927/lib/static/dev/' '-L/home/runner/.local/share/alire/builds/langkit_support_25.0.0_7c5f4981/70ce2234a660ac346fafa58983faae36aa527b40ec24e4c973c76f0270e00d92/langkit/support/lib/static/dev/' '-L/home/runner/.local/share/alire/builds/vss_25.0.0_1ddbb26c/c6c45e680b001058e2c114059d304cf73c806c50afdbd9f1a936f68661dbc0bf/.libs/static/' '-L/home/runner/.local/share/alire/builds/prettier_ada_25.0.0_a67a3337/4529866cb925eccb6c28d4c5a0dfbe355fb25e993f3e59e3c71614c23e66b8ba/lib/static/prod/' '-L/home/runner/.local/share/alire/builds/gnatcoll_iconv_25.0.0_0848cc59/d0cef04acc8a0dff657ff14790c87f9540d655b2c3f4841f0f43ae3943cecf69/iconv/lib/static/' '-L/home/runner/.local/share/alire/builds/gnatcoll_gmp_25.0.0_0848cc59/21ecd37c0e6f041c5bedeb2e553baf72763cdab118ee86c66feb0229aa9c7e7d/gmp/lib/static/' '-L/home/runner/.local/share/alire/builds/xmlada_25.0.0_7f12fe3a/2c685fbbe90fb771819f94cc764dac7676ebd3b7f2099ad5473bca59b5043510/schema/lib/static/' '-L/home/runner/.local/share/alire/builds/xmlada_25.0.0_7f12fe3a/2c685fbbe90fb771819f94cc764dac7676ebd3b7f2099ad5473bca59b5043510/dom/lib/static/' '-L/home/runner/.local/share/alire/builds/xmlada_25.0.0_7f12fe3a/2c685fbbe90fb771819f94cc764dac7676ebd3b7f2099ad5473bca59b5043510/input_sources/lib/static/' '-L/home/runner/.local/share/alire/builds/xmlada_25.0.0_7f12fe3a/2c685fbbe90fb771819f94cc764dac7676ebd3b7f2099ad5473bca59b5043510/sax/lib/static/' '-L/home/runner/.local/share/alire/builds/xmlada_25.0.0_7f12fe3a/2c685fbbe90fb771819f94cc764dac7676ebd3b7f2099ad5473bca59b5043510/unicode/lib/static/' '-L/home/runner/.local/share/alire/builds/libgpr_25.0.0_17669998/1ed2696a127bc6a53003b103b2bc1308835283030b675b0fc0e5b9afbbeae17f/gpr/lib/production/static/' '-L/home/runner/.local/share/alire/builds/gnatcoll_25.0.0_d7d84483/afe1d37b3912cb2430b7bec6b7232acab3d59fadad1a335f208c68d88c1e1490/projects/lib/gnatcoll_projects/static/' '-L/home/runner/.local/share/alire/builds/gnatcoll_25.0.0_d7d84483/afe1d37b3912cb2430b7bec6b7232acab3d59fadad1a335f208c68d88c1e1490/minimal/lib/gnatcoll_core/static/' '-L/home/runner/.local/share/alire/builds/gnatcoll_25.0.0_d7d84483/afe1d37b3912cb2430b7bec6b7232acab3d59fadad1a335f208c68d88c1e1490/core/lib/gnatcoll_core/static/' '-L/home/runner/.local/share/alire/toolchains/gnat_native_15.1.2_f0e902c0/lib/gcc/x86_64-pc-linux-gnu/15.1.0/adalib/' '-L/home/runner/.local/share/alire/builds/langkit_support_25.0.0_7c5f4981/70ce2234a660ac346fafa58983faae36aa527b40ec24e4c973c76f0270e00d92/langkit/support/obj/dev/' '-o' '/home/runner/work/alire-crates-ci/alire-crates-ci/test/ad7d0ef6-bc6d-4d45-95e6-9477887031ab/gnatformat_25.0.0_79117be8/bin//gnatformat' '-mtune=generic' '-march=x86-64' '-dumpdir' '/home/runner/work/alire-crates-ci/alire-crates-ci/test/ad7d0ef6-bc6d-4d45-95e6-9477887031ab/gnatformat_25.0.0_79117be8/bin//gnatformat.'
Success: Build finished successfully in 95.73 seconds.
Found declared GPR file: gnat/gnatformat_driver.gpr
[alr test] Test completed SUCCESSFULLY
