Test ran at 2025-10-15 00:50:45.185636+00:00

SOLUTION:
minisamd51_bsp=0.1.0: Board Support Package for the MiniSAM D51
Origin: commit 51bae74f582e016f0d4905c393eb677f71c32359 from https://github.com/Fabien-Chouteau/minisamd51_bsp.git
Properties:
   Description: Board Support Package for the MiniSAM D51
   License: BSD-3-Clause
   Maintainer: chouteau@adacore.com
   Maintainers_Logins: Fabien-Chouteau
   Name: minisamd51_bsp
   Tag: embedded
   Tag: nostd
   Tag: samd51
   Tag: minisam
   Version: 0.1.0
   Website: https://github.com/Fabien-Chouteau/minisamd51_bsp
Dependencies (direct):
   hal^0.1.0
   samd51_hal^0.2.0
Dependencies (solution):
   atomic=0.5.0
   bbqueue=0.3.2
   cortex_m=0.1.0
   gnat=11.2.4 (gnat_arm_elf)
   gnat_arm_elf=11.2.4
   hal=0.1.0
   samd51_hal=0.3.0
   usb_embedded=0.2.0
Dependencies (graph):
   bbqueue=0.3.2        --> atomic=0.5.0 (~0.5)
   bbqueue=0.3.2        --> gnat=11.2.4 (gnat_arm_elf) (>=10)
   cortex_m=0.1.0       --> hal=0.1.0 (^0.1.0)
   minisamd51_bsp=0.1.0 --> hal=0.1.0 (^0.1.0)
   minisamd51_bsp=0.1.0 --> samd51_hal=0.3.0 (^0.2.0)
   samd51_hal=0.3.0     --> cortex_m=0.1.0 (~0.1)
   samd51_hal=0.3.0     --> gnat_arm_elf=11.2.4 (^11.2.2)
   samd51_hal=0.3.0     --> hal=0.1.0 (~0.1)
   samd51_hal=0.3.0     --> usb_embedded=0.2.0 (~0.2)
   usb_embedded=0.2.0   --> bbqueue=0.3.2 (~0.3.0)
   usb_embedded=0.2.0   --> hal=0.1.0 (~0.1.0)


LOG:
[alr test] Testing minisamd51_bsp=0.1.0
[alr test] Spawning retrieval for remote crate: alr -d -n get minisamd51_bsp=0.1.0
Note: Deploying minisamd51_bsp=0.1.0...
Note: Deploying samd51_hal=0.3.0...
Warning: Possible tilde intended instead of caret for a 0.x version.
   Alire does not change the meaning of caret and tilde for pre/post-1.0 versions.
   The suspicious dependency is: hal^0.1.0
   You can disable this warning by setting the option warning.caret to false.

minisamd51_bsp=0.1.0 successfully retrieved.
Dependencies were solved as follows:

   +  atomic       0.5.0  (new,indirect)
   +  bbqueue      0.3.2  (new,indirect)
   +  cortex_m     0.1.0  (new,indirect)
   +b gnat         11.2.4 (new,gnat_arm_elf,indirect,binary)
   +b gnat_arm_elf 11.2.4 (new,indirect,binary)
   +  hal          0.1.0  (new)
   +  samd51_hal   0.3.0  (new)
   +  usb_embedded 0.2.0  (new,indirect)
[alr test] Spawning default test for remote crate: alr -d -n build --release -- -cargs:Ada -gnatwn
Note: Building minisamd51_bsp=0.1.0/minisamd51_bsp.gpr...
Setup
   [mkdir]        object directory for project ATSAMD51J19A
   [mkdir]        object directory for project Minisamd51_Bsp
   [mkdir]        library directory for project Minisamd51_Bsp
Compile
   [Ada]          hal-uart.ads
   [Ada]          hal-touch_panel.ads
   [Ada]          hal-audio.ads
   [Ada]          hal-bitmap.ads
   [Ada]          hal-gpio.ads
   [Ada]          hal-framebuffer.ads
   [Ada]          hal-sdmmc.adb
   [Ada]          hal-i2c.ads
   [Ada]          hal-time.ads
   [Ada]          hal.ads
   [Ada]          hal-real_time_clock.ads
   [Ada]          hal-block_drivers.ads
   [Ada]          hal-filesystem.ads
   [Ada]          hal-dsi.ads
   [Ada]          hal-spi.ads
   [Ada]          sam-interrupt_names.ads
   [Ada]          sam-main_clock.adb
   [Ada]          sam-clock_generator-ids.ads
   [Ada]          sam-functions.ads
   [Ada]          sam-device.ads
   [Ada]          sam-eic.adb
   [Ada]          sam_svd-eic.ads
   [Ada]          sam-port.adb
   [Ada]          sam-dac.adb
   [Ada]          sam_svd-dac.ads
   [Ada]          sam-clock_setup_120mhz.adb
   [Ada]          sam-clock_generator.adb
   [Ada]          sam_svd-gclk.ads
   [Ada]          sam_svd-adc.ads
   [Ada]          sam-adc.adb
   [Ada]          sam-tc.adb
   [Ada]          sam_svd-tc.ads
   [Ada]          sam-cmcc.adb
   [Ada]          sam_svd-cmcc.ads
   [Ada]          sam-sercom-usart.adb
   [Ada]          sam-sercom-i2c.adb
   [Ada]          sam-sercom-spi.adb
   [Ada]          sam-sercom.adb
   [Ada]          sam_svd-qspi.ads
   [Ada]          sam-qspi.adb
   [Ada]          sam-oscillators_controller.adb
   [Ada]          sam_svd-oscctrl.ads
   [Ada]          sam-dmac-sources.ads
   [Ada]          sam-dmac.adb
   [Ada]          sam_svd-dmac.ads
   [Ada]          sam_svd-usb.ads
   [Ada]          sam-usb.adb
   [Ada]          sam.ads
   [Ada]          sam_svd.ads
   [Ada]          minisamd51.adb
Build Libraries
   [gprlib]       hal.lexch
   [archive]      libhal.a
   [index]        libhal.a
   [gprlib]       Usb_Embedded.lexch
   [gprlib]       Minisamd51_Bsp.lexch
   [archive]      libUsb_Embedded.a
   [index]        libUsb_Embedded.a
   [archive]      libMinisamd51_Bsp.a
   [index]        libMinisamd51_Bsp.a
Success: Build finished successfully in 2.02 seconds.
Found declared GPR file: minisamd51_bsp.gpr
[alr test] Test completed SUCCESSFULLY
