Test ran at 2026-08-06 13:16:02.942114+00:00

SOLUTION:
wikiada=1.5.0: Parser and renderer for Markdown and other wiki syntaxes
Origin: commit 3e5dac64f570d60d8e8f9b078a1efabead129244 from https://gitlab.com/stcarrez/ada-wiki.git
Properties:
   Author: Stephane.Carrez@gmail.com
   Configuration: no modifiers
   Description: Parser and renderer for Markdown and other wiki syntaxes
   GPR Scenario: WIKI_BUILD := distrib | debug | optimize | profile | coverage
   GPR Scenario: WIKI_LIBRARY_TYPE := relocatable | static | static-pic
   License: Apache-2.0
   Long_Description: [![Build Status](https://img.shields.io/endpoint?url=https://porion.vacs.fr/porion/api/v1/projects/ada-wiki/badges/build.json)](https://porion.vacs.fr/porion/projects/view/ada-wiki/summary)
[![Test Status](https://img.shields.io/endpoint?url=https://porion.vacs.fr/porion/api/v1/projects/ada-wiki/badges/tests.json)](https://porion.vacs.fr/porion/projects/view/ada-wiki/xunits)
[![Coverage](https://img.shields.io/endpoint?url=https://porion.vacs.fr/porion/api/v1/projects/ada-wiki/badges/coverage.json)](https://porion.vacs.fr/porion/projects/view/ada-wiki/summary)

Ada Wiki is a small library that provides a parser and renderer for Markdown and several
other Wiki syntaxes.  The library allows to:

* Parse a Markdown text but other Wiki such as Mediawiki, Creole, PhpBB, Dotclear and Google Code,
* Parse HTML content in embedded wiki text,
* Filter out the wiki, HTML or text through customizable filters,
* Render the wiki text in HTML, text or another wiki format

The Ada Wiki library is used by [Ada Web Application](https://gitlab.com/stcarrez/ada-awa)
for the implementation of the blog and wiki online plugins and by [mdshow](https://gitlab.com/stcarrez/mdshow) a terminal based
Markdown viewer.


   Maintainer: Stephane.Carrez@gmail.com
   Maintainers_Logins: stcarrez
   Name: wikiada
   Project_File: wikiada.gpr
   Tag: wiki-engine
   Tag: markdown
   Tag: mediawiki
   Tag: dotclear
   Tag: html
   Tag: parser
   Tag: renderer
   Version: 1.5.0
   Website: https://gitlab.com/stcarrez/ada-wiki
Dependencies (direct):
   utilada^2.8.0
Dependencies (solution):
   utilada=2.9.0
Dependencies (graph):
   wikiada=1.5.0 --> utilada=2.9.0 (^2.8.0)


LOG:
[alr test] Testing wikiada=1.5.0
[alr test] Spawning retrieval for remote crate: alr -d -n get wikiada=1.5.0
Note: Deploying wikiada=1.5.0...
Note: Deploying utilada=2.9.0...

wikiada=1.5.0 successfully retrieved.
Dependencies were solved as follows:

   + utilada 2.9.0 (new)
[alr test] Spawning default test for remote crate: alr -d -n build --release -- -cargs:Ada -gnatwn
Note: Building wikiada=1.5.0/wikiada.gpr...
Setup
   [mkdir]        object directory for project UtilAda_Core
   [mkdir]        library directory for project UtilAda_Core
   [mkdir]        object directory for project UtilAda_Sys
   [mkdir]        library directory for project UtilAda_Sys
   [mkdir]        object directory for project WikiAda
   [mkdir]        library directory for project WikiAda
Compile
   [Ada]          util-systems-types.ads
   [Ada]          util-systems-constants.ads
   [Ada]          util-systems-io.adb
clang: warning: overriding deployment version from '16.0' to '26.0' [-Woverriding-deployment-version]
   [Ada]          util-systems-os.ads
clang: warning: overriding deployment version from '16.0' to '26.0' [-Woverriding-deployment-version]
   [Ada]          util-properties-basic.adb
clang: warning: overriding deployment version from '16.0' to '26.0' [-Woverriding-deployment-version]
   [Ada]          util-properties-discrete.adb
clang: warning: overriding deployment version from '16.0' to '26.0' [-Woverriding-deployment-version]
   [Ada]          util-properties.adb
clang: warning: overriding deployment version from '16.0' to '26.0' [-Woverriding-deployment-version]
   [Ada]          util-properties-bundles.adb
clang: warning: overriding deployment version from '16.0' to '26.0' [-Woverriding-deployment-version]
   [Ada]          util-log-locations.adb
clang: warning: overriding deployment version from '16.0' to '26.0' [-Woverriding-deployment-version]
   [Ada]          util-log-formatters.adb
clang: warning: overriding deployment version from '16.0' to '26.0' [-Woverriding-deployment-version]
   [Ada]          util-log-formatters-factories.adb
clang: warning: overriding deployment version from '16.0' to '26.0' [-Woverriding-deployment-version]
   [Ada]          util-log-appenders-rolling_files.adb
clang: warning: overriding deployment version from '16.0' to '26.0' [-Woverriding-deployment-version]
   [Ada]          util-log-appenders-files.adb
clang: warning: overriding deployment version from '16.0' to '26.0' [-Woverriding-deployment-version]
   [Ada]          util-log-appenders-consoles.adb
clang: warning: overriding deployment version from '16.0' to '26.0' [-Woverriding-deployment-version]
   [Ada]          util-log-appenders-formatter.adb
clang: warning: overriding deployment version from '16.0' to '26.0' [-Woverriding-deployment-version]
   [Ada]          util-log-loggers.adb
clang: warning: overriding deployment version from '16.0' to '26.0' [-Woverriding-deployment-version]
   [Ada]          util-log-appenders-factories.adb
clang: warning: overriding deployment version from '16.0' to '26.0' [-Woverriding-deployment-version]
   [Ada]          util-log.adb
clang: warning: overriding deployment version from '16.0' to '26.0' [-Woverriding-deployment-version]
   [Ada]          util-log-appenders.adb
clang: warning: overriding deployment version from '16.0' to '26.0' [-Woverriding-deployment-version]
   [Ada]          util-files-rolling.adb
clang: warning: overriding deployment version from '16.0' to '26.0' [-Woverriding-deployment-version]
   [Ada]          util-files-filters.adb
clang: warning: overriding deployment version from '16.0' to '26.0' [-Woverriding-deployment-version]
   [Ada]          util-files-walk.adb
clang: warning: overriding deployment version from '16.0' to '26.0' [-Woverriding-deployment-version]
   [Ada]          util-files.adb
clang: warning: overriding deployment version from '16.0' to '26.0' [-Woverriding-deployment-version]
   [Ada]          util-events-channels.adb
clang: warning: overriding deployment version from '16.0' to '26.0' [-Woverriding-deployment-version]
   [Ada]          util-events-timers.adb
clang: warning: overriding deployment version from '16.0' to '26.0' [-Woverriding-deployment-version]
   [Ada]          util-events.adb
clang: warning: overriding deployment version from '16.0' to '26.0' [-Woverriding-deployment-version]
   [Ada]          util-dates-formats.adb
clang: warning: overriding deployment version from '16.0' to '26.0' [-Woverriding-deployment-version]
   [Ada]          util-dates-rfc7231.adb
clang: warning: overriding deployment version from '16.0' to '26.0' [-Woverriding-deployment-version]
   [Ada]          util-dates-simple_format.adb
clang: warning: overriding deployment version from '16.0' to '26.0' [-Woverriding-deployment-version]
   [Ada]          util-dates-iso8601.adb
clang: warning: overriding deployment version from '16.0' to '26.0' [-Woverriding-deployment-version]
   [Ada]          util-dates.adb
util-dates-to_ada_time_64.adb:17:43: error: "To_Duration_64" not declared in "Conversions"
util-dates-to_ada_time_64.adb:19:22: error: "To_Ada_Time_64" not declared in "Conversions"
clang: warning: overriding deployment version from '16.0' to '26.0' [-Woverriding-deployment-version]
clang: warning: overriding deployment version from '16.0' to '26.0' [-Woverriding-deployment-version]

   compilation of util-dates.adb failed

gprbuild: *** compilation phase failed
stderr: Command ["gprbuild", "-s", "-j0", "-p", "-P", "/Users/runner/work/alire-crates-ci/alire-crates-ci/test/e2049cea-00e5-474b-b523-84e22c734e02/wikiada_1.5.0_3e5dac64/wikiada.gpr", "-cargs:Ada", "-gnatwn"] exited with code 4
ERROR: Command ["gprbuild", "-s", "-j0", "-p", "-P", "/Users/runner/work/alire-crates-ci/alire-crates-ci/test/e2049cea-00e5-474b-b523-84e22c734e02/wikiada_1.5.0_3e5dac64/wikiada.gpr", "-cargs:Ada", "-gnatwn"] exited with code 4
stderr: ALIRE.CHECKED_ERROR
stderr: Command ["gprbuild", "-s", "-j0", "-p", "-P", "/Users/runner/work/alire-crates-ci/alire-crates-ci/test/e2049cea-00e5-474b-b523-84e22c734e02/wikiada_1.5.0_3e5dac64/wikiada.gpr", "-cargs:Ada", "-gnatwn"] exited with code 4
stderr: raised ALIRE.CHECKED_ERROR : alire-stored-error:1
Load address: 0x10415c000
Call stack traceback locations:
0x104e680cc 0x104e6812c 0x104bbc66c 0x104801568 0x104a86594 0x104a874f4 0x1049c533c 0x1049c3b08 0x1049e778c 0x104a4756c 0x104a4699c 0x1049e7868 0x1049e7950 0x1049c400c 0x1049c4174 0x1041cd730 0x1041cd070 0x1041cd1e4 0x10426ab38 0x104275c78 0x10415e9f8 0x104163a2c

stderr: ALIRE.ROOTS.BUILD._WRAPPED_STATEMENTS.BUILD_FAILED
stderr: alire-roots.adb:202
stderr: raised ALIRE.ROOTS.BUILD._WRAPPED_STATEMENTS.BUILD_FAILED : alire-roots.adb:202
Load address: 0x10415c000
Call stack traceback locations:
0x104e680cc 0x104e6812c 0x1049c5640 0x1049c3b08 0x1049e778c 0x104a4756c 0x104a4699c 0x1049e7868 0x1049e7950 0x1049c400c 0x1049c4174 0x1041cd730 0x1041cd070 0x1041cd1e4 0x10426ab38 0x104275c78 0x10415e9f8 0x104163a2c

ERROR: Compilation failed.
