Test ran at 2026-08-04 13:19:04.848182+00:00

SOLUTION:
septum=0.2.1: An interactive context-based text search tool for large codebases.
Origin: commit 98d898f96bd5e4787305d400f58c0be53481e9eb from https://github.com/pyjarrett/septum.git
Properties:
   Author: Paul Jarrett
   Build Switches: 
   Description: An interactive context-based text search tool for large codebases.
   Executable: septum
   case OS is
      when Linux => GPR External: Septum_Platform := linux
      when Macos => GPR External: Septum_Platform := macos
      when Windows => GPR External: Septum_Platform := windows
   License: Apache-2.0
   Maintainer: Paul Jarrett <jarrett.paul.young@gmail.com>
   Maintainers_Logins: pyjarrett
   Name: septum
   Tag: search
   Tag: code
   Tag: text
   Version: 0.2.1
   Website: https://github.com/pyjarrett/septum
Dependencies (direct):
   ansiada^1.1.0
   atomic~1.0.0
   dir_iterators~0.0.5
   progress_indicators~0.0.2
   trendy_terminal~0.0.6
Dependencies (solution):
   ansiada=1.1.0
   atomic=1.0.0
   dir_iterators=0.0.5
   progress_indicators=0.0.2
   trendy_terminal=0.0.7
Dependencies (graph):
   progress_indicators=0.0.2 --> ansiada=1.1.0 (^1.1.0)
   septum=0.2.1              --> ansiada=1.1.0 (^1.1.0)
   septum=0.2.1              --> atomic=1.0.0 (~1.0.0)
   septum=0.2.1              --> dir_iterators=0.0.5 (~0.0.5)
   septum=0.2.1              --> progress_indicators=0.0.2 (~0.0.2)
   septum=0.2.1              --> trendy_terminal=0.0.7 (~0.0.6)


LOG:
[alr test] Testing septum=0.2.1
[alr test] Spawning retrieval for remote crate: alr -d -n get septum=0.2.1
Note: Deploying septum=0.2.1...
Note: Deploying ansiada=1.1.0...
Note: Deploying atomic=1.0.0...
Note: Deploying dir_iterators=0.0.5...
Note: Deploying trendy_terminal=0.0.7...
Note: Deploying progress_indicators=0.0.2...

septum=0.2.1 successfully retrieved.
Dependencies were solved as follows:

   + ansiada             1.1.0 (new)
   + atomic              1.0.0 (new)
   + dir_iterators       0.0.5 (new)
   + progress_indicators 0.0.2 (new)
   + trendy_terminal     0.0.7 (new)
[alr test] Spawning default test for remote crate: alr -d -n build --release -- -cargs:Ada -gnatwn
Note: Building septum=0.2.1/septum.gpr...
Setup
   [mkdir]        object directory for project Atomic
   [mkdir]        library directory for project Atomic
   [mkdir]        object directory for project Ansiada
   [mkdir]        library directory for project Ansiada
   [mkdir]        object directory for project Dir_Iterators
   [mkdir]        library directory for project Dir_Iterators
   [mkdir]        object directory for project Progress_Indicators
   [mkdir]        library directory for project Progress_Indicators
   [mkdir]        object directory for project Trendy_Terminal
   [mkdir]        library directory for project Trendy_Terminal
   [mkdir]        object directory for project Septum
   [mkdir]        exec directory for project Septum
Compile
   [Ada]          septum.adb
   [Ada]          trendy_terminal_config.ads
   [Ada]          trendy_terminal-platform.adb
clang: warning: overriding deployment version from '16.0' to '26.0' [-Woverriding-deployment-version]
   [Ada]          trendy_terminal-mac.ads
clang: warning: overriding deployment version from '16.0' to '26.0' [-Woverriding-deployment-version]
   [Ada]          trendy_terminal.ads
clang: warning: overriding deployment version from '16.0' to '26.0' [-Woverriding-deployment-version]
   [Ada]          trendy_terminal-completions.adb
clang: warning: overriding deployment version from '16.0' to '26.0' [-Woverriding-deployment-version]
   [Ada]          trendy_terminal-environments.adb
clang: warning: overriding deployment version from '16.0' to '26.0' [-Woverriding-deployment-version]
   [Ada]          trendy_terminal-vt100.adb
clang: warning: overriding deployment version from '16.0' to '26.0' [-Woverriding-deployment-version]
   [Ada]          trendy_terminal-maps.adb
clang: warning: overriding deployment version from '16.0' to '26.0' [-Woverriding-deployment-version]
   [Ada]          trendy_terminal-lines-line_vectors.ads
clang: warning: overriding deployment version from '16.0' to '26.0' [-Woverriding-deployment-version]
   [Ada]          trendy_terminal-io.adb
clang: warning: overriding deployment version from '16.0' to '26.0' [-Woverriding-deployment-version]
   [Ada]          trendy_terminal-histories.adb
clang: warning: overriding deployment version from '16.0' to '26.0' [-Woverriding-deployment-version]
   [Ada]          trendy_terminal-string_vectors.ads
clang: warning: overriding deployment version from '16.0' to '26.0' [-Woverriding-deployment-version]
   [Ada]          trendy_terminal-lines.adb
clang: warning: overriding deployment version from '16.0' to '26.0' [-Woverriding-deployment-version]
   [Ada]          trendy_terminal-io-line_editors.adb
clang: warning: overriding deployment version from '16.0' to '26.0' [-Woverriding-deployment-version]
   [Ada]          progress_indicators_config.ads
clang: warning: overriding deployment version from '16.0' to '26.0' [-Woverriding-deployment-version]
   [Ada]          progress_indicators-bars.adb
clang: warning: overriding deployment version from '16.0' to '26.0' [-Woverriding-deployment-version]
   [Ada]          progress_indicators-spinners.adb
clang: warning: overriding deployment version from '16.0' to '26.0' [-Woverriding-deployment-version]
   [Ada]          progress_indicators-work_trackers.adb
clang: warning: overriding deployment version from '16.0' to '26.0' [-Woverriding-deployment-version]
   [Ada]          progress_indicators.ads
clang: warning: overriding deployment version from '16.0' to '26.0' [-Woverriding-deployment-version]
   [Ada]          dir_iterators-recursive.adb
clang: warning: overriding deployment version from '16.0' to '26.0' [-Woverriding-deployment-version]
   [Ada]          dir_iterators-ancestor.adb
clang: warning: overriding deployment version from '16.0' to '26.0' [-Woverriding-deployment-version]
   [Ada]          dir_iterators.ads
clang: warning: overriding deployment version from '16.0' to '26.0' [-Woverriding-deployment-version]
   [Ada]          ansiada_config.ads
clang: warning: overriding deployment version from '16.0' to '26.0' [-Woverriding-deployment-version]
   [Ada]          ansiada.ads
clang: warning: overriding deployment version from '16.0' to '26.0' [-Woverriding-deployment-version]
   [Ada]          atomic.adb
clang: warning: overriding deployment version from '16.0' to '26.0' [-Woverriding-deployment-version]
   [Ada]          atomic-unsigned.adb
clang: warning: overriding deployment version from '16.0' to '26.0' [-Woverriding-deployment-version]
   [Ada]          atomic-signed.adb
clang: warning: overriding deployment version from '16.0' to '26.0' [-Woverriding-deployment-version]
   [Ada]          atomic_config.ads
clang: warning: overriding deployment version from '16.0' to '26.0' [-Woverriding-deployment-version]
   [Ada]          atomic-unsigned_32.ads
clang: warning: overriding deployment version from '16.0' to '26.0' [-Woverriding-deployment-version]
   [Ada]          atomic-signed_32.ads
clang: warning: overriding deployment version from '16.0' to '26.0' [-Woverriding-deployment-version]
   [Ada]          atomic-unsigned_8.ads
clang: warning: overriding deployment version from '16.0' to '26.0' [-Woverriding-deployment-version]
   [Ada]          atomic-signed_8.ads
clang: warning: overriding deployment version from '16.0' to '26.0' [-Woverriding-deployment-version]
   [Ada]          atomic-signed_16.ads
clang: warning: overriding deployment version from '16.0' to '26.0' [-Woverriding-deployment-version]
   [Ada]          atomic-unsigned_16.ads
clang: warning: overriding deployment version from '16.0' to '26.0' [-Woverriding-deployment-version]
   [Ada]          sp.ads
clang: warning: overriding deployment version from '16.0' to '26.0' [-Woverriding-deployment-version]
   [Ada]          sp-commands.adb
clang: warning: overriding deployment version from '16.0' to '26.0' [-Woverriding-deployment-version]
   [Ada]          sp-config.adb
clang: warning: overriding deployment version from '16.0' to '26.0' [-Woverriding-deployment-version]
   [Ada]          sp-interactive.adb
clang: warning: overriding deployment version from '16.0' to '26.0' [-Woverriding-deployment-version]
   [Ada]          sp-searches.adb
clang: warning: overriding deployment version from '16.0' to '26.0' [-Woverriding-deployment-version]
   [Ada]          sp-file_system.adb
clang: warning: overriding deployment version from '16.0' to '26.0' [-Woverriding-deployment-version]
   [Ada]          sp-platform.adb
clang: warning: overriding deployment version from '16.0' to '26.0' [-Woverriding-deployment-version]
   [Ada]          sp-strings.adb
clang: warning: overriding deployment version from '16.0' to '26.0' [-Woverriding-deployment-version]
   [Ada]          sp-filters.adb
clang: warning: overriding deployment version from '16.0' to '26.0' [-Woverriding-deployment-version]
   [Ada]          sp-terminal.adb
clang: warning: overriding deployment version from '16.0' to '26.0' [-Woverriding-deployment-version]
   [Ada]          sp-contexts.adb
clang: warning: overriding deployment version from '16.0' to '26.0' [-Woverriding-deployment-version]
   [Ada]          sp-progress.adb
clang: warning: overriding deployment version from '16.0' to '26.0' [-Woverriding-deployment-version]
   [Ada]          sp-cache.adb
clang: warning: overriding deployment version from '16.0' to '26.0' [-Woverriding-deployment-version]
   [Ada]          sp-memory.adb
clang: warning: overriding deployment version from '16.0' to '26.0' [-Woverriding-deployment-version]
clang: warning: overriding deployment version from '16.0' to '26.0' [-Woverriding-deployment-version]
clang: warning: overriding deployment version from '16.0' to '26.0' [-Woverriding-deployment-version]
Build Libraries
   [gprlib]       Atomic.lexch
   [gprlib]       Ansiada.lexch
   [gprlib]       Dir_Iterators.lexch
   [gprlib]       Progress_Indicators.lexch
   [archive]      libDir_Iterators.a
   [archive]      libAnsiada.a
   [archive]      libAtomic.a
   [index]        libAnsiada.a
   [index]        libAtomic.a
   [index]        libDir_Iterators.a
   [gprlib]       Trendy_Terminal.lexch
   [archive]      libTrendy_Terminal.a
   [archive]      libProgress_Indicators.a
   [index]        libProgress_Indicators.a
   [index]        libTrendy_Terminal.a
Bind
   [gprbind]      septum.bexch
   [Ada]          septum.ali
clang: warning: overriding deployment version from '16.0' to '26.0' [-Woverriding-deployment-version]
Link
   [link]         septum.adb
ld: library not found for -lSystem
collect2: error: ld returned 1 exit status
gprbuild: link of septum.adb failed
gprbuild: failed command was: /users/runner/.local/share/alire/toolchains/gnat_native_15.1.2_60748c54/bin/gcc septum.o b__septum.o /Users/runner/work/alire-crates-ci/alire-crates-ci/test/212711b7-f869-46ef-8e65-405ff793b891/septum_0.2.1_98d898f9/obj/release/sp.o /Users/runner/work/alire-crates-ci/alire-crates-ci/test/212711b7-f869-46ef-8e65-405ff793b891/septum_0.2.1_98d898f9/obj/release/sp-memory.o /Users/runner/work/alire-crates-ci/alire-crates-ci/test/212711b7-f869-46ef-8e65-405ff793b891/septum_0.2.1_98d898f9/obj/release/sp-strings.o /Users/runner/work/alire-crates-ci/alire-crates-ci/test/212711b7-f869-46ef-8e65-405ff793b891/septum_0.2.1_98d898f9/obj/release/sp-contexts.o /Users/runner/work/alire-crates-ci/alire-crates-ci/test/212711b7-f869-46ef-8e65-405ff793b891/septum_0.2.1_98d898f9/obj/release/sp-filters.o /Users/runner/work/alire-crates-ci/alire-crates-ci/test/212711b7-f869-46ef-8e65-405ff793b891/septum_0.2.1_98d898f9/obj/release/sp-platform.o /Users/runner/work/alire-crates-ci/alire-crates-ci/test/212711b7-f869-46ef-8e65-405ff793b891/septum_0.2.1_98d898f9/obj/release/sp-terminal.o /Users/runner/work/alire-crates-ci/alire-crates-ci/test/212711b7-f869-46ef-8e65-405ff793b891/septum_0.2.1_98d898f9/obj/release/sp-file_system.o /Users/runner/work/alire-crates-ci/alire-crates-ci/test/212711b7-f869-46ef-8e65-405ff793b891/septum_0.2.1_98d898f9/obj/release/sp-config.o /Users/runner/work/alire-crates-ci/alire-crates-ci/test/212711b7-f869-46ef-8e65-405ff793b891/septum_0.2.1_98d898f9/obj/release/sp-progress.o /Users/runner/work/alire-crates-ci/alire-crates-ci/test/212711b7-f869-46ef-8e65-405ff793b891/septum_0.2.1_98d898f9/obj/release/sp-cache.o /Users/runner/work/alire-crates-ci/alire-crates-ci/test/212711b7-f869-46ef-8e65-405ff793b891/septum_0.2.1_98d898f9/obj/release/sp-searches.o /Users/runner/work/alire-crates-ci/alire-crates-ci/test/212711b7-f869-46ef-8e65-405ff793b891/septum_0.2.1_98d898f9/obj/release/sp-commands.o /Users/runner/work/alire-crates-ci/alire-crates-ci/test/212711b7-f869-46ef-8e65-405ff793b891/septum_0.2.1_98d898f9/obj/release/sp-interactive.o /Users/runner/.local/share/alire/builds/trendy_terminal_0.0.7_730526e3/2257187d45dd776ffcac25669c467e8a0f37f22672a79c0201fa6122991ecf78/lib/libTrendy_Terminal.a /Users/runner/.local/share/alire/builds/progress_indicators_0.0.2_61ad049b/288025d5f5e77bbc960ef030279aa34387d2313b84076cbe13f64097b6a891d2/lib/libProgress_Indicators.a /Users/runner/.local/share/alire/builds/dir_iterators_0.0.5_bd7687be/637bf085eccc5cbed50712bd9595ab81f3129c3f6d8958bddaeb625d6a82a741/lib/libDir_Iterators.a /Users/runner/.local/share/alire/builds/ansiada_1.1.0_405f110b/38593ae2cc9946b843fec0a797f1413bceca6b64b6262f3e2ef555f452ad4523/lib/libAnsiada.a /Users/runner/.local/share/alire/builds/atomic_1.0.0_de36e4a8/7edff5f2802c6b59693210bc909fd8129679ca9b0b6cce3368743e37974e0f6f/lib/libAtomic.a -L/Users/runner/work/alire-crates-ci/alire-crates-ci/test/212711b7-f869-46ef-8e65-405ff793b891/septum_0.2.1_98d898f9/obj/release/ -L/Users/runner/work/alire-crates-ci/alire-crates-ci/test/212711b7-f869-46ef-8e65-405ff793b891/septum_0.2.1_98d898f9/obj/release/ -L/Users/runner/.local/share/alire/builds/atomic_1.0.0_de36e4a8/7edff5f2802c6b59693210bc909fd8129679ca9b0b6cce3368743e37974e0f6f/lib/ -L/Users/runner/.local/share/alire/builds/ansiada_1.1.0_405f110b/38593ae2cc9946b843fec0a797f1413bceca6b64b6262f3e2ef555f452ad4523/lib/ -L/Users/runner/.local/share/alire/builds/dir_iterators_0.0.5_bd7687be/637bf085eccc5cbed50712bd9595ab81f3129c3f6d8958bddaeb625d6a82a741/lib/ -L/Users/runner/.local/share/alire/builds/progress_indicators_0.0.2_61ad049b/288025d5f5e77bbc960ef030279aa34387d2313b84076cbe13f64097b6a891d2/lib/ -L/Users/runner/.local/share/alire/builds/trendy_terminal_0.0.7_730526e3/2257187d45dd776ffcac25669c467e8a0f37f22672a79c0201fa6122991ecf78/lib/ -L/users/runner/.local/share/alire/toolchains/gnat_native_15.1.2_60748c54/lib/gcc/aarch64-apple-darwin23.6.0/15.0.1/adalib/ -static-libgcc /users/runner/.local/share/alire/toolchains/gnat_native_15.1.2_60748c54/lib/gcc/aarch64-apple-darwin23.6.0/15.0.1/adalib/libgnarl.a /users/runner/.local/share/alire/toolchains/gnat_native_15.1.2_60748c54/lib/gcc/aarch64-apple-darwin23.6.0/15.0.1/adalib/libgnat.a -Wl,-rpath,@executable_path/..//obj/release -Wl,-rpath,@executable_path/../../../../../../..//.local/share/alire/builds/atomic_1.0.0_de36e4a8/7edff5f2802c6b59693210bc909fd8129679ca9b0b6cce3368743e37974e0f6f/lib -Wl,-rpath,@executable_path/../../../../../../..//.local/share/alire/builds/ansiada_1.1.0_405f110b/38593ae2cc9946b843fec0a797f1413bceca6b64b6262f3e2ef555f452ad4523/lib -Wl,-rpath,@executable_path/../../../../../../..//.local/share/alire/builds/dir_iterators_0.0.5_bd7687be/637bf085eccc5cbed50712bd9595ab81f3129c3f6d8958bddaeb625d6a82a741/lib -Wl,-rpath,@executable_path/../../../../../../..//.local/share/alire/builds/progress_indicators_0.0.2_61ad049b/288025d5f5e77bbc960ef030279aa34387d2313b84076cbe13f64097b6a891d2/lib -Wl,-rpath,@executable_path/../../../../../../..//.local/share/alire/builds/trendy_terminal_0.0.7_730526e3/2257187d45dd776ffcac25669c467e8a0f37f22672a79c0201fa6122991ecf78/lib -Wl,-rpath,@executable_path/../../../../../../..//.local/share/alire/toolchains/gnat_native_15.1.2_60748c54/lib/gcc/aarch64-apple-darwin23.6.0/15.0.1/adalib -o /Users/runner/work/alire-crates-ci/alire-crates-ci/test/212711b7-f869-46ef-8e65-405ff793b891/septum_0.2.1_98d898f9/bin//septum
stderr: Command ["gprbuild", "-s", "-j0", "-p", "-P", "/Users/runner/work/alire-crates-ci/alire-crates-ci/test/212711b7-f869-46ef-8e65-405ff793b891/septum_0.2.1_98d898f9/septum.gpr", "-cargs:Ada", "-gnatwn"] exited with code 4
ERROR: Command ["gprbuild", "-s", "-j0", "-p", "-P", "/Users/runner/work/alire-crates-ci/alire-crates-ci/test/212711b7-f869-46ef-8e65-405ff793b891/septum_0.2.1_98d898f9/septum.gpr", "-cargs:Ada", "-gnatwn"] exited with code 4
stderr: ALIRE.CHECKED_ERROR
stderr: Command ["gprbuild", "-s", "-j0", "-p", "-P", "/Users/runner/work/alire-crates-ci/alire-crates-ci/test/212711b7-f869-46ef-8e65-405ff793b891/septum_0.2.1_98d898f9/septum.gpr", "-cargs:Ada", "-gnatwn"] exited with code 4
stderr: raised ALIRE.CHECKED_ERROR : alire-stored-error:1
Load address: 0x102858000
Call stack traceback locations:
0x1035640cc 0x10356412c 0x1032b866c 0x102efd568 0x103182594 0x1031834f4 0x1030c133c 0x1030bfb08 0x1030e378c 0x10314356c 0x10314299c 0x1030e3868 0x1030e3950 0x1030c000c 0x1030c0174 0x1028c9730 0x1028c9070 0x1028c91e4 0x102966b38 0x102971c78 0x10285a9f8 0x10285fa2c

stderr: ALIRE.ROOTS.BUILD._WRAPPED_STATEMENTS.BUILD_FAILED
stderr: alire-roots.adb:202
stderr: raised ALIRE.ROOTS.BUILD._WRAPPED_STATEMENTS.BUILD_FAILED : alire-roots.adb:202
Load address: 0x102858000
Call stack traceback locations:
0x1035640cc 0x10356412c 0x1030c1640 0x1030bfb08 0x1030e378c 0x10314356c 0x10314299c 0x1030e3868 0x1030e3950 0x1030c000c 0x1030c0174 0x1028c9730 0x1028c9070 0x1028c91e4 0x102966b38 0x102971c78 0x10285a9f8 0x10285fa2c

ERROR: Compilation failed.
