Test ran at 2025-09-03 13:09:15.041208+00:00

SOLUTION:
apdf=8.0.0: Portable package for producing dynamically PDF documents
Origin: source archive apdf_008.zip at https://sourceforge.net/projects/apdf/files/apdf_008.zip with hash sha512:7dddb047dc67854f9c0879715704f66dda3ea19c31bf4f81f5de91b72a9367720d3f170131ea61e380acffc5a2f0d3bcb0d2bf31ffb8376173be293514851d1c
Properties:
   Author: Gautier de Montmollin
   Description: Portable package for producing dynamically PDF documents
   Executable: pdf_out_demo
   Executable: koch_curve
   Executable: sierpinski_arrowhead_curve
   GPR Scenario: PDF_Build_Mode := Debug | Fast
   License: MIT
   Long_Description: **PDF_Out** is an Ada package for producing easily and automatically PDF files, from an Ada program, with text, vector graphics and raster graphics.

![Ada PDF Screenshot](https://apdf.sourceforge.io/pw_ari_delivery_m.png "Screenshot of a page produced by PDF_Out")
![Ada PDF Screenshot](https://apdf.sourceforge.io/pw_sowebio_m.jpg      "Screenshot of a report produced by PDF_Out")

* Ideal for the dynamic production of reports, invoices, tickets, labels, delivery notes, charts, maps etc.
* Vector graphics
* Inclusion of JPEG images
* Object oriented
* Task safe
* Endian-neutral
* Multi-platform, but native code build
* Unconditionally portable code: OS-, CPU-, compiler- independent code
* Pure Ada 2012: this package can be used in projects in Ada 2012 and later language versions
* *Free*, open-source 

The creation of a PDF file is as simple as this small procedure:

```ada
with PDF_Out;

procedure Small_Demo is
  pdf : PDF_Out.PDF_Out_File;
begin
  pdf.Create ("small.pdf");
  pdf.Put_Line ("This is a very small demo for PDF_Out...");
  pdf.Close;
end Small_Demo;
```


   Maintainer: gdemont@hotmail.com
   Maintainers_Logins: zertovitch
   Maintainers_Logins: Fabien-Chouteau
   Name: apdf
   Project_File: pdf_out_w_gid.gpr
   Tag: pdf
   Tag: adobe
   Tag: acrobat
   Version: 8.0.0
   Website: https://github.com/zertovitch/ada-pdf-writer
Dependencies (direct):
   gid>=13.0.1
Dependencies (solution):
   gid=13.0.1
Dependencies (graph):
   apdf=8.0.0 --> gid=13.0.1 (>=13.0.1)


LOG:
[alr test] Testing apdf=8.0.0
[alr test] Spawning retrieval for remote crate: alr -d -n get apdf=8.0.0
Note: Deploying apdf=8.0.0...
#=#=#                                                                         

######################################################################## 100.0%##O#-#                                                                        

######################################################################## 100.0%##=O#- #                                                                      

######################################################################## 100.0%
######################################################################## 100.0%# #=O#- #                                                                     
 # #=O#-  #                                                                   
  #-#O=-#   #                                                                 

##############                                                            20.4%
#######################################################################   99.4%
######################################################################## 100.0%
Note: Deploying gid=13.0.1...
#=#=#                                                                         
##O#-#                                                                        

######################################################################## 100.0%##O=#  #                                                                      

######################################################################## 100.0%#-#O=#  #                                                                     

######################################################################## 100.0% #-#O=#   #                                                                   

######################################################################## 100.0%  #-#O=-#   #                                                                 
   #-#O=-#   #                                                                

##################                                                        25.4%
######################################################                    76.3%
######################################################################## 100.0%

apdf=8.0.0 successfully retrieved.
Dependencies were solved as follows:

   + gid 13.0.1 (new)
[alr test] Spawning default test for remote crate: alr -d -n build --release -- -cargs:Ada -gnatwn
Note: Building gid=13.0.1/gid.gpr...
/root/.local/share/alire/toolchains/gprbuild_25.0.1_9a2e6cfb/bin/gprbuild: /lib64/libc.so.6: version `GLIBC_2.35' not found (required by /root/.local/share/alire/toolchains/gprbuild_25.0.1_9a2e6cfb/bin/gprbuild)
stderr: Command ["gprbuild", "-s", "-j0", "-p", "-P", "/root/.local/share/alire/builds/gid_13.0.1_316514d2/dc664b811fc244991dfba63585b062994450865fae653ba4326ed30635897f65/gid.gpr", "-cargs:Ada", "-gnatwn"] exited with code 1
ERROR: Command ["gprbuild", "-s", "-j0", "-p", "-P", "/root/.local/share/alire/builds/gid_13.0.1_316514d2/dc664b811fc244991dfba63585b062994450865fae653ba4326ed30635897f65/gid.gpr", "-cargs:Ada", "-gnatwn"] exited with code 1
stderr: ALIRE.CHECKED_ERROR
stderr: Command ["gprbuild", "-s", "-j0", "-p", "-P", "/root/.local/share/alire/builds/gid_13.0.1_316514d2/dc664b811fc244991dfba63585b062994450865fae653ba4326ed30635897f65/gid.gpr", "-cargs:Ada", "-gnatwn"] exited with code 1
stderr: raised ALIRE.CHECKED_ERROR : alire-stored-error:1
[/usr/bin/alr]
0xe75bc6 Alire.Raise_Checked_Error at alire.adb:284
0xac1a54 Alire.Os_Lib.Subprocess.Checked_Spawn at alire-os_lib-subprocess.adb:111
0xd40276 Alire.Spawn.Command at alire-spawn.adb:22
0xd412ee Alire.Spawn.Gprbuild at alire-spawn.adb:68
0xc748cb Alire.Roots.Build at alire-roots.adb:189
0xc7301a Alire.Roots.Build at alire-roots.adb:255
0xc9832b Alire.Roots.Traverse at alire-roots.adb:2143
0xcfee85 Alire.Solutions.Traverse.Visit at alire-solutions.adb:1472
0xcfdca2 Alire.Solutions.Traverse at alire-solutions.adb:1539
0xc9841e Alire.Roots.Traverse at alire-roots.adb:2147
0xc984dd Alire.Roots.Traverse at alire-roots.adb:2127
0xc7359b Alire.Roots.Build at alire-roots.adb:286
0xc736d7 Alire.Roots.Build at alire-roots.adb:114
0x49aa0d Alr.Commands.Build.Execute at alr-commands-build.adb:145
0x49a36d Alr.Commands.Build.Execute at alr-commands-build.adb:113
0x49a51f Alr.Commands.Build.Execute at alr-commands-build.adb:54
0x53bbcc Alr.Commands.Sub_Cmd.Execute at clic-subcommand-instance.adb:749
0x5472be Alr.Commands.Execute at alr-commands.adb:632
0x43d48a Alr.Main at alr-main.adb:13
0x4403a3 Main at b__alr-main.adb:2445
[/lib64/libc.so.6]
0x7f00e7e5e5ce
0x7f00e7e5e67e
[/usr/bin/alr]
0x43d323 _start at ???
0xfffffffffffffffe

stderr: ALIRE.ROOTS.BUILD._WRAPPED_STATEMENTS.BUILD_FAILED
stderr: alire-roots.adb:202
stderr: raised ALIRE.ROOTS.BUILD._WRAPPED_STATEMENTS.BUILD_FAILED : alire-roots.adb:202
[/usr/bin/alr]
0xc74cc7 Alire.Roots.Build at alire-roots.adb:202
0xc7301a Alire.Roots.Build at alire-roots.adb:255
0xc9832b Alire.Roots.Traverse at alire-roots.adb:2143
0xcfee85 Alire.Solutions.Traverse.Visit at alire-solutions.adb:1472
0xcfdca2 Alire.Solutions.Traverse at alire-solutions.adb:1539
0xc9841e Alire.Roots.Traverse at alire-roots.adb:2147
0xc984dd Alire.Roots.Traverse at alire-roots.adb:2127
0xc7359b Alire.Roots.Build at alire-roots.adb:286
0xc736d7 Alire.Roots.Build at alire-roots.adb:114
0x49aa0d Alr.Commands.Build.Execute at alr-commands-build.adb:145
0x49a36d Alr.Commands.Build.Execute at alr-commands-build.adb:113
0x49a51f Alr.Commands.Build.Execute at alr-commands-build.adb:54
0x53bbcc Alr.Commands.Sub_Cmd.Execute at clic-subcommand-instance.adb:749
0x5472be Alr.Commands.Execute at alr-commands.adb:632
0x43d48a Alr.Main at alr-main.adb:13
0x4403a3 Main at b__alr-main.adb:2445
[/lib64/libc.so.6]
0x7f00e7e5e5ce
0x7f00e7e5e67e
[/usr/bin/alr]
0x43d323 _start at ???
0xfffffffffffffffe

ERROR: Compilation failed.
