Test ran at 2025-09-29 12:43:03.539761+00:00

SOLUTION:
gfx_rasteriser=0.1.0: Modular Portable Graphics Library, Primitive's Rasteriser
Origin: commit a611c7af65477b38206f029ca5e930558aa74c45 from https://github.com/godunko/gfx-rasteriser.git
Properties:
   Author: Vadim Godunko
   Configuration: no modifiers
   Description: Modular Portable Graphics Library, Primitive's Rasteriser
   License: Apache-2.0 WITH LLVM-exception
   Maintainer: Vadim Godunko <vgodunko@gmail.com>
   Maintainers_Logins: godunko
   Name: gfx_rasteriser
   Project_File: gnat/gfx_rasteriser.gpr
   Tag: graphics
   Version: 0.1.0
Dependencies (direct):
   gfx_core~0.1.0
Dependencies (solution):
   gfx_core=0.1.0
Dependencies (graph):
   gfx_rasteriser=0.1.0 --> gfx_core=0.1.0 (~0.1.0)


LOG:
[alr test] Testing gfx_rasteriser=0.1.0
[alr test] Spawning retrieval for remote crate: alr -d -n get gfx_rasteriser=0.1.0
Note: Deploying gfx_rasteriser=0.1.0...

gfx_rasteriser=0.1.0 successfully retrieved.
Dependencies were solved as follows:

   + gfx_core 0.1.0 (new)
[alr test] Spawning default test for remote crate: alr -d -n build --release -- -cargs:Ada -gnatwn
Note: Building gfx_rasteriser=0.1.0/gnat/gfx_rasteriser.gpr...
Setup
   [mkdir]        object directory for project GFX_Rasteriser
Compile
   [Ada]          gfx-rasteriser.ads
   [Ada]          gfx-rasteriser-primitives.adb
   [Ada]          gfx-implementation-fixed_types.adb
gfx-rasteriser-primitives.adb:986:10: warning: variable "Left_Edge_Pixel_Right" is never read and never assigned [-gnatwv]
gfx-rasteriser-primitives.adb:993:10: warning: variable "Right_Edge_At_Pixel_Right" is never read and never assigned [-gnatwv]
Success: Build finished successfully in 1.53 seconds.
Found declared GPR file: gnat/gfx_rasteriser.gpr
[alr test] Test completed SUCCESSFULLY
