Test ran at 2026-07-22 00:56:50.884914+00:00

SOLUTION:
aunit=26.0.0: Ada unit test framework
Origin: source archive v26.0.0.zip at https://github.com/AdaCore/aunit/archive/refs/tags/v26.0.0.zip with hash sha512:b882e96a4b2cbc2d0d3838e14f2c7b6e576d6d7ccf88fe3562b1fbca61a2ebfd4e8b3379dd5c3fb3140949cda69526c8696fe3b7a6c6748fe93f116213276b39
Properties:
   Author: AdaCore
   Configuration: no modifiers
   Description: Ada unit test framework
   GPR Scenario: AUNIT_BUILD_MODE := Devel | Install
   GPR Scenario: AUNIT_RUNTIME := full | zfp | zfp-cross | ravenscar | ravenscar-cert | cert
   License: GPL-3.0-or-later WITH GCC-exception-3.1
   Maintainer: chouteau@adacore.com
   Maintainer: sagaert@adacore.com
   Maintainers_Logins: Fabien-Chouteau
   Maintainers_Logins: AldanTanneo
   Name: aunit
   Project_File: lib/gnat/aunit.gpr
   Tag: unit
   Tag: test
   Tag: unit-test
   Version: 26.0.0


LOG:
[alr test] Testing aunit=26.0.0
[alr test] Spawning retrieval for remote crate: alr -d -n get aunit=26.0.0
Note: Deploying aunit=26.0.0...
#=#=#                                                                          
##O#-#                                                                         

aunit=26.0.0 successfully retrieved.
There are no dependencies.
[alr test] Spawning default test for remote crate: alr -d -n build --release -- -cargs:Ada -gnatwn
Note: Building aunit=26.0.0/lib/gnat/aunit.gpr...
Setup
   [mkdir]        object directory for project AUnit
   [mkdir]        library directory for project AUnit
Compile
   [Ada]          aunit-io.ads
   [Ada]          aunit-memory-utils.adb
   [Ada]          aunit-memory.adb
   [Ada]          aunit-time_measure.adb
   [Ada]          aunit-reporter-text.adb
   [Ada]          aunit-reporter-xml.adb
   [Ada]          aunit-reporter-junit.adb
   [Ada]          aunit-reporter-gnattest.adb
   [Ada]          ada_containers-aunit_lists.adb
   [Ada]          ada_containers.ads
   [Ada]          aunit-test_filters.adb
   [Ada]          aunit-test_suites.adb
   [Ada]          aunit-reporter.adb
   [Ada]          aunit.adb
   [Ada]          aunit-simple_test_cases.adb
   [Ada]          aunit-assertions.adb
   [Ada]          aunit-test_results.adb
   [Ada]          aunit-run.adb
   [Ada]          aunit-options.ads
   [Ada]          aunit-test_cases.adb
   [Ada]          aunit-tests.ads
   [Ada]          aunit-test_fixtures.adb
   [Ada]          aunit-test_caller.adb
Build Libraries
   [gprlib]       aunit.lexch
   [archive]      libaunit.a
   [index]        libaunit.a
Success: Build finished successfully in 2.12 seconds.
Found declared GPR file: lib/gnat/aunit.gpr
[alr test] Test completed SUCCESSFULLY
