Test ran at 2025-04-14 00:51:54.308915+00:00

SOLUTION:
honki_tonks_zivilisationen=0.5.5305: The Code of my 4X turn-based strategy game.
Origin: commit cfbe2104c22982d068d6fa63643b96750747d9a1 from https://github.com/HonkiTonk/Honki-Tonks-Zivilisationen.git
Properties:
   Author: Stefan Hild
   Description: The Code of my 4X turn-based strategy game.
   Executable: honki_tonks_zivilisationen
   License: GPL-3.0-or-later
   Long_Description: Der Code meines 4X-Rundenstrategiespiels. Geschrieben in Ada 2022 unter Verwendung der Ada Standardbibliothek, der ASFML 2.5.4, der CSFML 2.5.1 und der SFML 2.5.1. Nur unter Linux intensiv getestet, sollte aber auch unter anderen Betriebssystemen problemlos funktionieren.

The Code of my 4X turn-based strategy game. Written in Ada 2022 using the Ada standard library, the ASFML 2.5.4, the CSFML 2.5.1 and the SFML 2.5.1. Only intensively tested under Linux, but should also work without problems under other operating systems.

   Maintainer: Stefan Hild <krapfen@totalplanlos.de>
   Maintainers_Logins: HonkiTonk
   Name: honki_tonks_zivilisationen
   Tag: game
   Tag: sfml
   Tag: 4x
   Tag: roundbased
   Tag: strategy
   Tag: cross-platform
   Tag: multimedia
   Tag: 2d
   Version: 0.05.5305
   Website: https://github.com/HonkiTonk/Honki-Tonks-Zivilisationen
Dependencies (direct):
   asfml^2.5.3
   gnat>=12.0.0
Dependencies (solution):
   asfml=2.6.1
   gnat=14.2.1 (gnat_native)
   libcsfml=2.6.1+_1
Dependencies (graph):
   asfml=2.6.1                         --> libcsfml=2.6.1+_1 (^2.6.1)
   honki_tonks_zivilisationen=0.5.5305 --> asfml=2.6.1 (^2.5.3)
   honki_tonks_zivilisationen=0.5.5305 --> gnat=14.2.1 (gnat_native) (>=12.0.0)


LOG:
Spawning: alr -d -n get --build honki_tonks_zivilisationen=0.5.5305
Note: Deploying honki_tonks_zivilisationen=0.5.5305...
Note: Building honki_tonks_zivilisationen=0.5.5305/honki_tonks_zivilisationen.gpr...
Setup
   [mkdir]        object directory for project Honki_Tonks_Zivilisationen
Compile
   [Ada]          HonkiTonksZivilisationen.adb
   [Ada]          sf-window-keyboard.adb
   [Ada]          sf-graphics-fontinfo.ads
   [Ada]          sf-graphics-renderstates.ads
   [Ada]          sf-network-packet.adb
   [Ada]          sf-window-cursor.ads
   [Ada]          sf-window-clipboard.adb
   [Ada]          sf-window-event.ads
   [Ada]          sf-graphics-rendertexture.ads
   [Ada]          sf-graphics-text.adb
   [Ada]          sf-graphics-shape.ads
   [Ada]          sf-window-window.adb
   [Ada]          sf-graphics-image.adb
   [Ada]          sf-graphics-rect.ads
   [Ada]          sf-window-videomode.ads
   [Ada]          sf-network-socketstatus.ads
   [Ada]          sf-system-time.ads
   [Ada]          sf-graphics-convexshape.ads
   [Ada]          sf-system-inputstream.ads
   [Ada]          sf-graphics-renderwindow.adb
   [Ada]          sf-window-glu.ads
   [Ada]          sf-system.ads
   [Ada]          sf-graphics-shader.adb
   [Ada]          sf-graphics-vertex.ads
   [Ada]          sf-system-thread.ads
   [Ada]          sf-system-mutex.ads
   [Ada]          sf-window-touch.ads
   [Ada]          sf-window-windowbase.adb
   [Ada]          sf-graphics-transformable.ads
   [Ada]          sf-graphics-vertexbuffer.ads
   [Ada]          sf-graphics-rectangleshape.ads
   [Ada]          sf-system-clock.ads
   [Ada]          sf-window-joystickidentification.ads
   [Ada]          sf-system-sleep.adb
   [Ada]          sf-audio-listener.ads
   [Ada]          sf-audio-music.adb
   [Ada]          sf-network-http.adb
   [Ada]          sf-graphics-glsl.ads
   [Ada]          sf-graphics-vertexarray.ads
   [Ada]          sf-system-buffer.ads
   [Ada]          sf-graphics-font.adb
   [Ada]          sf-audio-soundstatus.ads
   [Ada]          sf-window-sensor.ads
   [Ada]          sf-network-socketselector.ads
   [Ada]          sf-network-tcpsocket.ads
   [Ada]          sf-audio-soundrecorder.adb
   [Ada]          sf-window-gl.ads
   [Ada]          sf-graphics-sprite.ads
   [Ada]          sf-window-joystick.ads
   [Ada]          sf-audio-soundstream.ads
   [Ada]          sf-window-mouse.ads
   [Ada]          sf-graphics-circleshape.ads
   [Ada]          sf-system-vector2.ads
   [Ada]          sf-system-vector3.ads
   [Ada]          sf-graphics-texture.adb
   [Ada]          sf-network-ipaddress.adb
   [Ada]          sf-network-ftp.adb
   [Ada]          sf-network.ads
   [Ada]          sf-audio.ads
   [Ada]          sf-graphics-primitivetype.ads
   [Ada]          sf-window-windowhandle.ads
   [Ada]          sf-window-vulkan.adb
   [Ada]          sf-audio-soundbufferrecorder.adb
   [Ada]          sf-network-udpsocket.ads
   [Ada]          sf-window.ads
   [Ada]          sf-graphics-view.ads
   [Ada]          sf-graphics-color.ads
   [Ada]          sf-graphics-blendmode.ads
   [Ada]          sf-audio-soundbuffer.adb
   [Ada]          sf-window-context.adb
   [Ada]          sf-network-tcplistener.ads
   [Ada]          sf-audio-sound.ads
   [Ada]          sf.ads
   [Ada]          sf-graphics-transform.ads
   [Ada]          sf-graphics-glyph.ads
   [Ada]          sf-graphics.ads
Build Libraries
   [gprlib]       asfml.lexch
   [archive]      libasfml.a
   [index]        libasfml.a
Bind
   [gprbind]      HonkiTonksZivilisationen.bexch
   [Ada]          HonkiTonksZivilisationen.ali
error: "fehlermeldungschreiben.ali" not found, "fehlermeldungschreiben.adb" must be compiled
gprbind: invocation of gnatbind failed
gprbuild: unable to bind HonkiTonksZivilisationen.adb
stderr: Command ["gprbuild", "-s", "-j0", "-p", "-P", "/Users/runner/work/alire-crates-ci/alire-crates-ci/test/762f27a2-2698-411f-9f42-bc9d841ff53a/honki_tonks_zivilisationen_0.5.5305_cfbe2104/honki_tonks_zivilisationen.gpr"] exited with code 4
ERROR: Command ["gprbuild", "-s", "-j0", "-p", "-P", "/Users/runner/work/alire-crates-ci/alire-crates-ci/test/762f27a2-2698-411f-9f42-bc9d841ff53a/honki_tonks_zivilisationen_0.5.5305_cfbe2104/honki_tonks_zivilisationen.gpr"] exited with code 4
stderr: ALIRE.CHECKED_ERROR
stderr: Command ["gprbuild", "-s", "-j0", "-p", "-P", "/Users/runner/work/alire-crates-ci/alire-crates-ci/test/762f27a2-2698-411f-9f42-bc9d841ff53a/honki_tonks_zivilisationen_0.5.5305_cfbe2104/honki_tonks_zivilisationen.gpr"] exited with code 4
stderr: raised ALIRE.CHECKED_ERROR : alire-stored-error:1
Load address: 0x10063c000
Call stack traceback locations:
0x10126c6cc 0x10126c72c 0x1010417a8 0x100ca93ec 0x100f1a03c 0x100f1a5b4 0x100e67834 0x100e66038 0x100e88508 0x100ee8028 0x100ee7458 0x100e885e4 0x100e886cc 0x100e6653c 0x100e6666c 0x1006bb1a8 0x1006be564 0x1006be6e4 0x100746178 0x100750f5c 0x10063e018 0x100642bd8


Warning: honki_tonks_zivilisationen=0.5.5305 successfully retrieved but its build failed.
Dependencies were solved as follows:

   +  asfml    2.6.1    (new)
   +b gnat     14.2.1   (new,gnat_native,binary)
   +b libcsfml 2.6.1+_1 (new,indirect,system package)
ERROR: Build ended with errors
