Test ran at 2026-06-26 13:08:00.085479+00:00

SOLUTION:
keystoreada=1.4.3: Ada Keystore
Origin: commit 4ffbf105fd3ce2d382a4147f1f2f26b27243ef90 from https://gitlab.com/stcarrez/ada-keystore.git
Properties:
   Author: Stephane.Carrez@gmail.com
   Configuration: no modifiers
   Description: Ada Keystore
   GPR Scenario: KEYSTORE_BUILD := distrib | debug | optimize | profile | coverage
   GPR Scenario: KEYSTORE_LIBRARY_TYPE := relocatable | static | static-pic
   License: Apache-2.0
   Long_Description: [![Build Status](https://img.shields.io/endpoint?url=https://porion.vacs.fr/porion/api/v1/projects/ada-keystore/badges/build.json)](https://porion.vacs.fr/porion/projects/view/ada-keystore/summary)
[![Test Status](https://img.shields.io/endpoint?url=https://porion.vacs.fr/porion/api/v1/projects/ada-keystore/badges/tests.json)](https://porion.vacs.fr/porion/projects/view/ada-keystore/xunits)
[![Coverage](https://img.shields.io/endpoint?url=https://porion.vacs.fr/porion/api/v1/projects/ada-keystore/badges/coverage.json)](https://porion.vacs.fr/porion/projects/view/ada-keystore/summary)

# Overview

Ada Keystore is a tool and library to store information in secure wallets
and protect the stored information by encrypting the content.
It is necessary to know one of the wallet password to access its content.
Ada Keystore can be used to safely store passwords, credentials,
bank accounts and even documents.

Wallets are protected by a master key using AES-256 and the wallet
master key is protected by a user password.
The wallet defines up to 7 slots that identify
a password key that is able to unlock the master key.  To open a wallet,
it is necessary to unlock one of these 7 slots by providing the correct
password.  Wallet key slots are protected by the user's password
and the PBKDF2-HMAC-256 algorithm, a random salt, a random counter
and they are encrypted using AES-256.

Values stored in the wallet are protected by their own encryption keys
using AES-256.  A wallet can contain another wallet which is then
protected by its own encryption keys and passwords (with 7 independent slots).
Because the child wallet has its own master key, it is necessary to known
the primary password and the child password to unlock the parent wallet
first and then the child wallet.

## Documents

* [Ada Keystore Guide](https://ada-keystore.readthedocs.io/en/latest/) [PDF](https://github.com/stcarrez/ada-keystore/blob/master/docs/keystore-book.pdf)


   Maintainer: Stephane.Carrez@gmail.com
   Maintainers_Logins: stcarrez
   Name: keystoreada
   Project_File: keystoreada.gpr
   Tag: security
   Tag: storage
   Tag: nosql
   Version: 1.4.3
   Website: https://gitlab.com/stcarrez/ada-keystore
Dependencies (direct):
   utilada^2.9.0
Dependencies (solution):
   utilada=2.9.0
Dependencies (graph):
   keystoreada=1.4.3 --> utilada=2.9.0 (^2.9.0)


LOG:
[alr test] Testing keystoreada=1.4.3
[alr test] Spawning retrieval for remote crate: alr -d -n get keystoreada=1.4.3
Note: Deploying keystoreada=1.4.3...

keystoreada=1.4.3 successfully retrieved.
Dependencies were solved as follows:

   + utilada 2.9.0 (new)
[alr test] Spawning default test for remote crate: alr -d -n build --release -- -cargs:Ada -gnatwn
Note: Building keystoreada=1.4.3/keystoreada.gpr...
Setup
   [mkdir]        object directory for project KeystoreAda
   [mkdir]        library directory for project KeystoreAda
Compile
   [Ada]          util-dates.adb
   [Ada]          util-commands-text_io.ads
   [Ada]          util-commands-raw_io.ads
   [Ada]          util-commands-parsers.adb
util-dates-to_ada_time_64.adb:17:43: "To_Duration_64" not declared in "Conversions"
util-dates-to_ada_time_64.adb:19:22: "To_Ada_Time_64" not declared in "Conversions"

   compilation of util-dates.adb failed

gprbuild: *** compilation phase failed
stderr: Command ["gprbuild", "-s", "-j0", "-p", "-P", "D:\a\alire-crates-ci\alire-crates-ci\test\4037b5e7-3dbc-4ad3-b7b5-7d3bb9cd7728\keystoreada_1.4.3_4ffbf105\keystoreada.gpr", "-cargs:Ada", "-gnatwn"] exited with code 4
ERROR: Command ["gprbuild", "-s", "-j0", "-p", "-P", "D:\a\alire-crates-ci\alire-crates-ci\test\4037b5e7-3dbc-4ad3-b7b5-7d3bb9cd7728\keystoreada_1.4.3_4ffbf105\keystoreada.gpr", "-cargs:Ada", "-gnatwn"] exited with code 4
stderr: ALIRE.CHECKED_ERROR
stderr: Command ["gprbuild", "-s", "-j0", "-p", "-P", "D:\a\alire-crates-ci\alire-crates-ci\test\4037b5e7-3dbc-4ad3-b7b5-7d3bb9cd7728\keystoreada_1.4.3_4ffbf105\keystoreada.gpr", "-cargs:Ada", "-gnatwn"] exited with code 4
stderr: raised ALIRE.CHECKED_ERROR : alire-stored-error:1
[D:\a\alire-crates-ci\alire-crates-ci\alire_install\bin\alr.exe]
0x7ff68733da2a Semantic_Versioning.Basic.Restrictions.First_Index at alire.adb:284
0x7ff686f3595b Semantic_Versioning.Basic.Restrictions.First_Index at alire-os_lib-subprocess.adb:111
0x7ff6871ecba1 Semantic_Versioning.Basic.Restrictions.First_Index at alire-spawn.adb:22
0x7ff6871edd5d Semantic_Versioning.Basic.Restrictions.First_Index at alire-spawn.adb:68
0x7ff687112d64 Semantic_Versioning.Basic.Restrictions.First_Index at alire-roots.adb:189
0x7ff6871111da Semantic_Versioning.Basic.Restrictions.First_Index at alire-roots.adb:255
0x7ff68713912d Semantic_Versioning.Basic.Restrictions.First_Index at alire-roots.adb:2143
0x7ff6871a82f9 Semantic_Versioning.Basic.Restrictions.First_Index at alire-solutions.adb:1472
0x7ff6871a7424 Semantic_Versioning.Basic.Restrictions.First_Index at alire-solutions.adb:1555
0x7ff68713922c Semantic_Versioning.Basic.Restrictions.First_Index at alire-roots.adb:2147
0x7ff6871392fa Semantic_Versioning.Basic.Restrictions.First_Index at alire-roots.adb:2127
0x7ff6871117a7 Semantic_Versioning.Basic.Restrictions.First_Index at alire-roots.adb:286
0x7ff687111912 Semantic_Versioning.Basic.Restrictions.First_Index at alire-roots.adb:114
0x7ff686883baa Semantic_Versioning.Basic.Restrictions.First_Index at alr-commands-build.adb:145
0x7ff68688341e Semantic_Versioning.Basic.Restrictions.First_Index at alr-commands-build.adb:113
0x7ff6868835ba Semantic_Versioning.Basic.Restrictions.First_Index at alr-commands-build.adb:54
0x7ff686935dea Semantic_Versioning.Basic.Restrictions.First_Index at clic-subcommand-instance.adb:749
0x7ff686942b0e Semantic_Versioning.Basic.Restrictions.First_Index at alr-commands.adb:632
0x7ff6868116a0 Alr.Main at alr-main.adb:13
0x7ff686815270 Main at b__alr-main.adb:2454
0x7ff68681133e __tmainCRTStartup at ???
0x7ff686811144 mainCRTStartup at ???
[C:\Windows\System32\KERNEL32.DLL]
0x7ffbaff4e8d5
[C:\Windows\SYSTEM32\ntdll.dll]
0x7ffbb0dec53a

stderr: ALIRE.ROOTS.BUILD._WRAPPED_STATEMENTS.BUILD_FAILED
stderr: alire-roots.adb:202
stderr: raised ALIRE.ROOTS.BUILD._WRAPPED_STATEMENTS.BUILD_FAILED : alire-roots.adb:202
[D:\a\alire-crates-ci\alire-crates-ci\alire_install\bin\alr.exe]
0x7ff68711313c Semantic_Versioning.Basic.Restrictions.First_Index at alire-roots.adb:202
0x7ff6871111da Semantic_Versioning.Basic.Restrictions.First_Index at alire-roots.adb:255
0x7ff68713912d Semantic_Versioning.Basic.Restrictions.First_Index at alire-roots.adb:2143
0x7ff6871a82f9 Semantic_Versioning.Basic.Restrictions.First_Index at alire-solutions.adb:1472
0x7ff6871a7424 Semantic_Versioning.Basic.Restrictions.First_Index at alire-solutions.adb:1555
0x7ff68713922c Semantic_Versioning.Basic.Restrictions.First_Index at alire-roots.adb:2147
0x7ff6871392fa Semantic_Versioning.Basic.Restrictions.First_Index at alire-roots.adb:2127
0x7ff6871117a7 Semantic_Versioning.Basic.Restrictions.First_Index at alire-roots.adb:286
0x7ff687111912 Semantic_Versioning.Basic.Restrictions.First_Index at alire-roots.adb:114
0x7ff686883baa Semantic_Versioning.Basic.Restrictions.First_Index at alr-commands-build.adb:145
0x7ff68688341e Semantic_Versioning.Basic.Restrictions.First_Index at alr-commands-build.adb:113
0x7ff6868835ba Semantic_Versioning.Basic.Restrictions.First_Index at alr-commands-build.adb:54
0x7ff686935dea Semantic_Versioning.Basic.Restrictions.First_Index at clic-subcommand-instance.adb:749
0x7ff686942b0e Semantic_Versioning.Basic.Restrictions.First_Index at alr-commands.adb:632
0x7ff6868116a0 Alr.Main at alr-main.adb:13
0x7ff686815270 Main at b__alr-main.adb:2454
0x7ff68681133e __tmainCRTStartup at ???
0x7ff686811144 mainCRTStartup at ???
[C:\Windows\System32\KERNEL32.DLL]
0x7ffbaff4e8d5
[C:\Windows\SYSTEM32\ntdll.dll]
0x7ffbb0dec53a

ERROR: Compilation failed.
