Test ran at 2026-09-01 12:51:18.604695+00:00

SOLUTION:
aho_corasick=0.3.0: Aho-Corasick Implementation
Origin: commit fddeabadee10c6eb44bec7ea75d8e0e798237ed0 from https://github.com/docandrew/aho_corasick.git
Properties:
   Author: docandrew
   Description: Aho-Corasick Implementation
   License: MIT OR Apache-2.0 WITH LLVM-exception
   Maintainer: docandrew <jonfandrew@fastmail.com>
   Maintainers_Logins: docandrew
   Name: aho_corasick
   Tag: strings
   Tag: search
   Tag: matching
   Tag: intrusion
   Tag: aho-corasick
   Version: 0.3.0
   Website: 
Dependencies (direct):
   gnatprove^15.1.0
Dependencies (solution):
   gnatprove=15.1.0
Dependencies (graph):
   aho_corasick=0.3.0 --> gnatprove=15.1.0 (^15.1.0)


LOG:
[alr test] Testing aho_corasick=0.3.0
[alr test] Spawning retrieval for remote crate: alr -d -n get aho_corasick=0.3.0
Note: Deploying aho_corasick=0.3.0...
Note: Deploying gnatprove=15.1.0...
#=#=#                                                                          

                                                                           0.0%
                                                                           1.1%
#                                                                          2.2%
#                                                                          2.5%
##                                                                         3.2%
##                                                                         3.8%
###                                                                        4.5%
###                                                                        4.9%
#####                                                                      7.3%
#####                                                                      8.3%
######                                                                     9.3%
######                                                                     9.7%
#######                                                                   10.7%
########                                                                  11.7%
########                                                                  12.1%
#########                                                                 13.1%
##########                                                                14.1%
##########                                                                14.5%
############                                                              16.9%
############                                                              17.7%
#############                                                             18.3%
#############                                                             19.1%
##############                                                            19.5%
##############                                                            20.7%
###############                                                           21.7%
################                                                          22.9%
#################                                                         24.2%
#################                                                         24.9%
##################                                                        25.5%
##################                                                        26.2%
###################                                                       26.6%
####################                                                      29.0%
######################                                                    31.4%
#######################                                                   33.0%
########################                                                  33.8%
#########################                                                 35.1%
##########################                                                37.5%
############################                                              39.3%
#############################                                             41.1%
###############################                                           43.5%
################################                                          44.5%
################################                                          45.1%
#################################                                         45.9%
##################################                                        48.2%
##################################                                        48.3%
####################################                                      50.8%
#####################################                                     51.6%
#####################################                                     52.2%
######################################                                    53.0%
######################################                                    53.8%
#######################################                                   54.6%
########################################                                  55.6%
########################################                                  56.7%
#########################################                                 57.7%
#########################################                                 58.0%
###########################################                               60.0%
###########################################                               60.4%
#############################################                             63.4%
##############################################                            64.2%
##############################################                            65.3%
###############################################                           66.4%
################################################                          67.6%
#################################################                         69.0%
##################################################                        70.1%
####################################################                      72.3%
####################################################                      72.7%
#####################################################                     73.8%
#####################################################                     74.7%
#####################################################                     74.9%
#####################################################                     75.0%
######################################################                    75.2%
######################################################                    76.0%
#######################################################                   77.3%
#########################################################                 79.8%
##########################################################                80.8%
##########################################################                81.9%
###########################################################               82.2%
############################################################              84.6%
#############################################################             85.9%
##############################################################            87.0%
###############################################################           88.0%
###############################################################           88.7%
################################################################          89.4%
#################################################################         90.6%
#################################################################         91.7%
##################################################################        92.0%
###################################################################       93.2%
###################################################################       94.2%
####################################################################      94.9%
#####################################################################     96.4%
#####################################################################     97.0%
#######################################################################   99.1%
######################################################################## 100.0%

aho_corasick=0.3.0 successfully retrieved.
Dependencies were solved as follows:

   +b gnatprove 15.1.0 (new,binary)
[alr test] Spawning default test for remote crate: alr -d -n build --release -- -cargs:Ada -gnatwn
Note: Building aho_corasick=0.3.0/aho_corasick.gpr...
sparklib.gpr:1:26: extended project file "sparklib_internal" not found
sparklib.gpr:1:26: extended by "/home/runner/work/alire-crates-ci/alire-crates-ci/test/0a74e60e-0250-42aa-8955-cd7c099d4a9e/aho_corasick_0.3.0_fddeabad/sparklib.gpr"
sparklib.gpr:1:26: imported by "/home/runner/work/alire-crates-ci/alire-crates-ci/test/0a74e60e-0250-42aa-8955-cd7c099d4a9e/aho_corasick_0.3.0_fddeabad/aho_corasick.gpr"
gprbuild: "/home/runner/work/alire-crates-ci/alire-crates-ci/test/0a74e60e-0250-42aa-8955-cd7c099d4a9e/aho_corasick_0.3.0_fddeabad/aho_corasick.gpr" processing failed
stderr: Command ["gprbuild", "-s", "-j0", "-p", "-P", "/home/runner/work/alire-crates-ci/alire-crates-ci/test/0a74e60e-0250-42aa-8955-cd7c099d4a9e/aho_corasick_0.3.0_fddeabad/aho_corasick.gpr", "-cargs:Ada", "-gnatwn"] exited with code 5
ERROR: Command ["gprbuild", "-s", "-j0", "-p", "-P", "/home/runner/work/alire-crates-ci/alire-crates-ci/test/0a74e60e-0250-42aa-8955-cd7c099d4a9e/aho_corasick_0.3.0_fddeabad/aho_corasick.gpr", "-cargs:Ada", "-gnatwn"] exited with code 5
stderr: ALIRE.CHECKED_ERROR
stderr: Command ["gprbuild", "-s", "-j0", "-p", "-P", "/home/runner/work/alire-crates-ci/alire-crates-ci/test/0a74e60e-0250-42aa-8955-cd7c099d4a9e/aho_corasick_0.3.0_fddeabad/aho_corasick.gpr", "-cargs:Ada", "-gnatwn"] exited with code 5
stderr: raised ALIRE.CHECKED_ERROR : alire-stored-error:1
[/home/runner/work/alire-crates-ci/alire-crates-ci/alire_install/bin/alr]
0xe75bc6 Alire.Raise_Checked_Error at alire.adb:284
0xac1a54 Alire.Os_Lib.Subprocess.Checked_Spawn at alire-os_lib-subprocess.adb:111
0xd40276 Alire.Spawn.Command at alire-spawn.adb:22
0xd412ee Alire.Spawn.Gprbuild at alire-spawn.adb:68
0xc748cb Alire.Roots.Build at alire-roots.adb:189
0xc7301a Alire.Roots.Build at alire-roots.adb:255
0xc9832b Alire.Roots.Traverse at alire-roots.adb:2143
0xcfee85 Alire.Solutions.Traverse.Visit at alire-solutions.adb:1472
0xcfdfcc Alire.Solutions.Traverse at alire-solutions.adb:1555
0xc9841e Alire.Roots.Traverse at alire-roots.adb:2147
0xc984dd Alire.Roots.Traverse at alire-roots.adb:2127
0xc7359b Alire.Roots.Build at alire-roots.adb:286
0xc736d7 Alire.Roots.Build at alire-roots.adb:114
0x49aa0d Alr.Commands.Build.Execute at alr-commands-build.adb:145
0x49a36d Alr.Commands.Build.Execute at alr-commands-build.adb:113
0x49a51f Alr.Commands.Build.Execute at alr-commands-build.adb:54
0x53bbcc Alr.Commands.Sub_Cmd.Execute at clic-subcommand-instance.adb:749
0x5472be Alr.Commands.Execute at alr-commands.adb:632
0x43d48a Alr.Main at alr-main.adb:13
0x4403a3 Main at b__alr-main.adb:2445
[/lib/x86_64-linux-gnu/libc.so.6]
0x7f3e7622a1c8
0x7f3e7622a289
[/home/runner/work/alire-crates-ci/alire-crates-ci/alire_install/bin/alr]
0x43d323 _start at ???
0xfffffffffffffffe

stderr: ALIRE.ROOTS.BUILD._WRAPPED_STATEMENTS.BUILD_FAILED
stderr: alire-roots.adb:202
stderr: raised ALIRE.ROOTS.BUILD._WRAPPED_STATEMENTS.BUILD_FAILED : alire-roots.adb:202
[/home/runner/work/alire-crates-ci/alire-crates-ci/alire_install/bin/alr]
0xc74cc7 Alire.Roots.Build at alire-roots.adb:202
0xc7301a Alire.Roots.Build at alire-roots.adb:255
0xc9832b Alire.Roots.Traverse at alire-roots.adb:2143
0xcfee85 Alire.Solutions.Traverse.Visit at alire-solutions.adb:1472
0xcfdfcc Alire.Solutions.Traverse at alire-solutions.adb:1555
0xc9841e Alire.Roots.Traverse at alire-roots.adb:2147
0xc984dd Alire.Roots.Traverse at alire-roots.adb:2127
0xc7359b Alire.Roots.Build at alire-roots.adb:286
0xc736d7 Alire.Roots.Build at alire-roots.adb:114
0x49aa0d Alr.Commands.Build.Execute at alr-commands-build.adb:145
0x49a36d Alr.Commands.Build.Execute at alr-commands-build.adb:113
0x49a51f Alr.Commands.Build.Execute at alr-commands-build.adb:54
0x53bbcc Alr.Commands.Sub_Cmd.Execute at clic-subcommand-instance.adb:749
0x5472be Alr.Commands.Execute at alr-commands.adb:632
0x43d48a Alr.Main at alr-main.adb:13
0x4403a3 Main at b__alr-main.adb:2445
[/lib/x86_64-linux-gnu/libc.so.6]
0x7f3e7622a1c8
0x7f3e7622a289
[/home/runner/work/alire-crates-ci/alire-crates-ci/alire_install/bin/alr]
0x43d323 _start at ???
0xfffffffffffffffe

ERROR: Compilation failed.
