Test ran at 2025-06-03 01:12:20.608951+00:00

SOLUTION:
a0b_armv7m=0.3.0: ARMv7-M support (Cortex-M3, Cortex-M4, Cortex-M7)
Origin: commit cf4e40c75068127c315b808565022be3891112c1 from https://github.com/godunko/a0b-armv7m.git
Properties:
   Test run: alr build (from ${CRATE_ROOT}/selftest)
   Author: Vadim Godunko
   Config type: FPU_Extension : Enum (none, VFPv4, VFPv5)
   Configuration: no modifiers
   Description: ARMv7-M support (Cortex-M3, Cortex-M4, Cortex-M7)
   License: Apache-2.0 WITH LLVM-exception
   Maintainer: Vadim Godunko <vgodunko@gmail.com>
   Maintainers_Logins: godunko
   Name: a0b_armv7m
   Project_File: gnat/a0b_armv7m.gpr
   Tag: a0b
   Tag: embedded
   Tag: armv7m
   Tag: cortex-m
   Tag: cortex-m3
   Tag: cortex-m4
   Tag: cortex-m7
   Version: 0.3.0
   Website: https://github.com/godunko/a0b-base
Dependencies (direct):
   a0b_base*
   gnat_arm_elf*
Dependencies (solution):
   a0b_base=0.4.0
   gnat_arm_elf=14.2.1
Dependencies (graph):
   a0b_armv7m=0.3.0 --> a0b_base=0.4.0 (*)
   a0b_armv7m=0.3.0 --> gnat_arm_elf=14.2.1 (*)


LOG:
Spawning: alr -d -n get a0b_armv7m=0.3.0
Note: Deploying a0b_armv7m=0.3.0...
Note: Deploying a0b_base=0.4.0...
Note: Deploying gnat_arm_elf=14.2.1...
#=#=#                                                                          
##O#-#                                                                         

                                                                           0.0%
#                                                                          2.2%
###                                                                        4.4%
#####                                                                      7.0%
######                                                                     9.3%
#######                                                                   11.0%
#########                                                                 13.2%
###########                                                               15.5%
############                                                              17.9%
#############                                                             19.4%
##############                                                            20.7%
################                                                          22.7%
#################                                                         24.7%
##################                                                        26.1%
###################                                                       27.4%
#####################                                                     30.1%
######################                                                    31.7%
########################                                                  33.8%
#########################                                                 35.3%
###########################                                               37.5%
############################                                              39.7%
##############################                                            41.9%
################################                                          44.7%
#################################                                         46.9%
###################################                                       49.5%
####################################                                      50.7%
######################################                                    53.0%
#######################################                                   55.3%
#########################################                                 57.4%
##########################################                                59.0%
##########################################                                59.6%
############################################                              61.8%
##############################################                            64.0%
###############################################                           66.2%
#################################################                         68.4%
##################################################                        70.6%
####################################################                      72.9%
######################################################                    75.5%
#######################################################                   77.2%
#########################################################                 79.4%
##########################################################                81.6%
############################################################              83.8%
#############################################################             86.1%
###############################################################           88.8%
#################################################################         90.5%
##################################################################        92.9%
####################################################################      95.1%
#####################################################################     96.7%
######################################################################    97.9%
#######################################################################   99.3%
######################################################################## 100.0%
Note: gnat_arm_elf=14.2.1 installed successfully.

a0b_armv7m=0.3.0 successfully retrieved.
Dependencies were solved as follows:

   +  a0b_base     0.4.0  (new)
   +b gnat_arm_elf 14.2.1 (new,binary)
Note: Alire has selected automatically this toolchain:
   gprbuild=22.0.1
   gnat_native=14.2.1
You can select a different toolchain at any time with `alr toolchain --select`
Download will start now:
Press Enter to continue or Ctrl-C to abort
ERROR: a-tigeli.adb:96
ERROR: alr encountered an unexpected error, re-run with -d for details.
ERROR: error location: 0x102c361 Ada.Text_Io.Get_Line.Get_Chunk at a-tigeli.adb:96
