Test ran at 2026-08-27 02:19:05.959228+00:00

SOLUTION:
adacl=7.2.1: Ada Class Library: Strings, Tracing, AUnit, Smart Pointers, Getopt
Origin: source archive adacl-7.2.1.tgz at https://sourceforge.net/projects/adacl/files/Alire/adacl-7.2.1.tgz with hashes sha256:0da4360d098c0ef34ce83ca1be92d216d39e03bb8d11676b46d7c9b1bc728477, sha512:9794bc9b39c3139c5dbda630978ab23f2e914fc4ca4d77ca045f774e18d0c70028acac86d218ed701789f71c46f64a86e59728ac947ec1b4b3f2582b511908dd
Properties:
   case OS is
      when Linux => Test run: /bin/bash ci-verify.sh (from ${CRATE_ROOT}/.)
      when Macos => Test run: /bin/bash ci-verify.sh (from ${CRATE_ROOT}/.)
      when Windows => Test run: powershell -ExecutionPolicy Bypass -File ci-verify.ps1 (from ${CRATE_ROOT}/.)
      when others => (empty)
   Author: Martin Krischik <krischik@users.sourceforge.net>
   Build Switches: 
   Description: Ada Class Library: Strings, Tracing, AUnit, Smart Pointers, Getopt
   License: GPL-3.0-or-later
   Long_Description: A versatile Ada 2022 class library for robust application development.

Features:
- Getopt: Command-line argument parser with wide character support
- Strings: Utilities for String, Wide_String, and Wide_Wide_String
- Calendar: Time and date utilities with wide character support
- Tracing: Diagnostic trace utility with wide character support
- Protected Queue: Supports finish, wait, and abort operations
- Smart Pointers:
  - Reference-counted pointers
  - Unique pointers (C++-style)
  - Shared pointers (C++-style)

Related crates:
- AUnit: AUnit-Compatible Assertions for access, array, discrete, floating-point, fixed-point, decimal, and vector types
- EAStrings: Encoding-aware string utilities
- RegEx: SPITBOL-inspired pattern matching and regular expressions for String, Wide_String, and Wide_Wide_String
- SAR: Text search and replace for String, Wide_String, and Wide_Wide_String

Source: [SourceForge](https://sourceforge.net/p/adacl/git/ci/master/tree/adacl/src/)
Documentation: [GNATdoc](https://adacl.sourceforge.net/gnatdoc/adacl/index.html)

   Maintainer: Martin Krischik <krischik@users.sourceforge.net>
   Maintainers_Logins: krischik
   Name: adacl
   Tag: library
   Tag: command-line
   Tag: trace
   Tag: logging
   Tag: string
   Tag: aunit
   Tag: assert
   Tag: container
   Tag: smart-pointer
   Tag: ada2022
   Version: 7.2.1
   Website: https://sourceforge.net/projects/adacl/


LOG:
=== Ada CI Verification ===
=== adacl_test ===
Directory: test
Updating dependencies...
Dependencies automatically updated as follows:

   +. adacl       7.2.1  (new,path=..)
   +  adacl_aunit 7.2.1  (new)
   +  aunit       26.0.0 (new,indirect)
Building with validation...
Note: Building adacl_test=7.2.1/adacl_test.gpr...
Setup
   [mkdir]        object directory for project AdaCL
   [mkdir]        library directory for project AdaCL
   [mkdir]        object directory for project AdaCL_Test
   [mkdir]        exec directory for project AdaCL_Test
Compile
   [Ada]          adacl_test-main.adb
   [Ada]          adacl_aunit_config.ads
   [Ada]          adacl-assert-decimal.adb
   [Ada]          adacl-assert-discrete.adb
   [Ada]          adacl-test_cases.ads
   [Ada]          adacl-assert-float.adb
/home/runner/.local/share/alire/builds/adacl_aunit_7.2.1_fbf0163b/25814a97b3eb68c76423d14809811d2b54a1d5b81e89a806044b14e098312720/src/adacl-assert-decimal.ads:50:07: warning: "Exit_Cases" is not a valid aspect identifier [enabled by default]
/home/runner/.local/share/alire/builds/adacl_aunit_7.2.1_fbf0163b/25814a97b3eb68c76423d14809811d2b54a1d5b81e89a806044b14e098312720/src/adacl-assert-decimal.ads:68:07: warning: "Exit_Cases" is not a valid aspect identifier [enabled by default]
/home/runner/.local/share/alire/builds/adacl_aunit_7.2.1_fbf0163b/25814a97b3eb68c76423d14809811d2b54a1d5b81e89a806044b14e098312720/src/adacl-assert-decimal.ads:86:07: warning: "Exit_Cases" is not a valid aspect identifier [enabled by default]
/home/runner/.local/share/alire/builds/adacl_aunit_7.2.1_fbf0163b/25814a97b3eb68c76423d14809811d2b54a1d5b81e89a806044b14e098312720/src/adacl-assert-decimal.ads:104:07: warning: "Exit_Cases" is not a valid aspect identifier [enabled by default]
/home/runner/.local/share/alire/builds/adacl_aunit_7.2.1_fbf0163b/25814a97b3eb68c76423d14809811d2b54a1d5b81e89a806044b14e098312720/src/adacl-assert-decimal.ads:122:07: warning: "Exit_Cases" is not a valid aspect identifier [enabled by default]
/home/runner/.local/share/alire/builds/adacl_aunit_7.2.1_fbf0163b/25814a97b3eb68c76423d14809811d2b54a1d5b81e89a806044b14e098312720/src/adacl-assert-decimal.ads:140:07: warning: "Exit_Cases" is not a valid aspect identifier [enabled by default]
/home/runner/.local/share/alire/builds/adacl_aunit_7.2.1_fbf0163b/25814a97b3eb68c76423d14809811d2b54a1d5b81e89a806044b14e098312720/src/adacl-assert-decimal.ads:160:07: warning: "Exit_Cases" is not a valid aspect identifier [enabled by default]
   [Ada]          adacl-assert-indefinite_vectors.adb
/home/runner/.local/share/alire/builds/adacl_aunit_7.2.1_fbf0163b/25814a97b3eb68c76423d14809811d2b54a1d5b81e89a806044b14e098312720/src/adacl-assert-discrete.ads:50:07: warning: "Exit_Cases" is not a valid aspect identifier [enabled by default]
/home/runner/.local/share/alire/builds/adacl_aunit_7.2.1_fbf0163b/25814a97b3eb68c76423d14809811d2b54a1d5b81e89a806044b14e098312720/src/adacl-assert-discrete.ads:68:07: warning: "Exit_Cases" is not a valid aspect identifier [enabled by default]
/home/runner/.local/share/alire/builds/adacl_aunit_7.2.1_fbf0163b/25814a97b3eb68c76423d14809811d2b54a1d5b81e89a806044b14e098312720/src/adacl-assert-discrete.ads:86:07: warning: "Exit_Cases" is not a valid aspect identifier [enabled by default]
/home/runner/.local/share/alire/builds/adacl_aunit_7.2.1_fbf0163b/25814a97b3eb68c76423d14809811d2b54a1d5b81e89a806044b14e098312720/src/adacl-assert-discrete.ads:104:07: warning: "Exit_Cases" is not a valid aspect identifier [enabled by default]
/home/runner/.local/share/alire/builds/adacl_aunit_7.2.1_fbf0163b/25814a97b3eb68c76423d14809811d2b54a1d5b81e89a806044b14e098312720/src/adacl-assert-discrete.ads:122:07: warning: "Exit_Cases" is not a valid aspect identifier [enabled by default]
/home/runner/.local/share/alire/builds/adacl_aunit_7.2.1_fbf0163b/25814a97b3eb68c76423d14809811d2b54a1d5b81e89a806044b14e098312720/src/adacl-assert-discrete.ads:140:07: warning: "Exit_Cases" is not a valid aspect identifier [enabled by default]
/home/runner/.local/share/alire/builds/adacl_aunit_7.2.1_fbf0163b/25814a97b3eb68c76423d14809811d2b54a1d5b81e89a806044b14e098312720/src/adacl-assert-discrete.ads:160:07: warning: "Exit_Cases" is not a valid aspect identifier [enabled by default]
   [Ada]          adacl-test_cases-parameters.adb
/home/runner/.local/share/alire/builds/adacl_aunit_7.2.1_fbf0163b/25814a97b3eb68c76423d14809811d2b54a1d5b81e89a806044b14e098312720/src/adacl-assert-float.ads:51:07: warning: "Exit_Cases" is not a valid aspect identifier [enabled by default]
/home/runner/.local/share/alire/builds/adacl_aunit_7.2.1_fbf0163b/25814a97b3eb68c76423d14809811d2b54a1d5b81e89a806044b14e098312720/src/adacl-assert-float.ads:69:07: warning: "Exit_Cases" is not a valid aspect identifier [enabled by default]
/home/runner/.local/share/alire/builds/adacl_aunit_7.2.1_fbf0163b/25814a97b3eb68c76423d14809811d2b54a1d5b81e89a806044b14e098312720/src/adacl-assert-float.ads:87:07: warning: "Exit_Cases" is not a valid aspect identifier [enabled by default]
/home/runner/.local/share/alire/builds/adacl_aunit_7.2.1_fbf0163b/25814a97b3eb68c76423d14809811d2b54a1d5b81e89a806044b14e098312720/src/adacl-assert-float.ads:105:07: warning: "Exit_Cases" is not a valid aspect identifier [enabled by default]
/home/runner/.local/share/alire/builds/adacl_aunit_7.2.1_fbf0163b/25814a97b3eb68c76423d14809811d2b54a1d5b81e89a806044b14e098312720/src/adacl-assert-float.ads:123:07: warning: "Exit_Cases" is not a valid aspect identifier [enabled by default]
/home/runner/.local/share/alire/builds/adacl_aunit_7.2.1_fbf0163b/25814a97b3eb68c76423d14809811d2b54a1d5b81e89a806044b14e098312720/src/adacl-assert-float.ads:141:07: warning: "Exit_Cases" is not a valid aspect identifier [enabled by default]
/home/runner/.local/share/alire/builds/adacl_aunit_7.2.1_fbf0163b/25814a97b3eb68c76423d14809811d2b54a1d5b81e89a806044b14e098312720/src/adacl-assert-float.ads:161:07: warning: "Exit_Cases" is not a valid aspect identifier [enabled by default]
   [Ada]          adacl-assert-vectors.adb
/home/runner/.local/share/alire/builds/adacl_aunit_7.2.1_fbf0163b/25814a97b3eb68c76423d14809811d2b54a1d5b81e89a806044b14e098312720/src/adacl-assert-indefinite_vectors.ads:58:07: warning: "Exit_Cases" is not a valid aspect identifier [enabled by default]
/home/runner/.local/share/alire/builds/adacl_aunit_7.2.1_fbf0163b/25814a97b3eb68c76423d14809811d2b54a1d5b81e89a806044b14e098312720/src/adacl-assert-indefinite_vectors.ads:76:07: warning: "Exit_Cases" is not a valid aspect identifier [enabled by default]
   [Ada]          adacl-assert.adb
/home/runner/.local/share/alire/builds/adacl_aunit_7.2.1_fbf0163b/25814a97b3eb68c76423d14809811d2b54a1d5b81e89a806044b14e098312720/src/adacl-assert-vectors.ads:58:07: warning: "Exit_Cases" is not a valid aspect identifier [enabled by default]
/home/runner/.local/share/alire/builds/adacl_aunit_7.2.1_fbf0163b/25814a97b3eb68c76423d14809811d2b54a1d5b81e89a806044b14e098312720/src/adacl-assert-vectors.ads:76:07: warning: "Exit_Cases" is not a valid aspect identifier [enabled by default]
   [Ada]          adacl-assert-arrays.adb
/home/runner/.local/share/alire/builds/adacl_aunit_7.2.1_fbf0163b/25814a97b3eb68c76423d14809811d2b54a1d5b81e89a806044b14e098312720/src/adacl-assert-arrays.ads:56:07: warning: "Exit_Cases" is not a valid aspect identifier [enabled by default]
/home/runner/.local/share/alire/builds/adacl_aunit_7.2.1_fbf0163b/25814a97b3eb68c76423d14809811d2b54a1d5b81e89a806044b14e098312720/src/adacl-assert-arrays.ads:74:07: warning: "Exit_Cases" is not a valid aspect identifier [enabled by default]
   [Ada]          adacl-assert-fixed.adb
/home/runner/.local/share/alire/builds/adacl_aunit_7.2.1_fbf0163b/25814a97b3eb68c76423d14809811d2b54a1d5b81e89a806044b14e098312720/src/adacl-assert.ads:65:07: warning: "Exit_Cases" is not a valid aspect identifier [enabled by default]
/home/runner/.local/share/alire/builds/adacl_aunit_7.2.1_fbf0163b/25814a97b3eb68c76423d14809811d2b54a1d5b81e89a806044b14e098312720/src/adacl-assert.ads:83:07: warning: "Exit_Cases" is not a valid aspect identifier [enabled by default]
/home/runner/.local/share/alire/builds/adacl_aunit_7.2.1_fbf0163b/25814a97b3eb68c76423d14809811d2b54a1d5b81e89a806044b14e098312720/src/adacl-assert.ads:101:07: warning: "Exit_Cases" is not a valid aspect identifier [enabled by default]
/home/runner/.local/share/alire/builds/adacl_aunit_7.2.1_fbf0163b/25814a97b3eb68c76423d14809811d2b54a1d5b81e89a806044b14e098312720/src/adacl-assert.ads:121:07: warning: "Exit_Cases" is not a valid aspect identifier [enabled by default]
/home/runner/.local/share/alire/builds/adacl_aunit_7.2.1_fbf0163b/25814a97b3eb68c76423d14809811d2b54a1d5b81e89a806044b14e098312720/src/adacl-assert.ads:139:07: warning: "Exit_Cases" is not a valid aspect identifier [enabled by default]
/home/runner/.local/share/alire/builds/adacl_aunit_7.2.1_fbf0163b/25814a97b3eb68c76423d14809811d2b54a1d5b81e89a806044b14e098312720/src/adacl-assert.ads:157:07: warning: "Exit_Cases" is not a valid aspect identifier [enabled by default]
/home/runner/.local/share/alire/builds/adacl_aunit_7.2.1_fbf0163b/25814a97b3eb68c76423d14809811d2b54a1d5b81e89a806044b14e098312720/src/adacl-assert.ads:177:07: warning: "Exit_Cases" is not a valid aspect identifier [enabled by default]
/home/runner/.local/share/alire/builds/adacl_aunit_7.2.1_fbf0163b/25814a97b3eb68c76423d14809811d2b54a1d5b81e89a806044b14e098312720/src/adacl-assert.ads:195:07: warning: "Exit_Cases" is not a valid aspect identifier [enabled by default]
/home/runner/.local/share/alire/builds/adacl_aunit_7.2.1_fbf0163b/25814a97b3eb68c76423d14809811d2b54a1d5b81e89a806044b14e098312720/src/adacl-assert.ads:213:07: warning: "Exit_Cases" is not a valid aspect identifier [enabled by default]
/home/runner/.local/share/alire/builds/adacl_aunit_7.2.1_fbf0163b/25814a97b3eb68c76423d14809811d2b54a1d5b81e89a806044b14e098312720/src/adacl-assert.ads:231:07: warning: "Exit_Cases" is not a valid aspect identifier [enabled by default]
/home/runner/.local/share/alire/builds/adacl_aunit_7.2.1_fbf0163b/25814a97b3eb68c76423d14809811d2b54a1d5b81e89a806044b14e098312720/src/adacl-assert.ads:247:07: warning: "Exit_Cases" is not a valid aspect identifier [enabled by default]
/home/runner/.local/share/alire/builds/adacl_aunit_7.2.1_fbf0163b/25814a97b3eb68c76423d14809811d2b54a1d5b81e89a806044b14e098312720/src/adacl-assert.ads:267:07: warning: "Exit_Cases" is not a valid aspect identifier [enabled by default]
/home/runner/.local/share/alire/builds/adacl_aunit_7.2.1_fbf0163b/25814a97b3eb68c76423d14809811d2b54a1d5b81e89a806044b14e098312720/src/adacl-assert.ads:287:07: warning: "Exit_Cases" is not a valid aspect identifier [enabled by default]
/home/runner/.local/share/alire/builds/adacl_aunit_7.2.1_fbf0163b/25814a97b3eb68c76423d14809811d2b54a1d5b81e89a806044b14e098312720/src/adacl-assert.ads:305:07: warning: "Exit_Cases" is not a valid aspect identifier [enabled by default]
/home/runner/.local/share/alire/builds/adacl_aunit_7.2.1_fbf0163b/25814a97b3eb68c76423d14809811d2b54a1d5b81e89a806044b14e098312720/src/adacl-assert.ads:323:07: warning: "Exit_Cases" is not a valid aspect identifier [enabled by default]
   [Ada]          adacl-trace-assert.ads
   [Ada]          adacl-assert-pointer.adb
/home/runner/.local/share/alire/builds/adacl_aunit_7.2.1_fbf0163b/25814a97b3eb68c76423d14809811d2b54a1d5b81e89a806044b14e098312720/src/adacl-assert-fixed.ads:50:07: warning: "Exit_Cases" is not a valid aspect identifier [enabled by default]
/home/runner/.local/share/alire/builds/adacl_aunit_7.2.1_fbf0163b/25814a97b3eb68c76423d14809811d2b54a1d5b81e89a806044b14e098312720/src/adacl-assert-fixed.ads:68:07: warning: "Exit_Cases" is not a valid aspect identifier [enabled by default]
/home/runner/.local/share/alire/builds/adacl_aunit_7.2.1_fbf0163b/25814a97b3eb68c76423d14809811d2b54a1d5b81e89a806044b14e098312720/src/adacl-assert-fixed.ads:86:07: warning: "Exit_Cases" is not a valid aspect identifier [enabled by default]
/home/runner/.local/share/alire/builds/adacl_aunit_7.2.1_fbf0163b/25814a97b3eb68c76423d14809811d2b54a1d5b81e89a806044b14e098312720/src/adacl-assert-fixed.ads:104:07: warning: "Exit_Cases" is not a valid aspect identifier [enabled by default]
/home/runner/.local/share/alire/builds/adacl_aunit_7.2.1_fbf0163b/25814a97b3eb68c76423d14809811d2b54a1d5b81e89a806044b14e098312720/src/adacl-assert-fixed.ads:122:07: warning: "Exit_Cases" is not a valid aspect identifier [enabled by default]
/home/runner/.local/share/alire/builds/adacl_aunit_7.2.1_fbf0163b/25814a97b3eb68c76423d14809811d2b54a1d5b81e89a806044b14e098312720/src/adacl-assert-fixed.ads:140:07: warning: "Exit_Cases" is not a valid aspect identifier [enabled by default]
/home/runner/.local/share/alire/builds/adacl_aunit_7.2.1_fbf0163b/25814a97b3eb68c76423d14809811d2b54a1d5b81e89a806044b14e098312720/src/adacl-assert-fixed.ads:160:07: warning: "Exit_Cases" is not a valid aspect identifier [enabled by default]
   [Ada]          adacl_config.ads
   [Ada]          adacl-os-low_level.ads
/home/runner/.local/share/alire/builds/adacl_aunit_7.2.1_fbf0163b/25814a97b3eb68c76423d14809811d2b54a1d5b81e89a806044b14e098312720/src/adacl-assert-pointer.ads:51:07: warning: "Exit_Cases" is not a valid aspect identifier [enabled by default]
/home/runner/.local/share/alire/builds/adacl_aunit_7.2.1_fbf0163b/25814a97b3eb68c76423d14809811d2b54a1d5b81e89a806044b14e098312720/src/adacl-assert-pointer.ads:69:07: warning: "Exit_Cases" is not a valid aspect identifier [enabled by default]
/home/runner/.local/share/alire/builds/adacl_aunit_7.2.1_fbf0163b/25814a97b3eb68c76423d14809811d2b54a1d5b81e89a806044b14e098312720/src/adacl-assert-pointer.ads:85:07: warning: "Exit_Cases" is not a valid aspect identifier [enabled by default]
/home/runner/.local/share/alire/builds/adacl_aunit_7.2.1_fbf0163b/25814a97b3eb68c76423d14809811d2b54a1d5b81e89a806044b14e098312720/src/adacl-assert-pointer.ads:101:07: warning: "Exit_Cases" is not a valid aspect identifier [enabled by default]
   [Ada]          adacl-os-to_wide_wide_string.adb
   [Ada]          adacl-os-to_utf_string.adb
   [Ada]          adacl-pointer-unique.ads
   [Ada]          adacl-wide_wide_strings-hex.adb
   [Ada]          adacl-queue.adb
   [Ada]          adacl-strings.adb
   [Ada]          adacl-pointer-unique_with_delete.adb
   [Ada]          adacl-wide_wide_strings.adb
   [Ada]          adacl-pointer-element.adb
   [Ada]          adacl-strings-io.adb
   [Ada]          adacl-pointer-holder.adb
   [Ada]          adacl-wide_strings-vectors.ads
   [Ada]          adacl-wide_wide_strings-io.adb
   [Ada]          adacl-trace.adb
   [Ada]          adacl-strings-vectors.ads
   [Ada]          adacl-wide_strings-hex.adb
   [Ada]          adacl-wide_wide_strings-bin.adb
   [Ada]          adacl-wide_strings-dec.adb
   [Ada]          adacl-pointer.ads
   [Ada]          adacl-pointer-shared_with_delete.adb
   [Ada]          adacl-os.ads
   [Ada]          adacl-limited_base.ads
   [Ada]          adacl-strings-dec.adb
   [Ada]          adacl-wide_wide_strings-dec.adb
   [Ada]          adacl-calendar.adb
   [Ada]          adacl-strings-bin.adb
   [Ada]          adacl-wide_wide_strings-vectors.ads
/home/runner/work/alire-crates-ci/alire-crates-ci/test/aee447f5-1b8c-4a9b-829a-7dc66c1e2c1c/adacl_7.2.1_0da4360d/src/adacl-calendar.ads:78:62: (style) trailing spaces not permitted
   [Ada]          adacl-pointer-shared.ads
   [Ada]          adacl-command_line.ads
   [Ada]          adacl-strings-hex.adb
   [Ada]          adacl-wide_strings-bin.adb
/home/runner/work/alire-crates-ci/alire-crates-ci/test/aee447f5-1b8c-4a9b-829a-7dc66c1e2c1c/adacl_7.2.1_0da4360d/src/adacl-trace.ads:189:07: warning: "Exit_Cases" is not a valid aspect identifier [enabled by default]
/home/runner/work/alire-crates-ci/alire-crates-ci/test/aee447f5-1b8c-4a9b-829a-7dc66c1e2c1c/adacl_7.2.1_0da4360d/src/adacl-trace.ads:203:07: warning: "Exit_Cases" is not a valid aspect identifier [enabled by default]
/home/runner/work/alire-crates-ci/alire-crates-ci/test/aee447f5-1b8c-4a9b-829a-7dc66c1e2c1c/adacl_7.2.1_0da4360d/src/adacl-trace.ads:217:07: warning: "Exit_Cases" is not a valid aspect identifier [enabled by default]
/home/runner/work/alire-crates-ci/alire-crates-ci/test/aee447f5-1b8c-4a9b-829a-7dc66c1e2c1c/adacl_7.2.1_0da4360d/src/adacl-trace.ads:231:07: warning: "Exit_Cases" is not a valid aspect identifier [enabled by default]
/home/runner/work/alire-crates-ci/alire-crates-ci/test/aee447f5-1b8c-4a9b-829a-7dc66c1e2c1c/adacl_7.2.1_0da4360d/src/adacl-trace.ads:248:15: warning: "Exit_Cases" is not a valid aspect identifier [enabled by default]
/home/runner/work/alire-crates-ci/alire-crates-ci/test/aee447f5-1b8c-4a9b-829a-7dc66c1e2c1c/adacl_7.2.1_0da4360d/src/adacl-trace.ads:266:07: warning: "Exit_Cases" is not a valid aspect identifier [enabled by default]
   [Ada]          adacl.ads
   [Ada]          adacl-wide_strings-io.adb
   [Ada]          adacl-base.ads
   [Ada]          adacl-wide_strings.adb
   [Ada]          adacl-command_line-getopt.adb
   [Ada]          adacl_test.ads
   [Ada]          adacl_test-suite.adb
   [Ada]          adacl-calendar-test.adb
   [Ada]          adacl-pointer-element-test.adb
   [Ada]          adacl-strings-bin-test.adb
   [Ada]          adacl-strings-dec-test.adb
   [Ada]          adacl-strings-hex-test.adb
   [Ada]          adacl-strings-io-test.adb
   [Ada]          adacl-strings-test.adb
   [Ada]          adacl-trace-test.adb
   [Ada]          adacl-wide_strings-bin-test.adb
   [Ada]          adacl-wide_strings-dec-test.adb
   [Ada]          adacl-wide_strings-hex-test.adb
   [Ada]          adacl-wide_strings-io-test.adb
   [Ada]          adacl-wide_strings-test.adb
   [Ada]          adacl-wide_wide_strings-bin-test.adb
   [Ada]          adacl-wide_wide_strings-dec-test.adb
   [Ada]          adacl-wide_wide_strings-hex-test.adb
   [Ada]          adacl-wide_wide_strings-io-test.adb
   [Ada]          adacl-wide_wide_strings-test.adb
   [Ada]          adacl_test-pointer_holder.adb
   [Ada]          adacl_test-pointer_shared.adb
   [Ada]          adacl_test-pointer_shared_with_delete.adb
   [Ada]          adacl_test-pointer_unique.adb
   [Ada]          adacl_test-pointer_unique_with_delete.adb
   [Ada]          adacl_test-queue.adb
/home/runner/work/alire-crates-ci/alire-crates-ci/test/aee447f5-1b8c-4a9b-829a-7dc66c1e2c1c/adacl_7.2.1_0da4360d/test/src/adacl_test-queue.adb:28:04: error: instantiation error at adacl-queue-protect.adb:97
/home/runner/work/alire-crates-ci/alire-crates-ci/test/aee447f5-1b8c-4a9b-829a-7dc66c1e2c1c/adacl_7.2.1_0da4360d/test/src/adacl_test-queue.adb:28:04: error: record aggregate must use (), not []
/home/runner/work/alire-crates-ci/alire-crates-ci/test/aee447f5-1b8c-4a9b-829a-7dc66c1e2c1c/adacl_7.2.1_0da4360d/test/src/adacl_test-queue.adb:28:04: error: instantiation error at adacl-queue-protect.adb:114
/home/runner/work/alire-crates-ci/alire-crates-ci/test/aee447f5-1b8c-4a9b-829a-7dc66c1e2c1c/adacl_7.2.1_0da4360d/test/src/adacl_test-queue.adb:28:04: error: record aggregate must use (), not []

   compilation of adacl_test-queue.adb failed

gprbuild: *** compilation phase failed
ERROR: Command ["gprbuild", "-s", "-j0", "-p", "-P", "/home/runner/work/alire-crates-ci/alire-crates-ci/test/aee447f5-1b8c-4a9b-829a-7dc66c1e2c1c/adacl_7.2.1_0da4360d/test/adacl_test.gpr"] exited with code 4
ERROR: Compilation failed.
Running tests...
Note: Building adacl_test=7.2.1/adacl_test.gpr...
Compile
   [Ada]          adacl_test-queue.adb
/home/runner/work/alire-crates-ci/alire-crates-ci/test/aee447f5-1b8c-4a9b-829a-7dc66c1e2c1c/adacl_7.2.1_0da4360d/test/src/adacl_test-queue.adb:28:04: error: instantiation error at adacl-queue-protect.adb:97
/home/runner/work/alire-crates-ci/alire-crates-ci/test/aee447f5-1b8c-4a9b-829a-7dc66c1e2c1c/adacl_7.2.1_0da4360d/test/src/adacl_test-queue.adb:28:04: error: record aggregate must use (), not []
/home/runner/work/alire-crates-ci/alire-crates-ci/test/aee447f5-1b8c-4a9b-829a-7dc66c1e2c1c/adacl_7.2.1_0da4360d/test/src/adacl_test-queue.adb:28:04: error: instantiation error at adacl-queue-protect.adb:114
/home/runner/work/alire-crates-ci/alire-crates-ci/test/aee447f5-1b8c-4a9b-829a-7dc66c1e2c1c/adacl_7.2.1_0da4360d/test/src/adacl_test-queue.adb:28:04: error: record aggregate must use (), not []

   compilation of adacl_test-queue.adb failed

gprbuild: *** compilation phase failed
ERROR: Command ["gprbuild", "-s", "-j0", "-p", "-P", "/home/runner/work/alire-crates-ci/alire-crates-ci/test/aee447f5-1b8c-4a9b-829a-7dc66c1e2c1c/adacl_7.2.1_0da4360d/test/adacl_test.gpr"] exited with code 4
ERROR: Build failed
FAILED: adacl_test (Exit-Code: 1)
Stopping on first error.
[alr test] Test action exited with error code 1
