Test ran at 2026-09-14 12:58:40.888103+00:00

SOLUTION:
dashera=0.15.1: DASHER Terminal Emulator
Origin: commit 3d8309f0aae36124bef9ceee487213a0e5e8bccf from https://github.com/SMerrony/dashera.git
Properties:
   Author: Stephen Merrony
   Build Switches: 
   Description: DASHER Terminal Emulator
   Executable: dashera
   License: MIT
   Maintainer: Stephen Merrony <merrony@gmail.com>
   Maintainers_Logins: SMerrony
   Name: dashera
   Tag: gtk
   Tag: terminal
   Tag: dasher
   Tag: emulator
   Version: 0.15.1
   Website: https://github.com/SMerrony/dashera
Dependencies (direct):
   gtkada^23.0.0
Dependencies (solution):
   gtkada=23.0.0
   libgtk3=3.24.41
   make=4.3.0
   pkg_config=1.8.1
Dependencies (graph):
   dashera=0.15.1 --> gtkada=23.0.0 (^23.0.0)
   gtkada=23.0.0  --> libgtk3=3.24.41 (>=3.24.24)
   gtkada=23.0.0  --> make=4.3.0 (*)
   gtkada=23.0.0  --> pkg_config=1.8.1 (*)


LOG:
[alr test] Testing dashera=0.15.1
[alr test] Spawning retrieval for remote crate: alr -d -n get dashera=0.15.1
Note: Deploying dashera=0.15.1...

dashera=0.15.1 successfully retrieved.
Dependencies were solved as follows:

   +  gtkada     23.0.0  (new)
   +b libgtk3    3.24.41 (new,indirect,system package)
   +b make       4.3.0   (new,indirect,system package)
   +b pkg_config 1.8.1   (new,indirect,system package)
[alr test] Spawning default test for remote crate: alr -d -n build --release -- -cargs:Ada -gnatwn
Note: Building dashera=0.15.1/dashera.gpr...
Setup
   [mkdir]        object directory for project Dashera
   [mkdir]        exec directory for project Dashera
Compile
   [Ada]          dashera.adb
   [Ada]          bdf_font.adb
   [Ada]          gui.adb
   [Ada]          logging.adb
   [Ada]          embedded.adb
   [Ada]          crt.adb
   [Ada]          dasher_codes.ads
   [Ada]          display_p.adb
   [Ada]          keyboard.adb
   [Ada]          mini_expect.adb
   [Ada]          redirector.adb
   [Ada]          serial.adb
   [Ada]          session_logger.adb
   [Ada]          xmodem.adb
   [Ada]          telnet.adb
   [Ada]          terminal.adb
   [Ada]          cell.adb
Bind
   [gprbind]      dashera.bexch
   [Ada]          dashera.ali
Link
   [link]         dashera.adb
Success: Build finished successfully in 7.72 seconds.
Found declared GPR file: dashera.gpr
[alr test] Test completed SUCCESSFULLY
