Test ran at 2025-11-30 01:08:50.039055+00:00

SOLUTION:
langkit_support=25.0.0: Runtime support library for Langkit-generated libraries
Origin: source archive langkit-25.0.0.zip at https://github.com/adacore/langkit/archive/v25.0.0/langkit-25.0.0.zip with hash sha512:7c5f49810ebc141a0c95fead0f57bf2906194598f3ba12ed1239b3f8812ffa967add7359d8d6b9f0f1bcbb01b069a89438b59380dcc3a4b9ee1b49a31bf8f5bd
Properties:
   Author: AdaCore
   Description: Runtime support library for Langkit-generated libraries
   License: Apache-2.0 WITH LLVM-exception
   Maintainer: Pierre-Marie de Rodat <pmderodat@kawie.fr>
   Maintainer: chouteau@adacore.com
   Maintainers_Logins: pmderodat
   Maintainers_Logins: Fabien-Chouteau
   Name: langkit_support
   Project_File: langkit/support/langkit_support.gpr
   Version: 25.0.0
   Website: https://github.com/AdaCore/langkit
Dependencies (direct):
   adasat^25
   gnatcoll^25
   gnatcoll_gmp^25
   gnatcoll_iconv^25
   prettier_ada^25
Dependencies (solution):
   adasat=25.0.0
   gnat=13.2.2 (gnat_native)
   gnatcoll=25.0.0
   gnatcoll_gmp=25.0.0
   gnatcoll_iconv=25.0.0
   libgmp=6.3.0
   libgpr=25.0.0
   prettier_ada=25.0.0
   vss=25.0.0
   xmlada=25.0.0
Dependencies (graph):
   gnatcoll=25.0.0        --> gnat=13.2.2 (gnat_native) (>=13)
   gnatcoll=25.0.0        --> libgpr=25.0.0 (~25.0.0)
   gnatcoll_gmp=25.0.0    --> gnatcoll=25.0.0 (~25.0.0)
   gnatcoll_gmp=25.0.0    --> libgmp=6.3.0 (*)
   gnatcoll_iconv=25.0.0  --> gnatcoll=25.0.0 (~25.0.0)
   langkit_support=25.0.0 --> adasat=25.0.0 (^25)
   langkit_support=25.0.0 --> gnatcoll=25.0.0 (^25)
   langkit_support=25.0.0 --> gnatcoll_gmp=25.0.0 (^25)
   langkit_support=25.0.0 --> gnatcoll_iconv=25.0.0 (^25)
   langkit_support=25.0.0 --> prettier_ada=25.0.0 (^25)
   libgpr=25.0.0          --> gnat=13.2.2 (gnat_native) (/=2020)
   libgpr=25.0.0          --> xmlada=25.0.0 (~25.0.0)
   prettier_ada=25.0.0    --> gnatcoll=25.0.0 (^25)
   prettier_ada=25.0.0    --> vss=25.0.0 (^25)
   vss=25.0.0             --> gnat=13.2.2 (gnat_native) (>=11 & <2000)
   xmlada=25.0.0          --> gnat=13.2.2 (gnat_native) (>=11)


LOG:
[alr test] Testing langkit_support=25.0.0
[alr test] Spawning retrieval for remote crate: alr -d -n get langkit_support=25.0.0
Note: Deploying langkit_support=25.0.0...
#=#=#                                                                          
##O#-#                                                                         
##O=#  #                                                                       
#=#=-#  #                                                                      
 #=#=-#   #                                                                    
  #=#=- #   #                                                                  
   #=#=- #   #                                                                 
Note: Deploying adasat=25.0.0...
#=#=#                                                                          
##O#-#                                                                         
##O=#  #                                                                       
#=#=-#  #                                                                      
 #=#=-#   #                                                                    
Note: Deploying vss=25.0.0...
#=#=#                                                                          
##O#-#                                                                         
##O=#  #                                                                       
#=#=-#  #                                                                      
 #=#=-#   #                                                                    
  #=#=- #   #                                                                  
   #=#=- #   #                                                                 
Note: Deploying xmlada=25.0.0...
#=#=#                                                                          
##O#-#                                                                         
##O=#  #                                                                       
#=#=-#  #                                                                      
 #=#=-#   #                                                                    
  #=#=- #   #                                                                  
   #=#=- #   #                                                                 
Note: Deploying libgpr=25.0.0...
#=#=#                                                                          
##O#-#                                                                         
##O=#  #                                                                       
#=#=-#  #                                                                      
 #=#=-#   #                                                                    
  #=#=- #   #                                                                  
Note: Deploying gnatcoll=25.0.0...
#=#=#                                                                          
##O#-#                                                                         
##O=#  #                                                                       
#=#=-#  #                                                                      
 #=#=-#   #                                                                    
  #=#=- #   #                                                                  
   #=#=- #   #                                                                 
    #=O#-  #   #                                                               
     #=O#-   #   #                                                             
Note: Deploying gnatcoll_gmp=25.0.0...
#=#=#                                                                          
##O#-#                                                                         
##O=#  #                                                                       
#=#=-#  #                                                                      
 #=#=-#   #                                                                    
  #=#=- #   #                                                                  
Note: Deploying gnatcoll_iconv=25.0.0...
#=#=#                                                                          
##O#-#                                                                         
##O=#  #                                                                       
#=#=-#  #                                                                      
 #=#=-#   #                                                                    
  #=#=- #   #                                                                  
Note: Deploying prettier_ada=25.0.0...
#=#=#                                                                          
##O#-#                                                                         
##O=#  #                                                                       
#=#=-#  #                                                                      
 #=#=-#   #                                                                    

langkit_support=25.0.0 successfully retrieved.
Dependencies were solved as follows:

   +  adasat         25.0.0 (new)
   +b gnat           13.2.2 (new,gnat_native,indirect,binary)
   +  gnatcoll       25.0.0 (new)
   +  gnatcoll_gmp   25.0.0 (new)
   +  gnatcoll_iconv 25.0.0 (new)
   +b libgmp         6.3.0  (new,indirect,system package)
   +  libgpr         25.0.0 (new,indirect)
   +  prettier_ada   25.0.0 (new)
   +  vss            25.0.0 (new,indirect)
   +  xmlada         25.0.0 (new,indirect)
[alr test] Spawning default test for remote crate: alr -d -n build --release -- -cargs:Ada -gnatwn
Note: Running post-fetch actions for xmlada=25.0.0...
checking build system type... aarch64-apple-darwin24.6.0
checking host system type... aarch64-apple-darwin24.6.0
checking target system type... aarch64-apple-darwin24.6.0
checking whether gnat can build shared libs... yes
checking for a BSD-compatible install... /usr/bin/install -c
checking whether ln -s works... yes
configure: creating ./config.status
config.status: creating xmlada_shared.gpr
config.status: creating Makefile
config.status: creating tests/dom/default.gpr
Note: Building langkit_support=25.0.0/langkit/support/langkit_support.gpr...
Setup
   [mkdir]        object directory for project AdaSAT
   [mkdir]        exec directory for project AdaSAT
   [mkdir]        library directory for project AdaSAT
   [mkdir]        object directory for project GNATCOLL_Minimal
   [mkdir]        library directory for project GNATCOLL_Minimal
   [mkdir]        object directory for project GNATCOLL_Core
   [mkdir]        library directory for project GNATCOLL_Core
   [mkdir]        object directory for project XmlAda_Sax
   [mkdir]        library directory for project XmlAda_Sax
   [mkdir]        object directory for project XmlAda_Schema
   [mkdir]        object directory for project GPR
   [mkdir]        library directory for project GPR
   [mkdir]        object directory for project GNATCOLL_Projects
   [mkdir]        library directory for project GNATCOLL_Projects
   [mkdir]        object directory for project GnatColl_GMP
   [mkdir]        library directory for project GnatColl_GMP
   [mkdir]        object directory for project GnatColl_Iconv
   [mkdir]        library directory for project GnatColl_Iconv
   [mkdir]        object directory for project VSS_GNAT
   [mkdir]        library directory for project VSS_GNAT
   [mkdir]        object directory for project Prettier_Ada
   [mkdir]        library directory for project Prettier_Ada
   [mkdir]        object directory for project Langkit_Support
   [mkdir]        library directory for project Langkit_Support
Compile
   [Ada]          a-suvsau.adb
   [Ada]          a-szuvau.adb
   [Ada]          vss-implementation-ucd_core.ads
   [Ada]          vss-implementation-ucd_normalization_utf8.ads
   [Ada]          vss-implementation-ucd_casing_utf8.ads
   [Ada]          vss-implementation-ucd_normalization_common.ads
   [Ada]          vss-string_vectors-internals.adb
   [Ada]          vss-implementation-text_handlers-utf8-dynamic.adb
   [Ada]          vss-strings-cursors-iterators-characters.adb
   [Ada]          vss-strings-templates.adb
   [Ada]          vss-strings-converters-decoders-eucjp.adb
   [Ada]          vss-characters.adb
   [Ada]          vss-strings-cursors-internals.adb
   [Ada]          vss-strings-formatters-strings.adb
   [Ada]          vss-strings-converters-decoders-gb18030-indices.ads
   [Ada]          vss-implementation-fnv_hash.adb
   [Ada]          vss-implementation-ucd_casing.adb
   [Ada]          vss-implementation-line_iterators.adb
   [Ada]          vss-implementation-strings.adb
   [Ada]          vss-strings-converters-encoders.adb
   [Ada]          vss-locales.adb
   [Ada]          vss-strings-formatters-generic_integers.adb
   [Ada]          vss-strings-cursors-markers-internals.adb
   [Ada]          vss-strings-converters-decoders-gb18030.adb
   [Ada]          vss-strings-converters-decoders-utf8.adb
   [Ada]          vss-strings-converters-decoders-iso88592.adb
   [Ada]          vss-strings-cursors-iterators-words.adb
   [Ada]          vss-strings-converters-decoders-iso88591.adb
   [Ada]          vss-strings-converters-decoders-iso88595.adb
   [Ada]          vss-strings-converters-decoders-iso885915.adb
   [Ada]          vss-implementation.ads
   [Ada]          vss-implementation-utf8_normalization.adb
   [Ada]          vss-strings-formatters-generic_modulars.adb
   [Ada]          vss-strings-converters-encoders-utf8.adb
   [Ada]          vss-strings-converters-decoders-iso88596.adb
   [Ada]          vss-strings-converters-decoders-iso88597.adb
   [Ada]          vss-implementation-utf8_casing.adb
   [Ada]          vss-strings-utilities.adb
   [Ada]          vss-strings-converters-decoders-gb18030-ranges.ads
   [Ada]          vss-strings-formatters-generic_enumerations.adb
   [Ada]          vss-strings-converters-decoders-iso88599.adb
   [Ada]          vss-transformers-normalization.adb
   [Ada]          vss-implementation-utf8_encoding.adb
   [Ada]          vss-strings-converters-decoders-eucjp-jis0212.ads
   [Ada]          vss-strings-converters-decoders-iso88598.adb
   [Ada]          vss-strings-cursors-iterators-grapheme_clusters.adb
   [Ada]          vss-strings-converters.adb
   [Ada]          vss-strings-converters-decoders.adb
   [Ada]          vss-strings-hash.adb
   [Ada]          vss-string_vectors.adb
   [Ada]          vss-strings.adb
   [Ada]          vss-transformers-caseless.adb
   [Ada]          vss-strings-cursors-markers.adb
   [Ada]          vss-strings-cursors-iterators-lines.adb
   [Ada]          vss-implementation-character_codes.ads
   [Ada]          vss-strings-converters-decoders-koi8r.adb
   [Ada]          vss-transformers-casing.adb
   [Ada]          vss-strings-converters-decoders-index_jis0208.ads
   [Ada]          vss-strings-cursors.adb
   [Ada]          vss-implementation-text_handlers-utf8-static.adb
   [Ada]          vss-strings-converters-decoders-shiftjis.adb
   [Ada]          vss-implementation-text_handlers-nul.adb
   [Ada]          vss-strings-conversions.adb
   [Ada]          vss-implementation-text_handlers-utf8.adb
   [Ada]          vss-implementation-referrers.adb
   [Ada]          vss-strings-internals.adb
   [Ada]          vss-implementation-text_handlers.adb
   [Ada]          vss-implementation-string_vectors.adb
   [Ada]          vss-strings-formatters.ads
   [Ada]          vss-characters-specials.ads
   [Ada]          vss-characters-latin.ads
   [Ada]          vss-strings-cursors-iterators.ads
   [Ada]          vss-characters-punctuations.ads
   [Ada]          vss-strings-grapheme_cluster_iterators.ads
   [Ada]          vss-strings-markers.ads
   [Ada]          vss-strings-formatters-booleans.ads
   [Ada]          vss-unicode.ads
   [Ada]          vss-strings-word_iterators.ads
   [Ada]          vss.ads
   [Ada]          vss-strings-formatters-integers.ads
   [Ada]          vss-strings-character_iterators.ads
   [Ada]          vss-strings-line_iterators.ads
   [Ada]          vss-transformers.ads
   [Ada]          vss-text_streams-file_output.adb
   [Ada]          vss-text_streams-file_input.adb
   [Ada]          vss-implementation-line_terminator.adb
   [Ada]          vss-stream_element_vectors-internals.adb
   [Ada]          vss-text_streams-memory_utf8_output.adb
   [Ada]          vss-text_streams-memory_utf8_input.adb
   [Ada]          vss-text_streams-standards.adb
   [Ada]          vss-stream_element_vectors.adb
   [Ada]          vss-stream_element_vectors-conversions.adb
   [Ada]          vss-text_streams.ads
   [Ada]          vss-environments.adb
   [Ada]          vss-application.adb
   [Ada]          vss-command_line-parsers.adb
   [Ada]          vss-command_line.adb
   [Ada]          vss-implementation-gcc.ads
   [Ada]          vss-implementation-environment_utilities__posix.adb
   [Ada]          vss-standard_paths__posix.adb
   [Ada]          prettier_ada-generic_formatters.adb
   [Ada]          prettier_ada-documents-builders.adb
   [Ada]          prettier_ada-document_vectors.ads
   [Ada]          prettier_ada-optionals.ads
   [Ada]          prettier_ada-documents-implementation.adb
   [Ada]          prettier_ada.ads
   [Ada]          prettier_ada-documents-json.adb
   [Ada]          prettier_ada-documents.adb
   [Ada]          prettier_ada-document_vector_vectors.ads
   [C]            iconv_support.c
   [Ada]          gnatcoll-iconv.adb
In file included from /Applications/Xcode.app/Contents/Developer/Platforms/MacOSX.platform/Developer/SDKs/MacOSX.sdk/usr/include/_wchar.h:91,
                 from /Applications/Xcode.app/Contents/Developer/Platforms/MacOSX.platform/Developer/SDKs/MacOSX.sdk/usr/include/wchar.h:67,
                 from /Applications/Xcode.app/Contents/Developer/Platforms/MacOSX.platform/Developer/SDKs/MacOSX.sdk/usr/include/iconv.h:42,
                 from /Users/runner/.local/share/alire/builds/gnatcoll_iconv_25.0.0_0848cc59/310449ec49a2ad153cedff89746560e664301c16e2a28a6e13ee96404f74daa9/iconv/iconv_support.c:6:
/Users/runner/.local/share/alire/toolchains/gnat_native_13.2.2_b2c113d5/lib/gcc/aarch64-apple-darwin23.2.0/13.2.0/include-fixed/stdio.h:83:8: error: unknown type name 'FILE'
   83 | extern FILE *__stdinp;
      |        ^~~~
/Users/runner/.local/share/alire/toolchains/gnat_native_13.2.2_b2c113d5/lib/gcc/aarch64-apple-darwin23.2.0/13.2.0/include-fixed/stdio.h:84:8: error: unknown type name 'FILE'
   84 | extern FILE *__stdoutp;
      |        ^~~~
/Users/runner/.local/share/alire/toolchains/gnat_native_13.2.2_b2c113d5/lib/gcc/aarch64-apple-darwin23.2.0/13.2.0/include-fixed/stdio.h:85:8: error: unknown type name 'FILE'
   85 | extern FILE *__stderrp;
      |        ^~~~
/Users/runner/.local/share/alire/toolchains/gnat_native_13.2.2_b2c113d5/lib/gcc/aarch64-apple-darwin23.2.0/13.2.0/include-fixed/stdio.h:148:19: error: unknown type name 'FILE'
  148 | void     clearerr(FILE *);
      |                   ^~~~
/Users/runner/.local/share/alire/toolchains/gnat_native_13.2.2_b2c113d5/lib/gcc/aarch64-apple-darwin23.2.0/13.2.0/include-fixed/stdio.h:81:1: note: 'FILE' is defined in header '<stdio.h>'; did you forget to '#include <stdio.h>'?
   80 | #include <sys/_types/_seek_set.h>
  +++ |+#include <stdio.h>
   81 | 
/Users/runner/.local/share/alire/toolchains/gnat_native_13.2.2_b2c113d5/lib/gcc/aarch64-apple-darwin23.2.0/13.2.0/include-fixed/stdio.h:149:17: error: unknown type name 'FILE'
  149 | int      fclose(FILE *);
      |                 ^~~~
/Users/runner/.local/share/alire/toolchains/gnat_native_13.2.2_b2c113d5/lib/gcc/aarch64-apple-darwin23.2.0/13.2.0/include-fixed/stdio.h:149:17: note: 'FILE' is defined in header '<stdio.h>'; did you forget to '#include <stdio.h>'?
/Users/runner/.local/share/alire/toolchains/gnat_native_13.2.2_b2c113d5/lib/gcc/aarch64-apple-darwin23.2.0/13.2.0/include-fixed/stdio.h:150:15: error: unknown type name 'FILE'
  150 | int      feof(FILE *);
      |               ^~~~
/Users/runner/.local/share/alire/toolchains/gnat_native_13.2.2_b2c113d5/lib/gcc/aarch64-apple-darwin23.2.0/13.2.0/include-fixed/stdio.h:150:15: note: 'FILE' is defined in header '<stdio.h>'; did you forget to '#include <stdio.h>'?
/Users/runner/.local/share/alire/toolchains/gnat_native_13.2.2_b2c113d5/lib/gcc/aarch64-apple-darwin23.2.0/13.2.0/include-fixed/stdio.h:151:17: error: unknown type name 'FILE'
  151 | int      ferror(FILE *);
      |                 ^~~~
/Users/runner/.local/share/alire/toolchains/gnat_native_13.2.2_b2c113d5/lib/gcc/aarch64-apple-darwin23.2.0/13.2.0/include-fixed/stdio.h:151:17: note: 'FILE' is defined in header '<stdio.h>'; did you forget to '#include <stdio.h>'?
/Users/runner/.local/share/alire/toolchains/gnat_native_13.2.2_b2c113d5/lib/gcc/aarch64-apple-darwin23.2.0/13.2.0/include-fixed/stdio.h:152:17: error: unknown type name 'FILE'
  152 | int      fflush(FILE *);
      |                 ^~~~
/Users/runner/.local/share/alire/toolchains/gnat_native_13.2.2_b2c113d5/lib/gcc/aarch64-apple-darwin23.2.0/13.2.0/include-fixed/stdio.h:152:17: note: 'FILE' is defined in header '<stdio.h>'; did you forget to '#include <stdio.h>'?
/Users/runner/.local/share/alire/toolchains/gnat_native_13.2.2_b2c113d5/lib/gcc/aarch64-apple-darwin23.2.0/13.2.0/include-fixed/stdio.h:153:16: error: unknown type name 'FILE'
  153 | int      fgetc(FILE *);
      |                ^~~~
/Users/runner/.local/share/alire/toolchains/gnat_native_13.2.2_b2c113d5/lib/gcc/aarch64-apple-darwin23.2.0/13.2.0/include-fixed/stdio.h:153:16: note: 'FILE' is defined in header '<stdio.h>'; did you forget to '#include <stdio.h>'?
/Users/runner/.local/share/alire/toolchains/gnat_native_13.2.2_b2c113d5/lib/gcc/aarch64-apple-darwin23.2.0/13.2.0/include-fixed/stdio.h:154:18: error: unknown type name 'FILE'
  154 | int      fgetpos(FILE * __restrict, fpos_t *);
      |                  ^~~~
/Users/runner/.local/share/alire/toolchains/gnat_native_13.2.2_b2c113d5/lib/gcc/aarch64-apple-darwin23.2.0/13.2.0/include-fixed/stdio.h:154:18: note: 'FILE' is defined in header '<stdio.h>'; did you forget to '#include <stdio.h>'?
/Users/runner/.local/share/alire/toolchains/gnat_native_13.2.2_b2c113d5/lib/gcc/aarch64-apple-darwin23.2.0/13.2.0/include-fixed/stdio.h:154:37: error: unknown type name 'fpos_t'
  154 | int      fgetpos(FILE * __restrict, fpos_t *);
      |                                     ^~~~~~
/Users/runner/.local/share/alire/toolchains/gnat_native_13.2.2_b2c113d5/lib/gcc/aarch64-apple-darwin23.2.0/13.2.0/include-fixed/stdio.h:154:37: note: 'fpos_t' is defined in header '<stdio.h>'; did you forget to '#include <stdio.h>'?
/Users/runner/.local/share/alire/toolchains/gnat_native_13.2.2_b2c113d5/lib/gcc/aarch64-apple-darwin23.2.0/13.2.0/include-fixed/stdio.h:155:40: error: unknown type name 'FILE'
  155 | char    *fgets(char * __restrict, int, FILE *);
      |                                        ^~~~
/Users/runner/.local/share/alire/toolchains/gnat_native_13.2.2_b2c113d5/lib/gcc/aarch64-apple-darwin23.2.0/13.2.0/include-fixed/stdio.h:155:40: note: 'FILE' is defined in header '<stdio.h>'; did you forget to '#include <stdio.h>'?
/Users/runner/.local/share/alire/toolchains/gnat_native_13.2.2_b2c113d5/lib/gcc/aarch64-apple-darwin23.2.0/13.2.0/include-fixed/stdio.h:159:1: error: unknown type name 'FILE'
  159 | FILE    *fopen(const char * __restrict __filename, const char * __restrict __mode) __DARWIN_ALIAS_STARTING(__MAC_10_6, __IPHONE_2_0, __DARWIN_ALIAS(fopen));
      | ^~~~
/Users/runner/.local/share/alire/toolchains/gnat_native_13.2.2_b2c113d5/lib/gcc/aarch64-apple-darwin23.2.0/13.2.0/include-fixed/stdio.h:159:1: note: 'FILE' is defined in header '<stdio.h>'; did you forget to '#include <stdio.h>'?
/Users/runner/.local/share/alire/toolchains/gnat_native_13.2.2_b2c113d5/lib/gcc/aarch64-apple-darwin23.2.0/13.2.0/include-fixed/stdio.h:161:18: error: unknown type name 'FILE'
  161 | int      fprintf(FILE * __restrict, const char * __restrict, ...) __printflike(2, 3);
      |                  ^~~~
/Users/runner/.local/share/alire/toolchains/gnat_native_13.2.2_b2c113d5/lib/gcc/aarch64-apple-darwin23.2.0/13.2.0/include-fixed/stdio.h:161:18: note: 'FILE' is defined in header '<stdio.h>'; did you forget to '#include <stdio.h>'?
/Users/runner/.local/share/alire/toolchains/gnat_native_13.2.2_b2c113d5/lib/gcc/aarch64-apple-darwin23.2.0/13.2.0/include-fixed/stdio.h:162:21: error: unknown type name 'FILE'
  162 | int      fputc(int, FILE *);
      |                     ^~~~
/Users/runner/.local/share/alire/toolchains/gnat_native_13.2.2_b2c113d5/lib/gcc/aarch64-apple-darwin23.2.0/13.2.0/include-fixed/stdio.h:162:21: note: 'FILE' is defined in header '<stdio.h>'; did you forget to '#include <stdio.h>'?
/Users/runner/.local/share/alire/toolchains/gnat_native_13.2.2_b2c113d5/lib/gcc/aarch64-apple-darwin23.2.0/13.2.0/include-fixed/stdio.h:163:41: error: unknown type name 'FILE'
  163 | int      fputs(const char * __restrict, FILE * __restrict) __DARWIN_ALIAS(fputs);
      |                                         ^~~~
/Users/runner/.local/share/alire/toolchains/gnat_native_13.2.2_b2c113d5/lib/gcc/aarch64-apple-darwin23.2.0/13.2.0/include-fixed/stdio.h:163:41: note: 'FILE' is defined in header '<stdio.h>'; did you forget to '#include <stdio.h>'?
/Users/runner/.local/share/alire/toolchains/gnat_native_13.2.2_b2c113d5/lib/gcc/aarch64-apple-darwin23.2.0/13.2.0/include-fixed/stdio.h:164:73: error: unknown type name 'FILE'
  164 | size_t   fread(void * __restrict __ptr, size_t __size, size_t __nitems, FILE * __restrict __stream);
      |                                                                         ^~~~
/Users/runner/.local/share/alire/toolchains/gnat_native_13.2.2_b2c113d5/lib/gcc/aarch64-apple-darwin23.2.0/13.2.0/include-fixed/stdio.h:164:73: note: 'FILE' is defined in header '<stdio.h>'; did you forget to '#include <stdio.h>'?
/Users/runner/.local/share/alire/toolchains/gnat_native_13.2.2_b2c113d5/lib/gcc/aarch64-apple-darwin23.2.0/13.2.0/include-fixed/stdio.h:165:1: error: unknown type name 'FILE'
  165 | FILE    *freopen(const char * __restrict, const char * __restrict,
      | ^~~~
/Users/runner/.local/share/alire/toolchains/gnat_native_13.2.2_b2c113d5/lib/gcc/aarch64-apple-darwin23.2.0/13.2.0/include-fixed/stdio.h:165:1: note: 'FILE' is defined in header '<stdio.h>'; did you forget to '#include <stdio.h>'?
/Users/runner/.local/share/alire/toolchains/gnat_native_13.2.2_b2c113d5/lib/gcc/aarch64-apple-darwin23.2.0/13.2.0/include-fixed/stdio.h:166:18: error: unknown type name 'FILE'
  166 |                  FILE * __restrict) __DARWIN_ALIAS(freopen);
      |                  ^~~~
/Users/runner/.local/share/alire/toolchains/gnat_native_13.2.2_b2c113d5/lib/gcc/aarch64-apple-darwin23.2.0/13.2.0/include-fixed/stdio.h:166:18: note: 'FILE' is defined in header '<stdio.h>'; did you forget to '#include <stdio.h>'?
/Users/runner/.local/share/alire/toolchains/gnat_native_13.2.2_b2c113d5/lib/gcc/aarch64-apple-darwin23.2.0/13.2.0/include-fixed/stdio.h:167:17: error: unknown type name 'FILE'
  167 | int      fscanf(FILE * __restrict, const char * __restrict, ...) __scanflike(2, 3);
      |                 ^~~~
/Users/runner/.local/share/alire/toolchains/gnat_native_13.2.2_b2c113d5/lib/gcc/aarch64-apple-darwin23.2.0/13.2.0/include-fixed/stdio.h:167:17: note: 'FILE' is defined in header '<stdio.h>'; did you forget to '#include <stdio.h>'?
/Users/runner/.local/share/alire/toolchains/gnat_native_13.2.2_b2c113d5/lib/gcc/aarch64-apple-darwin23.2.0/13.2.0/include-fixed/stdio.h:168:16: error: unknown type name 'FILE'
  168 | int      fseek(FILE *, long, int);
      |                ^~~~
/Users/runner/.local/share/alire/toolchains/gnat_native_13.2.2_b2c113d5/lib/gcc/aarch64-apple-darwin23.2.0/13.2.0/include-fixed/stdio.h:168:16: note: 'FILE' is defined in header '<stdio.h>'; did you forget to '#include <stdio.h>'?
/Users/runner/.local/share/alire/toolchains/gnat_native_13.2.2_b2c113d5/lib/gcc/aarch64-apple-darwin23.2.0/13.2.0/include-fixed/stdio.h:169:18: error: unknown type name 'FILE'
  169 | int      fsetpos(FILE *, const fpos_t *);
      |                  ^~~~
/Users/runner/.local/share/alire/toolchains/gnat_native_13.2.2_b2c113d5/lib/gcc/aarch64-apple-darwin23.2.0/13.2.0/include-fixed/stdio.h:169:18: note: 'FILE' is defined in header '<stdio.h>'; did you forget to '#include <stdio.h>'?
/Users/runner/.local/share/alire/toolchains/gnat_native_13.2.2_b2c113d5/lib/gcc/aarch64-apple-darwin23.2.0/13.2.0/include-fixed/stdio.h:169:32: error: unknown type name 'fpos_t'
  169 | int      fsetpos(FILE *, const fpos_t *);
      |                                ^~~~~~
/Users/runner/.local/share/alire/toolchains/gnat_native_13.2.2_b2c113d5/lib/gcc/aarch64-apple-darwin23.2.0/13.2.0/include-fixed/stdio.h:170:16: error: unknown type name 'FILE'
  170 | long     ftell(FILE *);
      |                ^~~~
/Users/runner/.local/share/alire/toolchains/gnat_native_13.2.2_b2c113d5/lib/gcc/aarch64-apple-darwin23.2.0/13.2.0/include-fixed/stdio.h:170:16: note: 'FILE' is defined in header '<stdio.h>'; did you forget to '#include <stdio.h>'?
/Users/runner/.local/share/alire/toolchains/gnat_native_13.2.2_b2c113d5/lib/gcc/aarch64-apple-darwin23.2.0/13.2.0/include-fixed/stdio.h:171:80: error: unknown type name 'FILE'
  171 | size_t   fwrite(const void * __restrict __ptr, size_t __size, size_t __nitems, FILE * __restrict __stream) __DARWIN_ALIAS(fwrite);
      |                                                                                ^~~~
/Users/runner/.local/share/alire/toolchains/gnat_native_13.2.2_b2c113d5/lib/gcc/aarch64-apple-darwin23.2.0/13.2.0/include-fixed/stdio.h:171:80: note: 'FILE' is defined in header '<stdio.h>'; did you forget to '#include <stdio.h>'?
/Users/runner/.local/share/alire/toolchains/gnat_native_13.2.2_b2c113d5/lib/gcc/aarch64-apple-darwin23.2.0/13.2.0/include-fixed/stdio.h:172:15: error: unknown type name 'FILE'
  172 | int      getc(FILE *);
      |               ^~~~
/Users/runner/.local/share/alire/toolchains/gnat_native_13.2.2_b2c113d5/lib/gcc/aarch64-apple-darwin23.2.0/13.2.0/include-fixed/stdio.h:172:15: note: 'FILE' is defined in header '<stdio.h>'; did you forget to '#include <stdio.h>'?
/Users/runner/.local/share/alire/toolchains/gnat_native_13.2.2_b2c113d5/lib/gcc/aarch64-apple-darwin23.2.0/13.2.0/include-fixed/stdio.h:184:20: error: unknown type name 'FILE'
  184 | int      putc(int, FILE *);
      |                    ^~~~
/Users/runner/.local/share/alire/toolchains/gnat_native_13.2.2_b2c113d5/lib/gcc/aarch64-apple-darwin23.2.0/13.2.0/include-fixed/stdio.h:184:20: note: 'FILE' is defined in header '<stdio.h>'; did you forget to '#include <stdio.h>'?
/Users/runner/.local/share/alire/toolchains/gnat_native_13.2.2_b2c113d5/lib/gcc/aarch64-apple-darwin23.2.0/13.2.0/include-fixed/stdio.h:189:17: error: unknown type name 'FILE'
  189 | void     rewind(FILE *);
      |                 ^~~~
/Users/runner/.local/share/alire/toolchains/gnat_native_13.2.2_b2c113d5/lib/gcc/aarch64-apple-darwin23.2.0/13.2.0/include-fixed/stdio.h:189:17: note: 'FILE' is defined in header '<stdio.h>'; did you forget to '#include <stdio.h>'?
/Users/runner/.local/share/alire/toolchains/gnat_native_13.2.2_b2c113d5/lib/gcc/aarch64-apple-darwin23.2.0/13.2.0/include-fixed/stdio.h:191:17: error: unknown type name 'FILE'
  191 | void     setbuf(FILE * __restrict, char * __restrict);
      |                 ^~~~
/Users/runner/.local/share/alire/toolchains/gnat_native_13.2.2_b2c113d5/lib/gcc/aarch64-apple-darwin23.2.0/13.2.0/include-fixed/stdio.h:191:17: note: 'FILE' is defined in header '<stdio.h>'; did you forget to '#include <stdio.h>'?
/Users/runner/.local/share/alire/toolchains/gnat_native_13.2.2_b2c113d5/lib/gcc/aarch64-apple-darwin23.2.0/13.2.0/include-fixed/stdio.h:192:18: error: unknown type name 'FILE'
  192 | int      setvbuf(FILE * __restrict, char * __restrict, int, size_t);
      |                  ^~~~
/Users/runner/.local/share/alire/toolchains/gnat_native_13.2.2_b2c113d5/lib/gcc/aarch64-apple-darwin23.2.0/13.2.0/include-fixed/stdio.h:192:18: note: 'FILE' is defined in header '<stdio.h>'; did you forget to '#include <stdio.h>'?
/Users/runner/.local/share/alire/toolchains/gnat_native_13.2.2_b2c113d5/lib/gcc/aarch64-apple-darwin23.2.0/13.2.0/include-fixed/stdio.h:203:1: error: unknown type name 'FILE'
  203 | FILE    *tmpfile(void);
      | ^~~~
/Users/runner/.local/share/alire/toolchains/gnat_native_13.2.2_b2c113d5/lib/gcc/aarch64-apple-darwin23.2.0/13.2.0/include-fixed/stdio.h:203:1: note: 'FILE' is defined in header '<stdio.h>'; did you forget to '#include <stdio.h>'?
/Users/runner/.local/share/alire/toolchains/gnat_native_13.2.2_b2c113d5/lib/gcc/aarch64-apple-darwin23.2.0/13.2.0/include-fixed/stdio.h:213:22: error: unknown type name 'FILE'
  213 | int      ungetc(int, FILE *);
      |                      ^~~~
/Users/runner/.local/share/alire/toolchains/gnat_native_13.2.2_b2c113d5/lib/gcc/aarch64-apple-darwin23.2.0/13.2.0/include-fixed/stdio.h:213:22: note: 'FILE' is defined in header '<stdio.h>'; did you forget to '#include <stdio.h>'?
/Users/runner/.local/share/alire/toolchains/gnat_native_13.2.2_b2c113d5/lib/gcc/aarch64-apple-darwin23.2.0/13.2.0/include-fixed/stdio.h:214:19: error: unknown type name 'FILE'
  214 | int      vfprintf(FILE * __restrict, const char * __restrict, __gnuc_va_list) __printflike(2, 0);
      |                   ^~~~
/Users/runner/.local/share/alire/toolchains/gnat_native_13.2.2_b2c113d5/lib/gcc/aarch64-apple-darwin23.2.0/13.2.0/include-fixed/stdio.h:214:19: note: 'FILE' is defined in header '<stdio.h>'; did you forget to '#include <stdio.h>'?
/Users/runner/.local/share/alire/toolchains/gnat_native_13.2.2_b2c113d5/lib/gcc/aarch64-apple-darwin23.2.0/13.2.0/include-fixed/stdio.h:242:1: error: unknown type name 'FILE'
  242 | FILE    *fdopen(int, const char *) __DARWIN_ALIAS_STARTING(__MAC_10_6, __IPHONE_2_0, __DARWIN_ALIAS(fdopen));
      | ^~~~
/Users/runner/.local/share/alire/toolchains/gnat_native_13.2.2_b2c113d5/lib/gcc/aarch64-apple-darwin23.2.0/13.2.0/include-fixed/stdio.h:242:1: note: 'FILE' is defined in header '<stdio.h>'; did you forget to '#include <stdio.h>'?
/Users/runner/.local/share/alire/toolchains/gnat_native_13.2.2_b2c113d5/lib/gcc/aarch64-apple-darwin23.2.0/13.2.0/include-fixed/stdio.h:244:17: error: unknown type name 'FILE'
  244 | int      fileno(FILE *);
      |                 ^~~~
/Users/runner/.local/share/alire/toolchains/gnat_native_13.2.2_b2c113d5/lib/gcc/aarch64-apple-darwin23.2.0/13.2.0/include-fixed/stdio.h:244:17: note: 'FILE' is defined in header '<stdio.h>'; did you forget to '#include <stdio.h>'?
/Users/runner/.local/share/alire/toolchains/gnat_native_13.2.2_b2c113d5/lib/gcc/aarch64-apple-darwin23.2.0/13.2.0/include-fixed/stdio.h:255:17: error: unknown type name 'FILE'
  255 | int      pclose(FILE *) __swift_unavailable("Use posix_spawn APIs or NSTask instead. (On iOS, process spawning is unavailable.)");
      |                 ^~~~
/Users/runner/.local/share/alire/toolchains/gnat_native_13.2.2_b2c113d5/lib/gcc/aarch64-apple-darwin23.2.0/13.2.0/include-fixed/stdio.h:255:17: note: 'FILE' is defined in header '<stdio.h>'; did you forget to '#include <stdio.h>'?
/Users/runner/.local/share/alire/toolchains/gnat_native_13.2.2_b2c113d5/lib/gcc/aarch64-apple-darwin23.2.0/13.2.0/include-fixed/stdio.h:259:1: error: unknown type name 'FILE'
  259 | FILE    *popen(const char *, const char *) __DARWIN_ALIAS_STARTING(__MAC_10_6, __IPHONE_2_0, __DARWIN_ALIAS(popen)) __swift_unavailable("Use posix_spawn APIs or NSTask instead. (On iOS, process spawning is unavailable.)");
      | ^~~~
/Users/runner/.local/share/alire/toolchains/gnat_native_13.2.2_b2c113d5/lib/gcc/aarch64-apple-darwin23.2.0/13.2.0/include-fixed/stdio.h:259:1: note: 'FILE' is defined in header '<stdio.h>'; did you forget to '#include <stdio.h>'?
/Users/runner/.local/share/alire/toolchains/gnat_native_13.2.2_b2c113d5/lib/gcc/aarch64-apple-darwin23.2.0/13.2.0/include-fixed/stdio.h:274:17: error: unknown type name 'FILE'
  274 | int     __srget(FILE *);
      |                 ^~~~
/Users/runner/.local/share/alire/toolchains/gnat_native_13.2.2_b2c113d5/lib/gcc/aarch64-apple-darwin23.2.0/13.2.0/include-fixed/stdio.h:274:17: note: 'FILE' is defined in header '<stdio.h>'; did you forget to '#include <stdio.h>'?
/Users/runner/.local/share/alire/toolchains/gnat_native_13.2.2_b2c113d5/lib/gcc/aarch64-apple-darwin23.2.0/13.2.0/include-fixed/stdio.h:275:20: error: unknown type name 'FILE'
  275 | int     __svfscanf(FILE *, const char *, __gnuc_va_list) __scanflike(2, 0);
      |                    ^~~~
/Users/runner/.local/share/alire/toolchains/gnat_native_13.2.2_b2c113d5/lib/gcc/aarch64-apple-darwin23.2.0/13.2.0/include-fixed/stdio.h:275:20: note: 'FILE' is defined in header '<stdio.h>'; did you forget to '#include <stdio.h>'?
/Users/runner/.local/share/alire/toolchains/gnat_native_13.2.2_b2c113d5/lib/gcc/aarch64-apple-darwin23.2.0/13.2.0/include-fixed/stdio.h:276:22: error: unknown type name 'FILE'
  276 | int     __swbuf(int, FILE *);
      |                      ^~~~
/Users/runner/.local/share/alire/toolchains/gnat_native_13.2.2_b2c113d5/lib/gcc/aarch64-apple-darwin23.2.0/13.2.0/include-fixed/stdio.h:276:22: note: 'FILE' is defined in header '<stdio.h>'; did you forget to '#include <stdio.h>'?
/Users/runner/.local/share/alire/toolchains/gnat_native_13.2.2_b2c113d5/lib/gcc/aarch64-apple-darwin23.2.0/13.2.0/include-fixed/stdio.h:285:44: error: unknown type name 'FILE'
  285 | __header_always_inline int __sputc(int _c, FILE *_p) {
      |                                            ^~~~
/Users/runner/.local/share/alire/toolchains/gnat_native_13.2.2_b2c113d5/lib/gcc/aarch64-apple-darwin23.2.0/13.2.0/include-fixed/stdio.h:285:44: note: 'FILE' is defined in header '<stdio.h>'; did you forget to '#include <stdio.h>'?
/Users/runner/.local/share/alire/toolchains/gnat_native_13.2.2_b2c113d5/lib/gcc/aarch64-apple-darwin23.2.0/13.2.0/include-fixed/stdio.h:311:20: error: unknown type name 'FILE'
  311 | void     flockfile(FILE *);
      |                    ^~~~
/Users/runner/.local/share/alire/toolchains/gnat_native_13.2.2_b2c113d5/lib/gcc/aarch64-apple-darwin23.2.0/13.2.0/include-fixed/stdio.h:311:20: note: 'FILE' is defined in header '<stdio.h>'; did you forget to '#include <stdio.h>'?
/Users/runner/.local/share/alire/toolchains/gnat_native_13.2.2_b2c113d5/lib/gcc/aarch64-apple-darwin23.2.0/13.2.0/include-fixed/stdio.h:312:23: error: unknown type name 'FILE'
  312 | int      ftrylockfile(FILE *);
      |                       ^~~~
/Users/runner/.local/share/alire/toolchains/gnat_native_13.2.2_b2c113d5/lib/gcc/aarch64-apple-darwin23.2.0/13.2.0/include-fixed/stdio.h:312:23: note: 'FILE' is defined in header '<stdio.h>'; did you forget to '#include <stdio.h>'?
/Users/runner/.local/share/alire/toolchains/gnat_native_13.2.2_b2c113d5/lib/gcc/aarch64-apple-darwin23.2.0/13.2.0/include-fixed/stdio.h:313:22: error: unknown type name 'FILE'
  313 | void     funlockfile(FILE *);
      |                      ^~~~
/Users/runner/.local/share/alire/toolchains/gnat_native_13.2.2_b2c113d5/lib/gcc/aarch64-apple-darwin23.2.0/13.2.0/include-fixed/stdio.h:313:22: note: 'FILE' is defined in header '<stdio.h>'; did you forget to '#include <stdio.h>'?
/Users/runner/.local/share/alire/toolchains/gnat_native_13.2.2_b2c113d5/lib/gcc/aarch64-apple-darwin23.2.0/13.2.0/include-fixed/stdio.h:314:24: error: unknown type name 'FILE'
  314 | int      getc_unlocked(FILE *);
      |                        ^~~~
/Users/runner/.local/share/alire/toolchains/gnat_native_13.2.2_b2c113d5/lib/gcc/aarch64-apple-darwin23.2.0/13.2.0/include-fixed/stdio.h:314:24: note: 'FILE' is defined in header '<stdio.h>'; did you forget to '#include <stdio.h>'?
/Users/runner/.local/share/alire/toolchains/gnat_native_13.2.2_b2c113d5/lib/gcc/aarch64-apple-darwin23.2.0/13.2.0/include-fixed/stdio.h:316:29: error: unknown type name 'FILE'
  316 | int      putc_unlocked(int, FILE *);
      |                             ^~~~
/Users/runner/.local/share/alire/toolchains/gnat_native_13.2.2_b2c113d5/lib/gcc/aarch64-apple-darwin23.2.0/13.2.0/include-fixed/stdio.h:316:29: note: 'FILE' is defined in header '<stdio.h>'; did you forget to '#include <stdio.h>'?
/Users/runner/.local/share/alire/toolchains/gnat_native_13.2.2_b2c113d5/lib/gcc/aarch64-apple-darwin23.2.0/13.2.0/include-fixed/stdio.h:321:15: error: unknown type name 'FILE'
  321 | int      getw(FILE *);
      |               ^~~~
/Users/runner/.local/share/alire/toolchains/gnat_native_13.2.2_b2c113d5/lib/gcc/aarch64-apple-darwin23.2.0/13.2.0/include-fixed/stdio.h:321:15: note: 'FILE' is defined in header '<stdio.h>'; did you forget to '#include <stdio.h>'?
/Users/runner/.local/share/alire/toolchains/gnat_native_13.2.2_b2c113d5/lib/gcc/aarch64-apple-darwin23.2.0/13.2.0/include-fixed/stdio.h:322:20: error: unknown type name 'FILE'
  322 | int      putw(int, FILE *);
      |                    ^~~~
/Users/runner/.local/share/alire/toolchains/gnat_native_13.2.2_b2c113d5/lib/gcc/aarch64-apple-darwin23.2.0/13.2.0/include-fixed/stdio.h:322:20: note: 'FILE' is defined in header '<stdio.h>'; did you forget to '#include <stdio.h>'?
/Users/runner/.local/share/alire/toolchains/gnat_native_13.2.2_b2c113d5/lib/gcc/aarch64-apple-darwin23.2.0/13.2.0/include-fixed/stdio.h:354:17: error: unknown type name 'FILE'
  354 | int      fseeko(FILE * __stream, off_t __offset, int __whence);
      |                 ^~~~
/Users/runner/.local/share/alire/toolchains/gnat_native_13.2.2_b2c113d5/lib/gcc/aarch64-apple-darwin23.2.0/13.2.0/include-fixed/stdio.h:354:17: note: 'FILE' is defined in header '<stdio.h>'; did you forget to '#include <stdio.h>'?
/Users/runner/.local/share/alire/toolchains/gnat_native_13.2.2_b2c113d5/lib/gcc/aarch64-apple-darwin23.2.0/13.2.0/include-fixed/stdio.h:355:17: error: unknown type name 'FILE'
  355 | off_t    ftello(FILE * __stream);
      |                 ^~~~
/Users/runner/.local/share/alire/toolchains/gnat_native_13.2.2_b2c113d5/lib/gcc/aarch64-apple-darwin23.2.0/13.2.0/include-fixed/stdio.h:355:17: note: 'FILE' is defined in header '<stdio.h>'; did you forget to '#include <stdio.h>'?
/Users/runner/.local/share/alire/toolchains/gnat_native_13.2.2_b2c113d5/lib/gcc/aarch64-apple-darwin23.2.0/13.2.0/include-fixed/stdio.h:362:18: error: unknown type name 'FILE'
  362 | int      vfscanf(FILE * __restrict __stream, const char * __restrict __format, __gnuc_va_list) __scanflike(2, 0);
      |                  ^~~~
/Users/runner/.local/share/alire/toolchains/gnat_native_13.2.2_b2c113d5/lib/gcc/aarch64-apple-darwin23.2.0/13.2.0/include-fixed/stdio.h:362:18: note: 'FILE' is defined in header '<stdio.h>'; did you forget to '#include <stdio.h>'?
/Users/runner/.local/share/alire/toolchains/gnat_native_13.2.2_b2c113d5/lib/gcc/aarch64-apple-darwin23.2.0/13.2.0/include-fixed/stdio.h:381:95: error: unknown type name 'FILE'
  381 | ssize_t getdelim(char ** __restrict __linep, size_t * __restrict __linecapp, int __delimiter, FILE * __restrict __stream) __OSX_AVAILABLE_STARTING(__MAC_10_7, __IPHONE_4_3);
      |                                                                                               ^~~~
/Users/runner/.local/share/alire/toolchains/gnat_native_13.2.2_b2c113d5/lib/gcc/aarch64-apple-darwin23.2.0/13.2.0/include-fixed/stdio.h:381:95: note: 'FILE' is defined in header '<stdio.h>'; did you forget to '#include <stdio.h>'?
/Users/runner/.local/share/alire/toolchains/gnat_native_13.2.2_b2c113d5/lib/gcc/aarch64-apple-darwin23.2.0/13.2.0/include-fixed/stdio.h:382:77: error: unknown type name 'FILE'
  382 | ssize_t getline(char ** __restrict __linep, size_t * __restrict __linecapp, FILE * __restrict __stream) __OSX_AVAILABLE_STARTING(__MAC_10_7, __IPHONE_4_3);
      |                                                                             ^~~~
/Users/runner/.local/share/alire/toolchains/gnat_native_13.2.2_b2c113d5/lib/gcc/aarch64-apple-darwin23.2.0/13.2.0/include-fixed/stdio.h:382:77: note: 'FILE' is defined in header '<stdio.h>'; did you forget to '#include <stdio.h>'?
/Users/runner/.local/share/alire/toolchains/gnat_native_13.2.2_b2c113d5/lib/gcc/aarch64-apple-darwin23.2.0/13.2.0/include-fixed/stdio.h:383:1: error: unknown type name 'FILE'
  383 | FILE *fmemopen(void * __restrict __buf, size_t __size, const char * __restrict __mode) __API_AVAILABLE(macos(10.13), ios(11.0), tvos(11.0), watchos(4.0));
      | ^~~~
/Users/runner/.local/share/alire/toolchains/gnat_native_13.2.2_b2c113d5/lib/gcc/aarch64-apple-darwin23.2.0/13.2.0/include-fixed/stdio.h:383:1: note: 'FILE' is defined in header '<stdio.h>'; did you forget to '#include <stdio.h>'?
/Users/runner/.local/share/alire/toolchains/gnat_native_13.2.2_b2c113d5/lib/gcc/aarch64-apple-darwin23.2.0/13.2.0/include-fixed/stdio.h:384:1: error: unknown type name 'FILE'
  384 | FILE *open_memstream(char **__bufp, size_t *__sizep) __API_AVAILABLE(macos(10.13), ios(11.0), tvos(11.0), watchos(4.0));
      | ^~~~
/Users/runner/.local/share/alire/toolchains/gnat_native_13.2.2_b2c113d5/lib/gcc/aarch64-apple-darwin23.2.0/13.2.0/include-fixed/stdio.h:384:1: note: 'FILE' is defined in header '<stdio.h>'; did you forget to '#include <stdio.h>'?
/Users/runner/.local/share/alire/toolchains/gnat_native_13.2.2_b2c113d5/lib/gcc/aarch64-apple-darwin23.2.0/13.2.0/include-fixed/stdio.h:399:17: error: unknown type name 'FILE'
  399 | char    *fgetln(FILE *, size_t *);
      |                 ^~~~
/Users/runner/.local/share/alire/toolchains/gnat_native_13.2.2_b2c113d5/lib/gcc/aarch64-apple-darwin23.2.0/13.2.0/include-fixed/stdio.h:399:17: note: 'FILE' is defined in header '<stdio.h>'; did you forget to '#include <stdio.h>'?
/Users/runner/.local/share/alire/toolchains/gnat_native_13.2.2_b2c113d5/lib/gcc/aarch64-apple-darwin23.2.0/13.2.0/include-fixed/stdio.h:401:17: error: unknown type name 'FILE'
  401 | int      fpurge(FILE *);
      |                 ^~~~
/Users/runner/.local/share/alire/toolchains/gnat_native_13.2.2_b2c113d5/lib/gcc/aarch64-apple-darwin23.2.0/13.2.0/include-fixed/stdio.h:401:17: note: 'FILE' is defined in header '<stdio.h>'; did you forget to '#include <stdio.h>'?
/Users/runner/.local/share/alire/toolchains/gnat_native_13.2.2_b2c113d5/lib/gcc/aarch64-apple-darwin23.2.0/13.2.0/include-fixed/stdio.h:402:20: error: unknown type name 'FILE'
  402 | void     setbuffer(FILE *, char *, int);
      |                    ^~~~
/Users/runner/.local/share/alire/toolchains/gnat_native_13.2.2_b2c113d5/lib/gcc/aarch64-apple-darwin23.2.0/13.2.0/include-fixed/stdio.h:402:20: note: 'FILE' is defined in header '<stdio.h>'; did you forget to '#include <stdio.h>'?
/Users/runner/.local/share/alire/toolchains/gnat_native_13.2.2_b2c113d5/lib/gcc/aarch64-apple-darwin23.2.0/13.2.0/include-fixed/stdio.h:403:21: error: unknown type name 'FILE'
  403 | int      setlinebuf(FILE *);
      |                     ^~~~
/Users/runner/.local/share/alire/toolchains/gnat_native_13.2.2_b2c113d5/lib/gcc/aarch64-apple-darwin23.2.0/13.2.0/include-fixed/stdio.h:403:21: note: 'FILE' is defined in header '<stdio.h>'; did you forget to '#include <stdio.h>'?
/Users/runner/.local/share/alire/toolchains/gnat_native_13.2.2_b2c113d5/lib/gcc/aarch64-apple-darwin23.2.0/13.2.0/include-fixed/stdio.h:410:1: error: unknown type name 'FILE'
  410 | FILE    *funopen(const void *,
      | ^~~~
/Users/runner/.local/share/alire/toolchains/gnat_native_13.2.2_b2c113d5/lib/gcc/aarch64-apple-darwin23.2.0/13.2.0/include-fixed/stdio.h:410:1: note: 'FILE' is defined in header '<stdio.h>'; did you forget to '#include <stdio.h>'?
/Users/runner/.local/share/alire/toolchains/gnat_native_13.2.2_b2c113d5/lib/gcc/aarch64-apple-darwin23.2.0/13.2.0/include-fixed/stdio.h:413:18: error: unknown type name 'fpos_t'
  413 |                  fpos_t (* _Nullable)(void *, fpos_t, int),
      |                  ^~~~~~
/Users/runner/.local/share/alire/toolchains/gnat_native_13.2.2_b2c113d5/lib/gcc/aarch64-apple-darwin23.2.0/13.2.0/include-fixed/stdio.h:413:18: note: 'fpos_t' is defined in header '<stdio.h>'; did you forget to '#include <stdio.h>'?
/Applications/Xcode.app/Contents/Developer/Platforms/MacOSX.platform/Developer/SDKs/MacOSX.sdk/usr/include/_wchar.h:100:16: error: unknown type name 'FILE'
  100 | wint_t  fgetwc(FILE *);
      |                ^~~~
/Applications/Xcode.app/Contents/Developer/Platforms/MacOSX.platform/Developer/SDKs/MacOSX.sdk/usr/include/_wchar.h:94:1: note: 'FILE' is defined in header '<stdio.h>'; did you forget to '#include <stdio.h>'?
   93 | #include <__wctype.h>
  +++ |+#include <stdio.h>
   94 | 
/Applications/Xcode.app/Contents/Developer/Platforms/MacOSX.platform/Developer/SDKs/MacOSX.sdk/usr/include/_wchar.h:103:17: error: unknown type name 'FILE'
  103 |                 FILE * __restrict);
      |                 ^~~~
/Applications/Xcode.app/Contents/Developer/Platforms/MacOSX.platform/Developer/SDKs/MacOSX.sdk/usr/include/_wchar.h:103:17: note: 'FILE' is defined in header '<stdio.h>'; did you forget to '#include <stdio.h>'?
/Applications/Xcode.app/Contents/Developer/Platforms/MacOSX.platform/Developer/SDKs/MacOSX.sdk/usr/include/_wchar.h:104:25: error: unknown type name 'FILE'
  104 | wint_t  fputwc(wchar_t, FILE *);
      |                         ^~~~
/Applications/Xcode.app/Contents/Developer/Platforms/MacOSX.platform/Developer/SDKs/MacOSX.sdk/usr/include/_wchar.h:104:25: note: 'FILE' is defined in header '<stdio.h>'; did you forget to '#include <stdio.h>'?
/Applications/Xcode.app/Contents/Developer/Platforms/MacOSX.platform/Developer/SDKs/MacOSX.sdk/usr/include/_wchar.h:105:44: error: unknown type name 'FILE'
  105 | int     fputws(const wchar_t * __restrict, FILE * __restrict);
      |                                            ^~~~
/Applications/Xcode.app/Contents/Developer/Platforms/MacOSX.platform/Developer/SDKs/MacOSX.sdk/usr/include/_wchar.h:105:44: note: 'FILE' is defined in header '<stdio.h>'; did you forget to '#include <stdio.h>'?
/Applications/Xcode.app/Contents/Developer/Platforms/MacOSX.platform/Developer/SDKs/MacOSX.sdk/usr/include/_wchar.h:106:15: error: unknown type name 'FILE'
  106 | int     fwide(FILE *, int);
      |               ^~~~
/Applications/Xcode.app/Contents/Developer/Platforms/MacOSX.platform/Developer/SDKs/MacOSX.sdk/usr/include/_wchar.h:106:15: note: 'FILE' is defined in header '<stdio.h>'; did you forget to '#include <stdio.h>'?
/Applications/Xcode.app/Contents/Developer/Platforms/MacOSX.platform/Developer/SDKs/MacOSX.sdk/usr/include/_wchar.h:107:18: error: unknown type name 'FILE'
  107 | int     fwprintf(FILE * __restrict, const wchar_t * __restrict, ...);
      |                  ^~~~
/Applications/Xcode.app/Contents/Developer/Platforms/MacOSX.platform/Developer/SDKs/MacOSX.sdk/usr/include/_wchar.h:107:18: note: 'FILE' is defined in header '<stdio.h>'; did you forget to '#include <stdio.h>'?
/Applications/Xcode.app/Contents/Developer/Platforms/MacOSX.platform/Developer/SDKs/MacOSX.sdk/usr/include/_wchar.h:108:17: error: unknown type name 'FILE'
  108 | int     fwscanf(FILE * __restrict, const wchar_t * __restrict, ...);
      |                 ^~~~
/Applications/Xcode.app/Contents/Developer/Platforms/MacOSX.platform/Developer/SDKs/MacOSX.sdk/usr/include/_wchar.h:108:17: note: 'FILE' is defined in header '<stdio.h>'; did you forget to '#include <stdio.h>'?
/Applications/Xcode.app/Contents/Developer/Platforms/MacOSX.platform/Developer/SDKs/MacOSX.sdk/usr/include/_wchar.h:109:15: error: unknown type name 'FILE'
  109 | wint_t  getwc(FILE *);
      |               ^~~~
/Applications/Xcode.app/Contents/Developer/Platforms/MacOSX.platform/Developer/SDKs/MacOSX.sdk/usr/include/_wchar.h:109:15: note: 'FILE' is defined in header '<stdio.h>'; did you forget to '#include <stdio.h>'?
/Applications/Xcode.app/Contents/Developer/Platforms/MacOSX.platform/Developer/SDKs/MacOSX.sdk/usr/include/_wchar.h:118:24: error: unknown type name 'FILE'
  118 | wint_t  putwc(wchar_t, FILE *);
      |                        ^~~~
/Applications/Xcode.app/Contents/Developer/Platforms/MacOSX.platform/Developer/SDKs/MacOSX.sdk/usr/include/_wchar.h:118:24: note: 'FILE' is defined in header '<stdio.h>'; did you forget to '#include <stdio.h>'?
/Applications/Xcode.app/Contents/Developer/Platforms/MacOSX.platform/Developer/SDKs/MacOSX.sdk/usr/include/_wchar.h:123:25: error: unknown type name 'FILE'
  123 | wint_t  ungetwc(wint_t, FILE *);
      |                         ^~~~
/Applications/Xcode.app/Contents/Developer/Platforms/MacOSX.platform/Developer/SDKs/MacOSX.sdk/usr/include/_wchar.h:123:25: note: 'FILE' is defined in header '<stdio.h>'; did you forget to '#include <stdio.h>'?
/Applications/Xcode.app/Contents/Developer/Platforms/MacOSX.platform/Developer/SDKs/MacOSX.sdk/usr/include/_wchar.h:124:19: error: unknown type name 'FILE'
  124 | int     vfwprintf(FILE * __restrict, const wchar_t * __restrict,
      |                   ^~~~
/Applications/Xcode.app/Contents/Developer/Platforms/MacOSX.platform/Developer/SDKs/MacOSX.sdk/usr/include/_wchar.h:124:19: note: 'FILE' is defined in header '<stdio.h>'; did you forget to '#include <stdio.h>'?
/Applications/Xcode.app/Contents/Developer/Platforms/MacOSX.platform/Developer/SDKs/MacOSX.sdk/usr/include/_wchar.h:195:18: error: unknown type name 'FILE'
  195 | int     vfwscanf(FILE * __restrict, const wchar_t * __restrict,
      |                  ^~~~
/Applications/Xcode.app/Contents/Developer/Platforms/MacOSX.platform/Developer/SDKs/MacOSX.sdk/usr/include/_wchar.h:195:18: note: 'FILE' is defined in header '<stdio.h>'; did you forget to '#include <stdio.h>'?
/Applications/Xcode.app/Contents/Developer/Platforms/MacOSX.platform/Developer/SDKs/MacOSX.sdk/usr/include/_wchar.h:240:1: error: unknown type name 'FILE'
  240 | FILE *open_wmemstream(wchar_t *_LIBC_COUNT(*__sizep) * __bufp, size_t * __sizep) __API_AVAILABLE(macos(10.13), ios(11.0), tvos(11.0), watchos(4.0));
      | ^~~~
/Applications/Xcode.app/Contents/Developer/Platforms/MacOSX.platform/Developer/SDKs/MacOSX.sdk/usr/include/_wchar.h:240:1: note: 'FILE' is defined in header '<stdio.h>'; did you forget to '#include <stdio.h>'?
/Applications/Xcode.app/Contents/Developer/Platforms/MacOSX.platform/Developer/SDKs/MacOSX.sdk/usr/include/_wchar.h:251:25: error: unknown type name 'FILE'
  251 |                 fgetwln(FILE * __restrict, size_t *__len) __OSX_AVAILABLE_STARTING(__MAC_10_7, __IPHONE_4_3);
      |                         ^~~~
/Applications/Xcode.app/Contents/Developer/Platforms/MacOSX.platform/Developer/SDKs/MacOSX.sdk/usr/include/_wchar.h:251:25: note: 'FILE' is defined in header '<stdio.h>'; did you forget to '#include <stdio.h>'?

   compilation of iconv_support.c failed

gprbuild: *** compilation phase failed
stderr: Command ["gprbuild", "-s", "-j0", "-p", "-P", "/Users/runner/work/alire-crates-ci/alire-crates-ci/test/05b4be49-d7bf-41c5-b805-87233eab2c97/langkit_support_25.0.0_7c5f4981/langkit/support/langkit_support.gpr", "-cargs:Ada", "-gnatwn"] exited with code 4
ERROR: Command ["gprbuild", "-s", "-j0", "-p", "-P", "/Users/runner/work/alire-crates-ci/alire-crates-ci/test/05b4be49-d7bf-41c5-b805-87233eab2c97/langkit_support_25.0.0_7c5f4981/langkit/support/langkit_support.gpr", "-cargs:Ada", "-gnatwn"] exited with code 4
stderr: ALIRE.CHECKED_ERROR
stderr: Command ["gprbuild", "-s", "-j0", "-p", "-P", "/Users/runner/work/alire-crates-ci/alire-crates-ci/test/05b4be49-d7bf-41c5-b805-87233eab2c97/langkit_support_25.0.0_7c5f4981/langkit/support/langkit_support.gpr", "-cargs:Ada", "-gnatwn"] exited with code 4
stderr: raised ALIRE.CHECKED_ERROR : alire-stored-error:1
Load address: 0x100844000
Call stack traceback locations:
0x1015500cc 0x10155012c 0x1012a466c 0x100ee9568 0x10116e594 0x10116f4f4 0x1010ad33c 0x1010abb08 0x1010cf78c 0x10112f56c 0x10112e99c 0x1010cf868 0x1010cf950 0x1010ac00c 0x1010ac174 0x1008b5730 0x1008b5070 0x1008b51e4 0x100952b38 0x10095dc78 0x1008469f8 0x10084ba2c

stderr: ALIRE.ROOTS.BUILD._WRAPPED_STATEMENTS.BUILD_FAILED
stderr: alire-roots.adb:202
stderr: raised ALIRE.ROOTS.BUILD._WRAPPED_STATEMENTS.BUILD_FAILED : alire-roots.adb:202
Load address: 0x100844000
Call stack traceback locations:
0x1015500cc 0x10155012c 0x1010ad640 0x1010abb08 0x1010cf78c 0x10112f56c 0x10112e99c 0x1010cf868 0x1010cf950 0x1010ac00c 0x1010ac174 0x1008b5730 0x1008b5070 0x1008b51e4 0x100952b38 0x10095dc78 0x1008469f8 0x10084ba2c

ERROR: Compilation failed.
