Test ran at 2026-08-15 00:36:54.108836+00:00

SOLUTION:
gnat_x86_64_elf=15.3.1: The GNAT Ada compiler - x86_64 cross-compiler
Provides: gnat=15.3.1
Origin: (case OS is Linux => (case Host_Arch is Aarch64 => binary archive gnat-x86_64-elf-linux64-aarch64-15.3.0-1.tar.gz at https://github.com/alire-project/GNAT-FSF-builds/releases/download/gnat-15.3.0-1/gnat-x86_64-elf-linux64-aarch64-15.3.0-1.tar.gz, X86_64 => binary archive gnat-x86_64-elf-linux64-x86_64-15.3.0-1.tar.gz at https://github.com/alire-project/GNAT-FSF-builds/releases/download/gnat-15.3.0-1/gnat-x86_64-elf-linux64-x86_64-15.3.0-1.tar.gz), Macos => (case Host_Arch is Aarch64 => binary archive gnat-x86_64-elf-darwin-aarch64-15.3.0-1.tar.gz at https://github.com/alire-project/GNAT-FSF-builds/releases/download/gnat-15.3.0-1/gnat-x86_64-elf-darwin-aarch64-15.3.0-1.tar.gz, X86_64 => binary archive gnat-x86_64-elf-darwin-x86_64-15.3.0-1.tar.gz at https://github.com/alire-project/GNAT-FSF-builds/releases/download/gnat-15.3.0-1/gnat-x86_64-elf-darwin-x86_64-15.3.0-1.tar.gz), Windows => (case Host_Arch is X86_64 => binary archive gnat-x86_64-elf-windows64-x86_64-15.3.0-1.tar.gz at https://github.com/alire-project/GNAT-FSF-builds/releases/download/gnat-15.3.0-1/gnat-x86_64-elf-windows64-x86_64-15.3.0-1.tar.gz)) with hash sha256:3133ed74472491a5c4fee6f23251ce3e0f26c0cbb63b57da0f1917fffed1c8a9
Properties:
   Auto_Gpr_With: auto-gpr-with=false
   Configuration: no modifiers
   Description: The GNAT Ada compiler - x86_64 cross-compiler
   Environment: PATH=${CRATE_ROOT}/bin:${PATH}
   License: GPL-3.0-or-later AND GPL-3.0-or-later WITH GCC-exception-3.1
   Maintainer: chouteau@adacore.com
   Maintainer: sagaert@adacore.com
   Maintainers_Logins: Fabien-Chouteau
   Maintainers_Logins: AldanTanneo
   Name: gnat_x86_64_elf
   Version: 15.3.1
   Website: https://github.com/alire-project/GNAT-FSF-builds


LOG:
[alr test] Testing gnat_x86_64_elf=15.3.1
[alr test] Spawning retrieval for remote crate: alr -d -n get gnat_x86_64_elf=15.3.1
Note: Deploying gnat_x86_64_elf=15.3.1...
#=#=#                                                                          
##O#-#                                                                         

                                                                           0.4%
                                                                           0.7%
                                                                           1.2%
#                                                                          2.3%
##                                                                         4.1%
#####                                                                      8.2%
#######                                                                   10.6%
########                                                                  12.3%
###########                                                               15.7%
#############                                                             18.4%
##############                                                            20.6%
################                                                          22.9%
#################                                                         24.6%
###################                                                       27.3%
####################                                                      28.7%
#####################                                                     30.5%
######################                                                    31.7%
#######################                                                   32.8%
##########################                                                36.9%
############################                                              39.6%
#############################                                             41.1%
################################                                          45.3%
##################################                                        48.4%
###################################                                       49.2%
#####################################                                     51.4%
######################################                                    52.8%
######################################                                    54.2%
#########################################                                 57.5%
###########################################                               60.1%
############################################                              61.5%
##############################################                            64.1%
###############################################                           65.7%
##################################################                        69.7%
###################################################                       71.1%
####################################################                      72.5%
#####################################################                     73.9%
########################################################                  78.0%
#########################################################                 80.1%
###########################################################               82.1%
############################################################              84.5%
##############################################################            86.2%
###############################################################           87.8%
################################################################          88.9%
################################################################          90.3%
#################################################################         90.4%
#################################################################         90.7%
##################################################################        92.2%
###################################################################       94.4%
######################################################################    97.8%
#######################################################################   99.9%
######################################################################## 100.0%

gnat_x86_64_elf=15.3.1 successfully retrieved.
There are no dependencies.
[alr test] Test completed SUCCESSFULLY
