Test ran at 2026-08-25 00:29:58.619734+00:00

SOLUTION:
bigints=0.2.0: Experimental SPARK Constant Time Big Integer library
Origin: commit 414589c10e5dec87aebf9cfe8fda675a047d45b1 from https://github.com/AldanTanneo/bigints.git
Properties:
   Author: César SAGAERT
   Build Switches: 
   Description: Experimental SPARK Constant Time Big Integer library
   License: MIT
   Long_Description: # SPARK Constant Time Big Integer library

Implementation of a constant time big integer library, inspired by [crypto-bigint](https://github.com/RustCrypto/crypto-bigint).

All functions are implemented in constant time, except those with an explicit `_Vartime` suffix. Overloaded operators are also constant time.

> ⚠️ The constant time choice primitives like `Ct_Eq`, `Ct_Gt`, `Cond_Select` and `CSwap` rely on best-effort optimisation barriers.

## Usage

The implementations are generic over the size of the integer:

```ada
package U256 is new Bigints.Uint (256);
package U1024 is new Bigints.Uint (1024);
```

There is also a generic package to deal with modular integers (over a prime field):

```ada
P : U256.Uint := ... --  a big prime, like 2**255 - 19
package GF_P is new Bigints.Modular (U256, P);
```

It is up to the user of the library to ensure the chosen modulus is effectively prime. Otherwise, operations like field inversion become invalid (as it relies on Fermat's little theorem).

## Formal proof

The preinstantations in the library (packages `U256s` and `F25519`), as well as the constant time primitives and basic limb primitives, are formally checked using GNATprove.

   Maintainer: César SAGAERT <sagaert@adacore.com>
   Maintainers_Logins: AldanTanneo
   Name: bigints
   Tag: bigint
   Tag: cryptography
   Tag: constant-time
   Tag: spark
   Tag: ada2022
   Version: 0.2.0
   Website: https://github.com/AldanTanneo/bigints


LOG:
[alr test] Testing bigints=0.2.0
[alr test] Spawning retrieval for remote crate: alr -d -n get bigints=0.2.0
Note: Deploying bigints=0.2.0...

bigints=0.2.0 successfully retrieved.
There are no dependencies.
[alr test] Spawning default test for remote crate: alr -d -n build --release -- -cargs:Ada -gnatwn
Note: Building bigints=0.2.0/bigints.gpr...
Setup
   [mkdir]        object directory for project Bigints
   [mkdir]        library directory for project Bigints
Compile
   [Ada]          bigints_config.ads
   [Ada]          bigints-f25519.ads
   [Ada]          bigints.ads
   [Ada]          bigints-u256s.ads
gnat1: invalid switch: -gnat2022
gnat1: invalid switch: -gnat2022
gnat1: invalid switch: -gnat2022
gnat1: invalid switch: -gnat2022

   compilation of bigints-u256s.ads failed
   compilation of bigints.ads failed
   compilation of bigints-f25519.ads failed
   compilation of bigints_config.ads failed

gprbuild: *** compilation phase failed
stderr: Command ["gprbuild", "-s", "-j0", "-p", "-P", "/home/runner/work/alire-crates-ci/alire-crates-ci/test/70b95b6b-7839-444b-92ea-fdb7c62d6b11/bigints_0.2.0_414589c1/bigints.gpr", "-cargs:Ada", "-gnatwn"] exited with code 4
ERROR: Command ["gprbuild", "-s", "-j0", "-p", "-P", "/home/runner/work/alire-crates-ci/alire-crates-ci/test/70b95b6b-7839-444b-92ea-fdb7c62d6b11/bigints_0.2.0_414589c1/bigints.gpr", "-cargs:Ada", "-gnatwn"] exited with code 4
stderr: ALIRE.CHECKED_ERROR
stderr: Command ["gprbuild", "-s", "-j0", "-p", "-P", "/home/runner/work/alire-crates-ci/alire-crates-ci/test/70b95b6b-7839-444b-92ea-fdb7c62d6b11/bigints_0.2.0_414589c1/bigints.gpr", "-cargs:Ada", "-gnatwn"] exited with code 4
stderr: raised ALIRE.CHECKED_ERROR : alire-stored-error:1
[/home/runner/work/alire-crates-ci/alire-crates-ci/alire_install/bin/alr]
0xe75bc6 Alire.Raise_Checked_Error at alire.adb:284
0xac1a54 Alire.Os_Lib.Subprocess.Checked_Spawn at alire-os_lib-subprocess.adb:111
0xd40276 Alire.Spawn.Command at alire-spawn.adb:22
0xd412ee Alire.Spawn.Gprbuild at alire-spawn.adb:68
0xc748cb Alire.Roots.Build at alire-roots.adb:189
0xc7301a Alire.Roots.Build at alire-roots.adb:255
0xc9832b Alire.Roots.Traverse at alire-roots.adb:2143
0xcfee85 Alire.Solutions.Traverse.Visit at alire-solutions.adb:1472
0xcfdfcc Alire.Solutions.Traverse at alire-solutions.adb:1555
0xc9841e Alire.Roots.Traverse at alire-roots.adb:2147
0xc984dd Alire.Roots.Traverse at alire-roots.adb:2127
0xc7359b Alire.Roots.Build at alire-roots.adb:286
0xc736d7 Alire.Roots.Build at alire-roots.adb:114
0x49aa0d Alr.Commands.Build.Execute at alr-commands-build.adb:145
0x49a36d Alr.Commands.Build.Execute at alr-commands-build.adb:113
0x49a51f Alr.Commands.Build.Execute at alr-commands-build.adb:54
0x53bbcc Alr.Commands.Sub_Cmd.Execute at clic-subcommand-instance.adb:749
0x5472be Alr.Commands.Execute at alr-commands.adb:632
0x43d48a Alr.Main at alr-main.adb:13
0x4403a3 Main at b__alr-main.adb:2445
[/lib/x86_64-linux-gnu/libc.so.6]
0x7f41bdc2a1c8
0x7f41bdc2a289
[/home/runner/work/alire-crates-ci/alire-crates-ci/alire_install/bin/alr]
0x43d323 _start at ???
0xfffffffffffffffe

stderr: ALIRE.ROOTS.BUILD._WRAPPED_STATEMENTS.BUILD_FAILED
stderr: alire-roots.adb:202
stderr: raised ALIRE.ROOTS.BUILD._WRAPPED_STATEMENTS.BUILD_FAILED : alire-roots.adb:202
[/home/runner/work/alire-crates-ci/alire-crates-ci/alire_install/bin/alr]
0xc74cc7 Alire.Roots.Build at alire-roots.adb:202
0xc7301a Alire.Roots.Build at alire-roots.adb:255
0xc9832b Alire.Roots.Traverse at alire-roots.adb:2143
0xcfee85 Alire.Solutions.Traverse.Visit at alire-solutions.adb:1472
0xcfdfcc Alire.Solutions.Traverse at alire-solutions.adb:1555
0xc9841e Alire.Roots.Traverse at alire-roots.adb:2147
0xc984dd Alire.Roots.Traverse at alire-roots.adb:2127
0xc7359b Alire.Roots.Build at alire-roots.adb:286
0xc736d7 Alire.Roots.Build at alire-roots.adb:114
0x49aa0d Alr.Commands.Build.Execute at alr-commands-build.adb:145
0x49a36d Alr.Commands.Build.Execute at alr-commands-build.adb:113
0x49a51f Alr.Commands.Build.Execute at alr-commands-build.adb:54
0x53bbcc Alr.Commands.Sub_Cmd.Execute at clic-subcommand-instance.adb:749
0x5472be Alr.Commands.Execute at alr-commands.adb:632
0x43d48a Alr.Main at alr-main.adb:13
0x4403a3 Main at b__alr-main.adb:2445
[/lib/x86_64-linux-gnu/libc.so.6]
0x7f41bdc2a1c8
0x7f41bdc2a289
[/home/runner/work/alire-crates-ci/alire-crates-ci/alire_install/bin/alr]
0x43d323 _start at ???
0xfffffffffffffffe

ERROR: Compilation failed.
