Test ran at 2026-07-08 01:21:56.132678+00:00

SOLUTION:
gnat_avr_elf=15.3.1: The GNAT Ada compiler - AVR cross-compiler
Provides: gnat=15.3.1
Origin: (case OS is Linux => (case Host_Arch is Aarch64 => binary archive gnat-avr-elf-linux64-aarch64-15.3.0-1.tar.gz at https://github.com/alire-project/GNAT-FSF-builds/releases/download/gnat-15.3.0-1/gnat-avr-elf-linux64-aarch64-15.3.0-1.tar.gz, X86_64 => binary archive gnat-avr-elf-linux64-x86_64-15.3.0-1.tar.gz at https://github.com/alire-project/GNAT-FSF-builds/releases/download/gnat-15.3.0-1/gnat-avr-elf-linux64-x86_64-15.3.0-1.tar.gz), Macos => (case Host_Arch is Aarch64 => binary archive gnat-avr-elf-darwin-aarch64-15.3.0-1.tar.gz at https://github.com/alire-project/GNAT-FSF-builds/releases/download/gnat-15.3.0-1/gnat-avr-elf-darwin-aarch64-15.3.0-1.tar.gz, X86_64 => binary archive gnat-avr-elf-darwin-x86_64-15.3.0-1.tar.gz at https://github.com/alire-project/GNAT-FSF-builds/releases/download/gnat-15.3.0-1/gnat-avr-elf-darwin-x86_64-15.3.0-1.tar.gz), Windows => (case Host_Arch is X86_64 => binary archive gnat-avr-elf-windows64-x86_64-15.3.0-1.tar.gz at https://github.com/alire-project/GNAT-FSF-builds/releases/download/gnat-15.3.0-1/gnat-avr-elf-windows64-x86_64-15.3.0-1.tar.gz)) with hash sha256:29ecc31af89d9f164c50027357ca3f4c5f72d7dd82fb45faf105b36713e99e77
Properties:
   Auto_Gpr_With: auto-gpr-with=false
   Configuration: no modifiers
   Description: The GNAT Ada compiler - AVR cross-compiler
   Environment: PATH=${CRATE_ROOT}/bin:${PATH}
   License: GPL-3.0-or-later AND GPL-3.0-or-later WITH GCC-exception-3.1
   Maintainer: chouteau@adacore.com
   Maintainer: sagaert@adacore.com
   Maintainers_Logins: Fabien-Chouteau
   Maintainers_Logins: AldanTanneo
   Name: gnat_avr_elf
   Version: 15.3.1
   Website: https://github.com/alire-project/GNAT-FSF-builds


LOG:
[alr test] Testing gnat_avr_elf=15.3.1
[alr test] Spawning retrieval for remote crate: alr -d -n get gnat_avr_elf=15.3.1
Note: Deploying gnat_avr_elf=15.3.1...

#=#=#                                                                          
##                                                                         4.1%
#########                                                                 13.1%
##############                                                            19.5%
#################                                                         24.1%
########################                                                  34.7%
################################                                          45.0%
#######################################                                   54.6%
#########################################                                 57.5%
###########################################                               59.9%
#################################################                         69.2%
#####################################################                     73.8%
##############################################################            86.3%
####################################################################      94.9%
######################################################################## 100.0%

gnat_avr_elf=15.3.1 successfully retrieved.
There are no dependencies.
[alr test] Test completed SUCCESSFULLY
