Test ran at 2025-09-26 00:40:23.126304+00:00

SOLUTION:
openglada_glfw=0.9.0: GLFW binding for use with OpenGLAda
Origin: source archive openglada_glfw-0.9.0.tgz at https://github.com/flyx/OpenGLAda/releases/download/v0.9.0/openglada_glfw-0.9.0.tgz with hash sha512:fc25165caf510898d8c804b0ca4d8f763d49e0bd144ac70a2547f935ee90804b6ea5a1389eee08bb5528546f87eedb5b4e5884360a3a562a57338acea95f0e91
Properties:
   Author: Felix Krause
   Description: GLFW binding for use with OpenGLAda
   License: MIT
   Maintainer: Felix Krause <contact@flyx.org>
   Maintainers_Logins: flyx
   Name: openglada_glfw
   Project_File: opengl-glfw.gpr
   Tag: opengl
   Tag: glfw
   Tag: binding
   Tag: gui
   Version: 0.9.0
   Website: http://flyx.github.io/OpenGLAda/
Dependencies (direct):
   libglfw3^3
   openglada~0.9.0
Dependencies (solution):
   libglfw3=3.4.0
   openglada=0.9.0
Dependencies (graph):
   openglada_glfw=0.9.0 --> libglfw3=3.4.0 (^3)
   openglada_glfw=0.9.0 --> openglada=0.9.0 (~0.9.0)


LOG:
[alr test] Testing openglada_glfw=0.9.0
[alr test] Spawning retrieval for remote crate: alr -d -n get openglada_glfw=0.9.0
Note: Deploying openglada_glfw=0.9.0...
#=#=#                                                                          

######################################################################## 100.0%
Note: Migrating lockfile from /Users/runner/work/alire-crates-ci/alire-crates-ci/test/0315f17e-d1b2-4d48-8812-bb9cb670da3a/openglada_glfw_0.9.0_fc25165c/alire.lock to /Users/runner/work/alire-crates-ci/alire-crates-ci/test/0315f17e-d1b2-4d48-8812-bb9cb670da3a/openglada_glfw_0.9.0_fc25165c/alire/alire.lock
Note: Deploying libglfw3=3.4.0...
The system package 'glfw' is about to be installed.
This action might require admin privileges and impact your system installation.
Do you want Alire to install this system package?
Using default: Yes
[32m==>[0m [1mFetching downloads for: [32mglfw[39m[0m
[34m==>[0m [1mDownloading https://ghcr.io/v2/homebrew/core/glfw/manifests/3.4-2[0m
[32m==>[0m [1mFetching [32mglfw[39m[0m
[34m==>[0m [1mDownloading https://ghcr.io/v2/homebrew/core/glfw/blobs/sha256:c81ce0e7ad94a9b1fc06e9e6bb1cb1c03338f093cc2b2d51bf5ee05f704d1dd5[0m
[34m==>[0m [1mPouring glfw--3.4.arm64_sequoia.bottle.2.tar.gz[0m
🍺  /opt/homebrew/Cellar/glfw/3.4: 16 files, 860.9KB
[34m==>[0m [1mNo outdated dependents to upgrade![0m
Note: Deploying openglada=0.9.0...
#=#=#                                                                          

######################################################################## 100.0%

openglada_glfw=0.9.0 successfully retrieved.
Dependencies were solved as follows:

   +b libglfw3  3.4.0 (new,system package)
   +  openglada 0.9.0 (new)
[alr test] Spawning default test for remote crate: alr -d -n build --release -- -cargs:Ada -gnatwn
Note: Building openglada_glfw=0.9.0/opengl-glfw.gpr...
Setup
   [mkdir]        object directory for project OpenGL
   [mkdir]        library directory for project OpenGL
   [mkdir]        object directory for project OpenGL.Glfw
   [mkdir]        library directory for project OpenGL.Glfw
Compile
   [ada]          gl-api-mac_os_x.adb
   [ada]          gl-api-subprogram_reference.adb
   [ada]          gl-cgl.ads
   [ada]          gl-api-doubles.ads
   [ada]          gl-api.ads
   [ada]          gl-load_function_pointers.adb
   [ada]          gl-api-ints.ads
   [ada]          gl-api-uints.ads
   [ada]          gl-api-singles.ads
   [ada]          gl-api-shorts.ads
   [ada]          gl-objects-queries.adb
   [ada]          gl-raster.adb
   [ada]          gl-helpers.adb
   [ada]          gl-fixed-lighting.adb
   [ada]          gl-uniforms.adb
   [ada]          gl-rasterization.adb
   [ada]          gl-objects-textures.adb
   [ada]          gl-objects-textures-targets.adb
   [ada]          gl-toggles.adb
   [ada]          gl-vectors.adb
   [ada]          gl-pixels.adb
   [ada]          gl-objects-framebuffers.adb
   [ada]          gl-objects-textures-with_2d_loader.adb
   [ada]          gl-enums.ads
   [ada]          gl-objects-textures-with_1d_loader.adb
   [ada]          gl-context.adb
   [ada]          gl-objects-buffers.adb
   [ada]          gl-objects.adb
   [ada]          gl-fixed-textures.adb
   [ada]          gl-framebuffer.adb
   [ada]          gl-errors.adb
   [ada]          gl-blending.adb
   [ada]          gl-fixed.adb
   [ada]          gl-enums-textures.ads
   [ada]          gl-objects-textures-with_3d_loader.adb
   [ada]          gl-fixed-matrix.adb
   [ada]          gl.adb
   [ada]          gl-enums-getter.adb
   [ada]          gl-low_level.ads
   [ada]          gl-objects-lists.adb
   [ada]          gl-objects-renderbuffers.adb
   [ada]          gl-objects-programs.adb
   [ada]          gl-algebra.adb
   [ada]          gl-tessellation.adb
   [ada]          gl-low_level-enums.ads
   [ada]          gl-files.adb
   [ada]          gl-objects-shaders.adb
   [ada]          gl-enums-queries.ads
   [ada]          gl-immediate.adb
   [ada]          gl-matrices.adb
   [ada]          gl-buffers.adb
   [ada]          gl-enums-indexes.adb
   [ada]          gl-culling.adb
   [ada]          gl-window.adb
   [ada]          gl-debug.adb
   [ada]          gl-objects-vertex_arrays.adb
   [ada]          gl-attributes.adb
   [ada]          gl-types-colors.ads
   [ada]          gl-objects-shaders-lists.ads
   [ada]          gl-types.ads
   [ada]          glfw-input.adb
   [ada]          glfw-enums.ads
   [ada]          glfw-input-joysticks.adb
   [ada]          glfw-windows-clipboard.adb
   [ada]          glfw-windows-hints.adb
   [ada]          glfw.adb
   [ada]          glfw-api.ads
   [ada]          glfw-input-mouse.ads
   [ada]          glfw-input-keys.ads
   [ada]          glfw-windows.adb
   [ada]          glfw-windows-context.adb
   [ada]          glfw-errors.adb
   [ada]          glfw-monitors.adb
Build Libraries
   [gprlib]       OpenGLAda.lexch
   [gprlib]       GlfwAda.lexch
   [archive]      libOpenGLAda.a
   [index]        libOpenGLAda.a
   [archive]      libGlfwAda.a
   [index]        libGlfwAda.a
Success: Build finished successfully in 8.85 seconds.
Found declared GPR file: opengl-glfw.gpr
[alr test] Test completed SUCCESSFULLY
