Test ran at 2025-11-24 01:15:59.836466+00:00

SOLUTION:
specfun=1.0.0: Native Ada library of special functions (e.g., beta, gamma)
Origin: commit b702d270ca6e1ffb272aa2faa3fc8626ee4739a0 from https://gitlab.com/my-ada-library/specfun.git
Properties:
   Author: Riccardo Bernardini
   Description: Native Ada library of special functions (e.g., beta, gamma)
   License: MIT
   Long_Description: This is a small native Ada library that provides few special functions like Beta, Gamma and Beta Incomplete. I wrote this because I needed those functions, therefore at the moment only the functions that I needed are present. This is a pure native Ada library and there is no dependence on external FORTRAN libraries.
   Maintainer: Riccardo Bernardini <riccardo.bernardini@uniud.it>
   Maintainers_Logins: fintatarta
   Name: specfun
   Tag: special-fun
   Tag: numerics
   Tag: beta-function
   Tag: gamma-function
   Tag: beta-incomplete
   Version: 1.0.0
   Website: https://gitlab.com/my-ada-library/specfun


LOG:
[alr test] Testing specfun=1.0.0
[alr test] Spawning retrieval for remote crate: alr -d -n get specfun=1.0.0
Note: Deploying specfun=1.0.0...

specfun=1.0.0 successfully retrieved.
There are no dependencies.
[alr test] Spawning default test for remote crate: alr -d -n build --release -- -cargs:Ada -gnatwn
Note: Alire has selected automatically this toolchain:
   gprbuild=25.0.1
   gnat_native=15.2.1
You can select a different toolchain at any time with `alr toolchain --select`
Download will start now:
Note: Deploying gprbuild=25.0.1...
#=#=#                                                                         

#############                                                             18.9%
#######################################                                   54.8%
##########################################################                81.8%
######################################################################## 100.0%
Note: gprbuild=25.0.1 installed successfully.
Note: Deploying gnat_native=15.2.1...
#=#=#                                                                         

#                                                                          2.2%
####                                                                       5.8%
######                                                                     9.5%
#########                                                                 13.6%
##############                                                            19.5%
###############                                                           21.7%
####################                                                      27.9%
#####################                                                     30.5%
########################                                                  34.4%
###########################                                               37.8%
#############################                                             40.6%
#############################                                             41.6%
##############################                                            42.9%
##################################                                        47.3%
#####################################                                     51.6%
########################################                                  56.0%
##############################################                            64.1%
##################################################                        70.0%
######################################################                    76.1%
##########################################################                81.8%
###############################################################           88.0%
################################################################          90.0%
#################################################################         90.9%
##################################################################        92.2%
##################################################################        92.6%
###################################################################       93.3%
####################################################################      95.0%
######################################################################    98.1%
######################################################################## 100.0%
Note: gnat_native=15.2.1 installed successfully.
Note: Building specfun=1.0.0/specfun.gpr...
Setup
   [mkdir]        object directory for project Specfun
   [mkdir]        library directory for project Specfun
Compile
   [Ada]          specfun.ads
   [Ada]          specfun-generic_special_functions.adb
Build Libraries
   [gprlib]       Specfun.lexch
   [archive]      libSpecfun.a
   [index]        libSpecfun.a
Success: Build finished successfully in 0.30 seconds.
Found declared GPR file: specfun.gpr
[alr test] Test completed SUCCESSFULLY
