Test ran at 2026-08-29 13:00:24.858593+00:00

SOLUTION:
hmac=2.0.0: HMAC implemented in Ada
Origin: commit d8046c212cc27744710cfa075462ac4ff766f1c6 from https://github.com/AntonMeep/hmac.git
Properties:
   Author: Anton Fediushin
   Description: HMAC implemented in Ada
   License: ISC
   Maintainer: Anton Fediushin <imantonmeep@gmail.com>
   Maintainers_Logins: AntonMeep
   Name: hmac
   Tag: cryptography
   Tag: security
   Tag: hmac
   Version: 2.0.0
   Website: https://github.com/AntonMeep/hmac
Dependencies (direct):
   sha1^2.0.0
   sha2^2.0.0
Dependencies (solution):
   sha1=2.0.0
   sha2=2.0.0
Dependencies (graph):
   hmac=2.0.0 --> sha1=2.0.0 (^2.0.0)
   hmac=2.0.0 --> sha2=2.0.0 (^2.0.0)


LOG:
[alr test] Testing hmac=2.0.0
[alr test] Spawning retrieval for remote crate: alr -d -n get hmac=2.0.0
Note: Deploying hmac=2.0.0...
Note: Deploying sha1=2.0.0...
Note: Deploying sha2=2.0.0...

hmac=2.0.0 successfully retrieved.
Dependencies were solved as follows:

   + sha1 2.0.0 (new)
   + sha2 2.0.0 (new)
[alr test] Spawning default test for remote crate: alr -d -n build --release -- -cargs:Ada -gnatwn
Note: Building hmac=2.0.0/hmac.gpr...
"C:\Users\runneradmin\AppData\Local\alire\cache\builds\sha1_2.0.0_0ab37e5c\e6323925c3898f5d781d72c3d6cb2a517929af70535fc40ff9ddb9933b85c10a\obj" created
"C:\Users\runneradmin\AppData\Local\alire\cache\builds\sha1_2.0.0_0ab37e5c\e6323925c3898f5d781d72c3d6cb2a517929af70535fc40ff9ddb9933b85c10a\lib" created
"C:\Users\runneradmin\AppData\Local\alire\cache\builds\sha2_2.0.0_73c2cd73\9691409939db81ab4a6fc885b52130d767f16c030a3648c92692e7bb9316fb47\obj" created
"C:\Users\runneradmin\AppData\Local\alire\cache\builds\sha2_2.0.0_73c2cd73\9691409939db81ab4a6fc885b52130d767f16c030a3648c92692e7bb9316fb47\lib" created
"obj" created
"lib" created
[Ada Compile]     sha1.ads
[Ada Compile]     sha1_generic.adb
[Ada Compile]     sha2.ads
[Ada Compile]     sha2_generic.ads
[Ada Compile]     sha2_generic_32.adb
[Ada Compile]     sha2_generic_64.adb
[Ada Compile]     hmac.ads
[Archive]         libsha1.a
[Ada Compile]     hmac_generic.adb
[Archive]         libhmac.a
[Archive]         libsha2.a
Success: Build finished successfully in 3.35 seconds.
Found declared GPR file: hmac.gpr
[alr test] Test completed SUCCESSFULLY
