Test ran at 2025-04-28 13:31:43.848771+00:00

SOLUTION:
startup_gen=25.0.0: Generates startup files (crt0 and linker script)
Origin: source archive startup-gen-25.0.0.zip at https://github.com/adacore/startup-gen/archive/v25.0.0/startup-gen-25.0.0.zip with hash sha512:11d96112d532d4952706fa3ca2f54360146e35d1de909db64d90bdeef438b9e4069fee55b65fb573de3607b50c9176d0cb2922e5752b473341aabefd93080edd
Properties:
   Author: AdaCore
   Configuration: no modifiers
   Description: Generates startup files (crt0 and linker script)
   Executable: startup-gen
   License: GPL-3.0-or-later
   Maintainer: chouteau@adacore.com
   Maintainers_Logins: Fabien-Chouteau
   Name: startup_gen
   Project_File: startup_gen.gpr
   Tag: embedded
   Tag: zfp
   Tag: nostd
   Version: 25.0.0
   Website: https://github.com/AdaCore/startup-gen
Dependencies (direct):
   gnatcoll~25.0.0
   libgpr~25.0.0
   templates_parser~25.0.0
Dependencies (solution):
   gnat=14.2.1 (gnat_native)
   gnatcoll=25.0.0
   libgpr=25.0.0
   templates_parser=25.0.0
   xmlada=25.0.0
Dependencies (graph):
   gnatcoll=25.0.0         --> gnat=14.2.1 (gnat_native) (>=13)
   gnatcoll=25.0.0         --> libgpr=25.0.0 (~25.0.0)
   libgpr=25.0.0           --> gnat=14.2.1 (gnat_native) (/=2020)
   libgpr=25.0.0           --> xmlada=25.0.0 (~25.0.0)
   startup_gen=25.0.0      --> gnatcoll=25.0.0 (~25.0.0)
   startup_gen=25.0.0      --> libgpr=25.0.0 (~25.0.0)
   startup_gen=25.0.0      --> templates_parser=25.0.0 (~25.0.0)
   templates_parser=25.0.0 --> xmlada=25.0.0 (~25.0.0)
   xmlada=25.0.0           --> gnat=14.2.1 (gnat_native) (>=11)


LOG:
Spawning: alr -d -n get --build startup_gen=25.0.0
Note: Deploying startup_gen=25.0.0...

#=#=#                                                                          
##O#-#                                                                         
##O=#  #                                                                       
#=#=-#  #                                                                      
 #=#=-#   #                                                                    
Note: Deploying templates_parser=25.0.0...

#=#=#                                                                          
##O#-#                                                                         
##O=#  #                                                                       
#=#=-#  #                                                                      
 #=#=-#   #                                                                    
  #=#=- #   #                                                                  
Note: Running post-fetch actions for templates_parser=25.0.0...
Note: Building startup_gen=25.0.0/startup_gen.gpr...
Setup
   [mkdir]        object directory for project Templates_Parser
   [mkdir]        library directory for project Templates_Parser
   [mkdir]        object directory for project Startup_Gen
Compile
   [Ada]          main.adb
   [Ada]          gnatcoll-scripts-projects.adb
   [Ada]          gnatcoll-projects-aux.adb
   [Ada]          gnatcoll-projects.adb
   [Ada]          gnatcoll-projects-krunch.adb
   [Ada]          gnatcoll-scripts-files.adb
   [Ada]          gnatcoll-projects-normalize.adb
   [Ada]          gnatcoll-storage_pools-alignment.adb
   [Ada]          gnatcoll-promises.adb
   [Ada]          gnatcoll-refcount.adb
gnatcoll-refcount.ads:90:04: warning: in instantiation at gnatcoll-storage_pools-headers.adb:57 [enabled by default]
gnatcoll-refcount.ads:90:04: warning: possible aliasing problem for type "Header_Access" [enabled by default]
gnatcoll-refcount.ads:90:04: warning: use -fno-strict-aliasing switch for references [enabled by default]
gnatcoll-refcount.ads:90:04: warning: or use "pragma No_Strict_Aliasing (Header_Access);" [enabled by default]
   [Ada]          gnatcoll-damerau_levenshtein_distance.ads
   [Ada]          gnatcoll-coders.adb
   [Ada]          gnatcoll-boyer_moore.adb
   [Ada]          gnatcoll-tribooleans.adb
   [Ada]          gnatcoll-storage_pools-headers.adb
   [Ada]          gnatcoll-locks.adb
   [Ada]          gnatcoll-asserts.adb
   [Ada]          gnatcoll.ads
   [Ada]          gnatcoll-atomic.adb
   [Ada]          gnatcoll-storage_pools.ads
   [Ada]          gnatcoll-any_types.adb
   [Ada]          gnatcoll-coders-streams.adb
   [Ada]          gnatcoll-refcount-weakref.adb
   [Ada]          gnatcoll-damerau_levenshtein_generic.adb
   [Ada]          gnatcoll-memory.adb
   [Ada]          gnatcoll-coders-base64.adb
   [Ada]          gnatcoll-os-libc-utime.ads
   [Ada]          gnatcoll-os-libc-dirent.ads
   [Ada]          gnatcoll-os-libc.ads
   [Ada]          gnatcoll-os-libc-spawn.ads
   [Ada]          gnatcoll-os-libc-stat.ads
   [Ada]          gnatcoll-hash-blake3.adb
   [Ada]          gnatcoll-hash.ads
   [Ada]          gnatcoll-paragraph_filling-badnesses.adb
   [Ada]          gnatcoll-paragraph_filling-words.adb
   [Ada]          gnatcoll-paragraph_filling.adb
   [Ada]          gnatcoll-os-dir.adb
   [Ada]          gnatcoll-os-fsutil.adb
   [Ada]          gnatcoll-os-process.adb
   [Ada]          gnatcoll-os.ads
   [Ada]          gnatcoll-os-fs.adb
   [Ada]          gnatcoll-os-stat.adb
   [Ada]          gnatcoll-json.adb
   [Ada]          gnatcoll-file_indexes.adb
   [Ada]          gnatcoll-config.adb
   [Ada]          gnatcoll-file_paths.adb
   [Ada]          gnatcoll-remote-db.adb
   [Ada]          gnatcoll-buffer.adb
   [Ada]          gnatcoll-opt_parse.adb
   [Ada]          gnatcoll-scripts-utils.adb
   [Ada]          gnatcoll-mmap.adb
   [Ada]          gnatcoll-email.adb
   [Ada]          gnatcoll-io-remote-unix.adb
   [Ada]          gnatcoll-io-native.adb
   [Ada]          gnatcoll-format_columns_vertical.ads
   [Ada]          gnatcoll-traces.adb
   [Ada]          gnatcoll-remote.ads
   [Ada]          gnatcoll-vfs_types.ads
   [Ada]          gnatcoll-io-remote-windows.adb
   [Ada]          gnatcoll-path.adb
   [Ada]          gnatcoll-symbols.adb
   [Ada]          gnatcoll-formatters.adb
   [Ada]          gnatcoll-vfs.adb
   [Ada]          gnatcoll-email-parser.adb
   [Ada]          gnatcoll-strings_impl.adb
   [Ada]          gnatcoll-json-utility.adb
   [Ada]          gnatcoll-vfs_utils.adb
   [Ada]          gnatcoll-string_list_builders.adb
   [Ada]          gnatcoll-directed_graph.adb
   [Ada]          gnatcoll-terminal.adb
   [Ada]          gnatcoll-io.adb
   [Ada]          gnatcoll-templates.adb
   [Ada]          gnatcoll-strings.ads
   [Ada]          gnatcoll-utils.adb
   [Ada]          gnatcoll-scripts-impl.adb
   [Ada]          gnatcoll-io-remote.adb
   [Ada]          gnatcoll-pools.adb
   [Ada]          gnatcoll-wstring_list_builders.adb
   [Ada]          gnatcoll-wstring_builders.adb
   [Ada]          gnatcoll-arg_lists.adb
   [Ada]          gnatcoll-email-utils.adb
   [Ada]          gnatcoll-scripts.adb
   [Ada]          gnatcoll-email-mailboxes.adb
   [Ada]          gnatcoll-string_builders.adb
   [Ada]          gnatcoll-random.adb
   [Ada]          gnatcoll-hash-xxhash__generic.adb
   [Ada]          gnatcoll-mmap-system__unix.adb
   [Ada]          gnatcoll-plugins__unix.adb
   [Ada]          gnatcoll-os-process_types__unix.adb
   [Ada]          gnatcoll-os-random__unix.adb
   [Ada]          gnatcoll-os-constants__unix.ads
   [Ada]          gnatcoll-os-dir_types__unix.ads
   [Ada]          gnatcoll-os-libc_constants__linux.ads
   [Ada]          templates_parser-xml.adb
   [Ada]          templates_parser.adb
   [Ada]          templates_parser-debug.adb
   [Ada]          templates_parser-query.adb
   [Ada]          templates_parser-utils.adb
   [Ada]          templates_parser-input__standalone.adb
   [Ada]          templates_parser_tasking__standard_tasking.adb
   [Ada]          templates_parser-configuration__standalone.ads
   [Ada]          device.adb
   [Ada]          setup.adb
   [Ada]          utils.adb
   [Ada]          number_input.adb
Build Libraries
   [gprlib]       templates_parser.lexch
   [gprlib]       gnatcoll_minimal.lexch
   [gprlib]       gnatcoll_core.lexch
   [archive]      libtemplates_parser.a
   [archive]      libgnatcoll_minimal.a
   [index]        libgnatcoll_minimal.a
   [index]        libtemplates_parser.a
   [gprlib]       gnatcoll_projects.lexch
   [archive]      libgnatcoll_core.a
   [index]        libgnatcoll_core.a
   [archive]      libgnatcoll_projects.a
   [index]        libgnatcoll_projects.a
Bind
   [gprbind]      main.bexch
   [Ada]          main.ali
Link
   [link]         main.adb

startup_gen=25.0.0 successfully retrieved and built.
Dependencies were solved as follows:

   +b gnat             14.2.1 (new,gnat_native,indirect,binary)
   +  gnatcoll         25.0.0 (new)
   +  libgpr           25.0.0 (new)
   +  templates_parser 25.0.0 (new)
   +  xmlada           25.0.0 (new,indirect)
Found declared GPR file: startup_gen.gpr
