Test ran at 2025-10-19 01:16:30.263629+00:00

SOLUTION:
sdlada=2.5.20: Ada 2012 SDL 2.x bindings.
Origin: commit cd53c280e95697ad7f1b2151f1bad68742a0e7b8 from https://github.com/Lucretia/sdlada.git
Properties:
   Pre_Build run: make -C ./build/gnat tools (from ${CRATE_ROOT}/.)
   Author: Luke A. Guest
   Description: Ada 2012 SDL 2.x bindings.
   case Distribution is
      when Msys2 => Environment: C_INCLUDE_PATH=${C_INCLUDE_PATH}:${DISTRIB_ROOT}/mingw64/include/SDL2
   GPR Scenario: SDL_MODE := debug | release
   GPR Scenario: SDL_PLATFORM := linux | bsd | windows | macosx | macos_homebrew | macos_ports | ios | android
   case OS is
      when Linux => GPR External: SDL_PLATFORM := linux
      when Macos => GPR External: SDL_PLATFORM := macosx
      when Windows => GPR External: SDL_PLATFORM := windows
   License: Zlib
   Maintainer: Luke A. Guest <laguest@archeia.com>
   Maintainers_Logins: Lucretia
   Name: sdlada
   Project_File: build/gnat/sdlada.gpr
   Tag: gamedev
   Tag: games
   Tag: portable
   Tag: cross-platform
   Version: 2.5.20
   Website: https://github.com/Lucretia/sdlada
Dependencies (direct):
   libsdl2^2.0.0
   libsdl2_image^2.0.0
   libsdl2_mixer^2.0.0
   libsdl2_ttf^2.0.0
   make*
Dependencies (solution):
   libsdl2=2.26.0
   libsdl2_image=2.8.2
   libsdl2_mixer=2.8.1
   libsdl2_ttf=2.20.2
   make=4.3.0
Dependencies (graph):
   sdlada=2.5.20 --> libsdl2=2.26.0 (^2.0.0)
   sdlada=2.5.20 --> libsdl2_image=2.8.2 (^2.0.0)
   sdlada=2.5.20 --> libsdl2_mixer=2.8.1 (^2.0.0)
   sdlada=2.5.20 --> libsdl2_ttf=2.20.2 (^2.0.0)
   sdlada=2.5.20 --> make=4.3.0 (*)


LOG:
[alr test] Testing sdlada=2.5.20
[alr test] Spawning retrieval for remote crate: alr -d -n get sdlada=2.5.20
Note: Deploying sdlada=2.5.20...
Note: Deploying libsdl2=2.26.0...
The system package 'SDL2-devel' is about to be installed.
This action might require admin privileges and impact your system installation.
Do you want Alire to install this system package?
Using default: Yes
Last metadata expiration check: 0:06:54 ago on Sun Oct 19 01:08:51 2025.
Dependencies resolved.
================================================================================
 Package                   Arch        Version             Repository      Size
================================================================================
Installing:
 SDL2-devel                x86_64      2.26.0-1.el9        appstream      402 k
Installing dependencies:
 SDL2                      x86_64      2.26.0-1.el9        appstream      682 k
 cairo                     x86_64      1.17.4-7.el9        appstream      660 k
 cmake-filesystem          x86_64      3.26.5-2.el9        appstream       19 k
 fribidi                   x86_64      1.0.10-6.el9.2      appstream       85 k
 hwdata                    noarch      0.348-9.20.el9      baseos         1.7 M
 libX11-devel              x86_64      1.7.0-11.el9        appstream      1.1 M
 libXau-devel              x86_64      1.0.9-8.el9         appstream       14 k
 libXext                   x86_64      1.3.4-8.el9         appstream       40 k
 libXft                    x86_64      2.3.3-8.el9         appstream       62 k
 libXrender                x86_64      0.9.10-16.el9       appstream       28 k
 libXxf86vm                x86_64      1.1.4-18.el9        appstream       19 k
 libdatrie                 x86_64      0.2.13-4.el9        appstream       33 k
 libdecor                  x86_64      0.1.1-1.el9         appstream       43 k
 libdrm                    x86_64      2.4.123-2.el9       appstream      161 k
 libglvnd                  x86_64      1:1.3.4-1.el9       appstream      135 k
 libglvnd-core-devel       x86_64      1:1.3.4-1.el9       appstream       18 k
 libglvnd-devel            x86_64      1:1.3.4-1.el9       appstream      161 k
 libglvnd-egl              x86_64      1:1.3.4-1.el9       appstream       37 k
 libglvnd-gles             x86_64      1:1.3.4-1.el9       appstream       33 k
 libglvnd-glx              x86_64      1:1.3.4-1.el9       appstream      142 k
 libglvnd-opengl           x86_64      1:1.3.4-1.el9       appstream       43 k
 libpciaccess              x86_64      0.16-7.el9          baseos          27 k
 libthai                   x86_64      0.1.28-8.el9        appstream      208 k
 libwayland-client         x86_64      1.21.0-1.el9        appstream       33 k
 libwayland-cursor         x86_64      1.21.0-1.el9        appstream       19 k
 libwayland-server         x86_64      1.21.0-1.el9        appstream       42 k
 libxcb-devel              x86_64      1.13.1-9.el9        appstream      1.5 M
 libxshmfence              x86_64      1.3-10.el9          appstream       13 k
 mesa-dri-drivers          x86_64      25.0.7-2.el9        appstream      9.7 M
 mesa-filesystem           x86_64      25.0.7-2.el9        appstream       11 k
 mesa-libEGL               x86_64      25.0.7-2.el9        appstream      136 k
 mesa-libEGL-devel         x86_64      25.0.7-2.el9        appstream       14 k
 mesa-libGL                x86_64      25.0.7-2.el9        appstream      154 k
 mesa-libgbm               x86_64      25.0.7-2.el9        appstream       16 k
 pango                     x86_64      1.48.7-3.el9        appstream      302 k
 pixman                    x86_64      0.40.0-6.el9        appstream      269 k
 spirv-tools-libs          x86_64      2025.2-1.el9        appstream      1.5 M
 xorg-x11-proto-devel      noarch      2024.1-1.el9        appstream      310 k

Transaction Summary
================================================================================
Install  39 Packages

Total download size: 20 M
Installed size: 74 M
Downloading Packages:
(1/39): libpciaccess-0.16-7.el9.x86_64.rpm      194 kB/s |  27 kB     00:00    
(2/39): SDL2-2.26.0-1.el9.x86_64.rpm            1.2 MB/s | 682 kB     00:00    
(3/39): hwdata-0.348-9.20.el9.noarch.rpm        2.9 MB/s | 1.7 MB     00:00    
(4/39): SDL2-devel-2.26.0-1.el9.x86_64.rpm      870 kB/s | 402 kB     00:00    
(5/39): cmake-filesystem-3.26.5-2.el9.x86_64.rp  66 kB/s |  19 kB     00:00    
(6/39): fribidi-1.0.10-6.el9.2.x86_64.rpm       232 kB/s |  85 kB     00:00    
(7/39): cairo-1.17.4-7.el9.x86_64.rpm           1.3 MB/s | 660 kB     00:00    
(8/39): libXau-devel-1.0.9-8.el9.x86_64.rpm      51 kB/s |  14 kB     00:00    
(9/39): libXext-1.3.4-8.el9.x86_64.rpm          124 kB/s |  40 kB     00:00    
(10/39): libX11-devel-1.7.0-11.el9.x86_64.rpm   2.1 MB/s | 1.1 MB     00:00    
(11/39): libXft-2.3.3-8.el9.x86_64.rpm          181 kB/s |  62 kB     00:00    
(12/39): libXxf86vm-1.1.4-18.el9.x86_64.rpm      69 kB/s |  19 kB     00:00    
(13/39): libXrender-0.9.10-16.el9.x86_64.rpm     91 kB/s |  28 kB     00:00    
(14/39): libdatrie-0.2.13-4.el9.x86_64.rpm      102 kB/s |  33 kB     00:00    
(15/39): libdecor-0.1.1-1.el9.x86_64.rpm        132 kB/s |  43 kB     00:00    
(16/39): libdrm-2.4.123-2.el9.x86_64.rpm        405 kB/s | 161 kB     00:00    
(17/39): libglvnd-core-devel-1.3.4-1.el9.x86_64  65 kB/s |  18 kB     00:00    
(18/39): libglvnd-1.3.4-1.el9.x86_64.rpm        336 kB/s | 135 kB     00:00    
(19/39): libglvnd-devel-1.3.4-1.el9.x86_64.rpm  399 kB/s | 161 kB     00:00    
(20/39): libglvnd-egl-1.3.4-1.el9.x86_64.rpm    111 kB/s |  37 kB     00:00    
(21/39): libglvnd-gles-1.3.4-1.el9.x86_64.rpm   105 kB/s |  33 kB     00:00    
(22/39): libglvnd-glx-1.3.4-1.el9.x86_64.rpm    355 kB/s | 142 kB     00:00    
(23/39): libglvnd-opengl-1.3.4-1.el9.x86_64.rpm 132 kB/s |  43 kB     00:00    
(24/39): libthai-0.1.28-8.el9.x86_64.rpm        505 kB/s | 208 kB     00:00    
(25/39): libwayland-client-1.21.0-1.el9.x86_64. 103 kB/s |  33 kB     00:00    
(26/39): libwayland-cursor-1.21.0-1.el9.x86_64.  70 kB/s |  19 kB     00:00    
(27/39): libwayland-server-1.21.0-1.el9.x86_64. 126 kB/s |  42 kB     00:00    
(28/39): libxshmfence-1.3-10.el9.x86_64.rpm      46 kB/s |  13 kB     00:00    
(29/39): mesa-filesystem-25.0.7-2.el9.x86_64.rp  41 kB/s |  11 kB     00:00    
(30/39): libxcb-devel-1.13.1-9.el9.x86_64.rpm   2.8 MB/s | 1.5 MB     00:00    
(31/39): mesa-libEGL-devel-25.0.7-2.el9.x86_64.  51 kB/s |  14 kB     00:00    
(32/39): mesa-dri-drivers-25.0.7-2.el9.x86_64.r  13 MB/s | 9.7 MB     00:00    
(33/39): mesa-libEGL-25.0.7-2.el9.x86_64.rpm    341 kB/s | 136 kB     00:00    
(34/39): mesa-libgbm-25.0.7-2.el9.x86_64.rpm     59 kB/s |  16 kB     00:00    
(35/39): mesa-libGL-25.0.7-2.el9.x86_64.rpm     381 kB/s | 154 kB     00:00    
(36/39): pango-1.48.7-3.el9.x86_64.rpm          683 kB/s | 302 kB     00:00    
(37/39): pixman-0.40.0-6.el9.x86_64.rpm         611 kB/s | 269 kB     00:00    
(38/39): spirv-tools-libs-2025.2-1.el9.x86_64.r 2.8 MB/s | 1.5 MB     00:00    
(39/39): xorg-x11-proto-devel-2024.1-1.el9.noar 700 kB/s | 310 kB     00:00    
--------------------------------------------------------------------------------
Total                                           3.1 MB/s |  20 MB     00:06     
Running transaction check
Transaction check succeeded.
Running transaction test
Transaction test succeeded.
Running transaction
  Preparing        :                                                        1/1 
  Installing       : libglvnd-1:1.3.4-1.el9.x86_64                         1/39 
  Installing       : libXext-1.3.4-8.el9.x86_64                            2/39 
  Installing       : libwayland-client-1.21.0-1.el9.x86_64                 3/39 
  Installing       : libXrender-0.9.10-16.el9.x86_64                       4/39 
  Installing       : xorg-x11-proto-devel-2024.1-1.el9.noarch              5/39 
  Installing       : libwayland-server-1.21.0-1.el9.x86_64                 6/39 
  Installing       : libXau-devel-1.0.9-8.el9.x86_64                       7/39 
  Installing       : libxcb-devel-1.13.1-9.el9.x86_64                      8/39 
  Installing       : libX11-devel-1.7.0-11.el9.x86_64                      9/39 
  Installing       : libXft-2.3.3-8.el9.x86_64                            10/39 
  Installing       : libwayland-cursor-1.21.0-1.el9.x86_64                11/39 
  Installing       : libXxf86vm-1.1.4-18.el9.x86_64                       12/39 
  Installing       : libglvnd-opengl-1:1.3.4-1.el9.x86_64                 13/39 
  Installing       : spirv-tools-libs-2025.2-1.el9.x86_64                 14/39 
  Installing       : pixman-0.40.0-6.el9.x86_64                           15/39 
  Installing       : cairo-1.17.4-7.el9.x86_64                            16/39 
  Installing       : mesa-filesystem-25.0.7-2.el9.x86_64                  17/39 
  Installing       : libxshmfence-1.3-10.el9.x86_64                       18/39 
  Installing       : libglvnd-core-devel-1:1.3.4-1.el9.x86_64             19/39 
  Installing       : libdatrie-0.2.13-4.el9.x86_64                        20/39 
  Installing       : libthai-0.1.28-8.el9.x86_64                          21/39 
  Installing       : fribidi-1.0.10-6.el9.2.x86_64                        22/39 
  Installing       : pango-1.48.7-3.el9.x86_64                            23/39 
  Installing       : libdecor-0.1.1-1.el9.x86_64                          24/39 
  Installing       : SDL2-2.26.0-1.el9.x86_64                             25/39 
  Installing       : cmake-filesystem-3.26.5-2.el9.x86_64                 26/39 
  Installing       : hwdata-0.348-9.20.el9.noarch                         27/39 
  Installing       : libpciaccess-0.16-7.el9.x86_64                       28/39 
  Installing       : libdrm-2.4.123-2.el9.x86_64                          29/39 
  Installing       : libglvnd-egl-1:1.3.4-1.el9.x86_64                    30/39 
  Installing       : mesa-dri-drivers-25.0.7-2.el9.x86_64                 31/39 
  Installing       : mesa-libgbm-25.0.7-2.el9.x86_64                      32/39 
  Installing       : mesa-libEGL-25.0.7-2.el9.x86_64                      33/39 
  Installing       : libglvnd-gles-1:1.3.4-1.el9.x86_64                   34/39 
  Installing       : libglvnd-glx-1:1.3.4-1.el9.x86_64                    35/39 
  Installing       : mesa-libGL-25.0.7-2.el9.x86_64                       36/39 
  Installing       : libglvnd-devel-1:1.3.4-1.el9.x86_64                  37/39 
  Installing       : mesa-libEGL-devel-25.0.7-2.el9.x86_64                38/39 
  Installing       : SDL2-devel-2.26.0-1.el9.x86_64                       39/39 
  Running scriptlet: SDL2-devel-2.26.0-1.el9.x86_64                       39/39 
  Verifying        : hwdata-0.348-9.20.el9.noarch                          1/39 
  Verifying        : libpciaccess-0.16-7.el9.x86_64                        2/39 
  Verifying        : SDL2-2.26.0-1.el9.x86_64                              3/39 
  Verifying        : SDL2-devel-2.26.0-1.el9.x86_64                        4/39 
  Verifying        : cairo-1.17.4-7.el9.x86_64                             5/39 
  Verifying        : cmake-filesystem-3.26.5-2.el9.x86_64                  6/39 
  Verifying        : fribidi-1.0.10-6.el9.2.x86_64                         7/39 
  Verifying        : libX11-devel-1.7.0-11.el9.x86_64                      8/39 
  Verifying        : libXau-devel-1.0.9-8.el9.x86_64                       9/39 
  Verifying        : libXext-1.3.4-8.el9.x86_64                           10/39 
  Verifying        : libXft-2.3.3-8.el9.x86_64                            11/39 
  Verifying        : libXrender-0.9.10-16.el9.x86_64                      12/39 
  Verifying        : libXxf86vm-1.1.4-18.el9.x86_64                       13/39 
  Verifying        : libdatrie-0.2.13-4.el9.x86_64                        14/39 
  Verifying        : libdecor-0.1.1-1.el9.x86_64                          15/39 
  Verifying        : libdrm-2.4.123-2.el9.x86_64                          16/39 
  Verifying        : libglvnd-1:1.3.4-1.el9.x86_64                        17/39 
  Verifying        : libglvnd-core-devel-1:1.3.4-1.el9.x86_64             18/39 
  Verifying        : libglvnd-devel-1:1.3.4-1.el9.x86_64                  19/39 
  Verifying        : libglvnd-egl-1:1.3.4-1.el9.x86_64                    20/39 
  Verifying        : libglvnd-gles-1:1.3.4-1.el9.x86_64                   21/39 
  Verifying        : libglvnd-glx-1:1.3.4-1.el9.x86_64                    22/39 
  Verifying        : libglvnd-opengl-1:1.3.4-1.el9.x86_64                 23/39 
  Verifying        : libthai-0.1.28-8.el9.x86_64                          24/39 
  Verifying        : libwayland-client-1.21.0-1.el9.x86_64                25/39 
  Verifying        : libwayland-cursor-1.21.0-1.el9.x86_64                26/39 
  Verifying        : libwayland-server-1.21.0-1.el9.x86_64                27/39 
  Verifying        : libxcb-devel-1.13.1-9.el9.x86_64                     28/39 
  Verifying        : libxshmfence-1.3-10.el9.x86_64                       29/39 
  Verifying        : mesa-dri-drivers-25.0.7-2.el9.x86_64                 30/39 
  Verifying        : mesa-filesystem-25.0.7-2.el9.x86_64                  31/39 
  Verifying        : mesa-libEGL-25.0.7-2.el9.x86_64                      32/39 
  Verifying        : mesa-libEGL-devel-25.0.7-2.el9.x86_64                33/39 
  Verifying        : mesa-libGL-25.0.7-2.el9.x86_64                       34/39 
  Verifying        : mesa-libgbm-25.0.7-2.el9.x86_64                      35/39 
  Verifying        : pango-1.48.7-3.el9.x86_64                            36/39 
  Verifying        : pixman-0.40.0-6.el9.x86_64                           37/39 
  Verifying        : spirv-tools-libs-2025.2-1.el9.x86_64                 38/39 
  Verifying        : xorg-x11-proto-devel-2024.1-1.el9.noarch             39/39 

Installed:
  SDL2-2.26.0-1.el9.x86_64                                                      
  SDL2-devel-2.26.0-1.el9.x86_64                                                
  cairo-1.17.4-7.el9.x86_64                                                     
  cmake-filesystem-3.26.5-2.el9.x86_64                                          
  fribidi-1.0.10-6.el9.2.x86_64                                                 
  hwdata-0.348-9.20.el9.noarch                                                  
  libX11-devel-1.7.0-11.el9.x86_64                                              
  libXau-devel-1.0.9-8.el9.x86_64                                               
  libXext-1.3.4-8.el9.x86_64                                                    
  libXft-2.3.3-8.el9.x86_64                                                     
  libXrender-0.9.10-16.el9.x86_64                                               
  libXxf86vm-1.1.4-18.el9.x86_64                                                
  libdatrie-0.2.13-4.el9.x86_64                                                 
  libdecor-0.1.1-1.el9.x86_64                                                   
  libdrm-2.4.123-2.el9.x86_64                                                   
  libglvnd-1:1.3.4-1.el9.x86_64                                                 
  libglvnd-core-devel-1:1.3.4-1.el9.x86_64                                      
  libglvnd-devel-1:1.3.4-1.el9.x86_64                                           
  libglvnd-egl-1:1.3.4-1.el9.x86_64                                             
  libglvnd-gles-1:1.3.4-1.el9.x86_64                                            
  libglvnd-glx-1:1.3.4-1.el9.x86_64                                             
  libglvnd-opengl-1:1.3.4-1.el9.x86_64                                          
  libpciaccess-0.16-7.el9.x86_64                                                
  libthai-0.1.28-8.el9.x86_64                                                   
  libwayland-client-1.21.0-1.el9.x86_64                                         
  libwayland-cursor-1.21.0-1.el9.x86_64                                         
  libwayland-server-1.21.0-1.el9.x86_64                                         
  libxcb-devel-1.13.1-9.el9.x86_64                                              
  libxshmfence-1.3-10.el9.x86_64                                                
  mesa-dri-drivers-25.0.7-2.el9.x86_64                                          
  mesa-filesystem-25.0.7-2.el9.x86_64                                           
  mesa-libEGL-25.0.7-2.el9.x86_64                                               
  mesa-libEGL-devel-25.0.7-2.el9.x86_64                                         
  mesa-libGL-25.0.7-2.el9.x86_64                                                
  mesa-libgbm-25.0.7-2.el9.x86_64                                               
  pango-1.48.7-3.el9.x86_64                                                     
  pixman-0.40.0-6.el9.x86_64                                                    
  spirv-tools-libs-2025.2-1.el9.x86_64                                          
  xorg-x11-proto-devel-2024.1-1.el9.noarch                                      

Complete!
Note: Deploying libsdl2_image=2.8.2...
The system package 'SDL2_image-devel' is about to be installed.
This action might require admin privileges and impact your system installation.
Do you want Alire to install this system package?
Using default: Yes
Last metadata expiration check: 0:07:03 ago on Sun Oct 19 01:08:51 2025.
Dependencies resolved.
================================================================================
 Package                Architecture Version              Repository       Size
================================================================================
Installing:
 SDL2_image-devel       x86_64       2.8.2-1.el9          epel             18 k
Installing dependencies:
 SDL2_image             x86_64       2.8.2-1.el9          epel            105 k
 jbigkit-libs           x86_64       2.1-23.el9           appstream        53 k
 libjpeg-turbo          x86_64       2.0.90-7.el9         appstream       175 k
 libtiff                x86_64       4.4.0-15.el9         appstream       197 k
 libtiff-devel          x86_64       4.4.0-15.el9         appstream       571 k
 libwebp                x86_64       1.2.0-8.el9          appstream       277 k
 libwebp-devel          x86_64       1.2.0-8.el9          appstream        33 k

Transaction Summary
================================================================================
Install  8 Packages

Total download size: 1.4 M
Installed size: 4.1 M
Downloading Packages:
(1/8): jbigkit-libs-2.1-23.el9.x86_64.rpm       294 kB/s |  53 kB     00:00    
(2/8): libtiff-4.4.0-15.el9.x86_64.rpm          937 kB/s | 197 kB     00:00    
(3/8): libjpeg-turbo-2.0.90-7.el9.x86_64.rpm    791 kB/s | 175 kB     00:00    
(4/8): libwebp-devel-1.2.0-8.el9.x86_64.rpm     878 kB/s |  33 kB     00:00    
(5/8): libwebp-1.2.0-8.el9.x86_64.rpm           2.5 MB/s | 277 kB     00:00    
(6/8): libtiff-devel-4.4.0-15.el9.x86_64.rpm    3.0 MB/s | 571 kB     00:00    
(7/8): SDL2_image-devel-2.8.2-1.el9.x86_64.rpm  109 kB/s |  18 kB     00:00    
(8/8): SDL2_image-2.8.2-1.el9.x86_64.rpm        322 kB/s | 105 kB     00:00    
--------------------------------------------------------------------------------
Total                                           771 kB/s | 1.4 MB     00:01     
Running transaction check
Transaction check succeeded.
Running transaction test
Transaction test succeeded.
Running transaction
  Preparing        :                                                        1/1 
  Installing       : libwebp-1.2.0-8.el9.x86_64                             1/8 
  Installing       : libwebp-devel-1.2.0-8.el9.x86_64                       2/8 
  Installing       : libjpeg-turbo-2.0.90-7.el9.x86_64                      3/8 
  Installing       : jbigkit-libs-2.1-23.el9.x86_64                         4/8 
  Installing       : libtiff-4.4.0-15.el9.x86_64                            5/8 
  Installing       : libtiff-devel-4.4.0-15.el9.x86_64                      6/8 
  Installing       : SDL2_image-2.8.2-1.el9.x86_64                          7/8 
  Installing       : SDL2_image-devel-2.8.2-1.el9.x86_64                    8/8 
  Running scriptlet: SDL2_image-devel-2.8.2-1.el9.x86_64                    8/8 
  Verifying        : jbigkit-libs-2.1-23.el9.x86_64                         1/8 
  Verifying        : libjpeg-turbo-2.0.90-7.el9.x86_64                      2/8 
  Verifying        : libtiff-4.4.0-15.el9.x86_64                            3/8 
  Verifying        : libtiff-devel-4.4.0-15.el9.x86_64                      4/8 
  Verifying        : libwebp-1.2.0-8.el9.x86_64                             5/8 
  Verifying        : libwebp-devel-1.2.0-8.el9.x86_64                       6/8 
  Verifying        : SDL2_image-2.8.2-1.el9.x86_64                          7/8 
  Verifying        : SDL2_image-devel-2.8.2-1.el9.x86_64                    8/8 

Installed:
  SDL2_image-2.8.2-1.el9.x86_64        SDL2_image-devel-2.8.2-1.el9.x86_64      
  jbigkit-libs-2.1-23.el9.x86_64       libjpeg-turbo-2.0.90-7.el9.x86_64        
  libtiff-4.4.0-15.el9.x86_64          libtiff-devel-4.4.0-15.el9.x86_64        
  libwebp-1.2.0-8.el9.x86_64           libwebp-devel-1.2.0-8.el9.x86_64         

Complete!
Note: Deploying libsdl2_mixer=2.8.1...
The system package 'SDL2_mixer-devel' is about to be installed.
This action might require admin privileges and impact your system installation.
Do you want Alire to install this system package?
Using default: Yes
Last metadata expiration check: 0:07:06 ago on Sun Oct 19 01:08:51 2025.
Dependencies resolved.
================================================================================
 Package                  Architecture   Version             Repository    Size
================================================================================
Installing:
 SDL2_mixer-devel         x86_64         2.8.1-1.el9         epel          36 k
Installing dependencies:
 SDL2_mixer               x86_64         2.8.1-1.el9         epel         167 k

Transaction Summary
================================================================================
Install  2 Packages

Total download size: 204 k
Installed size: 505 k
Downloading Packages:
(1/2): SDL2_mixer-devel-2.8.1-1.el9.x86_64.rpm  101 kB/s |  36 kB     00:00    
(2/2): SDL2_mixer-2.8.1-1.el9.x86_64.rpm        308 kB/s | 167 kB     00:00    
--------------------------------------------------------------------------------
Total                                           138 kB/s | 204 kB     00:01     
Running transaction check
Transaction check succeeded.
Running transaction test
Transaction test succeeded.
Running transaction
  Preparing        :                                                        1/1 
  Installing       : SDL2_mixer-2.8.1-1.el9.x86_64                          1/2 
  Installing       : SDL2_mixer-devel-2.8.1-1.el9.x86_64                    2/2 
  Running scriptlet: SDL2_mixer-devel-2.8.1-1.el9.x86_64                    2/2 
  Verifying        : SDL2_mixer-2.8.1-1.el9.x86_64                          1/2 
  Verifying        : SDL2_mixer-devel-2.8.1-1.el9.x86_64                    2/2 

Installed:
  SDL2_mixer-2.8.1-1.el9.x86_64       SDL2_mixer-devel-2.8.1-1.el9.x86_64      

Complete!
Note: Deploying libsdl2_ttf=2.20.2...
The system package 'SDL2_ttf-devel' is about to be installed.
This action might require admin privileges and impact your system installation.
Do you want Alire to install this system package?
Using default: Yes
Last metadata expiration check: 0:07:08 ago on Sun Oct 19 01:08:51 2025.
Dependencies resolved.
================================================================================
 Package                   Arch       Version               Repository     Size
================================================================================
Installing:
 SDL2_ttf-devel            x86_64     2.20.2-1.el9          epel           21 k
Installing dependencies:
 SDL2_ttf                  x86_64     2.20.2-1.el9          epel           40 k
 brotli                    x86_64     1.0.9-7.el9           appstream     312 k
 brotli-devel              x86_64     1.0.9-7.el9           appstream      31 k
 bzip2-devel               x86_64     1.0.8-10.el9          appstream     214 k
 freetype-devel            x86_64     2.10.4-11.el9         appstream     1.1 M
 glib2-devel               x86_64     2.68.4-16.el9         appstream     552 k
 graphite2-devel           x86_64     1.3.14-9.el9          appstream      22 k
 harfbuzz-devel            x86_64     2.7.4-10.el9          appstream     347 k
 harfbuzz-icu              x86_64     2.7.4-10.el9          appstream      14 k
 libblkid-devel            x86_64     2.37.4-21.el9         appstream      17 k
 libffi-devel              x86_64     3.4.2-8.el9           appstream      29 k
 libicu                    x86_64     67.1-10.el9           baseos        9.6 M
 libicu-devel              x86_64     67.1-10.el9           appstream     937 k
 libmount-devel            x86_64     2.37.4-21.el9         appstream      18 k
 libpng-devel              x86_64     2:1.6.37-12.el9       appstream     293 k
 libselinux-devel          x86_64     3.6-3.el9             appstream     159 k
 libsepol-devel            x86_64     3.6-3.el9             appstream      47 k
 pcre-cpp                  x86_64     8.44-4.el9            appstream      26 k
 pcre-devel                x86_64     8.44-4.el9            appstream     506 k
 pcre-utf16                x86_64     8.44-4.el9            appstream     184 k
 pcre-utf32                x86_64     8.44-4.el9            appstream     174 k
 pcre2-devel               x86_64     10.40-6.el9           appstream     512 k
 pcre2-utf16               x86_64     10.40-6.el9           appstream     214 k
 pcre2-utf32               x86_64     10.40-6.el9           appstream     203 k
 sysprof-capture-devel     x86_64     3.40.1-3.el9          appstream      60 k
 zlib-devel                x86_64     1.2.11-41.el9         appstream      45 k

Transaction Summary
================================================================================
Install  27 Packages

Total download size: 16 M
Installed size: 59 M
Downloading Packages:
(1/27): brotli-devel-1.0.9-7.el9.x86_64.rpm      89 kB/s |  31 kB     00:00    
(2/27): brotli-1.0.9-7.el9.x86_64.rpm           668 kB/s | 312 kB     00:00    
(3/27): bzip2-devel-1.0.8-10.el9.x86_64.rpm     514 kB/s | 214 kB     00:00    
(4/27): freetype-devel-2.10.4-11.el9.x86_64.rpm 2.1 MB/s | 1.1 MB     00:00    
(5/27): glib2-devel-2.68.4-16.el9.x86_64.rpm    1.1 MB/s | 552 kB     00:00    
(6/27): graphite2-devel-1.3.14-9.el9.x86_64.rpm  69 kB/s |  22 kB     00:00    
(7/27): harfbuzz-icu-2.7.4-10.el9.x86_64.rpm     50 kB/s |  14 kB     00:00    
(8/27): harfbuzz-devel-2.7.4-10.el9.x86_64.rpm  775 kB/s | 347 kB     00:00    
(9/27): libblkid-devel-2.37.4-21.el9.x86_64.rpm  59 kB/s |  17 kB     00:00    
(10/27): libffi-devel-3.4.2-8.el9.x86_64.rpm     94 kB/s |  29 kB     00:00    
(11/27): libmount-devel-2.37.4-21.el9.x86_64.rp  66 kB/s |  18 kB     00:00    
(12/27): libicu-devel-67.1-10.el9.x86_64.rpm    1.8 MB/s | 937 kB     00:00    
(13/27): libpng-devel-1.6.37-12.el9.x86_64.rpm  673 kB/s | 293 kB     00:00    
(14/27): libselinux-devel-3.6-3.el9.x86_64.rpm  389 kB/s | 159 kB     00:00    
(15/27): libicu-67.1-10.el9.x86_64.rpm          3.3 MB/s | 9.6 MB     00:02    
(16/27): libsepol-devel-3.6-3.el9.x86_64.rpm    134 kB/s |  47 kB     00:00    
(17/27): pcre-cpp-8.44-4.el9.x86_64.rpm          79 kB/s |  26 kB     00:00    
(18/27): pcre-devel-8.44-4.el9.x86_64.rpm       1.0 MB/s | 506 kB     00:00    
(19/27): pcre-utf16-8.44-4.el9.x86_64.rpm       450 kB/s | 184 kB     00:00    
(20/27): pcre-utf32-8.44-4.el9.x86_64.rpm       431 kB/s | 174 kB     00:00    
(21/27): pcre2-devel-10.40-6.el9.x86_64.rpm     1.0 MB/s | 512 kB     00:00    
(22/27): pcre2-utf16-10.40-6.el9.x86_64.rpm     506 kB/s | 214 kB     00:00    
(23/27): pcre2-utf32-10.40-6.el9.x86_64.rpm     482 kB/s | 203 kB     00:00    
(24/27): SDL2_ttf-2.20.2-1.el9.x86_64.rpm       1.1 MB/s |  40 kB     00:00    
(25/27): SDL2_ttf-devel-2.20.2-1.el9.x86_64.rpm 6.7 MB/s |  21 kB     00:00    
(26/27): sysprof-capture-devel-3.40.1-3.el9.x86 173 kB/s |  60 kB     00:00    
(27/27): zlib-devel-1.2.11-41.el9.x86_64.rpm    135 kB/s |  45 kB     00:00    
--------------------------------------------------------------------------------
Total                                           3.1 MB/s |  16 MB     00:05     
Running transaction check
Transaction check succeeded.
Running transaction test
Transaction test succeeded.
Running transaction
  Preparing        :                                                        1/1 
  Installing       : zlib-devel-1.2.11-41.el9.x86_64                       1/27 
  Installing       : libicu-67.1-10.el9.x86_64                             2/27 
  Installing       : harfbuzz-icu-2.7.4-10.el9.x86_64                      3/27 
  Installing       : libicu-devel-67.1-10.el9.x86_64                       4/27 
  Installing       : libpng-devel-2:1.6.37-12.el9.x86_64                   5/27 
  Installing       : SDL2_ttf-2.20.2-1.el9.x86_64                          6/27 
  Installing       : sysprof-capture-devel-3.40.1-3.el9.x86_64             7/27 
  Installing       : pcre2-utf32-10.40-6.el9.x86_64                        8/27 
  Installing       : pcre2-utf16-10.40-6.el9.x86_64                        9/27 
  Installing       : pcre2-devel-10.40-6.el9.x86_64                       10/27 
  Installing       : pcre-utf32-8.44-4.el9.x86_64                         11/27 
  Installing       : pcre-utf16-8.44-4.el9.x86_64                         12/27 
  Installing       : pcre-cpp-8.44-4.el9.x86_64                           13/27 
  Installing       : pcre-devel-8.44-4.el9.x86_64                         14/27 
  Installing       : libsepol-devel-3.6-3.el9.x86_64                      15/27 
  Installing       : libselinux-devel-3.6-3.el9.x86_64                    16/27 
  Installing       : libffi-devel-3.4.2-8.el9.x86_64                      17/27 
  Installing       : libblkid-devel-2.37.4-21.el9.x86_64                  18/27 
  Installing       : libmount-devel-2.37.4-21.el9.x86_64                  19/27 
  Installing       : glib2-devel-2.68.4-16.el9.x86_64                     20/27 
  Installing       : graphite2-devel-1.3.14-9.el9.x86_64                  21/27 
  Installing       : bzip2-devel-1.0.8-10.el9.x86_64                      22/27 
  Installing       : brotli-1.0.9-7.el9.x86_64                            23/27 
  Installing       : brotli-devel-1.0.9-7.el9.x86_64                      24/27 
  Installing       : freetype-devel-2.10.4-11.el9.x86_64                  25/27 
  Installing       : harfbuzz-devel-2.7.4-10.el9.x86_64                   26/27 
  Installing       : SDL2_ttf-devel-2.20.2-1.el9.x86_64                   27/27 
  Running scriptlet: SDL2_ttf-devel-2.20.2-1.el9.x86_64                   27/27 
  Verifying        : libicu-67.1-10.el9.x86_64                             1/27 
  Verifying        : brotli-1.0.9-7.el9.x86_64                             2/27 
  Verifying        : brotli-devel-1.0.9-7.el9.x86_64                       3/27 
  Verifying        : bzip2-devel-1.0.8-10.el9.x86_64                       4/27 
  Verifying        : freetype-devel-2.10.4-11.el9.x86_64                   5/27 
  Verifying        : glib2-devel-2.68.4-16.el9.x86_64                      6/27 
  Verifying        : graphite2-devel-1.3.14-9.el9.x86_64                   7/27 
  Verifying        : harfbuzz-devel-2.7.4-10.el9.x86_64                    8/27 
  Verifying        : harfbuzz-icu-2.7.4-10.el9.x86_64                      9/27 
  Verifying        : libblkid-devel-2.37.4-21.el9.x86_64                  10/27 
  Verifying        : libffi-devel-3.4.2-8.el9.x86_64                      11/27 
  Verifying        : libicu-devel-67.1-10.el9.x86_64                      12/27 
  Verifying        : libmount-devel-2.37.4-21.el9.x86_64                  13/27 
  Verifying        : libpng-devel-2:1.6.37-12.el9.x86_64                  14/27 
  Verifying        : libselinux-devel-3.6-3.el9.x86_64                    15/27 
  Verifying        : libsepol-devel-3.6-3.el9.x86_64                      16/27 
  Verifying        : pcre-cpp-8.44-4.el9.x86_64                           17/27 
  Verifying        : pcre-devel-8.44-4.el9.x86_64                         18/27 
  Verifying        : pcre-utf16-8.44-4.el9.x86_64                         19/27 
  Verifying        : pcre-utf32-8.44-4.el9.x86_64                         20/27 
  Verifying        : pcre2-devel-10.40-6.el9.x86_64                       21/27 
  Verifying        : pcre2-utf16-10.40-6.el9.x86_64                       22/27 
  Verifying        : pcre2-utf32-10.40-6.el9.x86_64                       23/27 
  Verifying        : sysprof-capture-devel-3.40.1-3.el9.x86_64            24/27 
  Verifying        : zlib-devel-1.2.11-41.el9.x86_64                      25/27 
  Verifying        : SDL2_ttf-2.20.2-1.el9.x86_64                         26/27 
  Verifying        : SDL2_ttf-devel-2.20.2-1.el9.x86_64                   27/27 

Installed:
  SDL2_ttf-2.20.2-1.el9.x86_64        SDL2_ttf-devel-2.20.2-1.el9.x86_64       
  brotli-1.0.9-7.el9.x86_64           brotli-devel-1.0.9-7.el9.x86_64          
  bzip2-devel-1.0.8-10.el9.x86_64     freetype-devel-2.10.4-11.el9.x86_64      
  glib2-devel-2.68.4-16.el9.x86_64    graphite2-devel-1.3.14-9.el9.x86_64      
  harfbuzz-devel-2.7.4-10.el9.x86_64  harfbuzz-icu-2.7.4-10.el9.x86_64         
  libblkid-devel-2.37.4-21.el9.x86_64 libffi-devel-3.4.2-8.el9.x86_64          
  libicu-67.1-10.el9.x86_64           libicu-devel-67.1-10.el9.x86_64          
  libmount-devel-2.37.4-21.el9.x86_64 libpng-devel-2:1.6.37-12.el9.x86_64      
  libselinux-devel-3.6-3.el9.x86_64   libsepol-devel-3.6-3.el9.x86_64          
  pcre-cpp-8.44-4.el9.x86_64          pcre-devel-8.44-4.el9.x86_64             
  pcre-utf16-8.44-4.el9.x86_64        pcre-utf32-8.44-4.el9.x86_64             
  pcre2-devel-10.40-6.el9.x86_64      pcre2-utf16-10.40-6.el9.x86_64           
  pcre2-utf32-10.40-6.el9.x86_64      sysprof-capture-devel-3.40.1-3.el9.x86_64
  zlib-devel-1.2.11-41.el9.x86_64    

Complete!

sdlada=2.5.20 successfully retrieved.
Dependencies were solved as follows:

   +b libsdl2       2.26.0 (new,system package)
   +b libsdl2_image 2.8.2  (new,system package)
   +b libsdl2_mixer 2.8.1  (new,system package)
   +b libsdl2_ttf   2.20.2 (new,system package)
   +b make          4.3.0  (new,system package)
[alr test] Spawning default test for remote crate: alr -d -n build --release -- -cargs:Ada -gnatwn
Note: Alire has selected automatically this toolchain:
   gprbuild=25.0.1
   gnat_native=15.2.1
You can select a different toolchain at any time with `alr toolchain --select`
Download will start now:
Note: Deploying gprbuild=25.0.1...
#=#=#                                                                         

#########                                                                 13.5%
###########                                                               15.4%
###########                                                               15.9%
####################                                                      28.0%
########################                                                  34.1%
############################                                              39.9%
################################                                          44.7%
##############################################                            64.2%
#################################################################         91.3%
######################################################################## 100.0%
Note: gprbuild=25.0.1 installed successfully.
Note: Deploying gnat_native=15.2.1...
#=#=#                                                                         

                                                                           0.3%
#                                                                          2.1%
#                                                                          2.7%
###                                                                        5.5%
####                                                                       6.3%
#####                                                                      8.0%
######                                                                     9.0%
#######                                                                   10.5%
########                                                                  12.0%
#########                                                                 13.7%
###########                                                               16.5%
#############                                                             19.2%
###############                                                           22.0%
#################                                                         24.8%
###################                                                       26.9%
###################                                                       27.7%
#####################                                                     30.2%
######################                                                    31.6%
#######################                                                   33.0%
#########################                                                 35.8%
###########################                                               38.4%
#############################                                             41.2%
###############################                                           43.9%
#################################                                         46.7%
##################################                                        48.6%
####################################                                      50.4%
#####################################                                     52.2%
#######################################                                   54.9%
#########################################                                 57.7%
###########################################                               60.4%
#############################################                             63.2%
###############################################                           65.9%
#################################################                         68.6%
###################################################                       71.4%
#####################################################                     74.1%
#####################################################                     74.9%
######################################################                    75.3%
######################################################                    75.6%
#######################################################                   76.9%
#######################################################                   77.0%
#######################################################                   77.3%
########################################################                  78.3%
#########################################################                 79.7%
##########################################################                81.4%
###########################################################               82.4%
#############################################################             85.1%
###############################################################           87.9%
#################################################################         90.6%
###################################################################       94.2%
######################################################################    97.4%
#######################################################################   99.1%
######################################################################## 100.0%
Note: gnat_native=15.2.1 installed successfully.
Note: Running pre-build actions for sdlada=2.5.20...
make: Entering directory '/home/runner/work/alire-crates-ci/alire-crates-ci/test/35c1e38b-f048-414c-a2d5-ebfb8f30d77b/sdlada_2.5.20_cd53c280/build/gnat'
mkdir -p gen/src/
gprbuild -p -gnat2012 -XSDL_MODE=debug -XSDL_PLATFORM=linux \
	-Ptools.gpr
Setup
   [mkdir]        object directory for project Tools
Compile
   [Ada]          gen_keyboard.adb
   [Ada]          scancodes.ads
   [Ada]          utils.adb
Bind
   [gprbind]      gen_keyboard.bexch
   [Ada]          gen_keyboard.ali
Link
   [link]         gen_keyboard.adb
./gen/debug/tools/gen_keyboard > gen/src/sdl-events-keyboards.ads
make: Leaving directory '/home/runner/work/alire-crates-ci/alire-crates-ci/test/35c1e38b-f048-414c-a2d5-ebfb8f30d77b/sdlada_2.5.20_cd53c280/build/gnat'
Note: Building sdlada=2.5.20/build/gnat/sdlada.gpr...
Setup
   [mkdir]        object directory for project SDLAda
Compile
   [C]            version_ttf.c
   [C]            version_images.c
   [C]            version.c
   [Ada]          sdl-ttfs-versions.adb
   [Ada]          sdl-ttfs-makers.adb
   [Ada]          sdl-ttfs.adb
   [Ada]          sdl-images.adb
   [Ada]          sdl-images-versions.adb
   [Ada]          sdl-images-io.adb
   [Ada]          sdl-video-pixel_formats.adb
   [Ada]          sdl-video-palettes.adb
   [Ada]          sdl-video-renderers.adb
   [Ada]          sdl-video-pixels.ads
   [Ada]          sdl-video-windows-manager.adb
   [Ada]          sdl-video-renderers-makers.adb
   [Ada]          sdl-video-displays.adb
   [Ada]          sdl-video-textures-makers.adb
   [Ada]          sdl-video-surfaces-makers.adb
   [Ada]          sdl-video-surfaces.adb
   [Ada]          sdl-video.adb
   [Ada]          sdl-video-gl.adb
   [Ada]          sdl-video-textures.adb
   [Ada]          sdl-video-rectangles.adb
   [Ada]          sdl-video-windows-makers.adb
   [Ada]          sdl-video-windows.adb
   [Ada]          sdl-rwops.adb
   [Ada]          sdl-rwops-streams.adb
   [Ada]          sdl-inputs-mice.adb
   [Ada]          sdl-inputs-mice-cursors.adb
   [Ada]          sdl-inputs.ads
   [Ada]          sdl-inputs-joysticks-game_controllers.adb
   [Ada]          sdl-inputs-joysticks-game_controllers-makers.adb
   [Ada]          sdl-inputs-joysticks.adb
   [Ada]          sdl-inputs-joysticks-makers.adb
   [Ada]          sdl-inputs-keyboards.adb
   [Ada]          sdl-events.ads
sdl-inputs-joysticks.adb:69:04: (style) missing "overriding" indicator in body of "=" [-gnatyO]
sdl-inputs-joysticks.ads:56:04: (style) missing "overriding" indicator in declaration of "=" [-gnatyO]
sdl-inputs-joysticks.ads:56:13: warning: missing overriding indicator for "=" [enabled by default]
   [Ada]          sdl-events-events.adb
   [Ada]          sdl-events-joysticks.adb
   [Ada]          sdl-events-joysticks-game_controllers.adb
   [Ada]          sdl-events-mice.ads
   [Ada]          sdl-events-windows.ads
   [Ada]          sdl-events-controllers.ads
   [Ada]          sdl-events-touches.ads
   [Ada]          sdl-events-files.ads
   [Ada]          sdl-events-keyboards.adb
   [Ada]          sdl-audio-devices.adb
   [Ada]          sdl-audio-sample_formats.ads
   [Ada]          sdl-audio.adb
   [Ada]          sdl.adb
   [Ada]          sdl-hints.adb
   [Ada]          sdl-cpus.adb
   [Ada]          sdl-clipboard.adb
   [Ada]          sdl-power.adb
   [Ada]          sdl-error.adb
   [Ada]          sdl-versions.adb
   [Ada]          sdl-timers.ads
   [Ada]          sdl-platform.adb
   [Ada]          sdl-c_pointers.ads
   [Ada]          sdl-log.adb
   [Ada]          sdl-libraries.adb
Build Libraries
   [gprlib]       sdlada.lexch
   [archive]      libsdlada.a
   [index]        libsdlada.a
Success: Build finished successfully in 5.48 seconds.
Found declared GPR file: build/gnat/sdlada.gpr
[alr test] Test completed SUCCESSFULLY
