Test ran at 2026-06-28 01:42:28.103278+00:00

SOLUTION:
adacl_eastrings=7.1.2: AdaCL: Encoding-Aware String Utilities
Origin: source archive adacl_eastrings-7.1.2.tgz at https://sourceforge.net/projects/adacl/files/Alire/adacl_eastrings-7.1.2.tgz with hashes sha256:6bb988d2cb432befb802f7f026b0381f5621b73339b270351f9cba169d1c9493, sha512:92a0af84f6133f80f1da80905bf6e73f4e91a2c9c8c6f4418d12a75f93a62be1b1d0946011bd0e425356314dfbc41a16bb7bb128abcc94b149ca122f39ce881e
Properties:
   Author: Martin Krischik <krischik@users.sourceforge.net>
   Author: Björn Persson <rombobeorn@users.sourceforge.net>
   Build Switches: 
   Description: AdaCL: Encoding-Aware String Utilities
   License: GPL-3.0-or-later
   Long_Description: Encoding-aware string utilities for Ada 2022, developed by Björn Persson for robust internationalization (i18n).

Supports text processing with the following encodings:
- Universal Character Set 4, Big-Endian (UCS-4 BE)
- Universal Character Set 4, Little-Endian (UCS-4 LE)
- Universal Character Set 2, Big-Endian (UCS-2 BE)
- Universal Character Set 2, Little-Endian (UCS-2 LE)
- Unicode Transformation Format 16, Big-Endian (UTF-16 BE)
- Unicode Transformation Format 16, Little-Endian (UTF-16 LE)
- Unicode Transformation Format 8 (UTF-8)
- American Standard Code for Information Interchange (ASCII)
- ISO/IEC 8859-1 (Latin-1)
- Code Page 850 (DOS Latin-1)
- Windows Code Page 1252

Additional features:
- Text I/O for encoding-aware input/output
- Basic command-line parsing for internationalized text

Licensed under GPL-3.0-or-later. Integrates with the Ada Class Library (AdaCL).

Source: [SourceForge](https://sourceforge.net/p/adacl/git/ci/master/tree/adacl_eastrings/src/)
Documentation: [GNATdoc](https://adacl.sourceforge.net/gnatdoc/adacl_eastrings/index.html)

   Maintainer: Martin Krischik <krischik@users.sourceforge.net>
   Maintainer: Björn Persson <rombobeorn@users.sourceforge.net>
   Maintainers_Logins: krischik
   Maintainers_Logins: rombobeorn
   Name: adacl_eastrings
   Tag: library
   Tag: strings
   Tag: i18n
   Tag: ada2022
   Version: 7.1.2
   Website: https://sourceforge.net/projects/adacl/
Dependencies (direct):
   adacl^7.1
Dependencies (solution):
   adacl=7.1.2
Dependencies (graph):
   adacl_eastrings=7.1.2 --> adacl=7.1.2 (^7.1)


LOG:
[alr test] Testing adacl_eastrings=7.1.2
[alr test] Spawning retrieval for remote crate: alr -d -n get adacl_eastrings=7.1.2
Note: Deploying adacl_eastrings=7.1.2...

#=#=#                                                                          
######################################################################## 100.0%
######################################################################## 100.0%
######################################################################## 100.0%
######################################################################## 100.0%
##O#-#                                                                         
##=O#- #                                                                       
######################################################################## 100.0%
Note: Deploying adacl=7.1.2...

######################################################################## 100.0%
######################################################################## 100.0%
######################################################################## 100.0%
######################################################################## 100.0%
#=#=#                                                                          
###########                                                               16.6%
######################################################################## 100.0%

adacl_eastrings=7.1.2 successfully retrieved.
Dependencies were solved as follows:

   + adacl 7.1.2 (new)
[alr test] Spawning default test for remote crate: alr -d -n build --release -- -cargs:Ada -gnatwn
Note: Building adacl_eastrings=7.1.2/adacl_eastrings.gpr...
Setup
   [mkdir]        object directory for project AdaCL
   [mkdir]        library directory for project AdaCL
   [mkdir]        object directory for project AdaCL_EAStrings
   [mkdir]        library directory for project AdaCL_EAStrings
Compile
   [Ada]          adacl_config.ads
   [Ada]          adacl-os-to_wide_wide_string.adb
   [Ada]          adacl-os-to_utf_string.adb
   [Ada]          adacl-os-low_level.ads
gnat1: invalid switch: -gnat2022
gnat1: invalid switch: -gnat2022
gnat1: invalid switch: -gnat2022
gnat1: invalid switch: -gnat2022

   compilation of adacl-os-low_level.ads failed
   compilation of adacl-os-to_utf_string.adb failed
   compilation of adacl-os-to_wide_wide_string.adb failed
   compilation of adacl_config.ads failed

gprbuild: *** compilation phase failed
stderr: Command ["gprbuild", "-s", "-j0", "-p", "-P", "D:\a\alire-crates-ci\alire-crates-ci\test\1f9380d9-f0b9-499d-ae8d-920dbe16a880\adacl_eastrings_7.1.2_6bb988d2\adacl_eastrings.gpr", "-cargs:Ada", "-gnatwn"] exited with code 4
ERROR: Command ["gprbuild", "-s", "-j0", "-p", "-P", "D:\a\alire-crates-ci\alire-crates-ci\test\1f9380d9-f0b9-499d-ae8d-920dbe16a880\adacl_eastrings_7.1.2_6bb988d2\adacl_eastrings.gpr", "-cargs:Ada", "-gnatwn"] exited with code 4
stderr: ALIRE.CHECKED_ERROR
stderr: Command ["gprbuild", "-s", "-j0", "-p", "-P", "D:\a\alire-crates-ci\alire-crates-ci\test\1f9380d9-f0b9-499d-ae8d-920dbe16a880\adacl_eastrings_7.1.2_6bb988d2\adacl_eastrings.gpr", "-cargs:Ada", "-gnatwn"] exited with code 4
stderr: raised ALIRE.CHECKED_ERROR : alire-stored-error:1
[D:\a\alire-crates-ci\alire-crates-ci\alire_install\bin\alr.exe]
0x7ff7931dda2a Semantic_Versioning.Basic.Restrictions.First_Index at alire.adb:284
0x7ff792dd595b Semantic_Versioning.Basic.Restrictions.First_Index at alire-os_lib-subprocess.adb:111
0x7ff79308cba1 Semantic_Versioning.Basic.Restrictions.First_Index at alire-spawn.adb:22
0x7ff79308dd5d Semantic_Versioning.Basic.Restrictions.First_Index at alire-spawn.adb:68
0x7ff792fb2d64 Semantic_Versioning.Basic.Restrictions.First_Index at alire-roots.adb:189
0x7ff792fb11da Semantic_Versioning.Basic.Restrictions.First_Index at alire-roots.adb:255
0x7ff792fd912d Semantic_Versioning.Basic.Restrictions.First_Index at alire-roots.adb:2143
0x7ff7930482f9 Semantic_Versioning.Basic.Restrictions.First_Index at alire-solutions.adb:1472
0x7ff793047424 Semantic_Versioning.Basic.Restrictions.First_Index at alire-solutions.adb:1555
0x7ff792fd922c Semantic_Versioning.Basic.Restrictions.First_Index at alire-roots.adb:2147
0x7ff792fd92fa Semantic_Versioning.Basic.Restrictions.First_Index at alire-roots.adb:2127
0x7ff792fb17a7 Semantic_Versioning.Basic.Restrictions.First_Index at alire-roots.adb:286
0x7ff792fb1912 Semantic_Versioning.Basic.Restrictions.First_Index at alire-roots.adb:114
0x7ff792723baa Semantic_Versioning.Basic.Restrictions.First_Index at alr-commands-build.adb:145
0x7ff79272341e Semantic_Versioning.Basic.Restrictions.First_Index at alr-commands-build.adb:113
0x7ff7927235ba Semantic_Versioning.Basic.Restrictions.First_Index at alr-commands-build.adb:54
0x7ff7927d5dea Semantic_Versioning.Basic.Restrictions.First_Index at clic-subcommand-instance.adb:749
0x7ff7927e2b0e Semantic_Versioning.Basic.Restrictions.First_Index at alr-commands.adb:632
0x7ff7926b16a0 Alr.Main at alr-main.adb:13
0x7ff7926b5270 Main at b__alr-main.adb:2454
0x7ff7926b133e __tmainCRTStartup at ???
0x7ff7926b1144 mainCRTStartup at ???
[C:\Windows\System32\KERNEL32.DLL]
0x7ffbbc38e8d5
[C:\Windows\SYSTEM32\ntdll.dll]
0x7ffbbe64c53a

stderr: ALIRE.ROOTS.BUILD._WRAPPED_STATEMENTS.BUILD_FAILED
stderr: alire-roots.adb:202
stderr: raised ALIRE.ROOTS.BUILD._WRAPPED_STATEMENTS.BUILD_FAILED : alire-roots.adb:202
[D:\a\alire-crates-ci\alire-crates-ci\alire_install\bin\alr.exe]
0x7ff792fb313c Semantic_Versioning.Basic.Restrictions.First_Index at alire-roots.adb:202
0x7ff792fb11da Semantic_Versioning.Basic.Restrictions.First_Index at alire-roots.adb:255
0x7ff792fd912d Semantic_Versioning.Basic.Restrictions.First_Index at alire-roots.adb:2143
0x7ff7930482f9 Semantic_Versioning.Basic.Restrictions.First_Index at alire-solutions.adb:1472
0x7ff793047424 Semantic_Versioning.Basic.Restrictions.First_Index at alire-solutions.adb:1555
0x7ff792fd922c Semantic_Versioning.Basic.Restrictions.First_Index at alire-roots.adb:2147
0x7ff792fd92fa Semantic_Versioning.Basic.Restrictions.First_Index at alire-roots.adb:2127
0x7ff792fb17a7 Semantic_Versioning.Basic.Restrictions.First_Index at alire-roots.adb:286
0x7ff792fb1912 Semantic_Versioning.Basic.Restrictions.First_Index at alire-roots.adb:114
0x7ff792723baa Semantic_Versioning.Basic.Restrictions.First_Index at alr-commands-build.adb:145
0x7ff79272341e Semantic_Versioning.Basic.Restrictions.First_Index at alr-commands-build.adb:113
0x7ff7927235ba Semantic_Versioning.Basic.Restrictions.First_Index at alr-commands-build.adb:54
0x7ff7927d5dea Semantic_Versioning.Basic.Restrictions.First_Index at clic-subcommand-instance.adb:749
0x7ff7927e2b0e Semantic_Versioning.Basic.Restrictions.First_Index at alr-commands.adb:632
0x7ff7926b16a0 Alr.Main at alr-main.adb:13
0x7ff7926b5270 Main at b__alr-main.adb:2454
0x7ff7926b133e __tmainCRTStartup at ???
0x7ff7926b1144 mainCRTStartup at ???
[C:\Windows\System32\KERNEL32.DLL]
0x7ffbbc38e8d5
[C:\Windows\SYSTEM32\ntdll.dll]
0x7ffbbe64c53a

ERROR: Compilation failed.
