Test ran at 2025-11-10 00:41:16.129065+00:00

SOLUTION:
iso=2.0.0: ISO Standard references for Ada such as 1366 & 4217 (Country & Currency)
Origin: commit abd8a59c80ac32f42afc2e912a4b2c5d5654e253 from https://github.com/ada-iso/ada_iso.git
Properties:
   Author: AJ Ianozi
   Description: ISO Standard references for Ada such as 1366 & 4217 (Country & Currency)
   License: MIT
   Maintainer: AJ Ianozi <aj@ianozi.com>
   Maintainers_Logins: AJ-Ianozi
   Name: iso
   Tag: countries
   Tag: currencies
   Tag: iso-1366
   Tag: iso-4217
   Version: 2.0.0
   Website: https://github.com/ada-iso/ada_iso/


LOG:
[alr test] Testing iso=2.0.0
[alr test] Spawning retrieval for remote crate: alr -d -n get iso=2.0.0
Note: Deploying iso=2.0.0...

iso=2.0.0 successfully retrieved.
There are no dependencies.
[alr test] Spawning default test for remote crate: alr -d -n build --release -- -cargs:Ada -gnatwn
Note: Building iso=2.0.0/iso.gpr...
Setup
   [mkdir]        object directory for project ISO
   [mkdir]        library directory for project ISO
Compile
   [Ada]          iso_config.ads
   [Ada]          iso-countries.adb
   [Ada]          iso.ads
   [Ada]          iso-currencies.adb
iso-currencies.adb:244:34: error: literal out of range of type Standard.Character

   compilation of iso-currencies.adb failed

gprbuild: *** compilation phase failed
stderr: Command ["gprbuild", "-s", "-j0", "-p", "-P", "/Users/runner/work/alire-crates-ci/alire-crates-ci/test/0c5cd280-6f8e-419f-b39f-7bf22e8f558f/iso_2.0.0_abd8a59c/iso.gpr", "-cargs:Ada", "-gnatwn"] exited with code 4
ERROR: Command ["gprbuild", "-s", "-j0", "-p", "-P", "/Users/runner/work/alire-crates-ci/alire-crates-ci/test/0c5cd280-6f8e-419f-b39f-7bf22e8f558f/iso_2.0.0_abd8a59c/iso.gpr", "-cargs:Ada", "-gnatwn"] exited with code 4
stderr: ALIRE.CHECKED_ERROR
stderr: Command ["gprbuild", "-s", "-j0", "-p", "-P", "/Users/runner/work/alire-crates-ci/alire-crates-ci/test/0c5cd280-6f8e-419f-b39f-7bf22e8f558f/iso_2.0.0_abd8a59c/iso.gpr", "-cargs:Ada", "-gnatwn"] exited with code 4
stderr: raised ALIRE.CHECKED_ERROR : alire-stored-error:1
Load address: 0x104a44000
Call stack traceback locations:
0x1057500cc 0x10575012c 0x1054a466c 0x1050e9568 0x10536e594 0x10536f4f4 0x1052ad33c 0x1052abb08 0x1052cf78c 0x10532f56c 0x10532e99c 0x1052cf868 0x1052cf950 0x1052ac00c 0x1052ac174 0x104ab5730 0x104ab5070 0x104ab51e4 0x104b52b38 0x104b5dc78 0x104a469f8 0x104a4ba2c

stderr: ALIRE.ROOTS.BUILD._WRAPPED_STATEMENTS.BUILD_FAILED
stderr: alire-roots.adb:202
stderr: raised ALIRE.ROOTS.BUILD._WRAPPED_STATEMENTS.BUILD_FAILED : alire-roots.adb:202
Load address: 0x104a44000
Call stack traceback locations:
0x1057500cc 0x10575012c 0x1052ad640 0x1052abb08 0x1052cf78c 0x10532f56c 0x10532e99c 0x1052cf868 0x1052cf950 0x1052ac00c 0x1052ac174 0x104ab5730 0x104ab5070 0x104ab51e4 0x104b52b38 0x104b5dc78 0x104a469f8 0x104a4ba2c

ERROR: Compilation failed.
