Test ran at 2026-09-03 01:31:57.560361+00:00

SOLUTION:
protobuf=1.0.0: Google Protocol Buffers implementation in Ada
Origin: source archive 1.0.0.tar.gz at https://github.com/reznikmm/protobuf/archive/1.0.0.tar.gz with hash sha512:439627662874582db8787e6a6311f99c61bac6be95d2e66cf6c891ecf5a1f109dc483c3ce1f183727b696ddc9ce38c5b11d0cfa85d3cec36251c62159c35fe93
Properties:
   Author: Maxim Reznik
   Description: Google Protocol Buffers implementation in Ada
   Environment: PATH=${CRATE_ROOT}/.objs/compiler:${PATH}
   Executable: protoc-gen-ada
   License: MIT
   Maintainer: Maxim Reznik <reznikmm@gmail.com>
   Maintainers_Logins: reznikmm
   Name: protobuf
   Project_File: gnat/protoc_gen_ada.gpr
   Tag: protocol
   Tag: rpc
   Tag: generator
   Version: 1.0.0
   Website: https://github.com/reznikmm/protobuf
Dependencies (direct):
   ada_pretty*
   matreshka_league*
Dependencies (solution):
   ada_pretty=1.0.0
   make=4.4.1
   matreshka_league=21.0.0
Dependencies (graph):
   ada_pretty=1.0.0        --> matreshka_league=21.0.0 (*)
   matreshka_league=21.0.0 --> make=4.4.1 (*)
   protobuf=1.0.0          --> ada_pretty=1.0.0 (*)
   protobuf=1.0.0          --> matreshka_league=21.0.0 (*)


LOG:
[alr test] Testing protobuf=1.0.0
[alr test] Spawning retrieval for remote crate: alr -d -n get protobuf=1.0.0
Note: Deploying protobuf=1.0.0...

#=#=#                                                                          
Note: Deploying make=4.4.1...
The system package 'make' is about to be installed.
This action might require admin privileges and impact your system installation.
Do you want Alire to install this system package?
Using default: Yes
resolving dependencies...
looking for conflicting packages...

Packages (1) make-4.4.1-3

Total Download Size:   0.49 MiB
Total Installed Size:  1.62 MiB

:: Proceed with installation? [Y/n] 
:: Retrieving packages...
 make-4.4.1-3-x86_64 downloading...
checking keyring...
checking package integrity...
loading package files...
checking for file conflicts...
checking available disk space...
:: Processing package changes...
installing make...
:: Running post-transaction hooks...
(1/1) Updating the info directory file...
Note: Deploying matreshka_league=21.0.0...

#=#=#                                                                          
#########                                                                 12.8%
#############################                                             41.4%
#######################################                                   55.4%
#############################################                             62.5%
##############################################                            65.0%
###############################################                           66.6%
#################################################                         68.5%
#########################################################                 79.6%
#################################################################         91.5%
######################################################################## 100.0%
Note: Deploying ada_pretty=1.0.0...

#=#=#                                                                          

protobuf=1.0.0 successfully retrieved.
Dependencies were solved as follows:

   +  ada_pretty       1.0.0  (new)
   +b make             4.4.1  (new,indirect,system package)
   +  matreshka_league 21.0.0 (new)
[alr test] Spawning default test for remote crate: alr -d -n build --release -- -cargs:Ada -gnatwn
stderr: ADA.IO_EXCEPTIONS.USE_ERROR
stderr: copy of "C:\Users\runneradmin\AppData\Local\alire\cache\releases\matreshka_league_21.0.0_0c8f4d47\source\amf\uml\amf-internals-factories-primitive_types_factories-convert_unlimited_natural_to_string.a
stderr: raised ADA.IO_EXCEPTIONS.USE_ERROR : copy of "C:\Users\runneradmin\AppData\Local\alire\cache\releases\matreshka_league_21.0.0_0c8f4d47\source\amf\uml\amf-internals-factories-primitive_types_factories-convert_unlimited_natural_to_string.a
[D:\a\alire-crates-ci\alire-crates-ci\alire_install\bin\alr.exe]
0x7ff64d0168ff Semantic_Versioning.Basic.Restrictions.First_Index at a-direct.adb:368
0x7ff64d188296 Semantic_Versioning.Basic.Restrictions.First_Index at den-filesystem.adb:81
0x7ff64d186d68 Semantic_Versioning.Basic.Restrictions.First_Index at den-filesystem.adb:215
0x7ff64d188390 Semantic_Versioning.Basic.Restrictions.First_Index at den-filesystem.adb:86
0x7ff64d186d68 Semantic_Versioning.Basic.Restrictions.First_Index at den-filesystem.adb:215
0x7ff64d187f48 Semantic_Versioning.Basic.Restrictions.First_Index at den-filesystem.adb:140
0x7ff64d186b4d Semantic_Versioning.Basic.Restrictions.First_Index at den-filesystem.adb:217
0x7ff64d187f26 Semantic_Versioning.Basic.Restrictions.First_Index at den-filesystem.adb:137
0x7ff64d186b4d Semantic_Versioning.Basic.Restrictions.First_Index at den-filesystem.adb:217
0x7ff64d187f26 Semantic_Versioning.Basic.Restrictions.First_Index at den-filesystem.adb:137
0x7ff64d186b4d Semantic_Versioning.Basic.Restrictions.First_Index at den-filesystem.adb:217
0x7ff64d187f26 Semantic_Versioning.Basic.Restrictions.First_Index at den-filesystem.adb:137
0x7ff64d186b4d Semantic_Versioning.Basic.Restrictions.First_Index at den-filesystem.adb:217
0x7ff64c4e5fd8 Semantic_Versioning.Basic.Restrictions.First_Index at alire-builds.adb:61
0x7ff64cc7ee46 Semantic_Versioning.Basic.Restrictions.First_Index at alire-roots.adb:907
0x7ff64cc9912d Semantic_Versioning.Basic.Restrictions.First_Index at alire-roots.adb:2143
0x7ff64cd082f9 Semantic_Versioning.Basic.Restrictions.First_Index at alire-solutions.adb:1472
0x7ff64cd070ef Semantic_Versioning.Basic.Restrictions.First_Index at alire-solutions.adb:1539
0x7ff64cc9922c Semantic_Versioning.Basic.Restrictions.First_Index at alire-roots.adb:2147
0x7ff64cc992fa Semantic_Versioning.Basic.Restrictions.First_Index at alire-roots.adb:2127
0x7ff64cc7e3d4 Semantic_Versioning.Basic.Restrictions.First_Index at alire-roots.adb:919
0x7ff64cc703e8 Semantic_Versioning.Basic.Restrictions.First_Index at alire-roots.adb:90
0x7ff64cc70588 Semantic_Versioning.Basic.Restrictions.First_Index at alire-roots.adb:59
0x7ff64cc7173b Semantic_Versioning.Basic.Restrictions.First_Index at alire-roots.adb:278
0x7ff64cc71912 Semantic_Versioning.Basic.Restrictions.First_Index at alire-roots.adb:114
0x7ff64c3e3baa Semantic_Versioning.Basic.Restrictions.First_Index at alr-commands-build.adb:145
0x7ff64c3e341e Semantic_Versioning.Basic.Restrictions.First_Index at alr-commands-build.adb:113
0x7ff64c3e35ba Semantic_Versioning.Basic.Restrictions.First_Index at alr-commands-build.adb:54
0x7ff64c495dea Semantic_Versioning.Basic.Restrictions.First_Index at clic-subcommand-instance.adb:749
0x7ff64c4a2b0e Semantic_Versioning.Basic.Restrictions.First_Index at alr-commands.adb:632
0x7ff64c3716a0 Alr.Main at alr-main.adb:13
0x7ff64c375270 Main at b__alr-main.adb:2454
0x7ff64c37133e __tmainCRTStartup at ???
0x7ff64c371144 mainCRTStartup at ???
[C:\Windows\System32\KERNEL32.DLL]
0x7ff85621e8d5
[C:\Windows\SYSTEM32\ntdll.dll]
0x7ff85798c53a

stderr: Could not sync build dir from C:\Users\runneradmin\AppData\Local\alire\cache\releases\matreshka_league_21.0.0_0c8f4d47 to C:\Users\runneradmin\AppData\Local\alire\cache\builds\matreshka_league_21.0.0_0c8f4d47\42427dc06122b113fe165ce77ce91a296a5d87d42498e49a4caa66727440ff43
ERROR: Could not sync build dir from C:\Users\runneradmin\AppData\Local\alire\cache\releases\matreshka_league_21.0.0_0c8f4d47 to C:\Users\runneradmin\AppData\Local\alire\cache\builds\matreshka_league_21.0.0_0c8f4d47\42427dc06122b113fe165ce77ce91a296a5d87d42498e49a4caa66727440ff43
