Test ran at 2025-10-25 01:17:20.890399+00:00

SOLUTION:
amqp=0.3.1: AMQP 0-9-1 client library for Ada
Origin: commit 985b2735cbe25c3c3dd0d82fd959f719f627aba3 from https://github.com/geewiz/amqp_ada.git
Properties:
   Author: Jochen Lillich <contact@geewiz.dev>
   Description: AMQP 0-9-1 client library for Ada
   License: Apache-2.0
   Maintainer: Jochen Lillich <contact@geewiz.dev>
   Maintainers_Logins: geewiz
   Name: amqp
   Tag: amqp
   Tag: messaging
   Tag: rabbitmq
   Tag: protocol
   Version: 0.3.1
   Website: https://github.com/geewiz/amqp_ada


LOG:
[alr test] Testing amqp=0.3.1
[alr test] Spawning retrieval for remote crate: alr -d -n get amqp=0.3.1
Note: Deploying amqp=0.3.1...

amqp=0.3.1 successfully retrieved.
There are no dependencies.
[alr test] Spawning default test for remote crate: alr -d -n build --release -- -cargs:Ada -gnatwn
Note: Building amqp=0.3.1/amqp.gpr...
Setup
   [mkdir]        object directory for project AMQP
Compile
   [Ada]          amqp_test.adb
   [Ada]          connection_test.adb
   [Ada]          handshake_test.adb
   [Ada]          channel_test.adb
   [Ada]          pubsub_test.adb
   [Ada]          url_test.adb
   [Ada]          amqp.ads
   [Ada]          amqp-codec.adb
   [Ada]          amqp-constants.ads
   [Ada]          amqp-frames.adb
   [Ada]          amqp-types.ads
   [Ada]          amqp-connection.adb
   [Ada]          amqp-channel.adb
   [Ada]          amqp-url.adb
   [Ada]          amqp-methods.adb
Bind
   [gprbind]      amqp_test.bexch
   [gprbind]      connection_test.bexch
   [gprbind]      handshake_test.bexch
   [gprbind]      channel_test.bexch
   [Ada]          amqp_test.ali
   [Ada]          connection_test.ali
   [Ada]          handshake_test.ali
   [Ada]          channel_test.ali
   [gprbind]      pubsub_test.bexch
   [Ada]          pubsub_test.ali
   [gprbind]      url_test.bexch
   [Ada]          url_test.ali
Link
   [link]         amqp_test.adb
   [link]         connection_test.adb
   [link]         handshake_test.adb
   [link]         channel_test.adb
   [link]         pubsub_test.adb
   [link]         url_test.adb
Success: Build finished successfully in 2.00 seconds.
Found declared GPR file: amqp.gpr
[alr test] Test completed SUCCESSFULLY
