Test ran at 2026-09-23 01:35:56.127899+00:00

SOLUTION:
a0b_stm32f401_i2c=0.1.0: A0B: STM32F401 I2C
Origin: commit 1974923691493f57c9bdde889866c82cc01b5a5c from https://github.com/godunko/a0b-stm32f401-i2c.git
Properties:
   Test run: alr build (from ${CRATE_ROOT}/selftest)
   Author: Vadim Godunko
   Configuration: no modifiers
   Description: A0B: STM32F401 I2C
   License: Apache-2.0 WITH LLVM-exception
   Maintainer: Vadim Godunko <vgodunko@gmail.com>
   Maintainers_Logins: godunko
   Name: a0b_stm32f401_i2c
   Project_File: gnat/a0b_stm32f401_i2c.gpr
   Tag: a0b
   Tag: embedded
   Tag: i2c
   Tag: stm32
   Tag: stm32f4
   Tag: stm32f401
   Version: 0.1.0
Dependencies (direct):
   a0b_i2c*
   a0b_stm32f401_dma*
   a0b_stm32f401_gpio*
Dependencies (solution):
   a0b_armv7m=0.4.0
   a0b_base=0.5.0
   a0b_callbacks=0.2.0
   a0b_exti=0.1.0
   a0b_gpio=0.1.0
   a0b_i2c=0.1.0
   a0b_stm32f401=0.3.0
   a0b_stm32f401_dma=0.1.0
   a0b_stm32f401_gpio=0.1.0
   gnat_arm_elf=16.1.0
Dependencies (graph):
   a0b_armv7m=0.4.0         --> a0b_base=0.5.0 (*)
   a0b_armv7m=0.4.0         --> gnat_arm_elf=16.1.0 (*)
   a0b_callbacks=0.2.0      --> a0b_base=0.5.0 (*)
   a0b_exti=0.1.0           --> a0b_base=0.5.0 (*)
   a0b_exti=0.1.0           --> a0b_callbacks=0.2.0 (*)
   a0b_gpio=0.1.0           --> a0b_base=0.5.0 (*)
   a0b_i2c=0.1.0            --> a0b_base=0.5.0 (*)
   a0b_i2c=0.1.0            --> a0b_callbacks=0.2.0 (*)
   a0b_stm32f401=0.3.0      --> a0b_armv7m=0.4.0 (*)
   a0b_stm32f401_dma=0.1.0  --> a0b_base=0.5.0 (*)
   a0b_stm32f401_dma=0.1.0  --> a0b_callbacks=0.2.0 (*)
   a0b_stm32f401_dma=0.1.0  --> a0b_stm32f401=0.3.0 (*)
   a0b_stm32f401_gpio=0.1.0 --> a0b_exti=0.1.0 (*)
   a0b_stm32f401_gpio=0.1.0 --> a0b_gpio=0.1.0 (*)
   a0b_stm32f401_gpio=0.1.0 --> a0b_stm32f401=0.3.0 (*)
   a0b_stm32f401_i2c=0.1.0  --> a0b_i2c=0.1.0 (*)
   a0b_stm32f401_i2c=0.1.0  --> a0b_stm32f401_dma=0.1.0 (*)
   a0b_stm32f401_i2c=0.1.0  --> a0b_stm32f401_gpio=0.1.0 (*)


LOG:
Note: Synchronizing workspace...
Dependencies automatically updated as follows:

   +  a0b_armv7m         0.4.0  (new,indirect)
   +  a0b_base           0.5.0  (new,indirect)
   +  a0b_callbacks      0.2.0  (new,indirect)
   +  a0b_exti           0.1.0  (new,indirect)
   +  a0b_gpio           0.1.0  (new,indirect)
   +  a0b_i2c            0.1.0  (new,indirect)
   +  a0b_stm32f401      0.3.0  (new,indirect)
   +  a0b_stm32f401_dma  0.1.0  (new,indirect)
   +  a0b_stm32f401_gpio 0.1.0  (new,indirect)
   +. a0b_stm32f401_i2c  0.1.0  (new,path=..)
   +b gnat_arm_elf       16.1.0 (new,indirect,binary)

Note: Building a0b_stm32f401_i2c_selftest=0.1.0-dev/a0b_stm32f401_i2c_selftest.gpr...
"C:\Users\runneradmin\AppData\Local\alire\cache\builds\a0b_i2c_0.1.0_67a3e9f5\6b48cf4d0ac3fffcf276266a58f23f4ce598b5525d3031ab9818a6b7c6cd3132\.objs\arm-eabi\none" created
"C:\Users\runneradmin\AppData\Local\alire\cache\builds\a0b_armv7m_0.4.0_bb8b0af2\3736c71c6c6351920878e7842a978ecd85667f4d41cf24242ead8390cdbb4bfe\.objs\arm-eabi\none" created
"C:\Users\runneradmin\AppData\Local\alire\cache\builds\a0b_armv7m_0.4.0_bb8b0af2\3736c71c6c6351920878e7842a978ecd85667f4d41cf24242ead8390cdbb4bfe\.libs\arm-eabi\none" created
"C:\Users\runneradmin\AppData\Local\alire\cache\builds\a0b_stm32f401_0.3.0_fb9d60a5\933426b2371fddf665165bc5595ebca621ec62f21c46ac332b71d59f789a6181\.objs\arm-eabi\none" created
"C:\Users\runneradmin\AppData\Local\alire\cache\builds\a0b_stm32f401_0.3.0_fb9d60a5\933426b2371fddf665165bc5595ebca621ec62f21c46ac332b71d59f789a6181\.libs\arm-eabi\none" created
"C:\Users\runneradmin\AppData\Local\alire\cache\builds\a0b_stm32f401_dma_0.1.0_12b38cb3\3c9b0e123ac4b4c46f1088b8af80d3df3cde87818fd673d6141ba9490f58a222\.objs\arm-eabi\none" created
"C:\Users\runneradmin\AppData\Local\alire\cache\builds\a0b_stm32f401_gpio_0.1.0_ebe3a942\078ca19384434d357277bb6358b421ea0a4ccab578c96d4afb88decea68bc569\.objs\arm-eabi\none" created
"..\.objs\arm-eabi\none" created
a0b_stm32f401_i2c_selftest.gpr: warning: there are no sources of language "Ada" in this project
[Ada Compile]     a0b-armv7m-cache_utilities.adb
[Ada Compile]     a0b-armv7m-instructions.adb
[Ada Compile]     a0b-armv7m-nvic_utilities.adb
[Ada Compile]     a0b-armv7m-parameters.ads
[Ada Compile]     a0b-armv7m-profiling_utilities.adb
[Ada Compile]     a0b-armv7m-scs-cache.ads
[Ada Compile]     a0b-armv7m-scs-dwt.ads
[Ada Compile]     a0b-armv7m-scs-fp.ads
[Ada Compile]     a0b-armv7m-scs-mpu.ads
[Ada Compile]     a0b-armv7m-scs-nvic.ads
[Ada Compile]     a0b-armv7m-scs-scb.ads
[Ada Compile]     a0b-armv7m-scs-systick.ads
[Ada Compile]     a0b-armv7m-scs.ads
[Ada Compile]     a0b-armv7m-startup_utilities-copy_data_section.adb
[Ada Compile]     a0b-armv7m-startup_utilities-copy_dtcm_data_section.adb
[Ada Compile]     a0b-armv7m-startup_utilities-copy_itcm_text_section.adb
[Ada Compile]     a0b-armv7m-startup_utilities-enable_fpu.adb
[Ada Compile]     a0b-armv7m-startup_utilities-fill_bss_section.adb
[Ada Compile]     a0b-armv7m-startup_utilities-fill_dtcm_bss_section.adb
[Ada Compile]     a0b-armv7m-startup_utilities-memory_initialization.adb
[Ada Compile]     a0b-armv7m-startup_utilities.ads
[Ada Compile]     a0b-armv7m.ads
[Ada Compile]     a0b-peripherals.ads
[Ada Compile]     a0b-types-arrays.ads
[Ada Compile]     a0b-types-big_endian.adb
[Ada Compile]     a0b-types-enumerable.ads
[Archive]         liba0b_armv7m.a
[Ada Compile]     a0b-types-gcc_builtins.ads
[Ada Compile]     a0b-types-svd.ads
[Ada Compile]     a0b-types.ads
a0b-types-big_endian.adb:10:04: warning: "Unsigned_64" is already use-visible through previous use_type_clause at a0b-types.ads:297 [-gnatwr]
a0b-types-big_endian.adb:10:04: warning: use clause for type "Unsigned_64" defined at a0b-types.ads:88 has no effect [-gnatwu]
[Ada Compile]     a0b.ads
[Ada Compile]     a0b-callbacks-generic_discrete.adb
[Ada Compile]     a0b-callbacks-generic_dispatching.adb
[Ada Compile]     a0b-callbacks-generic_non_dispatching.adb
[Ada Compile]     a0b-callbacks-generic_parameterless.adb
[Ada Compile]     a0b-callbacks-generic_subprogram.adb
[Ada Compile]     a0b-callbacks.adb
[Ada Compile]     a0b-exti.ads
[Archive]         liba0b_base.a
[Ada Compile]     a0b-gpio.ads
[Ada Compile]     a0b-i2c-device_drivers.adb
[Ada Compile]     a0b-i2c-device_drivers_8.adb
[Ada Compile]     a0b-i2c.ads
a0b-i2c-device_drivers.adb:99:38: error: "Active" is undefined (more references follow)
a0b-i2c-device_drivers.adb:111:36: error: "Failure" is undefined (more references follow)
a0b-i2c-device_drivers.ads:23:27: error: "Operation_Status" not declared in "A0B"
a0b-i2c.ads:28:25: error: "Operation_Status" not declared in "A0B"
a0b_i2c.gpr: error: [Ada Compile] a0b-i2c-device_drivers.adb (a0b_i2c.gpr) failed with status 1
a0b-i2c-device_drivers_8.adb:73:51: error: "Success" not declared in "A0B"
a0b-i2c-device_drivers_8.adb:86:50: error: "Success" not declared in "A0B"
a0b-i2c-device_drivers_8.adb:105:45: error: "Failure" not declared in "A0B"
a0b-i2c-device_drivers_8.adb:144:38: error: "Active" is undefined (more references follow)
a0b-i2c-device_drivers_8.adb:158:36: error: "Failure" is undefined (more references follow)
a0b-i2c-device_drivers_8.ads:27:27: error: "Operation_Status" not declared in "A0B"
a0b-i2c.ads:28:25: error: "Operation_Status" not declared in "A0B"
a0b_i2c.gpr: error: [Ada Compile] a0b-i2c-device_drivers_8.adb (a0b_i2c.gpr) failed with status 1
a0b-i2c.ads:28:25: error: "Operation_Status" not declared in "A0B"
a0b_i2c.gpr: error: [Ada Compile] a0b-i2c.ads (a0b_i2c.gpr) failed with status 1
ERROR: Command ["gprbuild", "-s", "-j0", "-p", "-P", "D:\a\alire-crates-ci\alire-crates-ci\test\24ea9603-1995-4bd9-ba56-c0ddc2aaf78a\a0b_stm32f401_i2c_0.1.0_19749236\selftest\a0b_stm32f401_i2c_selftest.gpr"] exited with code 4
ERROR: Compilation failed.
[alr test] Test action exited with error code 1
