Test ran at 2025-08-07 12:28:09.659578+00:00

SOLUTION:
aoa_22=20220720.0.0: Advent of Ada 22 Solutions
Origin: commit 6d9ebd7195e134dbece445ca7eecd1c66fdc1775 from https://github.com/bracke/AoA_22.git
Properties:
   Author: Jeff Carter
   Build Switches: 
   Description: Advent of Ada 22 Solutions
   Executable: aoa_22
   Executable: day01_2
   Executable: day02_2
   Executable: day03_2
   Executable: day04_2
   Executable: day05_2
   Executable: day06_2
   Executable: day08_2
   Executable: day09_2
   Executable: day10_2
   Executable: day11_2
   Executable: day14_2
   Executable: day01_1
   Executable: day02_1
   Executable: day03_1
   Executable: day04_1
   Executable: day05_1
   Executable: day06_1
   Executable: day08_1
   Executable: day09_1
   Executable: day10_1
   Executable: day11_1
   Executable: day14_1
   Executable: day15_1
   License: BSD-3-Clause
   Maintainer: Bent Bracke <bent@bracke.dk>
   Maintainers_Logins: bracke
   Name: aoa_22
   Tag: adventofada
   Tag: 2022
   Version: 20220720
   Website: https://github.com/bracke/AoA_22
Dependencies (direct):
   gnat<13.0 | >=13.3
   pragmarc^20240323.0.0
Dependencies (solution):
   gnat=10.3.2 (gnat_native)
   pragmarc=20240323.0.0
Dependencies (graph):
   aoa_22=20220720.0.0   --> gnat=10.3.2 (gnat_native) (<13.0 | >=13.3)
   aoa_22=20220720.0.0   --> pragmarc=20240323.0.0 (^20240323.0.0)
   pragmarc=20240323.0.0 --> gnat=10.3.2 (gnat_native) (<13.0 | >=13.3)


LOG:
[alr test] Testing aoa_22=20220720.0.0
[alr test] Spawning retrieval for remote crate: alr -d -n get aoa_22=20220720.0.0
Note: Deploying aoa_22=20220720.0.0...
Note: Deploying pragmarc=20240323.0.0...

aoa_22=20220720.0.0 successfully retrieved.
Dependencies were solved as follows:

   +b gnat     10.3.2       (new,gnat_native,binary)
   +  pragmarc 20240323.0.0 (new)
[alr test] Spawning default test for remote crate: alr -d -n build --release -- -cargs:Ada -gnatwn
Note: Building aoa_22=20220720.0.0/aoa_22.gpr...
Setup
   [mkdir]        object directory for project PragmARC
   [mkdir]        library directory for project PragmARC
   [mkdir]        object directory for project AoA_22
   [mkdir]        exec directory for project AoA_22
Compile
   [Ada]          aoa_22.adb
   [Ada]          day01_2.adb
   [Ada]          day02_2.adb
   [Ada]          day03_2.adb
   [Ada]          day04_2.adb
   [Ada]          day05_2.adb
   [Ada]          day06_2.adb
   [Ada]          day08_2.adb
   [Ada]          day09_2.adb
   [Ada]          day10_2.adb
   [Ada]          day11_2.adb
   [Ada]          day14_2.adb
   [Ada]          day01_1.adb
   [Ada]          day02_1.adb
   [Ada]          day03_1.adb
   [Ada]          day04_1.adb
   [Ada]          day05_1.adb
   [Ada]          day06_1.adb
   [Ada]          day08_1.adb
   [Ada]          day09_1.adb
   [Ada]          day10_1.adb
   [Ada]          day11_1.adb
   [Ada]          day14_1.adb
   [Ada]          day15_1.adb
   [Ada]          pragmarc_config.ads
   [Ada]          pragmarc-data_structures-bags-unbounded.ads
   [Ada]          pragmarc-math.adb
   [Ada]          pragmarc-data_structures-sets-discrete.adb
   [Ada]          pragmarc-randomness.ads
   [Ada]          pragmarc-sorting.ads
   [Ada]          pragmarc-data_structures-queues-bounded.ads
day05_2.adb:51:60: warning: "Index" may be referenced before it has a value
   [Ada]          pragmarc-cards-us.adb
   [Ada]          pragmarc-hash.adb
   [Ada]          pragmarc-sorting-quick.adb
   [Ada]          pragmarc-genetic_algorithm.adb
   [Ada]          pragmarc-data_structures-bags.ads
   [Ada]          pragmarc-binary_semaphore_handler.adb
   [Ada]          pragmarc-job_pools.adb
   [Ada]          pragmarc-data_structures-queues-unbounded.ads
   [Ada]          pragmarc-safety-pointers.adb
   [Ada]          pragmarc-images.adb
   [Ada]          pragmarc-sorting-insertion.adb
   [Ada]          pragmarc-matching-regular_expression.adb
   [Ada]          pragmarc-data_structures-queues-bounded-protection-non_blocking.adb
day05_1.adb:51:60: warning: "Index" may be referenced before it has a value
   [Ada]          pragmarc-data_structures-queues-bounded-protection.ads
   [Ada]          pragmarc-data_structures-lists-unbounded.ads
   [Ada]          pragmarc-encryption-threefish.adb
   [Ada]          pragmarc-data_structures-lists.ads
   [Ada]          pragmarc-data_structures-skip_lists.ads
   [Ada]          pragmarc-encryption.ads
   [Ada]          pragmarc-matching-character_regular_expression.adb
   [Ada]          pragmarc-menu_handler.adb
   [Ada]          pragmarc-data_structures-queues.ads
   [Ada]          pragmarc-sorting-radix.adb
   [Ada]          pragmarc-postfix_calculator.adb
   [Ada]          pragmarc-data_structures-queues-bounded-protection-blocking.ads
   [Ada]          pragmarc-data_structures-bags-unbounded-protection.adb
   [Ada]          pragmarc-randomness-threefry.adb
   [Ada]          pragmarc-binary_searcher.adb
   [Ada]          compile_all.adb
   [Ada]          pragmarc-data_structures-stacks-unbounded-unprotected.adb
   [Ada]          pragmarc-min_max.ads
   [Ada]          pragmarc-task_communication-transporters.adb
   [Ada]          pragmarc-encryption-threefish-block_512.adb
   [Ada]          pragmarc-text_io.adb
   [Ada]          pragmarc-encryption-threefish-block_256.adb
   [Ada]          pragmarc-data_structures-skip_lists-unbounded.adb
   [Ada]          pragmarc-rational_postfix_calculator.adb
   [Ada]          pragmarc-conversions-vectors.adb
   [Ada]          pragmarc-title_comparisons.adb
   [Ada]          pragmarc-unbounded_numbers-integers.adb
   [Ada]          pragmarc-task_communication-monitors.adb
   [Ada]          pragmarc-images-image.ads
   [Ada]          pragmarc-data_structures-lists-bounded-protection.adb
   [Ada]          pragmarc-mixed_case.adb
   [Ada]          pragmarc-hash_fast_variable_length.adb
   [Ada]          pragmarc-data_structures.ads
   [Ada]          pragmarc-sorting-heap.adb
   [Ada]          pragmarc-safety.ads
   [Ada]          pragmarc-task_communication-forwarders.adb
   [Ada]          pragmarc-word_input.adb
   [Ada]          pragmarc-encryption-simple_xor.adb
   [Ada]          pragmarc-cards-decks.ads
   [Ada]          pragmarc-task_communication.ads
   [Ada]          pragmarc-reflection.ads
   [Ada]          pragmarc-encryption-bifid.adb
   [Ada]          pragmarc-data_structures-bags-unbounded-unprotected.adb
   [Ada]          pragmarc-cards-decks-us.adb
   [Ada]          pragmarc-permutations.adb
   [Ada]          pragmarc-data_structures-lists-unbounded-protection.adb
   [Ada]          pragmarc.ads
   [Ada]          pragmarc-three_way.adb
   [Ada]          pragmarc-randomness-u32_ranges.adb
   [Ada]          pragmarc-randomness-universal.adb
   [Ada]          pragmarc-matching.ads
   [Ada]          pragmarc-randomness-kiss.adb
   [Ada]          pragmarc-unbounded_numbers.ads
   [Ada]          pragmarc-data_structures-stacks.ads
   [Ada]          pragmarc-conversions-unbounded_strings.ads
   [Ada]          pragmarc-matching-quick_string.adb
   [Ada]          pragmarc-conversions.ads
   [Ada]          pragmarc-data_structures-queues-unbounded-unprotected.adb
   [Ada]          pragmarc-line_fields.adb
   [Ada]          pragmarc-wrapping.ads
   [Ada]          pragmarc-data_structures-stacks-unbounded.ads
   [Ada]          pragmarc-randomness-real_ranges.adb
   [Ada]          pragmarc-safety-suspension_objects.adb
   [Ada]          pragmarc-safety-semaphores.adb
   [Ada]          pragmarc-randomness-real_values.ads
   [Ada]          pragmarc-data_structures-lists-bounded.ads
   [Ada]          pragmarc-cards-decks-general.adb
   [Ada]          pragmarc-luhn_generation.adb
   [Ada]          pragmarc-data_structures-stacks-unbounded-protection.adb
   [Ada]          pragmarc-data_structures-sets.ads
   [Ada]          pragmarc-randomness-isaac.adb
   [Ada]          pragmarc-ansi_tty_control.adb
   [Ada]          pragmarc-date_handler.adb
   [Ada]          pragmarc-data_structures-queues-unbounded-protection-blocking.ads
   [Ada]          pragmarc-encryption-threefish-block_1024.adb
   [Ada]          pragmarc-concurrent_pipeline.adb
   [Ada]          pragmarc-comparisons.ads
   [Ada]          pragmarc-unbounded_numbers-rationals.adb
   [Ada]          pragmarc-persistent_skip_list_unbounded.adb
   [Ada]          pragmarc-least_squares_fitting.adb
   [Ada]          pragmarc-data_structures-queues-unbounded-protection.ads
   [Ada]          pragmarc-rem_nn_wrapper.adb
   [Ada]          pragmarc-protected_option.adb
   [Ada]          pragmarc-data_structures-queues-bounded-unprotected.adb
   [Ada]          pragmarc-data_structures-queues-unbounded-protection-non_blocking.adb
   [Ada]          pragmarc-b_strings.adb
   [Ada]          pragmarc-randomness-combined.adb
   [Ada]          pragmarc-cards.ads
Build Libraries
   [gprlib]       PragmARC.lexch
   [archive]      libPragmARC.a
   [index]        libPragmARC.a
Bind
   [gprbind]      aoa_22.bexch
   [gprbind]      day01_2.bexch
   [Ada]          aoa_22.ali
   [gprbind]      day02_2.bexch
   [Ada]          day01_2.ali
   [gprbind]      day03_2.bexch
   [Ada]          day02_2.ali
   [Ada]          day03_2.ali
   [gprbind]      day04_2.bexch
   [Ada]          day04_2.ali
   [gprbind]      day05_2.bexch
   [Ada]          day05_2.ali
   [gprbind]      day06_2.bexch
   [Ada]          day06_2.ali
   [gprbind]      day08_2.bexch
   [Ada]          day08_2.ali
   [gprbind]      day09_2.bexch
   [Ada]          day09_2.ali
   [gprbind]      day10_2.bexch
   [Ada]          day10_2.ali
   [gprbind]      day11_2.bexch
   [gprbind]      day14_2.bexch
   [Ada]          day11_2.ali
   [Ada]          day14_2.ali
   [gprbind]      day01_1.bexch
   [Ada]          day01_1.ali
   [gprbind]      day02_1.bexch
   [gprbind]      day03_1.bexch
   [Ada]          day02_1.ali
   [Ada]          day03_1.ali
   [gprbind]      day04_1.bexch
   [Ada]          day04_1.ali
   [gprbind]      day05_1.bexch
   [Ada]          day05_1.ali
   [gprbind]      day06_1.bexch
   [Ada]          day06_1.ali
   [gprbind]      day08_1.bexch
   [Ada]          day08_1.ali
   [gprbind]      day09_1.bexch
   [Ada]          day09_1.ali
   [gprbind]      day10_1.bexch
   [Ada]          day10_1.ali
   [gprbind]      day11_1.bexch
   [Ada]          day11_1.ali
   [gprbind]      day14_1.bexch
   [Ada]          day14_1.ali
   [gprbind]      day15_1.bexch
   [Ada]          day15_1.ali
Link
   [link]         aoa_22.adb
   [link]         day01_2.adb
   [link]         day02_2.adb
   [link]         day03_2.adb
/home/runner/.local/share/alire/toolchains/gnat_native_10.3.2_d7078088/bin/../lib/gcc/x86_64-pc-linux-gnu/10.3.0/../../../../x86_64-pc-linux-gnu/bin/ld: /lib/x86_64-linux-gnu/libc.so.6: unknown type [0x13] section `.relr.dyn'
/home/runner/.local/share/alire/toolchains/gnat_native_10.3.2_d7078088/bin/../lib/gcc/x86_64-pc-linux-gnu/10.3.0/../../../../x86_64-pc-linux-gnu/bin/ld: skipping incompatible /lib/x86_64-linux-gnu/libc.so.6 when searching for /lib/x86_64-linux-gnu/libc.so.6
/home/runner/.local/share/alire/toolchains/gnat_native_10.3.2_d7078088/bin/../lib/gcc/x86_64-pc-linux-gnu/10.3.0/../../../../x86_64-pc-linux-gnu/bin/ld: cannot find /lib/x86_64-linux-gnu/libc.so.6
/home/runner/.local/share/alire/toolchains/gnat_native_10.3.2_d7078088/bin/../lib/gcc/x86_64-pc-linux-gnu/10.3.0/../../../../x86_64-pc-linux-gnu/bin/ld: /lib/x86_64-linux-gnu/libc.so.6: unknown type [0x13] section `.relr.dyn'
/home/runner/.local/share/alire/toolchains/gnat_native_10.3.2_d7078088/bin/../lib/gcc/x86_64-pc-linux-gnu/10.3.0/../../../../x86_64-pc-linux-gnu/bin/ld: skipping incompatible /lib/x86_64-linux-gnu/libc.so.6 when searching for /lib/x86_64-linux-gnu/libc.so.6
/home/runner/.local/share/alire/toolchains/gnat_native_10.3.2_d7078088/bin/../lib/gcc/x86_64-pc-linux-gnu/10.3.0/../../../../x86_64-pc-linux-gnu/bin/ld: /lib64/ld-linux-x86-64.so.2: unknown type [0x13] section `.relr.dyn'
/home/runner/.local/share/alire/toolchains/gnat_native_10.3.2_d7078088/bin/../lib/gcc/x86_64-pc-linux-gnu/10.3.0/../../../../x86_64-pc-linux-gnu/bin/ld: skipping incompatible /lib64/ld-linux-x86-64.so.2 when searching for /lib64/ld-linux-x86-64.so.2
/home/runner/.local/share/alire/toolchains/gnat_native_10.3.2_d7078088/bin/../lib/gcc/x86_64-pc-linux-gnu/10.3.0/../../../../x86_64-pc-linux-gnu/bin/ld: cannot find /lib64/ld-linux-x86-64.so.2
/home/runner/.local/share/alire/toolchains/gnat_native_10.3.2_d7078088/bin/../lib/gcc/x86_64-pc-linux-gnu/10.3.0/../../../../x86_64-pc-linux-gnu/bin/ld: /lib64/ld-linux-x86-64.so.2: unknown type [0x13] section `.relr.dyn'
/home/runner/.local/share/alire/toolchains/gnat_native_10.3.2_d7078088/bin/../lib/gcc/x86_64-pc-linux-gnu/10.3.0/../../../../x86_64-pc-linux-gnu/bin/ld: skipping incompatible /lib64/ld-linux-x86-64.so.2 when searching for /lib64/ld-linux-x86-64.so.2
/home/runner/.local/share/alire/toolchains/gnat_native_10.3.2_d7078088/bin/../lib/gcc/x86_64-pc-linux-gnu/10.3.0/../../../../x86_64-pc-linux-gnu/bin/ld: /lib/x86_64-linux-gnu/libc.so.6: unknown type [0x13] section `/home/runner/.local/share/alire/toolchains/gnat_native_10.3.2_d7078088/bin/../lib/gcc/x86_64-pc-linux-gnu/10.3.0/../../../../x86.relr.dyn_64-pc-linux-gnu/bin/ld: '/lib/x86_64-linux-gnu/libc.so.6
: unknown type [0x13] section `.relr.dyn'
/home/runner/.local/share/alire/toolchains/gnat_native_10.3.2_d7078088/bin/../lib/gcc/x86_64-pc-linux-gnu/10.3.0/../../../../x86_64-pc-linux-gnu/bin/ld: skipping incompatible /lib/x86_64-linux-gnu/libc.so.6 when searching for /lib/x86_64-linux-gnu/libc.so.6
/home/runner/.local/share/alire/toolchains/gnat_native_10.3.2_d7078088/bin/../lib/gcc/x86_64-pc-linux-gnu/10.3.0/../../../../x86_64-pc-linux-gnu/bin/ld: cannot find /lib/x86_64-linux-gnu/libc.so.6/home/runner/.local/share/alire/toolchains/gnat_native_10.3.2_d7078088/bin/../lib/gcc/x86_64-pc-linux-gnu/10.3.0/../../../../x86_64-pc-linux-gnu/bin/ld
: skipping incompatible /lib/x86_64-linux-gnu/libc.so.6 when searching for /lib/x86_64-linux-gnu/libc.so.6
/home/runner/.local/share/alire/toolchains/gnat_native_10.3.2_d7078088/bin/../lib/gcc/x86_64-pc-linux-gnu/10.3.0/../../../../x86_64-pc-linux-gnu/bin/ld: cannot find /home/runner/.local/share/alire/toolchains/gnat_native_10.3.2_d7078088/bin/../lib/gcc/x86_64-pc-linux-gnu/10.3.0/../../../../x86/lib/x86_64-linux-gnu/libc.so.6_64-pc-linux-gnu/bin/ld: 
/lib/x86_64-linux-gnu/libc.so.6: unknown type [0x13] section `.relr.dyn'
/home/runner/.local/share/alire/toolchains/gnat_native_10.3.2_d7078088/bin/../lib/gcc/x86_64-pc-linux-gnu/10.3.0/../../../../x86_64-pc-linux-gnu/bin/ld: /lib/x86_64-linux-gnu/libc.so.6: unknown type [0x13] section `.relr.dyn'
/home/runner/.local/share/alire/toolchains/gnat_native_10.3.2_d7078088/bin/../lib/gcc/x86_64-pc-linux-gnu/10.3.0/../../../../x86_64-pc-linux-gnu/bin/ld: skipping incompatible /lib/x86_64-linux-gnu/libc.so.6 when searching for /lib/x86_64-linux-gnu/libc.so.6
collect2: error: ld returned 1 exit status
/home/runner/.local/share/alire/toolchains/gnat_native_10.3.2_d7078088/bin/../lib/gcc/x86_64-pc-linux-gnu/10.3.0/../../../../x86_64-pc-linux-gnu/bin/ld: skipping incompatible /lib/x86_64-linux-gnu/libc.so.6 when searching for /lib/x86_64-linux-gnu/libc.so.6
/home/runner/.local/share/alire/toolchains/gnat_native_10.3.2_d7078088/bin/../lib/gcc/x86_64-pc-linux-gnu/10.3.0/../../../../x86_64-pc-linux-gnu/bin/ld: /lib64/ld-linux-x86-64.so.2: unknown type [0x13] section `.relr.dyn'
/home/runner/.local/share/alire/toolchains/gnat_native_10.3.2_d7078088/bin/../lib/gcc/x86_64-pc-linux-gnu/10.3.0/../../../../x86_64-pc-linux-gnu/bin/ld: skipping incompatible /lib64/ld-linux-x86-64.so.2 when searching for /lib64/ld-linux-x86-64.so.2
/home/runner/.local/share/alire/toolchains/gnat_native_10.3.2_d7078088/bin/../lib/gcc/x86_64-pc-linux-gnu/10.3.0/../../../../x86_64-pc-linux-gnu/bin/ld: cannot find /lib64/ld-linux-x86-64.so.2
/home/runner/.local/share/alire/toolchains/gnat_native_10.3.2_d7078088/bin/../lib/gcc/x86_64-pc-linux-gnu/10.3.0/../../../../x86_64-pc-linux-gnu/bin/ld: /lib64/ld-linux-x86-64.so.2: unknown type [0x13] section `.relr.dyn'
/home/runner/.local/share/alire/toolchains/gnat_native_10.3.2_d7078088/bin/../lib/gcc/x86_64-pc-linux-gnu/10.3.0/../../../../x86_64-pc-linux-gnu/bin/ld: /lib64/ld-linux-x86-64.so.2: unknown type [0x13] section `.relr.dyn'
/home/runner/.local/share/alire/toolchains/gnat_native_10.3.2_d7078088/bin/../lib/gcc/x86_64-pc-linux-gnu/10.3.0/../../../../x86_64-pc-linux-gnu/bin/ld: skipping incompatible /lib64/ld-linux-x86-64.so.2 when searching for /lib64/ld-linux-x86-64.so.2
/home/runner/.local/share/alire/toolchains/gnat_native_10.3.2_d7078088/bin/../lib/gcc/x86_64-pc-linux-gnu/10.3.0/../../../../x86_64-pc-linux-gnu/bin/ld: skipping incompatible /lib64/ld-linux-x86-64.so.2 when searching for /lib64/ld-linux-x86-64.so.2
/home/runner/.local/share/alire/toolchains/gnat_native_10.3.2_d7078088/bin/../lib/gcc/x86_64-pc-linux-gnu/10.3.0/../../../../x86_64-pc-linux-gnu/bin/ld: cannot find /lib64/ld-linux-x86-64.so.2
/home/runner/.local/share/alire/toolchains/gnat_native_10.3.2_d7078088/bin/../lib/gcc/x86_64-pc-linux-gnu/10.3.0/../../../../x86_64-pc-linux-gnu/bin/ld: /lib64/ld-linux-x86-64.so.2: unknown type [0x13] section `.relr.dyn'
/home/runner/.local/share/alire/toolchains/gnat_native_10.3.2_d7078088/bin/../lib/gcc/x86_64-pc-linux-gnu/10.3.0/../../../../x86_64-pc-linux-gnu/bin/ld: skipping incompatible /lib64/ld-linux-x86-64.so.2 when searching for /lib64/ld-linux-x86-64.so.2
/home/runner/.local/share/alire/toolchains/gnat_native_10.3.2_d7078088/bin/../lib/gcc/x86_64-pc-linux-gnu/10.3.0/../../../../x86_64-pc-linux-gnu/bin/ld: /lib/x86_64-linux-gnu/libc.so.6: unknown type [0x13] section `.relr.dyn'
/home/runner/.local/share/alire/toolchains/gnat_native_10.3.2_d7078088/bin/../lib/gcc/x86_64-pc-linux-gnu/10.3.0/../../../../x86_64-pc-linux-gnu/bin/ld: skipping incompatible /lib/x86_64-linux-gnu/libc.so.6 when searching for /lib/x86_64-linux-gnu/libc.so.6
/home/runner/.local/share/alire/toolchains/gnat_native_10.3.2_d7078088/bin/../lib/gcc/x86_64-pc-linux-gnu/10.3.0/../../../../x86_64-pc-linux-gnu/bin/ld: cannot find /lib/x86_64-linux-gnu/libc.so.6
/home/runner/.local/share/alire/toolchains/gnat_native_10.3.2_d7078088/bin/../lib/gcc/x86_64-pc-linux-gnu/10.3.0/../../../../x86_64-pc-linux-gnu/bin/ld: /lib/x86_64-linux-gnu/libc.so.6: unknown type [0x13] section `.relr.dyn'
/home/runner/.local/share/alire/toolchains/gnat_native_10.3.2_d7078088/bin/../lib/gcc/x86_64-pc-linux-gnu/10.3.0/../../../../x86_64-pc-linux-gnu/bin/ld: skipping incompatible /lib/x86_64-linux-gnu/libc.so.6 when searching for /lib/x86_64-linux-gnu/libc.so.6
/home/runner/.local/share/alire/toolchains/gnat_native_10.3.2_d7078088/bin/../lib/gcc/x86_64-pc-linux-gnu/10.3.0/../../../../x86_64-pc-linux-gnu/bin/ld: /lib64/ld-linux-x86-64.so.2: unknown type [0x13] section `.relr.dyn'
/home/runner/.local/share/alire/toolchains/gnat_native_10.3.2_d7078088/bin/../lib/gcc/x86_64-pc-linux-gnu/10.3.0/../../../../x86_64-pc-linux-gnu/bin/ld: skipping incompatible /lib64/ld-linux-x86-64.so.2 when searching for /lib64/ld-linux-x86-64.so.2
/home/runner/.local/share/alire/toolchains/gnat_native_10.3.2_d7078088/bin/../lib/gcc/x86_64-pc-linux-gnu/10.3.0/../../../../x86_64-pc-linux-gnu/bin/ld: cannot find /lib64/ld-linux-x86-64.so.2
collect2: error: ld returned 1 exit status
/home/runner/.local/share/alire/toolchains/gnat_native_10.3.2_d7078088/bin/../lib/gcc/x86_64-pc-linux-gnu/10.3.0/../../../../x86_64-pc-linux-gnu/bin/ld: /lib64/ld-linux-x86-64.so.2: unknown type [0x13] section `.relr.dyn'
collect2: error: ld returned 1 exit status
/home/runner/.local/share/alire/toolchains/gnat_native_10.3.2_d7078088/bin/../lib/gcc/x86_64-pc-linux-gnu/10.3.0/../../../../x86_64-pc-linux-gnu/bin/ld: skipping incompatible /lib64/ld-linux-x86-64.so.2 when searching for /lib64/ld-linux-x86-64.so.2
collect2: error: ld returned 1 exit status
   link of aoa_22.adb failed
   failed command was: /home/runner/.local/share/alire/toolchains/gnat_native_10.3.2_d7078088/bin/gcc aoa_22.o b__aoa_22.o /home/runner/.local/share/alire/builds/pragmarc_20240323.0.0_31d8919a/b8a8c65e3afb4fdcb47ac93009a3a98291ddad399ea755bbfbaccc279a88c268/lib/libPragmARC.a -L/home/runner/work/alire-crates-ci/alire-crates-ci/test/99b0b250-6f8a-43b8-9beb-61079bbc0c1c/aoa_22_20220720.0.0_6d9ebd71/obj/release/ -L/home/runner/work/alire-crates-ci/alire-crates-ci/test/99b0b250-6f8a-43b8-9beb-61079bbc0c1c/aoa_22_20220720.0.0_6d9ebd71/obj/release/ -L/home/runner/.local/share/alire/builds/pragmarc_20240323.0.0_31d8919a/b8a8c65e3afb4fdcb47ac93009a3a98291ddad399ea755bbfbaccc279a88c268/lib/ -L/home/runner/.local/share/alire/toolchains/gnat_native_10.3.2_d7078088/lib/gcc/x86_64-pc-linux-gnu/10.3.0/adalib/ -static-libgcc /home/runner/.local/share/alire/toolchains/gnat_native_10.3.2_d7078088/lib/gcc/x86_64-pc-linux-gnu/10.3.0/adalib/libgnat.a -ldl -Wl,-rpath-link,/home/runner/.local/share/alire/toolchains/gnat_native_10.3.2_d7078088/lib/gcc/x86_64-pc-linux-gnu/10.3.0//adalib -Wl,-z,origin,-rpath,$ORIGIN/..//obj/release:$ORIGIN/../../../../../../..//.local/share/alire/builds/pragmarc_20240323.0.0_31d8919a/b8a8c65e3afb4fdcb47ac93009a3a98291ddad399ea755bbfbaccc279a88c268/lib:$ORIGIN/../../../../../../..//.local/share/alire/toolchains/gnat_native_10.3.2_d7078088/lib/gcc/x86_64-pc-linux-gnu/10.3.0/adalib -o /home/runner/work/alire-crates-ci/alire-crates-ci/test/99b0b250-6f8a-43b8-9beb-61079bbc0c1c/aoa_22_20220720.0.0_6d9ebd71/bin//aoa_22 
   link of day01_2.adb failed
   failed command was: /home/runner/.local/share/alire/toolchains/gnat_native_10.3.2_d7078088/bin/gcc day01_2.o b__day01_2.o /home/runner/.local/share/alire/builds/pragmarc_20240323.0.0_31d8919a/b8a8c65e3afb4fdcb47ac93009a3a98291ddad399ea755bbfbaccc279a88c268/lib/libPragmARC.a -L/home/runner/work/alire-crates-ci/alire-crates-ci/test/99b0b250-6f8a-43b8-9beb-61079bbc0c1c/aoa_22_20220720.0.0_6d9ebd71/obj/release/ -L/home/runner/work/alire-crates-ci/alire-crates-ci/test/99b0b250-6f8a-43b8-9beb-61079bbc0c1c/aoa_22_20220720.0.0_6d9ebd71/obj/release/ -L/home/runner/.local/share/alire/builds/pragmarc_20240323.0.0_31d8919a/b8a8c65e3afb4fdcb47ac93009a3a98291ddad399ea755bbfbaccc279a88c268/lib/ -L/home/runner/.local/share/alire/toolchains/gnat_native_10.3.2_d7078088/lib/gcc/x86_64-pc-linux-gnu/10.3.0/adalib/ -static-libgcc /home/runner/.local/share/alire/toolchains/gnat_native_10.3.2_d7078088/lib/gcc/x86_64-pc-linux-gnu/10.3.0/adalib/libgnat.a -ldl -Wl,-rpath-link,/home/runner/.local/share/alire/toolchains/gnat_native_10.3.2_d7078088/lib/gcc/x86_64-pc-linux-gnu/10.3.0//adalib -Wl,-z,origin,-rpath,$ORIGIN/..//obj/release:$ORIGIN/../../../../../../..//.local/share/alire/builds/pragmarc_20240323.0.0_31d8919a/b8a8c65e3afb4fdcb47ac93009a3a98291ddad399ea755bbfbaccc279a88c268/lib:$ORIGIN/../../../../../../..//.local/share/alire/toolchains/gnat_native_10.3.2_d7078088/lib/gcc/x86_64-pc-linux-gnu/10.3.0/adalib -o /home/runner/work/alire-crates-ci/alire-crates-ci/test/99b0b250-6f8a-43b8-9beb-61079bbc0c1c/aoa_22_20220720.0.0_6d9ebd71/bin//day01_2 
   link of day02_2.adb failed
   failed command was: /home/runner/.local/share/alire/toolchains/gnat_native_10.3.2_d7078088/bin/gcc day02_2.o b__day02_2.o /home/runner/.local/share/alire/builds/pragmarc_20240323.0.0_31d8919a/b8a8c65e3afb4fdcb47ac93009a3a98291ddad399ea755bbfbaccc279a88c268/lib/libPragmARC.a -L/home/runner/work/alire-crates-ci/alire-crates-ci/test/99b0b250-6f8a-43b8-9beb-61079bbc0c1c/aoa_22_20220720.0.0_6d9ebd71/obj/release/ -L/home/runner/work/alire-crates-ci/alire-crates-ci/test/99b0b250-6f8a-43b8-9beb-61079bbc0c1c/aoa_22_20220720.0.0_6d9ebd71/obj/release/ -L/home/runner/.local/share/alire/builds/pragmarc_20240323.0.0_31d8919a/b8a8c65e3afb4fdcb47ac93009a3a98291ddad399ea755bbfbaccc279a88c268/lib/ -L/home/runner/.local/share/alire/toolchains/gnat_native_10.3.2_d7078088/lib/gcc/x86_64-pc-linux-gnu/10.3.0/adalib/ -static-libgcc /home/runner/.local/share/alire/toolchains/gnat_native_10.3.2_d7078088/lib/gcc/x86_64-pc-linux-gnu/10.3.0/adalib/libgnat.a -ldl -Wl,-rpath-link,/home/runner/.local/share/alire/toolchains/gnat_native_10.3.2_d7078088/lib/gcc/x86_64-pc-linux-gnu/10.3.0//adalib -Wl,-z,origin,-rpath,$ORIGIN/..//obj/release:$ORIGIN/../../../../../../..//.local/share/alire/builds/pragmarc_20240323.0.0_31d8919a/b8a8c65e3afb4fdcb47ac93009a3a98291ddad399ea755bbfbaccc279a88c268/lib:$ORIGIN/../../../../../../..//.local/share/alire/toolchains/gnat_native_10.3.2_d7078088/lib/gcc/x86_64-pc-linux-gnu/10.3.0/adalib -o /home/runner/work/alire-crates-ci/alire-crates-ci/test/99b0b250-6f8a-43b8-9beb-61079bbc0c1c/aoa_22_20220720.0.0_6d9ebd71/bin//day02_2 
   link of day03_2.adb failed
   failed command was: /home/runner/.local/share/alire/toolchains/gnat_native_10.3.2_d7078088/bin/gcc day03_2.o b__day03_2.o /home/runner/.local/share/alire/builds/pragmarc_20240323.0.0_31d8919a/b8a8c65e3afb4fdcb47ac93009a3a98291ddad399ea755bbfbaccc279a88c268/lib/libPragmARC.a -L/home/runner/work/alire-crates-ci/alire-crates-ci/test/99b0b250-6f8a-43b8-9beb-61079bbc0c1c/aoa_22_20220720.0.0_6d9ebd71/obj/release/ -L/home/runner/work/alire-crates-ci/alire-crates-ci/test/99b0b250-6f8a-43b8-9beb-61079bbc0c1c/aoa_22_20220720.0.0_6d9ebd71/obj/release/ -L/home/runner/.local/share/alire/builds/pragmarc_20240323.0.0_31d8919a/b8a8c65e3afb4fdcb47ac93009a3a98291ddad399ea755bbfbaccc279a88c268/lib/ -L/home/runner/.local/share/alire/toolchains/gnat_native_10.3.2_d7078088/lib/gcc/x86_64-pc-linux-gnu/10.3.0/adalib/ -static-libgcc /home/runner/.local/share/alire/toolchains/gnat_native_10.3.2_d7078088/lib/gcc/x86_64-pc-linux-gnu/10.3.0/adalib/libgnat.a -ldl -Wl,-rpath-link,/home/runner/.local/share/alire/toolchains/gnat_native_10.3.2_d7078088/lib/gcc/x86_64-pc-linux-gnu/10.3.0//adalib -Wl,-z,origin,-rpath,$ORIGIN/..//obj/release:$ORIGIN/../../../../../../..//.local/share/alire/builds/pragmarc_20240323.0.0_31d8919a/b8a8c65e3afb4fdcb47ac93009a3a98291ddad399ea755bbfbaccc279a88c268/lib:$ORIGIN/../../../../../../..//.local/share/alire/toolchains/gnat_native_10.3.2_d7078088/lib/gcc/x86_64-pc-linux-gnu/10.3.0/adalib -o /home/runner/work/alire-crates-ci/alire-crates-ci/test/99b0b250-6f8a-43b8-9beb-61079bbc0c1c/aoa_22_20220720.0.0_6d9ebd71/bin//day03_2 
gprbuild: *** link phase failed
stderr: Command ["gprbuild", "-s", "-j0", "-p", "-P", "/home/runner/work/alire-crates-ci/alire-crates-ci/test/99b0b250-6f8a-43b8-9beb-61079bbc0c1c/aoa_22_20220720.0.0_6d9ebd71/aoa_22.gpr", "-cargs:Ada", "-gnatwn"] exited with code 4
ERROR: Command ["gprbuild", "-s", "-j0", "-p", "-P", "/home/runner/work/alire-crates-ci/alire-crates-ci/test/99b0b250-6f8a-43b8-9beb-61079bbc0c1c/aoa_22_20220720.0.0_6d9ebd71/aoa_22.gpr", "-cargs:Ada", "-gnatwn"] exited with code 4
stderr: ALIRE.CHECKED_ERROR
stderr: Command ["gprbuild", "-s", "-j0", "-p", "-P", "/home/runner/work/alire-crates-ci/alire-crates-ci/test/99b0b250-6f8a-43b8-9beb-61079bbc0c1c/aoa_22_20220720.0.0_6d9ebd71/aoa_22.gpr", "-cargs:Ada", "-gnatwn"] exited with code 4
stderr: raised ALIRE.CHECKED_ERROR : alire-stored-error:1
[/home/runner/work/alire-crates-ci/alire-crates-ci/alire_install/bin/alr]
0xe75bc6 Alire.Raise_Checked_Error at alire.adb:284
0xac1a54 Alire.Os_Lib.Subprocess.Checked_Spawn at alire-os_lib-subprocess.adb:111
0xd40276 Alire.Spawn.Command at alire-spawn.adb:22
0xd412ee Alire.Spawn.Gprbuild at alire-spawn.adb:68
0xc748cb Alire.Roots.Build at alire-roots.adb:189
0xc7301a Alire.Roots.Build at alire-roots.adb:255
0xc9832b Alire.Roots.Traverse at alire-roots.adb:2143
0xcfee85 Alire.Solutions.Traverse.Visit at alire-solutions.adb:1472
0xcfdfcc Alire.Solutions.Traverse at alire-solutions.adb:1555
0xc9841e Alire.Roots.Traverse at alire-roots.adb:2147
0xc984dd Alire.Roots.Traverse at alire-roots.adb:2127
0xc7359b Alire.Roots.Build at alire-roots.adb:286
0xc736d7 Alire.Roots.Build at alire-roots.adb:114
0x49aa0d Alr.Commands.Build.Execute at alr-commands-build.adb:145
0x49a36d Alr.Commands.Build.Execute at alr-commands-build.adb:113
0x49a51f Alr.Commands.Build.Execute at alr-commands-build.adb:54
0x53bbcc Alr.Commands.Sub_Cmd.Execute at clic-subcommand-instance.adb:749
0x5472be Alr.Commands.Execute at alr-commands.adb:632
0x43d48a Alr.Main at alr-main.adb:13
0x4403a3 Main at b__alr-main.adb:2445
[/lib/x86_64-linux-gnu/libc.so.6]
0x7fb719a2a1c8
0x7fb719a2a289
[/home/runner/work/alire-crates-ci/alire-crates-ci/alire_install/bin/alr]
0x43d323 _start at ???
0xfffffffffffffffe

stderr: ALIRE.ROOTS.BUILD._WRAPPED_STATEMENTS.BUILD_FAILED
stderr: alire-roots.adb:202
stderr: raised ALIRE.ROOTS.BUILD._WRAPPED_STATEMENTS.BUILD_FAILED : alire-roots.adb:202
[/home/runner/work/alire-crates-ci/alire-crates-ci/alire_install/bin/alr]
0xc74cc7 Alire.Roots.Build at alire-roots.adb:202
0xc7301a Alire.Roots.Build at alire-roots.adb:255
0xc9832b Alire.Roots.Traverse at alire-roots.adb:2143
0xcfee85 Alire.Solutions.Traverse.Visit at alire-solutions.adb:1472
0xcfdfcc Alire.Solutions.Traverse at alire-solutions.adb:1555
0xc9841e Alire.Roots.Traverse at alire-roots.adb:2147
0xc984dd Alire.Roots.Traverse at alire-roots.adb:2127
0xc7359b Alire.Roots.Build at alire-roots.adb:286
0xc736d7 Alire.Roots.Build at alire-roots.adb:114
0x49aa0d Alr.Commands.Build.Execute at alr-commands-build.adb:145
0x49a36d Alr.Commands.Build.Execute at alr-commands-build.adb:113
0x49a51f Alr.Commands.Build.Execute at alr-commands-build.adb:54
0x53bbcc Alr.Commands.Sub_Cmd.Execute at clic-subcommand-instance.adb:749
0x5472be Alr.Commands.Execute at alr-commands.adb:632
0x43d48a Alr.Main at alr-main.adb:13
0x4403a3 Main at b__alr-main.adb:2445
[/lib/x86_64-linux-gnu/libc.so.6]
0x7fb719a2a1c8
0x7fb719a2a289
[/home/runner/work/alire-crates-ci/alire-crates-ci/alire_install/bin/alr]
0x43d323 _start at ???
0xfffffffffffffffe

ERROR: Compilation failed.
