Test ran at 2025-04-07 01:16:39.335305+00:00

SOLUTION:
a0b_armv7m_systick_clock_timer=0.1.0: A0B Monotonic Clock and Timer by ARMv7M SysTick
Provides: a0b_time_platform=0.1.0, a0b_timer_platform=0.1.0
Origin: commit 825079c39f3674ca94e2fc5b015f0b8c5afda6c3 from https://github.com/godunko/a0b-armv7m-systick_clock_timer.git
Properties:
   Author: Vadim Godunko
   Configuration: no modifiers
   Description: A0B Monotonic Clock and Timer by ARMv7M SysTick
   License: Apache-2.0 WITH LLVM-exception
   Maintainer: Vadim Godunko <vgodunko@gmail.com>
   Maintainers_Logins: godunko
   Name: a0b_armv7m_systick_clock_timer
   Project_File: gnat/a0b_time_platform.gpr
   Project_File: gnat/a0b_timer_platform.gpr
   Tag: a0b
   Tag: embedded
   Tag: time
   Tag: timer
   Tag: systick
   Version: 0.1.0
Dependencies (direct):
   a0b_armv7m*
   a0b_base*
Dependencies (solution):
   a0b_armv7m=0.3.0
   a0b_base=0.4.0
   gnat_arm_elf=14.2.1
Dependencies (graph):
   a0b_armv7m=0.3.0                     --> a0b_base=0.4.0 (*)
   a0b_armv7m=0.3.0                     --> gnat_arm_elf=14.2.1 (*)
   a0b_armv7m_systick_clock_timer=0.1.0 --> a0b_armv7m=0.3.0 (*)
   a0b_armv7m_systick_clock_timer=0.1.0 --> a0b_base=0.4.0 (*)


LOG:
Spawning: alr -d -n get --build a0b_armv7m_systick_clock_timer=0.1.0
Note: Deploying a0b_armv7m_systick_clock_timer=0.1.0...
Note: Deploying a0b_base=0.4.0...
Note: Deploying gnat_arm_elf=14.2.1...
#=#=#                                                                          

                                                                           0.0%
                                                                           0.9%
###                                                                        4.3%
#####                                                                      7.5%
########                                                                  11.1%
#########                                                                 13.5%
###########                                                               15.6%
############                                                              16.9%
##############                                                            20.0%
################                                                          22.4%
#################                                                         24.4%
##################                                                        25.6%
###################                                                       26.9%
######################                                                    31.0%
#######################                                                   32.9%
###########################                                               37.5%
#############################                                             40.8%
#################################                                         46.4%
#####################################                                     51.9%
########################################                                  56.8%
###########################################                               60.4%
##############################################                            64.1%
###############################################                           65.4%
##################################################                        70.4%
#####################################################                     73.8%
#######################################################                   77.3%
########################################################                  78.8%
##########################################################                81.9%
############################################################              84.3%
#################################################################         91.0%
####################################################################      94.5%
#######################################################################   99.3%
######################################################################## 100.0%
Note: gnat_arm_elf=14.2.1 installed successfully.
Note: Deploying a0b_armv7m=0.3.0...
Warning: Configuration variable 'a0b_armv7m.fpu_extension' not set and has no default value.
stderr: Configuration variables without a default remain unset
ERROR: Configuration variables without a default remain unset
