Test ran at 2025-12-02 12:29:27.487823+00:00

SOLUTION:
functional=2.2.0: Result, Option, Either types for type-safe error handling in Ada 2022
Origin: commit 77a4dc99c4a7271b3d07f3f98159a6366d815241 from https://github.com/abitofhelp/functional.git
Properties:
   Author: A Bit of Help, Inc. - Michael Gardner
   Build Switches: 
   Description: Result, Option, Either types for type-safe error handling in Ada 2022
   License: BSD-3-Clause
   Maintainer: A Bit of Help, Inc. - Michael Gardner <mjgardner@abitofhelp.com>
   Maintainers_Logins: abitofhelp
   Name: functional
   Tag: functional
   Tag: fx
   Tag: either
   Tag: option
   Tag: result
   Tag: monad
   Tag: error-handling
   Tag: ada2022
   Version: 2.2.0
   Website: https://github.com/abitofhelp/functional
Dependencies (direct):
   gnat>=13
Dependencies (solution):
   gnat=15.1.2 (gnat_native)
Dependencies (graph):
   functional=2.2.0 --> gnat=15.1.2 (gnat_native) (>=13)


LOG:
[alr test] Testing functional=2.2.0
[alr test] Spawning retrieval for remote crate: alr -d -n get functional=2.2.0
Note: Deploying functional=2.2.0...
error: The following untracked working tree files would be overwritten by checkout:
	scripts/python/README.md
	scripts/python/arch_guard/__init__.py
	scripts/python/arch_guard/__main__.py
	scripts/python/arch_guard/adapters/__init__.py
	scripts/python/arch_guard/adapters/ada.py
	scripts/python/arch_guard/adapters/base.py
	scripts/python/arch_guard/adapters/go.py
	scripts/python/arch_guard/arch_guard.py
	scripts/python/arch_guard/models.py
	scripts/python/brand_project/__init__.py
	scripts/python/brand_project/__main__.py
	scripts/python/brand_project/adapters/__init__.py
	scripts/python/brand_project/adapters/ada.py
	scripts/python/brand_project/adapters/base.py
	scripts/python/brand_project/adapters/go.py
	scripts/python/brand_project/brand_project.py
	scripts/python/brand_project/models.py
	scripts/python/common.py
	scripts/python/makefile/cleanup_temp_files.py
	scripts/python/release/__init__.py
	scripts/python/release/__main__.py
	scripts/python/release/adapters/__init__.py
	scripts/python/release/adapters/ada.py
	scripts/python/release/adapters/base.py
	scripts/python/release/adapters/go.py
	scripts/python/release/models.py
	scripts/python/release/release.py
	test/python/conftest.py
	test/python/fixtures/invalid/app_imports_test.ads
	test/python/fixtures/invalid/domain_with_pragma.ads
	test/python/fixtures/invalid/error_with_unbounded_string.ads
	test/python/fixtures/invalid/presentation_imports_domain.gpr
	test/python/fixtures/valid/application.gpr
	test/python/fixtures/valid/domain-entity.ads
	test/python/fixtures/valid/domain-error.ads
	test/python/fixtures/valid/domain.gpr
	test/python/pytest.ini
	test/python/test_arch_guard_ada.py
	test/python/test_arch_guard_go.py

Aborting
stderr: Command ["git", "checkout", "-q", "77a4dc99c4a7271b3d07f3f98159a6366d815241"] exited with code 1
stderr: Generating Outcome_Failure with message: Command ["git", "checkout", "-q", "77a4dc99c4a7271b3d07f3f98159a6366d815241"] exited with code 1
stderr: Generating Outcome_Failure with call stack:
stderr: raised AAA.DEBUG.STACK_TRACE.DEBUG_EXCEPTION : aaa-debug.adb:44
Load address: 0x10456c000
Call stack traceback locations:
0x1052780cc 0x10527812c 0x10513fdf8 0x104fcb12c 0x104fcb810 0x10496eba4 0x10496ec68 0x104f9a268 0x104f98fa8 0x104b40c3c 0x104b66754 0x104b67a20 0x104d9fca8 0x104dddda8 0x104dde2c8 0x1045ec9a0 0x1045f0368 0x1045f04e8 0x10467ab38 0x104685c78 0x10456e9f8 0x104573a2c

stderr: ALIRE.CHECKED_ERROR
stderr: Command ["git", "checkout", "-q", "77a4dc99c4a7271b3d07f3f98159a6366d815241"] exited with code 1
stderr: raised ALIRE.CHECKED_ERROR : alire-stored-error:2
Load address: 0x10456c000
Call stack traceback locations:
0x1052780cc 0x10527812c 0x104fc9c0c 0x104b40c54 0x104b66754 0x104b67a20 0x104d9fca8 0x104dddda8 0x104dde2c8 0x1045ec9a0 0x1045f0368 0x1045f04e8 0x10467ab38 0x104685c78 0x10456e9f8 0x104573a2c

stderr: Generating Outcome_Failure with message: Deployment of commit 77a4dc99c4a7271b3d07f3f98159a6366d815241 from https://github.com/abitofhelp/functional.git to /Users/runner/work/alire-crates-ci/alire-crates-ci/test/0174a7ee-555d-45d7-915a-b5ca06e1e76e/functional_2.2.0_77a4dc99 failed
stderr: Generating Outcome_Failure with call stack:
stderr: raised AAA.DEBUG.STACK_TRACE.DEBUG_EXCEPTION : aaa-debug.adb:44
Load address: 0x10456c000
Call stack traceback locations:
0x1052780cc 0x10527812c 0x10513fdf8 0x104fcb12c 0x104fcb810 0x104b67214 0x104b67a20 0x104d9fca8 0x104dddda8 0x104dde2c8 0x1045ec9a0 0x1045f0368 0x1045f04e8 0x10467ab38 0x104685c78 0x10456e9f8 0x104573a2c

stderr: ALIRE.CHECKED_ERROR
stderr: Deployment of commit 77a4dc99c4a7271b3d07f3f98159a6366d815241 from https://github.com/abitofhelp/functional.git to /Users/runner/work/alire-crates-ci/alire-crates-ci/test/0174a7ee-555d-45d7-915a-b5ca06e1e76e/functional_2.2.0_77a4dc99 failed
stderr: raised ALIRE.CHECKED_ERROR : alire-stored-error:3
Load address: 0x10456c000
Call stack traceback locations:
0x1052780cc 0x10527812c 0x104fc9c0c 0x104d9fcc0 0x104dddda8 0x104dde2c8 0x1045ec9a0 0x1045f0368 0x1045f04e8 0x10467ab38 0x104685c78 0x10456e9f8 0x104573a2c

ERROR: Deployment of commit 77a4dc99c4a7271b3d07f3f98159a6366d815241 from https://github.com/abitofhelp/functional.git to /Users/runner/work/alire-crates-ci/alire-crates-ci/test/0174a7ee-555d-45d7-915a-b5ca06e1e76e/functional_2.2.0_77a4dc99 failed
****** UNEXPECTED EXCEPTION FOLLOWS:
raised ADA.IO_EXCEPTIONS.NAME_ERROR : directory "functional_2.2.0_77a4dc99" does not exist
Load address: 0x1024ac000
Call stack traceback locations:
0x1031b80cc 0x1031b812c 0x1031b3950 0x102863ab4 0x10285be28 0x1025d8378 0x1025d7a78 0x1025d725c 0x1025d5384 0x1025d3fd8 0x1025dbb70 0x1025dbd6c 0x1025bab38 0x1025c5c78 0x1024ae9f8 0x1024b3a2c

****** TRACE END
