Test ran at 2025-10-07 01:06:08.988555+00:00

SOLUTION:
play_2048=1.0.0: 2048 game: merge tiles with the same number until you add up to 2048
Origin: commit ddfe6faa729006cf78c6ceaa597e0a517a1f5aac from https://github.com/mgrojo/play_2048.git
Properties:
   Author: Manuel Gomez
   Description: 2048 game: merge tiles with the same number until you add up to 2048
   Executable: play_2048
   License: GPL-3.0-or-later
   Maintainer: Manuel Gomez <mgrojo@gmail.com>
   Maintainers_Logins: mgrojo
   Name: play_2048
   Tag: game
   Tag: puzzle
   Tag: cross-platform
   Tag: sfml
   Version: 1.0.0
   Website: https://github.com/mgrojo/play_2048/
Dependencies (direct):
   ada_toml~0.2.0
   asfml^2.5.0
Dependencies (solution):
   ada_toml=0.2.0
   asfml=2.6.1
   libcsfml=2.6.1
Dependencies (graph):
   asfml=2.6.1     --> libcsfml=2.6.1 (^2.6.1)
   play_2048=1.0.0 --> ada_toml=0.2.0 (~0.2.0)
   play_2048=1.0.0 --> asfml=2.6.1 (^2.5.0)


LOG:
[alr test] Testing play_2048=1.0.0
[alr test] Spawning retrieval for remote crate: alr -d -n get play_2048=1.0.0
Note: Deploying play_2048=1.0.0...
Note: Deploying ada_toml=0.2.0...

#=#=#                                                                          
##O#-#                                                                         
Note: Deploying libcsfml=2.6.1...
The system package 'mingw-w64-x86_64-csfml' is about to be installed.
This action might require admin privileges and impact your system installation.
Do you want Alire to install this system package?
Using default: Yes
resolving dependencies...
looking for conflicting packages...
warning: dependency cycle detected:
warning: mingw-w64-x86_64-harfbuzz will be installed before its mingw-w64-x86_64-freetype dependency

Packages (38) mingw-w64-x86_64-brotli-1.1.0-5  mingw-w64-x86_64-bzip2-1.0.8-3  mingw-w64-x86_64-expat-2.7.1-2  mingw-w64-x86_64-flac-1.5.0-1  mingw-w64-x86_64-freetype-2.13.3-1  mingw-w64-x86_64-gcc-libs-15.1.0-7  mingw-w64-x86_64-gettext-runtime-0.25.1-1  mingw-w64-x86_64-glib2-2.84.3-2  mingw-w64-x86_64-graphite2-1.3.14-3  mingw-w64-x86_64-harfbuzz-11.2.1-1  mingw-w64-x86_64-libffi-3.5.1-1  mingw-w64-x86_64-libiconv-1.18-1  mingw-w64-x86_64-libjpeg-turbo-3.1.1-1  mingw-w64-x86_64-libmysofa-1.3.1-1  mingw-w64-x86_64-libogg-1.3.6-1  mingw-w64-x86_64-libpng-1.6.50-1  mingw-w64-x86_64-libsystre-1.0.2-1  mingw-w64-x86_64-libtre-0.9.0-1  mingw-w64-x86_64-libvorbis-1.3.7-2  mingw-w64-x86_64-libwinpthread-13.0.0.r72.g7010671fa-1  mingw-w64-x86_64-mpdecimal-4.0.1-1  mingw-w64-x86_64-ncurses-6.5.20241228-3  mingw-w64-x86_64-openal-1.24.3-2  mingw-w64-x86_64-openssl-3.5.1-1  mingw-w64-x86_64-pcre2-10.45-1  mingw-w64-x86_64-python-3.12.11-1  mingw-w64-x86_64-python-packaging-25.0-1  mingw-w64-x86_64-readline-8.3.000-1  mingw-w64-x86_64-sfml-2.6.1-1  mingw-w64-x86_64-sqlite3-3.50.2-1  mingw-w64-x86_64-tcl-8.6.16-1  mingw-w64-x86_64-termcap-1.3.1-7  mingw-w64-x86_64-tk-8.6.16-1  mingw-w64-x86_64-tzdata-2025b-2  mingw-w64-x86_64-wineditline-2.208-1  mingw-w64-x86_64-xz-5.8.1-2  mingw-w64-x86_64-zlib-1.3.1-1  mingw-w64-x86_64-csfml-2.6.1-1

Total Download Size:    58.40 MiB
Total Installed Size:  406.88 MiB

:: Proceed with installation? [Y/n] 
:: Retrieving packages...
 mingw-w64-x86_64-python-3.12.11-1-any downloading...
 mingw-w64-x86_64-openssl-3.5.1-1-any downloading...
 mingw-w64-x86_64-glib2-2.84.3-2-any downloading...
 mingw-w64-x86_64-tcl-8.6.16-1-any downloading...
 mingw-w64-x86_64-sqlite3-3.50.2-1-any downloading...
 mingw-w64-x86_64-tk-8.6.16-1-any downloading...
 mingw-w64-x86_64-harfbuzz-11.2.1-1-any downloading...
 mingw-w64-x86_64-ncurses-6.5.20241228-3-any downloading...
 mingw-w64-x86_64-pcre2-10.45-1-any downloading...
 mingw-w64-x86_64-openal-1.24.3-2-any downloading...
 mingw-w64-x86_64-libmysofa-1.3.1-1-any downloading...
 mingw-w64-x86_64-gcc-libs-15.1.0-7-any downloading...
 mingw-w64-x86_64-libiconv-1.18-1-any downloading...
 mingw-w64-x86_64-sfml-2.6.1-1-any downloading...
 mingw-w64-x86_64-libjpeg-turbo-3.1.1-1-any downloading...
 mingw-w64-x86_64-freetype-2.13.3-1-any downloading...
 mingw-w64-x86_64-flac-1.5.0-1-any downloading...
 mingw-w64-x86_64-readline-8.3.000-1-any downloading...
 mingw-w64-x86_64-xz-5.8.1-2-any downloading...
 mingw-w64-x86_64-brotli-1.1.0-5-any downloading...
 mingw-w64-x86_64-libpng-1.6.50-1-any downloading...
 mingw-w64-x86_64-libvorbis-1.3.7-2-any downloading...
 mingw-w64-x86_64-gettext-runtime-0.25.1-1-any downloading...
 mingw-w64-x86_64-tzdata-2025b-2-any downloading...
 mingw-w64-x86_64-libogg-1.3.6-1-any downloading...
 mingw-w64-x86_64-expat-2.7.1-2-any downloading...
 mingw-w64-x86_64-csfml-2.6.1-1-any downloading...
 mingw-w64-x86_64-mpdecimal-4.0.1-1-any downloading...
 mingw-w64-x86_64-graphite2-1.3.14-3-any downloading...
 mingw-w64-x86_64-python-packaging-25.0-1-any downloading...
 mingw-w64-x86_64-zlib-1.3.1-1-any downloading...
 mingw-w64-x86_64-bzip2-1.0.8-3-any downloading...
 mingw-w64-x86_64-libtre-0.9.0-1-any downloading...
 mingw-w64-x86_64-wineditline-2.208-1-any downloading...
 mingw-w64-x86_64-libffi-3.5.1-1-any downloading...
 mingw-w64-x86_64-libwinpthread-13.0.0.r72.g7010671fa-1-any downloading...
 mingw-w64-x86_64-termcap-1.3.1-7-any downloading...
 mingw-w64-x86_64-libsystre-1.0.2-1-any downloading...
checking keyring...
checking package integrity...
loading package files...
checking for file conflicts...
checking available disk space...
:: Processing package changes...
installing mingw-w64-x86_64-libogg...
installing mingw-w64-x86_64-libwinpthread...
installing mingw-w64-x86_64-tzdata...
installing mingw-w64-x86_64-gcc-libs...
installing mingw-w64-x86_64-libiconv...
installing mingw-w64-x86_64-gettext-runtime...
installing mingw-w64-x86_64-flac...
installing mingw-w64-x86_64-brotli...
installing mingw-w64-x86_64-bzip2...
installing mingw-w64-x86_64-zlib...
installing mingw-w64-x86_64-libpng...
installing mingw-w64-x86_64-wineditline...
installing mingw-w64-x86_64-pcre2...
installing mingw-w64-x86_64-libffi...
installing mingw-w64-x86_64-expat...
installing mingw-w64-x86_64-mpdecimal...
installing mingw-w64-x86_64-libtre...
installing mingw-w64-x86_64-libsystre...
installing mingw-w64-x86_64-ncurses...
installing mingw-w64-x86_64-openssl...
Optional dependencies for mingw-w64-x86_64-openssl
    mingw-w64-x86_64-ca-certificates
installing mingw-w64-x86_64-termcap...
installing mingw-w64-x86_64-readline...
installing mingw-w64-x86_64-sqlite3...
Optional dependencies for mingw-w64-x86_64-sqlite3
    mingw-w64-x86_64-tcl: for sqlite3_analyzer [pending]
installing mingw-w64-x86_64-tcl...
installing mingw-w64-x86_64-tk...
installing mingw-w64-x86_64-xz...
installing mingw-w64-x86_64-python...
installing mingw-w64-x86_64-python-packaging...
installing mingw-w64-x86_64-glib2...
installing mingw-w64-x86_64-graphite2...
installing mingw-w64-x86_64-harfbuzz...
installing mingw-w64-x86_64-freetype...
installing mingw-w64-x86_64-libjpeg-turbo...
installing mingw-w64-x86_64-libvorbis...
installing mingw-w64-x86_64-libmysofa...
installing mingw-w64-x86_64-openal...
installing mingw-w64-x86_64-sfml...
installing mingw-w64-x86_64-csfml...
Note: Deploying asfml=2.6.1...

play_2048=1.0.0 successfully retrieved.
Dependencies were solved as follows:

   +  ada_toml 0.2.0 (new)
   +  asfml    2.6.1 (new)
   +b libcsfml 2.6.1 (new,indirect,system package)
[alr test] Spawning default test for remote crate: alr -d -n build --release -- -cargs:Ada -gnatwn
Note: Building play_2048=1.0.0/play_2048.gpr...
Setup
   [mkdir]        object directory for project Ada_TOML
   [mkdir]        library directory for project Ada_TOML
   [mkdir]        object directory for project ASFML
   [mkdir]        library directory for project ASFML
   [mkdir]        object directory for project Play_2048
Compile
   [Ada]          play_2048.adb
   [Ada]          sf.ads
   [Ada]          sf-window.ads
   [Ada]          sf-window-windowhandle.ads
   [Ada]          sf-window-windowbase.adb
   [Ada]          sf-window-window.adb
   [Ada]          sf-window-vulkan.adb
   [Ada]          sf-window-videomode.ads
   [Ada]          sf-window-touch.ads
   [Ada]          sf-window-sensor.ads
   [Ada]          sf-window-mouse.ads
play_2048.adb:214:07: warning: constant "Elapsed_Time" is not referenced
play_2048.adb:216:07: warning: constant "Best_Time_Image" is not referenced
   [Ada]          sf-window-keyboard.adb
   [Ada]          sf-window-joystickidentification.ads
   [Ada]          sf-window-joystick.ads
   [Ada]          sf-window-glu.ads
   [Ada]          sf-window-gl.ads
   [Ada]          sf-window-event.ads
   [Ada]          sf-window-cursor.ads
   [Ada]          sf-window-context.adb
   [Ada]          sf-window-clipboard.adb
   [Ada]          sf-system.ads
   [Ada]          sf-system-vector3.ads
   [Ada]          sf-system-vector2.ads
   [Ada]          sf-system-time.ads
   [Ada]          sf-system-thread.ads
   [Ada]          sf-system-sleep.adb
   [Ada]          sf-system-mutex.ads
   [Ada]          sf-system-inputstream.ads
   [Ada]          sf-system-clock.ads
   [Ada]          sf-system-buffer.ads
   [Ada]          sf-network.ads
   [Ada]          sf-network-udpsocket.ads
   [Ada]          sf-network-tcpsocket.ads
   [Ada]          sf-network-tcplistener.ads
   [Ada]          sf-network-socketstatus.ads
   [Ada]          sf-network-socketselector.ads
   [Ada]          sf-network-packet.adb
   [Ada]          sf-network-ipaddress.adb
   [Ada]          sf-network-http.adb
   [Ada]          sf-network-ftp.adb
   [Ada]          sf-graphics.ads
   [Ada]          sf-graphics-view.ads
   [Ada]          sf-graphics-vertexbuffer.ads
   [Ada]          sf-graphics-vertexarray.ads
   [Ada]          sf-graphics-vertex.ads
   [Ada]          sf-graphics-transformable.ads
   [Ada]          sf-graphics-transform.ads
   [Ada]          sf-graphics-texture.adb
   [Ada]          sf-graphics-text.adb
   [Ada]          sf-graphics-sprite.ads
   [Ada]          sf-graphics-shape.ads
   [Ada]          sf-graphics-shader.adb
   [Ada]          sf-graphics-renderwindow.adb
   [Ada]          sf-graphics-rendertexture.ads
   [Ada]          sf-graphics-renderstates.ads
   [Ada]          sf-graphics-rectangleshape.ads
   [Ada]          sf-graphics-rect.ads
   [Ada]          sf-graphics-primitivetype.ads
   [Ada]          sf-graphics-image.adb
   [Ada]          sf-graphics-glyph.ads
   [Ada]          sf-graphics-glsl.ads
   [Ada]          sf-graphics-fontinfo.ads
   [Ada]          sf-graphics-font.adb
   [Ada]          sf-graphics-convexshape.ads
   [Ada]          sf-graphics-color.ads
   [Ada]          sf-graphics-circleshape.ads
   [Ada]          sf-graphics-blendmode.ads
   [Ada]          sf-audio.ads
   [Ada]          sf-audio-soundstream.ads
   [Ada]          sf-audio-soundstatus.ads
   [Ada]          sf-audio-soundrecorder.adb
   [Ada]          sf-audio-soundbufferrecorder.adb
   [Ada]          sf-audio-soundbuffer.adb
   [Ada]          sf-audio-sound.ads
   [Ada]          sf-audio-music.adb
   [Ada]          sf-audio-listener.ads
   [Ada]          toml.adb
   [Ada]          toml-generic_parse.adb
   [Ada]          toml-generic_dump.adb
   [Ada]          toml-file_io.adb
   [Ada]          game.adb
   [Ada]          storage.adb
game.adb:5:06: warning: "System.Random_Numbers" is an internal GNAT unit
game.adb:5:06: warning: use of this unit is non-portable and version-dependent
Build Libraries
   [gprlib]       ada_toml.lexch
   [gprlib]       asfml.lexch
   [archive]      libada_toml.a
   [archive]      libasfml.a
   [index]        libada_toml.a
   [index]        libasfml.a
Bind
   [gprbind]      play_2048.bexch
   [Ada]          play_2048.ali
Link
   [link]         play_2048.adb
Success: Build finished successfully in 12.64 seconds.
Found declared GPR file: play_2048.gpr
[alr test] Test completed SUCCESSFULLY
