Test ran at 2025-02-10 13:24:47.938573+00:00

SOLUTION:
gnat_xtensa_esp32_elf=14.2.1: The GNAT Ada compiler - ESP32 cross-compiler
Provides: gnat=14.2.1
Origin: (case OS is Linux => (case Host_Arch is X86_64 => binary archive gnat-xtensa-esp32-elf-linux64-x86_64-14.2.0-1.tar.gz at https://github.com/alire-project/GNAT-FSF-builds/releases/download/gnat-14.2.0-1/gnat-xtensa-esp32-elf-linux64-x86_64-14.2.0-1.tar.gz), Macos => (case Host_Arch is Aarch64 => binary archive gnat-xtensa-esp32-elf-darwin-aarch64-14.2.0-1.tar.gz at https://github.com/alire-project/GNAT-FSF-builds/releases/download/gnat-14.2.0-1/gnat-xtensa-esp32-elf-darwin-aarch64-14.2.0-1.tar.gz, X86_64 => binary archive gnat-xtensa-esp32-elf-darwin-x86_64-14.2.0-1.tar.gz at https://github.com/alire-project/GNAT-FSF-builds/releases/download/gnat-14.2.0-1/gnat-xtensa-esp32-elf-darwin-x86_64-14.2.0-1.tar.gz), Windows => (case Host_Arch is X86_64 => binary archive gnat-xtensa-esp32-elf-windows64-x86_64-14.2.0-1.tar.gz at https://github.com/alire-project/GNAT-FSF-builds/releases/download/gnat-14.2.0-1/gnat-xtensa-esp32-elf-windows64-x86_64-14.2.0-1.tar.gz)) with hash sha256:f8471bd4ae554a1d86564c399cfd5482feb6ec7333ad8ba2dff5f62176a72aba
Properties:
   Auto_Gpr_With: auto-gpr-with=false
   Configuration: no modifiers
   Description: The GNAT Ada compiler - ESP32 cross-compiler
   Environment: PATH=${CRATE_ROOT}/bin:${PATH}
   License: GPL-3.0-or-later AND GPL-3.0-or-later WITH GCC-exception-3.1
   Maintainer: chouteau@adacore.com
   Maintainers_Logins: Fabien-Chouteau
   Name: gnat_xtensa_esp32_elf
   Version: 14.2.1


LOG:
Spawning: alr -d -n get gnat_xtensa_esp32_elf=14.2.1
Note: Deploying gnat_xtensa_esp32_elf=14.2.1...
#=#=#                                                                          

                                                                           0.0%
##                                                                         3.9%
###                                                                        4.9%
####                                                                       5.8%
####                                                                       5.8%
######                                                                     9.5%
######                                                                     9.7%
########                                                                  11.6%
#########                                                                 13.5%
##########                                                                14.5%
###########                                                               15.4%
###########                                                               15.4%
#############                                                             19.3%
################                                                          23.3%
#################                                                         24.1%
###################                                                       27.3%
####################                                                      29.0%
#######################                                                   32.9%
########################                                                  33.7%
##########################                                                37.1%
###########################                                               38.6%
#############################                                             40.6%
#############################                                             40.7%
###############################                                           43.4%
#################################                                         46.0%
##################################                                        48.2%
#####################################                                     52.1%
######################################                                    53.1%
#######################################                                   55.4%
#########################################                                 57.9%
#########################################                                 58.1%
#########################################                                 58.1%
##########################################                                58.7%
###########################################                               60.3%
#############################################                             62.7%
##############################################                            64.6%
##############################################                            64.7%
################################################                          67.5%
###################################################                       71.4%
####################################################                      72.3%
######################################################                    75.6%
#######################################################                   77.1%
##########################################################                81.1%
###########################################################               82.0%
#############################################################             85.3%
##############################################################            86.8%
###############################################################           88.8%
###############################################################           88.8%
#################################################################         91.6%
####################################################################      94.9%
#####################################################################     96.4%
#######################################################################   99.8%
######################################################################## 100.0%

gnat_xtensa_esp32_elf=14.2.1 successfully retrieved.
There are no dependencies.
