Test ran at 2026-05-19 13:46:21.265214+00:00

SOLUTION:
termicap=1.0.0: Cross-platform terminal capability detection (color, TTY, ...)
Origin: commit bb43f2cf563ac29f45c91124eee859b76776764f from https://github.com/adarium-labs/termicap.git
Properties:
   Author: Heziode
   Description: Cross-platform terminal capability detection (color, TTY, ...)
   case OS is
      when Windows => (empty)
      when others => Environment: GPR_PROJECT_PATH=${CRATE_ROOT}/gpr:${GPR_PROJECT_PATH}
   License: Apache-2.0 WITH LLVM-exception
   Long_Description: Terminal capability detection for Ada/SPARK. Cross-platform, dependency-light, no rendering layer attached.

Termicap exists to answer the handful of questions almost every CLI or TUI program has to ask before printing a single byte: is the stream a TTY, how many colors can the terminal handle, how wide is the window, can the locale render Unicode, *which* terminal is this (iTerm, kitty, WezTerm, Windows Terminal, ConPTY, tmux, screen, ...), does it speak OSC 8 hyperlinks or Sixel graphics or the Kitty keyboard protocol, and the question that overrides all the others, did the user already pass `NO_COLOR` or `FORCE_COLOR` or `--color=never`. The answers come back as plain Ada records and enums. Termicap does not emit escape sequences, render styled text, or pretend to be a TUI framework. It is meant to sit underneath whatever rendering layer you already have.

## What it detects

The base API gives you per-stream TTY booleans (stdin, stdout, stderr), the four canonical color levels (`None`, `Basic_16`, `Extended_256`, `True_Color`) via an 11-step cascade modelled on `supports-color`, `termenv`, and `rich`, terminal dimensions (`ioctl(TIOCGWINSZ)` on POSIX, `GetConsoleScreenBufferInfo` on Windows) with `SIGWINCH` resize notification via a self-pipe and protected object on POSIX, a Unicode support level (`None / Basic / Extended`) from locale, CI and terminal heuristics, terminal identity (multiplexers included) with a program name, the DA1 primary device attributes (VT level, capability flags), DECRPM mode reports through a batched single-sentinel probe, OSC 10/11 background and foreground color with a `COLORFGBG` fallback and a SPARK Gold dark/light classifier, and a passive OSC 8 hyperlink classification. Color responses are normalised to RGB; theme detection runs on luminance.

The full API adds the active probes: XTVERSION terminal name and version, Kitty / XTerm-CSI / Legacy / Win32 keyboard protocol, `SGR_Pixels / SGR / URXVT / X10` mouse encoding (DECRPM-driven), Sixel and Kitty graphics flags (seeded by DA1 `Ps=4` and XTVERSION name tokens), and OSC 52 clipboard support (`Read / Write / Read_Write / None`). Hyperlinks classification is refined when XTVERSION confirms the terminal.

A couple of standalone helpers come in the box: `wcwidth` / cell width with Unicode 3 / 13 / 16 tables and binary search (SPARK Gold, no FFI in the table layer); a Terminfo parser for header plus boolean / numeric / string entries (bounded, pure); and a process-wide `Override_Mode` (`Auto / Force_None / Force_Basic / Force_256 / Force_True_Color`) with a `Scoped_Override` controlled type for wiring `--color=auto | never | always | 256 | truecolor` straight into the detection engine.

## Color downsampling

Detection only tells you what the terminal can show. Picking a color the terminal can actually display is a separate problem, and that's what the companion `Termicap.Downsampling` package handles: it maps any color you want to emit down to the level the terminal supports (TrueColor -> 256-color -> ANSI 16, or strip to none). One overloaded `Downsample` dispatches on `RGB` or `Color_Index_256`; the primitive conversions (`Downsample_True_To_256`, `Downsample_True_To_16`, `Downsample_256_To_16`) are also exposed for the cases where the dispatch wrapper is overkill. The whole package is pure SPARK Gold with idempotency and monotonicity postconditions, no FFI, no allocation.

## Architecture notes

The detection logic is *written* against SPARK Silver (Gold for downsampling and cell width); FFI and tasking boundaries are isolated behind clearly marked `SPARK_Mode => Off` packages and C wrappers. The codebase has not yet been verified end-to-end with `gnatprove`. Running the prover and discharging the remaining VCs is on the to-do list, not a finished claim.

There are two API tiers. `Get` and `Detect` give you a fast snapshot (sub-50 ms in the worst case). `Get_Full` and `Detect_Full` add the active probes; worst case is around 6 s if every probe times out, but a local PTY usually answers in well under 50 ms. `Get` is cached per stream and thread-safe; `Detect` always re-runs every sub-detector, which is the version you want after `SIGWINCH`, after the override changes, or anywhere a long-running process can't trust a stale snapshot.

Linux, macOS, BSD, and Windows are all supported. Platform-specific bodies are dispatched via GPR `Source_Dirs`. The Windows layer classifies the console (`Legacy_Conhost`, `ConPTY_VT_Enabled`, `Not_A_Console`) and gates active probes accordingly; Cygwin / MSYS2 PTY handles are detected by inspecting the underlying named-pipe name through `NtQueryObject`.

No exceptions are raised by library code. Errors come back as `Result` variants or safe defaults. Dependencies stay minimal: `sparklib` for the SPARK formal containers, plus `win32ada` on Windows only.

## Quick start

```ada
with Ada.Text_IO;
with Termicap.Capabilities;
with Termicap.Color;

procedure Hello is
   Caps : constant Termicap.Capabilities.Terminal_Capabilities :=
     Termicap.Capabilities.Get;
begin
   if Caps.TTY_Stdout
     and then Caps.Color >= Termicap.Color.Extended_256
   then
      Ada.Text_IO.Put_Line
        (ASCII.ESC & "[38;5;208mHello, 256-color world"
         & ASCII.ESC & "[0m");
   else
      Ada.Text_IO.Put_Line ("Hello, monochrome world");
   end if;
end Hello;
```

The repository ships with a couple of dozen runnable demos in `examples/`, arc42-lite architecture docs in `docs/architecture/`, a Diátaxis-style user guide in `docs/guide/`, MADR-format ADRs in `docs/adr/`, StrictDoc-format requirements in `docs/requirements/`, and a cross-language conformance harness in `tools/conformance/` that cross-checks Termicap against reference shims in C, Go, Rust, Python, Node.js, Java, Haskell, Ruby, C#, and Swift.

Licensed Apache-2.0 WITH LLVM-exception, which keeps it safe for static linking into closed-source binaries without forcing license propagation.

   Maintainer: Quentin DAUPRAT (Heziode) <contact@adarium.dev>
   Maintainers_Logins: heziode
   Name: termicap
   Tag: terminal
   Tag: capability
   Tag: detection
   Tag: color
   Tag: tty
   Tag: is-tty
   Tag: spark
   Tag: cross-platform
   Tag: windows
   Tag: linux
   Tag: macos
   Tag: bsd
   Version: 1.0.0
   Website: https://github.com/adarium-labs/termicap
Dependencies (direct):
   case OS is
      when Windows => win32ada^26.0.0
   sparklib^15.1.0
Dependencies (solution):
   sparklib=15.1.0
   win32ada=26.0.0
Dependencies (forbidden):
   gnatprove<15
Dependencies (graph):
   termicap=1.0.0 --> sparklib=15.1.0 (^15.1.0)
   termicap=1.0.0 --> win32ada=26.0.0 (^26.0.0)


LOG:
[alr test] Testing termicap=1.0.0
[alr test] Spawning retrieval for remote crate: alr -d -n get termicap=1.0.0
Note: Deploying termicap=1.0.0...
Note: Deploying sparklib=15.1.0...
Note: Deploying win32ada=26.0.0...

#=#=#                                                                          
##O#-#                                                                         
##=O#- #                                                                       

termicap=1.0.0 successfully retrieved.
Dependencies were solved as follows:

   + sparklib 15.1.0 (new)
   + win32ada 26.0.0 (new)
[alr test] Spawning default test for remote crate: alr -d -n build --release -- -cargs:Ada -gnatwn
stderr: ADA.IO_EXCEPTIONS.USE_ERROR
stderr: copy of "C:\Users\runneradmin\AppData\Local\alire\cache\releases\sparklib_15.1.0_dc7cd02b\proof\Coq\Ada___ada___spark__lemmas__float_arithmetic__lemma_mult_right_negative_is_monotonic__pragargs__cmp.c
stderr: raised ADA.IO_EXCEPTIONS.USE_ERROR : copy of "C:\Users\runneradmin\AppData\Local\alire\cache\releases\sparklib_15.1.0_dc7cd02b\proof\Coq\Ada___ada___spark__lemmas__float_arithmetic__lemma_mult_right_negative_is_monotonic__pragargs__cmp.c
[D:\a\alire-crates-ci\alire-crates-ci\alire_install\bin\alr.exe]
0x7ff686ba68ff Semantic_Versioning.Basic.Restrictions.First_Index at a-direct.adb:368
0x7ff686d18296 Semantic_Versioning.Basic.Restrictions.First_Index at den-filesystem.adb:81
0x7ff686d16d68 Semantic_Versioning.Basic.Restrictions.First_Index at den-filesystem.adb:215
0x7ff686d18390 Semantic_Versioning.Basic.Restrictions.First_Index at den-filesystem.adb:86
0x7ff686d16d68 Semantic_Versioning.Basic.Restrictions.First_Index at den-filesystem.adb:215
0x7ff686d17f48 Semantic_Versioning.Basic.Restrictions.First_Index at den-filesystem.adb:140
0x7ff686d16b4d Semantic_Versioning.Basic.Restrictions.First_Index at den-filesystem.adb:217
0x7ff686d17f26 Semantic_Versioning.Basic.Restrictions.First_Index at den-filesystem.adb:137
0x7ff686d16b4d Semantic_Versioning.Basic.Restrictions.First_Index at den-filesystem.adb:217
0x7ff686d17f26 Semantic_Versioning.Basic.Restrictions.First_Index at den-filesystem.adb:137
0x7ff686d16b4d Semantic_Versioning.Basic.Restrictions.First_Index at den-filesystem.adb:217
0x7ff686075fd8 Semantic_Versioning.Basic.Restrictions.First_Index at alire-builds.adb:61
0x7ff68680ee46 Semantic_Versioning.Basic.Restrictions.First_Index at alire-roots.adb:907
0x7ff68682912d Semantic_Versioning.Basic.Restrictions.First_Index at alire-roots.adb:2143
0x7ff6868982f9 Semantic_Versioning.Basic.Restrictions.First_Index at alire-solutions.adb:1472
0x7ff6868970ef Semantic_Versioning.Basic.Restrictions.First_Index at alire-solutions.adb:1539
0x7ff68682922c Semantic_Versioning.Basic.Restrictions.First_Index at alire-roots.adb:2147
0x7ff6868292fa Semantic_Versioning.Basic.Restrictions.First_Index at alire-roots.adb:2127
0x7ff68680e3d4 Semantic_Versioning.Basic.Restrictions.First_Index at alire-roots.adb:919
0x7ff6868003e8 Semantic_Versioning.Basic.Restrictions.First_Index at alire-roots.adb:90
0x7ff686800588 Semantic_Versioning.Basic.Restrictions.First_Index at alire-roots.adb:59
0x7ff68680173b Semantic_Versioning.Basic.Restrictions.First_Index at alire-roots.adb:278
0x7ff686801912 Semantic_Versioning.Basic.Restrictions.First_Index at alire-roots.adb:114
0x7ff685f73baa Semantic_Versioning.Basic.Restrictions.First_Index at alr-commands-build.adb:145
0x7ff685f7341e Semantic_Versioning.Basic.Restrictions.First_Index at alr-commands-build.adb:113
0x7ff685f735ba Semantic_Versioning.Basic.Restrictions.First_Index at alr-commands-build.adb:54
0x7ff686025dea Semantic_Versioning.Basic.Restrictions.First_Index at clic-subcommand-instance.adb:749
0x7ff686032b0e Semantic_Versioning.Basic.Restrictions.First_Index at alr-commands.adb:632
0x7ff685f016a0 Alr.Main at alr-main.adb:13
0x7ff685f05270 Main at b__alr-main.adb:2454
0x7ff685f0133e __tmainCRTStartup at ???
0x7ff685f01144 mainCRTStartup at ???
[C:\Windows\System32\KERNEL32.DLL]
0x7ffe1073e8d5
[C:\Windows\SYSTEM32\ntdll.dll]
0x7ffe115ac53a

stderr: Could not sync build dir from C:\Users\runneradmin\AppData\Local\alire\cache\releases\sparklib_15.1.0_dc7cd02b to C:\Users\runneradmin\AppData\Local\alire\cache\builds\sparklib_15.1.0_dc7cd02b\b263c8734a08f36ad5fed65d071a8941d512a4108f55e7e0136db930e011531c
ERROR: Could not sync build dir from C:\Users\runneradmin\AppData\Local\alire\cache\releases\sparklib_15.1.0_dc7cd02b to C:\Users\runneradmin\AppData\Local\alire\cache\builds\sparklib_15.1.0_dc7cd02b\b263c8734a08f36ad5fed65d071a8941d512a4108f55e7e0136db930e011531c
