Test ran at 2025-12-30 00:53:17.699834+00:00

SOLUTION:
tinyaml=0.1.0: A strict YAML subset parser for Ada, inspired by StrictYAML
Origin: commit d76a83bd03a9a1170a6bee8993c4186e671d53ff from https://github.com/geewiz/tinyaml_ada.git
Properties:
   Author: Jochen Lillich
   Description: A strict YAML subset parser for Ada, inspired by StrictYAML
   GPR Scenario: TINYAML_STYLE_CHECKS := -gnaty3abcefhiklmnoprstux | -gnatyN
   GPR External: TINYAML_STYLE_CHECKS := -gnaty3abcefhiklmnoprstux
   License: MIT
   Maintainer: Jochen Lillich <hello@geewiz.dev>
   Maintainers_Logins: geewiz
   Name: tinyaml
   Tag: yaml
   Tag: parser
   Tag: validation
   Tag: configuration
   Tag: strictyaml
   Version: 0.1.0
   Website: https://github.com/geewiz/tinyaml
Dependencies (direct):
   gnat>=13
Dependencies (solution):
   gnat=13.2.2 (gnat_native)
Dependencies (graph):
   tinyaml=0.1.0 --> gnat=13.2.2 (gnat_native) (>=13)


LOG:
[alr test] Testing tinyaml=0.1.0
[alr test] Spawning retrieval for remote crate: alr -d -n get tinyaml=0.1.0
Note: Deploying tinyaml=0.1.0...

tinyaml=0.1.0 successfully retrieved.
Dependencies were solved as follows:

   +b gnat 13.2.2 (new,gnat_native,binary)
[alr test] Spawning default test for remote crate: alr -d -n build --release -- -cargs:Ada -gnatwn
Note: Building tinyaml=0.1.0/tinyaml.gpr...
Setup
   [mkdir]        object directory for project Tinyaml
   [mkdir]        library directory for project Tinyaml
Compile
   [Ada]          tinyaml_config.ads
   [Ada]          tinyaml-schemas-map.adb
   [Ada]          tinyaml-nodes-navigation.adb
   [Ada]          tinyaml-nodes.adb
   [Ada]          tinyaml-schemas-bool.adb
tinyaml-schemas-bool.adb:7:04: (style) subprogram body has no previous spec
   [Ada]          tinyaml.adb
   [Ada]          tinyaml-parser.adb
tinyaml-parser.adb:59:13: (style) subprogram body "Parse_Value_After_Colon" not in alphabetical order
tinyaml-parser.adb:137:13: (style) subprogram body "Parse_Indented_Value" not in alphabetical order
   [Ada]          tinyaml-schemas-any.ads
   [Ada]          tinyaml-schemas-constraints.ads
   [Ada]          tinyaml-schemas-enum.adb
   [Ada]          tinyaml-lexer.adb
   [Ada]          tinyaml-nodes-sequence.adb
   [Ada]          tinyaml-schemas-str.adb
tinyaml-schemas-enum.adb:16:24: (style) subprogram body "Is_Valid" not in alphabetical order
   [Ada]          tinyaml-nodes-scalar.adb
   [Ada]          tinyaml-schemas-prelude.ads
   [Ada]          tinyaml-schemas.adb
   [Ada]          tinyaml-schemas-flt.adb
tinyaml-schemas-flt.adb:6:04: (style) subprogram body has no previous spec
   [Ada]          tinyaml-validation.adb
   [Ada]          tinyaml-nodes-prelude.ads
   [Ada]          tinyaml-schemas-constraints-range_constraint.adb
   [Ada]          tinyaml-schemas-int.adb
tinyaml-schemas-constraints-range_constraint.adb:3:04: (style) subprogram body has no previous spec
tinyaml-schemas-constraints-range_constraint.adb:13:24: (style) subprogram body "Check" not in alphabetical order
   [Ada]          tinyaml-schemas-seq.adb
   [Ada]          tinyaml-nodes-map.adb
tinyaml-schemas-seq.adb:12:13: (style) subprogram body "Get_Schema" not in alphabetical order
tinyaml-schemas-seq.adb:38:24: (style) subprogram body "Describe" not in alphabetical order
Build Libraries
   [gprlib]       Tinyaml.lexch
   [archive]      libTinyaml.a
   [index]        libTinyaml.a
Success: Build finished successfully in 6.24 seconds.
Found declared GPR file: tinyaml.gpr
[alr test] Test completed SUCCESSFULLY
