Test ran at 2025-10-14 00:56:24.422510+00:00

SOLUTION:
a0b_armv7m_systick_clock=0.1.0: A0B Monotonic Clock by ARMv7M SysTick
Provides: a0b_time_platform=0.1.0
Origin: commit 46417dbd3107df4c9512763f49510d8373541a48 from https://github.com/godunko/a0b-armv7m-systick_clock.git
Properties:
   Test run: alr build (from ${CRATE_ROOT}/selftest)
   Author: Vadim Godunko
   Configuration: no modifiers
   Description: A0B Monotonic Clock by ARMv7M SysTick
   License: Apache-2.0 WITH LLVM-exception
   Maintainer: Vadim Godunko <vgodunko@gmail.com>
   Maintainers_Logins: godunko
   Name: a0b_armv7m_systick_clock
   Project_File: gnat/a0b_time_platform.gpr
   Tag: a0b
   Tag: embedded
   Tag: time
   Tag: armv7m
   Version: 0.1.0
Dependencies (direct):
   a0b_armv7m*
   a0b_base*
Dependencies (solution):
   a0b_armv7m=0.4.0
   a0b_base=0.4.0
   gnat_arm_elf=15.2.1
Dependencies (graph):
   a0b_armv7m=0.4.0               --> a0b_base=0.4.0 (*)
   a0b_armv7m=0.4.0               --> gnat_arm_elf=15.2.1 (*)
   a0b_armv7m_systick_clock=0.1.0 --> a0b_armv7m=0.4.0 (*)
   a0b_armv7m_systick_clock=0.1.0 --> a0b_base=0.4.0 (*)


LOG:
Note: Synchronizing workspace...
Dependencies automatically updated as follows:

   +  a0b_armv7m               0.4.0  (new,indirect)
   +. a0b_armv7m_systick_clock 0.1.0  (new,path=..)
   +  a0b_base                 0.4.0  (new,indirect)
   +  a0b_time                 0.2.0  (new)
   +. a0b_time_platform        0.1.0  (new,path=..,a0b_armv7m_systick_clock)
   +b gnat_arm_elf             15.2.1 (new,indirect,binary)
Note: Deploying a0b_time=0.2.0...
Note: Found 1 nested crate in /home/runner/.local/share/alire/releases/a0b_time_0.2.0_fe82dcef:
   selftest/a0b_time_selftest=0.1.0-dev: A0B Time sefltest

Note: Building a0b_armv7m_systick_clock_selftest=0.1.0-dev/a0b_armv7m_systick_clock_selftest.gpr...
Setup
   [mkdir]        object directory for project A0B_Time_Platform
   [mkdir]        object directory for project A0B_Time
a0b_armv7m_systick_clock_selftest.gpr:9:09: warning: there are no sources of language "Ada" in this project
Compile
   [Ada]          a0b-time-clock.adb
   [Ada]          a0b-armv7m-systick_clock.adb
   [Ada]          a0b-time.adb
   [Ada]          a-reatim.adb
   [Ada]          a0b-time-constants.ads
a0b-time.adb:249:04: (style) subprogram body has no previous spec [-gnatys]
a0b-time.adb:249:13: warning: function "To_Time_Span" is not referenced [-gnatwu]
Success: Build finished successfully in 0.29 seconds.
[alr test] Test completed SUCCESSFULLY
