Test ran at 2026-05-11 13:46:13.684058+00:00

SOLUTION:
libcrc=1.0.0: Cyclic Redundancy Check (CRC) Library
Origin: commit bb1d5fd0b7fa209348ecf574f2d00ea333c33e79 from https://github.com/damaki/libcrc.git
Properties:
   Author: Daniel King
   Description: Cyclic Redundancy Check (CRC) Library
   License: Apache-2.0
   Maintainer: Daniel King <damaki.gh@gmail.com>
   Maintainers_Logins: damaki
   Name: libcrc
   Tag: crc
   Tag: crc32
   Tag: spark
   Tag: error-checking
   Version: 1.0.0
   Website: https://github.com/damaki/libcrc


LOG:
[alr test] Testing libcrc=1.0.0
[alr test] Spawning retrieval for remote crate: alr -d -n get libcrc=1.0.0
Note: Deploying libcrc=1.0.0...

libcrc=1.0.0 successfully retrieved.
There are no dependencies.
[alr test] Spawning default test for remote crate: alr -d -n build --release -- -cargs:Ada -gnatwn
Note: Building libcrc=1.0.0/libcrc.gpr...
Setup
   [mkdir]        object directory for project Libcrc
   [mkdir]        library directory for project Libcrc
Compile
   [Ada]          libcrc_config.ads
   [Ada]          libcrc.adb
   [Ada]          libcrc-predefined_elaborated_tables.ads
   [Ada]          libcrc-predefined_constant_tables.ads
libcrc.ads:11:03: "Always_Terminates" is not a valid aspect identifier
libcrc-predefined_elaborated_tables.ads:28:03: "Always_Terminates" is not a valid aspect identifier
libcrc-predefined_constant_tables.ads:29:03: "Always_Terminates" is not a valid aspect identifier

   compilation of libcrc-predefined_constant_tables.ads failed
   compilation of libcrc-predefined_elaborated_tables.ads failed
   compilation of libcrc.adb failed

gprbuild: *** compilation phase failed
stderr: Command ["gprbuild", "-s", "-j0", "-p", "-P", "D:\a\alire-crates-ci\alire-crates-ci\test\4f41e32e-3448-431c-be12-c49546dc9f8f\libcrc_1.0.0_bb1d5fd0\libcrc.gpr", "-cargs:Ada", "-gnatwn"] exited with code 4
ERROR: Command ["gprbuild", "-s", "-j0", "-p", "-P", "D:\a\alire-crates-ci\alire-crates-ci\test\4f41e32e-3448-431c-be12-c49546dc9f8f\libcrc_1.0.0_bb1d5fd0\libcrc.gpr", "-cargs:Ada", "-gnatwn"] exited with code 4
stderr: ALIRE.CHECKED_ERROR
stderr: Command ["gprbuild", "-s", "-j0", "-p", "-P", "D:\a\alire-crates-ci\alire-crates-ci\test\4f41e32e-3448-431c-be12-c49546dc9f8f\libcrc_1.0.0_bb1d5fd0\libcrc.gpr", "-cargs:Ada", "-gnatwn"] exited with code 4
stderr: raised ALIRE.CHECKED_ERROR : alire-stored-error:1
[D:\a\alire-crates-ci\alire-crates-ci\alire_install\bin\alr.exe]
0x7ff6f84ada2a Semantic_Versioning.Basic.Restrictions.First_Index at alire.adb:284
0x7ff6f80a595b Semantic_Versioning.Basic.Restrictions.First_Index at alire-os_lib-subprocess.adb:111
0x7ff6f835cba1 Semantic_Versioning.Basic.Restrictions.First_Index at alire-spawn.adb:22
0x7ff6f835dd5d Semantic_Versioning.Basic.Restrictions.First_Index at alire-spawn.adb:68
0x7ff6f8282d64 Semantic_Versioning.Basic.Restrictions.First_Index at alire-roots.adb:189
0x7ff6f82811da Semantic_Versioning.Basic.Restrictions.First_Index at alire-roots.adb:255
0x7ff6f82a912d Semantic_Versioning.Basic.Restrictions.First_Index at alire-roots.adb:2143
0x7ff6f83182f9 Semantic_Versioning.Basic.Restrictions.First_Index at alire-solutions.adb:1472
0x7ff6f8317424 Semantic_Versioning.Basic.Restrictions.First_Index at alire-solutions.adb:1555
0x7ff6f82a922c Semantic_Versioning.Basic.Restrictions.First_Index at alire-roots.adb:2147
0x7ff6f82a92fa Semantic_Versioning.Basic.Restrictions.First_Index at alire-roots.adb:2127
0x7ff6f82817a7 Semantic_Versioning.Basic.Restrictions.First_Index at alire-roots.adb:286
0x7ff6f8281912 Semantic_Versioning.Basic.Restrictions.First_Index at alire-roots.adb:114
0x7ff6f79f3baa Semantic_Versioning.Basic.Restrictions.First_Index at alr-commands-build.adb:145
0x7ff6f79f341e Semantic_Versioning.Basic.Restrictions.First_Index at alr-commands-build.adb:113
0x7ff6f79f35ba Semantic_Versioning.Basic.Restrictions.First_Index at alr-commands-build.adb:54
0x7ff6f7aa5dea Semantic_Versioning.Basic.Restrictions.First_Index at clic-subcommand-instance.adb:749
0x7ff6f7ab2b0e Semantic_Versioning.Basic.Restrictions.First_Index at alr-commands.adb:632
0x7ff6f79816a0 Alr.Main at alr-main.adb:13
0x7ff6f7985270 Main at b__alr-main.adb:2454
0x7ff6f798133e __tmainCRTStartup at ???
0x7ff6f7981144 mainCRTStartup at ???
[C:\Windows\System32\KERNEL32.DLL]
0x7ffec6b2e8d5
[C:\Windows\SYSTEM32\ntdll.dll]
0x7ffec7d4c53a

stderr: ALIRE.ROOTS.BUILD._WRAPPED_STATEMENTS.BUILD_FAILED
stderr: alire-roots.adb:202
stderr: raised ALIRE.ROOTS.BUILD._WRAPPED_STATEMENTS.BUILD_FAILED : alire-roots.adb:202
[D:\a\alire-crates-ci\alire-crates-ci\alire_install\bin\alr.exe]
0x7ff6f828313c Semantic_Versioning.Basic.Restrictions.First_Index at alire-roots.adb:202
0x7ff6f82811da Semantic_Versioning.Basic.Restrictions.First_Index at alire-roots.adb:255
0x7ff6f82a912d Semantic_Versioning.Basic.Restrictions.First_Index at alire-roots.adb:2143
0x7ff6f83182f9 Semantic_Versioning.Basic.Restrictions.First_Index at alire-solutions.adb:1472
0x7ff6f8317424 Semantic_Versioning.Basic.Restrictions.First_Index at alire-solutions.adb:1555
0x7ff6f82a922c Semantic_Versioning.Basic.Restrictions.First_Index at alire-roots.adb:2147
0x7ff6f82a92fa Semantic_Versioning.Basic.Restrictions.First_Index at alire-roots.adb:2127
0x7ff6f82817a7 Semantic_Versioning.Basic.Restrictions.First_Index at alire-roots.adb:286
0x7ff6f8281912 Semantic_Versioning.Basic.Restrictions.First_Index at alire-roots.adb:114
0x7ff6f79f3baa Semantic_Versioning.Basic.Restrictions.First_Index at alr-commands-build.adb:145
0x7ff6f79f341e Semantic_Versioning.Basic.Restrictions.First_Index at alr-commands-build.adb:113
0x7ff6f79f35ba Semantic_Versioning.Basic.Restrictions.First_Index at alr-commands-build.adb:54
0x7ff6f7aa5dea Semantic_Versioning.Basic.Restrictions.First_Index at clic-subcommand-instance.adb:749
0x7ff6f7ab2b0e Semantic_Versioning.Basic.Restrictions.First_Index at alr-commands.adb:632
0x7ff6f79816a0 Alr.Main at alr-main.adb:13
0x7ff6f7985270 Main at b__alr-main.adb:2454
0x7ff6f798133e __tmainCRTStartup at ???
0x7ff6f7981144 mainCRTStartup at ???
[C:\Windows\System32\KERNEL32.DLL]
0x7ffec6b2e8d5
[C:\Windows\SYSTEM32\ntdll.dll]
0x7ffec7d4c53a

ERROR: Compilation failed.
