Test ran at 2026-04-24 01:17:16.647545+00:00

SOLUTION:
septum=0.1.0: An interactive context-based text search tool for large codebases.
Origin: commit 4080c8eeed4aa4bd68dcfbb21d15687a658dc0df from https://github.com/pyjarrett/septum.git
Properties:
   Author: Paul Jarrett
   Build Switches: 
   Description: An interactive context-based text search tool for large codebases.
   Executable: septum
   case OS is
      when Linux => GPR External: Septum_Platform := linux
      when Macos => GPR External: Septum_Platform := macos
      when Windows => GPR External: Septum_Platform := windows
   License: Apache-2.0
   Maintainer: Paul Jarrett <jarrett.paul.young@gmail.com>
   Maintainers_Logins: pyjarrett
   Name: septum
   Tag: search
   Tag: code
   Tag: text
   Version: 0.1.0
   Website: https://github.com/pyjarrett/septum
Dependencies (direct):
   atomic~1.0.0
   dir_iterators~0.0.5
   progress_indicators~0.0.1
   trendy_terminal~0.0.5
Dependencies (solution):
   ansiada=0.1.0
   atomic=1.0.0
   dir_iterators=0.0.5
   progress_indicators=0.0.1
   trendy_terminal=0.0.5
Dependencies (graph):
   progress_indicators=0.0.1 --> ansiada=0.1.0 (~0.1.0)
   septum=0.1.0              --> atomic=1.0.0 (~1.0.0)
   septum=0.1.0              --> dir_iterators=0.0.5 (~0.0.5)
   septum=0.1.0              --> progress_indicators=0.0.1 (~0.0.1)
   septum=0.1.0              --> trendy_terminal=0.0.5 (~0.0.5)


LOG:
[alr test] Testing septum=0.1.0
[alr test] Spawning retrieval for remote crate: alr -d -n get septum=0.1.0
Note: Deploying septum=0.1.0...
Note: Deploying ansiada=0.1.0...
Note: Deploying atomic=1.0.0...
Note: Deploying dir_iterators=0.0.5...
Note: Deploying trendy_terminal=0.0.5...
Note: Deploying progress_indicators=0.0.1...

septum=0.1.0 successfully retrieved.
Dependencies were solved as follows:

   + ansiada             0.1.0 (new,indirect)
   + atomic              1.0.0 (new)
   + dir_iterators       0.0.5 (new)
   + progress_indicators 0.0.1 (new)
   + trendy_terminal     0.0.5 (new)
[alr test] Spawning default test for remote crate: alr -d -n build --release -- -cargs:Ada -gnatwn
Note: Building ansiada=0.1.0/ansi.gpr...
Setup
   [mkdir]        object directory for project ANSI
   [mkdir]        exec directory for project ANSI
Compile
   [Ada]          ansi-demo.adb
   [Ada]          ansi.ads
Bind
   [gprbind]      ansi-demo.bexch
   [Ada]          ansi-demo.ali
Link
   [link]         ansi-demo.adb
Note: Building septum=0.1.0/septum.gpr...
Setup
   [mkdir]        object directory for project Atomic
   [mkdir]        library directory for project Atomic
   [mkdir]        object directory for project Dir_Iterators
   [mkdir]        library directory for project Dir_Iterators
   [mkdir]        object directory for project Progress_Indicators
   [mkdir]        library directory for project Progress_Indicators
   [mkdir]        object directory for project Trendy_Terminal
   [mkdir]        library directory for project Trendy_Terminal
   [mkdir]        object directory for project Septum
   [mkdir]        exec directory for project Septum
Compile
   [Ada]          septum.adb
   [Ada]          trendy_terminal-windows.ads
   [Ada]          trendy_terminal-platform.adb
   [Ada]          trendy_terminal.ads
gnat1: invalid switch: -gnat2022

   compilation of septum.adb failed

gprbuild: *** compilation phase failed
stderr: Command ["gprbuild", "-s", "-j0", "-p", "-P", "D:\a\alire-crates-ci\alire-crates-ci\test\625793a2-1b99-453c-8c08-416e1a5e147b\septum_0.1.0_4080c8ee\septum.gpr", "-cargs:Ada", "-gnatwn"] exited with code 4
ERROR: Command ["gprbuild", "-s", "-j0", "-p", "-P", "D:\a\alire-crates-ci\alire-crates-ci\test\625793a2-1b99-453c-8c08-416e1a5e147b\septum_0.1.0_4080c8ee\septum.gpr", "-cargs:Ada", "-gnatwn"] exited with code 4
stderr: ALIRE.CHECKED_ERROR
stderr: Command ["gprbuild", "-s", "-j0", "-p", "-P", "D:\a\alire-crates-ci\alire-crates-ci\test\625793a2-1b99-453c-8c08-416e1a5e147b\septum_0.1.0_4080c8ee\septum.gpr", "-cargs:Ada", "-gnatwn"] exited with code 4
stderr: raised ALIRE.CHECKED_ERROR : alire-stored-error:1
[D:\a\alire-crates-ci\alire-crates-ci\alire_install\bin\alr.exe]
0x7ff78c59da2a Semantic_Versioning.Basic.Restrictions.First_Index at alire.adb:284
0x7ff78c19595b Semantic_Versioning.Basic.Restrictions.First_Index at alire-os_lib-subprocess.adb:111
0x7ff78c44cba1 Semantic_Versioning.Basic.Restrictions.First_Index at alire-spawn.adb:22
0x7ff78c44dd5d Semantic_Versioning.Basic.Restrictions.First_Index at alire-spawn.adb:68
0x7ff78c372d64 Semantic_Versioning.Basic.Restrictions.First_Index at alire-roots.adb:189
0x7ff78c3711da Semantic_Versioning.Basic.Restrictions.First_Index at alire-roots.adb:255
0x7ff78c39912d Semantic_Versioning.Basic.Restrictions.First_Index at alire-roots.adb:2143
0x7ff78c4082f9 Semantic_Versioning.Basic.Restrictions.First_Index at alire-solutions.adb:1472
0x7ff78c407424 Semantic_Versioning.Basic.Restrictions.First_Index at alire-solutions.adb:1555
0x7ff78c39922c Semantic_Versioning.Basic.Restrictions.First_Index at alire-roots.adb:2147
0x7ff78c3992fa Semantic_Versioning.Basic.Restrictions.First_Index at alire-roots.adb:2127
0x7ff78c3717a7 Semantic_Versioning.Basic.Restrictions.First_Index at alire-roots.adb:286
0x7ff78c371912 Semantic_Versioning.Basic.Restrictions.First_Index at alire-roots.adb:114
0x7ff78bae3baa Semantic_Versioning.Basic.Restrictions.First_Index at alr-commands-build.adb:145
0x7ff78bae341e Semantic_Versioning.Basic.Restrictions.First_Index at alr-commands-build.adb:113
0x7ff78bae35ba Semantic_Versioning.Basic.Restrictions.First_Index at alr-commands-build.adb:54
0x7ff78bb95dea Semantic_Versioning.Basic.Restrictions.First_Index at clic-subcommand-instance.adb:749
0x7ff78bba2b0e Semantic_Versioning.Basic.Restrictions.First_Index at alr-commands.adb:632
0x7ff78ba716a0 Alr.Main at alr-main.adb:13
0x7ff78ba75270 Main at b__alr-main.adb:2454
0x7ff78ba7133e __tmainCRTStartup at ???
0x7ff78ba71144 mainCRTStartup at ???
[C:\Windows\System32\KERNEL32.DLL]
0x7ffd5854e8d5
[C:\Windows\SYSTEM32\ntdll.dll]
0x7ffd5a80c53a

stderr: ALIRE.ROOTS.BUILD._WRAPPED_STATEMENTS.BUILD_FAILED
stderr: alire-roots.adb:202
stderr: raised ALIRE.ROOTS.BUILD._WRAPPED_STATEMENTS.BUILD_FAILED : alire-roots.adb:202
[D:\a\alire-crates-ci\alire-crates-ci\alire_install\bin\alr.exe]
0x7ff78c37313c Semantic_Versioning.Basic.Restrictions.First_Index at alire-roots.adb:202
0x7ff78c3711da Semantic_Versioning.Basic.Restrictions.First_Index at alire-roots.adb:255
0x7ff78c39912d Semantic_Versioning.Basic.Restrictions.First_Index at alire-roots.adb:2143
0x7ff78c4082f9 Semantic_Versioning.Basic.Restrictions.First_Index at alire-solutions.adb:1472
0x7ff78c407424 Semantic_Versioning.Basic.Restrictions.First_Index at alire-solutions.adb:1555
0x7ff78c39922c Semantic_Versioning.Basic.Restrictions.First_Index at alire-roots.adb:2147
0x7ff78c3992fa Semantic_Versioning.Basic.Restrictions.First_Index at alire-roots.adb:2127
0x7ff78c3717a7 Semantic_Versioning.Basic.Restrictions.First_Index at alire-roots.adb:286
0x7ff78c371912 Semantic_Versioning.Basic.Restrictions.First_Index at alire-roots.adb:114
0x7ff78bae3baa Semantic_Versioning.Basic.Restrictions.First_Index at alr-commands-build.adb:145
0x7ff78bae341e Semantic_Versioning.Basic.Restrictions.First_Index at alr-commands-build.adb:113
0x7ff78bae35ba Semantic_Versioning.Basic.Restrictions.First_Index at alr-commands-build.adb:54
0x7ff78bb95dea Semantic_Versioning.Basic.Restrictions.First_Index at clic-subcommand-instance.adb:749
0x7ff78bba2b0e Semantic_Versioning.Basic.Restrictions.First_Index at alr-commands.adb:632
0x7ff78ba716a0 Alr.Main at alr-main.adb:13
0x7ff78ba75270 Main at b__alr-main.adb:2454
0x7ff78ba7133e __tmainCRTStartup at ???
0x7ff78ba71144 mainCRTStartup at ???
[C:\Windows\System32\KERNEL32.DLL]
0x7ffd5854e8d5
[C:\Windows\SYSTEM32\ntdll.dll]
0x7ffd5a80c53a

ERROR: Compilation failed.
