Test ran at 2025-05-10 13:03:28.251687+00:00

SOLUTION:
bare_runtime=14.0.0: Minimal Ada/SPARK run-time for embedded or other restricted targets
Origin: commit 095db6f0be63e3ee266b8dea6d00e8d0e07e7144 from https://github.com/Fabien-Chouteau/bare_runtime.git
Properties:
   Author: AdaCore
   Config type: LCH_Print_Info : Boolean default: 'false'
   Config type: LCH_Reset : Boolean default: 'false'
   Configuration: no modifiers
   Description: Minimal Ada/SPARK run-time for embedded or other restricted targets
   License: GPL-3.0-or-later WITH GCC-exception-3.1
   Long_Description: ## Usage

First edit you `alire.toml` file and add the following elements:
 - Add `bare_runtime` in the dependency list:
   ```toml
   [[depends-on]]
   bare_runtime = "*"
   ```
 - Add cross GNAT in the dependency list (e.g. gnat_arm_elf):
   ```toml
   [[depends-on]]
   gnat_arm_elf = "*"
   ```
 - Set the architecture build switches, we use ARM Cortex-M4F as an example here:
   ```toml
   [gpr-set-externals]
   BARE_RUNTIME_SWITCHES = "-mlittle-endian -mthumb -mfloat-abi=hard -mcpu=cortex-m4 -mfpu=fpv4-sp-d16"
   ```

Then edit your project file to add the following elements:
 - "with" the run-time project file. With this, gprbuild will compile the run-time before your application
   ```ada
   with "bare_runtime.gpr";
   ```
 - Specify the `Target` and `Runtime` attributes:
   ```ada
      for Target use "arm-eabi";
      for Runtime ("Ada") use Bare_Runtime'Runtime ("Ada");

   Maintainer: Fabien Chouteau <fabien.chouteau@gmail.com>
   Maintainers_Logins: Fabien-Chouteau
   Name: bare_runtime
   Tag: embedded
   Tag: runtime
   Version: 14.0.0
   Website: https://github.com/Fabien-Chouteau/bare_runtime
Dependencies (direct):
   gnat^14
Dependencies (solution):
   gnat=14.2.1 (gnat_native)
Dependencies (graph):
   bare_runtime=14.0.0 --> gnat=14.2.1 (gnat_native) (^14)


LOG:
Spawning: alr -d -n get --build bare_runtime=14.0.0
Note: Deploying bare_runtime=14.0.0...
Note: Building bare_runtime=14.0.0/bare_runtime.gpr...
Setup
   [mkdir]        object directory for project Bare_Runtime
   [mkdir]        library directory for project Bare_Runtime
Compile
   [Ada]          s-vs_uns.ads
   [Ada]          machcode.ads
   [Ada]          s-vauspe.adb
   [Ada]          system.ads
   [Ada]          s-exnint.ads
   [Ada]          s-parame.ads
   [Ada]          s-imagef.adb
   [Ada]          s-pack60.adb
   [Ada]          s-boarop.ads
   [Ada]          a-chlat1.ads
   [Ada]          s-widuns.ads
   [Ada]          s-vaen32.ads
   [Ada]          interfac.ads
   [Ada]          s-pack13.adb
   [Ada]          s-valrea.adb
   [Ada]          s-valcha.adb
   [Ada]          s-pack22.adb
   [Ada]          ada.ads
   [Ada]          a-chahan.adb
   [Ada]          s-valuti.adb
   [Ada]          s-arit32.adb
   [Ada]          s-memory.adb
   [Ada]          s-valueu.adb
   [Ada]          s-exnllf.ads
   [Ada]          s-lisisq.adb
   [Ada]          s-widthu.adb
   [Ada]          s-imageb.adb
   [Ada]          s-valint.ads
   [Ada]          s-vallli.ads
   [Ada]          s-valllf.ads
   [Ada]          s-imgbiu.ads
   [Ada]          s-veboop.adb
   [Ada]          s-casi64.adb
   [Ada]          s-expuns.ads
   [Ada]          s-assert.adb
   [Ada]          s-pack58.adb
   [Ada]          s-pack05.adb
   [Ada]          s-geveop.adb
   [Ada]          s-stoele.adb
   [Ada]          s-addope.adb
   [Ada]          s-valuer.adb
   [Ada]          s-dourea.adb
   [Ada]          s-memset.adb
   [Ada]          s-fatgen.adb
   [Ada]          s-imglfl.ads
   [Ada]          s-stache.adb
   [Ada]          s-pack56.adb
   [Ada]          s-valspe.adb
   [Ada]          s-pack19.adb
   [Ada]          g-debuti.adb
   [Ada]          s-imagew.adb
   [Ada]          a-charac.ads
   [Ada]          s-imde64.ads
   [Ada]          s-pack38.adb
   [Ada]          s-pack52.adb
   [Ada]          s-flocon.adb
   [Ada]          i-cexten.ads
   [Ada]          s-arit64.adb
   [Ada]          s-valuen.adb
   [Ada]          s-valuns.ads
   [Ada]          s-imen16.ads
   [Ada]          s-imgrea.ads
   [Ada]          s-imageu.adb
   [Ada]          s-pack09.adb
   [Ada]          a-strsea.adb
   [Ada]          s-widllu.ads
   [Ada]          s-fatllf.ads
   [Ada]          s-imgwiu.ads
   [Ada]          s-carun8.adb
   [Ada]          s-valuef.adb
   [Ada]          s-pack33.adb
   [Ada]          i-cpoint.adb
   [Ada]          s-pack07.adb
   [Ada]          s-pack61.adb
   [Ada]          s-fatflt.ads
   [Ada]          s-pack50.adb
   [Ada]          s-caun64.adb
   [Ada]          s-pack39.adb
   [Ada]          s-atopri.adb
   [Ada]          s-exnflt.ads
   [Ada]          s-pack34.adb
   [Ada]          s-imenu8.ads
   [Ada]          a-strsup.adb
   [Ada]          s-vaispe.adb
   [Ada]          s-vs_int.ads
   [Ada]          s-vs_lli.ads
   [Ada]          s-casuti.adb
   [Ada]          s-sssita.adb
   [Ada]          s-vade64.ads
   [Ada]          s-pack23.adb
   [Ada]          s-vafi32.ads
   [Ada]          s-vaen16.ads
   [Ada]          s-vs_llu.ads
   [Ada]          s-pack25.adb
   [Ada]          s-imgcha.adb
   [Ada]          s-pack24.adb
   [Ada]          s-pack20.adb
   [Ada]          i-c.adb
   [Ada]          s-pack30.adb
   [Ada]          s-vallfl.ads
   [Ada]          s-pack26.adb
   [Ada]          s-pack17.adb
   [Ada]          s-imfi32.ads
   [Ada]          s-secsta.adb
   [Ada]          s-exponr.adb
   [Ada]          s-exponu.adb
   [Ada]          a-tags.adb
   [Ada]          s-pack37.adb
   [Ada]          s-valued.adb
   [Ada]          s-libpre.ads
   [Ada]          s-imgllf.ads
   [Ada]          i-cstrin.adb
   [Ada]          s-pack44.adb
   [Ada]          s-pack28.adb
   [Ada]          s-imgint.ads
   [Ada]          s-imguti.adb
   [Ada]          s-exnlli.ads
   [Ada]          s-pack55.adb
   [Ada]          s-memcop.adb
   [Ada]          a-assert.adb
   [Ada]          gnat.ads
   [Ada]          s-pack31.adb
   [Ada]          s-pack21.adb
   [Ada]          s-imguns.ads
   [Ada]          a-nllefu.ads
   [Ada]          s-valuei.adb
   [Ada]          s-memtyp.ads
   [Ada]          s-pack49.adb
   [Ada]          s-imen32.ads
   [Ada]          a-except.adb
   [Ada]          s-imaged.adb
   [Ada]          s-memcom.adb
   [Ada]          s-expint.ads
   [Ada]          a-textio.adb
   [Ada]          s-caun32.adb
   [Ada]          s-imager.adb
   [Ada]          g-souinf.ads
   [Ada]          a-uncdea.ads
   [Ada]          s-macres.adb
   [Ada]          s-pack42.adb
   [Ada]          s-pack53.adb
   [Ada]          s-powlfl.ads
   [Ada]          s-libm.adb
   [Ada]          text_io.ads
   [Ada]          s-pack15.adb
   [Ada]          s-pack59.adb
   [Ada]          s-pack54.adb
   [Ada]          s-bitops.adb
   [Ada]          s-bb.ads
   [Ada]          s-pack29.adb
   [Ada]          a-string.ads
   [Ada]          s-pack14.adb
   [Ada]          s-vade32.ads
   [Ada]          s-imgflt.ads
   [Ada]          s-libdou.adb
   [Ada]          s-carsi8.adb
   [Ada]          a-nuelfu.ads
   [Ada]          s-imagei.adb
   [Ada]          s-atacco.adb
   [Ada]          g-sestin.ads
   [Ada]          s-imgboo.adb
   [Ada]          s-pack40.adb
   [Ada]          a-nubinu.ads
   [Ada]          s-exponn.adb
   [Ada]          s-caun16.adb
   [Ada]          s-pack63.adb
   [Ada]          s-powflt.ads
   [Ada]          s-exnlfl.ads
   [Ada]          s-pack18.adb
   [Ada]          s-casi16.adb
   [Ada]          s-explli.ads
   [Ada]          a-numeri.ads
   [Ada]          s-unstyp.ads
   [Ada]          s-valboo.adb
   [Ada]          s-imfi64.ads
   [Ada]          a-elchha.adb
   [Ada]          unchdeal.ads
   [Ada]          s-casi32.adb
   [Ada]          s-imgllw.ads
   [Ada]          s-imglli.ads
   [Ada]          s-lidosq.adb
   [Ada]          unchconv.ads
   [Ada]          s-retsta.ads
   [Ada]          s-widthi.adb
   [Ada]          a-unccon.ads
   [Ada]          s-aridou.adb
   [Ada]          s-imgllu.ads
   [Ada]          s-imgllb.ads
   [Ada]          a-nbnbig.adb
   [Ada]          s-pack41.adb
   [Ada]          a-numaux.ads
   [Ada]          s-pack06.adb
   [Ada]          s-spark.ads
   [Ada]          s-vaenu8.ads
   [Ada]          s-pack11.adb
   [Ada]          s-imagen.adb
   [Ada]          s-imde32.ads
   [Ada]          a-stmaco.ads
   [Ada]          s-libsin.adb
   [Ada]          a-strfix.adb
   [Ada]          s-fatlfl.ads
   [Ada]          s-pack51.adb
   [Ada]          s-widlli.ads
   [Ada]          s-valflt.ads
   [Ada]          s-valllu.ads
   [Ada]          s-spcuop.adb
   [Ada]          a-nlelfu.ads
   [Ada]          g-io.adb
   [Ada]          s-atocou.adb
   [Ada]          s-pack48.adb
   [Ada]          s-textio.adb
   [Ada]          s-widint.ads
   [Ada]          s-pack03.adb
   [Ada]          s-gcmain.adb
   [Ada]          s-expllu.ads
   [Ada]          s-pack57.adb
   [Ada]          a-strmap.adb
   [Ada]          s-pack12.adb
   [Ada]          s-pack45.adb
   [Ada]          s-memmov.adb
   [Ada]          s-pack10.adb
   [Ada]          s-pack36.adb
   [Ada]          a-nselfu.ads
   [Ada]          s-pack43.adb
   [Ada]          s-expont.adb
   [Ada]          s-pack27.adb
   [Ada]          s-powllf.ads
   [Ada]          s-vector.ads
   [Ada]          s-pack35.adb
   [Ada]          s-fatsfl.ads
   [Ada]          s-expmod.adb
   [Ada]          s-vafi64.ads
   [Ada]          s-pack62.adb
   [Ada]          s-maccod.ads
   [Ada]          a-ngelfu.adb
   [Ada]          s-pack46.adb
   [Ada]          a-strbou.adb
   [Ada]          s-pack47.adb
Build Libraries
   [gprlib]       gnat.lexch
   [archive]      libgnat.a
   [index]        libgnat.a

bare_runtime=14.0.0 successfully retrieved and built.
Dependencies were solved as follows:

   +b gnat 14.2.1 (new,gnat_native,binary)
Found declared GPR file: bare_runtime.gpr
