Test ran at 2026-02-22 13:19:11.590474+00:00

SOLUTION:
a0b_armv7m_systick_clock=0.1.0: A0B Monotonic Clock by ARMv7M SysTick
Provides: a0b_time_platform=0.1.0
Origin: commit 46417dbd3107df4c9512763f49510d8373541a48 from https://github.com/godunko/a0b-armv7m-systick_clock.git
Properties:
   Test run: alr build (from ${CRATE_ROOT}/selftest)
   Author: Vadim Godunko
   Configuration: no modifiers
   Description: A0B Monotonic Clock by ARMv7M SysTick
   License: Apache-2.0 WITH LLVM-exception
   Maintainer: Vadim Godunko <vgodunko@gmail.com>
   Maintainers_Logins: godunko
   Name: a0b_armv7m_systick_clock
   Project_File: gnat/a0b_time_platform.gpr
   Tag: a0b
   Tag: embedded
   Tag: time
   Tag: armv7m
   Version: 0.1.0
Dependencies (direct):
   a0b_armv7m*
   a0b_base*
Dependencies (solution):
   a0b_armv7m=0.4.0
   a0b_base=0.4.0
   gnat_arm_elf=15.2.1
Dependencies (graph):
   a0b_armv7m=0.4.0               --> a0b_base=0.4.0 (*)
   a0b_armv7m=0.4.0               --> gnat_arm_elf=15.2.1 (*)
   a0b_armv7m_systick_clock=0.1.0 --> a0b_armv7m=0.4.0 (*)
   a0b_armv7m_systick_clock=0.1.0 --> a0b_base=0.4.0 (*)


LOG:
Note: Synchronizing workspace...
Dependencies automatically updated as follows:

   +  a0b_armv7m               0.4.0  (new,indirect)
   +. a0b_armv7m_systick_clock 0.1.0  (new,path=..)
   +  a0b_base                 0.4.0  (new,indirect)
   +  a0b_time                 0.2.0  (new)
   +. a0b_time_platform        0.1.0  (new,path=..,a0b_armv7m_systick_clock)
   +b gnat_arm_elf             15.2.1 (new,indirect,binary)

Note: Building a0b_armv7m_systick_clock_selftest=0.1.0-dev/a0b_armv7m_systick_clock_selftest.gpr...
Setup
   [mkdir]        object directory for project A0B_Time_Platform
a0b_armv7m_systick_clock_selftest.gpr:9:09: warning: there are no sources of language "Ada" in this project
Compile
   [Ada]          a0b-types-svd.ads
   [Ada]          a0b-types.ads
   [Ada]          a0b-types-big_endian.adb
   [Ada]          a0b-types-gcc_builtins.ads
   [Ada]          a0b-types-arrays.ads
   [Ada]          a0b-peripherals.ads
   [Ada]          a0b.ads
   [Ada]          a0b-time-clock.adb
   [Ada]          a0b-armv7m-systick_clock.adb
   [Ada]          a-reatim.adb
Build Libraries
   [gprlib]       a0b_base.lexch
   [archive]      liba0b_base.a
   [index]        liba0b_base.a
   [gprlib]       a0b_armv7m.lexch
   [archive]      liba0b_armv7m.a
   [index]        liba0b_armv7m.a
Success: Build finished successfully in 0.44 seconds.
[alr test] Test completed SUCCESSFULLY
