Test ran at 2025-10-07 13:06:43.509407+00:00

SOLUTION:
cobs=1.1.0: Consistent Overhead Byte Stuffing (COBS) encoder/decoder
Origin: commit 8c35e29aee6387f158a086f6bbf4ca3612b2b2dd from https://github.com/damaki/cobs.git
Properties:
   Author: Daniel King
   Description: Consistent Overhead Byte Stuffing (COBS) encoder/decoder
   License: MIT
   Maintainer: Daniel King <damaki.gh@gmail.com>
   Maintainers_Logins: damaki
   Name: cobs
   Tag: cobs
   Tag: spark
   Tag: embedded
   Tag: nostd
   Version: 1.1.0
   Website: https://github.com/damaki/cobs
Dependencies (direct):
   gnat>=11.0.0
Dependencies (solution):
   gnat=15.2.1 (gnat_native)
Dependencies (graph):
   cobs=1.1.0 --> gnat=15.2.1 (gnat_native) (>=11.0.0)


LOG:
[alr test] Testing cobs=1.1.0
[alr test] Spawning retrieval for remote crate: alr -d -n get cobs=1.1.0
Note: Deploying cobs=1.1.0...

cobs=1.1.0 successfully retrieved.
Dependencies were solved as follows:

   +b gnat 15.2.1 (new,gnat_native,binary)
[alr test] Spawning default test for remote crate: alr -d -n build --release -- -cargs:Ada -gnatwn
Note: Building cobs=1.1.0/cobs.gpr...
Setup
   [mkdir]        object directory for project Cobs
   [mkdir]        library directory for project Cobs
Compile
   [Ada]          cobs_config.ads
   [Ada]          generic_cobs.adb
   [Ada]          cobs.ads
Build Libraries
   [gprlib]       Cobs.lexch
   [archive]      libCobs.a
   [index]        libCobs.a
Success: Build finished successfully in 0.49 seconds.
Found declared GPR file: cobs.gpr
[alr test] Test completed SUCCESSFULLY
