Test ran at 2025-10-27 00:53:09.613200+00:00

SOLUTION:
magicada=1.0.1: Magic Number Recognition Library Ada binding
Origin: commit 32af2d9a67f8da651cf66cd2deba9d0e898aef2f from https://gitlab.com/stcarrez/ada-libmagic.git
Available when: (case OS is Freebsd => True, Linux => True, others => False)
Properties:
   Author: Stephane.Carrez@gmail.com
   Configuration: no modifiers
   Description: Magic Number Recognition Library Ada binding
   GPR Scenario: MAGICADA_BUILD := distrib | debug | optimize | profile | coverage
   GPR Scenario: MAGICADA_LIBRARY_TYPE := relocatable | static | static-pic
   License: Apache-2.0
   Long_Description: Small Ada binding library to the [libmagic (3)](https://linux.die.net/man/3/libmagic)
library which is used by the implementation of the
[file (1)](https://linux.die.net/man/1/file) command.

To simplify and help in the use of the magic Ada library, the
`Magic.Manager` package encapsulates the management of the libmagic library
and provides high level simple operations to hide the details of interacting
with the C library.  The package defines the `Magic_Manager` tagged record
that takes care of the C library interaction and cleaning of the libmagic
library once the manager is no longer required.  To use it, declare the
instance and initialize it with the `Initialize` procedure:

```Ada
 with Magic.Manager;
 ...
    Mgr : Magic.Manager.Magic_Manager;
    ...
       Mgr.Initialize (Magic.MAGIC_MIME, Magic.DEFAULT_PATH);
```

The first parameter defines a set of flags represented by the `Magic.Flags`
type to control various options of the libmagic library.   The second
parameter indicates the default path to the magic file
(see [magic (5)](https://linux.die.net/man/5/magic)).
Once configured, the `Identify` functions can be used to identify a content.
For the first form, a path of the file is given:

```Ada
 Mime : constant String := Mgr.Identify ("file.ads");
```

With the second form, a `Stream_Element_Array` with the content to identify
is given to the function.

## Example

- [examples.adb](https://gitlab.com/stcarrez/ada-libmagic/-/blob/main/examples/src/examples.adb?ref_type=heads)


   Maintainer: Stephane.Carrez@gmail.com
   Maintainers_Logins: stcarrez
   Name: magicada
   Tag: magic
   Tag: file
   Tag: bindings
   Version: 1.0.1
   Website: https://gitlab.com/stcarrez/ada-libmagic
Dependencies (direct):
   libmagic*
Dependencies (solution):
   libmagic=5.45.0
Dependencies (graph):
   magicada=1.0.1 --> libmagic=5.45.0 (*)


LOG:
[alr test] Testing magicada=1.0.1
[alr test] Spawning retrieval for remote crate: alr -d -n get magicada=1.0.1
Note: Deploying magicada=1.0.1...
Note: Deploying libmagic=5.45.0...
The system package 'libmagic-dev' is about to be installed.
This action might require admin privileges and impact your system installation.
Do you want Alire to install this system package?
Using default: Yes
Selecting previously unselected package libmagic-dev:amd64.
(Reading database ... 
(Reading database ... 5%
(Reading database ... 10%
(Reading database ... 15%
(Reading database ... 20%
(Reading database ... 25%
(Reading database ... 30%
(Reading database ... 35%
(Reading database ... 40%
(Reading database ... 45%
(Reading database ... 50%
(Reading database ... 55%
(Reading database ... 60%
(Reading database ... 65%
(Reading database ... 70%
(Reading database ... 75%
(Reading database ... 80%
(Reading database ... 85%
(Reading database ... 90%
(Reading database ... 95%
(Reading database ... 100%
(Reading database ... 215000 files and directories currently installed.)
Preparing to unpack .../libmagic-dev_1%3a5.45-3build1_amd64.deb ...
Unpacking libmagic-dev:amd64 (1:5.45-3build1) ...
Setting up libmagic-dev:amd64 (1:5.45-3build1) ...
Processing triggers for man-db (2.12.0-4build2) ...

Running kernel seems to be up-to-date.

Restarting services...

Service restarts being deferred:
 systemctl restart hosted-compute-agent.service

No containers need to be restarted.

No user sessions are running outdated binaries.

No VM guests are running outdated hypervisor (qemu) binaries on this host.

magicada=1.0.1 successfully retrieved.
Dependencies were solved as follows:

   +b libmagic 5.45.0 (new,system package)
[alr test] Spawning default test for remote crate: alr -d -n build --release -- -cargs:Ada -gnatwn
Note: Building magicada=1.0.1/magicada.gpr...
Setup
   [mkdir]        object directory for project MagicAda
   [mkdir]        library directory for project MagicAda
Compile
   [Ada]          magic.ads
   [Ada]          magic-manager.adb
Build Libraries
   [gprlib]       magicada.lexch
   [archive]      libmagicada.a
   [index]        libmagicada.a
Success: Build finished successfully in 0.40 seconds.
Found declared GPR file: magicada.gpr
[alr test] Test completed SUCCESSFULLY
