Test ran at 2025-08-28 12:39:51.473797+00:00

SOLUTION:
a0b_stm32f2_generic_exti=0.1.0: A0B: STM32F2+ Generic EXTI
Origin: commit 462715064e668a486d4ee4b09819f6f33709941b from https://github.com/godunko/a0b-stm32f2-generic_exti.git
Properties:
   Test run: alr build (from ${CRATE_ROOT}/selftest)
   Author: Vadim Godunko
   Configuration: no modifiers
   Description: A0B: STM32F2+ Generic EXTI
   License: Apache-2.0 WITH LLVM-exception
   Maintainer: Vadim Godunko <vgodunko@gmail.com>
   Maintainers_Logins: godunko
   Name: a0b_stm32f2_generic_exti
   Project_File: gnat/a0b_stm32f2_generic_exti.gpr
   Tag: a0b
   Tag: embedded
   Tag: stm32
   Tag: exti
   Version: 0.1.0
   Website: https://github.com/godunko/a0b-stm32f2-generic_exti
Dependencies (direct):
   a0b_exti*
   a0b_stm32f2_generic_gpio*
Dependencies (solution):
   a0b_base=0.4.0
   a0b_callbacks=0.2.0
   a0b_exti=0.1.0
   a0b_gpio=0.1.0
   a0b_stm32f2_generic_gpio=0.1.0
Dependencies (graph):
   a0b_callbacks=0.2.0            --> a0b_base=0.4.0 (*)
   a0b_exti=0.1.0                 --> a0b_base=0.4.0 (*)
   a0b_exti=0.1.0                 --> a0b_callbacks=0.2.0 (*)
   a0b_gpio=0.1.0                 --> a0b_base=0.4.0 (*)
   a0b_stm32f2_generic_exti=0.1.0 --> a0b_exti=0.1.0 (*)
   a0b_stm32f2_generic_exti=0.1.0 --> a0b_stm32f2_generic_gpio=0.1.0 (*)
   a0b_stm32f2_generic_gpio=0.1.0 --> a0b_gpio=0.1.0 (*)


LOG:
Note: Synchronizing workspace...
Dependencies automatically updated as follows:

   +  a0b_base                 0.4.0  (new,indirect)
   +  a0b_callbacks            0.2.0  (new,indirect)
   +  a0b_exti                 0.1.0  (new,indirect)
   +  a0b_gpio                 0.1.0  (new,indirect)
   +. a0b_stm32f2_generic_exti 0.1.0  (new,path=..)
   +  a0b_stm32f2_generic_gpio 0.1.0  (new,indirect)
   +b gnat_arm_elf             15.1.2 (new,binary)
   
   i  The solution requires a toolchain that is
      not yet installed. Accepting the solution
      will download and install this toolchain.
Note: Deploying gnat_arm_elf=15.1.2...
#=#=#                                                                          
##O#-#                                                                         

                                                                           0.5%
#                                                                          2.3%
##                                                                         3.0%
###                                                                        5.1%
####                                                                       6.2%
#####                                                                      7.6%
######                                                                     8.4%
#######                                                                   10.4%
########                                                                  11.2%
########                                                                  12.2%
#########                                                                 13.6%
##########                                                                14.1%
##########                                                                15.2%
##########                                                                15.2%
############                                                              16.8%
############                                                              17.2%
#############                                                             18.3%
##############                                                            19.6%
##############                                                            20.3%
###############                                                           21.0%
###############                                                           21.8%
################                                                          22.5%
#################                                                         23.8%
##################                                                        25.3%
###################                                                       26.4%
###################                                                       27.2%
####################                                                      28.1%
#####################                                                     29.7%
######################                                                    30.9%
#######################                                                   33.3%
########################                                                  34.4%
#########################                                                 36.0%
##########################                                                37.3%
###########################                                               37.6%
###########################                                               37.6%
############################                                              39.3%
#############################                                             41.2%
##############################                                            42.1%
###############################                                           44.4%
################################                                          45.3%
#################################                                         47.1%
##################################                                        47.8%
###################################                                       48.8%
###################################                                       48.9%
####################################                                      50.5%
#####################################                                     52.1%
######################################                                    53.3%
######################################                                    53.4%
######################################                                    53.6%
######################################                                    54.1%
########################################                                  55.7%
########################################                                  56.3%
#########################################                                 58.0%
##########################################                                58.9%
###########################################                               61.0%
############################################                              61.7%
#############################################                             63.8%
##############################################                            64.5%
###############################################                           65.6%
###############################################                           65.7%
################################################                          67.3%
################################################                          68.0%
#################################################                         69.3%
##################################################                        70.1%
###################################################                       71.8%
####################################################                      72.9%
######################################################                    75.1%
######################################################                    75.8%
#######################################################                   77.5%
########################################################                  78.6%
##########################################################                80.7%
##########################################################                81.4%
###########################################################               82.5%
###########################################################               83.0%
############################################################              84.2%
#############################################################             85.3%
#############################################################             85.9%
##############################################################            86.9%
###############################################################           88.6%
################################################################          89.8%
#################################################################         91.4%
##################################################################        92.6%
####################################################################      94.7%
####################################################################      95.4%
######################################################################    97.7%
#######################################################################   99.0%
######################################################################## 100.0%
Note: gnat_arm_elf=15.1.2 installed successfully.

Note: Building a0b_stm32f2_generic_exti_selftest=0.1.0-dev/a0b_stm32f2_generic_exti_selftest.gpr...
Setup
   [mkdir]        object directory for project A0B_Base
   [mkdir]        library directory for project A0B_Base
   [mkdir]        object directory for project A0B_Callbacks
   [mkdir]        object directory for project A0B_EXTI
   [mkdir]        object directory for project A0B_GPIO
   [mkdir]        object directory for project A0B_STM32F2_Generic_GPIO
   [mkdir]        library directory for project A0B_STM32F2_Generic_GPIO
   [mkdir]        object directory for project A0B_STM32F2_Generic_EXTI
   [mkdir]        library directory for project A0B_STM32F2_Generic_EXTI
a0b_stm32f2_generic_exti_selftest.gpr:9:09: warning: there are no sources of language "Ada" in this project
Compile
   [Ada]          a0b-gpio.ads
   [Ada]          a0b-peripherals-gpio.ads
   [Ada]          a0b-stm32-generic_gpio.adb
   [Ada]          a0b-stm32.ads
   [Ada]          a0b-callbacks-generic_dispatching.adb
a0b-stm32-generic_gpio.ads:20:19: warning: procedure "Disable_GPIO_Clock" is not referenced [-gnatwu]
   [Ada]          a0b-callbacks-generic_discrete.adb
   [Ada]          a0b-callbacks-generic_non_dispatching.adb
   [Ada]          a0b-callbacks.adb
   [Ada]          a0b-callbacks-generic_parameterless.adb
   [Ada]          a0b-callbacks-generic_subprogram.adb
   [Ada]          a0b-peripherals.ads
   [Ada]          a0b.ads
   [Ada]          a0b-types-big_endian.adb
   [Ada]          a0b-types-gcc_builtins.ads
   [Ada]          a0b-types-arrays.ads
   [Ada]          a0b-types.ads
   [Ada]          a0b-types-svd.ads
   [Ada]          a0b-exti.ads
   [Ada]          a0b-peripherals-exti.ads
   [Ada]          a0b-stm32-generic_gpio-generic_exti.adb
   [Ada]          a0b-peripherals-syscfg_exti.ads
a0b-stm32-generic_gpio-generic_exti.ads:30:19: warning: procedure "Disable_EXTI_Clock" is not referenced [-gnatwu]
   [Ada]          a0b-stm32-generic_gpio-generic_exti-generic_interrupts__none.adb
a0b-stm32-generic_gpio-generic_exti-generic_interrupts__none.adb:14:11: warning: all instances of "EXTI0_Handler" will have the same external name [-gnatwx]
a0b-stm32-generic_gpio-generic_exti-generic_interrupts__none.adb:16:11: warning: all instances of "EXTI1_Handler" will have the same external name [-gnatwx]
a0b-stm32-generic_gpio-generic_exti-generic_interrupts__none.adb:18:11: warning: all instances of "EXTI2_Handler" will have the same external name [-gnatwx]
a0b-stm32-generic_gpio-generic_exti-generic_interrupts__none.adb:20:11: warning: all instances of "EXTI3_Handler" will have the same external name [-gnatwx]
a0b-stm32-generic_gpio-generic_exti-generic_interrupts__none.adb:22:11: warning: all instances of "EXTI4_Handler" will have the same external name [-gnatwx]
a0b-stm32-generic_gpio-generic_exti-generic_interrupts__none.adb:24:11: warning: all instances of "EXTI9_5_Handler" will have the same external name [-gnatwx]
a0b-stm32-generic_gpio-generic_exti-generic_interrupts__none.adb:26:11: warning: all instances of "EXTI15_10_Handler" will have the same external name [-gnatwx]
Build Libraries
   [gprlib]       a0b_base.lexch
   [gprlib]       a0b_stm32f2_generic_gpio.lexch
   [archive]      liba0b_base.a
   [index]        liba0b_base.a
   [gprlib]       a0b_stm32f2_exti.lexch
   [archive]      liba0b_stm32f2_generic_gpio.a
   [index]        liba0b_stm32f2_generic_gpio.a
   [archive]      liba0b_stm32f2_exti.a
   [index]        liba0b_stm32f2_exti.a
Success: Build finished successfully in 1.40 seconds.
[alr test] Test completed SUCCESSFULLY
