Test ran at 2026-06-25 13:11:59.913765+00:00

SOLUTION:
elogs=1.3.4: Embedded logging, proven absent of runtime errors
Origin: commit 9ffee2a4bdf7622baa7bb1d3ae55520f7b3ad3d0 from https://github.com/kevlar700/elogs.git
Properties:
   Author: Kevin Chadwick
   Build Switches: 
   Config type: Device_ID_Length : Integer range -9223372036854775808 .. 9223372036854775807 default: '12'
   Config type: Log_ID_Length : Integer range -9223372036854775808 .. 9223372036854775807 default: '7'
   Config type: Max_Log_Count : Integer range -9223372036854775808 .. 9223372036854775807 default: '50'
   Config type: Max_Message_Length : Integer range -9223372036854775808 .. 9223372036854775807 default: '200'
   Config type: Version_Length : Integer range -9223372036854775808 .. 9223372036854775807 default: '8'
   Configuration: no modifiers
   Description: Embedded logging, proven absent of runtime errors
   License: 0BSD
   Maintainer: Kevin Chadwick <kc-ada@elansys.co>
   Maintainers_Logins: kevlar700
   Name: elogs
   Tag: spark
   Tag: embedded
   Tag: zfp
   Tag: logging
   Tag: log
   Version: 1.3.4
   Website: https://github.com/kevlar700/elogs
Dependencies (direct):
   gnat(>=13 & <2000) | ^11 | >=2020
   gnatprove^15.1.0
Dependencies (solution):
   gnat=15.1.2 (gnat_native)
   gnatprove=15.1.0
Dependencies (graph):
   elogs=1.3.4 --> gnat=15.1.2 (gnat_native) ((>=13 & <2000) | ^11 | >=2020)
   elogs=1.3.4 --> gnatprove=15.1.0 (^15.1.0)


LOG:
[alr test] Testing elogs=1.3.4
[alr test] Spawning retrieval for remote crate: alr -d -n get elogs=1.3.4
Note: Deploying elogs=1.3.4...
Note: Deploying gnatprove=15.1.0...
#=#=#                                                                          

                                                                           1.1%
#######                                                                    9.8%
#############                                                             18.4%
###################                                                       26.7%
###########################                                               38.7%
##############################                                            42.6%
##################################                                        48.3%
########################################                                  55.7%
############################################                              61.4%
#################################################                         68.2%
######################################################                    75.1%
############################################################              84.6%
#################################################################         91.3%
#####################################################################     96.7%
######################################################################## 100.0%

elogs=1.3.4 successfully retrieved.
Dependencies were solved as follows:

   +b gnat      15.1.2 (new,gnat_native,binary)
   +b gnatprove 15.1.0 (new,binary)
[alr test] Spawning default test for remote crate: alr -d -n build --release -- -cargs:Ada -gnatwn
Note: Building elogs=1.3.4/elogs.gpr...
Setup
   [mkdir]        object directory for project Elogs
   [mkdir]        library directory for project Elogs
Compile
   [Ada]          elogs_config.ads
   [Ada]          elogs.adb
Build Libraries
   [gprlib]       Elogs.lexch
   [archive]      libElogs.a
   [index]        libElogs.a
Success: Build finished successfully in 0.87 seconds.
Found declared GPR file: elogs.gpr
[alr test] Test completed SUCCESSFULLY
