Test ran at 2026-08-04 01:18:13.413693+00:00

SOLUTION:
lal_refactor=26.0.0: Source code refactoring utilities for the Ada language
Origin: source archive v26.0.0.zip at https://github.com/AdaCore/lal-refactor/archive/refs/tags/v26.0.0.zip with hash sha512:43a30fc8e19c95af42858a8710f355dadc3cd575c2dbdc9bd849a7c5c99a6247db600423fe30d8bbcc80317e14d452171cd87347b194745f392b9c8e8c4d9194
Properties:
   Author: AdaCore
   Configuration: no modifiers
   Description: Source code refactoring utilities for the Ada language
   Executable: lalrefactor
   GPR External: LAL_REFACTOR_BUILD_MODE := prod
   License: MIT OR Apache-2.0 WITH LLVM-exception
   Maintainer: Fabien Chouteau <chouteau@adacore.com>
   Maintainer: sagaert@adacore.com
   Maintainers_Logins: Fabien-Chouteau
   Maintainers_Logins: AldanTanneo
   Name: lal_refactor
   Project_File: gnat/lal_refactor.gpr
   Project_File: gnat/lal_refactor_driver.gpr
   Tag: refactoring
   Tag: ada
   Tag: tool
   Version: 26.0.0
   Website: https://github.com/AdaCore/lal-refactor
Dependencies (direct):
   libadalang_tools^26
   vss_extra^26
   vss_text^26
Dependencies (solution):
   adasat=26.0.0
   gnat=15.1.2 (gnat_native)
   gnatcoll=26.0.0
   gnatcoll_gmp=26.0.0
   gnatcoll_iconv=26.0.0
   gnatcoll_minimal=26.0.0
   gnatcoll_projects=26.0.0
   gprconfig_kb=26.0.0
   langkit_support=26.0.0
   libadalang=26.0.0
   libadalang_tools=26.0.0
   libgmp=6.3.0
   libgpr=26.0.0
   libgpr2=26.0.0
   make=4.4.1
   prettier_ada=26.0.0
   templates_parser=26.0.0
   vss_extra=26.2.0
   vss_text=26.2.0
   xmlada=26.0.0
Dependencies (graph):
   gnatcoll=26.0.0          --> gnat=15.1.2 (gnat_native) (>=14)
   gnatcoll=26.0.0          --> gnatcoll_minimal=26.0.0 (~26.0.0)
   gnatcoll_gmp=26.0.0      --> gnatcoll_minimal=26.0.0 (~26.0.0)
   gnatcoll_gmp=26.0.0      --> libgmp=6.3.0 (*)
   gnatcoll_iconv=26.0.0    --> gnatcoll=26.0.0 (~26.0.0)
   gnatcoll_minimal=26.0.0  --> gnat=15.1.2 (gnat_native) (>=14)
   gnatcoll_projects=26.0.0 --> gnat=15.1.2 (gnat_native) (>=14)
   gnatcoll_projects=26.0.0 --> gnatcoll=26.0.0 (~26.0.0)
   gnatcoll_projects=26.0.0 --> libgpr=26.0.0 (>=25.0.0)
   lal_refactor=26.0.0      --> libadalang_tools=26.0.0 (^26)
   lal_refactor=26.0.0      --> vss_extra=26.2.0 (^26)
   lal_refactor=26.0.0      --> vss_text=26.2.0 (^26)
   langkit_support=26.0.0   --> adasat=26.0.0 (^26)
   langkit_support=26.0.0   --> gnatcoll=26.0.0 (^26)
   langkit_support=26.0.0   --> gnatcoll_gmp=26.0.0 (^26)
   langkit_support=26.0.0   --> gnatcoll_iconv=26.0.0 (^26)
   langkit_support=26.0.0   --> prettier_ada=26.0.0 (^26)
   libadalang=26.0.0        --> gnatcoll=26.0.0 (^26)
   libadalang=26.0.0        --> gnatcoll_gmp=26.0.0 (^26)
   libadalang=26.0.0        --> gnatcoll_iconv=26.0.0 (^26)
   libadalang=26.0.0        --> gnatcoll_projects=26.0.0 (^26)
   libadalang=26.0.0        --> langkit_support=26.0.0 (^26)
   libadalang=26.0.0        --> libgpr2=26.0.0 (^26)
   libadalang_tools=26.0.0  --> libadalang=26.0.0 (^26.0.0)
   libadalang_tools=26.0.0  --> templates_parser=26.0.0 (^26.0.0)
   libgpr=26.0.0            --> gnat=15.1.2 (gnat_native) (>=15)
   libgpr=26.0.0            --> xmlada=26.0.0 (~26.0.0)
   libgpr2=26.0.0           --> gnat=15.1.2 (gnat_native) (<16)
   libgpr2=26.0.0           --> gnatcoll=26.0.0 (^26.0.0)
   libgpr2=26.0.0           --> gnatcoll_gmp=26.0.0 (^26.0.0)
   libgpr2=26.0.0           --> gnatcoll_iconv=26.0.0 (^26.0.0)
   libgpr2=26.0.0           --> gprconfig_kb=26.0.0 (^26.0.0)
   libgpr2=26.0.0           --> make=4.4.1 (*)
   libgpr2=26.0.0           --> xmlada=26.0.0 (^26.0.0)
   prettier_ada=26.0.0      --> gnatcoll=26.0.0 (^26)
   prettier_ada=26.0.0      --> vss_text=26.2.0 (^26)
   templates_parser=26.0.0  --> xmlada=26.0.0 (~26.0.0)
   vss_extra=26.2.0         --> vss_text=26.2.0 (^26.2.0)
   xmlada=26.0.0            --> gnat=15.1.2 (gnat_native) (>=11)


LOG:
[alr test] Testing lal_refactor=26.0.0
[alr test] Spawning retrieval for remote crate: alr -d -n get lal_refactor=26.0.0
Note: Deploying lal_refactor=26.0.0...
#=#=#                                                                          
##O#-#                                                                         
##O=#  #                                                                       
#=#=-#  #                                                                      
 #=#=-#   #                                                                    
  #=#=- #   #                                                                  
Note: Deploying adasat=26.0.0...
#=#=#                                                                          
##O#-#                                                                         
##O=#  #                                                                       
#=#=-#  #                                                                      
Note: Deploying gprconfig_kb=26.0.0...
#=#=#                                                                          
##O#-#                                                                         
##O=#  #                                                                       
#=#=-#  #                                                                      
 #=#=-#   #                                                                    
Note: Deploying gnatcoll_minimal=26.0.0...
#=#=#                                                                          
##O#-#                                                                         
##O=#  #                                                                       
#=#=-#  #                                                                      
 #=#=-#   #                                                                    
  #=#=- #   #                                                                  
   #=#=- #   #                                                                 
    #=O#-  #   #                                                               
     #=O#-   #   #                                                             
Note: Deploying xmlada=26.0.0...
#=#=#                                                                          
##O#-#                                                                         
##O=#  #                                                                       
#=#=-#  #                                                                      
 #=#=-#   #                                                                    
  #=#=- #   #                                                                  
   #=#=- #   #                                                                 
Note: Deploying gnatcoll=26.0.0...
#=#=#                                                                          
##O#-#                                                                         
##O=#  #                                                                       
#=#=-#  #                                                                      
 #=#=-#   #                                                                    
  #=#=- #   #                                                                  
   #=#=- #   #                                                                 
    #=O#-  #   #                                                               
     #=O#-   #   #                                                             
Note: Deploying gnatcoll_gmp=26.0.0...
#=#=#                                                                          
##O#-#                                                                         
##O=#  #                                                                       
#=#=-#  #                                                                      
 #=#=-#   #                                                                    
  #=#=- #   #                                                                  
Note: Deploying libgpr=26.0.0...
#=#=#                                                                          
##O#-#                                                                         
##O=#  #                                                                       
#=#=-#  #                                                                      
 #=#=-#   #                                                                    
  #=#=- #   #                                                                  
   #=#=- #   #                                                                 
Note: Deploying templates_parser=26.0.0...
#=#=#                                                                          
##O#-#                                                                         
##O=#  #                                                                       
#=#=-#  #                                                                      
 #=#=-#   #                                                                    
  #=#=- #   #                                                                  
Note: Deploying gnatcoll_iconv=26.0.0...
#=#=#                                                                          
##O#-#                                                                         
##O=#  #                                                                       
#=#=-#  #                                                                      
 #=#=-#   #                                                                    
Note: Deploying gnatcoll_projects=26.0.0...
#=#=#                                                                          
##O#-#                                                                         
##O=#  #                                                                       

                                                                           0.5%
#                                                                          2.4%
####                                                                       6.5%
################                                                          22.5%
#############################################                             62.9%
######################################################################## 100.0%
Note: Deploying prettier_ada=26.0.0...
#=#=#                                                                          
##O#-#                                                                         
##O=#  #                                                                       
#=#=-#  #                                                                      
 #=#=-#   #                                                                    
Note: Deploying langkit_support=26.0.0...
#=#=#                                                                          
##O#-#                                                                         
##O=#  #                                                                       
#=#=-#  #                                                                      
 #=#=-#   #                                                                    
  #=#=- #   #                                                                  
   #=#=- #   #                                                                 
    #=O#-  #   #                                                               
Note: Deploying libgpr2=26.0.0...
#=#=#                                                                          
##O#-#                                                                         
##O=#  #                                                                       
#=#=-#  #                                                                      
 #=#=-#   #                                                                    
  #=#=- #   #                                                                  
   #=#=- #   #                                                                 
Note: Deploying libadalang=26.0.0...
#=#=#                                                                          
##O#-#                                                                         

#                                                                          2.3%
######################################################################## 100.0%
Note: Deploying libadalang_tools=26.0.0...
#=#=#                                                                          
##O#-#                                                                         
##O=#  #                                                                       
#=#=-#  #                                                                      
-#O#- #   #                                                                    
 -#O#-  #   #                                                                  
  -#O#-  #   #                                                                 
   -#O=#   #   #                                                               
    -#O=#    #   #                                                             
     -#O=-#   #    #                                                           
      -=#=- #   #     #                                                        
       -=#=- #    #     #                                                      
        -=O#-  #     #    #                                                    
         -=O=#   #     #    #                                                  
          -=O=#    #     #     #                                               
           -=O=-#     #    #     #                                             
            -=O=- #     #     #     #                                          
             -=O=-   #    #     #     #                                        
              -=O=-    #    #     #     #                                      
               -=O=-     #     #     #     #                                   
                -=O=-      #     #     #     #                                 
                 -=O=-        #     #     #     #                              
                  -=O=-         #     #     #     #                            

lal_refactor=26.0.0 successfully retrieved.
Dependencies were solved as follows:

   +  adasat            26.0.0 (new,indirect)
   +b gnat              15.1.2 (new,gnat_native,indirect,binary)
   +  gnatcoll          26.0.0 (new,indirect)
   +  gnatcoll_gmp      26.0.0 (new,indirect)
   +  gnatcoll_iconv    26.0.0 (new,indirect)
   +  gnatcoll_minimal  26.0.0 (new,indirect)
   +  gnatcoll_projects 26.0.0 (new,indirect)
   +b gprconfig_kb      26.0.0 (new,indirect,binary)
   +  langkit_support   26.0.0 (new,indirect)
   +  libadalang        26.0.0 (new,indirect)
   +  libadalang_tools  26.0.0 (new)
   +b libgmp            6.3.0  (new,indirect,system package)
   +  libgpr            26.0.0 (new,indirect)
   +  libgpr2           26.0.0 (new,indirect)
   +b make              4.4.1  (new,indirect,system package)
   +  prettier_ada      26.0.0 (new,indirect)
   +  templates_parser  26.0.0 (new,indirect)
   +  vss_extra         26.2.0 (new)
   +  vss_text          26.2.0 (new)
   +  xmlada            26.0.0 (new,indirect)
[alr test] Spawning default test for remote crate: alr -d -n build --release -- -cargs:Ada -gnatwn
Note: Running post-fetch actions for adasat=26.0.0...
Note: Running post-fetch actions for xmlada=26.0.0...
checking build system type... aarch64-apple-darwin25.5.0
checking host system type... aarch64-apple-darwin25.5.0
checking target system type... aarch64-apple-darwin25.5.0
checking whether gnat can build shared libs... yes
checking for a BSD-compatible install... /usr/bin/install -c
checking whether ln -s works... yes
configure: creating ./config.status
config.status: creating xmlada_shared.gpr
config.status: creating Makefile
config.status: creating tests/dom/default.gpr
Note: Running post-fetch actions for templates_parser=26.0.0...
Note: Running post-fetch actions for libgpr2=26.0.0...
realpath: illegal option -- -
usage: realpath [-q] [path ...]
mkdir -p .build/kb
gprbuild -p -P ./kb/collect_kb.gpr -XKB_BUILD_DIR=.build/kb --relocate-build-tree
Setup
   [mkdir]        object directory for project Collect_KB
Compile
   [Ada]          collect_kb.adb
clang: warning: overriding deployment version from '16.0' to '26.0' [-Woverriding-deployment-version]
Bind
   [gprbind]      collect_kb.bexch
   [Ada]          collect_kb.ali
clang: warning: overriding deployment version from '16.0' to '26.0' [-Woverriding-deployment-version]
Link
   [link]         collect_kb.adb
ld: library not found for -lSystem
collect2: error: ld returned 1 exit status
gprbuild: link of collect_kb.adb failed
gprbuild: failed command was: /users/runner/.local/share/alire/toolchains/gnat_native_15.1.2_60748c54/bin/gcc collect_kb.o b__collect_kb.o -L/Users/runner/.local/share/alire/builds/libgpr2_26.0.0_99e9d2cd/456b57c24267a1372106ce466e9aabd6e4b7a41912ca1612bcc6ec6356c7abeb/.build/kb/obj/ -L/Users/runner/.local/share/alire/builds/libgpr2_26.0.0_99e9d2cd/456b57c24267a1372106ce466e9aabd6e4b7a41912ca1612bcc6ec6356c7abeb/.build/kb/obj/ -L/users/runner/.local/share/alire/toolchains/gnat_native_15.1.2_60748c54/lib/gcc/aarch64-apple-darwin23.6.0/15.0.1/adalib/ -static-libgcc /users/runner/.local/share/alire/toolchains/gnat_native_15.1.2_60748c54/lib/gcc/aarch64-apple-darwin23.6.0/15.0.1/adalib/libgnat.a -Wl,-rpath,@executable_path//obj -Wl,-rpath,@executable_path/../../../../..//toolchains/gnat_native_15.1.2_60748c54/lib/gcc/aarch64-apple-darwin23.6.0/15.0.1/adalib -o /Users/runner/.local/share/alire/builds/libgpr2_26.0.0_99e9d2cd/456b57c24267a1372106ce466e9aabd6e4b7a41912ca1612bcc6ec6356c7abeb/.build/kb//collect_kb
make: *** [.build/kb/collect_kb] Error 4
Warning: Execution failed for action: Post_Fetch run: make .build/kb/collect_kb .build/kb/gpr2-kb-embedded.ads .build/kb/gpr2-kb-embedded.adb (from ${CRATE_ROOT}/.)
Warning: Exit code: 2
Warning: Action output not captured, check it above.
stderr: ALIRE.PROPERTIES.ACTIONS.ACTION_FAILED
stderr: Action failed with exit code 2
stderr: raised ALIRE.PROPERTIES.ACTIONS.ACTION_FAILED : Action failed with exit code 2
Load address: 0x102d64000
Call stack traceback locations:
0x103a700cc 0x103a7012c 0x103413fe4 0x103412788 0x1035cb9c0 0x1035ef78c 0x10364f56c 0x10364e2a8 0x1035ef868 0x1035ef950 0x1035cc00c 0x1035cc174 0x102dd5730 0x102dd5070 0x102dd51e4 0x102e72b38 0x102e7dc78 0x102d669f8 0x102d6ba2c

ERROR: Compilation failed.
