Test ran at 2026-03-08 13:13:47.273747+00:00

SOLUTION:
bigints=0.2.0: Experimental SPARK Constant Time Big Integer library
Origin: commit 414589c10e5dec87aebf9cfe8fda675a047d45b1 from https://github.com/AldanTanneo/bigints.git
Properties:
   Author: César SAGAERT
   Build Switches: 
   Description: Experimental SPARK Constant Time Big Integer library
   License: MIT
   Long_Description: # SPARK Constant Time Big Integer library

Implementation of a constant time big integer library, inspired by [crypto-bigint](https://github.com/RustCrypto/crypto-bigint).

All functions are implemented in constant time, except those with an explicit `_Vartime` suffix. Overloaded operators are also constant time.

> ⚠️ The constant time choice primitives like `Ct_Eq`, `Ct_Gt`, `Cond_Select` and `CSwap` rely on best-effort optimisation barriers.

## Usage

The implementations are generic over the size of the integer:

```ada
package U256 is new Bigints.Uint (256);
package U1024 is new Bigints.Uint (1024);
```

There is also a generic package to deal with modular integers (over a prime field):

```ada
P : U256.Uint := ... --  a big prime, like 2**255 - 19
package GF_P is new Bigints.Modular (U256, P);
```

It is up to the user of the library to ensure the chosen modulus is effectively prime. Otherwise, operations like field inversion become invalid (as it relies on Fermat's little theorem).

## Formal proof

The preinstantations in the library (packages `U256s` and `F25519`), as well as the constant time primitives and basic limb primitives, are formally checked using GNATprove.

   Maintainer: César SAGAERT <sagaert@adacore.com>
   Maintainers_Logins: AldanTanneo
   Name: bigints
   Tag: bigint
   Tag: cryptography
   Tag: constant-time
   Tag: spark
   Tag: ada2022
   Version: 0.2.0
   Website: https://github.com/AldanTanneo/bigints


LOG:
[alr test] Testing bigints=0.2.0
[alr test] Spawning retrieval for remote crate: alr -d -n get bigints=0.2.0
Note: Deploying bigints=0.2.0...

bigints=0.2.0 successfully retrieved.
There are no dependencies.
[alr test] Spawning default test for remote crate: alr -d -n build --release -- -cargs:Ada -gnatwn
Note: Building bigints=0.2.0/bigints.gpr...
Setup
   [mkdir]        object directory for project Bigints
   [mkdir]        library directory for project Bigints
Compile
   [Ada]          bigints_config.ads
   [Ada]          bigints-u256_modulo.ads
   [Ada]          bigints-machine_ints.adb
   [Ada]          bigints-uints.adb
   [Ada]          bigints.ads
   [Ada]          bigints-modular.adb
   [Ada]          bigints-f25519.ads
   [Ada]          bigints-const_choice.adb
   [Ada]          bigints-uints-modulo_ops.adb
   [Ada]          bigints-primitives.adb
   [Ada]          bigints-u256s.ads
Build Libraries
   [gprlib]       Bigints.lexch
   [archive]      libBigints.a
   [index]        libBigints.a
Success: Build finished successfully in 1.42 seconds.
Found declared GPR file: bigints.gpr
[alr test] Test completed SUCCESSFULLY
