Test ran at 2025-12-13 12:24:13.085654+00:00

SOLUTION:
hybrid_app_ada=2.0.0: Hybrid DDD/Clean/Hexagonal architecture greeter application in Ada 2022
Origin: commit 03a36937d109dbcf2c84c5172a3e3265ed175b6c from https://github.com/abitofhelp/hybrid_app_ada.git
Properties:
   Author: Michael Gardner
   Build Switches: 
   Description: Hybrid DDD/Clean/Hexagonal architecture greeter application in Ada 2022
   Executable: greeter
   License: BSD-3-Clause
   Maintainer: Michael Gardner <mike@abitofhelp.com>
   Maintainers_Logins: abitofhelp
   Name: hybrid_app_ada
   Tag: hexagonal
   Tag: ddd
   Tag: clean
   Tag: functional
   Tag: monad
   Tag: example
   Version: 2.0.0
   Website: https://github.com/abitofhelp/hybrid_app_ada
Dependencies (direct):
   functional^3.0.0
Dependencies (solution):
   functional=3.0.0
   gnat=13.2.2 (gnat_native)
Dependencies (graph):
   functional=3.0.0     --> gnat=13.2.2 (gnat_native) (>=13)
   hybrid_app_ada=2.0.0 --> functional=3.0.0 (^3.0.0)


LOG:
[alr test] Testing hybrid_app_ada=2.0.0
[alr test] Spawning retrieval for remote crate: alr -d -n get hybrid_app_ada=2.0.0
Note: Deploying hybrid_app_ada=2.0.0...
Note: Deploying functional=3.0.0...

hybrid_app_ada=2.0.0 successfully retrieved.
Dependencies were solved as follows:

   +  functional 3.0.0  (new)
   +b gnat       13.2.2 (new,gnat_native,indirect,binary)
[alr test] Spawning default test for remote crate: alr -d -n build --release -- -cargs:Ada -gnatwn
Note: Building hybrid_app_ada=2.0.0/hybrid_app_ada.gpr...
Setup
   [mkdir]        object directory for project Functional
   [mkdir]        library directory for project Functional
   [mkdir]        object directory for project Domain
   [mkdir]        library directory for project Domain
   [mkdir]        object directory for project Application
   [mkdir]        library directory for project Application
   [mkdir]        object directory for project Infrastructure
   [mkdir]        library directory for project Infrastructure
   [mkdir]        object directory for project Version
   [mkdir]        library directory for project Version
   [mkdir]        object directory for project Presentation
   [mkdir]        library directory for project Presentation
   [mkdir]        object directory for project Bootstrap
   [mkdir]        exec directory for project Bootstrap
Compile
   [Ada]          greeter.adb
   [Ada]          hybrid_app_ada.ads
   [Ada]          hybrid_app_ada-version.ads
/Users/runner/.local/share/alire/toolchains/gnat_native_13.2.2_b2c113d5/lib/gcc/aarch64-apple-darwin23.2.0/13.2.0/adainclude/system.ads
/Users/runner/work/alire-crates-ci/alire-crates-ci/test/1e800775-553a-4384-ae62-c03841a74220/hybrid_app_ada_2.0.0_03a36937/src/version/hybrid_app_ada.ads
   [Ada]          presentation-adapter-cli-command-greet.adb
/Users/runner/.local/share/alire/toolchains/gnat_native_13.2.2_b2c113d5/lib/gcc/aarch64-apple-darwin23.2.0/13.2.0/adainclude/system.ads
/Users/runner/work/alire-crates-ci/alire-crates-ci/test/1e800775-553a-4384-ae62-c03841a74220/hybrid_app_ada_2.0.0_03a36937/src/version/hybrid_app_ada-version.ads
/Users/runner/work/alire-crates-ci/alire-crates-ci/test/1e800775-553a-4384-ae62-c03841a74220/hybrid_app_ada_2.0.0_03a36937/src/version/hybrid_app_ada.ads
   [Ada]          presentation-adapter-cli-command.ads
/Users/runner/.local/share/alire/toolchains/gnat_native_13.2.2_b2c113d5/lib/gcc/aarch64-apple-darwin23.2.0/13.2.0/adainclude/system.ads
/Users/runner/work/alire-crates-ci/alire-crates-ci/test/1e800775-553a-4384-ae62-c03841a74220/hybrid_app_ada_2.0.0_03a36937/src/greeter.adb
/Users/runner/.local/share/alire/toolchains/gnat_native_13.2.2_b2c113d5/lib/gcc/aarch64-apple-darwin23.2.0/13.2.0/adainclude/ada.ads
/Users/runner/.local/share/alire/toolchains/gnat_native_13.2.2_b2c113d5/lib/gcc/aarch64-apple-darwin23.2.0/13.2.0/adainclude/a-comlin.ads
/Users/runner/work/alire-crates-ci/alire-crates-ci/test/1e800775-553a-4384-ae62-c03841a74220/hybrid_app_ada_2.0.0_03a36937/src/bootstrap/bootstrap.ads
/Users/runner/work/alire-crates-ci/alire-crates-ci/test/1e800775-553a-4384-ae62-c03841a74220/hybrid_app_ada_2.0.0_03a36937/src/bootstrap/cli/bootstrap-cli.ads
   [Ada]          presentation-adapter-cli.ads
/Users/runner/.local/share/alire/toolchains/gnat_native_13.2.2_b2c113d5/lib/gcc/aarch64-apple-darwin23.2.0/13.2.0/adainclude/system.ads
/Users/runner/work/alire-crates-ci/alire-crates-ci/test/1e800775-553a-4384-ae62-c03841a74220/hybrid_app_ada_2.0.0_03a36937/src/presentation/adapter/cli/presentation-adapter-cli.ads
/Users/runner/work/alire-crates-ci/alire-crates-ci/test/1e800775-553a-4384-ae62-c03841a74220/hybrid_app_ada_2.0.0_03a36937/src/presentation/adapter/presentation-adapter.ads
/Users/runner/work/alire-crates-ci/alire-crates-ci/test/1e800775-553a-4384-ae62-c03841a74220/hybrid_app_ada_2.0.0_03a36937/src/presentation/presentation.ads
   [Ada]          presentation-adapter.ads
/Users/runner/.local/share/alire/toolchains/gnat_native_13.2.2_b2c113d5/lib/gcc/aarch64-apple-darwin23.2.0/13.2.0/adainclude/system.ads
/Users/runner/work/alire-crates-ci/alire-crates-ci/test/1e800775-553a-4384-ae62-c03841a74220/hybrid_app_ada_2.0.0_03a36937/src/presentation/adapter/cli/command/presentation-adapter-cli-command.ads
/Users/runner/work/alire-crates-ci/alire-crates-ci/test/1e800775-553a-4384-ae62-c03841a74220/hybrid_app_ada_2.0.0_03a36937/src/presentation/adapter/cli/presentation-adapter-cli.ads
/Users/runner/work/alire-crates-ci/alire-crates-ci/test/1e800775-553a-4384-ae62-c03841a74220/hybrid_app_ada_2.0.0_03a36937/src/presentation/adapter/presentation-adapter.ads
/Users/runner/work/alire-crates-ci/alire-crates-ci/test/1e800775-553a-4384-ae62-c03841a74220/hybrid_app_ada_2.0.0_03a36937/src/presentation/presentation.ads
   [Ada]          presentation.ads
/Users/runner/.local/share/alire/toolchains/gnat_native_13.2.2_b2c113d5/lib/gcc/aarch64-apple-darwin23.2.0/13.2.0/adainclude/system.ads
/Users/runner/work/alire-crates-ci/alire-crates-ci/test/1e800775-553a-4384-ae62-c03841a74220/hybrid_app_ada_2.0.0_03a36937/src/presentation/adapter/presentation-adapter.ads
/Users/runner/work/alire-crates-ci/alire-crates-ci/test/1e800775-553a-4384-ae62-c03841a74220/hybrid_app_ada_2.0.0_03a36937/src/presentation/presentation.ads
   [Ada]          infrastructure-adapter.ads
/Users/runner/.local/share/alire/toolchains/gnat_native_13.2.2_b2c113d5/lib/gcc/aarch64-apple-darwin23.2.0/13.2.0/adainclude/system.ads
/Users/runner/work/alire-crates-ci/alire-crates-ci/test/1e800775-553a-4384-ae62-c03841a74220/hybrid_app_ada_2.0.0_03a36937/src/presentation/presentation.ads
   [Ada]          infrastructure-adapter-console_writer.adb
/Users/runner/.local/share/alire/toolchains/gnat_native_13.2.2_b2c113d5/lib/gcc/aarch64-apple-darwin23.2.0/13.2.0/adainclude/system.ads
/Users/runner/work/alire-crates-ci/alire-crates-ci/test/1e800775-553a-4384-ae62-c03841a74220/hybrid_app_ada_2.0.0_03a36937/src/presentation/adapter/cli/command/presentation-adapter-cli-command-greet.adb
/Users/runner/work/alire-crates-ci/alire-crates-ci/test/1e800775-553a-4384-ae62-c03841a74220/hybrid_app_ada_2.0.0_03a36937/src/presentation/adapter/cli/command/presentation-adapter-cli-command-greet.ads
/Users/runner/work/alire-crates-ci/alire-crates-ci/test/1e800775-553a-4384-ae62-c03841a74220/hybrid_app_ada_2.0.0_03a36937/src/presentation/adapter/cli/command/presentation-adapter-cli-command.ads
/Users/runner/work/alire-crates-ci/alire-crates-ci/test/1e800775-553a-4384-ae62-c03841a74220/hybrid_app_ada_2.0.0_03a36937/src/presentation/adapter/cli/presentation-adapter-cli.ads
/Users/runner/work/alire-crates-ci/alire-crates-ci/test/1e800775-553a-4384-ae62-c03841a74220/hybrid_app_ada_2.0.0_03a36937/src/presentation/adapter/presentation-adapter.ads
/Users/runner/work/alire-crates-ci/alire-crates-ci/test/1e800775-553a-4384-ae62-c03841a74220/hybrid_app_ada_2.0.0_03a36937/src/presentation/presentation.ads
/Users/runner/work/alire-crates-ci/alire-crates-ci/test/1e800775-553a-4384-ae62-c03841a74220/hybrid_app_ada_2.0.0_03a36937/src/application/application.ads
/Users/runner/work/alire-crates-ci/alire-crates-ci/test/1e800775-553a-4384-ae62-c03841a74220/hybrid_app_ada_2.0.0_03a36937/src/application/port/application-port.ads
/Users/runner/work/alire-crates-ci/alire-crates-ci/test/1e800775-553a-4384-ae62-c03841a74220/hybrid_app_ada_2.0.0_03a36937/src/application/port/outbound/application-port-outbound.ads
/Users/runner/work/alire-crates-ci/alire-crates-ci/test/1e800775-553a-4384-ae62-c03841a74220/hybrid_app_ada_2.0.0_03a36937/src/application/port/outbound/application-port-outbound-writer.ads
/Users/runner/work/alire-crates-ci/alire-crates-ci/test/1e800775-553a-4384-ae62-c03841a74220/hybrid_app_ada_2.0.0_03a36937/src/domain/domain.ads
/Users/runner/work/alire-crates-ci/alire-crates-ci/test/1e800775-553a-4384-ae62-c03841a74220/hybrid_app_ada_2.0.0_03a36937/src/domain/error/domain-error.ads
/Users/runner/.local/share/alire/toolchains/gnat_native_13.2.2_b2c113d5/lib/gcc/aarch64-apple-darwin23.2.0/13.2.0/adainclude/ada.ads
/Users/runner/.local/share/alire/toolchains/gnat_native_13.2.2_b2c113d5/lib/gcc/aarch64-apple-darwin23.2.0/13.2.0/adainclude/a-string.ads
/Users/runner/.local/share/alire/toolchains/gnat_native_13.2.2_b2c113d5/lib/gcc/aarch64-apple-darwin23.2.0/13.2.0/adainclude/a-strbou.ads
/Users/runner/.local/share/alire/toolchains/gnat_native_13.2.2_b2c113d5/lib/gcc/aarch64-apple-darwin23.2.0/13.2.0/adainclude/a-strmap.ads
/Users/runner/.local/share/alire/toolchains/gnat_native_13.2.2_b2c113d5/lib/gcc/aarch64-apple-darwin23.2.0/13.2.0/adainclude/a-charac.ads
/Users/runner/.local/share/alire/toolchains/gnat_native_13.2.2_b2c113d5/lib/gcc/aarch64-apple-darwin23.2.0/13.2.0/adainclude/a-chlat1.ads
/Users/runner/.local/share/alire/toolchains/gnat_native_13.2.2_b2c113d5/lib/gcc/aarch64-apple-darwin23.2.0/13.2.0/adainclude/a-strsup.ads
/Users/runner/.local/share/alire/toolchains/gnat_native_13.2.2_b2c113d5/lib/gcc/aarch64-apple-darwin23.2.0/13.2.0/adainclude/a-strsea.ads
/Users/runner/.local/share/alire/toolchains/gnat_native_13.2.2_b2c113d5/lib/gcc/aarch64-apple-darwin23.2.0/13.2.0/adainclude/a-sttebu.ads
/Users/runner/.local/share/alire/toolchains/gnat_native_13.2.2_b2c113d5/lib/gcc/aarch64-apple-darwin23.2.0/13.2.0/adainclude/a-stuten.ads
/Users/runner/.local/share/alire/toolchains/gnat_native_13.2.2_b2c113d5/lib/gcc/aarch64-apple-darwin23.2.0/13.2.0/adainclude/a-unccon.ads
/Users/runner/.local/share/alire/toolchains/gnat_native_13.2.2_b2c113d5/lib/gcc/aarch64-apple-darwin23.2.0/13.2.0/adainclude/interfac.ads
/Users/runner/work/alire-crates-ci/alire-crates-ci/test/1e800775-553a-4384-ae62-c03841a74220/hybrid_app_ada_2.0.0_03a36937/src/domain/error/domain-error-result.ads
/Users/runner/work/alire-crates-ci/alire-crates-ci/test/1e800775-553a-4384-ae62-c03841a74220/hybrid_app_ada_2.0.0_03a36937/src/domain/domain-unit.ads
/Users/runner/work/alire-crates-ci/alire-crates-ci/test/1e800775-553a-4384-ae62-c03841a74220/hybrid_app_ada_2.0.0_03a36937/src/application/command/application-command.ads
/Users/runner/work/alire-crates-ci/alire-crates-ci/test/1e800775-553a-4384-ae62-c03841a74220/hybrid_app_ada_2.0.0_03a36937/src/application/command/application-command-greet.ads
/Users/runner/.local/share/alire/toolchains/gnat_native_13.2.2_b2c113d5/lib/gcc/aarch64-apple-darwin23.2.0/13.2.0/adainclude/a-comlin.ads
/Users/runner/.local/share/alire/toolchains/gnat_native_13.2.2_b2c113d5/lib/gcc/aarch64-apple-darwin23.2.0/13.2.0/adainclude/a-textio.ads
/Users/runner/.local/share/alire/toolchains/gnat_native_13.2.2_b2c113d5/lib/gcc/aarch64-apple-darwin23.2.0/13.2.0/adainclude/a-ioexce.ads
/Users/runner/.local/share/alire/toolchains/gnat_native_13.2.2_b2c113d5/lib/gcc/aarch64-apple-darwin23.2.0/13.2.0/adainclude/a-stream.ads
/Users/runner/.local/share/alire/toolchains/gnat_native_13.2.2_b2c113d5/lib/gcc/aarch64-apple-darwin23.2.0/13.2.0/adainclude/s-ficobl.ads
/Users/runner/.local/share/alire/toolchains/gnat_native_13.2.2_b2c113d5/lib/gcc/aarch64-apple-darwin23.2.0/13.2.0/adainclude/i-cstrea.ads
/Users/runner/.local/share/alire/toolchains/gnat_native_13.2.2_b2c113d5/lib/gcc/aarch64-apple-darwin23.2.0/13.2.0/adainclude/s-crtl.ads
/Users/runner/.local/share/alire/toolchains/gnat_native_13.2.2_b2c113d5/lib/gcc/aarch64-apple-darwin23.2.0/13.2.0/adainclude/s-parame.ads
/Users/runner/.local/share/alire/toolchains/gnat_native_13.2.2_b2c113d5/lib/gcc/aarch64-apple-darwin23.2.0/13.2.0/adainclude/s-wchcon.ads
/Users/runner/work/alire-crates-ci/alire-crates-ci/test/1e800775-553a-4384-ae62-c03841a74220/hybrid_app_ada_2.0.0_03a36937/src/application/error/application-error.ads
/Users/runner/work/alire-crates-ci/alire-crates-ci/test/1e800775-553a-4384-ae62-c03841a74220/hybrid_app_ada_2.0.0_03a36937/src/version/hybrid_app_ada.ads
/Users/runner/work/alire-crates-ci/alire-crates-ci/test/1e800775-553a-4384-ae62-c03841a74220/hybrid_app_ada_2.0.0_03a36937/src/version/hybrid_app_ada-version.ads
/Users/runner/.local/share/alire/toolchains/gnat_native_13.2.2_b2c113d5/lib/gcc/aarch64-apple-darwin23.2.0/13.2.0/adainclude/s-exctab.ads
/Users/runner/.local/share/alire/toolchains/gnat_native_13.2.2_b2c113d5/lib/gcc/aarch64-apple-darwin23.2.0/13.2.0/adainclude/s-stalib.ads
/Users/runner/.local/share/alire/toolchains/gnat_native_13.2.2_b2c113d5/lib/gcc/aarch64-apple-darwin23.2.0/13.2.0/adainclude/a-tags.ads
/Users/runner/.local/share/alire/toolchains/gnat_native_13.2.2_b2c113d5/lib/gcc/aarch64-apple-darwin23.2.0/13.2.0/adainclude/s-stoele.ads
/Users/runner/.local/share/alire/toolchains/gnat_native_13.2.2_b2c113d5/lib/gcc/aarch64-apple-darwin23.2.0/13.2.0/adainclude/s-soflin.ads
/Users/runner/.local/share/alire/toolchains/gnat_native_13.2.2_b2c113d5/lib/gcc/aarch64-apple-darwin23.2.0/13.2.0/adainclude/a-except.ads
/Users/runner/.local/share/alire/toolchains/gnat_native_13.2.2_b2c113d5/lib/gcc/aarch64-apple-darwin23.2.0/13.2.0/adainclude/s-traent.ads
/Users/runner/.local/share/alire/toolchains/gnat_native_13.2.2_b2c113d5/lib/gcc/aarch64-apple-darwin23.2.0/13.2.0/adainclude/s-secsta.ads
/Users/runner/.local/share/alire/toolchains/gnat_native_13.2.2_b2c113d5/lib/gcc/aarch64-apple-darwin23.2.0/13.2.0/adainclude/s-stache.ads
/Users/runner/.local/share/alire/toolchains/gnat_native_13.2.2_b2c113d5/lib/gcc/aarch64-apple-darwin23.2.0/13.2.0/adainclude/s-putima.ads
/Users/runner/.local/share/alire/toolchains/gnat_native_13.2.2_b2c113d5/lib/gcc/aarch64-apple-darwin23.2.0/13.2.0/adainclude/s-unstyp.ads
/Users/runner/.local/share/alire/toolchains/gnat_native_13.2.2_b2c113d5/lib/gcc/aarch64-apple-darwin23.2.0/13.2.0/adainclude/s-assert.ads
/Users/runner/.local/share/alire/toolchains/gnat_native_13.2.2_b2c113d5/lib/gcc/aarch64-apple-darwin23.2.0/13.2.0/adainclude/a-assert.ads
/Users/runner/.local/share/alire/toolchains/gnat_native_13.2.2_b2c113d5/lib/gcc/aarch64-apple-darwin23.2.0/13.2.0/adainclude/s-stoele.adb
   [Ada]          infrastructure.ads
/Users/runner/.local/share/alire/toolchains/gnat_native_13.2.2_b2c113d5/lib/gcc/aarch64-apple-darwin23.2.0/13.2.0/adainclude/system.ads
/Users/runner/work/alire-crates-ci/alire-crates-ci/test/1e800775-553a-4384-ae62-c03841a74220/hybrid_app_ada_2.0.0_03a36937/src/infrastructure/adapter/infrastructure-adapter.ads
/Users/runner/work/alire-crates-ci/alire-crates-ci/test/1e800775-553a-4384-ae62-c03841a74220/hybrid_app_ada_2.0.0_03a36937/src/infrastructure/infrastructure.ads
   [Ada]          application-error.ads
/Users/runner/.local/share/alire/toolchains/gnat_native_13.2.2_b2c113d5/lib/gcc/aarch64-apple-darwin23.2.0/13.2.0/adainclude/system.ads
/Users/runner/work/alire-crates-ci/alire-crates-ci/test/1e800775-553a-4384-ae62-c03841a74220/hybrid_app_ada_2.0.0_03a36937/src/infrastructure/infrastructure.ads
   [Ada]          application-usecase-greet.adb
/Users/runner/.local/share/alire/toolchains/gnat_native_13.2.2_b2c113d5/lib/gcc/aarch64-apple-darwin23.2.0/13.2.0/adainclude/system.ads
/Users/runner/work/alire-crates-ci/alire-crates-ci/test/1e800775-553a-4384-ae62-c03841a74220/hybrid_app_ada_2.0.0_03a36937/src/infrastructure/adapter/infrastructure-adapter-console_writer.adb
/Users/runner/work/alire-crates-ci/alire-crates-ci/test/1e800775-553a-4384-ae62-c03841a74220/hybrid_app_ada_2.0.0_03a36937/src/infrastructure/adapter/infrastructure-adapter-console_writer.ads
/Users/runner/work/alire-crates-ci/alire-crates-ci/test/1e800775-553a-4384-ae62-c03841a74220/hybrid_app_ada_2.0.0_03a36937/src/infrastructure/adapter/infrastructure-adapter.ads
/Users/runner/work/alire-crates-ci/alire-crates-ci/test/1e800775-553a-4384-ae62-c03841a74220/hybrid_app_ada_2.0.0_03a36937/src/infrastructure/infrastructure.ads
/Users/runner/work/alire-crates-ci/alire-crates-ci/test/1e800775-553a-4384-ae62-c03841a74220/hybrid_app_ada_2.0.0_03a36937/src/application/application.ads
/Users/runner/work/alire-crates-ci/alire-crates-ci/test/1e800775-553a-4384-ae62-c03841a74220/hybrid_app_ada_2.0.0_03a36937/src/application/port/application-port.ads
/Users/runner/work/alire-crates-ci/alire-crates-ci/test/1e800775-553a-4384-ae62-c03841a74220/hybrid_app_ada_2.0.0_03a36937/src/application/port/outbound/application-port-outbound.ads
/Users/runner/work/alire-crates-ci/alire-crates-ci/test/1e800775-553a-4384-ae62-c03841a74220/hybrid_app_ada_2.0.0_03a36937/src/application/port/outbound/application-port-outbound-writer.ads
/Users/runner/work/alire-crates-ci/alire-crates-ci/test/1e800775-553a-4384-ae62-c03841a74220/hybrid_app_ada_2.0.0_03a36937/src/domain/domain.ads
/Users/runner/work/alire-crates-ci/alire-crates-ci/test/1e800775-553a-4384-ae62-c03841a74220/hybrid_app_ada_2.0.0_03a36937/src/domain/error/domain-error.ads
/Users/runner/.local/share/alire/toolchains/gnat_native_13.2.2_b2c113d5/lib/gcc/aarch64-apple-darwin23.2.0/13.2.0/adainclude/ada.ads
/Users/runner/.local/share/alire/toolchains/gnat_native_13.2.2_b2c113d5/lib/gcc/aarch64-apple-darwin23.2.0/13.2.0/adainclude/a-string.ads
/Users/runner/.local/share/alire/toolchains/gnat_native_13.2.2_b2c113d5/lib/gcc/aarch64-apple-darwin23.2.0/13.2.0/adainclude/a-strbou.ads
/Users/runner/.local/share/alire/toolchains/gnat_native_13.2.2_b2c113d5/lib/gcc/aarch64-apple-darwin23.2.0/13.2.0/adainclude/a-strmap.ads
/Users/runner/.local/share/alire/toolchains/gnat_native_13.2.2_b2c113d5/lib/gcc/aarch64-apple-darwin23.2.0/13.2.0/adainclude/a-charac.ads
/Users/runner/.local/share/alire/toolchains/gnat_native_13.2.2_b2c113d5/lib/gcc/aarch64-apple-darwin23.2.0/13.2.0/adainclude/a-chlat1.ads
/Users/runner/.local/share/alire/toolchains/gnat_native_13.2.2_b2c113d5/lib/gcc/aarch64-apple-darwin23.2.0/13.2.0/adainclude/a-strsup.ads
/Users/runner/.local/share/alire/toolchains/gnat_native_13.2.2_b2c113d5/lib/gcc/aarch64-apple-darwin23.2.0/13.2.0/adainclude/a-strsea.ads
/Users/runner/.local/share/alire/toolchains/gnat_native_13.2.2_b2c113d5/lib/gcc/aarch64-apple-darwin23.2.0/13.2.0/adainclude/a-sttebu.ads
/Users/runner/.local/share/alire/toolchains/gnat_native_13.2.2_b2c113d5/lib/gcc/aarch64-apple-darwin23.2.0/13.2.0/adainclude/a-stuten.ads
/Users/runner/.local/share/alire/toolchains/gnat_native_13.2.2_b2c113d5/lib/gcc/aarch64-apple-darwin23.2.0/13.2.0/adainclude/a-unccon.ads
/Users/runner/.local/share/alire/toolchains/gnat_native_13.2.2_b2c113d5/lib/gcc/aarch64-apple-darwin23.2.0/13.2.0/adainclude/interfac.ads
/Users/runner/work/alire-crates-ci/alire-crates-ci/test/1e800775-553a-4384-ae62-c03841a74220/hybrid_app_ada_2.0.0_03a36937/src/domain/error/domain-error-result.ads
/Users/runner/work/alire-crates-ci/alire-crates-ci/test/1e800775-553a-4384-ae62-c03841a74220/hybrid_app_ada_2.0.0_03a36937/src/domain/domain-unit.ads
/Users/runner/.local/share/alire/toolchains/gnat_native_13.2.2_b2c113d5/lib/gcc/aarch64-apple-darwin23.2.0/13.2.0/adainclude/a-textio.ads
/Users/runner/.local/share/alire/toolchains/gnat_native_13.2.2_b2c113d5/lib/gcc/aarch64-apple-darwin23.2.0/13.2.0/adainclude/a-ioexce.ads
/Users/runner/.local/share/alire/toolchains/gnat_native_13.2.2_b2c113d5/lib/gcc/aarch64-apple-darwin23.2.0/13.2.0/adainclude/a-stream.ads
/Users/runner/.local/share/alire/toolchains/gnat_native_13.2.2_b2c113d5/lib/gcc/aarch64-apple-darwin23.2.0/13.2.0/adainclude/s-ficobl.ads
/Users/runner/.local/share/alire/toolchains/gnat_native_13.2.2_b2c113d5/lib/gcc/aarch64-apple-darwin23.2.0/13.2.0/adainclude/i-cstrea.ads
/Users/runner/.local/share/alire/toolchains/gnat_native_13.2.2_b2c113d5/lib/gcc/aarch64-apple-darwin23.2.0/13.2.0/adainclude/s-crtl.ads
/Users/runner/.local/share/alire/toolchains/gnat_native_13.2.2_b2c113d5/lib/gcc/aarch64-apple-darwin23.2.0/13.2.0/adainclude/s-parame.ads
/Users/runner/.local/share/alire/toolchains/gnat_native_13.2.2_b2c113d5/lib/gcc/aarch64-apple-darwin23.2.0/13.2.0/adainclude/s-wchcon.ads
/Users/runner/.local/share/alire/toolchains/gnat_native_13.2.2_b2c113d5/lib/gcc/aarch64-apple-darwin23.2.0/13.2.0/adainclude/a-except.ads
/Users/runner/.local/share/alire/toolchains/gnat_native_13.2.2_b2c113d5/lib/gcc/aarch64-apple-darwin23.2.0/13.2.0/adainclude/s-stalib.ads
/Users/runner/.local/share/alire/toolchains/gnat_native_13.2.2_b2c113d5/lib/gcc/aarch64-apple-darwin23.2.0/13.2.0/adainclude/s-traent.ads
/Users/runner/.local/share/alire/builds/functional_3.0.0_49073c79/aee7f26e39bb37131bc9874503a5714f753181bb5f39c3246f015623227f6114/src/functional.ads
/Users/runner/.local/share/alire/builds/functional_3.0.0_49073c79/aee7f26e39bb37131bc9874503a5714f753181bb5f39c3246f015623227f6114/src/functional-result.ads
/Users/runner/.local/share/alire/builds/functional_3.0.0_49073c79/aee7f26e39bb37131bc9874503a5714f753181bb5f39c3246f015623227f6114/src/functional-try.ads
/Users/runner/.local/share/alire/builds/functional_3.0.0_49073c79/aee7f26e39bb37131bc9874503a5714f753181bb5f39c3246f015623227f6114/src/functional-option.ads
/Users/runner/.local/share/alire/toolchains/gnat_native_13.2.2_b2c113d5/lib/gcc/aarch64-apple-darwin23.2.0/13.2.0/adainclude/s-exctab.ads
/Users/runner/.local/share/alire/toolchains/gnat_native_13.2.2_b2c113d5/lib/gcc/aarch64-apple-darwin23.2.0/13.2.0/adainclude/a-tags.ads
/Users/runner/.local/share/alire/toolchains/gnat_native_13.2.2_b2c113d5/lib/gcc/aarch64-apple-darwin23.2.0/13.2.0/adainclude/s-stoele.ads
/Users/runner/.local/share/alire/toolchains/gnat_native_13.2.2_b2c113d5/lib/gcc/aarch64-apple-darwin23.2.0/13.2.0/adainclude/s-soflin.ads
/Users/runner/.local/share/alire/toolchains/gnat_native_13.2.2_b2c113d5/lib/gcc/aarch64-apple-darwin23.2.0/13.2.0/adainclude/s-secsta.ads
/Users/runner/.local/share/alire/toolchains/gnat_native_13.2.2_b2c113d5/lib/gcc/aarch64-apple-darwin23.2.0/13.2.0/adainclude/s-stache.ads
/Users/runner/.local/share/alire/toolchains/gnat_native_13.2.2_b2c113d5/lib/gcc/aarch64-apple-darwin23.2.0/13.2.0/adainclude/s-putima.ads
/Users/runner/.local/share/alire/toolchains/gnat_native_13.2.2_b2c113d5/lib/gcc/aarch64-apple-darwin23.2.0/13.2.0/adainclude/s-unstyp.ads
/Users/runner/.local/share/alire/toolchains/gnat_native_13.2.2_b2c113d5/lib/gcc/aarch64-apple-darwin23.2.0/13.2.0/adainclude/s-assert.ads
/Users/runner/.local/share/alire/toolchains/gnat_native_13.2.2_b2c113d5/lib/gcc/aarch64-apple-darwin23.2.0/13.2.0/adainclude/a-assert.ads
/Users/runner/.local/share/alire/toolchains/gnat_native_13.2.2_b2c113d5/lib/gcc/aarch64-apple-darwin23.2.0/13.2.0/adainclude/s-conca2.ads
/Users/runner/.local/share/alire/builds/functional_3.0.0_49073c79/aee7f26e39bb37131bc9874503a5714f753181bb5f39c3246f015623227f6114/src/functional-result.adb
/Users/runner/.local/share/alire/builds/functional_3.0.0_49073c79/aee7f26e39bb37131bc9874503a5714f753181bb5f39c3246f015623227f6114/src/functional-try.adb
/Users/runner/.local/share/alire/toolchains/gnat_native_13.2.2_b2c113d5/lib/gcc/aarch64-apple-darwin23.2.0/13.2.0/adainclude/s-stoele.adb
   [Ada]          application-usecase.ads
/Users/runner/.local/share/alire/toolchains/gnat_native_13.2.2_b2c113d5/lib/gcc/aarch64-apple-darwin23.2.0/13.2.0/adainclude/system.ads
/Users/runner/work/alire-crates-ci/alire-crates-ci/test/1e800775-553a-4384-ae62-c03841a74220/hybrid_app_ada_2.0.0_03a36937/src/application/error/application-error.ads
/Users/runner/work/alire-crates-ci/alire-crates-ci/test/1e800775-553a-4384-ae62-c03841a74220/hybrid_app_ada_2.0.0_03a36937/src/application/application.ads
/Users/runner/work/alire-crates-ci/alire-crates-ci/test/1e800775-553a-4384-ae62-c03841a74220/hybrid_app_ada_2.0.0_03a36937/src/domain/domain.ads
/Users/runner/work/alire-crates-ci/alire-crates-ci/test/1e800775-553a-4384-ae62-c03841a74220/hybrid_app_ada_2.0.0_03a36937/src/domain/error/domain-error.ads
/Users/runner/.local/share/alire/toolchains/gnat_native_13.2.2_b2c113d5/lib/gcc/aarch64-apple-darwin23.2.0/13.2.0/adainclude/ada.ads
/Users/runner/.local/share/alire/toolchains/gnat_native_13.2.2_b2c113d5/lib/gcc/aarch64-apple-darwin23.2.0/13.2.0/adainclude/a-string.ads
/Users/runner/.local/share/alire/toolchains/gnat_native_13.2.2_b2c113d5/lib/gcc/aarch64-apple-darwin23.2.0/13.2.0/adainclude/a-strbou.ads
/Users/runner/.local/share/alire/toolchains/gnat_native_13.2.2_b2c113d5/lib/gcc/aarch64-apple-darwin23.2.0/13.2.0/adainclude/a-strmap.ads
/Users/runner/.local/share/alire/toolchains/gnat_native_13.2.2_b2c113d5/lib/gcc/aarch64-apple-darwin23.2.0/13.2.0/adainclude/a-charac.ads
/Users/runner/.local/share/alire/toolchains/gnat_native_13.2.2_b2c113d5/lib/gcc/aarch64-apple-darwin23.2.0/13.2.0/adainclude/a-chlat1.ads
/Users/runner/.local/share/alire/toolchains/gnat_native_13.2.2_b2c113d5/lib/gcc/aarch64-apple-darwin23.2.0/13.2.0/adainclude/a-strsup.ads
/Users/runner/.local/share/alire/toolchains/gnat_native_13.2.2_b2c113d5/lib/gcc/aarch64-apple-darwin23.2.0/13.2.0/adainclude/a-strsea.ads
/Users/runner/.local/share/alire/toolchains/gnat_native_13.2.2_b2c113d5/lib/gcc/aarch64-apple-darwin23.2.0/13.2.0/adainclude/a-sttebu.ads
/Users/runner/.local/share/alire/toolchains/gnat_native_13.2.2_b2c113d5/lib/gcc/aarch64-apple-darwin23.2.0/13.2.0/adainclude/a-stuten.ads
/Users/runner/.local/share/alire/toolchains/gnat_native_13.2.2_b2c113d5/lib/gcc/aarch64-apple-darwin23.2.0/13.2.0/adainclude/a-unccon.ads
/Users/runner/.local/share/alire/toolchains/gnat_native_13.2.2_b2c113d5/lib/gcc/aarch64-apple-darwin23.2.0/13.2.0/adainclude/interfac.ads
/Users/runner/.local/share/alire/toolchains/gnat_native_13.2.2_b2c113d5/lib/gcc/aarch64-apple-darwin23.2.0/13.2.0/adainclude/s-exctab.ads
/Users/runner/.local/share/alire/toolchains/gnat_native_13.2.2_b2c113d5/lib/gcc/aarch64-apple-darwin23.2.0/13.2.0/adainclude/s-stalib.ads
/Users/runner/.local/share/alire/toolchains/gnat_native_13.2.2_b2c113d5/lib/gcc/aarch64-apple-darwin23.2.0/13.2.0/adainclude/a-tags.ads
/Users/runner/.local/share/alire/toolchains/gnat_native_13.2.2_b2c113d5/lib/gcc/aarch64-apple-darwin23.2.0/13.2.0/adainclude/s-stoele.ads
/Users/runner/.local/share/alire/toolchains/gnat_native_13.2.2_b2c113d5/lib/gcc/aarch64-apple-darwin23.2.0/13.2.0/adainclude/s-soflin.ads
/Users/runner/.local/share/alire/toolchains/gnat_native_13.2.2_b2c113d5/lib/gcc/aarch64-apple-darwin23.2.0/13.2.0/adainclude/a-except.ads
/Users/runner/.local/share/alire/toolchains/gnat_native_13.2.2_b2c113d5/lib/gcc/aarch64-apple-darwin23.2.0/13.2.0/adainclude/s-parame.ads
/Users/runner/.local/share/alire/toolchains/gnat_native_13.2.2_b2c113d5/lib/gcc/aarch64-apple-darwin23.2.0/13.2.0/adainclude/s-traent.ads
/Users/runner/.local/share/alire/toolchains/gnat_native_13.2.2_b2c113d5/lib/gcc/aarch64-apple-darwin23.2.0/13.2.0/adainclude/s-secsta.ads
/Users/runner/.local/share/alire/toolchains/gnat_native_13.2.2_b2c113d5/lib/gcc/aarch64-apple-darwin23.2.0/13.2.0/adainclude/s-stache.ads
/Users/runner/.local/share/alire/toolchains/gnat_native_13.2.2_b2c113d5/lib/gcc/aarch64-apple-darwin23.2.0/13.2.0/adainclude/s-unstyp.ads
/Users/runner/.local/share/alire/toolchains/gnat_native_13.2.2_b2c113d5/lib/gcc/aarch64-apple-darwin23.2.0/13.2.0/adainclude/s-assert.ads
/Users/runner/.local/share/alire/toolchains/gnat_native_13.2.2_b2c113d5/lib/gcc/aarch64-apple-darwin23.2.0/13.2.0/adainclude/a-assert.ads
/Users/runner/.local/share/alire/toolchains/gnat_native_13.2.2_b2c113d5/lib/gcc/aarch64-apple-darwin23.2.0/13.2.0/adainclude/s-stoele.adb
   [Ada]          application-port-outbound.ads
/Users/runner/.local/share/alire/toolchains/gnat_native_13.2.2_b2c113d5/lib/gcc/aarch64-apple-darwin23.2.0/13.2.0/adainclude/system.ads
/Users/runner/work/alire-crates-ci/alire-crates-ci/test/1e800775-553a-4384-ae62-c03841a74220/hybrid_app_ada_2.0.0_03a36937/src/application/usecase/application-usecase.ads
/Users/runner/work/alire-crates-ci/alire-crates-ci/test/1e800775-553a-4384-ae62-c03841a74220/hybrid_app_ada_2.0.0_03a36937/src/application/application.ads
   [Ada]          application-port-outbound-writer.ads
/Users/runner/.local/share/alire/toolchains/gnat_native_13.2.2_b2c113d5/lib/gcc/aarch64-apple-darwin23.2.0/13.2.0/adainclude/system.ads
/Users/runner/work/alire-crates-ci/alire-crates-ci/test/1e800775-553a-4384-ae62-c03841a74220/hybrid_app_ada_2.0.0_03a36937/src/application/port/outbound/application-port-outbound.ads
/Users/runner/work/alire-crates-ci/alire-crates-ci/test/1e800775-553a-4384-ae62-c03841a74220/hybrid_app_ada_2.0.0_03a36937/src/application/port/application-port.ads
/Users/runner/work/alire-crates-ci/alire-crates-ci/test/1e800775-553a-4384-ae62-c03841a74220/hybrid_app_ada_2.0.0_03a36937/src/application/application.ads
   [Ada]          application-port-inbound.ads
/Users/runner/.local/share/alire/toolchains/gnat_native_13.2.2_b2c113d5/lib/gcc/aarch64-apple-darwin23.2.0/13.2.0/adainclude/system.ads
/Users/runner/work/alire-crates-ci/alire-crates-ci/test/1e800775-553a-4384-ae62-c03841a74220/hybrid_app_ada_2.0.0_03a36937/src/application/usecase/application-usecase-greet.adb
/Users/runner/work/alire-crates-ci/alire-crates-ci/test/1e800775-553a-4384-ae62-c03841a74220/hybrid_app_ada_2.0.0_03a36937/src/application/usecase/application-usecase-greet.ads
/Users/runner/work/alire-crates-ci/alire-crates-ci/test/1e800775-553a-4384-ae62-c03841a74220/hybrid_app_ada_2.0.0_03a36937/src/application/usecase/application-usecase.ads
/Users/runner/work/alire-crates-ci/alire-crates-ci/test/1e800775-553a-4384-ae62-c03841a74220/hybrid_app_ada_2.0.0_03a36937/src/application/application.ads
/Users/runner/work/alire-crates-ci/alire-crates-ci/test/1e800775-553a-4384-ae62-c03841a74220/hybrid_app_ada_2.0.0_03a36937/src/application/port/application-port.ads
/Users/runner/work/alire-crates-ci/alire-crates-ci/test/1e800775-553a-4384-ae62-c03841a74220/hybrid_app_ada_2.0.0_03a36937/src/application/port/outbound/application-port-outbound.ads
/Users/runner/work/alire-crates-ci/alire-crates-ci/test/1e800775-553a-4384-ae62-c03841a74220/hybrid_app_ada_2.0.0_03a36937/src/application/port/outbound/application-port-outbound-writer.ads
/Users/runner/work/alire-crates-ci/alire-crates-ci/test/1e800775-553a-4384-ae62-c03841a74220/hybrid_app_ada_2.0.0_03a36937/src/domain/domain.ads
/Users/runner/work/alire-crates-ci/alire-crates-ci/test/1e800775-553a-4384-ae62-c03841a74220/hybrid_app_ada_2.0.0_03a36937/src/domain/error/domain-error.ads
/Users/runner/.local/share/alire/toolchains/gnat_native_13.2.2_b2c113d5/lib/gcc/aarch64-apple-darwin23.2.0/13.2.0/adainclude/ada.ads
/Users/runner/.local/share/alire/toolchains/gnat_native_13.2.2_b2c113d5/lib/gcc/aarch64-apple-darwin23.2.0/13.2.0/adainclude/a-string.ads
/Users/runner/.local/share/alire/toolchains/gnat_native_13.2.2_b2c113d5/lib/gcc/aarch64-apple-darwin23.2.0/13.2.0/adainclude/a-strbou.ads
/Users/runner/.local/share/alire/toolchains/gnat_native_13.2.2_b2c113d5/lib/gcc/aarch64-apple-darwin23.2.0/13.2.0/adainclude/a-strmap.ads
/Users/runner/.local/share/alire/toolchains/gnat_native_13.2.2_b2c113d5/lib/gcc/aarch64-apple-darwin23.2.0/13.2.0/adainclude/a-charac.ads
/Users/runner/.local/share/alire/toolchains/gnat_native_13.2.2_b2c113d5/lib/gcc/aarch64-apple-darwin23.2.0/13.2.0/adainclude/a-chlat1.ads
/Users/runner/.local/share/alire/toolchains/gnat_native_13.2.2_b2c113d5/lib/gcc/aarch64-apple-darwin23.2.0/13.2.0/adainclude/a-strsup.ads
/Users/runner/.local/share/alire/toolchains/gnat_native_13.2.2_b2c113d5/lib/gcc/aarch64-apple-darwin23.2.0/13.2.0/adainclude/a-strsea.ads
/Users/runner/.local/share/alire/toolchains/gnat_native_13.2.2_b2c113d5/lib/gcc/aarch64-apple-darwin23.2.0/13.2.0/adainclude/a-sttebu.ads
/Users/runner/.local/share/alire/toolchains/gnat_native_13.2.2_b2c113d5/lib/gcc/aarch64-apple-darwin23.2.0/13.2.0/adainclude/a-stuten.ads
/Users/runner/.local/share/alire/toolchains/gnat_native_13.2.2_b2c113d5/lib/gcc/aarch64-apple-darwin23.2.0/13.2.0/adainclude/a-unccon.ads
/Users/runner/.local/share/alire/toolchains/gnat_native_13.2.2_b2c113d5/lib/gcc/aarch64-apple-darwin23.2.0/13.2.0/adainclude/interfac.ads
/Users/runner/work/alire-crates-ci/alire-crates-ci/test/1e800775-553a-4384-ae62-c03841a74220/hybrid_app_ada_2.0.0_03a36937/src/domain/error/domain-error-result.ads
/Users/runner/work/alire-crates-ci/alire-crates-ci/test/1e800775-553a-4384-ae62-c03841a74220/hybrid_app_ada_2.0.0_03a36937/src/domain/domain-unit.ads
/Users/runner/work/alire-crates-ci/alire-crates-ci/test/1e800775-553a-4384-ae62-c03841a74220/hybrid_app_ada_2.0.0_03a36937/src/application/command/application-command.ads
/Users/runner/work/alire-crates-ci/alire-crates-ci/test/1e800775-553a-4384-ae62-c03841a74220/hybrid_app_ada_2.0.0_03a36937/src/application/command/application-command-greet.ads
/Users/runner/work/alire-crates-ci/alire-crates-ci/test/1e800775-553a-4384-ae62-c03841a74220/hybrid_app_ada_2.0.0_03a36937/src/domain/value_object/domain-value_object.ads
/Users/runner/work/alire-crates-ci/alire-crates-ci/test/1e800775-553a-4384-ae62-c03841a74220/hybrid_app_ada_2.0.0_03a36937/src/domain/value_object/domain-value_object-person.ads
/Users/runner/.local/share/alire/toolchains/gnat_native_13.2.2_b2c113d5/lib/gcc/aarch64-apple-darwin23.2.0/13.2.0/adainclude/s-exctab.ads
/Users/runner/.local/share/alire/toolchains/gnat_native_13.2.2_b2c113d5/lib/gcc/aarch64-apple-darwin23.2.0/13.2.0/adainclude/s-stalib.ads
/Users/runner/.local/share/alire/toolchains/gnat_native_13.2.2_b2c113d5/lib/gcc/aarch64-apple-darwin23.2.0/13.2.0/adainclude/a-tags.ads
/Users/runner/.local/share/alire/toolchains/gnat_native_13.2.2_b2c113d5/lib/gcc/aarch64-apple-darwin23.2.0/13.2.0/adainclude/s-stoele.ads
/Users/runner/.local/share/alire/toolchains/gnat_native_13.2.2_b2c113d5/lib/gcc/aarch64-apple-darwin23.2.0/13.2.0/adainclude/s-soflin.ads
/Users/runner/.local/share/alire/toolchains/gnat_native_13.2.2_b2c113d5/lib/gcc/aarch64-apple-darwin23.2.0/13.2.0/adainclude/a-except.ads
/Users/runner/.local/share/alire/toolchains/gnat_native_13.2.2_b2c113d5/lib/gcc/aarch64-apple-darwin23.2.0/13.2.0/adainclude/s-parame.ads
/Users/runner/.local/share/alire/toolchains/gnat_native_13.2.2_b2c113d5/lib/gcc/aarch64-apple-darwin23.2.0/13.2.0/adainclude/s-traent.ads
/Users/runner/.local/share/alire/toolchains/gnat_native_13.2.2_b2c113d5/lib/gcc/aarch64-apple-darwin23.2.0/13.2.0/adainclude/s-secsta.ads
/Users/runner/.local/share/alire/toolchains/gnat_native_13.2.2_b2c113d5/lib/gcc/aarch64-apple-darwin23.2.0/13.2.0/adainclude/s-stache.ads
/Users/runner/.local/share/alire/toolchains/gnat_native_13.2.2_b2c113d5/lib/gcc/aarch64-apple-darwin23.2.0/13.2.0/adainclude/s-unstyp.ads
/Users/runner/.local/share/alire/toolchains/gnat_native_13.2.2_b2c113d5/lib/gcc/aarch64-apple-darwin23.2.0/13.2.0/adainclude/s-assert.ads
/Users/runner/.local/share/alire/toolchains/gnat_native_13.2.2_b2c113d5/lib/gcc/aarch64-apple-darwin23.2.0/13.2.0/adainclude/a-assert.ads
/Users/runner/.local/share/alire/toolchains/gnat_native_13.2.2_b2c113d5/lib/gcc/aarch64-apple-darwin23.2.0/13.2.0/adainclude/s-stoele.adb
   [Ada]          application-port.ads
/Users/runner/.local/share/alire/toolchains/gnat_native_13.2.2_b2c113d5/lib/gcc/aarch64-apple-darwin23.2.0/13.2.0/adainclude/system.ads
/Users/runner/work/alire-crates-ci/alire-crates-ci/test/1e800775-553a-4384-ae62-c03841a74220/hybrid_app_ada_2.0.0_03a36937/src/application/port/inbound/application-port-inbound.ads
/Users/runner/work/alire-crates-ci/alire-crates-ci/test/1e800775-553a-4384-ae62-c03841a74220/hybrid_app_ada_2.0.0_03a36937/src/application/port/application-port.ads
/Users/runner/work/alire-crates-ci/alire-crates-ci/test/1e800775-553a-4384-ae62-c03841a74220/hybrid_app_ada_2.0.0_03a36937/src/application/application.ads
   [Ada]          application-command.ads
/Users/runner/.local/share/alire/toolchains/gnat_native_13.2.2_b2c113d5/lib/gcc/aarch64-apple-darwin23.2.0/13.2.0/adainclude/system.ads
/Users/runner/work/alire-crates-ci/alire-crates-ci/test/1e800775-553a-4384-ae62-c03841a74220/hybrid_app_ada_2.0.0_03a36937/src/application/port/application-port.ads
/Users/runner/work/alire-crates-ci/alire-crates-ci/test/1e800775-553a-4384-ae62-c03841a74220/hybrid_app_ada_2.0.0_03a36937/src/application/application.ads
   [Ada]          application-command-greet.adb
/Users/runner/.local/share/alire/toolchains/gnat_native_13.2.2_b2c113d5/lib/gcc/aarch64-apple-darwin23.2.0/13.2.0/adainclude/system.ads
/Users/runner/work/alire-crates-ci/alire-crates-ci/test/1e800775-553a-4384-ae62-c03841a74220/hybrid_app_ada_2.0.0_03a36937/src/application/command/application-command.ads
/Users/runner/work/alire-crates-ci/alire-crates-ci/test/1e800775-553a-4384-ae62-c03841a74220/hybrid_app_ada_2.0.0_03a36937/src/application/application.ads
   [Ada]          application.ads
/Users/runner/.local/share/alire/toolchains/gnat_native_13.2.2_b2c113d5/lib/gcc/aarch64-apple-darwin23.2.0/13.2.0/adainclude/system.ads
/Users/runner/work/alire-crates-ci/alire-crates-ci/test/1e800775-553a-4384-ae62-c03841a74220/hybrid_app_ada_2.0.0_03a36937/src/application/port/outbound/application-port-outbound-writer.ads
/Users/runner/work/alire-crates-ci/alire-crates-ci/test/1e800775-553a-4384-ae62-c03841a74220/hybrid_app_ada_2.0.0_03a36937/src/application/port/outbound/application-port-outbound.ads
/Users/runner/work/alire-crates-ci/alire-crates-ci/test/1e800775-553a-4384-ae62-c03841a74220/hybrid_app_ada_2.0.0_03a36937/src/application/port/application-port.ads
/Users/runner/work/alire-crates-ci/alire-crates-ci/test/1e800775-553a-4384-ae62-c03841a74220/hybrid_app_ada_2.0.0_03a36937/src/application/application.ads
/Users/runner/work/alire-crates-ci/alire-crates-ci/test/1e800775-553a-4384-ae62-c03841a74220/hybrid_app_ada_2.0.0_03a36937/src/domain/domain.ads
/Users/runner/work/alire-crates-ci/alire-crates-ci/test/1e800775-553a-4384-ae62-c03841a74220/hybrid_app_ada_2.0.0_03a36937/src/domain/error/domain-error.ads
/Users/runner/.local/share/alire/toolchains/gnat_native_13.2.2_b2c113d5/lib/gcc/aarch64-apple-darwin23.2.0/13.2.0/adainclude/ada.ads
/Users/runner/.local/share/alire/toolchains/gnat_native_13.2.2_b2c113d5/lib/gcc/aarch64-apple-darwin23.2.0/13.2.0/adainclude/a-string.ads
/Users/runner/.local/share/alire/toolchains/gnat_native_13.2.2_b2c113d5/lib/gcc/aarch64-apple-darwin23.2.0/13.2.0/adainclude/a-strbou.ads
/Users/runner/.local/share/alire/toolchains/gnat_native_13.2.2_b2c113d5/lib/gcc/aarch64-apple-darwin23.2.0/13.2.0/adainclude/a-strmap.ads
/Users/runner/.local/share/alire/toolchains/gnat_native_13.2.2_b2c113d5/lib/gcc/aarch64-apple-darwin23.2.0/13.2.0/adainclude/a-charac.ads
/Users/runner/.local/share/alire/toolchains/gnat_native_13.2.2_b2c113d5/lib/gcc/aarch64-apple-darwin23.2.0/13.2.0/adainclude/a-chlat1.ads
/Users/runner/.local/share/alire/toolchains/gnat_native_13.2.2_b2c113d5/lib/gcc/aarch64-apple-darwin23.2.0/13.2.0/adainclude/a-strsup.ads
/Users/runner/.local/share/alire/toolchains/gnat_native_13.2.2_b2c113d5/lib/gcc/aarch64-apple-darwin23.2.0/13.2.0/adainclude/a-strsea.ads
/Users/runner/.local/share/alire/toolchains/gnat_native_13.2.2_b2c113d5/lib/gcc/aarch64-apple-darwin23.2.0/13.2.0/adainclude/a-sttebu.ads
/Users/runner/.local/share/alire/toolchains/gnat_native_13.2.2_b2c113d5/lib/gcc/aarch64-apple-darwin23.2.0/13.2.0/adainclude/a-stuten.ads
/Users/runner/.local/share/alire/toolchains/gnat_native_13.2.2_b2c113d5/lib/gcc/aarch64-apple-darwin23.2.0/13.2.0/adainclude/a-unccon.ads
/Users/runner/.local/share/alire/toolchains/gnat_native_13.2.2_b2c113d5/lib/gcc/aarch64-apple-darwin23.2.0/13.2.0/adainclude/interfac.ads
/Users/runner/work/alire-crates-ci/alire-crates-ci/test/1e800775-553a-4384-ae62-c03841a74220/hybrid_app_ada_2.0.0_03a36937/src/domain/error/domain-error-result.ads
/Users/runner/work/alire-crates-ci/alire-crates-ci/test/1e800775-553a-4384-ae62-c03841a74220/hybrid_app_ada_2.0.0_03a36937/src/domain/domain-unit.ads
/Users/runner/.local/share/alire/toolchains/gnat_native_13.2.2_b2c113d5/lib/gcc/aarch64-apple-darwin23.2.0/13.2.0/adainclude/s-exctab.ads
/Users/runner/.local/share/alire/toolchains/gnat_native_13.2.2_b2c113d5/lib/gcc/aarch64-apple-darwin23.2.0/13.2.0/adainclude/s-stalib.ads
/Users/runner/.local/share/alire/toolchains/gnat_native_13.2.2_b2c113d5/lib/gcc/aarch64-apple-darwin23.2.0/13.2.0/adainclude/a-tags.ads
/Users/runner/.local/share/alire/toolchains/gnat_native_13.2.2_b2c113d5/lib/gcc/aarch64-apple-darwin23.2.0/13.2.0/adainclude/s-stoele.ads
/Users/runner/.local/share/alire/toolchains/gnat_native_13.2.2_b2c113d5/lib/gcc/aarch64-apple-darwin23.2.0/13.2.0/adainclude/s-soflin.ads
/Users/runner/.local/share/alire/toolchains/gnat_native_13.2.2_b2c113d5/lib/gcc/aarch64-apple-darwin23.2.0/13.2.0/adainclude/a-except.ads
/Users/runner/.local/share/alire/toolchains/gnat_native_13.2.2_b2c113d5/lib/gcc/aarch64-apple-darwin23.2.0/13.2.0/adainclude/s-parame.ads
/Users/runner/.local/share/alire/toolchains/gnat_native_13.2.2_b2c113d5/lib/gcc/aarch64-apple-darwin23.2.0/13.2.0/adainclude/s-traent.ads
/Users/runner/.local/share/alire/toolchains/gnat_native_13.2.2_b2c113d5/lib/gcc/aarch64-apple-darwin23.2.0/13.2.0/adainclude/s-secsta.ads
/Users/runner/.local/share/alire/toolchains/gnat_native_13.2.2_b2c113d5/lib/gcc/aarch64-apple-darwin23.2.0/13.2.0/adainclude/s-stache.ads
/Users/runner/.local/share/alire/toolchains/gnat_native_13.2.2_b2c113d5/lib/gcc/aarch64-apple-darwin23.2.0/13.2.0/adainclude/s-unstyp.ads
/Users/runner/.local/share/alire/toolchains/gnat_native_13.2.2_b2c113d5/lib/gcc/aarch64-apple-darwin23.2.0/13.2.0/adainclude/s-assert.ads
/Users/runner/.local/share/alire/toolchains/gnat_native_13.2.2_b2c113d5/lib/gcc/aarch64-apple-darwin23.2.0/13.2.0/adainclude/a-assert.ads
/Users/runner/work/alire-crates-ci/alire-crates-ci/test/1e800775-553a-4384-ae62-c03841a74220/hybrid_app_ada_2.0.0_03a36937/src/domain/error/domain-error-result.adb
/Users/runner/.local/share/alire/toolchains/gnat_native_13.2.2_b2c113d5/lib/gcc/aarch64-apple-darwin23.2.0/13.2.0/adainclude/s-stoele.adb
   [Ada]          domain-value_object-person.adb
/Users/runner/.local/share/alire/toolchains/gnat_native_13.2.2_b2c113d5/lib/gcc/aarch64-apple-darwin23.2.0/13.2.0/adainclude/system.ads
/Users/runner/work/alire-crates-ci/alire-crates-ci/test/1e800775-553a-4384-ae62-c03841a74220/hybrid_app_ada_2.0.0_03a36937/src/application/application.ads
   [Ada]          domain-value_object-option.adb
/Users/runner/.local/share/alire/toolchains/gnat_native_13.2.2_b2c113d5/lib/gcc/aarch64-apple-darwin23.2.0/13.2.0/adainclude/system.ads
/Users/runner/work/alire-crates-ci/alire-crates-ci/test/1e800775-553a-4384-ae62-c03841a74220/hybrid_app_ada_2.0.0_03a36937/src/domain/value_object/domain-value_object-option.adb
/Users/runner/work/alire-crates-ci/alire-crates-ci/test/1e800775-553a-4384-ae62-c03841a74220/hybrid_app_ada_2.0.0_03a36937/src/domain/value_object/domain-value_object-option.ads
/Users/runner/work/alire-crates-ci/alire-crates-ci/test/1e800775-553a-4384-ae62-c03841a74220/hybrid_app_ada_2.0.0_03a36937/src/domain/value_object/domain-value_object.ads
/Users/runner/work/alire-crates-ci/alire-crates-ci/test/1e800775-553a-4384-ae62-c03841a74220/hybrid_app_ada_2.0.0_03a36937/src/domain/domain.ads
   [Ada]          domain-value_object.ads
/Users/runner/.local/share/alire/toolchains/gnat_native_13.2.2_b2c113d5/lib/gcc/aarch64-apple-darwin23.2.0/13.2.0/adainclude/system.ads
/Users/runner/work/alire-crates-ci/alire-crates-ci/test/1e800775-553a-4384-ae62-c03841a74220/hybrid_app_ada_2.0.0_03a36937/src/application/command/application-command-greet.adb
/Users/runner/work/alire-crates-ci/alire-crates-ci/test/1e800775-553a-4384-ae62-c03841a74220/hybrid_app_ada_2.0.0_03a36937/src/application/command/application-command-greet.ads
/Users/runner/work/alire-crates-ci/alire-crates-ci/test/1e800775-553a-4384-ae62-c03841a74220/hybrid_app_ada_2.0.0_03a36937/src/application/command/application-command.ads
/Users/runner/work/alire-crates-ci/alire-crates-ci/test/1e800775-553a-4384-ae62-c03841a74220/hybrid_app_ada_2.0.0_03a36937/src/application/application.ads
/Users/runner/.local/share/alire/toolchains/gnat_native_13.2.2_b2c113d5/lib/gcc/aarch64-apple-darwin23.2.0/13.2.0/adainclude/ada.ads
/Users/runner/.local/share/alire/toolchains/gnat_native_13.2.2_b2c113d5/lib/gcc/aarch64-apple-darwin23.2.0/13.2.0/adainclude/a-string.ads
/Users/runner/.local/share/alire/toolchains/gnat_native_13.2.2_b2c113d5/lib/gcc/aarch64-apple-darwin23.2.0/13.2.0/adainclude/a-strbou.ads
/Users/runner/.local/share/alire/toolchains/gnat_native_13.2.2_b2c113d5/lib/gcc/aarch64-apple-darwin23.2.0/13.2.0/adainclude/a-strmap.ads
/Users/runner/.local/share/alire/toolchains/gnat_native_13.2.2_b2c113d5/lib/gcc/aarch64-apple-darwin23.2.0/13.2.0/adainclude/a-charac.ads
/Users/runner/.local/share/alire/toolchains/gnat_native_13.2.2_b2c113d5/lib/gcc/aarch64-apple-darwin23.2.0/13.2.0/adainclude/a-chlat1.ads
/Users/runner/.local/share/alire/toolchains/gnat_native_13.2.2_b2c113d5/lib/gcc/aarch64-apple-darwin23.2.0/13.2.0/adainclude/a-strsup.ads
/Users/runner/.local/share/alire/toolchains/gnat_native_13.2.2_b2c113d5/lib/gcc/aarch64-apple-darwin23.2.0/13.2.0/adainclude/a-strsea.ads
/Users/runner/.local/share/alire/toolchains/gnat_native_13.2.2_b2c113d5/lib/gcc/aarch64-apple-darwin23.2.0/13.2.0/adainclude/a-sttebu.ads
/Users/runner/.local/share/alire/toolchains/gnat_native_13.2.2_b2c113d5/lib/gcc/aarch64-apple-darwin23.2.0/13.2.0/adainclude/a-stuten.ads
/Users/runner/.local/share/alire/toolchains/gnat_native_13.2.2_b2c113d5/lib/gcc/aarch64-apple-darwin23.2.0/13.2.0/adainclude/a-unccon.ads
/Users/runner/.local/share/alire/toolchains/gnat_native_13.2.2_b2c113d5/lib/gcc/aarch64-apple-darwin23.2.0/13.2.0/adainclude/interfac.ads
/Users/runner/.local/share/alire/toolchains/gnat_native_13.2.2_b2c113d5/lib/gcc/aarch64-apple-darwin23.2.0/13.2.0/adainclude/s-exctab.ads
/Users/runner/.local/share/alire/toolchains/gnat_native_13.2.2_b2c113d5/lib/gcc/aarch64-apple-darwin23.2.0/13.2.0/adainclude/s-stalib.ads
/Users/runner/.local/share/alire/toolchains/gnat_native_13.2.2_b2c113d5/lib/gcc/aarch64-apple-darwin23.2.0/13.2.0/adainclude/a-tags.ads
/Users/runner/.local/share/alire/toolchains/gnat_native_13.2.2_b2c113d5/lib/gcc/aarch64-apple-darwin23.2.0/13.2.0/adainclude/s-stoele.ads
/Users/runner/.local/share/alire/toolchains/gnat_native_13.2.2_b2c113d5/lib/gcc/aarch64-apple-darwin23.2.0/13.2.0/adainclude/s-soflin.ads
/Users/runner/.local/share/alire/toolchains/gnat_native_13.2.2_b2c113d5/lib/gcc/aarch64-apple-darwin23.2.0/13.2.0/adainclude/a-except.ads
/Users/runner/.local/share/alire/toolchains/gnat_native_13.2.2_b2c113d5/lib/gcc/aarch64-apple-darwin23.2.0/13.2.0/adainclude/s-parame.ads
/Users/runner/.local/share/alire/toolchains/gnat_native_13.2.2_b2c113d5/lib/gcc/aarch64-apple-darwin23.2.0/13.2.0/adainclude/s-traent.ads
/Users/runner/.local/share/alire/toolchains/gnat_native_13.2.2_b2c113d5/lib/gcc/aarch64-apple-darwin23.2.0/13.2.0/adainclude/s-secsta.ads
/Users/runner/.local/share/alire/toolchains/gnat_native_13.2.2_b2c113d5/lib/gcc/aarch64-apple-darwin23.2.0/13.2.0/adainclude/s-stache.ads
/Users/runner/.local/share/alire/toolchains/gnat_native_13.2.2_b2c113d5/lib/gcc/aarch64-apple-darwin23.2.0/13.2.0/adainclude/s-unstyp.ads
/Users/runner/.local/share/alire/toolchains/gnat_native_13.2.2_b2c113d5/lib/gcc/aarch64-apple-darwin23.2.0/13.2.0/adainclude/s-assert.ads
/Users/runner/.local/share/alire/toolchains/gnat_native_13.2.2_b2c113d5/lib/gcc/aarch64-apple-darwin23.2.0/13.2.0/adainclude/a-assert.ads
/Users/runner/.local/share/alire/toolchains/gnat_native_13.2.2_b2c113d5/lib/gcc/aarch64-apple-darwin23.2.0/13.2.0/adainclude/a-strbou.adb
/Users/runner/.local/share/alire/toolchains/gnat_native_13.2.2_b2c113d5/lib/gcc/aarch64-apple-darwin23.2.0/13.2.0/adainclude/s-stoele.adb
   [Ada]          domain-error.ads
/Users/runner/.local/share/alire/toolchains/gnat_native_13.2.2_b2c113d5/lib/gcc/aarch64-apple-darwin23.2.0/13.2.0/adainclude/system.ads
/Users/runner/work/alire-crates-ci/alire-crates-ci/test/1e800775-553a-4384-ae62-c03841a74220/hybrid_app_ada_2.0.0_03a36937/src/domain/value_object/domain-value_object.ads
/Users/runner/work/alire-crates-ci/alire-crates-ci/test/1e800775-553a-4384-ae62-c03841a74220/hybrid_app_ada_2.0.0_03a36937/src/domain/domain.ads
   [Ada]          domain-error-result.adb
/Users/runner/.local/share/alire/toolchains/gnat_native_13.2.2_b2c113d5/lib/gcc/aarch64-apple-darwin23.2.0/13.2.0/adainclude/system.ads
/Users/runner/work/alire-crates-ci/alire-crates-ci/test/1e800775-553a-4384-ae62-c03841a74220/hybrid_app_ada_2.0.0_03a36937/src/domain/error/domain-error-result.adb
/Users/runner/work/alire-crates-ci/alire-crates-ci/test/1e800775-553a-4384-ae62-c03841a74220/hybrid_app_ada_2.0.0_03a36937/src/domain/error/domain-error-result.ads
/Users/runner/work/alire-crates-ci/alire-crates-ci/test/1e800775-553a-4384-ae62-c03841a74220/hybrid_app_ada_2.0.0_03a36937/src/domain/error/domain-error.ads
/Users/runner/work/alire-crates-ci/alire-crates-ci/test/1e800775-553a-4384-ae62-c03841a74220/hybrid_app_ada_2.0.0_03a36937/src/domain/domain.ads
/Users/runner/.local/share/alire/toolchains/gnat_native_13.2.2_b2c113d5/lib/gcc/aarch64-apple-darwin23.2.0/13.2.0/adainclude/ada.ads
/Users/runner/.local/share/alire/toolchains/gnat_native_13.2.2_b2c113d5/lib/gcc/aarch64-apple-darwin23.2.0/13.2.0/adainclude/a-string.ads
/Users/runner/.local/share/alire/toolchains/gnat_native_13.2.2_b2c113d5/lib/gcc/aarch64-apple-darwin23.2.0/13.2.0/adainclude/a-strbou.ads
/Users/runner/.local/share/alire/toolchains/gnat_native_13.2.2_b2c113d5/lib/gcc/aarch64-apple-darwin23.2.0/13.2.0/adainclude/a-strmap.ads
/Users/runner/.local/share/alire/toolchains/gnat_native_13.2.2_b2c113d5/lib/gcc/aarch64-apple-darwin23.2.0/13.2.0/adainclude/a-charac.ads
/Users/runner/.local/share/alire/toolchains/gnat_native_13.2.2_b2c113d5/lib/gcc/aarch64-apple-darwin23.2.0/13.2.0/adainclude/a-chlat1.ads
/Users/runner/.local/share/alire/toolchains/gnat_native_13.2.2_b2c113d5/lib/gcc/aarch64-apple-darwin23.2.0/13.2.0/adainclude/a-strsup.ads
/Users/runner/.local/share/alire/toolchains/gnat_native_13.2.2_b2c113d5/lib/gcc/aarch64-apple-darwin23.2.0/13.2.0/adainclude/a-strsea.ads
/Users/runner/.local/share/alire/toolchains/gnat_native_13.2.2_b2c113d5/lib/gcc/aarch64-apple-darwin23.2.0/13.2.0/adainclude/a-sttebu.ads
/Users/runner/.local/share/alire/toolchains/gnat_native_13.2.2_b2c113d5/lib/gcc/aarch64-apple-darwin23.2.0/13.2.0/adainclude/a-stuten.ads
/Users/runner/.local/share/alire/toolchains/gnat_native_13.2.2_b2c113d5/lib/gcc/aarch64-apple-darwin23.2.0/13.2.0/adainclude/a-unccon.ads
/Users/runner/.local/share/alire/toolchains/gnat_native_13.2.2_b2c113d5/lib/gcc/aarch64-apple-darwin23.2.0/13.2.0/adainclude/interfac.ads
/Users/runner/.local/share/alire/toolchains/gnat_native_13.2.2_b2c113d5/lib/gcc/aarch64-apple-darwin23.2.0/13.2.0/adainclude/s-exctab.ads
/Users/runner/.local/share/alire/toolchains/gnat_native_13.2.2_b2c113d5/lib/gcc/aarch64-apple-darwin23.2.0/13.2.0/adainclude/s-stalib.ads
/Users/runner/.local/share/alire/toolchains/gnat_native_13.2.2_b2c113d5/lib/gcc/aarch64-apple-darwin23.2.0/13.2.0/adainclude/a-tags.ads
/Users/runner/.local/share/alire/toolchains/gnat_native_13.2.2_b2c113d5/lib/gcc/aarch64-apple-darwin23.2.0/13.2.0/adainclude/s-stoele.ads
/Users/runner/.local/share/alire/toolchains/gnat_native_13.2.2_b2c113d5/lib/gcc/aarch64-apple-darwin23.2.0/13.2.0/adainclude/s-soflin.ads
/Users/runner/.local/share/alire/toolchains/gnat_native_13.2.2_b2c113d5/lib/gcc/aarch64-apple-darwin23.2.0/13.2.0/adainclude/a-except.ads
/Users/runner/.local/share/alire/toolchains/gnat_native_13.2.2_b2c113d5/lib/gcc/aarch64-apple-darwin23.2.0/13.2.0/adainclude/s-parame.ads
/Users/runner/.local/share/alire/toolchains/gnat_native_13.2.2_b2c113d5/lib/gcc/aarch64-apple-darwin23.2.0/13.2.0/adainclude/s-traent.ads
/Users/runner/.local/share/alire/toolchains/gnat_native_13.2.2_b2c113d5/lib/gcc/aarch64-apple-darwin23.2.0/13.2.0/adainclude/s-secsta.ads
/Users/runner/.local/share/alire/toolchains/gnat_native_13.2.2_b2c113d5/lib/gcc/aarch64-apple-darwin23.2.0/13.2.0/adainclude/s-stache.ads
/Users/runner/.local/share/alire/toolchains/gnat_native_13.2.2_b2c113d5/lib/gcc/aarch64-apple-darwin23.2.0/13.2.0/adainclude/s-unstyp.ads
/Users/runner/.local/share/alire/toolchains/gnat_native_13.2.2_b2c113d5/lib/gcc/aarch64-apple-darwin23.2.0/13.2.0/adainclude/s-assert.ads
/Users/runner/.local/share/alire/toolchains/gnat_native_13.2.2_b2c113d5/lib/gcc/aarch64-apple-darwin23.2.0/13.2.0/adainclude/a-assert.ads
/Users/runner/.local/share/alire/toolchains/gnat_native_13.2.2_b2c113d5/lib/gcc/aarch64-apple-darwin23.2.0/13.2.0/adainclude/s-stoele.adb
   [Ada]          domain-unit.ads
/Users/runner/.local/share/alire/toolchains/gnat_native_13.2.2_b2c113d5/lib/gcc/aarch64-apple-darwin23.2.0/13.2.0/adainclude/system.ads
/Users/runner/work/alire-crates-ci/alire-crates-ci/test/1e800775-553a-4384-ae62-c03841a74220/hybrid_app_ada_2.0.0_03a36937/src/domain/domain-unit.ads
/Users/runner/work/alire-crates-ci/alire-crates-ci/test/1e800775-553a-4384-ae62-c03841a74220/hybrid_app_ada_2.0.0_03a36937/src/domain/domain.ads
   [Ada]          domain.ads
/Users/runner/.local/share/alire/toolchains/gnat_native_13.2.2_b2c113d5/lib/gcc/aarch64-apple-darwin23.2.0/13.2.0/adainclude/system.ads
/Users/runner/work/alire-crates-ci/alire-crates-ci/test/1e800775-553a-4384-ae62-c03841a74220/hybrid_app_ada_2.0.0_03a36937/src/domain/value_object/domain-value_object-person.adb
/Users/runner/work/alire-crates-ci/alire-crates-ci/test/1e800775-553a-4384-ae62-c03841a74220/hybrid_app_ada_2.0.0_03a36937/src/domain/value_object/domain-value_object-person.ads
/Users/runner/work/alire-crates-ci/alire-crates-ci/test/1e800775-553a-4384-ae62-c03841a74220/hybrid_app_ada_2.0.0_03a36937/src/domain/value_object/domain-value_object.ads
/Users/runner/work/alire-crates-ci/alire-crates-ci/test/1e800775-553a-4384-ae62-c03841a74220/hybrid_app_ada_2.0.0_03a36937/src/domain/domain.ads
/Users/runner/.local/share/alire/toolchains/gnat_native_13.2.2_b2c113d5/lib/gcc/aarch64-apple-darwin23.2.0/13.2.0/adainclude/ada.ads
/Users/runner/.local/share/alire/toolchains/gnat_native_13.2.2_b2c113d5/lib/gcc/aarch64-apple-darwin23.2.0/13.2.0/adainclude/a-string.ads
/Users/runner/.local/share/alire/toolchains/gnat_native_13.2.2_b2c113d5/lib/gcc/aarch64-apple-darwin23.2.0/13.2.0/adainclude/a-strbou.ads
/Users/runner/.local/share/alire/toolchains/gnat_native_13.2.2_b2c113d5/lib/gcc/aarch64-apple-darwin23.2.0/13.2.0/adainclude/a-strmap.ads
/Users/runner/.local/share/alire/toolchains/gnat_native_13.2.2_b2c113d5/lib/gcc/aarch64-apple-darwin23.2.0/13.2.0/adainclude/a-charac.ads
/Users/runner/.local/share/alire/toolchains/gnat_native_13.2.2_b2c113d5/lib/gcc/aarch64-apple-darwin23.2.0/13.2.0/adainclude/a-chlat1.ads
/Users/runner/.local/share/alire/toolchains/gnat_native_13.2.2_b2c113d5/lib/gcc/aarch64-apple-darwin23.2.0/13.2.0/adainclude/a-strsup.ads
/Users/runner/.local/share/alire/toolchains/gnat_native_13.2.2_b2c113d5/lib/gcc/aarch64-apple-darwin23.2.0/13.2.0/adainclude/a-strsea.ads
/Users/runner/.local/share/alire/toolchains/gnat_native_13.2.2_b2c113d5/lib/gcc/aarch64-apple-darwin23.2.0/13.2.0/adainclude/a-sttebu.ads
/Users/runner/.local/share/alire/toolchains/gnat_native_13.2.2_b2c113d5/lib/gcc/aarch64-apple-darwin23.2.0/13.2.0/adainclude/a-stuten.ads
/Users/runner/.local/share/alire/toolchains/gnat_native_13.2.2_b2c113d5/lib/gcc/aarch64-apple-darwin23.2.0/13.2.0/adainclude/a-unccon.ads
/Users/runner/.local/share/alire/toolchains/gnat_native_13.2.2_b2c113d5/lib/gcc/aarch64-apple-darwin23.2.0/13.2.0/adainclude/interfac.ads
/Users/runner/work/alire-crates-ci/alire-crates-ci/test/1e800775-553a-4384-ae62-c03841a74220/hybrid_app_ada_2.0.0_03a36937/src/domain/error/domain-error.ads
/Users/runner/work/alire-crates-ci/alire-crates-ci/test/1e800775-553a-4384-ae62-c03841a74220/hybrid_app_ada_2.0.0_03a36937/src/domain/error/domain-error-result.ads
/Users/runner/.local/share/alire/toolchains/gnat_native_13.2.2_b2c113d5/lib/gcc/aarch64-apple-darwin23.2.0/13.2.0/adainclude/s-exctab.ads
/Users/runner/.local/share/alire/toolchains/gnat_native_13.2.2_b2c113d5/lib/gcc/aarch64-apple-darwin23.2.0/13.2.0/adainclude/s-stalib.ads
/Users/runner/.local/share/alire/toolchains/gnat_native_13.2.2_b2c113d5/lib/gcc/aarch64-apple-darwin23.2.0/13.2.0/adainclude/a-tags.ads
/Users/runner/.local/share/alire/toolchains/gnat_native_13.2.2_b2c113d5/lib/gcc/aarch64-apple-darwin23.2.0/13.2.0/adainclude/s-stoele.ads
/Users/runner/.local/share/alire/toolchains/gnat_native_13.2.2_b2c113d5/lib/gcc/aarch64-apple-darwin23.2.0/13.2.0/adainclude/s-soflin.ads
/Users/runner/.local/share/alire/toolchains/gnat_native_13.2.2_b2c113d5/lib/gcc/aarch64-apple-darwin23.2.0/13.2.0/adainclude/a-except.ads
/Users/runner/.local/share/alire/toolchains/gnat_native_13.2.2_b2c113d5/lib/gcc/aarch64-apple-darwin23.2.0/13.2.0/adainclude/s-parame.ads
/Users/runner/.local/share/alire/toolchains/gnat_native_13.2.2_b2c113d5/lib/gcc/aarch64-apple-darwin23.2.0/13.2.0/adainclude/s-traent.ads
/Users/runner/.local/share/alire/toolchains/gnat_native_13.2.2_b2c113d5/lib/gcc/aarch64-apple-darwin23.2.0/13.2.0/adainclude/s-secsta.ads
/Users/runner/.local/share/alire/toolchains/gnat_native_13.2.2_b2c113d5/lib/gcc/aarch64-apple-darwin23.2.0/13.2.0/adainclude/s-stache.ads
/Users/runner/.local/share/alire/toolchains/gnat_native_13.2.2_b2c113d5/lib/gcc/aarch64-apple-darwin23.2.0/13.2.0/adainclude/s-unstyp.ads
/Users/runner/.local/share/alire/toolchains/gnat_native_13.2.2_b2c113d5/lib/gcc/aarch64-apple-darwin23.2.0/13.2.0/adainclude/s-assert.ads
/Users/runner/.local/share/alire/toolchains/gnat_native_13.2.2_b2c113d5/lib/gcc/aarch64-apple-darwin23.2.0/13.2.0/adainclude/a-assert.ads
/Users/runner/.local/share/alire/toolchains/gnat_native_13.2.2_b2c113d5/lib/gcc/aarch64-apple-darwin23.2.0/13.2.0/adainclude/s-imgllli.ads
/Users/runner/.local/share/alire/toolchains/gnat_native_13.2.2_b2c113d5/lib/gcc/aarch64-apple-darwin23.2.0/13.2.0/adainclude/s-imagei.ads
/Users/runner/.local/share/alire/toolchains/gnat_native_13.2.2_b2c113d5/lib/gcc/aarch64-apple-darwin23.2.0/13.2.0/adainclude/s-valuti.ads
/Users/runner/.local/share/alire/toolchains/gnat_native_13.2.2_b2c113d5/lib/gcc/aarch64-apple-darwin23.2.0/13.2.0/adainclude/s-casuti.ads
/Users/runner/.local/share/alire/toolchains/gnat_native_13.2.2_b2c113d5/lib/gcc/aarch64-apple-darwin23.2.0/13.2.0/adainclude/s-valllli.ads
/Users/runner/.local/share/alire/toolchains/gnat_native_13.2.2_b2c113d5/lib/gcc/aarch64-apple-darwin23.2.0/13.2.0/adainclude/s-vallllu.ads
/Users/runner/.local/share/alire/toolchains/gnat_native_13.2.2_b2c113d5/lib/gcc/aarch64-apple-darwin23.2.0/13.2.0/adainclude/s-valueu.ads
/Users/runner/.local/share/alire/toolchains/gnat_native_13.2.2_b2c113d5/lib/gcc/aarch64-apple-darwin23.2.0/13.2.0/adainclude/s-vauspe.ads
/Users/runner/.local/share/alire/toolchains/gnat_native_13.2.2_b2c113d5/lib/gcc/aarch64-apple-darwin23.2.0/13.2.0/adainclude/s-valuei.ads
/Users/runner/.local/share/alire/toolchains/gnat_native_13.2.2_b2c113d5/lib/gcc/aarch64-apple-darwin23.2.0/13.2.0/adainclude/s-vaispe.ads
/Users/runner/.local/share/alire/toolchains/gnat_native_13.2.2_b2c113d5/lib/gcc/aarch64-apple-darwin23.2.0/13.2.0/adainclude/s-widlllu.ads
/Users/runner/.local/share/alire/toolchains/gnat_native_13.2.2_b2c113d5/lib/gcc/aarch64-apple-darwin23.2.0/13.2.0/adainclude/s-widthu.ads
/Users/runner/.local/share/alire/toolchains/gnat_native_13.2.2_b2c113d5/lib/gcc/aarch64-apple-darwin23.2.0/13.2.0/adainclude/a-numeri.ads
/Users/runner/.local/share/alire/toolchains/gnat_native_13.2.2_b2c113d5/lib/gcc/aarch64-apple-darwin23.2.0/13.2.0/adainclude/a-nubinu.ads
/Users/runner/.local/share/alire/toolchains/gnat_native_13.2.2_b2c113d5/lib/gcc/aarch64-apple-darwin23.2.0/13.2.0/adainclude/a-nbnbig.ads
/Users/runner/.local/share/alire/toolchains/gnat_native_13.2.2_b2c113d5/lib/gcc/aarch64-apple-darwin23.2.0/13.2.0/adainclude/s-conca3.ads
/Users/runner/.local/share/alire/toolchains/gnat_native_13.2.2_b2c113d5/lib/gcc/aarch64-apple-darwin23.2.0/13.2.0/adainclude/a-strbou.adb
/Users/runner/work/alire-crates-ci/alire-crates-ci/test/1e800775-553a-4384-ae62-c03841a74220/hybrid_app_ada_2.0.0_03a36937/src/domain/error/domain-error-result.adb
/Users/runner/.local/share/alire/toolchains/gnat_native_13.2.2_b2c113d5/lib/gcc/aarch64-apple-darwin23.2.0/13.2.0/adainclude/s-stoele.adb
   [Ada]          functional_config.ads
/Users/runner/.local/share/alire/toolchains/gnat_native_13.2.2_b2c113d5/lib/gcc/aarch64-apple-darwin23.2.0/13.2.0/adainclude/system.ads
/Users/runner/work/alire-crates-ci/alire-crates-ci/test/1e800775-553a-4384-ae62-c03841a74220/hybrid_app_ada_2.0.0_03a36937/src/domain/error/domain-error.ads
/Users/runner/work/alire-crates-ci/alire-crates-ci/test/1e800775-553a-4384-ae62-c03841a74220/hybrid_app_ada_2.0.0_03a36937/src/domain/domain.ads
/Users/runner/.local/share/alire/toolchains/gnat_native_13.2.2_b2c113d5/lib/gcc/aarch64-apple-darwin23.2.0/13.2.0/adainclude/ada.ads
/Users/runner/.local/share/alire/toolchains/gnat_native_13.2.2_b2c113d5/lib/gcc/aarch64-apple-darwin23.2.0/13.2.0/adainclude/a-string.ads
/Users/runner/.local/share/alire/toolchains/gnat_native_13.2.2_b2c113d5/lib/gcc/aarch64-apple-darwin23.2.0/13.2.0/adainclude/a-strbou.ads
/Users/runner/.local/share/alire/toolchains/gnat_native_13.2.2_b2c113d5/lib/gcc/aarch64-apple-darwin23.2.0/13.2.0/adainclude/a-strmap.ads
/Users/runner/.local/share/alire/toolchains/gnat_native_13.2.2_b2c113d5/lib/gcc/aarch64-apple-darwin23.2.0/13.2.0/adainclude/a-charac.ads
/Users/runner/.local/share/alire/toolchains/gnat_native_13.2.2_b2c113d5/lib/gcc/aarch64-apple-darwin23.2.0/13.2.0/adainclude/a-chlat1.ads
/Users/runner/.local/share/alire/toolchains/gnat_native_13.2.2_b2c113d5/lib/gcc/aarch64-apple-darwin23.2.0/13.2.0/adainclude/a-strsup.ads
/Users/runner/.local/share/alire/toolchains/gnat_native_13.2.2_b2c113d5/lib/gcc/aarch64-apple-darwin23.2.0/13.2.0/adainclude/a-strsea.ads
/Users/runner/.local/share/alire/toolchains/gnat_native_13.2.2_b2c113d5/lib/gcc/aarch64-apple-darwin23.2.0/13.2.0/adainclude/a-sttebu.ads
/Users/runner/.local/share/alire/toolchains/gnat_native_13.2.2_b2c113d5/lib/gcc/aarch64-apple-darwin23.2.0/13.2.0/adainclude/a-stuten.ads
/Users/runner/.local/share/alire/toolchains/gnat_native_13.2.2_b2c113d5/lib/gcc/aarch64-apple-darwin23.2.0/13.2.0/adainclude/a-unccon.ads
/Users/runner/.local/share/alire/toolchains/gnat_native_13.2.2_b2c113d5/lib/gcc/aarch64-apple-darwin23.2.0/13.2.0/adainclude/interfac.ads
/Users/runner/.local/share/alire/toolchains/gnat_native_13.2.2_b2c113d5/lib/gcc/aarch64-apple-darwin23.2.0/13.2.0/adainclude/s-exctab.ads
/Users/runner/.local/share/alire/toolchains/gnat_native_13.2.2_b2c113d5/lib/gcc/aarch64-apple-darwin23.2.0/13.2.0/adainclude/s-stalib.ads
/Users/runner/.local/share/alire/toolchains/gnat_native_13.2.2_b2c113d5/lib/gcc/aarch64-apple-darwin23.2.0/13.2.0/adainclude/a-tags.ads
/Users/runner/.local/share/alire/toolchains/gnat_native_13.2.2_b2c113d5/lib/gcc/aarch64-apple-darwin23.2.0/13.2.0/adainclude/s-stoele.ads
/Users/runner/.local/share/alire/toolchains/gnat_native_13.2.2_b2c113d5/lib/gcc/aarch64-apple-darwin23.2.0/13.2.0/adainclude/s-soflin.ads
/Users/runner/.local/share/alire/toolchains/gnat_native_13.2.2_b2c113d5/lib/gcc/aarch64-apple-darwin23.2.0/13.2.0/adainclude/a-except.ads
/Users/runner/.local/share/alire/toolchains/gnat_native_13.2.2_b2c113d5/lib/gcc/aarch64-apple-darwin23.2.0/13.2.0/adainclude/s-parame.ads
/Users/runner/.local/share/alire/toolchains/gnat_native_13.2.2_b2c113d5/lib/gcc/aarch64-apple-darwin23.2.0/13.2.0/adainclude/s-traent.ads
/Users/runner/.local/share/alire/toolchains/gnat_native_13.2.2_b2c113d5/lib/gcc/aarch64-apple-darwin23.2.0/13.2.0/adainclude/s-secsta.ads
/Users/runner/.local/share/alire/toolchains/gnat_native_13.2.2_b2c113d5/lib/gcc/aarch64-apple-darwin23.2.0/13.2.0/adainclude/s-stache.ads
/Users/runner/.local/share/alire/toolchains/gnat_native_13.2.2_b2c113d5/lib/gcc/aarch64-apple-darwin23.2.0/13.2.0/adainclude/s-unstyp.ads
/Users/runner/.local/share/alire/toolchains/gnat_native_13.2.2_b2c113d5/lib/gcc/aarch64-apple-darwin23.2.0/13.2.0/adainclude/s-assert.ads
/Users/runner/.local/share/alire/toolchains/gnat_native_13.2.2_b2c113d5/lib/gcc/aarch64-apple-darwin23.2.0/13.2.0/adainclude/a-assert.ads
/Users/runner/.local/share/alire/toolchains/gnat_native_13.2.2_b2c113d5/lib/gcc/aarch64-apple-darwin23.2.0/13.2.0/adainclude/a-strbou.adb
/Users/runner/.local/share/alire/toolchains/gnat_native_13.2.2_b2c113d5/lib/gcc/aarch64-apple-darwin23.2.0/13.2.0/adainclude/s-stoele.adb
   [Ada]          functional-version.ads
/Users/runner/.local/share/alire/toolchains/gnat_native_13.2.2_b2c113d5/lib/gcc/aarch64-apple-darwin23.2.0/13.2.0/adainclude/system.ads
/Users/runner/work/alire-crates-ci/alire-crates-ci/test/1e800775-553a-4384-ae62-c03841a74220/hybrid_app_ada_2.0.0_03a36937/src/domain/domain.ads
   [Ada]          functional-try-to_result.adb
/Users/runner/.local/share/alire/toolchains/gnat_native_13.2.2_b2c113d5/lib/gcc/aarch64-apple-darwin23.2.0/13.2.0/adainclude/system.ads
/Users/runner/.local/share/alire/builds/functional_3.0.0_49073c79/aee7f26e39bb37131bc9874503a5714f753181bb5f39c3246f015623227f6114/config/functional_config.ads
   [Ada]          functional-either.adb
/Users/runner/.local/share/alire/toolchains/gnat_native_13.2.2_b2c113d5/lib/gcc/aarch64-apple-darwin23.2.0/13.2.0/adainclude/system.ads
/Users/runner/.local/share/alire/builds/functional_3.0.0_49073c79/aee7f26e39bb37131bc9874503a5714f753181bb5f39c3246f015623227f6114/src/version/functional-version.ads
/Users/runner/.local/share/alire/builds/functional_3.0.0_49073c79/aee7f26e39bb37131bc9874503a5714f753181bb5f39c3246f015623227f6114/src/functional.ads
   [Ada]          functional-try.adb
/Users/runner/.local/share/alire/toolchains/gnat_native_13.2.2_b2c113d5/lib/gcc/aarch64-apple-darwin23.2.0/13.2.0/adainclude/system.ads
/Users/runner/.local/share/alire/builds/functional_3.0.0_49073c79/aee7f26e39bb37131bc9874503a5714f753181bb5f39c3246f015623227f6114/src/functional-try-to_result.adb
/Users/runner/.local/share/alire/builds/functional_3.0.0_49073c79/aee7f26e39bb37131bc9874503a5714f753181bb5f39c3246f015623227f6114/src/functional-try-to_result.ads
/Users/runner/.local/share/alire/builds/functional_3.0.0_49073c79/aee7f26e39bb37131bc9874503a5714f753181bb5f39c3246f015623227f6114/src/functional-try.ads
/Users/runner/.local/share/alire/builds/functional_3.0.0_49073c79/aee7f26e39bb37131bc9874503a5714f753181bb5f39c3246f015623227f6114/src/functional.ads
/Users/runner/.local/share/alire/toolchains/gnat_native_13.2.2_b2c113d5/lib/gcc/aarch64-apple-darwin23.2.0/13.2.0/adainclude/ada.ads
/Users/runner/.local/share/alire/toolchains/gnat_native_13.2.2_b2c113d5/lib/gcc/aarch64-apple-darwin23.2.0/13.2.0/adainclude/a-except.ads
/Users/runner/.local/share/alire/toolchains/gnat_native_13.2.2_b2c113d5/lib/gcc/aarch64-apple-darwin23.2.0/13.2.0/adainclude/s-parame.ads
/Users/runner/.local/share/alire/toolchains/gnat_native_13.2.2_b2c113d5/lib/gcc/aarch64-apple-darwin23.2.0/13.2.0/adainclude/s-stalib.ads
/Users/runner/.local/share/alire/toolchains/gnat_native_13.2.2_b2c113d5/lib/gcc/aarch64-apple-darwin23.2.0/13.2.0/adainclude/a-unccon.ads
/Users/runner/.local/share/alire/toolchains/gnat_native_13.2.2_b2c113d5/lib/gcc/aarch64-apple-darwin23.2.0/13.2.0/adainclude/s-traent.ads
/Users/runner/.local/share/alire/builds/functional_3.0.0_49073c79/aee7f26e39bb37131bc9874503a5714f753181bb5f39c3246f015623227f6114/src/functional-result.ads
/Users/runner/.local/share/alire/builds/functional_3.0.0_49073c79/aee7f26e39bb37131bc9874503a5714f753181bb5f39c3246f015623227f6114/src/functional-option.ads
   [Ada]          functional-result.adb
/Users/runner/.local/share/alire/toolchains/gnat_native_13.2.2_b2c113d5/lib/gcc/aarch64-apple-darwin23.2.0/13.2.0/adainclude/system.ads
/Users/runner/.local/share/alire/builds/functional_3.0.0_49073c79/aee7f26e39bb37131bc9874503a5714f753181bb5f39c3246f015623227f6114/src/functional-either.adb
/Users/runner/.local/share/alire/builds/functional_3.0.0_49073c79/aee7f26e39bb37131bc9874503a5714f753181bb5f39c3246f015623227f6114/src/functional-either.ads
/Users/runner/.local/share/alire/builds/functional_3.0.0_49073c79/aee7f26e39bb37131bc9874503a5714f753181bb5f39c3246f015623227f6114/src/functional.ads
   [Ada]          functional-try-to_option.adb
/Users/runner/.local/share/alire/toolchains/gnat_native_13.2.2_b2c113d5/lib/gcc/aarch64-apple-darwin23.2.0/13.2.0/adainclude/system.ads
/Users/runner/.local/share/alire/builds/functional_3.0.0_49073c79/aee7f26e39bb37131bc9874503a5714f753181bb5f39c3246f015623227f6114/src/functional-try.adb
/Users/runner/.local/share/alire/builds/functional_3.0.0_49073c79/aee7f26e39bb37131bc9874503a5714f753181bb5f39c3246f015623227f6114/src/functional-try.ads
/Users/runner/.local/share/alire/builds/functional_3.0.0_49073c79/aee7f26e39bb37131bc9874503a5714f753181bb5f39c3246f015623227f6114/src/functional.ads
/Users/runner/.local/share/alire/toolchains/gnat_native_13.2.2_b2c113d5/lib/gcc/aarch64-apple-darwin23.2.0/13.2.0/adainclude/ada.ads
/Users/runner/.local/share/alire/toolchains/gnat_native_13.2.2_b2c113d5/lib/gcc/aarch64-apple-darwin23.2.0/13.2.0/adainclude/a-except.ads
/Users/runner/.local/share/alire/toolchains/gnat_native_13.2.2_b2c113d5/lib/gcc/aarch64-apple-darwin23.2.0/13.2.0/adainclude/s-parame.ads
/Users/runner/.local/share/alire/toolchains/gnat_native_13.2.2_b2c113d5/lib/gcc/aarch64-apple-darwin23.2.0/13.2.0/adainclude/s-stalib.ads
/Users/runner/.local/share/alire/toolchains/gnat_native_13.2.2_b2c113d5/lib/gcc/aarch64-apple-darwin23.2.0/13.2.0/adainclude/a-unccon.ads
/Users/runner/.local/share/alire/toolchains/gnat_native_13.2.2_b2c113d5/lib/gcc/aarch64-apple-darwin23.2.0/13.2.0/adainclude/s-traent.ads
/Users/runner/.local/share/alire/builds/functional_3.0.0_49073c79/aee7f26e39bb37131bc9874503a5714f753181bb5f39c3246f015623227f6114/src/functional-result.ads
/Users/runner/.local/share/alire/builds/functional_3.0.0_49073c79/aee7f26e39bb37131bc9874503a5714f753181bb5f39c3246f015623227f6114/src/functional-option.ads
   [Ada]          functional-option.adb
/Users/runner/.local/share/alire/toolchains/gnat_native_13.2.2_b2c113d5/lib/gcc/aarch64-apple-darwin23.2.0/13.2.0/adainclude/system.ads
/Users/runner/.local/share/alire/builds/functional_3.0.0_49073c79/aee7f26e39bb37131bc9874503a5714f753181bb5f39c3246f015623227f6114/src/functional-result.adb
/Users/runner/.local/share/alire/builds/functional_3.0.0_49073c79/aee7f26e39bb37131bc9874503a5714f753181bb5f39c3246f015623227f6114/src/functional-result.ads
/Users/runner/.local/share/alire/builds/functional_3.0.0_49073c79/aee7f26e39bb37131bc9874503a5714f753181bb5f39c3246f015623227f6114/src/functional.ads
   [Ada]          functional.ads
/Users/runner/.local/share/alire/toolchains/gnat_native_13.2.2_b2c113d5/lib/gcc/aarch64-apple-darwin23.2.0/13.2.0/adainclude/system.ads
/Users/runner/.local/share/alire/builds/functional_3.0.0_49073c79/aee7f26e39bb37131bc9874503a5714f753181bb5f39c3246f015623227f6114/src/functional-option.adb
/Users/runner/.local/share/alire/builds/functional_3.0.0_49073c79/aee7f26e39bb37131bc9874503a5714f753181bb5f39c3246f015623227f6114/src/functional-option.ads
/Users/runner/.local/share/alire/builds/functional_3.0.0_49073c79/aee7f26e39bb37131bc9874503a5714f753181bb5f39c3246f015623227f6114/src/functional.ads
   [Ada]          bootstrap.ads
/Users/runner/.local/share/alire/toolchains/gnat_native_13.2.2_b2c113d5/lib/gcc/aarch64-apple-darwin23.2.0/13.2.0/adainclude/system.ads
/Users/runner/.local/share/alire/builds/functional_3.0.0_49073c79/aee7f26e39bb37131bc9874503a5714f753181bb5f39c3246f015623227f6114/src/functional-try-to_option.adb
/Users/runner/.local/share/alire/builds/functional_3.0.0_49073c79/aee7f26e39bb37131bc9874503a5714f753181bb5f39c3246f015623227f6114/src/functional-try-to_option.ads
/Users/runner/.local/share/alire/builds/functional_3.0.0_49073c79/aee7f26e39bb37131bc9874503a5714f753181bb5f39c3246f015623227f6114/src/functional-try.ads
/Users/runner/.local/share/alire/builds/functional_3.0.0_49073c79/aee7f26e39bb37131bc9874503a5714f753181bb5f39c3246f015623227f6114/src/functional.ads
/Users/runner/.local/share/alire/toolchains/gnat_native_13.2.2_b2c113d5/lib/gcc/aarch64-apple-darwin23.2.0/13.2.0/adainclude/ada.ads
/Users/runner/.local/share/alire/toolchains/gnat_native_13.2.2_b2c113d5/lib/gcc/aarch64-apple-darwin23.2.0/13.2.0/adainclude/a-except.ads
/Users/runner/.local/share/alire/toolchains/gnat_native_13.2.2_b2c113d5/lib/gcc/aarch64-apple-darwin23.2.0/13.2.0/adainclude/s-parame.ads
/Users/runner/.local/share/alire/toolchains/gnat_native_13.2.2_b2c113d5/lib/gcc/aarch64-apple-darwin23.2.0/13.2.0/adainclude/s-stalib.ads
/Users/runner/.local/share/alire/toolchains/gnat_native_13.2.2_b2c113d5/lib/gcc/aarch64-apple-darwin23.2.0/13.2.0/adainclude/a-unccon.ads
/Users/runner/.local/share/alire/toolchains/gnat_native_13.2.2_b2c113d5/lib/gcc/aarch64-apple-darwin23.2.0/13.2.0/adainclude/s-traent.ads
/Users/runner/.local/share/alire/builds/functional_3.0.0_49073c79/aee7f26e39bb37131bc9874503a5714f753181bb5f39c3246f015623227f6114/src/functional-result.ads
/Users/runner/.local/share/alire/builds/functional_3.0.0_49073c79/aee7f26e39bb37131bc9874503a5714f753181bb5f39c3246f015623227f6114/src/functional-option.ads
   [Ada]          bootstrap-cli.adb
/Users/runner/.local/share/alire/toolchains/gnat_native_13.2.2_b2c113d5/lib/gcc/aarch64-apple-darwin23.2.0/13.2.0/adainclude/system.ads
/Users/runner/.local/share/alire/builds/functional_3.0.0_49073c79/aee7f26e39bb37131bc9874503a5714f753181bb5f39c3246f015623227f6114/src/functional.ads
/Users/runner/.local/share/alire/toolchains/gnat_native_13.2.2_b2c113d5/lib/gcc/aarch64-apple-darwin23.2.0/13.2.0/adainclude/system.ads
/Users/runner/work/alire-crates-ci/alire-crates-ci/test/1e800775-553a-4384-ae62-c03841a74220/hybrid_app_ada_2.0.0_03a36937/src/bootstrap/bootstrap.ads
/Users/runner/.local/share/alire/toolchains/gnat_native_13.2.2_b2c113d5/lib/gcc/aarch64-apple-darwin23.2.0/13.2.0/adainclude/system.ads
/Users/runner/work/alire-crates-ci/alire-crates-ci/test/1e800775-553a-4384-ae62-c03841a74220/hybrid_app_ada_2.0.0_03a36937/src/bootstrap/cli/bootstrap-cli.adb
/Users/runner/work/alire-crates-ci/alire-crates-ci/test/1e800775-553a-4384-ae62-c03841a74220/hybrid_app_ada_2.0.0_03a36937/src/bootstrap/cli/bootstrap-cli.ads
/Users/runner/work/alire-crates-ci/alire-crates-ci/test/1e800775-553a-4384-ae62-c03841a74220/hybrid_app_ada_2.0.0_03a36937/src/bootstrap/bootstrap.ads
/Users/runner/work/alire-crates-ci/alire-crates-ci/test/1e800775-553a-4384-ae62-c03841a74220/hybrid_app_ada_2.0.0_03a36937/src/infrastructure/infrastructure.ads
/Users/runner/work/alire-crates-ci/alire-crates-ci/test/1e800775-553a-4384-ae62-c03841a74220/hybrid_app_ada_2.0.0_03a36937/src/infrastructure/adapter/infrastructure-adapter.ads
/Users/runner/work/alire-crates-ci/alire-crates-ci/test/1e800775-553a-4384-ae62-c03841a74220/hybrid_app_ada_2.0.0_03a36937/src/infrastructure/adapter/infrastructure-adapter-console_writer.ads
/Users/runner/work/alire-crates-ci/alire-crates-ci/test/1e800775-553a-4384-ae62-c03841a74220/hybrid_app_ada_2.0.0_03a36937/src/application/application.ads
/Users/runner/work/alire-crates-ci/alire-crates-ci/test/1e800775-553a-4384-ae62-c03841a74220/hybrid_app_ada_2.0.0_03a36937/src/application/port/application-port.ads
/Users/runner/work/alire-crates-ci/alire-crates-ci/test/1e800775-553a-4384-ae62-c03841a74220/hybrid_app_ada_2.0.0_03a36937/src/application/port/outbound/application-port-outbound.ads
/Users/runner/work/alire-crates-ci/alire-crates-ci/test/1e800775-553a-4384-ae62-c03841a74220/hybrid_app_ada_2.0.0_03a36937/src/application/port/outbound/application-port-outbound-writer.ads
/Users/runner/work/alire-crates-ci/alire-crates-ci/test/1e800775-553a-4384-ae62-c03841a74220/hybrid_app_ada_2.0.0_03a36937/src/domain/domain.ads
/Users/runner/work/alire-crates-ci/alire-crates-ci/test/1e800775-553a-4384-ae62-c03841a74220/hybrid_app_ada_2.0.0_03a36937/src/domain/error/domain-error.ads
/Users/runner/.local/share/alire/toolchains/gnat_native_13.2.2_b2c113d5/lib/gcc/aarch64-apple-darwin23.2.0/13.2.0/adainclude/ada.ads
/Users/runner/.local/share/alire/toolchains/gnat_native_13.2.2_b2c113d5/lib/gcc/aarch64-apple-darwin23.2.0/13.2.0/adainclude/a-string.ads
/Users/runner/.local/share/alire/toolchains/gnat_native_13.2.2_b2c113d5/lib/gcc/aarch64-apple-darwin23.2.0/13.2.0/adainclude/a-strbou.ads
/Users/runner/.local/share/alire/toolchains/gnat_native_13.2.2_b2c113d5/lib/gcc/aarch64-apple-darwin23.2.0/13.2.0/adainclude/a-strmap.ads
/Users/runner/.local/share/alire/toolchains/gnat_native_13.2.2_b2c113d5/lib/gcc/aarch64-apple-darwin23.2.0/13.2.0/adainclude/a-charac.ads
/Users/runner/.local/share/alire/toolchains/gnat_native_13.2.2_b2c113d5/lib/gcc/aarch64-apple-darwin23.2.0/13.2.0/adainclude/a-chlat1.ads
/Users/runner/.local/share/alire/toolchains/gnat_native_13.2.2_b2c113d5/lib/gcc/aarch64-apple-darwin23.2.0/13.2.0/adainclude/a-strsup.ads
/Users/runner/.local/share/alire/toolchains/gnat_native_13.2.2_b2c113d5/lib/gcc/aarch64-apple-darwin23.2.0/13.2.0/adainclude/a-strsea.ads
/Users/runner/.local/share/alire/toolchains/gnat_native_13.2.2_b2c113d5/lib/gcc/aarch64-apple-darwin23.2.0/13.2.0/adainclude/a-sttebu.ads
/Users/runner/.local/share/alire/toolchains/gnat_native_13.2.2_b2c113d5/lib/gcc/aarch64-apple-darwin23.2.0/13.2.0/adainclude/a-stuten.ads
/Users/runner/.local/share/alire/toolchains/gnat_native_13.2.2_b2c113d5/lib/gcc/aarch64-apple-darwin23.2.0/13.2.0/adainclude/a-unccon.ads
/Users/runner/.local/share/alire/toolchains/gnat_native_13.2.2_b2c113d5/lib/gcc/aarch64-apple-darwin23.2.0/13.2.0/adainclude/interfac.ads
/Users/runner/work/alire-crates-ci/alire-crates-ci/test/1e800775-553a-4384-ae62-c03841a74220/hybrid_app_ada_2.0.0_03a36937/src/domain/error/domain-error-result.ads
/Users/runner/work/alire-crates-ci/alire-crates-ci/test/1e800775-553a-4384-ae62-c03841a74220/hybrid_app_ada_2.0.0_03a36937/src/domain/domain-unit.ads
/Users/runner/work/alire-crates-ci/alire-crates-ci/test/1e800775-553a-4384-ae62-c03841a74220/hybrid_app_ada_2.0.0_03a36937/src/application/usecase/application-usecase.ads
/Users/runner/work/alire-crates-ci/alire-crates-ci/test/1e800775-553a-4384-ae62-c03841a74220/hybrid_app_ada_2.0.0_03a36937/src/application/usecase/application-usecase-greet.ads
/Users/runner/work/alire-crates-ci/alire-crates-ci/test/1e800775-553a-4384-ae62-c03841a74220/hybrid_app_ada_2.0.0_03a36937/src/application/command/application-command.ads
/Users/runner/work/alire-crates-ci/alire-crates-ci/test/1e800775-553a-4384-ae62-c03841a74220/hybrid_app_ada_2.0.0_03a36937/src/application/command/application-command-greet.ads
/Users/runner/work/alire-crates-ci/alire-crates-ci/test/1e800775-553a-4384-ae62-c03841a74220/hybrid_app_ada_2.0.0_03a36937/src/presentation/presentation.ads
/Users/runner/work/alire-crates-ci/alire-crates-ci/test/1e800775-553a-4384-ae62-c03841a74220/hybrid_app_ada_2.0.0_03a36937/src/presentation/adapter/presentation-adapter.ads
/Users/runner/work/alire-crates-ci/alire-crates-ci/test/1e800775-553a-4384-ae62-c03841a74220/hybrid_app_ada_2.0.0_03a36937/src/presentation/adapter/cli/presentation-adapter-cli.ads
/Users/runner/work/alire-crates-ci/alire-crates-ci/test/1e800775-553a-4384-ae62-c03841a74220/hybrid_app_ada_2.0.0_03a36937/src/presentation/adapter/cli/command/presentation-adapter-cli-command.ads
/Users/runner/work/alire-crates-ci/alire-crates-ci/test/1e800775-553a-4384-ae62-c03841a74220/hybrid_app_ada_2.0.0_03a36937/src/presentation/adapter/cli/command/presentation-adapter-cli-command-greet.ads
/Users/runner/.local/share/alire/toolchains/gnat_native_13.2.2_b2c113d5/lib/gcc/aarch64-apple-darwin23.2.0/13.2.0/adainclude/s-exctab.ads
/Users/runner/.local/share/alire/toolchains/gnat_native_13.2.2_b2c113d5/lib/gcc/aarch64-apple-darwin23.2.0/13.2.0/adainclude/s-stalib.ads
/Users/runner/.local/share/alire/toolchains/gnat_native_13.2.2_b2c113d5/lib/gcc/aarch64-apple-darwin23.2.0/13.2.0/adainclude/a-tags.ads
/Users/runner/.local/share/alire/toolchains/gnat_native_13.2.2_b2c113d5/lib/gcc/aarch64-apple-darwin23.2.0/13.2.0/adainclude/s-stoele.ads
/Users/runner/.local/share/alire/toolchains/gnat_native_13.2.2_b2c113d5/lib/gcc/aarch64-apple-darwin23.2.0/13.2.0/adainclude/s-soflin.ads
/Users/runner/.local/share/alire/toolchains/gnat_native_13.2.2_b2c113d5/lib/gcc/aarch64-apple-darwin23.2.0/13.2.0/adainclude/a-except.ads
/Users/runner/.local/share/alire/toolchains/gnat_native_13.2.2_b2c113d5/lib/gcc/aarch64-apple-darwin23.2.0/13.2.0/adainclude/s-parame.ads
/Users/runner/.local/share/alire/toolchains/gnat_native_13.2.2_b2c113d5/lib/gcc/aarch64-apple-darwin23.2.0/13.2.0/adainclude/s-traent.ads
/Users/runner/.local/share/alire/toolchains/gnat_native_13.2.2_b2c113d5/lib/gcc/aarch64-apple-darwin23.2.0/13.2.0/adainclude/s-secsta.ads
/Users/runner/.local/share/alire/toolchains/gnat_native_13.2.2_b2c113d5/lib/gcc/aarch64-apple-darwin23.2.0/13.2.0/adainclude/s-stache.ads
/Users/runner/.local/share/alire/toolchains/gnat_native_13.2.2_b2c113d5/lib/gcc/aarch64-apple-darwin23.2.0/13.2.0/adainclude/s-unstyp.ads
/Users/runner/.local/share/alire/toolchains/gnat_native_13.2.2_b2c113d5/lib/gcc/aarch64-apple-darwin23.2.0/13.2.0/adainclude/s-assert.ads
/Users/runner/.local/share/alire/toolchains/gnat_native_13.2.2_b2c113d5/lib/gcc/aarch64-apple-darwin23.2.0/13.2.0/adainclude/a-assert.ads
/Users/runner/work/alire-crates-ci/alire-crates-ci/test/1e800775-553a-4384-ae62-c03841a74220/hybrid_app_ada_2.0.0_03a36937/src/application/usecase/application-usecase-greet.adb
/Users/runner/work/alire-crates-ci/alire-crates-ci/test/1e800775-553a-4384-ae62-c03841a74220/hybrid_app_ada_2.0.0_03a36937/src/domain/value_object/domain-value_object.ads
/Users/runner/work/alire-crates-ci/alire-crates-ci/test/1e800775-553a-4384-ae62-c03841a74220/hybrid_app_ada_2.0.0_03a36937/src/domain/value_object/domain-value_object-person.ads
/Users/runner/work/alire-crates-ci/alire-crates-ci/test/1e800775-553a-4384-ae62-c03841a74220/hybrid_app_ada_2.0.0_03a36937/src/presentation/adapter/cli/command/presentation-adapter-cli-command-greet.adb
/Users/runner/.local/share/alire/toolchains/gnat_native_13.2.2_b2c113d5/lib/gcc/aarch64-apple-darwin23.2.0/13.2.0/adainclude/a-comlin.ads
/Users/runner/.local/share/alire/toolchains/gnat_native_13.2.2_b2c113d5/lib/gcc/aarch64-apple-darwin23.2.0/13.2.0/adainclude/a-textio.ads
/Users/runner/.local/share/alire/toolchains/gnat_native_13.2.2_b2c113d5/lib/gcc/aarch64-apple-darwin23.2.0/13.2.0/adainclude/a-ioexce.ads
/Users/runner/.local/share/alire/toolchains/gnat_native_13.2.2_b2c113d5/lib/gcc/aarch64-apple-darwin23.2.0/13.2.0/adainclude/a-stream.ads
/Users/runner/.local/share/alire/toolchains/gnat_native_13.2.2_b2c113d5/lib/gcc/aarch64-apple-darwin23.2.0/13.2.0/adainclude/s-ficobl.ads
/Users/runner/.local/share/alire/toolchains/gnat_native_13.2.2_b2c113d5/lib/gcc/aarch64-apple-darwin23.2.0/13.2.0/adainclude/i-cstrea.ads
/Users/runner/.local/share/alire/toolchains/gnat_native_13.2.2_b2c113d5/lib/gcc/aarch64-apple-darwin23.2.0/13.2.0/adainclude/s-crtl.ads
/Users/runner/.local/share/alire/toolchains/gnat_native_13.2.2_b2c113d5/lib/gcc/aarch64-apple-darwin23.2.0/13.2.0/adainclude/s-wchcon.ads
/Users/runner/work/alire-crates-ci/alire-crates-ci/test/1e800775-553a-4384-ae62-c03841a74220/hybrid_app_ada_2.0.0_03a36937/src/application/error/application-error.ads
/Users/runner/work/alire-crates-ci/alire-crates-ci/test/1e800775-553a-4384-ae62-c03841a74220/hybrid_app_ada_2.0.0_03a36937/src/version/hybrid_app_ada.ads
/Users/runner/work/alire-crates-ci/alire-crates-ci/test/1e800775-553a-4384-ae62-c03841a74220/hybrid_app_ada_2.0.0_03a36937/src/version/hybrid_app_ada-version.ads
/Users/runner/.local/share/alire/toolchains/gnat_native_13.2.2_b2c113d5/lib/gcc/aarch64-apple-darwin23.2.0/13.2.0/adainclude/s-putima.ads
/Users/runner/.local/share/alire/toolchains/gnat_native_13.2.2_b2c113d5/lib/gcc/aarch64-apple-darwin23.2.0/13.2.0/adainclude/s-conca3.ads
/Users/runner/.local/share/alire/toolchains/gnat_native_13.2.2_b2c113d5/lib/gcc/aarch64-apple-darwin23.2.0/13.2.0/adainclude/s-conca2.ads
/Users/runner/.local/share/alire/toolchains/gnat_native_13.2.2_b2c113d5/lib/gcc/aarch64-apple-darwin23.2.0/13.2.0/adainclude/s-stoele.adb
Build Libraries
   [gprlib]       functional.lexch
   [gprlib]       domain.lexch
   [gprlib]       application.lexch
   [bind SAL]     functional
   [bind SAL]     domain
   [Ada]          b__functional.adb
   [Ada]          b__domain.adb
   [objcopy]      p__domain_0.o
   [objcopy]      p__functional_0.o
   [archive]      libdomain.a
   [archive]      libfunctional.a
   [index]        libfunctional.a
   [index]        libdomain.a
   [gprlib]       infrastructure.lexch
   [bind SAL]     application
   [Ada]          b__application.adb
   [objcopy]      p__application_0.o
   [archive]      libapplication.a
   [index]        libapplication.a
   [gprlib]       version.lexch
   [gprlib]       presentation.lexch
   [bind SAL]     infrastructure
   [bind SAL]     version
   [Ada]          b__version.adb
   [Ada]          b__infrastructure.adb
   [objcopy]      p__infrastructure_0.o
   [objcopy]      p__version_0.o
   [archive]      libversion.a
   [archive]      libinfrastructure.a
   [index]        libinfrastructure.a
   [index]        libversion.a
   [bind SAL]     presentation
   [Ada]          b__presentation.adb
   [objcopy]      p__presentation_0.o
   [archive]      libpresentation.a
   [index]        libpresentation.a
Bind
   [gprbind]      greeter.bexch
   [Ada]          greeter.ali
Link
   [link]         greeter.adb
Success: Build finished successfully in 7.28 seconds.
Found declared GPR file: hybrid_app_ada.gpr
[alr test] Test completed SUCCESSFULLY
