Test ran at 2025-10-03 01:31:56.070659+00:00

SOLUTION:
matreshka_xml=21.0.0: Library to manipulate with XML streams and documents
Origin: commit fbca8dc8c20531b101403df03352f1dfb70791c6 from https://github.com/reznikmm/matreshka-alire
Properties:
   Author: Vadim Godunko
   Description: Library to manipulate with XML streams and documents
   License: BSD-3-Clause
   Maintainer: Vadim Godunko <vgodunko@gmail.com>
   Maintainer: Maxim Reznik <reznikmm@gmail.com>
   Maintainers_Logins: godunko
   Maintainers_Logins: reznikmm
   Name: matreshka_xml
   Project_File: build_matreshka_xml.gpr
   Tag: xml
   Tag: dom
   Tag: catalog
   Tag: templates
   Tag: html5
   Version: 21.0.0
   Website: https://github.com/godunko/matreshka
Dependencies (direct):
   matreshka_league21.0.0
Dependencies (solution):
   make=4.4.1
   matreshka_league=21.0.0
Dependencies (graph):
   matreshka_league=21.0.0 --> make=4.4.1 (*)
   matreshka_xml=21.0.0    --> matreshka_league=21.0.0 (21.0.0)


LOG:
[alr test] Testing matreshka_xml=21.0.0
[alr test] Spawning retrieval for remote crate: alr -d -n get matreshka_xml=21.0.0
Note: Deploying matreshka_xml=21.0.0...

matreshka_xml=21.0.0 successfully retrieved.
Dependencies were solved as follows:

   +b make             4.4.1  (new,indirect,system package)
   +  matreshka_league 21.0.0 (new)
[alr test] Spawning default test for remote crate: alr -d -n build --release -- -cargs:Ada -gnatwn
Note: Building matreshka_xml=21.0.0/build_matreshka_xml.gpr...
Success: Build finished successfully in 0.42 seconds.
Found declared GPR file: build_matreshka_xml.gpr
[alr test] Test completed SUCCESSFULLY
