Test ran at 2026-06-26 13:22:33.979089+00:00

SOLUTION:
gnattest=26.0.0: Ada unit testing framework and generator
Origin: source archive 26.0.zip at https://github.com/AdaCore/gnattest/archive/refs/tags/26.0.zip with hash sha512:be02be1db3373ee16d2ac82d2bed7bc8ea757fc4fd61773aa144e67409a386414c91df789c9297830b0beddbfc6b27f02b95ad7b0650935b9ca70236c7deb133
Properties:
   Post_Fetch run: sed -i -e s/external ("BUILD_MODE", "dev")/external ("BUILD_MODE", "prod")/ gnattest.gpr (from ${CRATE_ROOT}/src)
   Post_Fetch run: sed -i -e s/Version      : constant String := "dev";/Version      : constant String := "26.0.0";/ utils-versions.ads (from ${CRATE_ROOT}/src)
   Post_Fetch run: sed -i -e s/Current_Year : constant String := "unknown";/Current_Year : constant String := "2026";/ utils-versions.ads (from ${CRATE_ROOT}/src)
   Post_Fetch run: sed -i -e s/Build_Type : constant Gnat_Build_Type := Gnatpro;/Build_Type : constant Gnat_Build_Type := GPL;/ utils-versions.ads (from ${CRATE_ROOT}/src)
   Author: AdaCore
   Description: Ada unit testing framework and generator
   Executable: gnattest
   License: GPL-3.0-or-later WITH GCC-exception-3.1
   Maintainer: chouteau@adacore.com
   Maintainer: sagaert@adacore.com
   Maintainers_Logins: Fabien-Chouteau
   Maintainers_Logins: AldanTanneo
   Name: gnattest
   Project_File: src/build.gpr
   Tag: libadalang
   Tag: gnattest
   Tag: testing
   Version: 26.0.0
   Website: https://github.com/AdaCore/gnattest
Dependencies (direct):
   libadalang^26.0.0
   templates_parser^26.0.0
Dependencies (solution):
   adasat=26.0.0
   gnat=15.1.2 (gnat_native)
   gnatcoll=26.0.0
   gnatcoll_gmp=26.0.0
   gnatcoll_iconv=26.0.0
   gnatcoll_minimal=26.0.0
   gnatcoll_projects=26.0.0
   gprconfig_kb=26.0.0
   langkit_support=26.0.0
   libadalang=26.0.0
   libgmp=6.3.0
   libgpr=26.0.0
   libgpr2=26.0.0
   libiconv=1.18.0
   make=4.4.1
   prettier_ada=26.0.0
   templates_parser=26.0.0
   vss_text=26.0.0
   xmlada=26.0.0
Dependencies (graph):
   gnatcoll=26.0.0          --> gnat=15.1.2 (gnat_native) (>=14)
   gnatcoll=26.0.0          --> gnatcoll_minimal=26.0.0 (~26.0.0)
   gnatcoll_gmp=26.0.0      --> gnatcoll_minimal=26.0.0 (~26.0.0)
   gnatcoll_gmp=26.0.0      --> libgmp=6.3.0 (*)
   gnatcoll_iconv=26.0.0    --> gnatcoll=26.0.0 (~26.0.0)
   gnatcoll_iconv=26.0.0    --> libiconv=1.18.0 (*)
   gnatcoll_minimal=26.0.0  --> gnat=15.1.2 (gnat_native) (>=14)
   gnatcoll_projects=26.0.0 --> gnat=15.1.2 (gnat_native) (>=14)
   gnatcoll_projects=26.0.0 --> gnatcoll=26.0.0 (~26.0.0)
   gnatcoll_projects=26.0.0 --> libgpr=26.0.0 (>=25.0.0)
   gnattest=26.0.0          --> libadalang=26.0.0 (^26.0.0)
   gnattest=26.0.0          --> templates_parser=26.0.0 (^26.0.0)
   langkit_support=26.0.0   --> adasat=26.0.0 (^26)
   langkit_support=26.0.0   --> gnatcoll=26.0.0 (^26)
   langkit_support=26.0.0   --> gnatcoll_gmp=26.0.0 (^26)
   langkit_support=26.0.0   --> gnatcoll_iconv=26.0.0 (^26)
   langkit_support=26.0.0   --> prettier_ada=26.0.0 (^26)
   libadalang=26.0.0        --> gnatcoll=26.0.0 (^26)
   libadalang=26.0.0        --> gnatcoll_gmp=26.0.0 (^26)
   libadalang=26.0.0        --> gnatcoll_iconv=26.0.0 (^26)
   libadalang=26.0.0        --> gnatcoll_projects=26.0.0 (^26)
   libadalang=26.0.0        --> langkit_support=26.0.0 (^26)
   libadalang=26.0.0        --> libgpr2=26.0.0 (^26)
   libgpr=26.0.0            --> gnat=15.1.2 (gnat_native) (>=15)
   libgpr=26.0.0            --> xmlada=26.0.0 (~26.0.0)
   libgpr2=26.0.0           --> gnatcoll=26.0.0 (^26.0.0)
   libgpr2=26.0.0           --> gnatcoll_gmp=26.0.0 (^26.0.0)
   libgpr2=26.0.0           --> gnatcoll_iconv=26.0.0 (^26.0.0)
   libgpr2=26.0.0           --> gprconfig_kb=26.0.0 (^26.0.0)
   libgpr2=26.0.0           --> make=4.4.1 (*)
   libgpr2=26.0.0           --> xmlada=26.0.0 (^26.0.0)
   prettier_ada=26.0.0      --> gnatcoll=26.0.0 (^26)
   prettier_ada=26.0.0      --> vss_text=26.0.0 (^26)
   templates_parser=26.0.0  --> xmlada=26.0.0 (~26.0.0)
   xmlada=26.0.0            --> gnat=15.1.2 (gnat_native) (>=11)


LOG:
[alr test] Testing gnattest=26.0.0
[alr test] Spawning retrieval for remote crate: alr -d -n get gnattest=26.0.0
Note: Deploying gnattest=26.0.0...

#=#=#                                                                          
##O#-#                                                                         
##=O#- #                                                                       
Note: Deploying adasat=26.0.0...

#=#=#                                                                          
##O#-#                                                                         
Note: Deploying gprconfig_kb=26.0.0...

#=#=#                                                                          
##O#-#                                                                         
Note: Deploying libgmp=6.3.0...
The system package 'mingw-w64-x86_64-gmp' is about to be installed.
This action might require admin privileges and impact your system installation.
Do you want Alire to install this system package?
Using default: Yes
resolving dependencies...
looking for conflicting packages...

Packages (1) mingw-w64-x86_64-gmp-6.3.0-2

Total Download Size:   0.56 MiB
Total Installed Size:  2.98 MiB

:: Proceed with installation? [Y/n] 
:: Retrieving packages...
 mingw-w64-x86_64-gmp-6.3.0-2-any downloading...
checking keyring...
checking package integrity...
loading package files...
checking for file conflicts...
checking available disk space...
:: Processing package changes...
installing mingw-w64-x86_64-gmp...
Note: Deploying libiconv=1.18.0...
The system package 'mingw-w64-x86_64-libiconv' is about to be installed.
This action might require admin privileges and impact your system installation.
Do you want Alire to install this system package?
Using default: Yes
resolving dependencies...
looking for conflicting packages...

Packages (1) mingw-w64-x86_64-libiconv-1.18-1

Total Download Size:   0.71 MiB
Total Installed Size:  2.42 MiB

:: Proceed with installation? [Y/n] 
:: Retrieving packages...
 mingw-w64-x86_64-libiconv-1.18-1-any downloading...
checking keyring...
checking package integrity...
loading package files...
checking for file conflicts...
checking available disk space...
:: Processing package changes...
installing mingw-w64-x86_64-libiconv...
Note: Deploying vss_text=26.0.0...

#=#=#                                                                          
##O#-#                                                                         
##=O#- #                                                                       
# #=O#- #                                                                      
Note: Deploying gnatcoll_minimal=26.0.0...

#=#=#                                                                          
##O#-#                                                                         
##=O#- #                                                                       
# #=O#- #                                                                      
 # #=O#-  #                                                                    
  # #=O=#   #                                                                  
Note: Deploying gnatcoll=26.0.0...

#=#=#                                                                          
                                                                           0.1%
########                                                                  12.2%
#######################################################################   99.7%
######################################################################## 100.0%
Note: Deploying gnatcoll_gmp=26.0.0...

#=#=#                                                                          
##O#-#                                                                         
Note: Deploying libgpr=26.0.0...

#=#=#                                                                          
                                                                           1.2%
#############################################################             84.9%
######################################################################## 100.0%
Note: Deploying templates_parser=26.0.0...

#=#=#                                                                          
##O#-#                                                                         
Note: Deploying gnatcoll_iconv=26.0.0...

#=#=#                                                                          
##O#-#                                                                         
Note: Deploying gnatcoll_projects=26.0.0...

#=#=#                                                                          
##O#-#                                                                         
##=O#- #                                                                       
# #=O#- #                                                                      
 # #=O#-  #                                                                    
  # #=O=#   #                                                                  
   # #=O=#   #                                                                 
Note: Deploying prettier_ada=26.0.0...

#=#=#                                                                          
##O#-#                                                                         
Note: Deploying langkit_support=26.0.0...

#=#=#                                                                          
##O#-#                                                                         
##=O#- #                                                                       
# #=O#- #                                                                      
 # #=O#-  #                                                                    
  # #=O=#   #                                                                  
Note: Deploying libgpr2=26.0.0...

#=#=#                                                                          
##O#-#                                                                         
##=O#- #                                                                       
# #=O#- #                                                                      
 # #=O#-  #                                                                    
Note: Deploying libadalang=26.0.0...

#=#=#                                                                          
##########################                                                36.2%
######################################################################## 100.0%

gnattest=26.0.0 successfully retrieved.
Dependencies were solved as follows:

   +  adasat            26.0.0 (new,indirect)
   +b gnat              15.1.2 (new,gnat_native,indirect,binary)
   +  gnatcoll          26.0.0 (new,indirect)
   +  gnatcoll_gmp      26.0.0 (new,indirect)
   +  gnatcoll_iconv    26.0.0 (new,indirect)
   +  gnatcoll_minimal  26.0.0 (new,indirect)
   +  gnatcoll_projects 26.0.0 (new,indirect)
   +b gprconfig_kb      26.0.0 (new,indirect,binary)
   +  langkit_support   26.0.0 (new,indirect)
   +  libadalang        26.0.0 (new)
   +b libgmp            6.3.0  (new,indirect,system package)
   +  libgpr            26.0.0 (new,indirect)
   +  libgpr2           26.0.0 (new,indirect)
   +b libiconv          1.18.0 (new,indirect,system package)
   +b make              4.4.1  (new,indirect,system package)
   +  prettier_ada      26.0.0 (new,indirect)
   +  templates_parser  26.0.0 (new)
   +  vss_text          26.0.0 (new,indirect)
   +  xmlada            26.0.0 (new,indirect)
[alr test] Spawning default test for remote crate: alr -d -n build --release -- -cargs:Ada -gnatwn
stderr: ADA.IO_EXCEPTIONS.NAME_ERROR
stderr: invalid target path name "C:\Users\runneradmin\AppData\Local\alire\cache\builds\langkit_support_26.0.0_1745168f\29d9ebd085946628b4ee4a49098667327882565f4d4b930b858a67814e898f86\testsuite\tests\lexical
stderr: raised ADA.IO_EXCEPTIONS.NAME_ERROR : invalid target path name "C:\Users\runneradmin\AppData\Local\alire\cache\builds\langkit_support_26.0.0_1745168f\29d9ebd085946628b4ee4a49098667327882565f4d4b930b858a67814e898f86\testsuite\tests\lexical
[D:\a\alire-crates-ci\alire-crates-ci\alire_install\bin\alr.exe]
0x7ff686e16ac1 Semantic_Versioning.Basic.Restrictions.First_Index at a-direct.adb:301
0x7ff686f88296 Semantic_Versioning.Basic.Restrictions.First_Index at den-filesystem.adb:81
0x7ff686f86d68 Semantic_Versioning.Basic.Restrictions.First_Index at den-filesystem.adb:215
0x7ff686f88390 Semantic_Versioning.Basic.Restrictions.First_Index at den-filesystem.adb:86
0x7ff686f86d68 Semantic_Versioning.Basic.Restrictions.First_Index at den-filesystem.adb:215
0x7ff686f87f48 Semantic_Versioning.Basic.Restrictions.First_Index at den-filesystem.adb:140
0x7ff686f86b4d Semantic_Versioning.Basic.Restrictions.First_Index at den-filesystem.adb:217
0x7ff686f87f26 Semantic_Versioning.Basic.Restrictions.First_Index at den-filesystem.adb:137
0x7ff686f86b4d Semantic_Versioning.Basic.Restrictions.First_Index at den-filesystem.adb:217
0x7ff686f87f26 Semantic_Versioning.Basic.Restrictions.First_Index at den-filesystem.adb:137
0x7ff686f86b4d Semantic_Versioning.Basic.Restrictions.First_Index at den-filesystem.adb:217
0x7ff686f87f26 Semantic_Versioning.Basic.Restrictions.First_Index at den-filesystem.adb:137
0x7ff686f86b4d Semantic_Versioning.Basic.Restrictions.First_Index at den-filesystem.adb:217
0x7ff686f87f26 Semantic_Versioning.Basic.Restrictions.First_Index at den-filesystem.adb:137
0x7ff686f86b4d Semantic_Versioning.Basic.Restrictions.First_Index at den-filesystem.adb:217
0x7ff686f87f26 Semantic_Versioning.Basic.Restrictions.First_Index at den-filesystem.adb:137
0x7ff686f86b4d Semantic_Versioning.Basic.Restrictions.First_Index at den-filesystem.adb:217
0x7ff686f87f26 Semantic_Versioning.Basic.Restrictions.First_Index at den-filesystem.adb:137
0x7ff686f86b4d Semantic_Versioning.Basic.Restrictions.First_Index at den-filesystem.adb:217
0x7ff686f87f26 Semantic_Versioning.Basic.Restrictions.First_Index at den-filesystem.adb:137
0x7ff686f86b4d Semantic_Versioning.Basic.Restrictions.First_Index at den-filesystem.adb:217
0x7ff6862e5fd8 Semantic_Versioning.Basic.Restrictions.First_Index at alire-builds.adb:61
0x7ff686a7ee46 Semantic_Versioning.Basic.Restrictions.First_Index at alire-roots.adb:907
0x7ff686a9912d Semantic_Versioning.Basic.Restrictions.First_Index at alire-roots.adb:2143
0x7ff686b082f9 Semantic_Versioning.Basic.Restrictions.First_Index at alire-solutions.adb:1472
0x7ff686b070ef Semantic_Versioning.Basic.Restrictions.First_Index at alire-solutions.adb:1539
0x7ff686a9922c Semantic_Versioning.Basic.Restrictions.First_Index at alire-roots.adb:2147
0x7ff686a992fa Semantic_Versioning.Basic.Restrictions.First_Index at alire-roots.adb:2127
0x7ff686a7e3d4 Semantic_Versioning.Basic.Restrictions.First_Index at alire-roots.adb:919
0x7ff686a703e8 Semantic_Versioning.Basic.Restrictions.First_Index at alire-roots.adb:90
0x7ff686a70588 Semantic_Versioning.Basic.Restrictions.First_Index at alire-roots.adb:59
0x7ff686a7173b Semantic_Versioning.Basic.Restrictions.First_Index at alire-roots.adb:278
0x7ff686a71912 Semantic_Versioning.Basic.Restrictions.First_Index at alire-roots.adb:114
0x7ff6861e3baa Semantic_Versioning.Basic.Restrictions.First_Index at alr-commands-build.adb:145
0x7ff6861e341e Semantic_Versioning.Basic.Restrictions.First_Index at alr-commands-build.adb:113
0x7ff6861e35ba Semantic_Versioning.Basic.Restrictions.First_Index at alr-commands-build.adb:54
0x7ff686295dea Semantic_Versioning.Basic.Restrictions.First_Index at clic-subcommand-instance.adb:749
0x7ff6862a2b0e Semantic_Versioning.Basic.Restrictions.First_Index at alr-commands.adb:632
0x7ff6861716a0 Alr.Main at alr-main.adb:13
0x7ff686175270 Main at b__alr-main.adb:2454
0x7ff68617133e __tmainCRTStartup at ???
0x7ff686171144 mainCRTStartup at ???
[C:\Windows\System32\KERNEL32.DLL]
0x7ffff610e8d5
[C:\Windows\SYSTEM32\ntdll.dll]
0x7ffff780c53a

stderr: Could not sync build dir from C:\Users\runneradmin\AppData\Local\alire\cache\releases\langkit_support_26.0.0_1745168f to C:\Users\runneradmin\AppData\Local\alire\cache\builds\langkit_support_26.0.0_1745168f\29d9ebd085946628b4ee4a49098667327882565f4d4b930b858a67814e898f86
ERROR: Could not sync build dir from C:\Users\runneradmin\AppData\Local\alire\cache\releases\langkit_support_26.0.0_1745168f to C:\Users\runneradmin\AppData\Local\alire\cache\builds\langkit_support_26.0.0_1745168f\29d9ebd085946628b4ee4a49098667327882565f4d4b930b858a67814e898f86
