Test ran at 2026-06-06 12:58:10.580619+00:00

SOLUTION:
aoa_23=20230119.0.0: Some Advent of Ada 2023 solutions
Origin: commit 38d1c7e521a9abb8c3f4269f689e00f35fe81362 from https://github.com/bracke/AoA_23.git
Properties:
   Author: Jeff Carter
   Build Switches: 
   Description: Some Advent of Ada 2023 solutions
   Executable: aoa_01_1
   Executable: aoa_02_2
   Executable: aoa_04_1
   Executable: aoa_06_1
   Executable: aoa_07_1
   Executable: aoa_09_1
   Executable: aoa_10_1
   Executable: aoa_11_2
   Executable: aoa_13_1
   Executable: aoa_15_1
   Executable: aoa_16_1
   Executable: aoa_19_1
   Executable: aoa_23_1
   Executable: aoa_02_1
   Executable: aoa_03_1
   Executable: aoa_05_1
   Executable: aoa_06_2
   Executable: aoa_08_1
   Executable: aoa_09_2
   Executable: aoa_11_1
   Executable: aoa_12_1
   Executable: aoa_14_1
   Executable: aoa_15_2
   Executable: aoa_18_1
   Executable: aoa_20_1
   Executable: aoa_23
   License: BSD-3-Clause
   Maintainer: Bent Bracke <bent@bracke.dk>
   Maintainers_Logins: bracke
   Name: aoa_23
   Tag: 2023
   Version: 20230119
   Website: https://github.com/bracke/AoA_23
Dependencies (direct):
   gnat<13.0 | >=13.3
   pragmarc^20240323.0.0
Dependencies (solution):
   gnat=11.2.4 (gnat_native)
   pragmarc=20240323.0.0
Dependencies (graph):
   aoa_23=20230119.0.0   --> gnat=11.2.4 (gnat_native) (<13.0 | >=13.3)
   aoa_23=20230119.0.0   --> pragmarc=20240323.0.0 (^20240323.0.0)
   pragmarc=20240323.0.0 --> gnat=11.2.4 (gnat_native) (<13.0 | >=13.3)


LOG:
[alr test] Testing aoa_23=20230119.0.0
[alr test] Spawning retrieval for remote crate: alr -d -n get aoa_23=20230119.0.0
Note: Deploying aoa_23=20230119.0.0...
Note: Deploying pragmarc=20240323.0.0...

aoa_23=20230119.0.0 successfully retrieved.
Dependencies were solved as follows:

   +b gnat     11.2.4       (new,gnat_native,binary)
   +  pragmarc 20240323.0.0 (new)
[alr test] Spawning default test for remote crate: alr -d -n build --release -- -cargs:Ada -gnatwn
Note: Building aoa_23=20230119.0.0/aoa_23.gpr...
Setup
   [mkdir]        object directory for project PragmARC
   [mkdir]        library directory for project PragmARC
   [mkdir]        object directory for project AoA_23
   [mkdir]        exec directory for project AoA_23
Compile
   [Ada]          aoa_01_1.adb
   [Ada]          aoa_02_2.adb
   [Ada]          aoa_04_1.adb
   [Ada]          aoa_06_1.adb
   [Ada]          aoa_07_1.adb
   [Ada]          aoa_09_1.adb
   [Ada]          aoa_10_1.adb
   [Ada]          aoa_11_2.adb
   [Ada]          aoa_13_1.adb
   [Ada]          aoa_15_1.adb
   [Ada]          aoa_16_1.adb
   [Ada]          aoa_19_1.adb
   [Ada]          aoa_23_1.adb
   [Ada]          aoa_02_1.adb
   [Ada]          aoa_03_1.adb
   [Ada]          aoa_05_1.adb
   [Ada]          aoa_06_2.adb
   [Ada]          aoa_08_1.adb
   [Ada]          aoa_09_2.adb
   [Ada]          aoa_11_1.adb
   [Ada]          aoa_12_1.adb
   [Ada]          aoa_14_1.adb
   [Ada]          aoa_15_2.adb
   [Ada]          aoa_18_1.adb
   [Ada]          aoa_20_1.adb
   [Ada]          aoa_23.adb
   [Ada]          pragmarc_config.ads
   [Ada]          pragmarc-cards-us.adb
   [Ada]          pragmarc-data_structures-skip_lists-unbounded.adb
   [Ada]          pragmarc-encryption-simple_xor.adb
   [Ada]          pragmarc-protected_option.adb
   [Ada]          pragmarc-data_structures-sets.ads
   [Ada]          pragmarc-data_structures-lists-bounded-protection.adb
   [Ada]          pragmarc-data_structures-queues.ads
   [Ada]          pragmarc-task_communication-forwarders.adb
   [Ada]          pragmarc-data_structures-queues-bounded-protection-non_blocking.adb
   [Ada]          pragmarc-randomness-universal.adb
   [Ada]          pragmarc-postfix_calculator.adb
   [Ada]          pragmarc-task_communication.ads
   [Ada]          pragmarc-data_structures-bags-unbounded-unprotected.adb
   [Ada]          pragmarc-data_structures-bags-unbounded-protection.adb
   [Ada]          pragmarc-randomness-real_ranges.adb
   [Ada]          pragmarc-sorting-radix.adb
   [Ada]          pragmarc-mixed_case.adb
   [Ada]          pragmarc-unbounded_numbers-rationals.adb
   [Ada]          pragmarc-encryption-threefish-block_512.adb
   [Ada]          pragmarc-binary_searcher.adb
   [Ada]          pragmarc-sorting-heap.adb
   [Ada]          pragmarc-randomness-u32_ranges.adb
   [Ada]          pragmarc-genetic_algorithm.adb
   [Ada]          pragmarc-data_structures.ads
   [Ada]          pragmarc-matching-regular_expression.adb
   [Ada]          pragmarc-job_pools.adb
   [Ada]          pragmarc-randomness-kiss.adb
   [Ada]          pragmarc-data_structures-bags.ads
   [Ada]          pragmarc-permutations.adb
   [Ada]          pragmarc-data_structures-stacks-unbounded-unprotected.adb
   [Ada]          pragmarc-binary_semaphore_handler.adb
   [Ada]          pragmarc-data_structures-sets-discrete.adb
   [Ada]          pragmarc-data_structures-queues-unbounded-unprotected.adb
   [Ada]          pragmarc-concurrent_pipeline.adb
   [Ada]          pragmarc-hash_fast_variable_length.adb
   [Ada]          pragmarc-images.adb
   [Ada]          pragmarc-data_structures-queues-unbounded-protection-non_blocking.adb
   [Ada]          pragmarc-data_structures-queues-unbounded.ads
   [Ada]          pragmarc-hash.adb
   [Ada]          pragmarc-comparisons.ads
   [Ada]          pragmarc-images-image.ads
   [Ada]          pragmarc-cards-decks-us.adb
   [Ada]          pragmarc-data_structures-stacks.ads
   [Ada]          pragmarc-word_input.adb
   [Ada]          pragmarc-data_structures-queues-bounded.ads
   [Ada]          pragmarc-conversions-unbounded_strings.ads
   [Ada]          pragmarc-encryption.ads
   [Ada]          pragmarc-unbounded_numbers.ads
   [Ada]          pragmarc-conversions-vectors.adb
   [Ada]          pragmarc-cards.ads
   [Ada]          pragmarc-encryption-threefish-block_256.adb
   [Ada]          pragmarc-luhn_generation.adb
   [Ada]          pragmarc-date_handler.adb
   [Ada]          pragmarc-unbounded_numbers-integers.adb
   [Ada]          pragmarc-data_structures-skip_lists.ads
   [Ada]          pragmarc-sorting-insertion.adb
   [Ada]          pragmarc-matching-quick_string.adb
   [Ada]          pragmarc-persistent_skip_list_unbounded.adb
   [Ada]          pragmarc-safety-suspension_objects.adb
   [Ada]          pragmarc-title_comparisons.adb
   [Ada]          pragmarc-safety-semaphores.adb
   [Ada]          pragmarc-menu_handler.adb
   [Ada]          pragmarc-sorting-quick.adb
   [Ada]          pragmarc-encryption-threefish-block_1024.adb
   [Ada]          pragmarc-task_communication-transporters.adb
   [Ada]          pragmarc-randomness-threefry.adb
   [Ada]          pragmarc-data_structures-stacks-unbounded.ads
   [Ada]          pragmarc-randomness-real_values.ads
   [Ada]          pragmarc-data_structures-lists-unbounded-protection.adb
   [Ada]          pragmarc-rem_nn_wrapper.adb
   [Ada]          pragmarc-encryption-bifid.adb
   [Ada]          pragmarc-text_io.adb
   [Ada]          pragmarc-data_structures-lists-bounded.ads
   [Ada]          pragmarc-data_structures-bags-unbounded.ads
   [Ada]          pragmarc-math.adb
   [Ada]          pragmarc.ads
   [Ada]          pragmarc-three_way.adb
   [Ada]          pragmarc-matching.ads
   [Ada]          pragmarc-conversions.ads
   [Ada]          pragmarc-data_structures-queues-bounded-protection.ads
   [Ada]          pragmarc-data_structures-stacks-unbounded-protection.adb
   [Ada]          pragmarc-sorting.ads
   [Ada]          pragmarc-matching-character_regular_expression.adb
   [Ada]          pragmarc-data_structures-lists-unbounded.ads
   [Ada]          pragmarc-randomness.ads
   [Ada]          pragmarc-reflection.ads
   [Ada]          pragmarc-ansi_tty_control.adb
   [Ada]          pragmarc-wrapping.ads
   [Ada]          pragmarc-randomness-combined.adb
   [Ada]          pragmarc-encryption-threefish.adb
   [Ada]          pragmarc-cards-decks.ads
   [Ada]          pragmarc-data_structures-queues-unbounded-protection-blocking.ads
   [Ada]          pragmarc-rational_postfix_calculator.adb
   [Ada]          pragmarc-safety-pointers.adb
   [Ada]          pragmarc-data_structures-queues-bounded-protection-blocking.ads
   [Ada]          pragmarc-cards-decks-general.adb
   [Ada]          pragmarc-min_max.ads
   [Ada]          pragmarc-data_structures-lists.ads
   [Ada]          pragmarc-data_structures-queues-bounded-unprotected.adb
   [Ada]          pragmarc-randomness-isaac.adb
   [Ada]          pragmarc-b_strings.adb
   [Ada]          pragmarc-task_communication-monitors.adb
   [Ada]          pragmarc-least_squares_fitting.adb
   [Ada]          pragmarc-safety.ads
   [Ada]          compile_all.adb
   [Ada]          pragmarc-line_fields.adb
   [Ada]          pragmarc-data_structures-queues-unbounded-protection.ads
pragmarc-matching-character_regular_expression.ads:31:04: warning: in instantiation at pragmarc-matching-regular_expression.adb:30
pragmarc-matching-character_regular_expression.ads:31:04: warning: aggregate not fully initialized
Build Libraries
   [gprlib]       PragmARC.lexch
   [archive]      libPragmARC.a
   [index]        libPragmARC.a
Bind
   [gprbind]      aoa_01_1.bexch
   [gprbind]      aoa_02_2.bexch
   [Ada]          aoa_01_1.ali
   [gprbind]      aoa_04_1.bexch
   [Ada]          aoa_02_2.ali
   [gprbind]      aoa_06_1.bexch
   [Ada]          aoa_04_1.ali
   [Ada]          aoa_06_1.ali
   [gprbind]      aoa_07_1.bexch
   [gprbind]      aoa_09_1.bexch
   [Ada]          aoa_07_1.ali
   [Ada]          aoa_09_1.ali
   [gprbind]      aoa_10_1.bexch
   [gprbind]      aoa_11_2.bexch
   [Ada]          aoa_10_1.ali
   [Ada]          aoa_11_2.ali
   [gprbind]      aoa_13_1.bexch
   [gprbind]      aoa_15_1.bexch
   [Ada]          aoa_13_1.ali
   [gprbind]      aoa_16_1.bexch
   [Ada]          aoa_15_1.ali
   [Ada]          aoa_16_1.ali
   [gprbind]      aoa_19_1.bexch
   [Ada]          aoa_19_1.ali
   [gprbind]      aoa_23_1.bexch
   [gprbind]      aoa_02_1.bexch
   [Ada]          aoa_23_1.ali
   [gprbind]      aoa_03_1.bexch
   [Ada]          aoa_02_1.ali
   [Ada]          aoa_03_1.ali
   [gprbind]      aoa_05_1.bexch
   [Ada]          aoa_05_1.ali
   [gprbind]      aoa_06_2.bexch
   [gprbind]      aoa_08_1.bexch
   [Ada]          aoa_06_2.ali
   [Ada]          aoa_08_1.ali
   [gprbind]      aoa_09_2.bexch
   [Ada]          aoa_09_2.ali
   [gprbind]      aoa_11_1.bexch
   [Ada]          aoa_11_1.ali
   [gprbind]      aoa_12_1.bexch
   [Ada]          aoa_12_1.ali
   [gprbind]      aoa_14_1.bexch
   [Ada]          aoa_14_1.ali
   [gprbind]      aoa_15_2.bexch
   [gprbind]      aoa_18_1.bexch
   [Ada]          aoa_15_2.ali
   [Ada]          aoa_18_1.ali
   [gprbind]      aoa_20_1.bexch
   [Ada]          aoa_20_1.ali
   [gprbind]      aoa_23.bexch
   [Ada]          aoa_23.ali
Link
   [link]         aoa_01_1.adb
   [link]         aoa_02_2.adb
   [link]         aoa_04_1.adb
   [link]         aoa_06_1.adb
/home/runner/.local/share/alire/toolchains/gnat_native_11.2.4_2f37a10b/bin/../lib/gcc/x86_64-pc-linux-gnu/11.2.0/../../../../x86_64-pc-linux-gnu/bin/ld: /lib/x86_64-linux-gnu/libc.so.6: unknown type [0x13] section `.relr.dyn'
/home/runner/.local/share/alire/toolchains/gnat_native_11.2.4_2f37a10b/bin/../lib/gcc/x86_64-pc-linux-gnu/11.2.0/../../../../x86_64-pc-linux-gnu/bin/ld: skipping incompatible /lib/x86_64-linux-gnu/libc.so.6 when searching for /lib/x86_64-linux-gnu/libc.so.6
/home/runner/.local/share/alire/toolchains/gnat_native_11.2.4_2f37a10b/bin/../lib/gcc/x86_64-pc-linux-gnu/11.2.0/../../../../x86_64-pc-linux-gnu/bin/ld: cannot find /lib/x86_64-linux-gnu/libc.so.6
/home/runner/.local/share/alire/toolchains/gnat_native_11.2.4_2f37a10b/bin/../lib/gcc/x86_64-pc-linux-gnu/11.2.0/../../../../x86_64-pc-linux-gnu/bin/ld: /lib/x86_64-linux-gnu/libc.so.6: unknown type [0x13] section `.relr.dyn'
/home/runner/.local/share/alire/toolchains/gnat_native_11.2.4_2f37a10b/bin/../lib/gcc/x86_64-pc-linux-gnu/11.2.0/../../../../x86_64-pc-linux-gnu/bin/ld: skipping incompatible /lib/x86_64-linux-gnu/libc.so.6 when searching for /lib/x86_64-linux-gnu/libc.so.6
/home/runner/.local/share/alire/toolchains/gnat_native_11.2.4_2f37a10b/bin/../lib/gcc/x86_64-pc-linux-gnu/11.2.0/../../../../x86_64-pc-linux-gnu/bin/ld: /lib64/ld-linux-x86-64.so.2: unknown type [0x13] section `.relr.dyn'
/home/runner/.local/share/alire/toolchains/gnat_native_11.2.4_2f37a10b/bin/../lib/gcc/x86_64-pc-linux-gnu/11.2.0/../../../../x86_64-pc-linux-gnu/bin/ld: skipping incompatible /lib64/ld-linux-x86-64.so.2 when searching for /lib64/ld-linux-x86-64.so.2
/home/runner/.local/share/alire/toolchains/gnat_native_11.2.4_2f37a10b/bin/../lib/gcc/x86_64-pc-linux-gnu/11.2.0/../../../../x86_64-pc-linux-gnu/bin/ld: cannot find /lib64/ld-linux-x86-64.so.2
/home/runner/.local/share/alire/toolchains/gnat_native_11.2.4_2f37a10b/bin/../lib/gcc/x86_64-pc-linux-gnu/11.2.0/../../../../x86_64-pc-linux-gnu/bin/ld: /lib64/ld-linux-x86-64.so.2: unknown type [0x13] section `.relr.dyn'
/home/runner/.local/share/alire/toolchains/gnat_native_11.2.4_2f37a10b/bin/../lib/gcc/x86_64-pc-linux-gnu/11.2.0/../../../../x86_64-pc-linux-gnu/bin/ld: skipping incompatible /lib64/ld-linux-x86-64.so.2 when searching for /lib64/ld-linux-x86-64.so.2
/home/runner/.local/share/alire/toolchains/gnat_native_11.2.4_2f37a10b/bin/../lib/gcc/x86_64-pc-linux-gnu/11.2.0/../../../../x86_64-pc-linux-gnu/bin/ld: /lib/x86_64-linux-gnu/libc.so.6: unknown type [0x13] section `.relr.dyn'
/home/runner/.local/share/alire/toolchains/gnat_native_11.2.4_2f37a10b/bin/../lib/gcc/x86_64-pc-linux-gnu/11.2.0/../../../../x86_64-pc-linux-gnu/bin/ld: skipping incompatible /lib/x86_64-linux-gnu/libc.so.6 when searching for /lib/x86_64-linux-gnu/libc.so.6
/home/runner/.local/share/alire/toolchains/gnat_native_11.2.4_2f37a10b/bin/../lib/gcc/x86_64-pc-linux-gnu/11.2.0/../../../../x86_64-pc-linux-gnu/bin/ld: cannot find /lib/x86_64-linux-gnu/libc.so.6
/home/runner/.local/share/alire/toolchains/gnat_native_11.2.4_2f37a10b/bin/../lib/gcc/x86_64-pc-linux-gnu/11.2.0/../../../../x86_64-pc-linux-gnu/bin/ld: /lib/x86_64-linux-gnu/libc.so.6: unknown type [0x13] section `.relr.dyn'
collect2: error: ld returned 1 exit status
/home/runner/.local/share/alire/toolchains/gnat_native_11.2.4_2f37a10b/bin/../lib/gcc/x86_64-pc-linux-gnu/11.2.0/../../../../x86_64-pc-linux-gnu/bin/ld: skipping incompatible /lib/x86_64-linux-gnu/libc.so.6 when searching for /lib/x86_64-linux-gnu/libc.so.6
/home/runner/.local/share/alire/toolchains/gnat_native_11.2.4_2f37a10b/bin/../lib/gcc/x86_64-pc-linux-gnu/11.2.0/../../../../x86_64-pc-linux-gnu/bin/ld: /lib64/ld-linux-x86-64.so.2: unknown type [0x13] section `.relr.dyn'
/home/runner/.local/share/alire/toolchains/gnat_native_11.2.4_2f37a10b/bin/../lib/gcc/x86_64-pc-linux-gnu/11.2.0/../../../../x86_64-pc-linux-gnu/bin/ld: skipping incompatible /lib64/ld-linux-x86-64.so.2 when searching for /lib64/ld-linux-x86-64.so.2
/home/runner/.local/share/alire/toolchains/gnat_native_11.2.4_2f37a10b/bin/../lib/gcc/x86_64-pc-linux-gnu/11.2.0/../../../../x86_64-pc-linux-gnu/bin/ld: cannot find /lib64/ld-linux-x86-64.so.2
/home/runner/.local/share/alire/toolchains/gnat_native_11.2.4_2f37a10b/bin/../lib/gcc/x86_64-pc-linux-gnu/11.2.0/../../../../x86_64-pc-linux-gnu/bin/ld: /lib64/ld-linux-x86-64.so.2: unknown type [0x13] section `.relr.dyn'
/home/runner/.local/share/alire/toolchains/gnat_native_11.2.4_2f37a10b/bin/../lib/gcc/x86_64-pc-linux-gnu/11.2.0/../../../../x86_64-pc-linux-gnu/bin/ld: skipping incompatible /lib64/ld-linux-x86-64.so.2 when searching for /lib64/ld-linux-x86-64.so.2
collect2: error: ld returned 1 exit status
/home/runner/.local/share/alire/toolchains/gnat_native_11.2.4_2f37a10b/bin/../lib/gcc/x86_64-pc-linux-gnu/11.2.0/../../../../x86_64-pc-linux-gnu/bin/ld: /lib/x86_64-linux-gnu/libc.so.6: unknown type [0x13] section `.relr.dyn'
/home/runner/.local/share/alire/toolchains/gnat_native_11.2.4_2f37a10b/bin/../lib/gcc/x86_64-pc-linux-gnu/11.2.0/../../../../x86_64-pc-linux-gnu/bin/ld: skipping incompatible /lib/x86_64-linux-gnu/libc.so.6 when searching for /lib/x86_64-linux-gnu/libc.so.6
/home/runner/.local/share/alire/toolchains/gnat_native_11.2.4_2f37a10b/bin/../lib/gcc/x86_64-pc-linux-gnu/11.2.0/../../../../x86_64-pc-linux-gnu/bin/ld: cannot find /lib/x86_64-linux-gnu/libc.so.6
/home/runner/.local/share/alire/toolchains/gnat_native_11.2.4_2f37a10b/bin/../lib/gcc/x86_64-pc-linux-gnu/11.2.0/../../../../x86/home/runner/.local/share/alire/toolchains/gnat_native_11.2.4_2f37a10b/bin/../lib/gcc/x86_64-pc-linux-gnu/11.2.0/../../../../x86_64-pc-linux-gnu/bin/ld: _64-pc-linux-gnu/bin/ld: /lib/x86_64-linux-gnu/libc.so.6/lib/x86_64-linux-gnu/libc.so.6: unknown type [: unknown type [0x130x13] section `] section `.relr.dyn.relr.dyn''

/home/runner/.local/share/alire/toolchains/gnat_native_11.2.4_2f37a10b/bin/../lib/gcc/x86_64-pc-linux-gnu/11.2.0/../../../../x86_64-pc-linux-gnu/bin/ld: skipping incompatible /lib/x86_64-linux-gnu/libc.so.6 when searching for /lib/x86_64-linux-gnu/libc.so.6
/home/runner/.local/share/alire/toolchains/gnat_native_11.2.4_2f37a10b/bin/../lib/gcc/x86_64-pc-linux-gnu/11.2.0/../../../../x86_64-pc-linux-gnu/bin/ld: skipping incompatible /lib/x86_64-linux-gnu/libc.so.6 when searching for /lib/x86_64-linux-gnu/libc.so.6
/home/runner/.local/share/alire/toolchains/gnat_native_11.2.4_2f37a10b/bin/../lib/gcc/x86_64-pc-linux-gnu/11.2.0/../../../../x86_64-pc-linux-gnu/bin/ld: cannot find /lib/x86_64-linux-gnu/libc.so.6
/home/runner/.local/share/alire/toolchains/gnat_native_11.2.4_2f37a10b/bin/../lib/gcc/x86_64-pc-linux-gnu/11.2.0/../../../../x86_64-pc-linux-gnu/bin/ld: /lib64/ld-linux-x86-64.so.2: unknown type [0x13] section `.relr.dyn/home/runner/.local/share/alire/toolchains/gnat_native_11.2.4_2f37a10b/bin/../lib/gcc/x86_64-pc-linux-gnu/11.2.0/../../../../x86'_64-pc-linux-gnu/bin/ld: 
/lib/x86_64-linux-gnu/libc.so.6: unknown type [0x13] section `.relr.dyn'
/home/runner/.local/share/alire/toolchains/gnat_native_11.2.4_2f37a10b/bin/../lib/gcc/x86_64-pc-linux-gnu/11.2.0/../../../../x86_64-pc-linux-gnu/bin/ld: skipping incompatible /lib64/ld-linux-x86-64.so.2 when searching for /lib64/ld-linux-x86-64.so.2
/home/runner/.local/share/alire/toolchains/gnat_native_11.2.4_2f37a10b/bin/../lib/gcc/x86_64-pc-linux-gnu/11.2.0/../../../../x86_64-pc-linux-gnu/bin/ld: cannot find /home/runner/.local/share/alire/toolchains/gnat_native_11.2.4_2f37a10b/bin/../lib/gcc/x86_64-pc-linux-gnu/11.2.0/../../../../x86_64-pc-linux-gnu/bin/ld/lib64/ld-linux-x86-64.so.2: skipping incompatible 
/lib/x86_64-linux-gnu/libc.so.6 when searching for /lib/x86_64-linux-gnu/libc.so.6
/home/runner/.local/share/alire/toolchains/gnat_native_11.2.4_2f37a10b/bin/../lib/gcc/x86_64-pc-linux-gnu/11.2.0/../../../../x86_64-pc-linux-gnu/bin/ld: /lib64/ld-linux-x86-64.so.2: unknown type [0x13] section `.relr.dyn'
/home/runner/.local/share/alire/toolchains/gnat_native_11.2.4_2f37a10b/bin/../lib/gcc/x86_64-pc-linux-gnu/11.2.0/../../../../x86_64-pc-linux-gnu/bin/ld: skipping incompatible /lib64/ld-linux-x86-64.so.2 when searching for /lib64/ld-linux-x86-64.so.2
/home/runner/.local/share/alire/toolchains/gnat_native_11.2.4_2f37a10b/bin/../lib/gcc/x86_64-pc-linux-gnu/11.2.0/../../../../x86_64-pc-linux-gnu/bin/ld: /lib64/ld-linux-x86-64.so.2: unknown type [0x13] section `.relr.dyn'
/home/runner/.local/share/alire/toolchains/gnat_native_11.2.4_2f37a10b/bin/../lib/gcc/x86_64-pc-linux-gnu/11.2.0/../../../../x86_64-pc-linux-gnu/bin/ld: skipping incompatible /lib64/ld-linux-x86-64.so.2 when searching for /lib64/ld-linux-x86-64.so.2
/home/runner/.local/share/alire/toolchains/gnat_native_11.2.4_2f37a10b/bin/../lib/gcc/x86_64-pc-linux-gnu/11.2.0/../../../../x86_64-pc-linux-gnu/bin/ld: cannot find /lib64/ld-linux-x86-64.so.2
/home/runner/.local/share/alire/toolchains/gnat_native_11.2.4_2f37a10b/bin/../lib/gcc/x86_64-pc-linux-gnu/11.2.0/../../../../x86_64-pc-linux-gnu/bin/ld: /lib64/ld-linux-x86-64.so.2: unknown type [0x13] section `.relr.dyn'
/home/runner/.local/share/alire/toolchains/gnat_native_11.2.4_2f37a10b/bin/../lib/gcc/x86_64-pc-linux-gnu/11.2.0/../../../../x86_64-pc-linux-gnu/bin/ld: skipping incompatible /lib64/ld-linux-x86-64.so.2 when searching for /lib64/ld-linux-x86-64.so.2
collect2: error: ld returned 1 exit status
collect2: error: ld returned 1 exit status
   link of aoa_01_1.adb failed
   failed command was: /home/runner/.local/share/alire/toolchains/gnat_native_11.2.4_2f37a10b/bin/gcc aoa_01_1.o b__aoa_01_1.o /home/runner/.local/share/alire/builds/pragmarc_20240323.0.0_31d8919a/609fc6a6188e13f08141e724ea42bcceab8e0d47f845dc83740299d8da3e4556/lib/libPragmARC.a -L/home/runner/work/alire-crates-ci/alire-crates-ci/test/dbc3c30c-da8b-4fac-a47b-a3a245f0b28c/aoa_23_20230119.0.0_38d1c7e5/obj/release/ -L/home/runner/work/alire-crates-ci/alire-crates-ci/test/dbc3c30c-da8b-4fac-a47b-a3a245f0b28c/aoa_23_20230119.0.0_38d1c7e5/obj/release/ -L/home/runner/.local/share/alire/builds/pragmarc_20240323.0.0_31d8919a/609fc6a6188e13f08141e724ea42bcceab8e0d47f845dc83740299d8da3e4556/lib/ -L/home/runner/.local/share/alire/toolchains/gnat_native_11.2.4_2f37a10b/lib/gcc/x86_64-pc-linux-gnu/11.2.0/adalib/ -static-libgcc /home/runner/.local/share/alire/toolchains/gnat_native_11.2.4_2f37a10b/lib/gcc/x86_64-pc-linux-gnu/11.2.0/adalib/libgnat.a -ldl -Wl,-rpath-link,/home/runner/.local/share/alire/toolchains/gnat_native_11.2.4_2f37a10b/lib/gcc/x86_64-pc-linux-gnu/11.2.0//adalib -Wl,-z,origin,-rpath,$ORIGIN/..//obj/release:$ORIGIN/../../../../../../..//.local/share/alire/builds/pragmarc_20240323.0.0_31d8919a/609fc6a6188e13f08141e724ea42bcceab8e0d47f845dc83740299d8da3e4556/lib:$ORIGIN/../../../../../../..//.local/share/alire/toolchains/gnat_native_11.2.4_2f37a10b/lib/gcc/x86_64-pc-linux-gnu/11.2.0/adalib -o /home/runner/work/alire-crates-ci/alire-crates-ci/test/dbc3c30c-da8b-4fac-a47b-a3a245f0b28c/aoa_23_20230119.0.0_38d1c7e5/bin//aoa_01_1 
   link of aoa_06_1.adb failed
   failed command was: /home/runner/.local/share/alire/toolchains/gnat_native_11.2.4_2f37a10b/bin/gcc aoa_06_1.o b__aoa_06_1.o /home/runner/.local/share/alire/builds/pragmarc_20240323.0.0_31d8919a/609fc6a6188e13f08141e724ea42bcceab8e0d47f845dc83740299d8da3e4556/lib/libPragmARC.a -L/home/runner/work/alire-crates-ci/alire-crates-ci/test/dbc3c30c-da8b-4fac-a47b-a3a245f0b28c/aoa_23_20230119.0.0_38d1c7e5/obj/release/ -L/home/runner/work/alire-crates-ci/alire-crates-ci/test/dbc3c30c-da8b-4fac-a47b-a3a245f0b28c/aoa_23_20230119.0.0_38d1c7e5/obj/release/ -L/home/runner/.local/share/alire/builds/pragmarc_20240323.0.0_31d8919a/609fc6a6188e13f08141e724ea42bcceab8e0d47f845dc83740299d8da3e4556/lib/ -L/home/runner/.local/share/alire/toolchains/gnat_native_11.2.4_2f37a10b/lib/gcc/x86_64-pc-linux-gnu/11.2.0/adalib/ -static-libgcc /home/runner/.local/share/alire/toolchains/gnat_native_11.2.4_2f37a10b/lib/gcc/x86_64-pc-linux-gnu/11.2.0/adalib/libgnat.a -ldl -Wl,-rpath-link,/home/runner/.local/share/alire/toolchains/gnat_native_11.2.4_2f37a10b/lib/gcc/x86_64-pc-linux-gnu/11.2.0//adalib -Wl,-z,origin,-rpath,$ORIGIN/..//obj/release:$ORIGIN/../../../../../../..//.local/share/alire/builds/pragmarc_20240323.0.0_31d8919a/609fc6a6188e13f08141e724ea42bcceab8e0d47f845dc83740299d8da3e4556/lib:$ORIGIN/../../../../../../..//.local/share/alire/toolchains/gnat_native_11.2.4_2f37a10b/lib/gcc/x86_64-pc-linux-gnu/11.2.0/adalib -o /home/runner/work/alire-crates-ci/alire-crates-ci/test/dbc3c30c-da8b-4fac-a47b-a3a245f0b28c/aoa_23_20230119.0.0_38d1c7e5/bin//aoa_06_1 
   link of aoa_02_2.adb failed
   failed command was: /home/runner/.local/share/alire/toolchains/gnat_native_11.2.4_2f37a10b/bin/gcc aoa_02_2.o b__aoa_02_2.o /home/runner/.local/share/alire/builds/pragmarc_20240323.0.0_31d8919a/609fc6a6188e13f08141e724ea42bcceab8e0d47f845dc83740299d8da3e4556/lib/libPragmARC.a -L/home/runner/work/alire-crates-ci/alire-crates-ci/test/dbc3c30c-da8b-4fac-a47b-a3a245f0b28c/aoa_23_20230119.0.0_38d1c7e5/obj/release/ -L/home/runner/work/alire-crates-ci/alire-crates-ci/test/dbc3c30c-da8b-4fac-a47b-a3a245f0b28c/aoa_23_20230119.0.0_38d1c7e5/obj/release/ -L/home/runner/.local/share/alire/builds/pragmarc_20240323.0.0_31d8919a/609fc6a6188e13f08141e724ea42bcceab8e0d47f845dc83740299d8da3e4556/lib/ -L/home/runner/.local/share/alire/toolchains/gnat_native_11.2.4_2f37a10b/lib/gcc/x86_64-pc-linux-gnu/11.2.0/adalib/ -static-libgcc /home/runner/.local/share/alire/toolchains/gnat_native_11.2.4_2f37a10b/lib/gcc/x86_64-pc-linux-gnu/11.2.0/adalib/libgnat.a -ldl -Wl,-rpath-link,/home/runner/.local/share/alire/toolchains/gnat_native_11.2.4_2f37a10b/lib/gcc/x86_64-pc-linux-gnu/11.2.0//adalib -Wl,-z,origin,-rpath,$ORIGIN/..//obj/release:$ORIGIN/../../../../../../..//.local/share/alire/builds/pragmarc_20240323.0.0_31d8919a/609fc6a6188e13f08141e724ea42bcceab8e0d47f845dc83740299d8da3e4556/lib:$ORIGIN/../../../../../../..//.local/share/alire/toolchains/gnat_native_11.2.4_2f37a10b/lib/gcc/x86_64-pc-linux-gnu/11.2.0/adalib -o /home/runner/work/alire-crates-ci/alire-crates-ci/test/dbc3c30c-da8b-4fac-a47b-a3a245f0b28c/aoa_23_20230119.0.0_38d1c7e5/bin//aoa_02_2 
   link of aoa_04_1.adb failed
   failed command was: /home/runner/.local/share/alire/toolchains/gnat_native_11.2.4_2f37a10b/bin/gcc aoa_04_1.o b__aoa_04_1.o /home/runner/.local/share/alire/builds/pragmarc_20240323.0.0_31d8919a/609fc6a6188e13f08141e724ea42bcceab8e0d47f845dc83740299d8da3e4556/lib/libPragmARC.a -L/home/runner/work/alire-crates-ci/alire-crates-ci/test/dbc3c30c-da8b-4fac-a47b-a3a245f0b28c/aoa_23_20230119.0.0_38d1c7e5/obj/release/ -L/home/runner/work/alire-crates-ci/alire-crates-ci/test/dbc3c30c-da8b-4fac-a47b-a3a245f0b28c/aoa_23_20230119.0.0_38d1c7e5/obj/release/ -L/home/runner/.local/share/alire/builds/pragmarc_20240323.0.0_31d8919a/609fc6a6188e13f08141e724ea42bcceab8e0d47f845dc83740299d8da3e4556/lib/ -L/home/runner/.local/share/alire/toolchains/gnat_native_11.2.4_2f37a10b/lib/gcc/x86_64-pc-linux-gnu/11.2.0/adalib/ -static-libgcc /home/runner/.local/share/alire/toolchains/gnat_native_11.2.4_2f37a10b/lib/gcc/x86_64-pc-linux-gnu/11.2.0/adalib/libgnat.a -ldl -Wl,-rpath-link,/home/runner/.local/share/alire/toolchains/gnat_native_11.2.4_2f37a10b/lib/gcc/x86_64-pc-linux-gnu/11.2.0//adalib -Wl,-z,origin,-rpath,$ORIGIN/..//obj/release:$ORIGIN/../../../../../../..//.local/share/alire/builds/pragmarc_20240323.0.0_31d8919a/609fc6a6188e13f08141e724ea42bcceab8e0d47f845dc83740299d8da3e4556/lib:$ORIGIN/../../../../../../..//.local/share/alire/toolchains/gnat_native_11.2.4_2f37a10b/lib/gcc/x86_64-pc-linux-gnu/11.2.0/adalib -o /home/runner/work/alire-crates-ci/alire-crates-ci/test/dbc3c30c-da8b-4fac-a47b-a3a245f0b28c/aoa_23_20230119.0.0_38d1c7e5/bin//aoa_04_1 
gprbuild: *** link phase failed
stderr: Command ["gprbuild", "-s", "-j0", "-p", "-P", "/home/runner/work/alire-crates-ci/alire-crates-ci/test/dbc3c30c-da8b-4fac-a47b-a3a245f0b28c/aoa_23_20230119.0.0_38d1c7e5/aoa_23.gpr", "-cargs:Ada", "-gnatwn"] exited with code 4
ERROR: Command ["gprbuild", "-s", "-j0", "-p", "-P", "/home/runner/work/alire-crates-ci/alire-crates-ci/test/dbc3c30c-da8b-4fac-a47b-a3a245f0b28c/aoa_23_20230119.0.0_38d1c7e5/aoa_23.gpr", "-cargs:Ada", "-gnatwn"] exited with code 4
stderr: ALIRE.CHECKED_ERROR
stderr: Command ["gprbuild", "-s", "-j0", "-p", "-P", "/home/runner/work/alire-crates-ci/alire-crates-ci/test/dbc3c30c-da8b-4fac-a47b-a3a245f0b28c/aoa_23_20230119.0.0_38d1c7e5/aoa_23.gpr", "-cargs:Ada", "-gnatwn"] exited with code 4
stderr: raised ALIRE.CHECKED_ERROR : alire-stored-error:1
[/home/runner/work/alire-crates-ci/alire-crates-ci/alire_install/bin/alr]
0xe75bc6 Alire.Raise_Checked_Error at alire.adb:284
0xac1a54 Alire.Os_Lib.Subprocess.Checked_Spawn at alire-os_lib-subprocess.adb:111
0xd40276 Alire.Spawn.Command at alire-spawn.adb:22
0xd412ee Alire.Spawn.Gprbuild at alire-spawn.adb:68
0xc748cb Alire.Roots.Build at alire-roots.adb:189
0xc7301a Alire.Roots.Build at alire-roots.adb:255
0xc9832b Alire.Roots.Traverse at alire-roots.adb:2143
0xcfee85 Alire.Solutions.Traverse.Visit at alire-solutions.adb:1472
0xcfdfcc Alire.Solutions.Traverse at alire-solutions.adb:1555
0xc9841e Alire.Roots.Traverse at alire-roots.adb:2147
0xc984dd Alire.Roots.Traverse at alire-roots.adb:2127
0xc7359b Alire.Roots.Build at alire-roots.adb:286
0xc736d7 Alire.Roots.Build at alire-roots.adb:114
0x49aa0d Alr.Commands.Build.Execute at alr-commands-build.adb:145
0x49a36d Alr.Commands.Build.Execute at alr-commands-build.adb:113
0x49a51f Alr.Commands.Build.Execute at alr-commands-build.adb:54
0x53bbcc Alr.Commands.Sub_Cmd.Execute at clic-subcommand-instance.adb:749
0x5472be Alr.Commands.Execute at alr-commands.adb:632
0x43d48a Alr.Main at alr-main.adb:13
0x4403a3 Main at b__alr-main.adb:2445
[/lib/x86_64-linux-gnu/libc.so.6]
0x7fddb122a1c8
0x7fddb122a289
[/home/runner/work/alire-crates-ci/alire-crates-ci/alire_install/bin/alr]
0x43d323 _start at ???
0xfffffffffffffffe

stderr: ALIRE.ROOTS.BUILD._WRAPPED_STATEMENTS.BUILD_FAILED
stderr: alire-roots.adb:202
stderr: raised ALIRE.ROOTS.BUILD._WRAPPED_STATEMENTS.BUILD_FAILED : alire-roots.adb:202
[/home/runner/work/alire-crates-ci/alire-crates-ci/alire_install/bin/alr]
0xc74cc7 Alire.Roots.Build at alire-roots.adb:202
0xc7301a Alire.Roots.Build at alire-roots.adb:255
0xc9832b Alire.Roots.Traverse at alire-roots.adb:2143
0xcfee85 Alire.Solutions.Traverse.Visit at alire-solutions.adb:1472
0xcfdfcc Alire.Solutions.Traverse at alire-solutions.adb:1555
0xc9841e Alire.Roots.Traverse at alire-roots.adb:2147
0xc984dd Alire.Roots.Traverse at alire-roots.adb:2127
0xc7359b Alire.Roots.Build at alire-roots.adb:286
0xc736d7 Alire.Roots.Build at alire-roots.adb:114
0x49aa0d Alr.Commands.Build.Execute at alr-commands-build.adb:145
0x49a36d Alr.Commands.Build.Execute at alr-commands-build.adb:113
0x49a51f Alr.Commands.Build.Execute at alr-commands-build.adb:54
0x53bbcc Alr.Commands.Sub_Cmd.Execute at clic-subcommand-instance.adb:749
0x5472be Alr.Commands.Execute at alr-commands.adb:632
0x43d48a Alr.Main at alr-main.adb:13
0x4403a3 Main at b__alr-main.adb:2445
[/lib/x86_64-linux-gnu/libc.so.6]
0x7fddb122a1c8
0x7fddb122a289
[/home/runner/work/alire-crates-ci/alire-crates-ci/alire_install/bin/alr]
0x43d323 _start at ???
0xfffffffffffffffe

ERROR: Compilation failed.
