Test ran at 2026-09-23 13:03:24.003370+00:00

SOLUTION:
adacl_desktop=8.0.0: AdaCL desktop: Getopt, strings, calendar, tracing, queues, pointers
Origin: source archive adacl_desktop-8.0.0.tgz at https://sourceforge.net/projects/adacl/files/Alire/adacl_desktop-8.0.0.tgz with hashes sha256:f8165a624e63840470a698194dcadd98a9e6de4ca08c3f1692efa05cf28420ae, sha512:89d745b359f69367ded9efdf2b45e4df6782e35c18f292408b17f6254c2f1932585c4006aab2481f3a87a03dd324dcbe2cf1bbea501dbcc3aa6231d800765c6c
Properties:
   case OS is
      when Linux => Test run: /bin/bash ci-verify.sh (from ${CRATE_ROOT}/.)
      when Macos => Test run: /bin/bash ci-verify.sh (from ${CRATE_ROOT}/.)
      when Windows => Test run: powershell -ExecutionPolicy Bypass -File ci-verify.ps1 (from ${CRATE_ROOT}/.)
      when others => (empty)
   Author: Martin Krischik <krischik@users.sourceforge.net>
   Build Switches: 
   Description: AdaCL desktop: Getopt, strings, calendar, tracing, queues, pointers
   License: GPL-3.0-or-later
   Long_Description: Ada Class Library desktop crate for Ada 2022.

This crate holds the former `adacl` desktop API. Use it for hosted
applications that need command-line handling, wide-character text,
diagnostics, queues, or smart pointers. It depends on the SPARK-proven
`adacl` core.

Features:

- Getopt: command-line argument parser with wide character support
- Strings: utilities for String, Wide_String, and Wide_Wide_String
- Calendar: time and date utilities with wide character support
- Tracing: diagnostic trace utility with wide character support
- Protected Queue: finish, wait, and abort operations
- Smart Pointers:
  - Reference-counted pointers
  - Unique pointers (C++-style)
  - Shared pointers (C++-style)

Source: [SourceForge](https://sourceforge.net/p/adacl/git/ci/master/tree/adacl_desktop/src/)
Documentation: [GNATdoc](https://adacl.sourceforge.net/gnatdoc/adacl_desktop/index.html)

   Maintainer: Martin Krischik <krischik@users.sourceforge.net>
   Maintainers_Logins: krischik
   Name: adacl_desktop
   Notes: New crate in 8.0.0: this is the former `adacl` desktop API.

Replace:

    [[depends-on]]
    adacl = "^7.2"

with:

    [[depends-on]]
    adacl_desktop = "^8.0"

`adacl` remains in the tree as the shared SPARK gold core; do not drop it
from the solution, only from direct application dependencies that expected
Getopt, Strings, Calendar, Tracing, queues, or smart pointers.

   Tag: library
   Tag: command-line
   Tag: trace
   Tag: logging
   Tag: string
   Tag: container
   Tag: smart-pointer
   Tag: ada2022
   Version: 8.0.0
   Website: https://adacl.sourceforge.net/
Dependencies (direct):
   adacl^8.0
Dependencies (solution):
   adacl=8.0.0
Dependencies (graph):
   adacl_desktop=8.0.0 --> adacl=8.0.0 (^8.0)


LOG:
=== Ada CI Verification ===
=== adacl_test ===
Directory: test
Updating dependencies...
Dependencies automatically updated as follows:

   +  adacl         8.0.0  (new)
   +  adacl_aunit   8.0.0  (new)
   +. adacl_desktop 8.0.0  (new,path=..)
   +  aunit         26.0.0 (new,indirect)
Building with validation...
Note: Building adacl_desktop_test=8.0.0/adacl_desktop_test.gpr...
"..\obj\validation" created
"..\lib\validation" created
"C:\Users\runneradmin\AppData\Local\alire\cache\builds\adacl_aunit_8.0.0_0347c69c\446d3557ec39da1dacd64d2c30e82871fca85297e81020ff458cfd962413c185\obj\release" created
"C:\Users\runneradmin\AppData\Local\alire\cache\builds\adacl_aunit_8.0.0_0347c69c\446d3557ec39da1dacd64d2c30e82871fca85297e81020ff458cfd962413c185\lib" created
"obj\validation" created
"bin\validation" created
[Ada Compile]     adacl-assert-arrays.adb
[Ada Compile]     adacl-assert-decimal.adb
[Ada Compile]     adacl-assert-discrete.adb
[Ada Compile]     adacl-assert-fixed.adb
C:\Users\runneradmin\AppData\Local\alire\cache\builds\adacl_aunit_8.0.0_0347c69c\446d3557ec39da1dacd64d2c30e82871fca85297e81020ff458cfd962413c185\src\adacl-assert-arrays.ads:56:07: warning: "Exit_Cases" is not a valid aspect identifier [enabled by default]
C:\Users\runneradmin\AppData\Local\alire\cache\builds\adacl_aunit_8.0.0_0347c69c\446d3557ec39da1dacd64d2c30e82871fca85297e81020ff458cfd962413c185\src\adacl-assert-arrays.ads:74:07: warning: "Exit_Cases" is not a valid aspect identifier [enabled by default]
[Ada Compile]     adacl-assert-float.adb
C:\Users\runneradmin\AppData\Local\alire\cache\builds\adacl_aunit_8.0.0_0347c69c\446d3557ec39da1dacd64d2c30e82871fca85297e81020ff458cfd962413c185\src\adacl-assert-decimal.ads:50:07: warning: "Exit_Cases" is not a valid aspect identifier [enabled by default]
C:\Users\runneradmin\AppData\Local\alire\cache\builds\adacl_aunit_8.0.0_0347c69c\446d3557ec39da1dacd64d2c30e82871fca85297e81020ff458cfd962413c185\src\adacl-assert-decimal.ads:68:07: warning: "Exit_Cases" is not a valid aspect identifier [enabled by default]
C:\Users\runneradmin\AppData\Local\alire\cache\builds\adacl_aunit_8.0.0_0347c69c\446d3557ec39da1dacd64d2c30e82871fca85297e81020ff458cfd962413c185\src\adacl-assert-decimal.ads:86:07: warning: "Exit_Cases" is not a valid aspect identifier [enabled by default]
C:\Users\runneradmin\AppData\Local\alire\cache\builds\adacl_aunit_8.0.0_0347c69c\446d3557ec39da1dacd64d2c30e82871fca85297e81020ff458cfd962413c185\src\adacl-assert-decimal.ads:104:07: warning: "Exit_Cases" is not a valid aspect identifier [enabled by default]
C:\Users\runneradmin\AppData\Local\alire\cache\builds\adacl_aunit_8.0.0_0347c69c\446d3557ec39da1dacd64d2c30e82871fca85297e81020ff458cfd962413c185\src\adacl-assert-decimal.ads:122:07: warning: "Exit_Cases" is not a valid aspect identifier [enabled by default]
C:\Users\runneradmin\AppData\Local\alire\cache\builds\adacl_aunit_8.0.0_0347c69c\446d3557ec39da1dacd64d2c30e82871fca85297e81020ff458cfd962413c185\src\adacl-assert-decimal.ads:140:07: warning: "Exit_Cases" is not a valid aspect identifier [enabled by default]
C:\Users\runneradmin\AppData\Local\alire\cache\builds\adacl_aunit_8.0.0_0347c69c\446d3557ec39da1dacd64d2c30e82871fca85297e81020ff458cfd962413c185\src\adacl-assert-decimal.ads:160:07: warning: "Exit_Cases" is not a valid aspect identifier [enabled by default]
[Ada Compile]     adacl-assert-indefinite_vectors.adb
C:\Users\runneradmin\AppData\Local\alire\cache\builds\adacl_aunit_8.0.0_0347c69c\446d3557ec39da1dacd64d2c30e82871fca85297e81020ff458cfd962413c185\src\adacl-assert-discrete.ads:50:07: warning: "Exit_Cases" is not a valid aspect identifier [enabled by default]
C:\Users\runneradmin\AppData\Local\alire\cache\builds\adacl_aunit_8.0.0_0347c69c\446d3557ec39da1dacd64d2c30e82871fca85297e81020ff458cfd962413c185\src\adacl-assert-discrete.ads:68:07: warning: "Exit_Cases" is not a valid aspect identifier [enabled by default]
C:\Users\runneradmin\AppData\Local\alire\cache\builds\adacl_aunit_8.0.0_0347c69c\446d3557ec39da1dacd64d2c30e82871fca85297e81020ff458cfd962413c185\src\adacl-assert-discrete.ads:86:07: warning: "Exit_Cases" is not a valid aspect identifier [enabled by default]
C:\Users\runneradmin\AppData\Local\alire\cache\builds\adacl_aunit_8.0.0_0347c69c\446d3557ec39da1dacd64d2c30e82871fca85297e81020ff458cfd962413c185\src\adacl-assert-discrete.ads:104:07: warning: "Exit_Cases" is not a valid aspect identifier [enabled by default]
C:\Users\runneradmin\AppData\Local\alire\cache\builds\adacl_aunit_8.0.0_0347c69c\446d3557ec39da1dacd64d2c30e82871fca85297e81020ff458cfd962413c185\src\adacl-assert-discrete.ads:122:07: warning: "Exit_Cases" is not a valid aspect identifier [enabled by default]
C:\Users\runneradmin\AppData\Local\alire\cache\builds\adacl_aunit_8.0.0_0347c69c\446d3557ec39da1dacd64d2c30e82871fca85297e81020ff458cfd962413c185\src\adacl-assert-discrete.ads:140:07: warning: "Exit_Cases" is not a valid aspect identifier [enabled by default]
C:\Users\runneradmin\AppData\Local\alire\cache\builds\adacl_aunit_8.0.0_0347c69c\446d3557ec39da1dacd64d2c30e82871fca85297e81020ff458cfd962413c185\src\adacl-assert-discrete.ads:160:07: warning: "Exit_Cases" is not a valid aspect identifier [enabled by default]
[Ada Compile]     adacl-assert-pointer.adb
C:\Users\runneradmin\AppData\Local\alire\cache\builds\adacl_aunit_8.0.0_0347c69c\446d3557ec39da1dacd64d2c30e82871fca85297e81020ff458cfd962413c185\src\adacl-assert-fixed.ads:50:07: warning: "Exit_Cases" is not a valid aspect identifier [enabled by default]
C:\Users\runneradmin\AppData\Local\alire\cache\builds\adacl_aunit_8.0.0_0347c69c\446d3557ec39da1dacd64d2c30e82871fca85297e81020ff458cfd962413c185\src\adacl-assert-fixed.ads:68:07: warning: "Exit_Cases" is not a valid aspect identifier [enabled by default]
C:\Users\runneradmin\AppData\Local\alire\cache\builds\adacl_aunit_8.0.0_0347c69c\446d3557ec39da1dacd64d2c30e82871fca85297e81020ff458cfd962413c185\src\adacl-assert-fixed.ads:86:07: warning: "Exit_Cases" is not a valid aspect identifier [enabled by default]
C:\Users\runneradmin\AppData\Local\alire\cache\builds\adacl_aunit_8.0.0_0347c69c\446d3557ec39da1dacd64d2c30e82871fca85297e81020ff458cfd962413c185\src\adacl-assert-fixed.ads:104:07: warning: "Exit_Cases" is not a valid aspect identifier [enabled by default]
C:\Users\runneradmin\AppData\Local\alire\cache\builds\adacl_aunit_8.0.0_0347c69c\446d3557ec39da1dacd64d2c30e82871fca85297e81020ff458cfd962413c185\src\adacl-assert-fixed.ads:122:07: warning: "Exit_Cases" is not a valid aspect identifier [enabled by default]
C:\Users\runneradmin\AppData\Local\alire\cache\builds\adacl_aunit_8.0.0_0347c69c\446d3557ec39da1dacd64d2c30e82871fca85297e81020ff458cfd962413c185\src\adacl-assert-fixed.ads:140:07: warning: "Exit_Cases" is not a valid aspect identifier [enabled by default]
C:\Users\runneradmin\AppData\Local\alire\cache\builds\adacl_aunit_8.0.0_0347c69c\446d3557ec39da1dacd64d2c30e82871fca85297e81020ff458cfd962413c185\src\adacl-assert-fixed.ads:160:07: warning: "Exit_Cases" is not a valid aspect identifier [enabled by default]
[Ada Compile]     adacl-assert-vectors.adb
C:\Users\runneradmin\AppData\Local\alire\cache\builds\adacl_aunit_8.0.0_0347c69c\446d3557ec39da1dacd64d2c30e82871fca85297e81020ff458cfd962413c185\src\adacl-assert-float.ads:51:07: warning: "Exit_Cases" is not a valid aspect identifier [enabled by default]
C:\Users\runneradmin\AppData\Local\alire\cache\builds\adacl_aunit_8.0.0_0347c69c\446d3557ec39da1dacd64d2c30e82871fca85297e81020ff458cfd962413c185\src\adacl-assert-float.ads:69:07: warning: "Exit_Cases" is not a valid aspect identifier [enabled by default]
C:\Users\runneradmin\AppData\Local\alire\cache\builds\adacl_aunit_8.0.0_0347c69c\446d3557ec39da1dacd64d2c30e82871fca85297e81020ff458cfd962413c185\src\adacl-assert-float.ads:87:07: warning: "Exit_Cases" is not a valid aspect identifier [enabled by default]
C:\Users\runneradmin\AppData\Local\alire\cache\builds\adacl_aunit_8.0.0_0347c69c\446d3557ec39da1dacd64d2c30e82871fca85297e81020ff458cfd962413c185\src\adacl-assert-float.ads:105:07: warning: "Exit_Cases" is not a valid aspect identifier [enabled by default]
C:\Users\runneradmin\AppData\Local\alire\cache\builds\adacl_aunit_8.0.0_0347c69c\446d3557ec39da1dacd64d2c30e82871fca85297e81020ff458cfd962413c185\src\adacl-assert-float.ads:123:07: warning: "Exit_Cases" is not a valid aspect identifier [enabled by default]
C:\Users\runneradmin\AppData\Local\alire\cache\builds\adacl_aunit_8.0.0_0347c69c\446d3557ec39da1dacd64d2c30e82871fca85297e81020ff458cfd962413c185\src\adacl-assert-float.ads:141:07: warning: "Exit_Cases" is not a valid aspect identifier [enabled by default]
C:\Users\runneradmin\AppData\Local\alire\cache\builds\adacl_aunit_8.0.0_0347c69c\446d3557ec39da1dacd64d2c30e82871fca85297e81020ff458cfd962413c185\src\adacl-assert-float.ads:161:07: warning: "Exit_Cases" is not a valid aspect identifier [enabled by default]
[Ada Compile]     adacl-assert.adb
C:\Users\runneradmin\AppData\Local\alire\cache\builds\adacl_aunit_8.0.0_0347c69c\446d3557ec39da1dacd64d2c30e82871fca85297e81020ff458cfd962413c185\src\adacl-assert-indefinite_vectors.ads:58:07: warning: "Exit_Cases" is not a valid aspect identifier [enabled by default]
C:\Users\runneradmin\AppData\Local\alire\cache\builds\adacl_aunit_8.0.0_0347c69c\446d3557ec39da1dacd64d2c30e82871fca85297e81020ff458cfd962413c185\src\adacl-assert-indefinite_vectors.ads:76:07: warning: "Exit_Cases" is not a valid aspect identifier [enabled by default]
[Ada Compile]     adacl-test_cases-parameters.adb
C:\Users\runneradmin\AppData\Local\alire\cache\builds\adacl_aunit_8.0.0_0347c69c\446d3557ec39da1dacd64d2c30e82871fca85297e81020ff458cfd962413c185\src\adacl-assert-pointer.ads:51:07: warning: "Exit_Cases" is not a valid aspect identifier [enabled by default]
C:\Users\runneradmin\AppData\Local\alire\cache\builds\adacl_aunit_8.0.0_0347c69c\446d3557ec39da1dacd64d2c30e82871fca85297e81020ff458cfd962413c185\src\adacl-assert-pointer.ads:69:07: warning: "Exit_Cases" is not a valid aspect identifier [enabled by default]
C:\Users\runneradmin\AppData\Local\alire\cache\builds\adacl_aunit_8.0.0_0347c69c\446d3557ec39da1dacd64d2c30e82871fca85297e81020ff458cfd962413c185\src\adacl-assert-pointer.ads:85:07: warning: "Exit_Cases" is not a valid aspect identifier [enabled by default]
C:\Users\runneradmin\AppData\Local\alire\cache\builds\adacl_aunit_8.0.0_0347c69c\446d3557ec39da1dacd64d2c30e82871fca85297e81020ff458cfd962413c185\src\adacl-assert-pointer.ads:101:07: warning: "Exit_Cases" is not a valid aspect identifier [enabled by default]
[Ada Compile]     adacl-test_cases.ads
C:\Users\runneradmin\AppData\Local\alire\cache\builds\adacl_aunit_8.0.0_0347c69c\446d3557ec39da1dacd64d2c30e82871fca85297e81020ff458cfd962413c185\src\adacl-assert-vectors.ads:58:07: warning: "Exit_Cases" is not a valid aspect identifier [enabled by default]
C:\Users\runneradmin\AppData\Local\alire\cache\builds\adacl_aunit_8.0.0_0347c69c\446d3557ec39da1dacd64d2c30e82871fca85297e81020ff458cfd962413c185\src\adacl-assert-vectors.ads:76:07: warning: "Exit_Cases" is not a valid aspect identifier [enabled by default]
[Ada Compile]     adacl-trace-assert.ads
C:\Users\runneradmin\AppData\Local\alire\cache\builds\adacl_aunit_8.0.0_0347c69c\446d3557ec39da1dacd64d2c30e82871fca85297e81020ff458cfd962413c185\src\adacl-assert.ads:65:07: warning: "Exit_Cases" is not a valid aspect identifier [enabled by default]
C:\Users\runneradmin\AppData\Local\alire\cache\builds\adacl_aunit_8.0.0_0347c69c\446d3557ec39da1dacd64d2c30e82871fca85297e81020ff458cfd962413c185\src\adacl-assert.ads:83:07: warning: "Exit_Cases" is not a valid aspect identifier [enabled by default]
C:\Users\runneradmin\AppData\Local\alire\cache\builds\adacl_aunit_8.0.0_0347c69c\446d3557ec39da1dacd64d2c30e82871fca85297e81020ff458cfd962413c185\src\adacl-assert.ads:101:07: warning: "Exit_Cases" is not a valid aspect identifier [enabled by default]
C:\Users\runneradmin\AppData\Local\alire\cache\builds\adacl_aunit_8.0.0_0347c69c\446d3557ec39da1dacd64d2c30e82871fca85297e81020ff458cfd962413c185\src\adacl-assert.ads:121:07: warning: "Exit_Cases" is not a valid aspect identifier [enabled by default]
C:\Users\runneradmin\AppData\Local\alire\cache\builds\adacl_aunit_8.0.0_0347c69c\446d3557ec39da1dacd64d2c30e82871fca85297e81020ff458cfd962413c185\src\adacl-assert.ads:139:07: warning: "Exit_Cases" is not a valid aspect identifier [enabled by default]
C:\Users\runneradmin\AppData\Local\alire\cache\builds\adacl_aunit_8.0.0_0347c69c\446d3557ec39da1dacd64d2c30e82871fca85297e81020ff458cfd962413c185\src\adacl-assert.ads:157:07: warning: "Exit_Cases" is not a valid aspect identifier [enabled by default]
C:\Users\runneradmin\AppData\Local\alire\cache\builds\adacl_aunit_8.0.0_0347c69c\446d3557ec39da1dacd64d2c30e82871fca85297e81020ff458cfd962413c185\src\adacl-assert.ads:177:07: warning: "Exit_Cases" is not a valid aspect identifier [enabled by default]
C:\Users\runneradmin\AppData\Local\alire\cache\builds\adacl_aunit_8.0.0_0347c69c\446d3557ec39da1dacd64d2c30e82871fca85297e81020ff458cfd962413c185\src\adacl-assert.ads:195:07: warning: "Exit_Cases" is not a valid aspect identifier [enabled by default]
C:\Users\runneradmin\AppData\Local\alire\cache\builds\adacl_aunit_8.0.0_0347c69c\446d3557ec39da1dacd64d2c30e82871fca85297e81020ff458cfd962413c185\src\adacl-assert.ads:213:07: warning: "Exit_Cases" is not a valid aspect identifier [enabled by default]
C:\Users\runneradmin\AppData\Local\alire\cache\builds\adacl_aunit_8.0.0_0347c69c\446d3557ec39da1dacd64d2c30e82871fca85297e81020ff458cfd962413c185\src\adacl-assert.ads:231:07: warning: "Exit_Cases" is not a valid aspect identifier [enabled by default]
C:\Users\runneradmin\AppData\Local\alire\cache\builds\adacl_aunit_8.0.0_0347c69c\446d3557ec39da1dacd64d2c30e82871fca85297e81020ff458cfd962413c185\src\adacl-assert.ads:247:07: warning: "Exit_Cases" is not a valid aspect identifier [enabled by default]
C:\Users\runneradmin\AppData\Local\alire\cache\builds\adacl_aunit_8.0.0_0347c69c\446d3557ec39da1dacd64d2c30e82871fca85297e81020ff458cfd962413c185\src\adacl-assert.ads:267:07: warning: "Exit_Cases" is not a valid aspect identifier [enabled by default]
C:\Users\runneradmin\AppData\Local\alire\cache\builds\adacl_aunit_8.0.0_0347c69c\446d3557ec39da1dacd64d2c30e82871fca85297e81020ff458cfd962413c185\src\adacl-assert.ads:287:07: warning: "Exit_Cases" is not a valid aspect identifier [enabled by default]
C:\Users\runneradmin\AppData\Local\alire\cache\builds\adacl_aunit_8.0.0_0347c69c\446d3557ec39da1dacd64d2c30e82871fca85297e81020ff458cfd962413c185\src\adacl-assert.ads:305:07: warning: "Exit_Cases" is not a valid aspect identifier [enabled by default]
C:\Users\runneradmin\AppData\Local\alire\cache\builds\adacl_aunit_8.0.0_0347c69c\446d3557ec39da1dacd64d2c30e82871fca85297e81020ff458cfd962413c185\src\adacl-assert.ads:323:07: warning: "Exit_Cases" is not a valid aspect identifier [enabled by default]
[Ada Compile]     adacl_aunit_config.ads
[Ada Compile]     adacl-base.ads
[Ada Compile]     adacl-calendar.adb
[Ada Compile]     adacl-command_line-getopt.adb
[Ada Compile]     adacl-command_line.ads
[Ada Compile]     adacl-limited_base.ads
[Ada Compile]     adacl-os-low_level.ads
[Ada Compile]     adacl-os-to_utf_string.adb
[Ada Compile]     adacl-os-to_wide_wide_string.adb
[Ada Compile]     adacl-os.ads
[Ada Compile]     adacl-pointer-element.adb
[Ada Compile]     adacl-pointer-holder.adb
[Ada Compile]     adacl-pointer-shared.ads
[Ada Compile]     adacl-pointer-shared_with_delete.adb
[Ada Compile]     adacl-pointer-unique.ads
[Ada Compile]     adacl-pointer-unique_with_delete.adb
[Ada Compile]     adacl-pointer.ads
[Ada Compile]     adacl-queue.adb
[Ada Compile]     adacl-strings-bin.adb
[Ada Compile]     adacl-strings-dec.adb
[Ada Compile]     adacl-strings-hex.adb
[Ada Compile]     adacl-strings-io.adb
[Archive]         libAdaCL_AUnit.a
[Ada Compile]     adacl-strings-vectors.ads
[Ada Compile]     adacl-strings.adb
[Ada Compile]     adacl-trace.adb
[Ada Compile]     adacl-wide_strings-bin.adb
[Ada Compile]     adacl-wide_strings-dec.adb
[Ada Compile]     adacl-wide_strings-hex.adb
[Ada Compile]     adacl-wide_strings-io.adb
[Ada Compile]     adacl-wide_strings-vectors.ads
[Ada Compile]     adacl-wide_strings.adb
[Ada Compile]     adacl-wide_wide_strings-bin.adb
[Ada Compile]     adacl-wide_wide_strings-dec.adb
[Ada Compile]     adacl-wide_wide_strings-hex.adb
[Ada Compile]     adacl-wide_wide_strings-io.adb
[Ada Compile]     adacl-wide_wide_strings-vectors.ads
D:\a\alire-crates-ci\alire-crates-ci\test\3a20ed74-ed19-498c-9de2-69c959c54c5c\adacl_desktop_8.0.0_f8165a62\src\adacl-trace.ads:191:07: warning: "Exit_Cases" is not a valid aspect identifier [enabled by default]
D:\a\alire-crates-ci\alire-crates-ci\test\3a20ed74-ed19-498c-9de2-69c959c54c5c\adacl_desktop_8.0.0_f8165a62\src\adacl-trace.ads:205:07: warning: "Exit_Cases" is not a valid aspect identifier [enabled by default]
D:\a\alire-crates-ci\alire-crates-ci\test\3a20ed74-ed19-498c-9de2-69c959c54c5c\adacl_desktop_8.0.0_f8165a62\src\adacl-trace.ads:219:07: warning: "Exit_Cases" is not a valid aspect identifier [enabled by default]
D:\a\alire-crates-ci\alire-crates-ci\test\3a20ed74-ed19-498c-9de2-69c959c54c5c\adacl_desktop_8.0.0_f8165a62\src\adacl-trace.ads:233:07: warning: "Exit_Cases" is not a valid aspect identifier [enabled by default]
D:\a\alire-crates-ci\alire-crates-ci\test\3a20ed74-ed19-498c-9de2-69c959c54c5c\adacl_desktop_8.0.0_f8165a62\src\adacl-trace.ads:250:15: warning: "Exit_Cases" is not a valid aspect identifier [enabled by default]
D:\a\alire-crates-ci\alire-crates-ci\test\3a20ed74-ed19-498c-9de2-69c959c54c5c\adacl_desktop_8.0.0_f8165a62\src\adacl-trace.ads:268:07: warning: "Exit_Cases" is not a valid aspect identifier [enabled by default]
[Ada Compile]     adacl-wide_wide_strings.adb
[Ada Compile]     adacl_desktop_config.ads
[Ada Compile]     adacl-calendar-test.adb
[Ada Compile]     adacl-pointer-element-test.adb
[Ada Compile]     adacl-strings-bin-test.adb
[Ada Compile]     adacl-strings-dec-test.adb
[Archive]         libAdaCL_Desktop.a
[Ada Compile]     adacl-strings-hex-test.adb
[Ada Compile]     adacl-strings-io-test.adb
[Ada Compile]     adacl-strings-test.adb
[Ada Compile]     adacl-trace-test.adb
[Ada Compile]     adacl-wide_strings-bin-test.adb
[Ada Compile]     adacl-wide_strings-dec-test.adb
[Ada Compile]     adacl-wide_strings-hex-test.adb
[Ada Compile]     adacl-wide_strings-io-test.adb
[Ada Compile]     adacl-wide_strings-test.adb
[Ada Compile]     adacl-wide_wide_strings-bin-test.adb
[Ada Compile]     adacl-wide_wide_strings-dec-test.adb
[Ada Compile]     adacl-wide_wide_strings-hex-test.adb
[Ada Compile]     adacl-wide_wide_strings-io-test.adb
[Ada Compile]     adacl-wide_wide_strings-test.adb
[Ada Compile]     adacl_desktop_test-main.adb
[Ada Compile]     adacl_desktop_test-pointer_holder.adb
[Ada Compile]     adacl_desktop_test-pointer_shared.adb
[Ada Compile]     adacl_desktop_test-pointer_shared_with_delete.adb
[Ada Compile]     adacl_desktop_test-pointer_unique.adb
[Ada Compile]     adacl_desktop_test-pointer_unique_with_delete.adb
[Ada Compile]     adacl_desktop_test-queue.adb
[Ada Compile]     adacl_desktop_test-suite.adb
D:\a\alire-crates-ci\alire-crates-ci\test\3a20ed74-ed19-498c-9de2-69c959c54c5c\adacl_desktop_8.0.0_f8165a62\test\src\adacl_desktop_test-queue.adb:28:04: error: instantiation error at adacl-queue-protect.adb:99
D:\a\alire-crates-ci\alire-crates-ci\test\3a20ed74-ed19-498c-9de2-69c959c54c5c\adacl_desktop_8.0.0_f8165a62\test\src\adacl_desktop_test-queue.adb:28:04: error: record aggregate must use (), not []
D:\a\alire-crates-ci\alire-crates-ci\test\3a20ed74-ed19-498c-9de2-69c959c54c5c\adacl_desktop_8.0.0_f8165a62\test\src\adacl_desktop_test-queue.adb:28:04: error: instantiation error at adacl-queue-protect.adb:116
D:\a\alire-crates-ci\alire-crates-ci\test\3a20ed74-ed19-498c-9de2-69c959c54c5c\adacl_desktop_8.0.0_f8165a62\test\src\adacl_desktop_test-queue.adb:28:04: error: record aggregate must use (), not []
adacl_desktop_test.gpr: error: [Ada Compile] adacl_desktop_test-queue.adb (adacl_desktop_test.gpr) failed with status 1
ERROR: Command ["gprbuild", "-s", "-j0", "-p", "-P", "D:\a\alire-crates-ci\alire-crates-ci\test\3a20ed74-ed19-498c-9de2-69c959c54c5c\adacl_desktop_8.0.0_f8165a62\test\adacl_desktop_test.gpr"] exited with code 4
ERROR: Compilation failed.
Running tests...
Note: Building adacl_desktop_test=8.0.0/adacl_desktop_test.gpr...
C:\Users\runneradmin\AppData\Local\alire\cache\builds\adacl_aunit_8.0.0_0347c69c\446d3557ec39da1dacd64d2c30e82871fca85297e81020ff458cfd962413c185\src\adacl-assert-arrays.ads:56:07: warning: "Exit_Cases" is not a valid aspect identifier [enabled by default]
C:\Users\runneradmin\AppData\Local\alire\cache\builds\adacl_aunit_8.0.0_0347c69c\446d3557ec39da1dacd64d2c30e82871fca85297e81020ff458cfd962413c185\src\adacl-assert-arrays.ads:74:07: warning: "Exit_Cases" is not a valid aspect identifier [enabled by default]
C:\Users\runneradmin\AppData\Local\alire\cache\builds\adacl_aunit_8.0.0_0347c69c\446d3557ec39da1dacd64d2c30e82871fca85297e81020ff458cfd962413c185\src\adacl-assert-decimal.ads:50:07: warning: "Exit_Cases" is not a valid aspect identifier [enabled by default]
C:\Users\runneradmin\AppData\Local\alire\cache\builds\adacl_aunit_8.0.0_0347c69c\446d3557ec39da1dacd64d2c30e82871fca85297e81020ff458cfd962413c185\src\adacl-assert-decimal.ads:68:07: warning: "Exit_Cases" is not a valid aspect identifier [enabled by default]
C:\Users\runneradmin\AppData\Local\alire\cache\builds\adacl_aunit_8.0.0_0347c69c\446d3557ec39da1dacd64d2c30e82871fca85297e81020ff458cfd962413c185\src\adacl-assert-decimal.ads:86:07: warning: "Exit_Cases" is not a valid aspect identifier [enabled by default]
C:\Users\runneradmin\AppData\Local\alire\cache\builds\adacl_aunit_8.0.0_0347c69c\446d3557ec39da1dacd64d2c30e82871fca85297e81020ff458cfd962413c185\src\adacl-assert-decimal.ads:104:07: warning: "Exit_Cases" is not a valid aspect identifier [enabled by default]
C:\Users\runneradmin\AppData\Local\alire\cache\builds\adacl_aunit_8.0.0_0347c69c\446d3557ec39da1dacd64d2c30e82871fca85297e81020ff458cfd962413c185\src\adacl-assert-decimal.ads:122:07: warning: "Exit_Cases" is not a valid aspect identifier [enabled by default]
C:\Users\runneradmin\AppData\Local\alire\cache\builds\adacl_aunit_8.0.0_0347c69c\446d3557ec39da1dacd64d2c30e82871fca85297e81020ff458cfd962413c185\src\adacl-assert-decimal.ads:140:07: warning: "Exit_Cases" is not a valid aspect identifier [enabled by default]
C:\Users\runneradmin\AppData\Local\alire\cache\builds\adacl_aunit_8.0.0_0347c69c\446d3557ec39da1dacd64d2c30e82871fca85297e81020ff458cfd962413c185\src\adacl-assert-decimal.ads:160:07: warning: "Exit_Cases" is not a valid aspect identifier [enabled by default]
C:\Users\runneradmin\AppData\Local\alire\cache\builds\adacl_aunit_8.0.0_0347c69c\446d3557ec39da1dacd64d2c30e82871fca85297e81020ff458cfd962413c185\src\adacl-assert-discrete.ads:50:07: warning: "Exit_Cases" is not a valid aspect identifier [enabled by default]
C:\Users\runneradmin\AppData\Local\alire\cache\builds\adacl_aunit_8.0.0_0347c69c\446d3557ec39da1dacd64d2c30e82871fca85297e81020ff458cfd962413c185\src\adacl-assert-discrete.ads:68:07: warning: "Exit_Cases" is not a valid aspect identifier [enabled by default]
C:\Users\runneradmin\AppData\Local\alire\cache\builds\adacl_aunit_8.0.0_0347c69c\446d3557ec39da1dacd64d2c30e82871fca85297e81020ff458cfd962413c185\src\adacl-assert-discrete.ads:86:07: warning: "Exit_Cases" is not a valid aspect identifier [enabled by default]
C:\Users\runneradmin\AppData\Local\alire\cache\builds\adacl_aunit_8.0.0_0347c69c\446d3557ec39da1dacd64d2c30e82871fca85297e81020ff458cfd962413c185\src\adacl-assert-discrete.ads:104:07: warning: "Exit_Cases" is not a valid aspect identifier [enabled by default]
C:\Users\runneradmin\AppData\Local\alire\cache\builds\adacl_aunit_8.0.0_0347c69c\446d3557ec39da1dacd64d2c30e82871fca85297e81020ff458cfd962413c185\src\adacl-assert-discrete.ads:122:07: warning: "Exit_Cases" is not a valid aspect identifier [enabled by default]
C:\Users\runneradmin\AppData\Local\alire\cache\builds\adacl_aunit_8.0.0_0347c69c\446d3557ec39da1dacd64d2c30e82871fca85297e81020ff458cfd962413c185\src\adacl-assert-discrete.ads:140:07: warning: "Exit_Cases" is not a valid aspect identifier [enabled by default]
C:\Users\runneradmin\AppData\Local\alire\cache\builds\adacl_aunit_8.0.0_0347c69c\446d3557ec39da1dacd64d2c30e82871fca85297e81020ff458cfd962413c185\src\adacl-assert-discrete.ads:160:07: warning: "Exit_Cases" is not a valid aspect identifier [enabled by default]
C:\Users\runneradmin\AppData\Local\alire\cache\builds\adacl_aunit_8.0.0_0347c69c\446d3557ec39da1dacd64d2c30e82871fca85297e81020ff458cfd962413c185\src\adacl-assert-fixed.ads:50:07: warning: "Exit_Cases" is not a valid aspect identifier [enabled by default]
C:\Users\runneradmin\AppData\Local\alire\cache\builds\adacl_aunit_8.0.0_0347c69c\446d3557ec39da1dacd64d2c30e82871fca85297e81020ff458cfd962413c185\src\adacl-assert-fixed.ads:68:07: warning: "Exit_Cases" is not a valid aspect identifier [enabled by default]
C:\Users\runneradmin\AppData\Local\alire\cache\builds\adacl_aunit_8.0.0_0347c69c\446d3557ec39da1dacd64d2c30e82871fca85297e81020ff458cfd962413c185\src\adacl-assert-fixed.ads:86:07: warning: "Exit_Cases" is not a valid aspect identifier [enabled by default]
C:\Users\runneradmin\AppData\Local\alire\cache\builds\adacl_aunit_8.0.0_0347c69c\446d3557ec39da1dacd64d2c30e82871fca85297e81020ff458cfd962413c185\src\adacl-assert-fixed.ads:104:07: warning: "Exit_Cases" is not a valid aspect identifier [enabled by default]
C:\Users\runneradmin\AppData\Local\alire\cache\builds\adacl_aunit_8.0.0_0347c69c\446d3557ec39da1dacd64d2c30e82871fca85297e81020ff458cfd962413c185\src\adacl-assert-fixed.ads:122:07: warning: "Exit_Cases" is not a valid aspect identifier [enabled by default]
C:\Users\runneradmin\AppData\Local\alire\cache\builds\adacl_aunit_8.0.0_0347c69c\446d3557ec39da1dacd64d2c30e82871fca85297e81020ff458cfd962413c185\src\adacl-assert-fixed.ads:140:07: warning: "Exit_Cases" is not a valid aspect identifier [enabled by default]
C:\Users\runneradmin\AppData\Local\alire\cache\builds\adacl_aunit_8.0.0_0347c69c\446d3557ec39da1dacd64d2c30e82871fca85297e81020ff458cfd962413c185\src\adacl-assert-fixed.ads:160:07: warning: "Exit_Cases" is not a valid aspect identifier [enabled by default]
C:\Users\runneradmin\AppData\Local\alire\cache\builds\adacl_aunit_8.0.0_0347c69c\446d3557ec39da1dacd64d2c30e82871fca85297e81020ff458cfd962413c185\src\adacl-assert-float.ads:51:07: warning: "Exit_Cases" is not a valid aspect identifier [enabled by default]
C:\Users\runneradmin\AppData\Local\alire\cache\builds\adacl_aunit_8.0.0_0347c69c\446d3557ec39da1dacd64d2c30e82871fca85297e81020ff458cfd962413c185\src\adacl-assert-float.ads:69:07: warning: "Exit_Cases" is not a valid aspect identifier [enabled by default]
C:\Users\runneradmin\AppData\Local\alire\cache\builds\adacl_aunit_8.0.0_0347c69c\446d3557ec39da1dacd64d2c30e82871fca85297e81020ff458cfd962413c185\src\adacl-assert-float.ads:87:07: warning: "Exit_Cases" is not a valid aspect identifier [enabled by default]
C:\Users\runneradmin\AppData\Local\alire\cache\builds\adacl_aunit_8.0.0_0347c69c\446d3557ec39da1dacd64d2c30e82871fca85297e81020ff458cfd962413c185\src\adacl-assert-float.ads:105:07: warning: "Exit_Cases" is not a valid aspect identifier [enabled by default]
C:\Users\runneradmin\AppData\Local\alire\cache\builds\adacl_aunit_8.0.0_0347c69c\446d3557ec39da1dacd64d2c30e82871fca85297e81020ff458cfd962413c185\src\adacl-assert-float.ads:123:07: warning: "Exit_Cases" is not a valid aspect identifier [enabled by default]
C:\Users\runneradmin\AppData\Local\alire\cache\builds\adacl_aunit_8.0.0_0347c69c\446d3557ec39da1dacd64d2c30e82871fca85297e81020ff458cfd962413c185\src\adacl-assert-float.ads:141:07: warning: "Exit_Cases" is not a valid aspect identifier [enabled by default]
C:\Users\runneradmin\AppData\Local\alire\cache\builds\adacl_aunit_8.0.0_0347c69c\446d3557ec39da1dacd64d2c30e82871fca85297e81020ff458cfd962413c185\src\adacl-assert-float.ads:161:07: warning: "Exit_Cases" is not a valid aspect identifier [enabled by default]
C:\Users\runneradmin\AppData\Local\alire\cache\builds\adacl_aunit_8.0.0_0347c69c\446d3557ec39da1dacd64d2c30e82871fca85297e81020ff458cfd962413c185\src\adacl-assert-indefinite_vectors.ads:58:07: warning: "Exit_Cases" is not a valid aspect identifier [enabled by default]
C:\Users\runneradmin\AppData\Local\alire\cache\builds\adacl_aunit_8.0.0_0347c69c\446d3557ec39da1dacd64d2c30e82871fca85297e81020ff458cfd962413c185\src\adacl-assert-indefinite_vectors.ads:76:07: warning: "Exit_Cases" is not a valid aspect identifier [enabled by default]
C:\Users\runneradmin\AppData\Local\alire\cache\builds\adacl_aunit_8.0.0_0347c69c\446d3557ec39da1dacd64d2c30e82871fca85297e81020ff458cfd962413c185\src\adacl-assert-pointer.ads:51:07: warning: "Exit_Cases" is not a valid aspect identifier [enabled by default]
C:\Users\runneradmin\AppData\Local\alire\cache\builds\adacl_aunit_8.0.0_0347c69c\446d3557ec39da1dacd64d2c30e82871fca85297e81020ff458cfd962413c185\src\adacl-assert-pointer.ads:69:07: warning: "Exit_Cases" is not a valid aspect identifier [enabled by default]
C:\Users\runneradmin\AppData\Local\alire\cache\builds\adacl_aunit_8.0.0_0347c69c\446d3557ec39da1dacd64d2c30e82871fca85297e81020ff458cfd962413c185\src\adacl-assert-pointer.ads:85:07: warning: "Exit_Cases" is not a valid aspect identifier [enabled by default]
C:\Users\runneradmin\AppData\Local\alire\cache\builds\adacl_aunit_8.0.0_0347c69c\446d3557ec39da1dacd64d2c30e82871fca85297e81020ff458cfd962413c185\src\adacl-assert-pointer.ads:101:07: warning: "Exit_Cases" is not a valid aspect identifier [enabled by default]
C:\Users\runneradmin\AppData\Local\alire\cache\builds\adacl_aunit_8.0.0_0347c69c\446d3557ec39da1dacd64d2c30e82871fca85297e81020ff458cfd962413c185\src\adacl-assert-vectors.ads:58:07: warning: "Exit_Cases" is not a valid aspect identifier [enabled by default]
C:\Users\runneradmin\AppData\Local\alire\cache\builds\adacl_aunit_8.0.0_0347c69c\446d3557ec39da1dacd64d2c30e82871fca85297e81020ff458cfd962413c185\src\adacl-assert-vectors.ads:76:07: warning: "Exit_Cases" is not a valid aspect identifier [enabled by default]
C:\Users\runneradmin\AppData\Local\alire\cache\builds\adacl_aunit_8.0.0_0347c69c\446d3557ec39da1dacd64d2c30e82871fca85297e81020ff458cfd962413c185\src\adacl-assert.ads:65:07: warning: "Exit_Cases" is not a valid aspect identifier [enabled by default]
C:\Users\runneradmin\AppData\Local\alire\cache\builds\adacl_aunit_8.0.0_0347c69c\446d3557ec39da1dacd64d2c30e82871fca85297e81020ff458cfd962413c185\src\adacl-assert.ads:83:07: warning: "Exit_Cases" is not a valid aspect identifier [enabled by default]
C:\Users\runneradmin\AppData\Local\alire\cache\builds\adacl_aunit_8.0.0_0347c69c\446d3557ec39da1dacd64d2c30e82871fca85297e81020ff458cfd962413c185\src\adacl-assert.ads:101:07: warning: "Exit_Cases" is not a valid aspect identifier [enabled by default]
C:\Users\runneradmin\AppData\Local\alire\cache\builds\adacl_aunit_8.0.0_0347c69c\446d3557ec39da1dacd64d2c30e82871fca85297e81020ff458cfd962413c185\src\adacl-assert.ads:121:07: warning: "Exit_Cases" is not a valid aspect identifier [enabled by default]
C:\Users\runneradmin\AppData\Local\alire\cache\builds\adacl_aunit_8.0.0_0347c69c\446d3557ec39da1dacd64d2c30e82871fca85297e81020ff458cfd962413c185\src\adacl-assert.ads:139:07: warning: "Exit_Cases" is not a valid aspect identifier [enabled by default]
C:\Users\runneradmin\AppData\Local\alire\cache\builds\adacl_aunit_8.0.0_0347c69c\446d3557ec39da1dacd64d2c30e82871fca85297e81020ff458cfd962413c185\src\adacl-assert.ads:157:07: warning: "Exit_Cases" is not a valid aspect identifier [enabled by default]
C:\Users\runneradmin\AppData\Local\alire\cache\builds\adacl_aunit_8.0.0_0347c69c\446d3557ec39da1dacd64d2c30e82871fca85297e81020ff458cfd962413c185\src\adacl-assert.ads:177:07: warning: "Exit_Cases" is not a valid aspect identifier [enabled by default]
C:\Users\runneradmin\AppData\Local\alire\cache\builds\adacl_aunit_8.0.0_0347c69c\446d3557ec39da1dacd64d2c30e82871fca85297e81020ff458cfd962413c185\src\adacl-assert.ads:195:07: warning: "Exit_Cases" is not a valid aspect identifier [enabled by default]
C:\Users\runneradmin\AppData\Local\alire\cache\builds\adacl_aunit_8.0.0_0347c69c\446d3557ec39da1dacd64d2c30e82871fca85297e81020ff458cfd962413c185\src\adacl-assert.ads:213:07: warning: "Exit_Cases" is not a valid aspect identifier [enabled by default]
C:\Users\runneradmin\AppData\Local\alire\cache\builds\adacl_aunit_8.0.0_0347c69c\446d3557ec39da1dacd64d2c30e82871fca85297e81020ff458cfd962413c185\src\adacl-assert.ads:231:07: warning: "Exit_Cases" is not a valid aspect identifier [enabled by default]
C:\Users\runneradmin\AppData\Local\alire\cache\builds\adacl_aunit_8.0.0_0347c69c\446d3557ec39da1dacd64d2c30e82871fca85297e81020ff458cfd962413c185\src\adacl-assert.ads:247:07: warning: "Exit_Cases" is not a valid aspect identifier [enabled by default]
C:\Users\runneradmin\AppData\Local\alire\cache\builds\adacl_aunit_8.0.0_0347c69c\446d3557ec39da1dacd64d2c30e82871fca85297e81020ff458cfd962413c185\src\adacl-assert.ads:267:07: warning: "Exit_Cases" is not a valid aspect identifier [enabled by default]
C:\Users\runneradmin\AppData\Local\alire\cache\builds\adacl_aunit_8.0.0_0347c69c\446d3557ec39da1dacd64d2c30e82871fca85297e81020ff458cfd962413c185\src\adacl-assert.ads:287:07: warning: "Exit_Cases" is not a valid aspect identifier [enabled by default]
C:\Users\runneradmin\AppData\Local\alire\cache\builds\adacl_aunit_8.0.0_0347c69c\446d3557ec39da1dacd64d2c30e82871fca85297e81020ff458cfd962413c185\src\adacl-assert.ads:305:07: warning: "Exit_Cases" is not a valid aspect identifier [enabled by default]
C:\Users\runneradmin\AppData\Local\alire\cache\builds\adacl_aunit_8.0.0_0347c69c\446d3557ec39da1dacd64d2c30e82871fca85297e81020ff458cfd962413c185\src\adacl-assert.ads:323:07: warning: "Exit_Cases" is not a valid aspect identifier [enabled by default]
D:\a\alire-crates-ci\alire-crates-ci\test\3a20ed74-ed19-498c-9de2-69c959c54c5c\adacl_desktop_8.0.0_f8165a62\src\adacl-trace.ads:191:07: warning: "Exit_Cases" is not a valid aspect identifier [enabled by default]
D:\a\alire-crates-ci\alire-crates-ci\test\3a20ed74-ed19-498c-9de2-69c959c54c5c\adacl_desktop_8.0.0_f8165a62\src\adacl-trace.ads:205:07: warning: "Exit_Cases" is not a valid aspect identifier [enabled by default]
D:\a\alire-crates-ci\alire-crates-ci\test\3a20ed74-ed19-498c-9de2-69c959c54c5c\adacl_desktop_8.0.0_f8165a62\src\adacl-trace.ads:219:07: warning: "Exit_Cases" is not a valid aspect identifier [enabled by default]
D:\a\alire-crates-ci\alire-crates-ci\test\3a20ed74-ed19-498c-9de2-69c959c54c5c\adacl_desktop_8.0.0_f8165a62\src\adacl-trace.ads:233:07: warning: "Exit_Cases" is not a valid aspect identifier [enabled by default]
D:\a\alire-crates-ci\alire-crates-ci\test\3a20ed74-ed19-498c-9de2-69c959c54c5c\adacl_desktop_8.0.0_f8165a62\src\adacl-trace.ads:250:15: warning: "Exit_Cases" is not a valid aspect identifier [enabled by default]
D:\a\alire-crates-ci\alire-crates-ci\test\3a20ed74-ed19-498c-9de2-69c959c54c5c\adacl_desktop_8.0.0_f8165a62\src\adacl-trace.ads:268:07: warning: "Exit_Cases" is not a valid aspect identifier [enabled by default]
[Ada Compile]     adacl_desktop_test-queue.adb
[Ada Compile]     adacl_desktop_test.ads
D:\a\alire-crates-ci\alire-crates-ci\test\3a20ed74-ed19-498c-9de2-69c959c54c5c\adacl_desktop_8.0.0_f8165a62\test\src\adacl_desktop_test-queue.adb:28:04: error: instantiation error at adacl-queue-protect.adb:99
D:\a\alire-crates-ci\alire-crates-ci\test\3a20ed74-ed19-498c-9de2-69c959c54c5c\adacl_desktop_8.0.0_f8165a62\test\src\adacl_desktop_test-queue.adb:28:04: error: record aggregate must use (), not []
D:\a\alire-crates-ci\alire-crates-ci\test\3a20ed74-ed19-498c-9de2-69c959c54c5c\adacl_desktop_8.0.0_f8165a62\test\src\adacl_desktop_test-queue.adb:28:04: error: instantiation error at adacl-queue-protect.adb:116
D:\a\alire-crates-ci\alire-crates-ci\test\3a20ed74-ed19-498c-9de2-69c959c54c5c\adacl_desktop_8.0.0_f8165a62\test\src\adacl_desktop_test-queue.adb:28:04: error: record aggregate must use (), not []
adacl_desktop_test.gpr: error: [Ada Compile] adacl_desktop_test-queue.adb (adacl_desktop_test.gpr) failed with status 1
ERROR: Command ["gprbuild", "-s", "-j0", "-p", "-P", "D:\a\alire-crates-ci\alire-crates-ci\test\3a20ed74-ed19-498c-9de2-69c959c54c5c\adacl_desktop_8.0.0_f8165a62\test\adacl_desktop_test.gpr"] exited with code 4
ERROR: Build failed
FAILED: adacl_test (Exit-Code: 1)
Stopping on first error.
[alr test] Test action exited with error code 1
