Test ran at 2026-10-07 12:53:07.659069+00:00

SOLUTION:
pico_examples=2.2.0: Examples for Ada on the Raspberry Pi Pico
Origin: commit ba306c6f89f5554ff2e4afce74ea40835a701755 from https://github.com/JeremyGrosser/pico_examples.git
Properties:
   Author: Jeremy Grosser
   Auto_Gpr_With: auto-gpr-with=false
   Description: Examples for Ada on the Raspberry Pi Pico
   License: BSD-3-Clause
   Maintainer: Jeremy Grosser <jeremy@synack.me>
   Maintainers_Logins: JeremyGrosser
   Name: pico_examples
   Project_File: adc_continuous/adc_continuous.gpr
   Project_File: adc_hello/adc_hello.gpr
   Project_File: blink/blink.gpr
   Project_File: gpio_interrupts/gpio_interrupts.gpr
   Project_File: i2c_demo/i2c_demo.gpr
   Project_File: i2c_target/i2c_target.gpr
   Project_File: multicore/multicore.gpr
   Project_File: pimoroni_audio_pack/pimoroni_audio_pack.gpr
   Project_File: pimoroni_rgb_keypad/pimoroni_rgb_keypad.gpr
   Project_File: pio_assemble/pio_assemble.gpr
   Project_File: pio_blink/pio_blink.gpr
   Project_File: pwm/pwm.gpr
   Project_File: rtc/rtc.gpr
   Project_File: spi_loopback/spi_loopback.gpr
   Project_File: timer/timer.gpr
   Project_File: uart_echo/uart_echo.gpr
   Project_File: uart_interrupt/uart_interrupt.gpr
   Project_File: usb_echo/usb_echo.gpr
   Project_File: usb_echo_interrupt/usb_echo_interrupt.gpr
   Project_File: ws2812_demo/ws2812_demo.gpr
   Tag: embedded
   Tag: nostd
   Tag: pico
   Tag: rp2040
   Version: 2.2.0
   Website: https://pico-doc.synack.me/
Dependencies (direct):
   chests~0.1.1
   pico_bsp^2
Dependencies (solution):
   atomic=1.1.0
   bbqueue=1.0.0
   chests=0.1.1
   cortex_m=1.1.0
   gnat=16.1.0 (gnat_arm_elf)
   gnat_arm_elf=16.1.0
   hal=1.0.0
   pico_bsp=2.2.0
   rp2040_hal=2.7.1
   usb_embedded=1.0.1
Dependencies (graph):
   bbqueue=1.0.0       --> atomic=1.1.0 (^1.0.0)
   bbqueue=1.0.0       --> gnat=16.1.0 (gnat_arm_elf) (>=10)
   cortex_m=1.1.0      --> gnat_arm_elf=16.1.0 (>=12)
   cortex_m=1.1.0      --> hal=1.0.0 (~0.3 | ^1.0.0)
   pico_bsp=2.2.0      --> rp2040_hal=2.7.1 (^2)
   pico_examples=2.2.0 --> chests=0.1.1 (~0.1.1)
   pico_examples=2.2.0 --> pico_bsp=2.2.0 (^2)
   rp2040_hal=2.7.1    --> atomic=1.1.0 (^1)
   rp2040_hal=2.7.1    --> cortex_m=1.1.0 (^1)
   rp2040_hal=2.7.1    --> gnat_arm_elf=16.1.0 (>=14 & /=15.1.2)
   rp2040_hal=2.7.1    --> hal=1.0.0 (^1)
   rp2040_hal=2.7.1    --> usb_embedded=1.0.1 (^1)
   usb_embedded=1.0.1  --> bbqueue=1.0.0 (^1.0.0)
   usb_embedded=1.0.1  --> hal=1.0.0 (^1.0.0)


LOG:
[alr test] Testing pico_examples=2.2.0
[alr test] Spawning retrieval for remote crate: alr -d -n get pico_examples=2.2.0
Note: Deploying pico_examples=2.2.0...
Note: Deploying atomic=1.1.0...
Note: Deploying chests=0.1.1...
Note: Deploying bbqueue=1.0.0...
Note: Deploying cortex_m=1.1.0...
Note: Deploying usb_embedded=1.0.1...
Note: Deploying rp2040_hal=2.7.1...
Note: Deploying pico_bsp=2.2.0...

pico_examples=2.2.0 successfully retrieved.
Dependencies were solved as follows:

   +  atomic       1.1.0  (new,indirect)
   +  bbqueue      1.0.0  (new,indirect)
   +  chests       0.1.1  (new)
   +  cortex_m     1.1.0  (new,indirect)
   +b gnat         16.1.0 (new,gnat_arm_elf,indirect,binary)
   +b gnat_arm_elf 16.1.0 (new,indirect,binary)
   +  hal          1.0.0  (new,indirect)
   +  pico_bsp     2.2.0  (new)
   +  rp2040_hal   2.7.1  (new,indirect)
   +  usb_embedded 1.0.1  (new,indirect)
[alr test] Spawning default test for remote crate: alr -d -n build --release -- -cargs:Ada -gnatwn
Note: Building pico_examples=2.2.0/adc_continuous/adc_continuous.gpr (1/20)...
"C:\Users\runneradmin\AppData\Local\alire\cache\builds\hal_1.0.0_084c6412\d0057325170789a864c22afb05d4db1bcccce3bb724098d81749b3e293e7fab0\obj" created
"C:\Users\runneradmin\AppData\Local\alire\cache\builds\hal_1.0.0_084c6412\d0057325170789a864c22afb05d4db1bcccce3bb724098d81749b3e293e7fab0\lib" created
"C:\Users\runneradmin\AppData\Local\alire\cache\builds\atomic_1.1.0_5e6250a0\c8c56e1c56ecf6a247210edefced6545cd68f72f6cb1d23de18fb63e5309f213\obj\release" created
"C:\Users\runneradmin\AppData\Local\alire\cache\builds\atomic_1.1.0_5e6250a0\c8c56e1c56ecf6a247210edefced6545cd68f72f6cb1d23de18fb63e5309f213\lib" created
"C:\Users\runneradmin\AppData\Local\alire\cache\builds\cortex_m_1.1.0_f2d064ae\b4befe8759ce34aacccc32ea0f95271bec9ac18c315733190cc6868792aa4534\obj\release" created
"C:\Users\runneradmin\AppData\Local\alire\cache\builds\cortex_m_1.1.0_f2d064ae\b4befe8759ce34aacccc32ea0f95271bec9ac18c315733190cc6868792aa4534\lib" created
"C:\Users\runneradmin\AppData\Local\alire\cache\builds\bbqueue_1.0.0_f508818c\37048f47b63cb70547d2e62f3cdb35abb8df0c87fc1364433fe3b574ef109768\obj\release" created
"C:\Users\runneradmin\AppData\Local\alire\cache\builds\bbqueue_1.0.0_f508818c\37048f47b63cb70547d2e62f3cdb35abb8df0c87fc1364433fe3b574ef109768\lib" created
"C:\Users\runneradmin\AppData\Local\alire\cache\builds\usb_embedded_1.0.1_dc00efac\c210053f7349f047afa1bb502519a8fbf481fa5cfcb9600f9802fabc75fed3d0\obj\release" created
"C:\Users\runneradmin\AppData\Local\alire\cache\builds\usb_embedded_1.0.1_dc00efac\c210053f7349f047afa1bb502519a8fbf481fa5cfcb9600f9802fabc75fed3d0\lib" created
"C:\Users\runneradmin\AppData\Local\alire\cache\builds\rp2040_hal_2.7.1_d65f4ed4\66fbe9723cb3c68e13b59ae117d6cd7c51cd3154d1ab852b7bbad8759f0a7feb\obj\release" created
"C:\Users\runneradmin\AppData\Local\alire\cache\builds\rp2040_hal_2.7.1_d65f4ed4\66fbe9723cb3c68e13b59ae117d6cd7c51cd3154d1ab852b7bbad8759f0a7feb\lib" created
"C:\Users\runneradmin\AppData\Local\alire\cache\builds\pico_bsp_2.2.0_42568405\2f802096f6ee959a432b0c8dd2e1fc59c322fd56dfbec2d8617f043db7dd6314\obj\release" created
"C:\Users\runneradmin\AppData\Local\alire\cache\builds\pico_bsp_2.2.0_42568405\2f802096f6ee959a432b0c8dd2e1fc59c322fd56dfbec2d8617f043db7dd6314\lib" created
"obj" created
[Ada Compile]     atomic-basic_operations.adb
[Ada Compile]     atomic-critical_section.adb
[Ada Compile]     atomic-signed.adb
[Ada Compile]     atomic-signed_16.ads
[Ada Compile]     atomic-signed_32.ads
[Ada Compile]     atomic-signed_8.ads
[Ada Compile]     atomic-unsigned.adb
[Ada Compile]     atomic-unsigned_16.ads
[Ada Compile]     atomic-unsigned_32.ads
[Ada Compile]     atomic-unsigned_8.ads
[Ada Compile]     atomic.adb
[Ada Compile]     atomic_config.ads
[Ada Compile]     bbqueue-buffers-framed.adb
[Ada Compile]     bbqueue-buffers.adb
[Ada Compile]     bbqueue.adb
[Archive]         libAtomic.a
[Ada Compile]     bbqueue_config.ads
[Ada Compile]     cortex_m-cache.adb
[Ada Compile]     cortex_m-debug.adb
[Ada Compile]     cortex_m-dwt.adb
[Ada Compile]     cortex_m-hints.adb
[Archive]         libBbqueue.a
[Ada Compile]     cortex_m-nvic.adb
[Ada Compile]     cortex_m-reset.adb
[Ada Compile]     cortex_m-systick.adb
[Ada Compile]     cortex_m.ads
[Ada Compile]     cortex_m_config.ads
[Ada Compile]     cortex_m_svd-debug.ads
[Ada Compile]     cortex_m_svd-dwt.ads
[Ada Compile]     cortex_m_svd-nvic.ads
[Ada Compile]     cortex_m_svd-scb.ads
[Ada Compile]     cortex_m_svd-systick.ads
[Ada Compile]     cortex_m_svd.ads
[Ada Compile]     memory_barriers.adb
[Ada Compile]     semihosting-filesystem.adb
[Ada Compile]     semihosting.adb
[Ada Compile]     hal-audio.ads
[Ada Compile]     hal-bitmap.ads
[Ada Compile]     hal-block_drivers.ads
[Ada Compile]     hal-dsi.ads
[Ada Compile]     hal-filesystem.ads
[Ada Compile]     hal-flash.ads
[Archive]         libCortex_M.a
[Ada Compile]     hal-framebuffer.ads
[Ada Compile]     hal-gpio.ads
[Ada Compile]     hal-i2c.ads
[Ada Compile]     hal-real_time_clock.ads
[Ada Compile]     hal-sdmmc.adb
[Ada Compile]     hal-spi.ads
[Ada Compile]     hal-time.ads
[Ada Compile]     hal-touch_panel.ads
[Ada Compile]     hal-uart.ads
[Ada Compile]     hal.ads
[Ada Compile]     pico-audio_i2s.ads
[Ada Compile]     pico-pimoroni-audio_pack.ads
[Ada Compile]     pico-pimoroni-rgb_keypad.adb
[Archive]         libhal.a
[Ada Compile]     pico-pimoroni.ads
[Ada Compile]     pico.ads
[Ada Compile]     pico_bsp_config.ads
[Ada Compile]     rp-adc.adb
[Ada Compile]     rp-clock.adb
[Ada Compile]     rp-device.ads
[Archive]         libPico_Bsp.a
[Ada Compile]     rp-dma.adb
[Ada Compile]     rp-flash-cache.adb
[Ada Compile]     rp-flash.adb
[Ada Compile]     rp-gpio-interrupts.adb
[Ada Compile]     rp-gpio.adb
[Ada Compile]     rp-i2c.adb
[Ada Compile]     rp-i2c_master.adb
[Ada Compile]     rp-interpolator.ads
[Ada Compile]     rp-multicore-fifo.adb
[Ada Compile]     rp-multicore-spinlocks.adb
[Ada Compile]     rp-multicore.adb
[Ada Compile]     rp-pio-audio_i2s.adb
[Ada Compile]     rp-pio-audio_i2s_pio.ads
[Ada Compile]     rp-pio-encoding.ads
[Ada Compile]     rp-pio-touch_sense.adb
[Ada Compile]     rp-pio-touch_sense_charge_pio.ads
[Ada Compile]     rp-pio-touch_sense_discharge_pio.ads
[Ada Compile]     rp-pio-ws2812.adb
[Ada Compile]     rp-pio-ws2812_pio.ads
[Ada Compile]     rp-pio.adb
[Ada Compile]     rp-pwm-interrupts.adb
[Ada Compile]     rp-pwm.adb
[Ada Compile]     rp-reset.adb
[Ada Compile]     rp-rom-floating_point.adb
[Ada Compile]     rp-rom.adb
[Ada Compile]     rp-rtc.adb
[Ada Compile]     rp-spi.adb
[Ada Compile]     rp-timer-interrupts.adb
[Ada Compile]     rp-timer.adb
[Ada Compile]     rp-uart.adb
[Ada Compile]     rp-usb_device.adb
[Ada Compile]     rp-watchdog.adb
[Ada Compile]     rp.ads
[Ada Compile]     rp2040_hal_config.ads
[Ada Compile]     rp2040_svd-adc.ads
[Ada Compile]     rp2040_svd-busctrl.ads
[Ada Compile]     rp2040_svd-clocks.ads
[Ada Compile]     rp2040_svd-dma.ads
[Ada Compile]     rp2040_svd-i2c.ads
[Ada Compile]     rp2040_svd-interrupts.ads
[Ada Compile]     rp2040_svd-io_bank0.ads
[Ada Compile]     rp2040_svd-io_qspi.ads
[Ada Compile]     rp2040_svd-pads_bank0.ads
[Ada Compile]     rp2040_svd-pads_qspi.ads
[Ada Compile]     rp2040_svd-pio.ads
[Ada Compile]     rp2040_svd-pll.ads
[Ada Compile]     rp2040_svd-ppb.ads
[Ada Compile]     rp2040_svd-psm.ads
[Ada Compile]     rp2040_svd-pwm.ads
[Ada Compile]     rp2040_svd-resets.ads
[Ada Compile]     rp2040_svd-rosc.ads
[Ada Compile]     rp2040_svd-rtc.ads
[Ada Compile]     rp2040_svd-sio.ads
[Ada Compile]     rp2040_svd-spi.ads
[Ada Compile]     rp2040_svd-syscfg.ads
[Ada Compile]     rp2040_svd-sysinfo.ads
[Ada Compile]     rp2040_svd-tbman.ads
[Ada Compile]     rp2040_svd-timer.ads
[Ada Compile]     rp2040_svd-uart.ads
[Ada Compile]     rp2040_svd-usbctrl_dpram.ads
[Ada Compile]     rp2040_svd-usbctrl_regs.ads
[Ada Compile]     rp2040_svd-vreg_and_chip_reset.ads
[Ada Compile]     rp2040_svd-watchdog.ads
[Ada Compile]     rp2040_svd-xip_ctrl.ads
[Ada Compile]     rp2040_svd-xip_ssi.ads
[Ada Compile]     rp2040_svd-xosc.ads
[Ada Compile]     rp2040_svd.ads
[Ada Compile]     rp_interrupts.adb
[Asm_Cpp Compile] crt0.S
[Ada Compile]     usb-device-control.adb
[Ada Compile]     usb-device-hid-gamepad.adb
[Ada Compile]     usb-device-hid-joystick.adb
[Ada Compile]     usb-device-hid-keyboard.adb
[Ada Compile]     usb-device-hid-mouse.adb
[Ada Compile]     usb-device-hid.adb
[Archive]         libRp2040_Hal.a
[Ada Compile]     usb-device-midi.adb
[Ada Compile]     usb-device-serial.adb
[Ada Compile]     usb-device.adb
[Ada Compile]     usb-hal-device.ads
[Ada Compile]     usb-hal.ads
[Ada Compile]     usb-lang.ads
[Ada Compile]     usb-logging-device__null.adb
[Ada Compile]     usb-logging.ads
[Ada Compile]     usb-utils.adb
[Ada Compile]     usb.adb
[Ada Compile]     usb_embedded_config.ads
[Ada Compile]     main.adb
[Archive]         libUsb_Embedded.a
[Ada Bind]        main
[Ada Post-Bind]   b__main.adb
[Link]            main
Note: Building pico_examples=2.2.0/adc_hello/adc_hello.gpr (2/20)...
"obj" created
[Ada Compile]     main.adb
[Ada Bind]        main
[Ada Post-Bind]   b__main.adb
[Link]            main
Note: Building pico_examples=2.2.0/blink/blink.gpr (3/20)...
"obj" created
[Ada Compile]     main.adb
[Ada Bind]        main
[Ada Post-Bind]   b__main.adb
[Link]            main
Note: Building pico_examples=2.2.0/gpio_interrupts/gpio_interrupts.gpr (4/20)...
"obj" created
[Ada Compile]     handlers.adb
[Ada Compile]     main.adb
[Ada Bind]        main
[Ada Post-Bind]   b__main.adb
[Link]            main
Note: Building pico_examples=2.2.0/i2c_demo/i2c_demo.gpr (5/20)...
"C:\Users\runneradmin\AppData\Local\alire\cache\builds\chests_0.1.1_9f7aa6f0\d3f1c523c981c96dd20c91611da5b2ba50e5d734ab3fe04f48bccc1556fca6ef\obj" created
"C:\Users\runneradmin\AppData\Local\alire\cache\builds\chests_0.1.1_9f7aa6f0\d3f1c523c981c96dd20c91611da5b2ba50e5d734ab3fe04f48bccc1556fca6ef\lib" created
"obj\release" created
"bin" created
[Ada Compile]     chests-ring_buffers.adb
[Ada Compile]     chests-stacks.adb
[Ada Compile]     chests.ads
[Ada Compile]     i2c_demo.adb
[Archive]         libChests.a
i2c_demo.adb:22:54: error: too few discriminants given in constraint
i2c_demo.adb:26:11: error: no selector "Configure" for private type "I2C_Master_Port" defined at rp-i2c_master.ads:22
i2c_demo.adb:29:11: error: no selector "Mem_Read" for private type "I2C_Master_Port" defined at rp-i2c_master.ads:22
i2c_demo.gpr: error: [Ada Compile] i2c_demo.adb (i2c_demo.gpr) failed with status 1
stderr: Command ["gprbuild", "-s", "-j0", "-p", "-P", "D:\a\alire-crates-ci\alire-crates-ci\test\a5f137a4-0b8c-4718-a059-ff8307729713\pico_examples_2.2.0_ba306c6f\i2c_demo/i2c_demo.gpr", "-cargs:Ada", "-gnatwn"] exited with code 4
ERROR: Command ["gprbuild", "-s", "-j0", "-p", "-P", "D:\a\alire-crates-ci\alire-crates-ci\test\a5f137a4-0b8c-4718-a059-ff8307729713\pico_examples_2.2.0_ba306c6f\i2c_demo/i2c_demo.gpr", "-cargs:Ada", "-gnatwn"] exited with code 4
stderr: ALIRE.CHECKED_ERROR
stderr: Command ["gprbuild", "-s", "-j0", "-p", "-P", "D:\a\alire-crates-ci\alire-crates-ci\test\a5f137a4-0b8c-4718-a059-ff8307729713\pico_examples_2.2.0_ba306c6f\i2c_demo/i2c_demo.gpr", "-cargs:Ada", "-gnatwn"] exited with code 4
stderr: raised ALIRE.CHECKED_ERROR : alire-stored-error:1
[D:\a\alire-crates-ci\alire-crates-ci\alire_install\bin\alr.exe]
0x7ff69a65da2a Semantic_Versioning.Basic.Restrictions.First_Index at alire.adb:284
0x7ff69a25595b Semantic_Versioning.Basic.Restrictions.First_Index at alire-os_lib-subprocess.adb:111
0x7ff69a50cba1 Semantic_Versioning.Basic.Restrictions.First_Index at alire-spawn.adb:22
0x7ff69a50dd5d Semantic_Versioning.Basic.Restrictions.First_Index at alire-spawn.adb:68
0x7ff69a432d64 Semantic_Versioning.Basic.Restrictions.First_Index at alire-roots.adb:189
0x7ff69a4311da Semantic_Versioning.Basic.Restrictions.First_Index at alire-roots.adb:255
0x7ff69a45912d Semantic_Versioning.Basic.Restrictions.First_Index at alire-roots.adb:2143
0x7ff69a4c82f9 Semantic_Versioning.Basic.Restrictions.First_Index at alire-solutions.adb:1472
0x7ff69a4c7424 Semantic_Versioning.Basic.Restrictions.First_Index at alire-solutions.adb:1555
0x7ff69a45922c Semantic_Versioning.Basic.Restrictions.First_Index at alire-roots.adb:2147
0x7ff69a4592fa Semantic_Versioning.Basic.Restrictions.First_Index at alire-roots.adb:2127
0x7ff69a4317a7 Semantic_Versioning.Basic.Restrictions.First_Index at alire-roots.adb:286
0x7ff69a431912 Semantic_Versioning.Basic.Restrictions.First_Index at alire-roots.adb:114
0x7ff699ba3baa Semantic_Versioning.Basic.Restrictions.First_Index at alr-commands-build.adb:145
0x7ff699ba341e Semantic_Versioning.Basic.Restrictions.First_Index at alr-commands-build.adb:113
0x7ff699ba35ba Semantic_Versioning.Basic.Restrictions.First_Index at alr-commands-build.adb:54
0x7ff699c55dea Semantic_Versioning.Basic.Restrictions.First_Index at clic-subcommand-instance.adb:749
0x7ff699c62b0e Semantic_Versioning.Basic.Restrictions.First_Index at alr-commands.adb:632
0x7ff699b316a0 Alr.Main at alr-main.adb:13
0x7ff699b35270 Main at b__alr-main.adb:2454
0x7ff699b3133e __tmainCRTStartup at ???
0x7ff699b31144 mainCRTStartup at ???
[C:\Windows\System32\KERNEL32.DLL]
0x7ffdae83e985
[C:\Windows\SYSTEM32\ntdll.dll]
0x7ffdb002c53a

stderr: ALIRE.ROOTS.BUILD._WRAPPED_STATEMENTS.BUILD_FAILED
stderr: alire-roots.adb:202
stderr: raised ALIRE.ROOTS.BUILD._WRAPPED_STATEMENTS.BUILD_FAILED : alire-roots.adb:202
[D:\a\alire-crates-ci\alire-crates-ci\alire_install\bin\alr.exe]
0x7ff69a43313c Semantic_Versioning.Basic.Restrictions.First_Index at alire-roots.adb:202
0x7ff69a4311da Semantic_Versioning.Basic.Restrictions.First_Index at alire-roots.adb:255
0x7ff69a45912d Semantic_Versioning.Basic.Restrictions.First_Index at alire-roots.adb:2143
0x7ff69a4c82f9 Semantic_Versioning.Basic.Restrictions.First_Index at alire-solutions.adb:1472
0x7ff69a4c7424 Semantic_Versioning.Basic.Restrictions.First_Index at alire-solutions.adb:1555
0x7ff69a45922c Semantic_Versioning.Basic.Restrictions.First_Index at alire-roots.adb:2147
0x7ff69a4592fa Semantic_Versioning.Basic.Restrictions.First_Index at alire-roots.adb:2127
0x7ff69a4317a7 Semantic_Versioning.Basic.Restrictions.First_Index at alire-roots.adb:286
0x7ff69a431912 Semantic_Versioning.Basic.Restrictions.First_Index at alire-roots.adb:114
0x7ff699ba3baa Semantic_Versioning.Basic.Restrictions.First_Index at alr-commands-build.adb:145
0x7ff699ba341e Semantic_Versioning.Basic.Restrictions.First_Index at alr-commands-build.adb:113
0x7ff699ba35ba Semantic_Versioning.Basic.Restrictions.First_Index at alr-commands-build.adb:54
0x7ff699c55dea Semantic_Versioning.Basic.Restrictions.First_Index at clic-subcommand-instance.adb:749
0x7ff699c62b0e Semantic_Versioning.Basic.Restrictions.First_Index at alr-commands.adb:632
0x7ff699b316a0 Alr.Main at alr-main.adb:13
0x7ff699b35270 Main at b__alr-main.adb:2454
0x7ff699b3133e __tmainCRTStartup at ???
0x7ff699b31144 mainCRTStartup at ???
[C:\Windows\System32\KERNEL32.DLL]
0x7ffdae83e985
[C:\Windows\SYSTEM32\ntdll.dll]
0x7ffdb002c53a

ERROR: Compilation failed.
