Test ran at 2025-08-28 12:42:14.842122+00:00

SOLUTION:
matreshka_spikedog_awsd=21.0.0: Web-application server. API library
Origin: commit 1478b224545c3fa67dc5a8899d3c535d61dc41e6 from https://github.com/reznikmm/matreshka-alire
Properties:
   Author: Vadim Godunko
   Description: Web-application server. API library
   Executable: spikedog_awsd
   GPR External: LIBRARY_TYPE := relocatable
   License: BSD-3-Clause
   Maintainer: Vadim Godunko <vgodunko@gmail.com>
   Maintainer: Maxim Reznik <reznikmm@gmail.com>
   Maintainers_Logins: godunko
   Maintainers_Logins: reznikmm
   Name: matreshka_spikedog_awsd
   Project_File: build_matreshka_spikedog_awsd.gpr
   Tag: web
   Tag: servlet
   Version: 21.0.0
   Website: https://github.com/godunko/matreshka
Dependencies (direct):
   aws*
   matreshka_league21.0.0
   matreshka_spikedog_core21.0.0
Dependencies (solution):
   aws=24.0.0
   gnat=15.1.2 (gnat_native)
   gnatcoll=24.0.0
   libgpr=24.0.0
   make=4.4.1
   matreshka_league=21.0.0
   matreshka_servlet=21.0.0
   matreshka_spikedog_api=21.0.0
   matreshka_spikedog_core=21.0.0
   openssl=3.5.1
   xmlada=24.0.0
Dependencies (graph):
   aws=24.0.0                     --> gnat=15.1.2 (gnat_native) (>=12)
   aws=24.0.0                     --> gnatcoll=24.0.0 (~24.0.0)
   aws=24.0.0                     --> make=4.4.1 (*)
   aws=24.0.0                     --> openssl=3.5.1 (*)
   aws=24.0.0                     --> xmlada=24.0.0 (~24.0.0)
   gnatcoll=24.0.0                --> libgpr=24.0.0 (~24.0.0)
   libgpr=24.0.0                  --> gnat=15.1.2 (gnat_native) (/=2020)
   libgpr=24.0.0                  --> xmlada=24.0.0 (~24.0.0)
   matreshka_league=21.0.0        --> make=4.4.1 (*)
   matreshka_servlet=21.0.0       --> matreshka_league=21.0.0 (21.0.0)
   matreshka_spikedog_api=21.0.0  --> matreshka_league=21.0.0 (21.0.0)
   matreshka_spikedog_api=21.0.0  --> matreshka_servlet=21.0.0 (21.0.0)
   matreshka_spikedog_awsd=21.0.0 --> aws=24.0.0 (*)
   matreshka_spikedog_awsd=21.0.0 --> matreshka_league=21.0.0 (21.0.0)
   matreshka_spikedog_awsd=21.0.0 --> matreshka_spikedog_core=21.0.0 (21.0.0)
   matreshka_spikedog_core=21.0.0 --> matreshka_league=21.0.0 (21.0.0)
   matreshka_spikedog_core=21.0.0 --> matreshka_spikedog_api=21.0.0 (21.0.0)
   xmlada=24.0.0                  --> gnat=15.1.2 (gnat_native) (>=11)


LOG:
[alr test] Testing matreshka_spikedog_awsd=21.0.0
[alr test] Spawning retrieval for remote crate: alr -d -n get matreshka_spikedog_awsd=21.0.0
Note: Deploying matreshka_spikedog_awsd=21.0.0...
Note: Deploying matreshka_league=21.0.0...

#=#=#                                                                          
###########################################################               82.2%
######################################################################## 100.0%
Note: Deploying libgpr=24.0.0...

#=#=#                                                                          
##O#-#                                                                         
##=O#- #                                                                       
Note: Deploying matreshka_servlet=21.0.0...
Note: Deploying gnatcoll=24.0.0...

#=#=#                                                                          
##O#-#                                                                         
##=O#- #                                                                       
Note: Deploying matreshka_spikedog_api=21.0.0...
Note: Deploying aws=24.0.0...

#=#=#                                                                          
                                                                           1.1%
###################################################                       71.0%
######################################################################## 100.0%
Note: Deploying matreshka_spikedog_core=21.0.0...

matreshka_spikedog_awsd=21.0.0 successfully retrieved.
Dependencies were solved as follows:

   +  aws                     24.0.0 (new)
   +b gnat                    15.1.2 (new,gnat_native,indirect,binary)
   +  gnatcoll                24.0.0 (new,indirect)
   +  libgpr                  24.0.0 (new,indirect)
   +b make                    4.4.1  (new,indirect,system package)
   +  matreshka_league        21.0.0 (new)
   +  matreshka_servlet       21.0.0 (new,indirect)
   +  matreshka_spikedog_api  21.0.0 (new,indirect)
   +  matreshka_spikedog_core 21.0.0 (new)
   +b openssl                 3.5.1  (new,indirect,system package)
   +  xmlada                  24.0.0 (new,indirect)
[alr test] Spawning default test for remote crate: alr -d -n build --release -- -cargs:Ada -gnatwn
stderr: ADA.IO_EXCEPTIONS.USE_ERROR
stderr: copy of "C:\Users\runneradmin\AppData\Local\alire\cache\releases\matreshka_league_21.0.0_0c8f4d47\source\amf\uml\amf-internals-factories-primitive_types_factories-convert_unlimited_natural_to_string.a
stderr: raised ADA.IO_EXCEPTIONS.USE_ERROR : copy of "C:\Users\runneradmin\AppData\Local\alire\cache\releases\matreshka_league_21.0.0_0c8f4d47\source\amf\uml\amf-internals-factories-primitive_types_factories-convert_unlimited_natural_to_string.a
[D:\a\alire-crates-ci\alire-crates-ci\alire_install\bin\alr.exe]
0x7ff7633068ff Semantic_Versioning.Basic.Restrictions.First_Index at a-direct.adb:368
0x7ff763478296 Semantic_Versioning.Basic.Restrictions.First_Index at den-filesystem.adb:81
0x7ff763476d68 Semantic_Versioning.Basic.Restrictions.First_Index at den-filesystem.adb:215
0x7ff763478390 Semantic_Versioning.Basic.Restrictions.First_Index at den-filesystem.adb:86
0x7ff763476d68 Semantic_Versioning.Basic.Restrictions.First_Index at den-filesystem.adb:215
0x7ff763477f48 Semantic_Versioning.Basic.Restrictions.First_Index at den-filesystem.adb:140
0x7ff763476b4d Semantic_Versioning.Basic.Restrictions.First_Index at den-filesystem.adb:217
0x7ff763477f26 Semantic_Versioning.Basic.Restrictions.First_Index at den-filesystem.adb:137
0x7ff763476b4d Semantic_Versioning.Basic.Restrictions.First_Index at den-filesystem.adb:217
0x7ff763477f26 Semantic_Versioning.Basic.Restrictions.First_Index at den-filesystem.adb:137
0x7ff763476b4d Semantic_Versioning.Basic.Restrictions.First_Index at den-filesystem.adb:217
0x7ff763477f26 Semantic_Versioning.Basic.Restrictions.First_Index at den-filesystem.adb:137
0x7ff763476b4d Semantic_Versioning.Basic.Restrictions.First_Index at den-filesystem.adb:217
0x7ff7627d5fd8 Semantic_Versioning.Basic.Restrictions.First_Index at alire-builds.adb:61
0x7ff762f6ee46 Semantic_Versioning.Basic.Restrictions.First_Index at alire-roots.adb:907
0x7ff762f8912d Semantic_Versioning.Basic.Restrictions.First_Index at alire-roots.adb:2143
0x7ff762ff82f9 Semantic_Versioning.Basic.Restrictions.First_Index at alire-solutions.adb:1472
0x7ff762ff70ef Semantic_Versioning.Basic.Restrictions.First_Index at alire-solutions.adb:1539
0x7ff762f8922c Semantic_Versioning.Basic.Restrictions.First_Index at alire-roots.adb:2147
0x7ff762f892fa Semantic_Versioning.Basic.Restrictions.First_Index at alire-roots.adb:2127
0x7ff762f6e3d4 Semantic_Versioning.Basic.Restrictions.First_Index at alire-roots.adb:919
0x7ff762f603e8 Semantic_Versioning.Basic.Restrictions.First_Index at alire-roots.adb:90
0x7ff762f60588 Semantic_Versioning.Basic.Restrictions.First_Index at alire-roots.adb:59
0x7ff762f6173b Semantic_Versioning.Basic.Restrictions.First_Index at alire-roots.adb:278
0x7ff762f61912 Semantic_Versioning.Basic.Restrictions.First_Index at alire-roots.adb:114
0x7ff7626d3baa Semantic_Versioning.Basic.Restrictions.First_Index at alr-commands-build.adb:145
0x7ff7626d341e Semantic_Versioning.Basic.Restrictions.First_Index at alr-commands-build.adb:113
0x7ff7626d35ba Semantic_Versioning.Basic.Restrictions.First_Index at alr-commands-build.adb:54
0x7ff762785dea Semantic_Versioning.Basic.Restrictions.First_Index at clic-subcommand-instance.adb:749
0x7ff762792b0e Semantic_Versioning.Basic.Restrictions.First_Index at alr-commands.adb:632
0x7ff7626616a0 Alr.Main at alr-main.adb:13
0x7ff762665270 Main at b__alr-main.adb:2454
0x7ff76266133e __tmainCRTStartup at ???
0x7ff762661144 mainCRTStartup at ???
[C:\Windows\System32\KERNEL32.DLL]
0x7ff841e64cae
[C:\Windows\SYSTEM32\ntdll.dll]
0x7ff8434fedc9

stderr: Could not sync build dir from C:\Users\runneradmin\AppData\Local\alire\cache\releases\matreshka_league_21.0.0_0c8f4d47 to C:\Users\runneradmin\AppData\Local\alire\cache\builds\matreshka_league_21.0.0_0c8f4d47\6b15db0951d9ca5631b060e2eb540a0717809680f8e2c2841851c01a191af885
ERROR: Could not sync build dir from C:\Users\runneradmin\AppData\Local\alire\cache\releases\matreshka_league_21.0.0_0c8f4d47 to C:\Users\runneradmin\AppData\Local\alire\cache\builds\matreshka_league_21.0.0_0c8f4d47\6b15db0951d9ca5631b060e2eb540a0717809680f8e2c2841851c01a191af885
