Test ran at 2026-07-16 12:53:28.871736+00:00

SOLUTION:
adacl=7.2.0: Ada Class Library: Strings, Tracing, AUnit, Smart Pointers, Getopt
Origin: source archive adacl-7.2.0.tgz at https://sourceforge.net/projects/adacl/files/Alire/adacl-7.2.0.tgz with hashes sha256:70f3a85c80a09550ada98e1a8a1f81e44c45f29310e64b00b199fdf17e6c369f, sha512:6e0b86660527006d0a39466e33f59f8f7fa1334efefd2a9de8909b25d0bcbbb038785ca36d6e46547cf084fba0675a8bffa61a71fa8c62660ac5ba6b96b5d9c7
Properties:
   case OS is
      when Linux => Test run: /bin/bash ci-verify.sh (from ${CRATE_ROOT}/.)
      when Macos => Test run: /bin/bash ci-verify.sh (from ${CRATE_ROOT}/.)
      when Windows => Test run: powershell -ExecutionPolicy Bypass -File ci-verify.ps1 (from ${CRATE_ROOT}/.)
      when others => (empty)
   Author: Martin Krischik <krischik@users.sourceforge.net>
   Build Switches: 
   Description: Ada Class Library: Strings, Tracing, AUnit, Smart Pointers, Getopt
   License: GPL-3.0-or-later
   Long_Description: A versatile Ada 2022 class library for robust application development.

Features:
- Getopt: Command-line argument parser with wide character support
- Strings: Utilities for String, Wide_String, and Wide_Wide_String
- Calendar: Time and date utilities with wide character support
- Tracing: Diagnostic trace utility with wide character support
- Protected Queue: Supports finish, wait, and abort operations
- Smart Pointers:
  - Reference-counted pointers
  - Unique pointers (C++-style)
  - Shared pointers (C++-style)

Related crates:
- AUnit: AUnit-Compatible Assertions for access, array, discrete, floating-point, fixed-point, decimal, and vector types
- EAStrings: Encoding-aware string utilities
- RegEx: SPITBOL-inspired pattern matching and regular expressions for String, Wide_String, and Wide_Wide_String
- SAR: Text search and replace for String, Wide_String, and Wide_Wide_String

Source: [SourceForge](https://sourceforge.net/p/adacl/git/ci/master/tree/adacl/src/)
Documentation: [GNATdoc](https://adacl.sourceforge.net/gnatdoc/adacl/index.html)

   Maintainer: Martin Krischik <krischik@users.sourceforge.net>
   Maintainers_Logins: krischik
   Name: adacl
   Tag: library
   Tag: command-line
   Tag: trace
   Tag: logging
   Tag: string
   Tag: aunit
   Tag: assert
   Tag: container
   Tag: smart-pointer
   Tag: ada2022
   Version: 7.2.0
   Website: https://sourceforge.net/projects/adacl/


LOG:
=== Ada CI Verification ===
=== adacl_test ===
Directory: test
Updating dependencies...
Dependencies automatically updated as follows:

   +. adacl       7.2.0  (new,path=..)
   +  adacl_aunit 7.2.0  (new)
   +  aunit       26.0.0 (new,indirect)
Building with validation...
Note: Building adacl_test=7.2.0/adacl_test.gpr...
Setup
   [mkdir]        object directory for project AdaCL
   [mkdir]        library directory for project AdaCL
   [mkdir]        object directory for project AdaCL_Test
   [mkdir]        exec directory for project AdaCL_Test
Compile
   [Ada]          adacl_test-main.adb
   [Ada]          adacl_aunit_config.ads
   [Ada]          adacl-assert-fixed.adb
   [Ada]          adacl-assert.adb
   [Ada]          adacl-assert-discrete.adb
/home/runner/.local/share/alire/builds/adacl_aunit_7.2.0_fc6bfd91/97db607ba9a43188e87e4299c637be7a7611dd9b50db09b7c58534a5a89eafa7/src/adacl-assert-fixed.ads:50:07: warning: "Exit_Cases" is not a valid aspect identifier [enabled by default]
/home/runner/.local/share/alire/builds/adacl_aunit_7.2.0_fc6bfd91/97db607ba9a43188e87e4299c637be7a7611dd9b50db09b7c58534a5a89eafa7/src/adacl-assert-fixed.ads:68:07: warning: "Exit_Cases" is not a valid aspect identifier [enabled by default]
/home/runner/.local/share/alire/builds/adacl_aunit_7.2.0_fc6bfd91/97db607ba9a43188e87e4299c637be7a7611dd9b50db09b7c58534a5a89eafa7/src/adacl-assert-fixed.ads:86:07: warning: "Exit_Cases" is not a valid aspect identifier [enabled by default]
/home/runner/.local/share/alire/builds/adacl_aunit_7.2.0_fc6bfd91/97db607ba9a43188e87e4299c637be7a7611dd9b50db09b7c58534a5a89eafa7/src/adacl-assert-fixed.ads:104:07: warning: "Exit_Cases" is not a valid aspect identifier [enabled by default]
/home/runner/.local/share/alire/builds/adacl_aunit_7.2.0_fc6bfd91/97db607ba9a43188e87e4299c637be7a7611dd9b50db09b7c58534a5a89eafa7/src/adacl-assert-fixed.ads:122:07: warning: "Exit_Cases" is not a valid aspect identifier [enabled by default]
/home/runner/.local/share/alire/builds/adacl_aunit_7.2.0_fc6bfd91/97db607ba9a43188e87e4299c637be7a7611dd9b50db09b7c58534a5a89eafa7/src/adacl-assert-fixed.ads:140:07: warning: "Exit_Cases" is not a valid aspect identifier [enabled by default]
/home/runner/.local/share/alire/builds/adacl_aunit_7.2.0_fc6bfd91/97db607ba9a43188e87e4299c637be7a7611dd9b50db09b7c58534a5a89eafa7/src/adacl-assert-fixed.ads:160:07: warning: "Exit_Cases" is not a valid aspect identifier [enabled by default]
   [Ada]          adacl-test_cases.ads
/home/runner/.local/share/alire/builds/adacl_aunit_7.2.0_fc6bfd91/97db607ba9a43188e87e4299c637be7a7611dd9b50db09b7c58534a5a89eafa7/src/adacl-assert-discrete.ads:50:07: warning: "Exit_Cases" is not a valid aspect identifier [enabled by default]
/home/runner/.local/share/alire/builds/adacl_aunit_7.2.0_fc6bfd91/97db607ba9a43188e87e4299c637be7a7611dd9b50db09b7c58534a5a89eafa7/src/adacl-assert-discrete.ads:68:07: warning: "Exit_Cases" is not a valid aspect identifier [enabled by default]
/home/runner/.local/share/alire/builds/adacl_aunit_7.2.0_fc6bfd91/97db607ba9a43188e87e4299c637be7a7611dd9b50db09b7c58534a5a89eafa7/src/adacl-assert-discrete.ads:86:07: warning: "Exit_Cases" is not a valid aspect identifier [enabled by default]
/home/runner/.local/share/alire/builds/adacl_aunit_7.2.0_fc6bfd91/97db607ba9a43188e87e4299c637be7a7611dd9b50db09b7c58534a5a89eafa7/src/adacl-assert-discrete.ads:104:07: warning: "Exit_Cases" is not a valid aspect identifier [enabled by default]
/home/runner/.local/share/alire/builds/adacl_aunit_7.2.0_fc6bfd91/97db607ba9a43188e87e4299c637be7a7611dd9b50db09b7c58534a5a89eafa7/src/adacl-assert-discrete.ads:122:07: warning: "Exit_Cases" is not a valid aspect identifier [enabled by default]
/home/runner/.local/share/alire/builds/adacl_aunit_7.2.0_fc6bfd91/97db607ba9a43188e87e4299c637be7a7611dd9b50db09b7c58534a5a89eafa7/src/adacl-assert-discrete.ads:140:07: warning: "Exit_Cases" is not a valid aspect identifier [enabled by default]
/home/runner/.local/share/alire/builds/adacl_aunit_7.2.0_fc6bfd91/97db607ba9a43188e87e4299c637be7a7611dd9b50db09b7c58534a5a89eafa7/src/adacl-assert-discrete.ads:160:07: warning: "Exit_Cases" is not a valid aspect identifier [enabled by default]
   [Ada]          adacl-assert-indefinite_vectors.adb
   [Ada]          adacl-assert-vectors.adb
/home/runner/.local/share/alire/builds/adacl_aunit_7.2.0_fc6bfd91/97db607ba9a43188e87e4299c637be7a7611dd9b50db09b7c58534a5a89eafa7/src/adacl-assert.ads:65:07: warning: "Exit_Cases" is not a valid aspect identifier [enabled by default]
/home/runner/.local/share/alire/builds/adacl_aunit_7.2.0_fc6bfd91/97db607ba9a43188e87e4299c637be7a7611dd9b50db09b7c58534a5a89eafa7/src/adacl-assert.ads:83:07: warning: "Exit_Cases" is not a valid aspect identifier [enabled by default]
/home/runner/.local/share/alire/builds/adacl_aunit_7.2.0_fc6bfd91/97db607ba9a43188e87e4299c637be7a7611dd9b50db09b7c58534a5a89eafa7/src/adacl-assert.ads:101:07: warning: "Exit_Cases" is not a valid aspect identifier [enabled by default]
/home/runner/.local/share/alire/builds/adacl_aunit_7.2.0_fc6bfd91/97db607ba9a43188e87e4299c637be7a7611dd9b50db09b7c58534a5a89eafa7/src/adacl-assert.ads:121:07: warning: "Exit_Cases" is not a valid aspect identifier [enabled by default]
/home/runner/.local/share/alire/builds/adacl_aunit_7.2.0_fc6bfd91/97db607ba9a43188e87e4299c637be7a7611dd9b50db09b7c58534a5a89eafa7/src/adacl-assert.ads:139:07: warning: "Exit_Cases" is not a valid aspect identifier [enabled by default]
/home/runner/.local/share/alire/builds/adacl_aunit_7.2.0_fc6bfd91/97db607ba9a43188e87e4299c637be7a7611dd9b50db09b7c58534a5a89eafa7/src/adacl-assert.ads:157:07: warning: "Exit_Cases" is not a valid aspect identifier [enabled by default]
/home/runner/.local/share/alire/builds/adacl_aunit_7.2.0_fc6bfd91/97db607ba9a43188e87e4299c637be7a7611dd9b50db09b7c58534a5a89eafa7/src/adacl-assert.ads:177:07: warning: "Exit_Cases" is not a valid aspect identifier [enabled by default]
/home/runner/.local/share/alire/builds/adacl_aunit_7.2.0_fc6bfd91/97db607ba9a43188e87e4299c637be7a7611dd9b50db09b7c58534a5a89eafa7/src/adacl-assert.ads:195:07: warning: "Exit_Cases" is not a valid aspect identifier [enabled by default]
/home/runner/.local/share/alire/builds/adacl_aunit_7.2.0_fc6bfd91/97db607ba9a43188e87e4299c637be7a7611dd9b50db09b7c58534a5a89eafa7/src/adacl-assert.ads:213:07: warning: "Exit_Cases" is not a valid aspect identifier [enabled by default]
/home/runner/.local/share/alire/builds/adacl_aunit_7.2.0_fc6bfd91/97db607ba9a43188e87e4299c637be7a7611dd9b50db09b7c58534a5a89eafa7/src/adacl-assert.ads:231:07: warning: "Exit_Cases" is not a valid aspect identifier [enabled by default]
/home/runner/.local/share/alire/builds/adacl_aunit_7.2.0_fc6bfd91/97db607ba9a43188e87e4299c637be7a7611dd9b50db09b7c58534a5a89eafa7/src/adacl-assert.ads:247:07: warning: "Exit_Cases" is not a valid aspect identifier [enabled by default]
/home/runner/.local/share/alire/builds/adacl_aunit_7.2.0_fc6bfd91/97db607ba9a43188e87e4299c637be7a7611dd9b50db09b7c58534a5a89eafa7/src/adacl-assert.ads:267:07: warning: "Exit_Cases" is not a valid aspect identifier [enabled by default]
/home/runner/.local/share/alire/builds/adacl_aunit_7.2.0_fc6bfd91/97db607ba9a43188e87e4299c637be7a7611dd9b50db09b7c58534a5a89eafa7/src/adacl-assert.ads:287:07: warning: "Exit_Cases" is not a valid aspect identifier [enabled by default]
/home/runner/.local/share/alire/builds/adacl_aunit_7.2.0_fc6bfd91/97db607ba9a43188e87e4299c637be7a7611dd9b50db09b7c58534a5a89eafa7/src/adacl-assert.ads:305:07: warning: "Exit_Cases" is not a valid aspect identifier [enabled by default]
/home/runner/.local/share/alire/builds/adacl_aunit_7.2.0_fc6bfd91/97db607ba9a43188e87e4299c637be7a7611dd9b50db09b7c58534a5a89eafa7/src/adacl-assert.ads:323:07: warning: "Exit_Cases" is not a valid aspect identifier [enabled by default]
   [Ada]          adacl-assert-float.adb
/home/runner/.local/share/alire/builds/adacl_aunit_7.2.0_fc6bfd91/97db607ba9a43188e87e4299c637be7a7611dd9b50db09b7c58534a5a89eafa7/src/adacl-assert-indefinite_vectors.ads:58:07: warning: "Exit_Cases" is not a valid aspect identifier [enabled by default]
/home/runner/.local/share/alire/builds/adacl_aunit_7.2.0_fc6bfd91/97db607ba9a43188e87e4299c637be7a7611dd9b50db09b7c58534a5a89eafa7/src/adacl-assert-indefinite_vectors.ads:76:07: warning: "Exit_Cases" is not a valid aspect identifier [enabled by default]
   [Ada]          adacl-assert-pointer.adb
/home/runner/.local/share/alire/builds/adacl_aunit_7.2.0_fc6bfd91/97db607ba9a43188e87e4299c637be7a7611dd9b50db09b7c58534a5a89eafa7/src/adacl-assert-vectors.ads:58:07: warning: "Exit_Cases" is not a valid aspect identifier [enabled by default]
/home/runner/.local/share/alire/builds/adacl_aunit_7.2.0_fc6bfd91/97db607ba9a43188e87e4299c637be7a7611dd9b50db09b7c58534a5a89eafa7/src/adacl-assert-vectors.ads:76:07: warning: "Exit_Cases" is not a valid aspect identifier [enabled by default]
   [Ada]          adacl-test_cases-parameters.adb
/home/runner/.local/share/alire/builds/adacl_aunit_7.2.0_fc6bfd91/97db607ba9a43188e87e4299c637be7a7611dd9b50db09b7c58534a5a89eafa7/src/adacl-assert-float.ads:51:07: warning: "Exit_Cases" is not a valid aspect identifier [enabled by default]
/home/runner/.local/share/alire/builds/adacl_aunit_7.2.0_fc6bfd91/97db607ba9a43188e87e4299c637be7a7611dd9b50db09b7c58534a5a89eafa7/src/adacl-assert-float.ads:69:07: warning: "Exit_Cases" is not a valid aspect identifier [enabled by default]
/home/runner/.local/share/alire/builds/adacl_aunit_7.2.0_fc6bfd91/97db607ba9a43188e87e4299c637be7a7611dd9b50db09b7c58534a5a89eafa7/src/adacl-assert-float.ads:87:07: warning: "Exit_Cases" is not a valid aspect identifier [enabled by default]
/home/runner/.local/share/alire/builds/adacl_aunit_7.2.0_fc6bfd91/97db607ba9a43188e87e4299c637be7a7611dd9b50db09b7c58534a5a89eafa7/src/adacl-assert-float.ads:105:07: warning: "Exit_Cases" is not a valid aspect identifier [enabled by default]
/home/runner/.local/share/alire/builds/adacl_aunit_7.2.0_fc6bfd91/97db607ba9a43188e87e4299c637be7a7611dd9b50db09b7c58534a5a89eafa7/src/adacl-assert-float.ads:123:07: warning: "Exit_Cases" is not a valid aspect identifier [enabled by default]
/home/runner/.local/share/alire/builds/adacl_aunit_7.2.0_fc6bfd91/97db607ba9a43188e87e4299c637be7a7611dd9b50db09b7c58534a5a89eafa7/src/adacl-assert-float.ads:141:07: warning: "Exit_Cases" is not a valid aspect identifier [enabled by default]
/home/runner/.local/share/alire/builds/adacl_aunit_7.2.0_fc6bfd91/97db607ba9a43188e87e4299c637be7a7611dd9b50db09b7c58534a5a89eafa7/src/adacl-assert-float.ads:161:07: warning: "Exit_Cases" is not a valid aspect identifier [enabled by default]
   [Ada]          adacl-trace-assert.ads
/home/runner/.local/share/alire/builds/adacl_aunit_7.2.0_fc6bfd91/97db607ba9a43188e87e4299c637be7a7611dd9b50db09b7c58534a5a89eafa7/src/adacl-assert-pointer.ads:51:07: warning: "Exit_Cases" is not a valid aspect identifier [enabled by default]
/home/runner/.local/share/alire/builds/adacl_aunit_7.2.0_fc6bfd91/97db607ba9a43188e87e4299c637be7a7611dd9b50db09b7c58534a5a89eafa7/src/adacl-assert-pointer.ads:69:07: warning: "Exit_Cases" is not a valid aspect identifier [enabled by default]
/home/runner/.local/share/alire/builds/adacl_aunit_7.2.0_fc6bfd91/97db607ba9a43188e87e4299c637be7a7611dd9b50db09b7c58534a5a89eafa7/src/adacl-assert-pointer.ads:85:07: warning: "Exit_Cases" is not a valid aspect identifier [enabled by default]
/home/runner/.local/share/alire/builds/adacl_aunit_7.2.0_fc6bfd91/97db607ba9a43188e87e4299c637be7a7611dd9b50db09b7c58534a5a89eafa7/src/adacl-assert-pointer.ads:101:07: warning: "Exit_Cases" is not a valid aspect identifier [enabled by default]
   [Ada]          adacl-assert-arrays.adb
   [Ada]          adacl-assert-decimal.adb
/home/runner/.local/share/alire/builds/adacl_aunit_7.2.0_fc6bfd91/97db607ba9a43188e87e4299c637be7a7611dd9b50db09b7c58534a5a89eafa7/src/adacl-assert-arrays.ads:56:07: warning: "Exit_Cases" is not a valid aspect identifier [enabled by default]
/home/runner/.local/share/alire/builds/adacl_aunit_7.2.0_fc6bfd91/97db607ba9a43188e87e4299c637be7a7611dd9b50db09b7c58534a5a89eafa7/src/adacl-assert-arrays.ads:74:07: warning: "Exit_Cases" is not a valid aspect identifier [enabled by default]
   [Ada]          adacl_config.ads
   [Ada]          adacl-os-to_wide_wide_string.adb
   [Ada]          adacl-os-low_level.ads
/home/runner/.local/share/alire/builds/adacl_aunit_7.2.0_fc6bfd91/97db607ba9a43188e87e4299c637be7a7611dd9b50db09b7c58534a5a89eafa7/src/adacl-assert-decimal.ads:50:07: warning: "Exit_Cases" is not a valid aspect identifier [enabled by default]
/home/runner/.local/share/alire/builds/adacl_aunit_7.2.0_fc6bfd91/97db607ba9a43188e87e4299c637be7a7611dd9b50db09b7c58534a5a89eafa7/src/adacl-assert-decimal.ads:68:07: warning: "Exit_Cases" is not a valid aspect identifier [enabled by default]
/home/runner/.local/share/alire/builds/adacl_aunit_7.2.0_fc6bfd91/97db607ba9a43188e87e4299c637be7a7611dd9b50db09b7c58534a5a89eafa7/src/adacl-assert-decimal.ads:86:07: warning: "Exit_Cases" is not a valid aspect identifier [enabled by default]
/home/runner/.local/share/alire/builds/adacl_aunit_7.2.0_fc6bfd91/97db607ba9a43188e87e4299c637be7a7611dd9b50db09b7c58534a5a89eafa7/src/adacl-assert-decimal.ads:104:07: warning: "Exit_Cases" is not a valid aspect identifier [enabled by default]
/home/runner/.local/share/alire/builds/adacl_aunit_7.2.0_fc6bfd91/97db607ba9a43188e87e4299c637be7a7611dd9b50db09b7c58534a5a89eafa7/src/adacl-assert-decimal.ads:122:07: warning: "Exit_Cases" is not a valid aspect identifier [enabled by default]
/home/runner/.local/share/alire/builds/adacl_aunit_7.2.0_fc6bfd91/97db607ba9a43188e87e4299c637be7a7611dd9b50db09b7c58534a5a89eafa7/src/adacl-assert-decimal.ads:140:07: warning: "Exit_Cases" is not a valid aspect identifier [enabled by default]
/home/runner/.local/share/alire/builds/adacl_aunit_7.2.0_fc6bfd91/97db607ba9a43188e87e4299c637be7a7611dd9b50db09b7c58534a5a89eafa7/src/adacl-assert-decimal.ads:160:07: warning: "Exit_Cases" is not a valid aspect identifier [enabled by default]
   [Ada]          adacl-os-to_utf_string.adb
   [Ada]          adacl-pointer-unique.ads
   [Ada]          adacl-trace.adb
   [Ada]          adacl-strings-io.adb
   [Ada]          adacl-pointer.ads
   [Ada]          adacl-wide_wide_strings-bin.adb
   [Ada]          adacl-wide_wide_strings-vectors.ads
   [Ada]          adacl-queue.adb
   [Ada]          adacl-wide_wide_strings-hex.adb
   [Ada]          adacl-wide_wide_strings.adb
   [Ada]          adacl-calendar.adb
   [Ada]          adacl-command_line.ads
   [Ada]          adacl-strings-bin.adb
   [Ada]          adacl-limited_base.ads
   [Ada]          adacl-wide_strings-hex.adb
   [Ada]          adacl-pointer-unique_with_delete.adb
   [Ada]          adacl-wide_strings-bin.adb
   [Ada]          adacl-wide_strings-io.adb
   [Ada]          adacl-strings.adb
   [Ada]          adacl-strings-vectors.ads
   [Ada]          adacl-pointer-shared.ads
   [Ada]          adacl-wide_strings-vectors.ads
/home/runner/work/alire-crates-ci/alire-crates-ci/test/2bd3b7ac-bea3-4b94-8341-c559c2b3402a/adacl_7.2.0_70f3a85c/src/adacl-trace.ads:189:07: warning: "Exit_Cases" is not a valid aspect identifier [enabled by default]
/home/runner/work/alire-crates-ci/alire-crates-ci/test/2bd3b7ac-bea3-4b94-8341-c559c2b3402a/adacl_7.2.0_70f3a85c/src/adacl-trace.ads:203:07: warning: "Exit_Cases" is not a valid aspect identifier [enabled by default]
/home/runner/work/alire-crates-ci/alire-crates-ci/test/2bd3b7ac-bea3-4b94-8341-c559c2b3402a/adacl_7.2.0_70f3a85c/src/adacl-trace.ads:217:07: warning: "Exit_Cases" is not a valid aspect identifier [enabled by default]
/home/runner/work/alire-crates-ci/alire-crates-ci/test/2bd3b7ac-bea3-4b94-8341-c559c2b3402a/adacl_7.2.0_70f3a85c/src/adacl-trace.ads:231:07: warning: "Exit_Cases" is not a valid aspect identifier [enabled by default]
/home/runner/work/alire-crates-ci/alire-crates-ci/test/2bd3b7ac-bea3-4b94-8341-c559c2b3402a/adacl_7.2.0_70f3a85c/src/adacl-trace.ads:248:15: warning: "Exit_Cases" is not a valid aspect identifier [enabled by default]
/home/runner/work/alire-crates-ci/alire-crates-ci/test/2bd3b7ac-bea3-4b94-8341-c559c2b3402a/adacl_7.2.0_70f3a85c/src/adacl-trace.ads:266:07: warning: "Exit_Cases" is not a valid aspect identifier [enabled by default]
   [Ada]          adacl-wide_wide_strings-io.adb
   [Ada]          adacl-strings-hex.adb
   [Ada]          adacl-base.ads
   [Ada]          adacl-command_line-getopt.adb
   [Ada]          adacl-wide_strings.adb
   [Ada]          adacl-pointer-shared_with_delete.adb
   [Ada]          adacl-pointer-holder.adb
   [Ada]          adacl-os.ads
   [Ada]          adacl.ads
   [Ada]          adacl-pointer-element.adb
   [Ada]          adacl_test.ads
   [Ada]          adacl_test-suite.adb
   [Ada]          adacl-calendar-test.adb
   [Ada]          adacl-pointer-element-test.adb
   [Ada]          adacl-strings-bin-test.adb
   [Ada]          adacl-strings-hex-test.adb
   [Ada]          adacl-strings-io-test.adb
   [Ada]          adacl-strings-test.adb
   [Ada]          adacl-trace-test.adb
   [Ada]          adacl-wide_strings-bin-test.adb
   [Ada]          adacl-wide_strings-hex-test.adb
   [Ada]          adacl-wide_strings-io-test.adb
   [Ada]          adacl-wide_strings-test.adb
   [Ada]          adacl-wide_wide_strings-bin-test.adb
   [Ada]          adacl-wide_wide_strings-hex-test.adb
   [Ada]          adacl-wide_wide_strings-io-test.adb
   [Ada]          adacl-wide_wide_strings-test.adb
   [Ada]          adacl_test-pointer_holder.adb
   [Ada]          adacl_test-pointer_shared.adb
   [Ada]          adacl_test-pointer_shared_with_delete.adb
   [Ada]          adacl_test-pointer_unique.adb
   [Ada]          adacl_test-pointer_unique_with_delete.adb
   [Ada]          adacl_test-queue.adb
/home/runner/work/alire-crates-ci/alire-crates-ci/test/2bd3b7ac-bea3-4b94-8341-c559c2b3402a/adacl_7.2.0_70f3a85c/test/src/adacl_test-queue.adb:28:04: error: instantiation error at adacl-queue-protect.adb:97
/home/runner/work/alire-crates-ci/alire-crates-ci/test/2bd3b7ac-bea3-4b94-8341-c559c2b3402a/adacl_7.2.0_70f3a85c/test/src/adacl_test-queue.adb:28:04: error: record aggregate must use (), not []
/home/runner/work/alire-crates-ci/alire-crates-ci/test/2bd3b7ac-bea3-4b94-8341-c559c2b3402a/adacl_7.2.0_70f3a85c/test/src/adacl_test-queue.adb:28:04: error: instantiation error at adacl-queue-protect.adb:114
/home/runner/work/alire-crates-ci/alire-crates-ci/test/2bd3b7ac-bea3-4b94-8341-c559c2b3402a/adacl_7.2.0_70f3a85c/test/src/adacl_test-queue.adb:28:04: error: record aggregate must use (), not []

   compilation of adacl_test-queue.adb failed

gprbuild: *** compilation phase failed
ERROR: Command ["gprbuild", "-s", "-j0", "-p", "-P", "/home/runner/work/alire-crates-ci/alire-crates-ci/test/2bd3b7ac-bea3-4b94-8341-c559c2b3402a/adacl_7.2.0_70f3a85c/test/adacl_test.gpr"] exited with code 4
ERROR: Compilation failed.
Running tests...
Note: Building adacl_test=7.2.0/adacl_test.gpr...
Setup
   [mkdir]        object directory for project AdaCL_Test
Compile
   [Ada]          adacl_test-main.adb
   [Ada]          adacl_test.ads
   [Ada]          adacl_test-suite.adb
   [Ada]          adacl-calendar-test.adb
   [Ada]          adacl-pointer-element-test.adb
   [Ada]          adacl-strings-bin-test.adb
   [Ada]          adacl-strings-hex-test.adb
   [Ada]          adacl-strings-io-test.adb
   [Ada]          adacl-strings-test.adb
   [Ada]          adacl-trace-test.adb
   [Ada]          adacl-wide_strings-bin-test.adb
   [Ada]          adacl-wide_strings-hex-test.adb
   [Ada]          adacl-wide_strings-io-test.adb
   [Ada]          adacl-wide_strings-test.adb
   [Ada]          adacl-wide_wide_strings-bin-test.adb
   [Ada]          adacl-wide_wide_strings-hex-test.adb
   [Ada]          adacl-wide_wide_strings-io-test.adb
   [Ada]          adacl-wide_wide_strings-test.adb
   [Ada]          adacl_test-pointer_holder.adb
   [Ada]          adacl_test-pointer_shared.adb
   [Ada]          adacl_test-pointer_shared_with_delete.adb
   [Ada]          adacl_test-pointer_unique.adb
   [Ada]          adacl_test-pointer_unique_with_delete.adb
   [Ada]          adacl_test-queue.adb
/home/runner/work/alire-crates-ci/alire-crates-ci/test/2bd3b7ac-bea3-4b94-8341-c559c2b3402a/adacl_7.2.0_70f3a85c/test/src/adacl_test-queue.adb:28:04: error: instantiation error at adacl-queue-protect.adb:97
/home/runner/work/alire-crates-ci/alire-crates-ci/test/2bd3b7ac-bea3-4b94-8341-c559c2b3402a/adacl_7.2.0_70f3a85c/test/src/adacl_test-queue.adb:28:04: error: record aggregate must use (), not []
/home/runner/work/alire-crates-ci/alire-crates-ci/test/2bd3b7ac-bea3-4b94-8341-c559c2b3402a/adacl_7.2.0_70f3a85c/test/src/adacl_test-queue.adb:28:04: error: instantiation error at adacl-queue-protect.adb:114
/home/runner/work/alire-crates-ci/alire-crates-ci/test/2bd3b7ac-bea3-4b94-8341-c559c2b3402a/adacl_7.2.0_70f3a85c/test/src/adacl_test-queue.adb:28:04: error: record aggregate must use (), not []

   compilation of adacl_test-queue.adb failed

gprbuild: *** compilation phase failed
ERROR: Command ["gprbuild", "-s", "-j0", "-p", "-P", "/home/runner/work/alire-crates-ci/alire-crates-ci/test/2bd3b7ac-bea3-4b94-8341-c559c2b3402a/adacl_7.2.0_70f3a85c/test/adacl_test.gpr"] exited with code 4
ERROR: Build failed
FAILED: adacl_test (Exit-Code: 1)
Stopping on first error.
[alr test] Test action exited with error code 1
