Test ran at 2025-11-10 01:12:47.896944+00:00

SOLUTION:
a0b_stm32g4=0.1.0: A0B: STM32G4 base support
Origin: commit b78590b950a83ffaef2626d112dbf6979b99c80d from https://github.com/godunko/a0b-stm32g4.git
Properties:
   Test run: alr build (from ${CRATE_ROOT}/selftest)
   Author: Vadim Godunko
   Configuration: no modifiers
   Description: A0B: STM32G4 base support
   License: Apache-2.0 WITH LLVM-exception
   Maintainer: Vadim Godunko <vgodunko@gmail.com>
   Maintainers_Logins: godunko
   Name: a0b_stm32g4
   Project_File: gnat/a0b_stm32g4.gpr
   Tag: a0b
   Tag: embedded
   Tag: stm32
   Tag: stm32g4
   Version: 0.1.0
   Website: https://github.com/godunko/a0b-stm32g4
Dependencies (direct):
   a0b_armv7m*
Dependencies (solution):
   a0b_armv7m=0.4.0
   a0b_base=0.4.0
   gnat_arm_elf=15.2.1
Dependencies (graph):
   a0b_armv7m=0.4.0  --> a0b_base=0.4.0 (*)
   a0b_armv7m=0.4.0  --> gnat_arm_elf=15.2.1 (*)
   a0b_stm32g4=0.1.0 --> a0b_armv7m=0.4.0 (*)


LOG:
Note: Alire has selected automatically this toolchain:
   gprbuild=25.0.1
   gnat_native=15.2.1
You can select a different toolchain at any time with `alr toolchain --select`
Download will start now:
Press Enter to continue or Ctrl-C to abort
ERROR: a-tigeli.adb:96
ERROR: alr encountered an unexpected error, re-run with -d for details.
ERROR: error location: 0x10faee1 Ada.Text_Io.Get_Line.Get_Chunk at a-tigeli.adb:96
[alr test] Test action exited with error code 1
