Test ran at 2025-02-10 13:25:21.316906+00:00

SOLUTION:
ncursesada=6.5.0: Ada binding to the ncurses text user interface library
Origin: commit 1ea33215ed820c6b2fef21c526cf20a3b2c124c5 from https://github.com/Blady-Com/ncurses-snapshots.git
Available when: (case OS is Linux => True, Macos => True, Windows => False, others => False)
Properties:
   Post_Fetch run: sh configure --with-ada-libname=adacurses (from ${CRATE_ROOT}/.)
   Post_Fetch run: make libs (from ${CRATE_ROOT}/.)
   Author: Thomas E. Dickey
   Author: Juergen Pfeifer
   Author: Eric S Raymond
   Author: Alexander V Lukyanov
   Author: Philippe Blain
   Author: Sven Verdoolaege
   Author: Nicolas Boulenguez
   Description: Ada binding to the ncurses text user interface library
   License: X11 OR MIT
   Maintainer: Pascal Pignard <blady.net@orange.fr>
   Maintainers_Logins: Blady-Com
   Name: ncursesada
   Project_File: Ada95/lib_adacurses.gpr
   Tag: ncurses
   Tag: binding
   Version: 6.5.0
   Website: https://github.com/Blady-Com/ncurses
Dependencies (direct):
   m4_tool*
Dependencies (solution):
   m4_tool=1.4.19
Dependencies (graph):
   ncursesada=6.5.0 --> m4_tool=1.4.19 (*)


LOG:
Spawning: alr -d -n get --build ncursesada=6.5.0
Note: Deploying ncursesada=6.5.0...
Note: Deploying m4_tool=1.4.19...
The system package 'm4' is about to be installed.
This action might require admin privileges and impact your system installation.
Do you want Alire to install this system package?
Using default: Yes
debconf: delaying package configuration, since apt-utils is not installed
Selecting previously unselected package m4.
(Reading database ... 
(Reading database ... 5%
(Reading database ... 10%
(Reading database ... 15%
(Reading database ... 20%
(Reading database ... 25%
(Reading database ... 30%
(Reading database ... 35%
(Reading database ... 40%
(Reading database ... 45%
(Reading database ... 50%
(Reading database ... 55%
(Reading database ... 60%
(Reading database ... 65%
(Reading database ... 70%
(Reading database ... 75%
(Reading database ... 80%
(Reading database ... 85%
(Reading database ... 90%
(Reading database ... 95%
(Reading database ... 100%
(Reading database ... 22699 files and directories currently installed.)
Preparing to unpack .../m4_1.4.19-4build1_amd64.deb ...
Unpacking m4 (1.4.19-4build1) ...
Setting up m4 (1.4.19-4build1) ...
Note: Running post-fetch actions for ncursesada=6.5.0...
checking for ggrep... no
checking for grep... grep
checking for egrep... grep -E
Configuring NCURSES 6.5 ABI 6 (Mon Feb 10 14:25:21 CET 2025)
checking for package version... 6.5
checking for package patch date... 20240427
checking build system type... x86_64-pc-linux-gnu
checking host system type... x86_64-pc-linux-gnu
checking target system type... x86_64-pc-linux-gnu
Configuring for linux-gnu
checking for fgrep... grep -F
checking for prefix... /usr
checking for gnatgcc... gnatgcc
checking for C compiler default output... configure: error: C compiler cannot create executables
stderr: Command ["sh", "configure", "--with-ada-libname=adacurses"] exited with code 77
ERROR: Command ["sh", "configure", "--with-ada-libname=adacurses"] exited with code 77
