Test ran at 2025-04-21 01:11:46.485438+00:00

SOLUTION:
dg_loada=1.4.3: dg_loada loads (restores) legacy DG AOS/VS DUMP_II files
Origin: commit 1f0e0a89a1f6a08b194e60369df16537cd8c8301 from https://github.com/SMerrony/dg_loada.git
Available when: (case OS is Windows => False, others => True)
Properties:
   Author: Stephen Merrony
   Description: dg_loada loads (restores) legacy DG AOS/VS DUMP_II files
   Executable: dg_loada
   License: MIT
   Long_Description: dg_loada loads (restores) backup files created by Data General's AOS/VS DUMP_II, and maybe DUMP_III, files on any modern system supported by GNAT Ada.
   Maintainer: Stephen Merrony <merrony@gmail.com>
   Maintainers_Logins: SMerrony
   Name: dg_loada
   Tag: legacy
   Tag: recovering-data
   Tag: dg
   Tag: data-general
   Tag: aos-vs
   Version: 1.4.3
   Website: https://github.com/SMerrony/dg_loada


LOG:
Spawning: alr -d -n get --build dg_loada=1.4.3
Note: Deploying dg_loada=1.4.3...
Note: Alire has selected automatically this toolchain:
   gprbuild=22.0.1
   gnat_native=14.2.1
You can select a different toolchain at any time with `alr toolchain --select`
Download will start now:
Note: Deploying gprbuild=22.0.1...
#=#=#                                                                         
##O#-#                                                                        

                                                                           0.1%
#################                                                         24.8%
###################################                                       49.5%
############################################                              61.5%
#####################################################                     74.2%
######################################################################## 100.0%
Note: gprbuild=22.0.1 installed successfully.
Note: Deploying gnat_native=14.2.1...
#=#=#                                                                         

                                                                           0.0%
#                                                                          2.4%
##                                                                         3.2%
##                                                                         4.1%
###                                                                        4.2%
####                                                                       5.9%
######                                                                     9.4%
#########                                                                 13.4%
############                                                              17.0%
##############                                                            20.5%
################                                                          23.4%
##################                                                        26.4%
####################                                                      28.2%
#####################                                                     29.3%
#######################                                                   32.2%
#########################                                                 35.1%
###########################                                               38.3%
############################                                              40.1%
#############################                                             41.0%
###############################                                           43.5%
################################                                          45.6%
#################################                                         47.0%
###################################                                       48.8%
###################################                                       49.8%
#####################################                                     52.7%
########################################                                  55.7%
########################################                                  56.7%
##########################################                                58.3%
##########################################                                59.6%
###########################################                               61.0%
#############################################                             63.2%
##############################################                            64.8%
###############################################                           65.6%
###############################################                           65.6%
################################################                          67.4%
##################################################                        70.3%
###################################################                       72.1%
####################################################                      73.6%
######################################################                    76.1%
########################################################                  79.1%
###########################################################               82.9%
#############################################################             85.2%
##############################################################            87.5%
################################################################          89.5%
#################################################################         91.1%
###################################################################       93.7%
######################################################################    97.8%
#######################################################################   99.9%
######################################################################## 100.0%
Note: gnat_native=14.2.1 installed successfully.
Note: Building dg_loada=1.4.3/dg_loada.gpr...
Setup
   [mkdir]        object directory for project Dg_Loada
   [mkdir]        exec directory for project Dg_Loada
Compile
   [Ada]          dg_loada.adb
   [Ada]          aosvs_dump.adb
Bind
   [gprbind]      dg_loada.bexch
   [Ada]          dg_loada.ali
Link
   [link]         dg_loada.adb

dg_loada=1.4.3 successfully retrieved and built.
There are no dependencies.
Found declared GPR file: dg_loada.gpr
