Test ran at 2026-09-26 01:21:01.806400+00:00

SOLUTION:
tinyaml=0.2.0: A strict YAML subset parser for Ada, inspired by StrictYAML
Origin: commit be50c2ab58613763b6664e100d9ede10c5ef1ec0 from https://github.com/geewiz/tinyaml_ada.git
Properties:
   Author: Jochen Lillich
   Description: A strict YAML subset parser for Ada, inspired by StrictYAML
   GPR Scenario: TINYAML_STYLE_CHECKS := -gnaty3abcefhiklmnoprstux | -gnatyN
   GPR External: TINYAML_STYLE_CHECKS := -gnaty3abcefhiklmnoprstux
   License: MIT
   Maintainer: Jochen Lillich <hello@geewiz.dev>
   Maintainers_Logins: geewiz
   Name: tinyaml
   Tag: yaml
   Tag: parser
   Tag: validation
   Tag: configuration
   Tag: strictyaml
   Version: 0.2.0
   Website: https://github.com/geewiz/tinyaml
Dependencies (direct):
   gnat>=13
Dependencies (solution):
   gnat=15.3.1 (gnat_native)
Dependencies (graph):
   tinyaml=0.2.0 --> gnat=15.3.1 (gnat_native) (>=13)


LOG:
[alr test] Testing tinyaml=0.2.0
[alr test] Spawning retrieval for remote crate: alr -d -n get tinyaml=0.2.0
Note: Deploying tinyaml=0.2.0...

tinyaml=0.2.0 successfully retrieved.
Dependencies were solved as follows:

   +b gnat 15.3.1 (new,gnat_native,binary)
[alr test] Spawning default test for remote crate: alr -d -n build --release -- -cargs:Ada -gnatwn
Note: Building tinyaml=0.2.0/tinyaml.gpr...
"obj\release" created
"lib" created
[Ada Compile]     tinyaml-documents.adb
[Ada Compile]     tinyaml-lexer.adb
[Ada Compile]     tinyaml-nodes-map.adb
[Ada Compile]     tinyaml-nodes-navigation.adb
[Ada Compile]     tinyaml-nodes-prelude.ads
[Ada Compile]     tinyaml-nodes-scalar.adb
[Ada Compile]     tinyaml-nodes-sequence.adb
[Ada Compile]     tinyaml-nodes.adb
[Ada Compile]     tinyaml-parser.adb
[Ada Compile]     tinyaml-schemas-any.ads
[Ada Compile]     tinyaml-schemas-bool.adb
[Ada Compile]     tinyaml-schemas-constraints-range_constraint.adb
tinyaml-parser.adb:59:13: (style) subprogram body "Parse_Value_After_Colon" not in alphabetical order [-gnatyo]
tinyaml-parser.adb:137:13: (style) subprogram body "Parse_Indented_Value" not in alphabetical order [-gnatyo]
tinyaml-parser.adb:331:13: (style) subprogram body "Parse_Document" not in alphabetical order [-gnatyo]
tinyaml-parser.ads:17:80: (style) this line is too long: 80 [-gnatyM]
[Ada Compile]     tinyaml-schemas-constraints.ads
tinyaml-schemas-bool.adb:7:04: (style) subprogram body has no previous spec [-gnatys]
[Ada Compile]     tinyaml-schemas-enum.adb
tinyaml-schemas-constraints-range_constraint.adb:3:04: (style) subprogram body has no previous spec [-gnatys]
tinyaml-schemas-constraints-range_constraint.adb:13:24: (style) subprogram body "Check" not in alphabetical order [-gnatyo]
[Ada Compile]     tinyaml-schemas-flt.adb
[Ada Compile]     tinyaml-schemas-int.adb
tinyaml-schemas-flt.adb:6:04: (style) subprogram body has no previous spec [-gnatys]
[Ada Compile]     tinyaml-schemas-map.adb
[Ada Compile]     tinyaml-schemas-prelude.ads
[Ada Compile]     tinyaml-schemas-seq.adb
tinyaml-schemas-seq.adb:12:13: (style) subprogram body "Get_Schema" not in alphabetical order [-gnatyo]
tinyaml-schemas-seq.adb:45:24: (style) subprogram body "Describe" not in alphabetical order [-gnatyo]
[Ada Compile]     tinyaml-schemas-str.adb
[Ada Compile]     tinyaml-schemas.adb
tinyaml-schemas-enum.adb:16:24: (style) subprogram body "Is_Valid" not in alphabetical order [-gnatyo]
[Ada Compile]     tinyaml-validation.adb
[Ada Compile]     tinyaml.adb
tinyaml-schemas-map.adb:35:14: (style) subprogram body "Add_Field" not in alphabetical order [-gnatyo]
[Ada Compile]     tinyaml_config.ads
tinyaml-nodes.adb:26:14: (style) subprogram body "Free_Map_Children" not in alphabetical order [-gnatyo]
[Archive]         libTinyaml.a
Success: Build finished successfully in 7.43 seconds.
Found declared GPR file: tinyaml.gpr
[alr test] Test completed SUCCESSFULLY
