Test ran at 2026-05-30 13:25:29.646038+00:00

SOLUTION:
automate=3.0.0: Ada finite-state machine generator
Origin: commit b83dfb7701b9f27aaa2c6b40467c99c55f1ee92f from https://github.com/Blady-Com/Automate.git
Properties:
   Author: Pascal Pignard
   Description: Ada finite-state machine generator
   Executable: genauto
   case OS is
      when Macos => GPR External: GENAUTO_LINKER_FLAGS := -Wl,-no_pie
   License: CECILL-2.1
   Maintainer: Pascal Pignard <blady.net@orange.fr>
   Maintainers_Logins: Blady-Com
   Name: automate
   Tag: automaton
   Tag: generator
   Version: 3.0.0
   Website: https://github.com/Blady-Com/Automate
Dependencies (direct):
   uxstrings>=0.6
Dependencies (solution):
   gnat=15.2.1 (gnat_native)
   uxstrings=0.9.1+alpha-20260517
Dependencies (graph):
   automate=3.0.0                 --> uxstrings=0.9.1+alpha-20260517 (>=0.6)
   uxstrings=0.9.1+alpha-20260517 --> gnat=15.2.1 (gnat_native) (>=13)


LOG:
[alr test] Testing automate=3.0.0
[alr test] Spawning retrieval for remote crate: alr -d -n get automate=3.0.0
Note: Deploying automate=3.0.0...
Note: Deploying uxstrings=0.9.1+alpha-20260517...

automate=3.0.0 successfully retrieved.
Dependencies were solved as follows:

   +b gnat      15.2.1               (new,gnat_native,indirect,binary)
   +  uxstrings 0.9.1+alpha-20260517 (new)
[alr test] Spawning default test for remote crate: alr -d -n build --release -- -cargs:Ada -gnatwn
Note: Building automate=3.0.0/automate.gpr...
automate.gpr:1:06: imported project file "lib_uxstrings3.gpr" not found
gprbuild: "/home/runner/work/alire-crates-ci/alire-crates-ci/test/c52cc27d-1dd8-4508-8d5b-598805ec4999/automate_3.0.0_b83dfb77/automate.gpr" processing failed
stderr: Command ["gprbuild", "-s", "-j0", "-p", "-P", "/home/runner/work/alire-crates-ci/alire-crates-ci/test/c52cc27d-1dd8-4508-8d5b-598805ec4999/automate_3.0.0_b83dfb77/automate.gpr", "-cargs:Ada", "-gnatwn"] exited with code 5
ERROR: Command ["gprbuild", "-s", "-j0", "-p", "-P", "/home/runner/work/alire-crates-ci/alire-crates-ci/test/c52cc27d-1dd8-4508-8d5b-598805ec4999/automate_3.0.0_b83dfb77/automate.gpr", "-cargs:Ada", "-gnatwn"] exited with code 5
stderr: ALIRE.CHECKED_ERROR
stderr: Command ["gprbuild", "-s", "-j0", "-p", "-P", "/home/runner/work/alire-crates-ci/alire-crates-ci/test/c52cc27d-1dd8-4508-8d5b-598805ec4999/automate_3.0.0_b83dfb77/automate.gpr", "-cargs:Ada", "-gnatwn"] exited with code 5
stderr: raised ALIRE.CHECKED_ERROR : alire-stored-error:1
[/usr/bin/alr]
0xe75bc6 Alire.Raise_Checked_Error at alire.adb:284
0xac1a54 Alire.Os_Lib.Subprocess.Checked_Spawn at alire-os_lib-subprocess.adb:111
0xd40276 Alire.Spawn.Command at alire-spawn.adb:22
0xd412ee Alire.Spawn.Gprbuild at alire-spawn.adb:68
0xc748cb Alire.Roots.Build at alire-roots.adb:189
0xc7301a Alire.Roots.Build at alire-roots.adb:255
0xc9832b Alire.Roots.Traverse at alire-roots.adb:2143
0xcfee85 Alire.Solutions.Traverse.Visit at alire-solutions.adb:1472
0xcfdfcc Alire.Solutions.Traverse at alire-solutions.adb:1555
0xc9841e Alire.Roots.Traverse at alire-roots.adb:2147
0xc984dd Alire.Roots.Traverse at alire-roots.adb:2127
0xc7359b Alire.Roots.Build at alire-roots.adb:286
0xc736d7 Alire.Roots.Build at alire-roots.adb:114
0x49aa0d Alr.Commands.Build.Execute at alr-commands-build.adb:145
0x49a36d Alr.Commands.Build.Execute at alr-commands-build.adb:113
0x49a51f Alr.Commands.Build.Execute at alr-commands-build.adb:54
0x53bbcc Alr.Commands.Sub_Cmd.Execute at clic-subcommand-instance.adb:749
0x5472be Alr.Commands.Execute at alr-commands.adb:632
0x43d48a Alr.Main at alr-main.adb:13
0x4403a3 Main at b__alr-main.adb:2445
[/lib64/libc.so.6]
0x7febc705060e
0x7febc70506be
[/usr/bin/alr]
0x43d323 _start at ???
0xfffffffffffffffe

stderr: ALIRE.ROOTS.BUILD._WRAPPED_STATEMENTS.BUILD_FAILED
stderr: alire-roots.adb:202
stderr: raised ALIRE.ROOTS.BUILD._WRAPPED_STATEMENTS.BUILD_FAILED : alire-roots.adb:202
[/usr/bin/alr]
0xc74cc7 Alire.Roots.Build at alire-roots.adb:202
0xc7301a Alire.Roots.Build at alire-roots.adb:255
0xc9832b Alire.Roots.Traverse at alire-roots.adb:2143
0xcfee85 Alire.Solutions.Traverse.Visit at alire-solutions.adb:1472
0xcfdfcc Alire.Solutions.Traverse at alire-solutions.adb:1555
0xc9841e Alire.Roots.Traverse at alire-roots.adb:2147
0xc984dd Alire.Roots.Traverse at alire-roots.adb:2127
0xc7359b Alire.Roots.Build at alire-roots.adb:286
0xc736d7 Alire.Roots.Build at alire-roots.adb:114
0x49aa0d Alr.Commands.Build.Execute at alr-commands-build.adb:145
0x49a36d Alr.Commands.Build.Execute at alr-commands-build.adb:113
0x49a51f Alr.Commands.Build.Execute at alr-commands-build.adb:54
0x53bbcc Alr.Commands.Sub_Cmd.Execute at clic-subcommand-instance.adb:749
0x5472be Alr.Commands.Execute at alr-commands.adb:632
0x43d48a Alr.Main at alr-main.adb:13
0x4403a3 Main at b__alr-main.adb:2445
[/lib64/libc.so.6]
0x7febc705060e
0x7febc70506be
[/usr/bin/alr]
0x43d323 _start at ???
0xfffffffffffffffe

ERROR: Compilation failed.
