Test ran at 2025-07-18 01:03:24.697887+00:00

SOLUTION:
aicwl=3.24.1: Ada Industrial Control Widgets Library
Origin: commit 73939c9ed0be13a994728d1c362b945e5d131f19 from https://github.com/HeisenbugLtd/aicwl.git
Properties:
   Author: Dmitry A. Kazakov <mailbox@dmitry-kazakov.de>
   Description: Ada Industrial Control Widgets Library
   GPR Scenario: Development := Debug | Release | Profile
   GPR Scenario: Legacy := Ada95 | Ada2005 | Ada2012
   License: GPL-2.0-or-later WITH GCC-exception-2.0
   Long_Description: This crate provides a library for designing high-quality industrial control
widgets for Ada applications. The software is based on
[GtkAda](https://docs.adacore.com/live/wave/gtkada/html/gtkada_rm/index.html),
Ada bindings to [Gtk+](https://www.gtk.org/), and
[cairo](https://www.cairographics.org/manual/index.html).

The key features of the library are:

* Widgets composed of transparent layers drawn by cairo
* Fully scalable graphics
* Support of time controlled refresh policy for real-time and heavy-duty applications
* Caching graphical operations
* Stream I/O support for serialization and deserialization
* Ready-to-use gauge, meter, oscilloscope widgets
* Editor widget for WYSIWYG design of complex dashboards

For further information, visit the
[AICWL website](http://www.dmitry-kazakov.de/ada/aicwl.htm).

Maintainer's note:

This Alire crate is packaged in a rather minimalistic way to keep dependencies
on external libraries at a minimum. The crate's definition covers the core
functionality of AICWL, though, so it should be sufficient for most needs.

For example, the original distribution has references to
[Simple Components](http://www.dmitry-kazakov.de/ada/components.htm) which are
not strictly necessary for the core functionality of the library.

   Maintainer: Vinzent "Jellix" Saranen <vinzent@heisenbug.eu>
   Maintainers_Logins: Jellix
   Name: aicwl
   Project_File: sources/aicwl.gpr
   Project_File: sources/aicwl-editor.gpr
   Tag: widgets
   Tag: gauge
   Tag: graphics
   Tag: ui
   Tag: gtk
   Version: 3.24.1
   Website: http://www.dmitry-kazakov.de/ada/aicwl.htm
Dependencies (direct):
   gtkada>=17
Dependencies (solution):
   gtkada=25.0.1
   libgtk3=3.24.41
   make=4.3.0
   pkg_config=1.8.1
Dependencies (graph):
   aicwl=3.24.1  --> gtkada=25.0.1 (>=17)
   gtkada=25.0.1 --> libgtk3=3.24.41 (>=3.24.24)
   gtkada=25.0.1 --> make=4.3.0 (*)
   gtkada=25.0.1 --> pkg_config=1.8.1 (*)


LOG:
[alr test] Testing aicwl=3.24.1
[alr test] Spawning retrieval for remote crate: alr -d -n get aicwl=3.24.1
Note: Deploying aicwl=3.24.1...
Note: Migrating lockfile from /home/runner/work/alire-crates-ci/alire-crates-ci/test/27190341-05fa-4496-89c6-2aae5904295a/aicwl_3.24.1_73939c9e/alire.lock to /home/runner/work/alire-crates-ci/alire-crates-ci/test/27190341-05fa-4496-89c6-2aae5904295a/aicwl_3.24.1_73939c9e/alire/alire.lock

aicwl=3.24.1 successfully retrieved.
Dependencies were solved as follows:

   +  gtkada     25.0.1  (new)
   +b libgtk3    3.24.41 (new,indirect,system package)
   +b make       4.3.0   (new,indirect,system package)
   +b pkg_config 1.8.1   (new,indirect,system package)
[alr test] Spawning default test for remote crate: alr -d -n build --release -- -cargs:Ada -gnatwn
Note: Running post-fetch actions for gtkada=25.0.1...
checking build system type... x86_64-pc-linux-gnu
checking host system type... x86_64-pc-linux-gnu
checking target system type... x86_64-pc-linux-gnu
checking for pkg-config... /usr/bin/pkg-config
checking pkg-config is at least version 0.9.0... yes
checking for gcc... gcc
checking whether the C compiler works... no
configure: error: in `/home/runner/.local/share/alire/builds/gtkada_25.0.1_d3787772/20ece283def0535595b4c48bb0c5036845f09c805e64199cd714d6bba4517b09':
configure: error: C compiler cannot create executables
See `config.log' for more details
Warning: Execution failed for action: Post_Fetch run: bash -c PATH=${DISTRIB_ROOT}/mingw64/bin:${PATH} ./configure (from ${CRATE_ROOT}/.)
Warning: Exit code: 77
Warning: Action output not captured, check it above.
stderr: ALIRE.PROPERTIES.ACTIONS.ACTION_FAILED
stderr: Action failed with exit code 77
stderr: raised ALIRE.PROPERTIES.ACTIONS.ACTION_FAILED : Action failed with exit code 77
[/home/runner/work/alire-crates-ci/alire-crates-ci/alire_install/bin/alr]
0xacc145 Alire.Properties.Actions.Executor.Execute_Actions at alire-properties-actions-executor.adb:130
0xaca6d9 Alire.Properties.Actions.Executor.Execute_Actions at alire-properties-actions-executor.adb:36
0xc72eae Alire.Roots.Build at alire-roots.adb:232
0xc9832b Alire.Roots.Traverse at alire-roots.adb:2143
0xcfee85 Alire.Solutions.Traverse.Visit at alire-solutions.adb:1472
0xcfdca2 Alire.Solutions.Traverse at alire-solutions.adb:1539
0xc9841e Alire.Roots.Traverse at alire-roots.adb:2147
0xc984dd Alire.Roots.Traverse at alire-roots.adb:2127
0xc7359b Alire.Roots.Build at alire-roots.adb:286
0xc736d7 Alire.Roots.Build at alire-roots.adb:114
0x49aa0d Alr.Commands.Build.Execute at alr-commands-build.adb:145
0x49a36d Alr.Commands.Build.Execute at alr-commands-build.adb:113
0x49a51f Alr.Commands.Build.Execute at alr-commands-build.adb:54
0x53bbcc Alr.Commands.Sub_Cmd.Execute at clic-subcommand-instance.adb:749
0x5472be Alr.Commands.Execute at alr-commands.adb:632
0x43d48a Alr.Main at alr-main.adb:13
0x4403a3 Main at b__alr-main.adb:2445
[/lib/x86_64-linux-gnu/libc.so.6]
0x7f60c062a1c8
0x7f60c062a289
[/home/runner/work/alire-crates-ci/alire-crates-ci/alire_install/bin/alr]
0x43d323 _start at ???
0xfffffffffffffffe

ERROR: Compilation failed.
