Test ran at 2025-10-14 12:49:32.119734+00:00

SOLUTION:
bbs_embed_common=0.2.0: Abstract hardware drivers and drivers for some i2c bus devices.
Origin: commit 37c1a69b6cb64b0b7b7ac63a7ed5a1459d22e237 from https://github.com/BrentSeidel/BBS-BBB-Ada.git
Properties:
   Author: Brent Seidel
   Description: Abstract hardware drivers and drivers for some i2c bus devices.
   License: GPL-3.0-or-later
   Long_Description: This crate contains base classes for some hardware devices such as Analog
Inputs, GPIO pins, I2C bus, and SPI bus.  It also contains drivers for
devices that use, for example, an I2C bus.

By itself, this crate isn't much use.  It will need to be used with the
bbs_embed_linux crate which contains hardware drivers for the Raspberry Pi
and BeagleBone Black.

   Maintainer: Brent Seidel <brentseidel@mac.com>
   Maintainers_Logins: BrentSeidel
   Name: bbs_embed_common
   Tag: embedded
   Version: 0.2.0
   Website: https://github.com/BrentSeidel/BBS-BBB-Ada
Dependencies (direct):
   bbs~0.1.0
Dependencies (solution):
   bbs=0.1.0
Dependencies (graph):
   bbs_embed_common=0.2.0 --> bbs=0.1.0 (~0.1.0)


LOG:
Failed to locate log
