Test ran at 2026-06-11 14:28:44.157860+00:00

SOLUTION:
uxstrings=0.9.1+alpha-20260517: Unicode Extended Strings utilities
Origin: commit 408c33a7156179912e359e9a860bfdf960b173f1 from https://github.com/Blady-Com/UXStrings.git
Properties:
   Author: Pascal Pignard
   Description: Unicode Extended Strings utilities
   License: CECILL-C
   Maintainer: Pascal Pignard <blady.net@orange.fr>
   Maintainers_Logins: Blady-Com
   Name: uxstrings
   Project_File: lib_uxstrings.gpr
   Tag: unicode
   Tag: dynamic
   Tag: string
   Version: 0.9.1+alpha-20260517
   Website: https://github.com/Blady-Com/UXStrings
Dependencies (direct):
   gnat>=13
Dependencies (solution):
   gnat=15.2.1 (gnat_native)
Dependencies (graph):
   uxstrings=0.9.1+alpha-20260517 --> gnat=15.2.1 (gnat_native) (>=13)


LOG:
Failed to locate log
