Test ran at 2025-08-26 01:12:37.345393+00:00

SOLUTION:
gnat_avr_elf=15.1.2: The GNAT Ada compiler - AVR cross-compiler
Provides: gnat=15.1.2
Origin: (case OS is Linux => (case Host_Arch is Aarch64 => binary archive gnat-avr-elf-linux64-aarch64-15.1.0-2.tar.gz at https://github.com/alire-project/GNAT-FSF-builds/releases/download/gnat-15.1.0-2/gnat-avr-elf-linux64-aarch64-15.1.0-2.tar.gz, X86_64 => binary archive gnat-avr-elf-linux64-x86_64-15.1.0-2.tar.gz at https://github.com/alire-project/GNAT-FSF-builds/releases/download/gnat-15.1.0-2/gnat-avr-elf-linux64-x86_64-15.1.0-2.tar.gz), Macos => (case Host_Arch is Aarch64 => binary archive gnat-avr-elf-darwin-aarch64-15.1.0-2.tar.gz at https://github.com/alire-project/GNAT-FSF-builds/releases/download/gnat-15.1.0-2/gnat-avr-elf-darwin-aarch64-15.1.0-2.tar.gz, X86_64 => binary archive gnat-avr-elf-darwin-x86_64-15.1.0-2.tar.gz at https://github.com/alire-project/GNAT-FSF-builds/releases/download/gnat-15.1.0-2/gnat-avr-elf-darwin-x86_64-15.1.0-2.tar.gz), Windows => (case Host_Arch is X86_64 => binary archive gnat-avr-elf-windows64-x86_64-15.1.0-2.tar.gz at https://github.com/alire-project/GNAT-FSF-builds/releases/download/gnat-15.1.0-2/gnat-avr-elf-windows64-x86_64-15.1.0-2.tar.gz)) with hash sha256:fba0d1cdfef75a255cc417f402cf55eee95680176907d0bb63e9342b27bdff52
Properties:
   Auto_Gpr_With: auto-gpr-with=false
   Configuration: no modifiers
   Description: The GNAT Ada compiler - AVR cross-compiler
   Environment: PATH=${CRATE_ROOT}/bin:${PATH}
   License: GPL-3.0-or-later AND GPL-3.0-or-later WITH GCC-exception-3.1
   Maintainer: chouteau@adacore.com
   Maintainer: sagaert@adacore.com
   Maintainers_Logins: Fabien-Chouteau
   Maintainers_Logins: AldanTanneo
   Name: gnat_avr_elf
   Version: 15.1.2
   Website: https://github.com/alire-project/GNAT-FSF-builds


LOG:
[alr test] Testing gnat_avr_elf=15.1.2
[alr test] Spawning retrieval for remote crate: alr -d -n get gnat_avr_elf=15.1.2
Note: Deploying gnat_avr_elf=15.1.2...
#=#=#                                                                          

                                                                           0.0%
##                                                                         3.9%
#####                                                                      7.4%
#######                                                                   10.6%
########                                                                  11.9%
##########                                                                14.8%
#############                                                             18.9%
###############                                                           21.2%
###############                                                           22.1%
##################                                                        25.8%
#####################                                                     29.8%
######################                                                    31.6%
#########################                                                 35.1%
###########################                                               38.2%
############################                                              39.8%
##############################                                            42.2%
##################################                                        47.6%
##################################                                        48.0%
#####################################                                     51.6%
#######################################                                   55.3%
##########################################                                59.1%
##############################################                            63.9%
##################################################                        70.0%
#######################################################                   77.4%
###########################################################               82.2%
##############################################################            87.2%
##################################################################        92.1%
####################################################################      95.8%
######################################################################## 100.0%

gnat_avr_elf=15.1.2 successfully retrieved.
There are no dependencies.
[alr test] Test completed SUCCESSFULLY
