Test ran at 2025-10-03 00:44:14.606064+00:00

SOLUTION:
embedded_components=0.4.0: Platform agnostic drivers to interface external components
Origin: commit f25a8cc920fa0510409c878d4133db1d7c227eda from https://github.com/Fabien-Chouteau/embedded-components.git
Properties:
   Author: AdaCore
   Build Switches: 
   Description: Platform agnostic drivers to interface external components
   License: BSD-3-Clause
   Long_Description: # embedded-components

Platform agnostic drivers to interface external components.

This crate is a snapshot of the `components` of [Ada Drivers
Library](https://github.com/AdaCore/Ada_Drivers_Library/tree/master/components).

Any bug report, issue, contribution must be adressed to the [Ada Drivers
Library](https://github.com/AdaCore/Ada_Drivers_Library/) repo.


   Maintainer: chouteau@adacore.com
   Maintainers_Logins: Fabien-Chouteau
   Name: embedded_components
   Project_File: embedded_components.gpr
   Tag: embedded
   Tag: nostd
   Version: 0.4.0
   Website: https://github.com/AdaCore/Ada_Drivers_Library/
Dependencies (direct):
   adl_middleware~0.4.0
   hal^1.0.0
Dependencies (solution):
   adl_middleware=0.4.0
   hal=1.0.0
Dependencies (graph):
   adl_middleware=0.4.0      --> hal=1.0.0 (^1.0.0)
   embedded_components=0.4.0 --> adl_middleware=0.4.0 (~0.4.0)
   embedded_components=0.4.0 --> hal=1.0.0 (^1.0.0)


LOG:
[alr test] Testing embedded_components=0.4.0
[alr test] Spawning retrieval for remote crate: alr -d -n get embedded_components=0.4.0
Note: Deploying embedded_components=0.4.0...
Note: Deploying hal=1.0.0...
Note: Deploying adl_middleware=0.4.0...

embedded_components=0.4.0 successfully retrieved.
Dependencies were solved as follows:

   + adl_middleware 0.4.0 (new)
   + hal            1.0.0 (new)
[alr test] Spawning default test for remote crate: alr -d -n build --release -- -cargs:Ada -gnatwn
Note: Building embedded_components=0.4.0/embedded_components.gpr...
Setup
   [mkdir]        object directory for project HAL
   [mkdir]        library directory for project HAL
   [mkdir]        object directory for project Adl_Middleware
   [mkdir]        library directory for project Adl_Middleware
   [mkdir]        object directory for project Embedded_Components
   [mkdir]        library directory for project Embedded_Components
Compile
   [Ada]          hal-uart.ads
   [Ada]          hal-touch_panel.ads
   [Ada]          hal-audio.ads
   [Ada]          hal-flash.ads
   [Ada]          hal-bitmap.ads
   [Ada]          hal-gpio.ads
   [Ada]          hal-framebuffer.ads
   [Ada]          hal-sdmmc.adb
   [Ada]          hal-i2c.ads
   [Ada]          hal-time.ads
   [Ada]          hal.ads
   [Ada]          hal-real_time_clock.ads
   [Ada]          hal-block_drivers.ads
   [Ada]          hal-filesystem.ads
   [Ada]          hal-dsi.ads
   [Ada]          hal-spi.ads
   [Ada]          adl_middleware_config.ads
   [Ada]          soft_drawing_bitmap.adb
   [Ada]          memory_mapped_bitmap.adb
   [Ada]          bitmap_file_output.adb
   [Ada]          bitmap_color_conversion.adb
   [Ada]          monitor.ads
   [Ada]          monitor-block_drivers.adb
   [Ada]          neopixel.adb
   [Ada]          filesystem-fat-files.adb
   [Ada]          partitions.adb
   [Ada]          filesystem-fat.adb
   [Ada]          filesystem-mbr.adb
   [Ada]          filesystem.ads
   [Ada]          file_io.adb
   [Ada]          pathname_manipulation.adb
   [Ada]          filesystem-fat-directories.adb
   [Ada]          simple_synthesizer.adb
   [Ada]          sdmmc_init.adb
   [Ada]          command_line.adb
   [Ada]          command_line-filesystem-cat.adb
   [Ada]          command_line-filesystem-touch.adb
   [Ada]          command_line-filesystem-list_directory.adb
   [Ada]          command_line-filesystem.adb
   [Ada]          command_line-filesystem-remove_directory.adb
   [Ada]          bluetooth_low_energy-packets.adb
   [Ada]          bluetooth_low_energy.adb
   [Ada]          bluetooth_low_energy-beacon.adb
   [Ada]          logging_with_priority.adb
   [Ada]          logging_with_categories.adb
   [Ada]          logging.adb
   [Ada]          hex_dump.adb
   [Ada]          file_block_drivers.adb
   [Ada]          adl_config.ads
   [Ada]          embedded_components_config.ads
   [Ada]          w25q16.adb
   [Ada]          mma8653.adb
   [Ada]          mpu9250.adb
   [Ada]          lis3dsh-spi.adb
   [Ada]          lis3dsh.adb
   [Ada]          bosch_bno055.adb
   [Ada]          bno055_i2c_io.adb
   [Ada]          l3gd20.adb
   [Ada]          lsm303agr.adb
   [Ada]          ak8963.adb
   [Ada]          pmw3901.adb
   [Ada]          xpt2046-temperature.adb
   [Ada]          xpt2046.adb
   [Ada]          ft5336.adb
   [Ada]          stmpe811.adb
   [Ada]          ft6x06.adb
   [Ada]          vl53l1x.adb
   [Ada]          vl53l0x.adb
   [Ada]          wm8994.adb
   [Ada]          cs43l22.adb
   [Ada]          sgtl5000.adb
   [Ada]          ili9341-b16_connector.adb
   [Ada]          ili9341-spi_connector.adb
   [Ada]          ili9341-regs.ads
   [Ada]          ili9341.ads
   [Ada]          ili9341-device.adb
   [Ada]          ili9341-device-bitmap.adb
ili9341-device.adb:44:53: illegal character, replaced by "("
ili9341-device.adb:53:52: illegal character, replaced by "("
ili9341-device.adb:64:07: declaration expected
ili9341-device.adb:66:42: illegal character, replaced by "("
ili9341-device.adb:70:32: illegal character, replaced by "("
ili9341-device.adb:72:43: illegal character, replaced by "("
ili9341-device.adb:74:41: illegal character, replaced by "("
ili9341-device.adb:75:41: illegal character, replaced by "("
ili9341-device.adb:76:46: illegal character, replaced by "("
ili9341-device.adb:77:40: illegal character, replaced by "("
ili9341-device.adb:78:43: illegal character, replaced by "("
ili9341-device.adb:79:43: illegal character, replaced by "("
ili9341-device.adb:80:42: illegal character, replaced by "("
ili9341-device.adb:81:42: illegal character, replaced by "("
ili9341-device.adb:82:40: illegal character, replaced by "("
ili9341-device.adb:84:40: illegal character, replaced by "("
ili9341-device.adb:88:56: illegal character, replaced by "("
ili9341-device.adb:89:52: illegal character, replaced by "("
ili9341-device.adb:90:46: illegal character, replaced by "("
ili9341-device.adb:92:55: illegal character, replaced by "("
ili9341-device.adb:93:46: illegal character, replaced by "("
ili9341-device.adb:96:46: illegal character, replaced by "("
ili9341-device.adb:99:37: illegal character, replaced by "("
ili9341-device.adb:101:46: illegal character, replaced by "("
ili9341-device.adb:102:42: illegal character, replaced by "("
ili9341-device.adb:106:10: illegal character, replaced by "("
ili9341-device.adb:107:65: illegal character, replaced by ")"
ili9341-device.adb:112:10: illegal character, replaced by "("
ili9341-device.adb:113:65: illegal character, replaced by ")"
ili9341-device.adb:115:46: illegal character, replaced by "("
ili9341-device.adb:119:47: illegal character, replaced by "("
ili9341-device.adb:123:47: illegal character, replaced by "("
ili9341-device.adb:138:09: illegal character, replaced by "("
ili9341-device.adb:141:31: illegal character, replaced by ")"
ili9341-device.adb:148:45: illegal character, replaced by "("
ili9341-device-bitmap.adb:86:49: illegal character, replaced by "("
ili9341-device-bitmap.adb:102:52: illegal character, replaced by "("
ili9341-device-bitmap.adb:124:46: illegal character, replaced by "("
ili9341-device-bitmap.adb:203:10: illegal character, replaced by "("
ili9341-device-bitmap.adb:208:10: illegal character, replaced by "("
ili9341-device-bitmap.adb:222:46: illegal character, replaced by "("

   compilation of ili9341-device-bitmap.adb failed
   compilation of ili9341-device.adb failed

gprbuild: *** compilation phase failed
stderr: Command ["gprbuild", "-s", "-j0", "-p", "-P", "/home/runner/work/alire-crates-ci/alire-crates-ci/test/b422acc3-c48e-4f30-8c9a-c62cd56340a4/embedded_components_0.4.0_f25a8cc9/embedded_components.gpr", "-cargs:Ada", "-gnatwn"] exited with code 4
ERROR: Command ["gprbuild", "-s", "-j0", "-p", "-P", "/home/runner/work/alire-crates-ci/alire-crates-ci/test/b422acc3-c48e-4f30-8c9a-c62cd56340a4/embedded_components_0.4.0_f25a8cc9/embedded_components.gpr", "-cargs:Ada", "-gnatwn"] exited with code 4
stderr: ALIRE.CHECKED_ERROR
stderr: Command ["gprbuild", "-s", "-j0", "-p", "-P", "/home/runner/work/alire-crates-ci/alire-crates-ci/test/b422acc3-c48e-4f30-8c9a-c62cd56340a4/embedded_components_0.4.0_f25a8cc9/embedded_components.gpr", "-cargs:Ada", "-gnatwn"] exited with code 4
stderr: raised ALIRE.CHECKED_ERROR : alire-stored-error:1
[/home/runner/work/alire-crates-ci/alire-crates-ci/alire_install/bin/alr]
0xe75bc6 Alire.Raise_Checked_Error at alire.adb:284
0xac1a54 Alire.Os_Lib.Subprocess.Checked_Spawn at alire-os_lib-subprocess.adb:111
0xd40276 Alire.Spawn.Command at alire-spawn.adb:22
0xd412ee Alire.Spawn.Gprbuild at alire-spawn.adb:68
0xc748cb Alire.Roots.Build at alire-roots.adb:189
0xc7301a Alire.Roots.Build at alire-roots.adb:255
0xc9832b Alire.Roots.Traverse at alire-roots.adb:2143
0xcfee85 Alire.Solutions.Traverse.Visit at alire-solutions.adb:1472
0xcfdfcc Alire.Solutions.Traverse at alire-solutions.adb:1555
0xc9841e Alire.Roots.Traverse at alire-roots.adb:2147
0xc984dd Alire.Roots.Traverse at alire-roots.adb:2127
0xc7359b Alire.Roots.Build at alire-roots.adb:286
0xc736d7 Alire.Roots.Build at alire-roots.adb:114
0x49aa0d Alr.Commands.Build.Execute at alr-commands-build.adb:145
0x49a36d Alr.Commands.Build.Execute at alr-commands-build.adb:113
0x49a51f Alr.Commands.Build.Execute at alr-commands-build.adb:54
0x53bbcc Alr.Commands.Sub_Cmd.Execute at clic-subcommand-instance.adb:749
0x5472be Alr.Commands.Execute at alr-commands.adb:632
0x43d48a Alr.Main at alr-main.adb:13
0x4403a3 Main at b__alr-main.adb:2445
[/lib/x86_64-linux-gnu/libc.so.6]
0x7f7f0942a1c8
0x7f7f0942a289
[/home/runner/work/alire-crates-ci/alire-crates-ci/alire_install/bin/alr]
0x43d323 _start at ???
0xfffffffffffffffe

stderr: ALIRE.ROOTS.BUILD._WRAPPED_STATEMENTS.BUILD_FAILED
stderr: alire-roots.adb:202
stderr: raised ALIRE.ROOTS.BUILD._WRAPPED_STATEMENTS.BUILD_FAILED : alire-roots.adb:202
[/home/runner/work/alire-crates-ci/alire-crates-ci/alire_install/bin/alr]
0xc74cc7 Alire.Roots.Build at alire-roots.adb:202
0xc7301a Alire.Roots.Build at alire-roots.adb:255
0xc9832b Alire.Roots.Traverse at alire-roots.adb:2143
0xcfee85 Alire.Solutions.Traverse.Visit at alire-solutions.adb:1472
0xcfdfcc Alire.Solutions.Traverse at alire-solutions.adb:1555
0xc9841e Alire.Roots.Traverse at alire-roots.adb:2147
0xc984dd Alire.Roots.Traverse at alire-roots.adb:2127
0xc7359b Alire.Roots.Build at alire-roots.adb:286
0xc736d7 Alire.Roots.Build at alire-roots.adb:114
0x49aa0d Alr.Commands.Build.Execute at alr-commands-build.adb:145
0x49a36d Alr.Commands.Build.Execute at alr-commands-build.adb:113
0x49a51f Alr.Commands.Build.Execute at alr-commands-build.adb:54
0x53bbcc Alr.Commands.Sub_Cmd.Execute at clic-subcommand-instance.adb:749
0x5472be Alr.Commands.Execute at alr-commands.adb:632
0x43d48a Alr.Main at alr-main.adb:13
0x4403a3 Main at b__alr-main.adb:2445
[/lib/x86_64-linux-gnu/libc.so.6]
0x7f7f0942a1c8
0x7f7f0942a289
[/home/runner/work/alire-crates-ci/alire-crates-ci/alire_install/bin/alr]
0x43d323 _start at ???
0xfffffffffffffffe

ERROR: Compilation failed.
