Test ran at 2026-08-18 00:34:19.748243+00:00

SOLUTION:
gnat_aarch64_elf=16.1.0: The GNAT Ada compiler - aarch64 cross-compiler
Provides: gnat=16.1.0
Origin: (case OS is Linux => (case Host_Arch is Aarch64 => binary archive gnat-aarch64-elf-linux64-aarch64-16.1.0-1.tar.gz at https://github.com/alire-project/GNAT-FSF-builds/releases/download/gnat-16.1.0-1/gnat-aarch64-elf-linux64-aarch64-16.1.0-1.tar.gz, X86_64 => binary archive gnat-aarch64-elf-linux64-x86_64-16.1.0-1.tar.gz at https://github.com/alire-project/GNAT-FSF-builds/releases/download/gnat-16.1.0-1/gnat-aarch64-elf-linux64-x86_64-16.1.0-1.tar.gz), Macos => (case Host_Arch is Aarch64 => binary archive gnat-aarch64-elf-darwin-aarch64-16.1.0-1.tar.gz at https://github.com/alire-project/GNAT-FSF-builds/releases/download/gnat-16.1.0-1/gnat-aarch64-elf-darwin-aarch64-16.1.0-1.tar.gz, X86_64 => binary archive gnat-aarch64-elf-darwin-x86_64-16.1.0-1.tar.gz at https://github.com/alire-project/GNAT-FSF-builds/releases/download/gnat-16.1.0-1/gnat-aarch64-elf-darwin-x86_64-16.1.0-1.tar.gz), Windows => (case Host_Arch is X86_64 => binary archive gnat-aarch64-elf-windows64-x86_64-16.1.0-1.tar.gz at https://github.com/alire-project/GNAT-FSF-builds/releases/download/gnat-16.1.0-1/gnat-aarch64-elf-windows64-x86_64-16.1.0-1.tar.gz)) with hash sha256:576e710d442882f6a85db0b5c36847d930d80124b7f2551771d32c3e9eac8052
Properties:
   Auto_Gpr_With: auto-gpr-with=false
   Configuration: no modifiers
   Description: The GNAT Ada compiler - aarch64 cross-compiler
   Environment: PATH=${CRATE_ROOT}/bin:${PATH}
   License: GPL-3.0-or-later AND GPL-3.0-or-later WITH GCC-exception-3.1
   Maintainer: chouteau@adacore.com
   Maintainer: sagaert@adacore.com
   Maintainers_Logins: Fabien-Chouteau
   Maintainers_Logins: AldanTanneo
   Name: gnat_aarch64_elf
   Version: 16.1.0
   Website: https://github.com/alire-project/GNAT-FSF-builds


LOG:
[alr test] Testing gnat_aarch64_elf=16.1.0
[alr test] Spawning retrieval for remote crate: alr -d -n get gnat_aarch64_elf=16.1.0
Note: Deploying gnat_aarch64_elf=16.1.0...
#=#=#                                                                          

                                                                           0.0%
#                                                                          1.7%
##                                                                         3.0%
###                                                                        4.2%
####                                                                       5.8%
#####                                                                      7.3%
#######                                                                   10.5%
#########                                                                 12.9%
###########                                                               15.5%
#############                                                             18.1%
##############                                                            20.3%
###############                                                           21.7%
#################                                                         24.4%
##################                                                        25.3%
####################                                                      28.5%
#####################                                                     30.2%
#######################                                                   32.6%
########################                                                  34.3%
#########################                                                 35.8%
##########################                                                36.3%
###########################                                               37.9%
############################                                              39.5%
############################                                              40.0%
##############################                                            42.2%
###############################                                           43.4%
################################                                          45.2%
#################################                                         47.1%
###################################                                       48.9%
####################################                                      50.7%
#######################################                                   54.2%
########################################                                  56.2%
#########################################                                 58.0%
##########################################                                59.4%
###########################################                               61.0%
############################################                              61.5%
##############################################                            65.1%
################################################                          67.2%
#################################################                         68.7%
###################################################                       71.3%
####################################################                      72.3%
######################################################                    75.9%
########################################################                  78.9%
#########################################################                 79.6%
#########################################################                 79.7%
#########################################################                 80.1%
##########################################################                80.9%
###########################################################               83.1%
############################################################              84.2%
##############################################################            86.1%
##############################################################            87.0%
###############################################################           88.5%
################################################################          90.2%
#################################################################         90.6%
##################################################################        92.9%
###################################################################       94.0%
#####################################################################     96.3%
######################################################################    97.7%
#######################################################################   99.5%
######################################################################## 100.0%

gnat_aarch64_elf=16.1.0 successfully retrieved.
There are no dependencies.
[alr test] Test completed SUCCESSFULLY
