Test ran at 2026-08-07 01:37:13.676205+00:00

SOLUTION:
vanilla=0.9.8: Simple replace in character stream
Origin: commit efa1a07926fda41f33bda22f2976d9dd527cb6b2 from https://github.com/jquorning/replace_v1.git
Properties:
   Author: Jesper Quorning
   Description: Simple replace in character stream
   License: MIT
   Long_Description: Library of simple substitution of tags into strings
in character streams and strings.

Tags could be $A, $B, $3 etcetera.

   Maintainer: Jesper Quorning <jesper.quorning@gmail.com>
   Maintainers_Logins: jquorning
   Name: vanilla
   Project_File: vanilla.gpr
   Tag: simple
   Tag: substitute
   Tag: replace
   Tag: vanilla
   Version: 0.9.8
   Website: https://github.com/jquorning/vanilla


LOG:
[alr test] Testing vanilla=0.9.8
[alr test] Spawning retrieval for remote crate: alr -d -n get vanilla=0.9.8
Note: Deploying vanilla=0.9.8...

vanilla=0.9.8 successfully retrieved.
There are no dependencies.
[alr test] Spawning default test for remote crate: alr -d -n build --release -- -cargs:Ada -gnatwn
Note: Building vanilla=0.9.8/vanilla.gpr...
Setup
   [mkdir]        object directory for project Vanilla
   [mkdir]        library directory for project Vanilla
Compile
   [Ada]          vanilla_substitute.adb
Build Libraries
   [gprlib]       vanilla.lexch
   [archive]      libvanilla.a
   [index]        libvanilla.a
Success: Build finished successfully in 0.37 seconds.
Found declared GPR file: vanilla.gpr
[alr test] Test completed SUCCESSFULLY
