Test ran at 2025-07-18 01:04:15.690908+00:00

SOLUTION:
spawn_glib=25.0.0: A simple library to spawn processes and communicate with them.
Origin: source archive spawn-25.0.0.zip at https://github.com/adacore/spawn/archive/v25.0.0/spawn-25.0.0.zip with hash sha512:c1135d5db88cf6672a8e784ad5805020e3d6e97b0cd4f25b21f03b1e2c6f1bec9f84cd68a41554b5d5e4c2829712668fafd40de17e7874d3b22dd8cbddb5a615
Properties:
   Author: AdaCore
   Configuration: no modifiers
   Description: A simple library to spawn processes and communicate with them.
   GPR Scenario: SPAWN_OS := unix | osx | Windows_NT
   case OS is
      when Linux => GPR External: SPAWN_OS := unix
      when Macos => GPR External: SPAWN_OS := osx
      when Windows => GPR External: SPAWN_OS := Windows_NT
   License: Apache-2.0 WITH LLVM-exception
   Long_Description: This is Glib integrated implementation of a spawn processes interface.
   Maintainer: Vadim Godunko <vgodunko@gmail.com>
   Maintainer: Max Reznik <reznikmm@gmail.com>
   Maintainers_Logins: godunko
   Maintainers_Logins: reznikmm
   Name: spawn_glib
   Project_File: gnat/spawn_glib.gpr
   Tag: process
   Tag: launch
   Tag: pipe
   Tag: glib
   Version: 25.0.0
   Website: https://github.com/AdaCore/spawn
Dependencies (direct):
   gtkada>=23
Dependencies (solution):
   gtkada=25.0.1
   libgtk3=3.24.41
   make=4.3.0
   pkg_config=1.8.1
Dependencies (graph):
   gtkada=25.0.1     --> libgtk3=3.24.41 (>=3.24.24)
   gtkada=25.0.1     --> make=4.3.0 (*)
   gtkada=25.0.1     --> pkg_config=1.8.1 (*)
   spawn_glib=25.0.0 --> gtkada=25.0.1 (>=23)


LOG:
[alr test] Testing spawn_glib=25.0.0
[alr test] Spawning retrieval for remote crate: alr -d -n get spawn_glib=25.0.0
Note: Deploying spawn_glib=25.0.0...
#=#=#                                                                          
##O#-#                                                                         
Note: Deploying libgtk3=3.24.41...
The system package 'libgtk-3-dev' is about to be installed.
This action might require admin privileges and impact your system installation.
Do you want Alire to install this system package?
Using default: Yes
Selecting previously unselected package gir1.2-atk-1.0:amd64.
(Reading database ... 
(Reading database ... 5%
(Reading database ... 10%
(Reading database ... 15%
(Reading database ... 20%
(Reading database ... 25%
(Reading database ... 30%
(Reading database ... 35%
(Reading database ... 40%
(Reading database ... 45%
(Reading database ... 50%
(Reading database ... 55%
(Reading database ... 60%
(Reading database ... 65%
(Reading database ... 70%
(Reading database ... 75%
(Reading database ... 80%
(Reading database ... 85%
(Reading database ... 90%
(Reading database ... 95%
(Reading database ... 100%
(Reading database ... 225429 files and directories currently installed.)
Preparing to unpack .../00-gir1.2-atk-1.0_2.52.0-1build1_amd64.deb ...
Unpacking gir1.2-atk-1.0:amd64 (2.52.0-1build1) ...
Selecting previously unselected package gir1.2-atspi-2.0:amd64.
Preparing to unpack .../01-gir1.2-atspi-2.0_2.52.0-1build1_amd64.deb ...
Unpacking gir1.2-atspi-2.0:amd64 (2.52.0-1build1) ...
Selecting previously unselected package gir1.2-gdkpixbuf-2.0:amd64.
Preparing to unpack .../02-gir1.2-gdkpixbuf-2.0_2.42.10+dfsg-3ubuntu3.1_amd64.deb ...
Unpacking gir1.2-gdkpixbuf-2.0:amd64 (2.42.10+dfsg-3ubuntu3.1) ...
Selecting previously unselected package libpangoxft-1.0-0:amd64.
Preparing to unpack .../03-libpangoxft-1.0-0_1.52.1+ds-1build1_amd64.deb ...
Unpacking libpangoxft-1.0-0:amd64 (1.52.1+ds-1build1) ...
Selecting previously unselected package gir1.2-pango-1.0:amd64.
Preparing to unpack .../04-gir1.2-pango-1.0_1.52.1+ds-1build1_amd64.deb ...
Unpacking gir1.2-pango-1.0:amd64 (1.52.1+ds-1build1) ...
Selecting previously unselected package gir1.2-gtk-3.0:amd64.
Preparing to unpack .../05-gir1.2-gtk-3.0_3.24.41-4ubuntu1.3_amd64.deb ...
Unpacking gir1.2-gtk-3.0:amd64 (3.24.41-4ubuntu1.3) ...
Selecting previously unselected package libatk1.0-dev:amd64.
Preparing to unpack .../06-libatk1.0-dev_2.52.0-1build1_amd64.deb ...
Unpacking libatk1.0-dev:amd64 (2.52.0-1build1) ...
Selecting previously unselected package libxtst-dev:amd64.
Preparing to unpack .../07-libxtst-dev_2%3a1.2.3-1.1build1_amd64.deb ...
Unpacking libxtst-dev:amd64 (2:1.2.3-1.1build1) ...
Selecting previously unselected package libatspi2.0-dev:amd64.
Preparing to unpack .../08-libatspi2.0-dev_2.52.0-1build1_amd64.deb ...
Unpacking libatspi2.0-dev:amd64 (2.52.0-1build1) ...
Selecting previously unselected package libatk-bridge2.0-dev:amd64.
Preparing to unpack .../09-libatk-bridge2.0-dev_2.52.0-1build1_amd64.deb ...
Unpacking libatk-bridge2.0-dev:amd64 (2.52.0-1build1) ...
Selecting previously unselected package libcairo-script-interpreter2:amd64.
Preparing to unpack .../10-libcairo-script-interpreter2_1.18.0-3build1_amd64.deb ...
Unpacking libcairo-script-interpreter2:amd64 (1.18.0-3build1) ...
Selecting previously unselected package libfontconfig-dev:amd64.
Preparing to unpack .../11-libfontconfig-dev_2.15.0-1.1ubuntu2_amd64.deb ...
Unpacking libfontconfig-dev:amd64 (2.15.0-1.1ubuntu2) ...
Selecting previously unselected package libpixman-1-dev:amd64.
Preparing to unpack .../12-libpixman-1-dev_0.42.2-1build1_amd64.deb ...
Unpacking libpixman-1-dev:amd64 (0.42.2-1build1) ...
Selecting previously unselected package libxcb-render0-dev:amd64.
Preparing to unpack .../13-libxcb-render0-dev_1.15-1ubuntu2_amd64.deb ...
Unpacking libxcb-render0-dev:amd64 (1.15-1ubuntu2) ...
Selecting previously unselected package libxcb-shm0-dev:amd64.
Preparing to unpack .../14-libxcb-shm0-dev_1.15-1ubuntu2_amd64.deb ...
Unpacking libxcb-shm0-dev:amd64 (1.15-1ubuntu2) ...
Selecting previously unselected package libcairo2-dev:amd64.
Preparing to unpack .../15-libcairo2-dev_1.18.0-3build1_amd64.deb ...
Unpacking libcairo2-dev:amd64 (1.18.0-3build1) ...
Selecting previously unselected package libdatrie-dev:amd64.
Preparing to unpack .../16-libdatrie-dev_0.2.13-3build1_amd64.deb ...
Unpacking libdatrie-dev:amd64 (0.2.13-3build1) ...
Selecting previously unselected package libglvnd-core-dev:amd64.
Preparing to unpack .../17-libglvnd-core-dev_1.7.0-1build1_amd64.deb ...
Unpacking libglvnd-core-dev:amd64 (1.7.0-1build1) ...
Selecting previously unselected package libopengl0:amd64.
Preparing to unpack .../18-libopengl0_1.7.0-1build1_amd64.deb ...
Unpacking libopengl0:amd64 (1.7.0-1build1) ...
Selecting previously unselected package libopengl-dev:amd64.
Preparing to unpack .../19-libopengl-dev_1.7.0-1build1_amd64.deb ...
Unpacking libopengl-dev:amd64 (1.7.0-1build1) ...
Selecting previously unselected package libglvnd-dev:amd64.
Preparing to unpack .../20-libglvnd-dev_1.7.0-1build1_amd64.deb ...
Unpacking libglvnd-dev:amd64 (1.7.0-1build1) ...
Selecting previously unselected package libegl1-mesa-dev:amd64.
Preparing to unpack .../21-libegl1-mesa-dev_24.2.8-1ubuntu1~24.04.1_amd64.deb ...
Unpacking libegl1-mesa-dev:amd64 (24.2.8-1ubuntu1~24.04.1) ...
Selecting previously unselected package libepoxy-dev:amd64.
Preparing to unpack .../22-libepoxy-dev_1.5.10-1build1_amd64.deb ...
Unpacking libepoxy-dev:amd64 (1.5.10-1build1) ...
Selecting previously unselected package libfribidi-dev:amd64.
Preparing to unpack .../23-libfribidi-dev_1.0.13-3build1_amd64.deb ...
Unpacking libfribidi-dev:amd64 (1.0.13-3build1) ...
Selecting previously unselected package libgdk-pixbuf2.0-bin.
Preparing to unpack .../24-libgdk-pixbuf2.0-bin_2.42.10+dfsg-3ubuntu3.1_amd64.deb ...
Unpacking libgdk-pixbuf2.0-bin (2.42.10+dfsg-3ubuntu3.1) ...
Selecting previously unselected package libgdk-pixbuf-2.0-dev:amd64.
Preparing to unpack .../25-libgdk-pixbuf-2.0-dev_2.42.10+dfsg-3ubuntu3.1_amd64.deb ...
Unpacking libgdk-pixbuf-2.0-dev:amd64 (2.42.10+dfsg-3ubuntu3.1) ...
Selecting previously unselected package libthai-dev:amd64.
Preparing to unpack .../26-libthai-dev_0.1.29-2build1_amd64.deb ...
Unpacking libthai-dev:amd64 (0.1.29-2build1) ...
Selecting previously unselected package libxft-dev:amd64.
Preparing to unpack .../27-libxft-dev_2.3.6-1build1_amd64.deb ...
Unpacking libxft-dev:amd64 (2.3.6-1build1) ...
Selecting previously unselected package pango1.0-tools.
Preparing to unpack .../28-pango1.0-tools_1.52.1+ds-1build1_amd64.deb ...
Unpacking pango1.0-tools (1.52.1+ds-1build1) ...
Selecting previously unselected package libpango1.0-dev:amd64.
Preparing to unpack .../29-libpango1.0-dev_1.52.1+ds-1build1_amd64.deb ...
Unpacking libpango1.0-dev:amd64 (1.52.1+ds-1build1) ...
Selecting previously unselected package libxcomposite-dev:amd64.
Preparing to unpack .../30-libxcomposite-dev_1%3a0.4.5-1build3_amd64.deb ...
Unpacking libxcomposite-dev:amd64 (1:0.4.5-1build3) ...
Selecting previously unselected package libxdamage-dev:amd64.
Preparing to unpack .../31-libxdamage-dev_1%3a1.1.6-1build1_amd64.deb ...
Unpacking libxdamage-dev:amd64 (1:1.1.6-1build1) ...
Selecting previously unselected package wayland-protocols.
Preparing to unpack .../32-wayland-protocols_1.34-1_all.deb ...
Unpacking wayland-protocols (1.34-1) ...
Selecting previously unselected package libgtk-3-dev:amd64.
Preparing to unpack .../33-libgtk-3-dev_3.24.41-4ubuntu1.3_amd64.deb ...
Unpacking libgtk-3-dev:amd64 (3.24.41-4ubuntu1.3) ...
Setting up libxdamage-dev:amd64 (1:1.1.6-1build1) ...
Setting up libcairo-script-interpreter2:amd64 (1.18.0-3build1) ...
Setting up libpixman-1-dev:amd64 (0.42.2-1build1) ...
Setting up libpangoxft-1.0-0:amd64 (1.52.1+ds-1build1) ...
Setting up libglvnd-core-dev:amd64 (1.7.0-1build1) ...
Setting up gir1.2-gdkpixbuf-2.0:amd64 (2.42.10+dfsg-3ubuntu3.1) ...
Setting up libfontconfig-dev:amd64 (2.15.0-1.1ubuntu2) ...
Setting up gir1.2-atk-1.0:amd64 (2.52.0-1build1) ...
Setting up libxcomposite-dev:amd64 (1:0.4.5-1build3) ...
Setting up libfribidi-dev:amd64 (1.0.13-3build1) ...
Setting up libepoxy-dev:amd64 (1.5.10-1build1) ...
Setting up pango1.0-tools (1.52.1+ds-1build1) ...
Setting up gir1.2-atspi-2.0:amd64 (2.52.0-1build1) ...
Setting up libopengl0:amd64 (1.7.0-1build1) ...
Setting up libxcb-shm0-dev:amd64 (1.15-1ubuntu2) ...
Setting up gir1.2-pango-1.0:amd64 (1.52.1+ds-1build1) ...
Setting up libxcb-render0-dev:amd64 (1.15-1ubuntu2) ...
Setting up wayland-protocols (1.34-1) ...
Setting up libdatrie-dev:amd64 (0.2.13-3build1) ...
Setting up libgdk-pixbuf2.0-bin (2.42.10+dfsg-3ubuntu3.1) ...
Setting up libcairo2-dev:amd64 (1.18.0-3build1) ...
Setting up libopengl-dev:amd64 (1.7.0-1build1) ...
Setting up libatk1.0-dev:amd64 (2.52.0-1build1) ...
Setting up libxft-dev:amd64 (2.3.6-1build1) ...
Setting up libxtst-dev:amd64 (2:1.2.3-1.1build1) ...
Setting up libgdk-pixbuf-2.0-dev:amd64 (2.42.10+dfsg-3ubuntu3.1) ...
Setting up libatspi2.0-dev:amd64 (2.52.0-1build1) ...
Setting up gir1.2-gtk-3.0:amd64 (3.24.41-4ubuntu1.3) ...
Setting up libglvnd-dev:amd64 (1.7.0-1build1) ...
Setting up libatk-bridge2.0-dev:amd64 (2.52.0-1build1) ...
Setting up libthai-dev:amd64 (0.1.29-2build1) ...
Setting up libegl1-mesa-dev:amd64 (24.2.8-1ubuntu1~24.04.1) ...
Setting up libpango1.0-dev:amd64 (1.52.1+ds-1build1) ...
Setting up libgtk-3-dev:amd64 (3.24.41-4ubuntu1.3) ...
Processing triggers for man-db (2.12.0-4build2) ...
Processing triggers for libc-bin (2.39-0ubuntu8.4) ...

Running kernel seems to be up-to-date.

Restarting services...

Service restarts being deferred:
 /etc/needrestart/restart.d/dbus.service
 systemctl restart docker.service
 systemctl restart hosted-compute-agent.service
 systemctl restart networkd-dispatcher.service
 systemctl restart systemd-logind.service

No containers need to be restarted.

User sessions running outdated binaries:
 runner @ user manager service: systemd[944]

No VM guests are running outdated hypervisor (qemu) binaries on this host.
Note: Deploying gtkada=25.0.1...
#=#=#                                                                          
##O#-#                                                                         
##=O#- #                                                                       
# #=O#- #                                                                      
 # #=O#-  #                                                                    
  # #=O=#   #                                                                  
   # #=O=#   #                                                                 
    # -#O=-#   #                                                               
     # -#O=- #   #                                                             

spawn_glib=25.0.0 successfully retrieved.
Dependencies were solved as follows:

   +  gtkada     25.0.1  (new)
   +b libgtk3    3.24.41 (new,indirect,system package)
   +b make       4.3.0   (new,indirect,system package)
   +b pkg_config 1.8.1   (new,indirect,system package)
[alr test] Spawning default test for remote crate: alr -d -n build --release -- -cargs:Ada -gnatwn
Note: Running post-fetch actions for gtkada=25.0.1...
checking build system type... x86_64-pc-linux-gnu
checking host system type... x86_64-pc-linux-gnu
checking target system type... x86_64-pc-linux-gnu
checking for pkg-config... /usr/bin/pkg-config
checking pkg-config is at least version 0.9.0... yes
checking for gcc... gcc
checking whether the C compiler works... yes
checking for C compiler default output file name... a.out
checking for suffix of executables... 
checking whether we are cross compiling... no
checking for suffix of object files... o
checking whether we are using the GNU C compiler... yes
checking whether gcc accepts -g... yes
checking for gcc option to accept ISO C89... none needed
checking for gprbuild... /home/runner/.local/share/alire/toolchains/gprbuild_25.0.1_9a2e6cfb/bin/gprbuild
checking for gprinstall... /home/runner/.local/share/alire/toolchains/gprbuild_25.0.1_9a2e6cfb/bin/gprinstall
checking that your gnat compiler works with a simple example... yes
checking whether NLS is requested... yes
checking for gettext in libc... yes
checking for GTK... yes
checking for pkg-config... (cached) /usr/bin/pkg-config
checking pkg-config is at least version 0.16... yes
checking for GTK+ - version >= 3.24.24... yes (version 3.24.41)
checking for GMODULE... yes
checking for FONTCONFIG... yes
configure: creating ./config.status
config.status: creating Makefile
config.status: creating gtkada_shared.gpr
config.status: creating po/Makefile
config.status: creating docs/gtkada_rm/html/static/index.html
configure: --------- Summary for Gtkada 18.0w -----------------
configure:   Shared libraries:       yes (default: static)
configure: --------------------------------------------
gnatprep -DGETTEXT_INTL=False -DHAVE_GETTEXT=True src/gtkada-intl.gpb src/gtkada-intl.adb
Note: Building spawn_glib=25.0.0/gnat/spawn_glib.gpr...
Setup
   [mkdir]        object directory for project GtkAda
   [mkdir]        library directory for project GtkAda
   [mkdir]        object directory for project Spawn_Glib
   [mkdir]        library directory for project Spawn_Glib
Compile
   [Ada]          glib-messages.adb
   [Ada]          gtkada-intl.adb
   [Ada]          gtkada-canvas.adb
   [Ada]          glib-unicode.adb
   [Ada]          cairo.adb
   [Ada]          gdk-pixbuf.adb
   [Ada]          gtk.ads
   [Ada]          gdk-rectangle.adb
   [Ada]          gtkada-file_selection.adb
   [Ada]          gtkada-stock_labels.ads
   [Ada]          gtkada.ads
   [Ada]          gtkada-style.adb
   [Ada]          glib-key_file.adb
   [Ada]          gdk-threads.ads
   [Ada]          gtkada-canvas_view-views.adb
   [Ada]          glib-xml.adb
   [Ada]          glib-xml_int.ads
   [Ada]          gtkada-bindings.adb
   [Ada]          gtkada-canvas_view-models.adb
   [Ada]          cairo-font_options.adb
   [Ada]          gdk-display_manager.adb
   [Ada]          gtkada-canvas_view-models-layers.adb
   [Ada]          glib-gnodes.adb
   [Ada]          cairo-svg.adb
   [Ada]          gtkada-types.adb
   [Ada]          cairo-font_face.ads
   [Ada]          gtk-text_child.adb
   [Ada]          glib-graphs.adb
   [Ada]          glib-values.adb
   [Ada]          fontconfig.adb
   [Ada]          pango.ads
   [Ada]          gtkada-abstract_tree_model.adb
   [Ada]          gtkada-application.adb
   [Ada]          gtk-marshallers.adb
   [Ada]          gtkada-abstract_list_model.adb
   [Ada]          gtk-tree_model-utils.adb
   [Ada]          gdk-input.ads
   [Ada]          gtkada-multi_paned.adb
   [Ada]          glib-gslist.adb
   [Ada]          gtk-rc.adb
   [Ada]          pango-cairo.adb
   [Ada]          glib-main.adb
   [Ada]          gdk-types.ads
   [Ada]          gdk-keyval.adb
   [Ada]          glib-types.adb
   [Ada]          gdk-property.adb
   [Ada]          gtkada-printing.adb
   [Ada]          glib-type_conversion_hooks.adb
   [Ada]          cairo-scaled_font.ads
   [Ada]          gtk-bindings.adb
   [Ada]          gtkada-multiline_entry.adb
   [Ada]          cairo-png.adb
   [Ada]          gtkada-handlers.ads
   [Ada]          glib-glist.adb
   [Ada]          cairo-region.adb
   [Ada]          glib-convert.adb
   [Ada]          cairo-image_surface.adb
   [Ada]          gtk-handlers.adb
   [Ada]          gtkada-canvas_view-rtrees.adb
   [Ada]          glib-generic_properties.adb
   [Ada]          glib-properties.adb
   [Ada]          gtkada-c.adb
   [Ada]          gdk.ads
   [Ada]          gtkada-canvas_view-links.adb
   [Ada]          gtkada-canvas_view-objects.adb
   [Ada]          gtk-type_conversion.adb
   [Ada]          gtkada-canvas_view.adb
   [Ada]          gdk-dnd.adb
   [Ada]          gtkada-canvas_view-astar.adb
   [Ada]          glib-graphs-layouts.adb
   [Ada]          glib-module.adb
   [Ada]          gtk-arguments.adb
   [Ada]          gdk-window_attr.adb
   [Ada]          gdk-cairo.adb
   [Ada]          gdk-main.adb
   [Ada]          glib.adb
   [Ada]          cairo-pattern.ads
   [Ada]          gdk-visual.adb
   [Ada]          cairo-surface.adb
   [Ada]          gtkada-builder.adb
   [Ada]          gtk-dnd.adb
   [Ada]          gtkada-mdi.adb
   [Ada]          gtkada-pixmaps.ads
   [Ada]          glib-object.adb
   [Ada]          cairo-matrix.ads
   [Ada]          glib-error.adb
   [Ada]          gdk-color.adb
   [Ada]          glib-properties-creation.adb
   [Ada]          gdk-types-keysyms.ads
   [Ada]          cairo-pdf.adb
   [Ada]          glib-enums.ads
   [Ada]          gtkada-stock_icons.ads
   [Ada]          gtkada-dialogs.adb
   [Ada]          gtk-tree_view.adb
   [Ada]          gtk-editable.adb
   [Ada]          gtk-im_multi_context.adb
   [Ada]          pango-matrix.adb
   [Ada]          gtk-cell_renderer_pixbuf.adb
   [Ada]          gtk-text_child_anchor.adb
   [Ada]          gtk-font_selection_dialog.adb
   [Ada]          gdk-glcontext.adb
   [Ada]          glib-list_model.adb
   [Ada]          gtk-cell_renderer_text.adb
   [Ada]          gtk-recent_manager.adb
   [Ada]          glib-cancellable.adb
   [Ada]          gtk-offscreen_window.adb
   [Ada]          gtk-glarea.adb
   [Ada]          gtk-print_operation.adb
   [Ada]          gtk-button.adb
   [Ada]          glib-menu.adb
   [Ada]          pango-font_face.adb
   [Ada]          gtk-text_view.adb
   [Ada]          gtk-recent_chooser_dialog.adb
   [Ada]          gtk-gesture_zoom.adb
   [Ada]          gdk-screen.adb
   [Ada]          gtk-radio_menu_item.adb
   [Ada]          gtk-list_box_row.adb
   [Ada]          gtk-gesture_long_press.adb
   [Ada]          gtk-label.adb
   [Ada]          gtk-action.adb
   [Ada]          gtk-entry_completion.adb
   [Ada]          gtk-scrollable.adb
   [Ada]          gtk-menu_bar.adb
   [Ada]          gdk-device_manager.adb
   [Ada]          gtk-accel_group.adb
   [Ada]          pango-attributes.adb
   [Ada]          gtk-style.adb
   [Ada]          gtk-tree_model_sort.adb
   [Ada]          gtk-gesture_pan.adb
   [Ada]          gtk-paned.adb
   [Ada]          gtk-recent_chooser_menu.adb
   [Ada]          gtk-box.adb
   [Ada]          gtk-overlay.adb
   [Ada]          gtk-frame.adb
   [Ada]          gtk-style_context.adb
   [Ada]          gtk-cell_renderer_toggle.adb
   [Ada]          gtk-color_chooser_dialog.adb
   [Ada]          gtk-level_bar.adb
   [Ada]          gtk-tooltip.adb
   [Ada]          gtk-hbutton_box.adb
   [Ada]          gdk-frame_timings.adb
   [Ada]          gtk-scrollbar.adb
   [Ada]          gtk-paper_size.adb
   [Ada]          gtk-container.adb
   [Ada]          gtk-hsv.adb
   [Ada]          gtk-widget.adb
   [Ada]          pango-font_family.adb
   [Ada]          gtk-action_group.adb
   [Ada]          gtk-text_iter.adb
   [Ada]          gtk-tool_button.adb
   [Ada]          gtk-menu_button.adb
   [Ada]          gtk-tool_palette.adb
   [Ada]          gdk-event.adb
   [Ada]          gtk-layout.adb
   [Ada]          gtk-revealer.adb
   [Ada]          gtk-stack.adb
   [Ada]          gtk-dialog.adb
   [Ada]          gtk-vbutton_box.adb
   [Ada]          gtk-table.adb
   [Ada]          gtk-arrow.adb
   [Ada]          gtk-accel_label.adb
   [Ada]          gdk-window.adb
   [Ada]          gtk-status_icon.adb
   [Ada]          gtk-tool_shell.adb
   [Ada]          glib-iochannel.adb
   [Ada]          gtk-color_button.adb
   [Ada]          gtk-info_bar.adb
   [Ada]          glib-variant.adb
   [Ada]          glib-application.adb
   [Ada]          pango-enums.adb
   [Ada]          gtk-activatable.adb
   [Ada]          gtk-popover.adb
   [Ada]          gtk-recent_chooser.adb
   [Ada]          gtk-tree_model_filter.adb
   [Ada]          gtk-cell_view.adb
   [Ada]          gtk-event_box.adb
   [Ada]          gtk-style_properties.adb
   [Ada]          gtk-font_chooser_dialog.adb
   [Ada]          gtk-window.adb
   [Ada]          gtk-settings.adb
   [Ada]          gtk-toolbar.adb
   [Ada]          gtk-spinner.adb
   [Ada]          gtk-style_provider.adb
   [Ada]          gtk-grid.adb
   [Ada]          gtk-css_section.adb
   [Ada]          gtk-radio_action.adb
   [Ada]          gtk-size_group.adb
   [Ada]          gtk-assistant.adb
   [Ada]          gtk-stack_switcher.adb
   [Ada]          pango-font.adb
   [Ada]          gtk-cell_renderer_spinner.adb
   [Ada]          gtk-color_chooser.adb
   [Ada]          gtk-recent_info.adb
   [Ada]          gtk-main.adb
   [Ada]          gtk-toggle_button.adb
   [Ada]          gtk-handle_box.adb
   [Ada]          gtk-icon_view.adb
   [Ada]          gtk-clipboard.adb
   [Ada]          gtk-aspect_frame.adb
   [Ada]          glib-option.adb
   [Ada]          glib-string.adb
   [Ada]          gtk-cell_renderer_combo.adb
   [Ada]          gtk-tree_row_reference.adb
   [Ada]          gtk-print_context.adb
   [Ada]          gtk-page_setup.adb
   [Ada]          gtk-combo_box.adb
   [Ada]          gtk-menu_item.adb
   [Ada]          gtk-tool_item.adb
   [Ada]          gtk-flow_box.adb
   [Ada]          gtk-orientable.adb
   [Ada]          gtk-image_menu_item.adb
   [Ada]          gtk-print_settings.adb
   [Ada]          gtk-volume_button.adb
   [Ada]          gtk-header_bar.adb
   [Ada]          gtk-tree_selection.adb
   [Ada]          gtk-grange.adb
   [Ada]          gtk-radio_tool_button.adb
   [Ada]          gtk-cell_layout.adb
   [Ada]          gtk-font_chooser_widget.adb
   [Ada]          gtk-text_mark.adb
   [Ada]          gtk-icon_theme.adb
   [Ada]          gtk-toggle_action.adb
   [Ada]          gtk-scale.adb
   [Ada]          glib-action_map.adb
   [Ada]          gtk-bin.adb
   [Ada]          glib-simple_action.adb
   [Ada]          gtk-buildable.adb
   [Ada]          gtk-tree_model.adb
   [Ada]          gtk-font_selection.adb
   [Ada]          gtk-calendar.adb
   [Ada]          gdk-seat.adb
   [Ada]          pango-font_metrics.adb
   [Ada]          gtk-tree_view_column.adb
   [Ada]          gtk-adjustment.adb
   [Ada]          gtk-file_chooser_widget.adb
   [Ada]          gtk-tool_item_group.adb
   [Ada]          gtk-gesture_rotate.adb
   [Ada]          gtk-toggle_tool_button.adb
   [Ada]          gdk-drawing_context.adb
   [Ada]          gtk-file_chooser_button.adb
   [Ada]          gtk-text_attributes.adb
   [Ada]          gtk-expander.adb
   [Ada]          gtk-switch.adb
   [Ada]          gtk-gesture_drag.adb
   [Ada]          gtk-menu_tool_button.adb
   [Ada]          glib-action.adb
   [Ada]          gtk-action_bar.adb
   [Ada]          gtk-stock.adb
   [Ada]          gtk-icon_set.adb
   [Ada]          gtk-list_store.adb
   [Ada]          gtk-cell_area_context.adb
   [Ada]          gdk-display.adb
   [Ada]          gtk-theming_engine.adb
   [Ada]          gtk-selection_data.adb
   [Ada]          gtk-file_chooser_dialog.adb
   [Ada]          gtk-gesture_single.adb
   [Ada]          gtk-gesture_swipe.adb
   [Ada]          glib-action_group.adb
   [Ada]          gtk-menu_shell.adb
   [Ada]          gtk-cell_renderer_progress.adb
   [Ada]          gtk-icon_factory.adb
   [Ada]          gtk-recent_action.adb
   [Ada]          gtk-scale_button.adb
   [Ada]          gtk-text_tag.adb
   [Ada]          gtk-drawing_area.adb
   [Ada]          pango-layout.adb
   [Ada]          gtk-target_list.adb
   [Ada]          gtk-builder.adb
   [Ada]          gtk-alignment.adb
   [Ada]          glib-notification.adb
   [Ada]          gtk-binding_set.adb
   [Ada]          gtk-gesture.adb
   [Ada]          glib-menu_model.adb
   [Ada]          glib-utils.adb
   [Ada]          gtk-viewport.adb
   [Ada]          gtk-recent_filter.adb
   [Ada]          gtk-list_box.adb
   [Ada]          gtk-enums.adb
   [Ada]          gtk-gradient.adb
   [Ada]          gtk-cell_renderer_spin.adb
   [Ada]          gtk-file_chooser.adb
gtk-enums.adb:38:04: warning: possible aliasing problem for type "Chars_Ptr" [enabled by default]
gtk-enums.adb:38:04: warning: use -fno-strict-aliasing switch for references [enabled by default]
gtk-enums.adb:38:04: warning: or use "pragma No_Strict_Aliasing (Chars_Ptr);" [enabled by default]
   [Ada]          gtk-tree_store.adb
   [Ada]          pango-fontset.adb
   [Ada]          gtk-ui_manager.adb
   [Ada]          gtk-tree_sortable.adb
   [Ada]          gtk-menu.adb
   [Ada]          gtk-combo_box_text.adb
   [Ada]          pango-font_map.adb
   [Ada]          gtk-invisible.adb
   [Ada]          gtk-application_window.adb
   [Ada]          gtk-link_button.adb
   [Ada]          gtk-im_context_simple.adb
   [Ada]          gdk-device.adb
   [Ada]          gtk-radio_button.adb
   [Ada]          gtk-status_bar.adb
   [Ada]          gtk-check_menu_item.adb
   [Ada]          gtk-cell_area_box.adb
   [Ada]          gtk-message_dialog.adb
   [Ada]          gtk-shortcuts_window.adb
   [Ada]          gdk-drag_contexts.adb
   [Ada]          gtk-im_context.adb
   [Ada]          gtk-font_button.adb
   [Ada]          gtk-fixed.adb
   [Ada]          glib-simple_action_group.adb
   [Ada]          gdk-frame_clock.adb
   [Ada]          pango-context.adb
   [Ada]          gtk-file_filter.adb
   [Ada]          pango-coverage.adb
   [Ada]          gtk-separator_tool_item.adb
   [Ada]          gtk-notebook.adb
   [Ada]          gtk-tree_drag_dest.adb
   [Ada]          gtk-print_operation_preview.adb
   [Ada]          gtk-target_entry.adb
   [Ada]          gtk-cell_area.adb
   [Ada]          gtk-cell_editable.adb
   [Ada]          gtk-check_button.adb
   [Ada]          gtk-search_entry.adb
   [Ada]          glib-spawn.adb
   [Ada]          gtk-symbolic_color.adb
   [Ada]          gtk-css_provider.adb
   [Ada]          glib-poll.adb
   [Ada]          gtk-text_buffer.adb
   [Ada]          gtk-cell_renderer_accel.adb
   [Ada]          gtk-about_dialog.adb
   [Ada]          gdk-device_tool.adb
   [Ada]          pango-language.adb
   [Ada]          gtk-image.adb
   [Ada]          gtk-color_selection_dialog.adb
   [Ada]          gtk-separator.adb
   [Ada]          gtk-scrolled_window.adb
   [Ada]          gtk-spin_button.adb
   [Ada]          gtk-misc.adb
   [Ada]          gtk-flow_box_child.adb
   [Ada]          gtk-separator_menu_item.adb
   [Ada]          gtk-tearoff_menu_item.adb
   [Ada]          glib-g_icon.adb
   [Ada]          gtk-tree_drag_source.adb
   [Ada]          pango-tabs.adb
   [Ada]          gtk-search_bar.adb
   [Ada]          gtk-button_box.adb
   [Ada]          gtk-entry_buffer.adb
   [Ada]          gdk-cursor.adb
   [Ada]          gtk-application.adb
   [Ada]          gtk-event_controller.adb
   [Ada]          gtk-font_chooser.adb
   [Ada]          gtk-gesture_multi_press.adb
   [Ada]          gtk-progress_bar.adb
   [Ada]          gtk-gentry.adb
   [Ada]          gtk-color_chooser_widget.adb
   [Ada]          gtk-icon_source.adb
   [Ada]          gdk-monitor.adb
   [Ada]          gtk-cell_renderer.adb
   [Ada]          gtk-recent_chooser_widget.adb
   [Ada]          gtk-color_selection.adb
   [Ada]          gtk-actionable.adb
   [Ada]          gtk-text_tag_table.adb
   [Ada]          gdk-rgba.adb
   [Ada]          gtk-accel_map.adb
   [C]            misc_generated.c
   [C]            misc.c
   [c]            posix_const.c
   [c]            pipe2.c
   [Ada]          spawn-polls.ads
/home/runner/.local/share/alire/builds/gtkada_25.0.1_d3787772/8ba8e2781413e8a4400b4f378cd30565016a7b5929b7a80eece549321cc58bbe/src/misc.c: In function 'ada_g_module_build_path':
/home/runner/.local/share/alire/builds/gtkada_25.0.1_d3787772/8ba8e2781413e8a4400b4f378cd30565016a7b5929b7a80eece549321cc58bbe/src/misc.c:161:3: warning: 'g_module_build_path' is deprecated [-Wdeprecated-declarations]
  161 |   return g_module_build_path (directory, module_name);
      |   ^~~~~~
In file included from /usr/include/glib-2.0/gio/giomodule.h:31,
                 from /usr/include/glib-2.0/gio/gio.h:102,
                 from /usr/include/gtk-3.0/gdk/gdkapplaunchcontext.h:28,
                 from /usr/include/gtk-3.0/gdk/gdk.h:32,
                 from /home/runner/.local/share/alire/builds/gtkada_25.0.1_d3787772/8ba8e2781413e8a4400b4f378cd30565016a7b5929b7a80eece549321cc58bbe/src/misc.c:38:
/usr/include/glib-2.0/gmodule.h:142:23: note: declared here
  142 | gchar*                g_module_build_path    (const gchar  *directory,
      |                       ^~~~~~~~~~~~~~~~~~~
   [Ada]          spawn-polls-posix_polls.adb
   [Ada]          spawn.ads
   [Ada]          spawn-string_vectors.ads
   [Ada]          spawn-process_listeners.ads
   [Ada]          spawn-common.adb
   [Ada]          spawn-environments.adb
   [Ada]          spawn-posix.ads
   [Ada]          spawn-processes.adb
   [Ada]          spawn-channels__glib_posix.adb
   [Ada]          spawn-internal__glib_posix.adb
   [Ada]          spawn-environments-internal__glib.adb
Build Libraries
   [gprlib]       gtkada.lexch
   [gprlib]       spawn_glib.lexch
   [archive]      libgtkada.a
   [index]        libgtkada.a
   [archive]      libspawn_glib.a
   [index]        libspawn_glib.a
Success: Build finished successfully in 117.67 seconds.
Found declared GPR file: gnat/spawn_glib.gpr
[alr test] Test completed SUCCESSFULLY
