Test ran at 2025-08-18 12:38:40.703273+00:00

SOLUTION:
pico_ultrasonic_ranger=0.1.0: Driver for the Grove ultrasonic ranger. Depends on the RP Pico HAL.
Origin: commit cfb2f7ffd88ee7b23a5b6466b513f34257773bd8 from https://github.com/KLOC-Karsten/pico_ultrasonic_ranger.git
Properties:
   Author: Karsten Lueth
   Description: Driver for the Grove ultrasonic ranger. Depends on the RP Pico HAL.
   License: BSD-3-Clause
   Maintainer: Karsten Lueth <kl@kloc-consulting.de>
   Maintainers_Logins: KLOC-Karsten
   Name: pico_ultrasonic_ranger
   Tag: pico
   Tag: ranger
   Tag: distance
   Tag: grove
   Tag: ultrasonic
   Version: 0.1.0
   Website: https://github.com/KLOC-Karsten/pico_ultrasonic_ranger
Dependencies (direct):
   pico_bsp^2.2.0
Dependencies (solution):
   atomic=1.0.0
   bbqueue=1.0.0
   cortex_m=1.1.0
   gnat=14.2.1 (gnat_arm_elf)
   gnat_arm_elf=14.2.1
   hal=1.0.0
   pico_bsp=2.2.0
   rp2040_hal=2.5.0
   usb_embedded=1.0.1
Dependencies (graph):
   bbqueue=1.0.0                --> atomic=1.0.0 (^1.0.0)
   bbqueue=1.0.0                --> gnat=14.2.1 (gnat_arm_elf) (>=10)
   cortex_m=1.1.0               --> gnat_arm_elf=14.2.1 (>=12)
   cortex_m=1.1.0               --> hal=1.0.0 (~0.3 | ^1.0.0)
   pico_bsp=2.2.0               --> rp2040_hal=2.5.0 (^2)
   pico_ultrasonic_ranger=0.1.0 --> pico_bsp=2.2.0 (^2.2.0)
   rp2040_hal=2.5.0             --> atomic=1.0.0 (^1)
   rp2040_hal=2.5.0             --> cortex_m=1.1.0 (^1)
   rp2040_hal=2.5.0             --> gnat_arm_elf=14.2.1 (^14)
   rp2040_hal=2.5.0             --> hal=1.0.0 (^1)
   rp2040_hal=2.5.0             --> usb_embedded=1.0.1 (^1)
   usb_embedded=1.0.1           --> bbqueue=1.0.0 (^1.0.0)
   usb_embedded=1.0.1           --> hal=1.0.0 (^1.0.0)


LOG:
[alr test] Testing pico_ultrasonic_ranger=0.1.0
[alr test] Spawning retrieval for remote crate: alr -d -n get pico_ultrasonic_ranger=0.1.0
Note: Deploying pico_ultrasonic_ranger=0.1.0...
Note: Deploying atomic=1.0.0...
Note: Deploying gnat_arm_elf=14.2.1...
#=#=#                                                                          
##O#-#                                                                         

                                                                           0.0%
                                                                           1.4%
##                                                                         3.0%
####                                                                       6.0%
######                                                                     9.0%
########                                                                  12.0%
##########                                                                15.0%
###########                                                               16.2%
###########                                                               16.2%
############                                                              18.0%
###############                                                           20.9%
#################                                                         23.9%
###################                                                       26.9%
#####################                                                     29.2%
#####################                                                     29.9%
#######################                                                   32.9%
#########################                                                 35.9%
##########################                                                37.1%
##########################                                                37.2%
############################                                              38.9%
##############################                                            41.9%
###############################                                           43.1%
###############################                                           43.1%
################################                                          44.9%
##################################                                        47.9%
####################################                                      50.9%
######################################                                    53.8%
########################################                                  56.9%
##########################################                                59.3%
###########################################                               61.0%
#############################################                             62.8%
###############################################                           65.6%
###############################################                           65.8%
#################################################                         68.8%
###################################################                       71.5%
#####################################################                     74.4%
######################################################                    75.8%
#######################################################                   77.8%
##########################################################                80.8%
############################################################              83.6%
############################################################              83.9%
##############################################################            86.8%
################################################################          89.7%
##################################################################        92.7%
####################################################################      95.7%
#######################################################################   98.7%
######################################################################## 100.0%
Note: gnat_arm_elf=14.2.1 installed successfully.
Note: Deploying hal=1.0.0...
Note: Deploying bbqueue=1.0.0...
Note: Deploying cortex_m=1.1.0...
Note: Deploying usb_embedded=1.0.1...
Note: Deploying rp2040_hal=2.5.0...
Note: Deploying pico_bsp=2.2.0...

pico_ultrasonic_ranger=0.1.0 successfully retrieved.
Dependencies were solved as follows:

   +  atomic       1.0.0  (new,indirect)
   +  bbqueue      1.0.0  (new,indirect)
   +  cortex_m     1.1.0  (new,indirect)
   +b gnat         14.2.1 (new,gnat_arm_elf,indirect,binary)
   +b gnat_arm_elf 14.2.1 (new,indirect,binary)
   +  hal          1.0.0  (new,indirect)
   +  pico_bsp     2.2.0  (new)
   +  rp2040_hal   2.5.0  (new,indirect)
   +  usb_embedded 1.0.1  (new,indirect)
[alr test] Spawning default test for remote crate: alr -d -n build --release -- -cargs:Ada -gnatwn
Note: Building pico_ultrasonic_ranger=0.1.0/pico_ultrasonic_ranger.gpr...
Setup
   [mkdir]        object directory for project Atomic
   [mkdir]        library directory for project Atomic
   [mkdir]        object directory for project HAL
   [mkdir]        library directory for project HAL
   [mkdir]        object directory for project Cortex_M
   [mkdir]        library directory for project Cortex_M
   [mkdir]        object directory for project Bbqueue
   [mkdir]        library directory for project Bbqueue
   [mkdir]        object directory for project Usb_Embedded
   [mkdir]        library directory for project Usb_Embedded
   [mkdir]        object directory for project Rp2040_Hal
   [mkdir]        library directory for project Rp2040_Hal
   [mkdir]        object directory for project Pico_Bsp
   [mkdir]        library directory for project Pico_Bsp
   [mkdir]        object directory for project Pico_Ultrasonic_Ranger
   [mkdir]        library directory for project Pico_Ultrasonic_Ranger
Compile
   [Ada]          bbqueue_config.ads
   [Ada]          bbqueue-buffers-framed.adb
   [Ada]          bbqueue-buffers.adb
   [Ada]          bbqueue.adb
   [Ada]          usb_embedded_config.ads
   [Ada]          usb-device-hid.adb
   [Ada]          usb-device-hid-joystick.adb
   [Ada]          usb-device-hid-keyboard.adb
   [Ada]          usb-hal.ads
   [Ada]          usb-device.adb
   [Ada]          usb.adb
   [Ada]          usb-utils.adb
   [Ada]          usb-hal-device.ads
   [Ada]          usb-device-hid-mouse.adb
   [Ada]          usb-logging.ads
   [Ada]          usb-device-serial.adb
   [Ada]          usb-device-control.adb
   [Ada]          usb-device-midi.adb
   [Ada]          usb-lang.ads
   [Ada]          usb-device-hid-gamepad.adb
   [Ada]          usb-logging-device__null.adb
   [Ada]          hal-bitmap.ads
   [Ada]          hal-gpio.ads
   [Ada]          hal-sdmmc.adb
   [Ada]          hal-i2c.ads
   [Ada]          hal-audio.ads
   [Ada]          hal-touch_panel.ads
   [Ada]          hal-framebuffer.ads
   [Ada]          hal-filesystem.ads
   [Ada]          hal.ads
   [Ada]          hal-uart.ads
   [Ada]          hal-flash.ads
   [Ada]          hal-dsi.ads
   [Ada]          hal-block_drivers.ads
   [Ada]          hal-spi.ads
   [Ada]          hal-time.ads
   [Ada]          hal-real_time_clock.ads
   [Ada]          cortex_m-nvic.adb
   [Ada]          cortex_m-cache.adb
   [Ada]          cortex_m_svd-systick.ads
   [Ada]          cortex_m_svd-scb.ads
   [Ada]          cortex_m_svd-debug.ads
   [Ada]          cortex_m_svd.ads
   [Ada]          cortex_m_svd-dwt.ads
   [Ada]          cortex_m_svd-nvic.ads
   [Ada]          cortex_m_config.ads
   [Ada]          cortex_m-hints.adb
   [Ada]          cortex_m-systick.adb
   [Ada]          cortex_m-reset.adb
   [Ada]          cortex_m-dwt.adb
   [Ada]          semihosting-filesystem.adb
   [Ada]          cortex_m-debug.adb
   [Ada]          semihosting.adb
   [Ada]          cortex_m.ads
   [Ada]          memory_barriers.adb
   [Ada]          atomic-critical_section.adb
   [Ada]          atomic.adb
   [Ada]          atomic-unsigned.adb
   [Ada]          atomic-signed.adb
   [Ada]          atomic_config.ads
   [Ada]          atomic-unsigned_32.ads
   [Ada]          atomic-signed_32.ads
   [Ada]          atomic-unsigned_8.ads
   [Ada]          atomic-signed_8.ads
   [Ada]          atomic-signed_16.ads
   [Ada]          atomic-unsigned_16.ads
   [Asm_Cpp]      crt0.s
   [Ada]          rp2040_hal_config.ads
   [Ada]          rp_interrupts.adb
   [Ada]          rp-timer-interrupts.adb
   [Ada]          rp-gpio-interrupts.adb
   [Ada]          rp-pwm-interrupts.adb
   [Ada]          rp-device.ads
   [Ada]          rp2040_svd-xip_ssi.ads
   [Ada]          rp2040_svd-vreg_and_chip_reset.ads
   [Ada]          rp2040_svd-dma.ads
   [Ada]          rp2040_svd-rosc.ads
   [Ada]          rp2040_svd-psm.ads
   [Ada]          rp2040_svd-syscfg.ads
   [Ada]          rp2040_svd-busctrl.ads
   [Ada]          rp2040_svd-io_qspi.ads
   [Ada]          rp2040_svd-i2c.ads
   [Ada]          rp2040_svd-interrupts.ads
   [Ada]          rp2040_svd-uart.ads
   [Ada]          rp2040_svd-usbctrl_dpram.ads
   [Ada]          rp2040_svd-ppb.ads
   [Ada]          rp2040_svd-usbctrl_regs.ads
   [Ada]          rp2040_svd.ads
   [Ada]          rp2040_svd-tbman.ads
   [Ada]          rp2040_svd-xip_ctrl.ads
   [Ada]          rp2040_svd-pll.ads
   [Ada]          rp2040_svd-resets.ads
   [Ada]          rp2040_svd-xosc.ads
   [Ada]          rp2040_svd-clocks.ads
   [Ada]          rp2040_svd-sio.ads
   [Ada]          rp2040_svd-pads_bank0.ads
   [Ada]          rp2040_svd-spi.ads
   [Ada]          rp2040_svd-pwm.ads
   [Ada]          rp2040_svd-rtc.ads
   [Ada]          rp2040_svd-watchdog.ads
   [Ada]          rp2040_svd-timer.ads
   [Ada]          rp2040_svd-io_bank0.ads
   [Ada]          rp2040_svd-pio.ads
   [Ada]          rp2040_svd-sysinfo.ads
   [Ada]          rp2040_svd-pads_qspi.ads
   [Ada]          rp2040_svd-adc.ads
   [Ada]          rp-rom.adb
   [Ada]          rp-pio-touch_sense.adb
   [Ada]          rp-multicore-fifo.adb
   [Ada]          rp-rtc.adb
   [Ada]          rp-pwm.adb
   [Ada]          rp-rom-floating_point.adb
   [Ada]          rp-spi.adb
   [Ada]          rp-interpolator.ads
   [Ada]          rp-pio.adb
   [Ada]          rp-pio-audio_i2s_pio.ads
   [Ada]          rp-clock.adb
   [Ada]          rp-adc.adb
   [Ada]          rp-uart.adb
   [Ada]          rp-pio-touch_sense_charge_pio.ads
   [Ada]          rp-usb_device.adb
   [Ada]          rp-pio-touch_sense_discharge_pio.ads
   [Ada]          rp-pio-encoding.ads
   [Ada]          rp-flash-cache.adb
   [Ada]          rp-timer.adb
   [Ada]          rp-dma.adb
   [Ada]          rp-reset.adb
   [Ada]          rp-i2c.adb
   [Ada]          rp-multicore.adb
   [Ada]          rp-i2c_master.adb
   [Ada]          rp-pio-audio_i2s.adb
   [Ada]          rp-pio-ws2812.adb
   [Ada]          rp-watchdog.adb
   [Ada]          rp-multicore-spinlocks.adb
   [Ada]          rp-gpio.adb
   [Ada]          rp-flash.adb
   [Ada]          rp-pio-ws2812_pio.ads
   [Ada]          rp.ads
   [Ada]          pico_bsp_config.ads
   [Ada]          pico-audio_i2s.ads
   [Ada]          pico-pimoroni-audio_pack.ads
   [Ada]          pico-pimoroni-rgb_keypad.adb
   [Ada]          pico.ads
   [Ada]          pico-pimoroni.ads
   [Ada]          pico_ultrasonic_ranger_config.ads
   [Ada]          pico_ultrasonic_ranger.adb
Build Libraries
   [gprlib]       Atomic.lexch
   [gprlib]       hal.lexch
   [gprlib]       Cortex_M.lexch
   [archive]      libAtomic.a
   [archive]      libhal.a
   [index]        libAtomic.a
   [index]        libhal.a
   [gprlib]       Bbqueue.lexch
   [archive]      libCortex_M.a
   [index]        libCortex_M.a
   [gprlib]       Usb_Embedded.lexch
   [archive]      libBbqueue.a
   [index]        libBbqueue.a
   [gprlib]       Rp2040_Hal.lexch
   [archive]      libUsb_Embedded.a
   [index]        libUsb_Embedded.a
   [gprlib]       Pico_Bsp.lexch
   [archive]      libRp2040_Hal.a
   [index]        libRp2040_Hal.a
   [gprlib]       Pico_Ultrasonic_Ranger.lexch
   [archive]      libPico_Bsp.a
   [index]        libPico_Bsp.a
   [archive]      libPico_Ultrasonic_Ranger.a
   [index]        libPico_Ultrasonic_Ranger.a
Success: Build finished successfully in 7.04 seconds.
Found declared GPR file: pico_ultrasonic_ranger.gpr
[alr test] Test completed SUCCESSFULLY
