Test ran at 2025-10-14 12:54:06.418649+00:00

SOLUTION:
gnat_xtensa_esp32_elf=15.2.1: The GNAT Ada compiler - ESP32 cross-compiler
Provides: gnat=15.2.1
Origin: (case OS is Linux => (case Host_Arch is Aarch64 => binary archive gnat-xtensa-esp32-elf-linux64-aarch64-15.2.0-1.tar.gz at https://github.com/alire-project/GNAT-FSF-builds/releases/download/gnat-15.2.0-1/gnat-xtensa-esp32-elf-linux64-aarch64-15.2.0-1.tar.gz, X86_64 => binary archive gnat-xtensa-esp32-elf-linux64-x86_64-15.2.0-1.tar.gz at https://github.com/alire-project/GNAT-FSF-builds/releases/download/gnat-15.2.0-1/gnat-xtensa-esp32-elf-linux64-x86_64-15.2.0-1.tar.gz), Macos => (case Host_Arch is X86_64 => binary archive gnat-xtensa-esp32-elf-darwin-x86_64-15.2.0-1.tar.gz at https://github.com/alire-project/GNAT-FSF-builds/releases/download/gnat-15.2.0-1/gnat-xtensa-esp32-elf-darwin-x86_64-15.2.0-1.tar.gz), Windows => (case Host_Arch is X86_64 => binary archive gnat-xtensa-esp32-elf-windows64-x86_64-15.2.0-1.tar.gz at https://github.com/alire-project/GNAT-FSF-builds/releases/download/gnat-15.2.0-1/gnat-xtensa-esp32-elf-windows64-x86_64-15.2.0-1.tar.gz)) with hash sha256:3045edaf05b698c60d136b488042d4b39b2d4ab6a10d7a4ce390ae67d161a891
Properties:
   Auto_Gpr_With: auto-gpr-with=false
   Configuration: no modifiers
   Description: The GNAT Ada compiler - ESP32 cross-compiler
   Environment: PATH=${CRATE_ROOT}/bin:${PATH}
   License: GPL-3.0-or-later AND GPL-3.0-or-later WITH GCC-exception-3.1
   Maintainer: chouteau@adacore.com
   Maintainer: sagaert@adacore.com
   Maintainers_Logins: Fabien-Chouteau
   Maintainers_Logins: AldanTanneo
   Name: gnat_xtensa_esp32_elf
   Version: 15.2.1
   Website: https://github.com/alire-project/GNAT-FSF-builds


LOG:
[alr test] Testing gnat_xtensa_esp32_elf=15.2.1
[alr test] Spawning retrieval for remote crate: alr -d -n get gnat_xtensa_esp32_elf=15.2.1
Note: Deploying gnat_xtensa_esp32_elf=15.2.1...

#=#=#                                                                          
                                                                           0.0%
####                                                                       6.2%
########                                                                  12.4%
#################                                                         24.8%
######################                                                    30.9%
##########################                                                37.1%
###############################                                           43.3%
###################################                                       49.4%
########################################                                  55.6%
########################################                                  56.8%
############################################                              61.8%
####################################################                      73.6%
#########################################################                 80.3%
################################################################          88.9%
#######################################################################   98.8%
######################################################################## 100.0%

gnat_xtensa_esp32_elf=15.2.1 successfully retrieved.
There are no dependencies.
[alr test] Test completed SUCCESSFULLY
