Test ran at 2025-10-09 12:28:48.638575+00:00

SOLUTION:
scatcdsk_lib=1.0.0: Reusable software components extracted from the SCATC DSK
Origin: source archive scatcdsk_lib-4d49721a1a.tar.gz at https://chiselapp.com/user/dbane/repository/scatcdsk_lib/tarball/4d49721a1a/scatcdsk_lib-4d49721a1a.tar.gz with hashes sha256:638dd3a32439138b5c86012c43ea95df0e214002f3ce004a3297bf8816c70881, sha512:56fac0aa90c2bfc01fcc50b23ee216394459acbe9f97ffc7ea0019053d14420fa49b73cf5999b56da011fdad16ddaf1bb43629c32eb800e543dcd23b6d48a50a
Properties:
   case OS is
      when Linux => Test run: /bin/sh ./expect.sh (from ${CRATE_ROOT}/tests)
   Author: Richard Conn
   Description: Reusable software components extracted from the SCATC DSK
   License: custom-CC-PDM-1.0
   Maintainer: Darren Bane <darren.bane.ac@posteo.net>
   Maintainers_Logins: poldy
   Name: scatcdsk_lib
   Tag: tools
   Tag: reuse
   Version: 1.0.0
   Website: https://chiselapp.com/user/dbane/repository/scatcdsk_lib


LOG:
[alr test] Testing scatcdsk_lib=1.0.0
Spawning: alr -d -n get scatcdsk_lib=1.0.0
Note: Deploying scatcdsk_lib=1.0.0...
#=#=#                                                                          
##O#-#                                                                         
##O=#  #                                                                       
#=#=-#  #                                                                      
-#O#- #   #                                                                    
-=#=#   #   #                                                                  
-=O#-#   #   #                                                                 
-=O=#  #   #   #                                                               
-=O=-#  #    #   #                                                             
-=O=- #   #   #    #                                                           
-=O=-   #   #   #     #                                                        
-=O=-    #   #    #     #                                                      
-=O=-      #   #     #    #                                                    
-=O=-        #   #     #    #                                                  
-=O=-         #    #     #     #                                               
-=O=-           #     #    #     #                                             
-=O=-             #     #     #     #                                          
-=O=-                #    #     #     #                                        
-=O=-                  #    #     #     #                                      
-=O=-                    #     #     #     #                                   
-=O=-                      #     #     #     #                                 
-=O=-                         #     #     #     #                              
-=O=-                           #     #     #     #                            
-=O=-                             #     #     #     #                          
-=O=-                                #     #     #    #                        
-=O=-                                  #     #     #     #                     
-=O=-                                     #     #    #     #                   
-=O=-                                       #     #    #     #                 
-=O=-                                         #     #     #    #               
-=O=-                                            #    #     #   #              
-=O=-                                              #     #    #   #            
-=O=-                                                #     #   #    #          
-=O=-                                                  #     #   #   #         
-=O=-                                                     #    #   #   #       
-=O=-                                                       #   #   #   #      
-=O=-                                                         #   #   #  #     
-=O=-                                                          #    #  #  #    
-=O=-                                                            #   #  #  #   
-=O=-                                                              #   # # #   
-=O=-                                                               #   # # #  
-=O=-                                                                 #  # ##  
-=O=-                                                                  #  # #  
-=O=-                                                                   #  ### 
-=O=-                                                                    # ##  
-=O=-                                                                     # #  
-=O=-                                                                      ##  
-=O=-                                                                      ##  
-=O=-                                                                      ### 
-=O=-                                                                     # #  
-=O=-                                                                    # ##  
-=O=-                                                                   # # #  
-=O=-                                                                  # # ##  
-=O=-                                                                #  #  ##  
-=O=-                                                               #  #  # #  
-=O=-                                                             #   #  # #   
-=O=-                                                           #   #   # #    
-=O=-                                                          #   #   # #     
-=O=-                                                        #   #   #  #      
-=O=-                                                      #   #    #  #       
-=O=-                                                    #    #   #   #        
-=O=-                                                 #     #   #   #          
-=O=-                                               #     #    #   #           
-=O=-                                             #    #     #   #             
-=O=-                                           #    #     #   #               
-=O=-                                        #     #     #    #                
-=O=-                                      #     #    #     #                  
-=O=-                                   #     #     #     #                    
-=O=-                                 #     #     #    #                       
-=O=-                               #     #     #    #                         
-=O=-                            #     #     #     #                           
-=O=-                          #     #     #     #                             
-=O=-                       #     #     #     #                                
-=O=-                     #     #     #     #                                  
-=O=-                   #     #     #     #                                    
-=O=-                 #    #     #     #                                       
-=O=-              #     #     #     #                                         
-=O=-            #     #    #     #                                            
-=O=-          #     #    #     #                                              
-=O=-        #    #     #     #                                                
-=O=-       #   #     #    #                                                   
-=O=-     #   #    #     #                                                     
-=O=-   #    #   #     #                                                       
-=O=-  #   #   #     #                                                         
-=O=-#   #   #    #                                                            
-=O=#   #   #   #                                                              
-=O#- #   #   #                                                                
-=#=-#  #    #                                                                 
-#O=#  #   #                                                                   
-#O#-#   #                                                                     
#=#=#   #                                                                      
##O#- #                                                                        
#=#=-#                                                                         
##O=#                                                                          
##O#-                                                                          
#=#=-                                                                          
##O=-                                                                          
##O=-                                                                          
##O=-                                                                          
#=#=-                                                                          
##O#-                                                                          
#=#=#                                                                          
##O#-#                                                                         
##O=#  #                                                                       
#=#=-#  #                                                                      
-#O#- #   #                                                                    
-=#=#   #   #                                                                  
-=O#-#   #   #                                                                 
-=O=#  #   #   #                                                               
-=O=-#  #    #   #                                                             
-=O=- #   #   #    #                                                           
-=O=-   #   #   #     #                                                        
-=O=-    #   #    #     #                                                      
-=O=-      #   #     #    #                                                    
-=O=-        #   #     #    #                                                  
-=O=-         #    #     #     #                                               
-=O=-           #     #    #     #                                             
-=O=-             #     #     #     #                                          
-=O=-                #    #     #     #                                        
-=O=-                  #    #     #     #                                      
-=O=-                    #     #     #     #                                   
-=O=-                      #     #     #     #                                 
-=O=-                         #     #     #     #                              
-=O=-                           #     #     #     #                            
-=O=-                             #     #     #     #                          
-=O=-                                #     #     #    #                        
-=O=-                                  #     #     #     #                     
-=O=-                                     #     #    #     #                   
-=O=-                                       #     #    #     #                 
-=O=-                                         #     #     #    #               
-=O=-                                            #    #     #   #              
-=O=-                                              #     #    #   #            
-=O=-                                                #     #   #    #          
-=O=-                                                  #     #   #   #         
-=O=-                                                     #    #   #   #       
-=O=-                                                       #   #   #   #      
-=O=-                                                         #   #   #  #     
curl: (28) Failed to connect to chiselapp.com port 443 after 133996 ms: Couldn't connect to server

stderr: Command ["curl", "https://chiselapp.com/user/dbane/repository/scatcdsk_lib/tarball/4d49721a1a/scatcdsk_lib-4d49721a1a.tar.gz", "-L", "--progress-bar", "-o", "/home/runner/work/alire-crates-ci/alire-crates-ci/test/9ca37e5a-779a-4c0b-b1a5-ad5df1af6ef1/alr-gawo.tmp/scatcdsk_lib-4d49721a1a.tar.gz"] exited with code 28
stderr: Generating Outcome_Failure with message: Command ["curl", "https://chiselapp.com/user/dbane/repository/scatcdsk_lib/tarball/4d49721a1a/scatcdsk_lib-4d49721a1a.tar.gz", "-L", "--progress-bar", "-o", "/home/runner/work/alire-crates-ci/alire-crates-ci/test/9ca37e5a-779a-4c0b-b1a5-ad5df1af6ef1/alr-gawo.tmp/scatcdsk_lib-4d49721a1a.tar.gz"] exited with code 28
stderr: Generating Outcome_Failure with call stack:
stderr: raised AAA.DEBUG.STACK_TRACE.DEBUG_EXCEPTION : aaa-debug.adb:44
[/home/runner/work/alire-crates-ci/alire-crates-ci/alire_install/bin/alr]
0xfcfcdb Aaa.Debug.Stack_Trace at aaa-debug.adb:44
0xe744f2 Alire.Outcome_Failure at alire.adb:226
0xe74c7f Alire.Outcome_Failure at alire.adb:223
0x824b63 Alire.Errors.Get at alire-errors.adb:106
0x824c24 Alire.Errors.Get at alire-errors.adb:104
0x9f3656 Alire.Origins.Deployers.Source_Archive.Download at alire-origins-deployers-source_archive.adb:176
0x9f3bbc Alire.Origins.Deployers.Source_Archive.Fetch at alire-origins-deployers-source_archive.adb:202
0xa18dc1 Alire.Origins.Deployers.Deploy_Steps at alire-origins-deployers.adb:111
0xa1a528 Alire.Origins.Deployers.Deploy at alire-origins-deployers.adb:170
0xc4528a Alire.Releases.Deploy at alire-releases.adb:341
0xc7d8a3 Alire.Roots.Create_For_Release at alire-roots.adb:723
0xc7de47 Alire.Roots.Create_For_Release at alire-roots.adb:714
0x4aab90 Alr.Commands.Get.Retrieve at alr-commands-get.adb:134
0x4ae94f Alr.Commands.Get.Execute at alr-commands-get.adb:380
0x4aeafd Alr.Commands.Get.Execute at alr-commands-get.adb:256
0x53bbcc Alr.Commands.Sub_Cmd.Execute at clic-subcommand-instance.adb:749
0x5472be Alr.Commands.Execute at alr-commands.adb:632
0x43d48a Alr.Main at alr-main.adb:13
0x4403a3 Main at b__alr-main.adb:2445
[/lib/x86_64-linux-gnu/libc.so.6]
0x7f405ea2a1c8
0x7f405ea2a289
[/home/runner/work/alire-crates-ci/alire-crates-ci/alire_install/bin/alr]
0x43d323 _start at ???
0xfffffffffffffffe

stderr: ALIRE.CHECKED_ERROR
stderr: Command ["curl", "https://chiselapp.com/user/dbane/repository/scatcdsk_lib/tarball/4d49721a1a/scatcdsk_lib-4d49721a1a.tar.gz", "-L", "--progress-bar", "-o", "/home/runner/work/alire-crates-ci/alire-crates-ci/test/9ca37e5a-779a-4c0b-b1a5-ad5df1af6ef1/alr-gawo.tmp/scatcdsk_lib-4d49721a1a.tar.gz"] exited with code 28
stderr: raised ALIRE.CHECKED_ERROR : alire-stored-error:2
[/home/runner/work/alire-crates-ci/alire-crates-ci/alire_install/bin/alr]
0xe72ea3 Alire.Assert at alire.adb:158
0xc452b2 Alire.Releases.Deploy at alire-releases.adb:341
0xc7d8a3 Alire.Roots.Create_For_Release at alire-roots.adb:723
0xc7de47 Alire.Roots.Create_For_Release at alire-roots.adb:714
0x4aab90 Alr.Commands.Get.Retrieve at alr-commands-get.adb:134
0x4ae94f Alr.Commands.Get.Execute at alr-commands-get.adb:380
0x4aeafd Alr.Commands.Get.Execute at alr-commands-get.adb:256
0x53bbcc Alr.Commands.Sub_Cmd.Execute at clic-subcommand-instance.adb:749
0x5472be Alr.Commands.Execute at alr-commands.adb:632
0x43d48a Alr.Main at alr-main.adb:13
0x4403a3 Main at b__alr-main.adb:2445
[/lib/x86_64-linux-gnu/libc.so.6]
0x7f405ea2a1c8
0x7f405ea2a289
[/home/runner/work/alire-crates-ci/alire-crates-ci/alire_install/bin/alr]
0x43d323 _start at ???
0xfffffffffffffffe

ERROR: Command ["curl", "https://chiselapp.com/user/dbane/repository/scatcdsk_lib/tarball/4d49721a1a/scatcdsk_lib-4d49721a1a.tar.gz", "-L", "--progress-bar", "-o", "/home/runner/work/alire-crates-ci/alire-crates-ci/test/9ca37e5a-779a-4c0b-b1a5-ad5df1af6ef1/alr-gawo.tmp/scatcdsk_lib-4d49721a1a.tar.gz"] exited with code 28
