Test ran at 2025-07-13 12:26:30.415750+00:00

SOLUTION:
elevator=1.0.0: A Simple Elevator System
Origin: commit b439645aabfe091eef46b3a3174e47ffa86e3930 from https://github.com/ada-Soton/elevator.git
Properties:
   Author: Thai Son Hoang
   Description: A Simple Elevator System
   Executable: main
   License: CC-BY-SA-4.0
   Maintainer: Thai Son Hoang <T.S.Hoang@soton.ac.uk>
   Maintainers_Logins: tshoang
   Name: elevator
   Tag: elevator
   Tag: teaching
   Version: 1.0.0
   Website: https://github.com/ada-Soton/elevator
Dependencies (direct):
   gnatprove^12.1.1
Dependencies (solution):
   gnatprove=12.1.1
Dependencies (graph):
   elevator=1.0.0 --> gnatprove=12.1.1 (^12.1.1)


LOG:
Spawning: alr -d -n get --build elevator=1.0.0
Note: Deploying elevator=1.0.0...
Note: Deploying gnatprove=12.1.1...
#=#=#                                                                          
##O#-#                                                                         

                                                                           0.0%
#                                                                          2.6%
###                                                                        4.5%
####                                                                       6.4%
######                                                                     9.0%
#######                                                                   10.6%
#########                                                                 12.9%
##########                                                                15.3%
###########                                                               16.5%
#############                                                             18.9%
##############                                                            20.6%
################                                                          22.5%
##################                                                        25.1%
##################                                                        26.1%
####################                                                      28.1%
####################                                                      29.0%
######################                                                    31.5%
########################                                                  33.4%
#########################                                                 35.4%
###########################                                               38.0%
############################                                              39.4%
##############################                                            41.8%
##############################                                            42.7%
################################                                          45.0%
#################################                                         46.3%
##################################                                        47.6%
###################################                                       48.8%
###################################                                       49.5%
###################################                                       49.5%
####################################                                      50.8%
#####################################                                     52.7%
#######################################                                   54.6%
#########################################                                 57.2%
#########################################                                 57.8%
#########################################                                 57.9%
#########################################                                 58.2%
##########################################                                58.8%
###########################################                               60.7%
############################################                              62.4%
##############################################                            64.3%
###############################################                           66.5%
################################################                          67.6%
##################################################                        70.1%
###################################################                       71.1%
###################################################                       72.0%
###################################################                       72.0%
#####################################################                     73.9%
######################################################                    75.9%
#######################################################                   77.1%
########################################################                  78.4%
########################################################                  78.4%
#########################################################                 80.3%
###########################################################               82.5%
############################################################              83.5%
##############################################################            86.1%
###############################################################           88.1%
################################################################          90.0%
##################################################################        92.3%
###################################################################       93.2%
###################################################################       93.2%
###################################################################       93.6%
####################################################################      94.8%
#####################################################################     96.4%
######################################################################    97.7%
######################################################################    97.7%
#######################################################################   99.6%
######################################################################## 100.0%
Note: Building elevator=1.0.0/elevator.gpr...
Setup
   [mkdir]        object directory for project Elevator
   [mkdir]        exec directory for project Elevator
Compile
   [Ada]          main.adb
   [Ada]          cabin_package.adb
   [Ada]          controller_package.adb
   [Ada]          elevator.adb
   [Ada]          user_package.adb
   [Ada]          floor_package.ads
   [Ada]          motor_package.ads
   [Ada]          button_package.ads
   [Ada]          direction_package.ads
   [Ada]          door_package.ads
Bind
   [gprbind]      main.bexch
   [Ada]          main.ali
Link
   [link]         main.adb

elevator=1.0.0 successfully retrieved and built.
Dependencies were solved as follows:

   +b gnatprove 12.1.1 (new,binary)
Found declared GPR file: elevator.gpr
