Test ran at 2026-06-09 01:29:54.204814+00:00

SOLUTION:
servletada=1.8.1: Web Servlet Library following JSR 154, JSR 315 (Core)
Origin: commit 8b8cb78ef65c1e35d70e74b5d799cdecfffdd9d8 from https://github.com/stcarrez/ada-servlet.git
Properties:
   Author: Stephane.Carrez@gmail.com
   Configuration: no modifiers
   Description: Web Servlet Library following JSR 154, JSR 315 (Core)
   GPR Scenario: SERVLET_BUILD := distrib | debug | optimize | profile | coverage
   GPR Scenario: SERVLET_LIBRARY_TYPE := relocatable | static | static-pic
   License: Apache-2.0
   Long_Description: [![Build Status](https://img.shields.io/endpoint?url=https://porion.vacs.fr/porion/api/v1/projects/ada-servlet/badges/build.json)](https://porion.vacs.fr/porion/projects/view/ada-servlet/summary)
[![Test Status](https://img.shields.io/endpoint?url=https://porion.vacs.fr/porion/api/v1/projects/ada-servlet/badges/tests.json)](https://porion.vacs.fr/porion/projects/view/ada-servlet/xunits)
[![Coverage](https://img.shields.io/endpoint?url=https://porion.vacs.fr/porion/api/v1/projects/ada-servlet/badges/coverage.json)](https://porion.vacs.fr/porion/projects/view/ada-servlet/summary)

Ada Servlet allows to create web applications using the same pattern
as the Java Servlet (See JSR 154, JSR 315). 

The Ada Servlet library is used by the [Ada Server Faces](https://gitlab.com/stcarrez/ada-asf)
framework and [Ada Web Application](https://gitlab.com/stcarrez/ada-awa)
to provide server web requests.


   Maintainer: Stephane.Carrez@gmail.com
   Maintainers_Logins: stcarrez
   Name: servletada
   Project_File: servletada.gpr
   Tag: web
   Tag: servlet
   Tag: http
   Tag: json
   Tag: rest
   Version: 1.8.1
   Website: https://gitlab.com/stcarrez/ada-servlet
Dependencies (direct):
   elada^1.8.5
   security^1.5.0
   utilada^2.8.2
   xmlada*
Dependencies (solution):
   elada=1.8.8
   gnat=15.1.2 (gnat_native)
   security=1.5.1
   utilada=2.8.2
   utilada_xml=2.8.0
   xmlada=26.0.0
Dependencies (graph):
   elada=1.8.8       --> utilada=2.8.2 (^2.8.0)
   security=1.5.1    --> utilada=2.8.2 (^2.6.0)
   security=1.5.1    --> utilada_xml=2.8.0 (^2.6.0)
   servletada=1.8.1  --> elada=1.8.8 (^1.8.5)
   servletada=1.8.1  --> security=1.5.1 (^1.5.0)
   servletada=1.8.1  --> utilada=2.8.2 (^2.8.2)
   servletada=1.8.1  --> xmlada=26.0.0 (*)
   utilada_xml=2.8.0 --> utilada=2.8.2 (^2.7.0)
   utilada_xml=2.8.0 --> xmlada=26.0.0 (*)
   xmlada=26.0.0     --> gnat=15.1.2 (gnat_native) (>=11)


LOG:
[alr test] Testing servletada=1.8.1
[alr test] Spawning retrieval for remote crate: alr -d -n get servletada=1.8.1
Note: Deploying servletada=1.8.1...
Note: Deploying utilada=2.8.2...
Note: Deploying elada=1.8.8...
Note: Deploying utilada_xml=2.8.0...
Note: Deploying security=1.5.1...

servletada=1.8.1 successfully retrieved.
Dependencies were solved as follows:

   +  elada       1.8.8  (new)
   +b gnat        15.1.2 (new,gnat_native,indirect,binary)
   +  security    1.5.1  (new)
   +  utilada     2.8.2  (new)
   +  utilada_xml 2.8.0  (new,indirect)
   +  xmlada      26.0.0 (new)
[alr test] Spawning default test for remote crate: alr -d -n build --release -- -cargs:Ada -gnatwn
Note: Building servletada=1.8.1/servletada.gpr...
Setup
   [mkdir]        object directory for project UtilAda_Core
   [mkdir]        library directory for project UtilAda_Core
   [mkdir]        object directory for project UtilAda_Sys
   [mkdir]        library directory for project UtilAda_Sys
   [mkdir]        object directory for project ElAda
   [mkdir]        library directory for project ElAda
   [mkdir]        object directory for project UtilAda_Xml
   [mkdir]        library directory for project UtilAda_Xml
   [mkdir]        object directory for project Security
   [mkdir]        library directory for project Security
   [mkdir]        object directory for project ServletAda
   [mkdir]        library directory for project ServletAda
Compile
   [Ada]          util-serialize-io-xml.adb
   [Ada]          security-controllers-urls.adb
   [Ada]          security-random.adb
   [Ada]          security-auth.adb
security-random.adb:151:34: warning: call to obsolescent procedure "To_Struct_Timespec" declared at a-calcon.ads:92 [-gnatwj]
security-random.adb:151:34: warning: This function may be removed in a future version [-gnatwj]
   [Ada]          security-policies-urls.adb
   [Ada]          security-auth-oauth.adb
   [Ada]          security-controllers-roles.adb
   [Ada]          security-oauth-jwt.adb
   [Ada]          security-oauth-servers.adb
   [Ada]          security-controllers.ads
security-oauth-jwt.adb:32:38: warning: call to obsolescent function "To_Ada_Time" declared at a-calcon.ads:39 [-gnatwj]
security-oauth-jwt.adb:32:38: warning: This function may be removed in a future version [-gnatwj]
   [Ada]          security-auth-oauth-googleplus.adb
   [Ada]          security-auth-oauth-facebook.adb
   [Ada]          security-oauth.adb
   [Ada]          security.ads
   [Ada]          security-policies.adb
security-oauth-servers.adb:206:65: warning: reference to obsolescent entity "To_Unix_Time" declared at a-calcon.ads:130 [-gnatwj]
security-oauth-servers.adb:206:65: warning: This function may be removed in a future version [-gnatwj]
security-oauth-servers.adb:206:65: warning: call to obsolescent function "To_Unix_Time" declared at a-calcon.ads:130 [-gnatwj]
security-oauth-servers.adb:206:65: warning: This function may be removed in a future version [-gnatwj]
security-oauth-servers.adb:217:38: warning: call to obsolescent function "To_Ada_Time" declared at a-calcon.ads:39 [-gnatwj]
security-oauth-servers.adb:217:38: warning: This function may be removed in a future version [-gnatwj]
   [Ada]          security-auth-openid.adb
   [Ada]          security-permissions.adb
   [Ada]          security-auth-oauth-github.adb
   [Ada]          security-contexts.adb
   [Ada]          security-auth-oauth-yahoo.adb
   [Ada]          security-oauth-clients.adb
   [Ada]          security-policies-roles.adb
   [Ada]          security-oauth-file_registry.adb
   [Ada]          el-methods-proc_2.adb
   [Ada]          el-functions.adb
   [Ada]          el-expressions-nodes.adb
   [Ada]          el-functions-default.adb
   [Ada]          el-expressions.adb
   [Ada]          el-expressions-parser.adb
   [Ada]          el-variables-default.adb
   [Ada]          el-objects.ads
   [Ada]          el-methods-proc_in.adb
   [Ada]          el-utils.adb
   [Ada]          el-variables.ads
   [Ada]          el-contexts-properties.adb
   [Ada]          el-methods-proc_1.adb
   [Ada]          el-methods-func_1.adb
   [Ada]          el-methods-func_string.ads
   [Ada]          el-beans.adb
   [Ada]          el.ads
   [Ada]          el-contexts-default.adb
   [Ada]          el-functions-namespaces.adb
   [Ada]          el-contexts.ads
   [Ada]          el-contexts-tls.adb
   [Ada]          el-methods.ads
   [Ada]          el-methods-func_unbounded.ads
   [Ada]          util-systems-types.ads
   [Ada]          util-systems-constants.ads
   [Ada]          util-systems-os.ads
   [Ada]          util-systems-io.adb
   [Ada]          util-properties-bundles.adb
   [Ada]          util-properties-discrete.adb
   [Ada]          util-properties.adb
   [Ada]          util-properties-basic.adb
   [Ada]          util-log.adb
   [Ada]          util-log-appenders-formatter.adb
   [Ada]          util-log-formatters-factories.adb
   [Ada]          util-log-appenders.adb
   [Ada]          util-log-loggers.adb
   [Ada]          util-log-appenders-files.adb
   [Ada]          util-log-appenders-rolling_files.adb
   [Ada]          util-log-formatters.adb
   [Ada]          util-log-appenders-factories.adb
   [Ada]          util-log-locations.adb
   [Ada]          util-log-appenders-consoles.adb
   [Ada]          util-files-filters.adb
   [Ada]          util-files-walk.adb
   [Ada]          util-files.adb
   [Ada]          util-files-rolling.adb
   [Ada]          util-events.adb
   [Ada]          util-events-channels.adb
   [Ada]          util-events-timers.adb
   [Ada]          util-dates-formats.adb
   [Ada]          util-dates-rfc7231.adb
   [Ada]          util-dates.adb
   [Ada]          util-dates-simple_format.adb
   [Ada]          util-dates-iso8601.adb
   [Ada]          util-commands.adb
   [Ada]          util-commands-raw_io.ads
   [Ada]          util-commands-drivers.adb
   [Ada]          util-commands-consoles.adb
   [Ada]          util-commands-text_io.ads
   [Ada]          util-commands-parsers.adb
   [Ada]          util-commands-consoles-text.adb
   [Ada]          util-commands-parsers-gnat_parser.adb
   [Ada]          util-beans-objects-to_access.adb
   [Ada]          util-beans-lists.ads
   [Ada]          util-beans-objects-lists.adb
   [Ada]          util-beans-objects-records.adb
   [Ada]          util-beans-objects-enums.adb
   [Ada]          util-beans-objects-time.adb
   [Ada]          util-beans-objects-pairs.adb
   [Ada]          util-beans-objects-vectors.adb
   [Ada]          util-beans-objects-datasets.adb
util-beans-objects-time.adb:98:50: warning: call to obsolescent function "To_Ada_Time" declared at a-calcon.ads:39 [-gnatwj]
util-beans-objects-time.adb:98:50: warning: This function may be removed in a future version [-gnatwj]
   [Ada]          util-beans-objects.adb
   [Ada]          util-beans-basic.ads
   [Ada]          util-beans-objects-hash.adb
   [Ada]          util-beans-objects-maps.adb
   [Ada]          util-beans-basic-ranges.adb
   [Ada]          util-beans.ads
   [Ada]          util-beans-methods.ads
   [Ada]          util-beans-lists-strings.adb
   [Ada]          util-beans-basic-lists.adb
   [Ada]          util-beans-objects-iterators.adb
   [Ada]          util-beans-ranges.ads
   [Ada]          util-beans-factory.adb
   [Ada]          util-systems.ads
   [Ada]          util-texts-formats.adb
   [Ada]          util-texts-builders.adb
   [Ada]          util-texts.ads
   [Ada]          util-texts-transforms.adb
   [Ada]          util-texts-tokenizers.adb
   [Ada]          util-strings-vectors.ads
   [Ada]          util-strings-builders-transforms.ads
   [Ada]          util-strings-builders.ads
   [Ada]          util-strings.adb
   [Ada]          util-strings-tokenizers.ads
   [Ada]          util-strings-maps_incensitive.ads
   [Ada]          util-strings-sets.ads
   [Ada]          util-strings-transforms.adb
   [Ada]          util-strings-formats.adb
   [Ada]          util-strings-maps.ads
   [Ada]          util-listeners.ads
   [Ada]          util-listeners-observers.adb
   [Ada]          util-listeners-lifecycles.adb
   [Ada]          util-concurrent-counters.adb
   [Ada]          util-concurrent.ads
   [Ada]          util-concurrent-sequence_queues.adb
   [Ada]          util-concurrent-fifos.adb
   [Ada]          util-concurrent-copies.adb
   [Ada]          util-concurrent-locks.adb
   [Ada]          util-concurrent-pools.adb
   [Ada]          util-concurrent-arrays.adb
   [Ada]          util-locales.adb
   [Ada]          util-executors.adb
   [Ada]          util-blobs.adb
   [Ada]          util-refs.adb
   [Ada]          util.ads
   [Ada]          util-named_lists.adb
   [Ada]          util-algorithms.ads
   [Ada]          util-stacks.adb
   [Ada]          util-nullables.ads
   [Ada]          util-systems-dlls.adb
   [Ada]          util-processes-os.adb
   [Ada]          util-streams-raw.adb
   [Ada]          util-processes-tools.adb
   [Ada]          util-processes.adb
   [Ada]          util-http-headers.adb
   [Ada]          util-http-mockups.adb
   [Ada]          util-http-cookies.adb
   [Ada]          util-mail.adb
   [Ada]          util-http-clients.adb
   [Ada]          util-http-clients-mockups.adb
   [Ada]          util-http-rest-rest_get_vector.adb
   [Ada]          util-http.adb
   [Ada]          util-http-mimes.adb
   [Ada]          util-http-rest.adb
   [Ada]          util-http-parts.adb
   [Ada]          util-http-tools.adb
   [Ada]          util-encoders-kdf.ads
   [Ada]          util-encoders-base16.adb
   [Ada]          util-encoders-uri.adb
   [Ada]          util-encoders-ecc.adb
   [Ada]          util-encoders-quoted_printable.adb
   [Ada]          util-encoders-hmac-sha1.adb
   [Ada]          util-encoders-sha256.adb
   [Ada]          util-encoders-kdf-pbkdf2_hmac_sha256.ads
   [Ada]          util-encoders-base64.adb
   [Ada]          util-encoders-aes.adb
   [Ada]          util-encoders-base32.adb
   [Ada]          util-encoders-hmac.ads
   [Ada]          util-encoders.adb
   [Ada]          util-encoders-hmac-hotp.adb
   [Ada]          util-encoders-kdf-pbkdf2.adb
   [Ada]          util-encoders-sha1.adb
   [Ada]          util-encoders-hmac-sha256.adb
   [Ada]          util-measures.adb
   [Ada]          util-streams-pipes.adb
   [Ada]          util-streams-base16.ads
   [Ada]          util-streams-files.adb
   [Ada]          util-streams-aes.adb
   [Ada]          util-streams-buffered.adb
   [Ada]          util-streams-sockets.adb
   [Ada]          util-streams-texts-wtr.ads
   [Ada]          util-streams.adb
   [Ada]          util-streams-texts-tr.ads
   [Ada]          util-streams-base64.ads
   [Ada]          util-streams-buffered-parts.adb
   [Ada]          util-streams-texts.adb
   [Ada]          util-streams-buffered-encoders.adb
   [Ada]          util-serialize-mappers-vector_mapper.adb
   [Ada]          util-serialize-tools.adb
   [Ada]          util-beans-objects-readers.adb
   [Ada]          util-serialize-io-json.adb
   [Ada]          util-serialize-contexts.adb
   [Ada]          util-serialize.ads
   [Ada]          util-serialize-io-csv.adb
   [Ada]          util-serialize-io-form.adb
   [Ada]          util-properties-json.adb
   [Ada]          util-serialize-mappers-record_mapper.adb
   [Ada]          util-serialize-io.adb
   [Ada]          util-serialize-mappers.adb
   [Ada]          util-properties-form.adb
   [Ada]          servlet-streams.adb
   [Ada]          servlet-filters.ads
   [Ada]          servlet-resolvers.adb
   [Ada]          servlet-rest-operation.adb
   [Ada]          servlet-sessions.adb
   [Ada]          servlet-parts-mockup.adb
   [Ada]          servlet-core-files.adb
   [Ada]          servlet-parts.adb
   [Ada]          servlet-responses-tools.adb
   [Ada]          servlet-server.adb
   [Ada]          servlet-security-oauth.adb
   [Ada]          servlet-filters-cache_control.adb
   [Ada]          servlet-cookies.ads
   [Ada]          servlet-streams-xml.adb
   [Ada]          servlet-security-filters-oauth.adb
   [Ada]          servlet-filters-dump.adb
   [Ada]          servlet-rest.adb
   [Ada]          servlet-requests.adb
   [Ada]          servlet-core-mappers.adb
   [Ada]          servlet-routes-servlets-rest.ads
   [Ada]          servlet-core.adb
   [Ada]          servlet-responses.adb
   [Ada]          servlet-requests-tools.adb
   [Ada]          servlet-streams-json.adb
   [Ada]          servlet-core-measures.adb
   [Ada]          servlet-routes-servlets.adb
   [Ada]          servlet.ads
   [Ada]          servlet-streams-dynamic.adb
   [Ada]          servlet-responses-mockup.adb
   [Ada]          servlet-sessions-factory.adb
   [Ada]          servlet-principals.ads
   [Ada]          servlet-core-rest.adb
   [Ada]          servlet-security-servlets.adb
   [Ada]          servlet-rest-definition.adb
   [Ada]          servlet-streams-raw.adb
   [Ada]          servlet-routes.adb
   [Ada]          servlet-security.ads
   [Ada]          servlet-security-filters.adb
   [Ada]          servlet-requests-mockup.adb
   [Ada]          servlet-core-configs.adb
Build Libraries
   [gprlib]       utilada_core.lexch
   [gprlib]       utilada_base.lexch
   [archive]      libutilada_core.a
   [index]        libutilada_core.a
   [gprlib]       utilada_sys.lexch
   [archive]      libutilada_base.a
   [index]        libutilada_base.a
   [gprlib]       elada.lexch
   [archive]      libutilada_sys.a
   [gprlib]       utilada_xml.lexch
   [archive]      libelada.a
   [index]        libelada.a
   [index]        libutilada_sys.a
   [gprlib]       security.lexch
   [archive]      libutilada_xml.a
   [index]        libutilada_xml.a
   [gprlib]       servletada.lexch
   [archive]      libsecurity.a
   [index]        libsecurity.a
   [archive]      libservletada.a
   [index]        libservletada.a
Success: Build finished successfully in 29.07 seconds.
Found declared GPR file: servletada.gpr
[alr test] Test completed SUCCESSFULLY
