Test ran at 2025-09-08 01:05:27.030407+00:00

SOLUTION:
bbs_webif=0.1.0: Simple web server to provide an interface to embedded instruments
Origin: commit 3aacf5100d2b648569f8a4b47b0bb92c50725837 from https://github.com/BrentSeidel/Ada-Web-Server.git
Properties:
   Author: Brent Seidel
   Description: Simple web server to provide an interface to embedded instruments
   License: GPL-3.0-or-later
   Maintainer: Brent Seidel <brentseidel@mac.com>
   Maintainers_Logins: BrentSeidel
   Name: bbs_webif
   Tag: http
   Tag: html
   Tag: embedded
   Tag: web
   Version: 0.1.0
   Website: https://github.com/BrentSeidel/Ada-Web-Server
Dependencies (direct):
   bbs~0.1.0
Dependencies (solution):
   bbs=0.1.0
Dependencies (graph):
   bbs_webif=0.1.0 --> bbs=0.1.0 (~0.1.0)


LOG:
[alr test] Testing bbs_webif=0.1.0
[alr test] Spawning retrieval for remote crate: alr -d -n get bbs_webif=0.1.0
Note: Deploying bbs_webif=0.1.0...

bbs_webif=0.1.0 successfully retrieved.
Dependencies were solved as follows:

   + bbs 0.1.0 (new)
[alr test] Spawning default test for remote crate: alr -d -n build --release -- -cargs:Ada -gnatwn
Note: Building bbs_webif=0.1.0/bbs_webif.gpr...
Setup
   [mkdir]        object directory for project bbs_webif
   [mkdir]        library directory for project bbs_webif
Compile
   [Ada]          bbs.ads
   [Ada]          bbs-units.adb
   [Ada]          bbs-web.adb
   [Ada]          bbs-web-svg.adb
   [Ada]          bbs-web-server.adb
   [Ada]          bbs-web-internal.adb
   [Ada]          bbs-web-http.adb
   [Ada]          bbs-web-html.adb
   [Ada]          bbs-web-files.adb
Build Libraries
   [gprlib]       Bbs.lexch
   [gprlib]       bbs_web.lexch
   [archive]      libBbs.a
   [index]        libBbs.a
   [archive]      libbbs_web.a
   [index]        libbbs_web.a
Success: Build finished successfully in 3.38 seconds.
Found declared GPR file: bbs_webif.gpr
[alr test] Test completed SUCCESSFULLY
