Test ran at 2026-08-21 12:26:09.912645+00:00

SOLUTION:
gnat_arm_elf=16.1.0: The GNAT Ada compiler - ARM cross-compiler
Provides: gnat=16.1.0
Origin: (case OS is Linux => (case Host_Arch is Aarch64 => binary archive gnat-arm-elf-linux64-aarch64-16.1.0-1.tar.gz at https://github.com/alire-project/GNAT-FSF-builds/releases/download/gnat-16.1.0-1/gnat-arm-elf-linux64-aarch64-16.1.0-1.tar.gz, X86_64 => binary archive gnat-arm-elf-linux64-x86_64-16.1.0-1.tar.gz at https://github.com/alire-project/GNAT-FSF-builds/releases/download/gnat-16.1.0-1/gnat-arm-elf-linux64-x86_64-16.1.0-1.tar.gz), Macos => (case Host_Arch is Aarch64 => binary archive gnat-arm-elf-darwin-aarch64-16.1.0-1.tar.gz at https://github.com/alire-project/GNAT-FSF-builds/releases/download/gnat-16.1.0-1/gnat-arm-elf-darwin-aarch64-16.1.0-1.tar.gz, X86_64 => binary archive gnat-arm-elf-darwin-x86_64-16.1.0-1.tar.gz at https://github.com/alire-project/GNAT-FSF-builds/releases/download/gnat-16.1.0-1/gnat-arm-elf-darwin-x86_64-16.1.0-1.tar.gz), Windows => (case Host_Arch is X86_64 => binary archive gnat-arm-elf-windows64-x86_64-16.1.0-1.tar.gz at https://github.com/alire-project/GNAT-FSF-builds/releases/download/gnat-16.1.0-1/gnat-arm-elf-windows64-x86_64-16.1.0-1.tar.gz)) with hash sha256:9e6bb6696de1b84e26a3fbeebd67d5e7c9aad28a6bdee4cb8e59328b6fd99078
Properties:
   Auto_Gpr_With: auto-gpr-with=false
   Configuration: no modifiers
   Description: The GNAT Ada compiler - ARM cross-compiler
   Environment: PATH=${CRATE_ROOT}/bin:${PATH}
   License: GPL-3.0-or-later AND GPL-3.0-or-later WITH GCC-exception-3.1
   Maintainer: chouteau@adacore.com
   Maintainer: sagaert@adacore.com
   Maintainers_Logins: Fabien-Chouteau
   Maintainers_Logins: AldanTanneo
   Name: gnat_arm_elf
   Version: 16.1.0
   Website: https://github.com/alire-project/GNAT-FSF-builds


LOG:
[alr test] Testing gnat_arm_elf=16.1.0
[alr test] Spawning retrieval for remote crate: alr -d -n get gnat_arm_elf=16.1.0
Note: Deploying gnat_arm_elf=16.1.0...
#=#=#                                                                          

                                                                           0.0%
                                                                           0.4%
##                                                                         2.9%
##                                                                         4.1%
######                                                                     9.2%
#######                                                                   11.0%
#########                                                                 13.3%
##########                                                                14.2%
###########                                                               16.5%
##############                                                            20.3%
################                                                          23.5%
##################                                                        25.6%
###################                                                       27.7%
####################                                                      28.6%
#####################                                                     29.7%
#######################                                                   32.5%
########################                                                  33.8%
##########################                                                36.6%
###########################                                               38.1%
############################                                              39.2%
##############################                                            41.8%
################################                                          44.5%
#################################                                         46.8%
##################################                                        48.5%
####################################                                      50.8%
#####################################                                     51.9%
#######################################                                   54.3%
#########################################                                 57.5%
##########################################                                59.0%
###########################################                               61.0%
#############################################                             63.0%
#############################################                             63.3%
##############################################                            64.8%
################################################                          67.1%
###################################################                       71.2%
######################################################                    75.3%
########################################################                  78.9%
###########################################################               83.0%
#############################################################             85.4%
################################################################          89.1%
#################################################################         91.6%
###################################################################       93.6%
#####################################################################     96.3%
#######################################################################   99.7%
######################################################################## 100.0%

gnat_arm_elf=16.1.0 successfully retrieved.
There are no dependencies.
[alr test] Test completed SUCCESSFULLY
