Test ran at 2025-10-23 12:51:16.713155+00:00

SOLUTION:
matreshka_sql_sqlite3=21.0.0: SQLite binding for Ada
Origin: commit 0ae8347db103c231d60bc4b795461aa4e6c73696 from https://github.com/reznikmm/matreshka-alire
Properties:
   Author: Vadim Godunko
   Description: SQLite binding for Ada
   License: BSD-3-Clause
   Maintainer: Vadim Godunko <vgodunko@gmail.com>
   Maintainer: Maxim Reznik <reznikmm@gmail.com>
   Maintainers_Logins: godunko
   Maintainers_Logins: reznikmm
   Name: matreshka_sql_sqlite3
   Project_File: build_matreshka_sql_sqlite3.gpr
   Tag: sql
   Tag: database
   Tag: db
   Tag: sqlite
   Version: 21.0.0
   Website: https://github.com/godunko/matreshka
Dependencies (direct):
   libsqlite3*
   matreshka_league21.0.0
Dependencies (solution):
   libsqlite3=3.50.2
   make=4.4.1
   matreshka_league=21.0.0
Dependencies (graph):
   matreshka_league=21.0.0      --> make=4.4.1 (*)
   matreshka_sql_sqlite3=21.0.0 --> libsqlite3=3.50.2 (*)
   matreshka_sql_sqlite3=21.0.0 --> matreshka_league=21.0.0 (21.0.0)


LOG:
[alr test] Testing matreshka_sql_sqlite3=21.0.0
[alr test] Spawning retrieval for remote crate: alr -d -n get matreshka_sql_sqlite3=21.0.0
Note: Deploying matreshka_sql_sqlite3=21.0.0...
Note: Deploying libsqlite3=3.50.2...
The system package 'mingw-w64-x86_64-sqlite3' is about to be installed.
This action might require admin privileges and impact your system installation.
Do you want Alire to install this system package?
Using default: Yes
resolving dependencies...
looking for conflicting packages...

Packages (4) mingw-w64-x86_64-readline-8.3.000-1  mingw-w64-x86_64-termcap-1.3.1-7  mingw-w64-x86_64-zlib-1.3.1-1  mingw-w64-x86_64-sqlite3-3.50.2-1

Total Download Size:    2.90 MiB
Total Installed Size:  23.13 MiB

:: Proceed with installation? [Y/n] 
:: Retrieving packages...
 mingw-w64-x86_64-sqlite3-3.50.2-1-any downloading...
 mingw-w64-x86_64-readline-8.3.000-1-any downloading...
 mingw-w64-x86_64-zlib-1.3.1-1-any downloading...
 mingw-w64-x86_64-termcap-1.3.1-7-any downloading...
checking keyring...
checking package integrity...
loading package files...
checking for file conflicts...
checking available disk space...
:: Processing package changes...
installing mingw-w64-x86_64-termcap...
installing mingw-w64-x86_64-readline...
installing mingw-w64-x86_64-zlib...
installing mingw-w64-x86_64-sqlite3...
Optional dependencies for mingw-w64-x86_64-sqlite3
    mingw-w64-x86_64-tcl: for sqlite3_analyzer

matreshka_sql_sqlite3=21.0.0 successfully retrieved.
Dependencies were solved as follows:

   +b libsqlite3       3.50.2 (new,system package)
   +b make             4.4.1  (new,indirect,system package)
   +  matreshka_league 21.0.0 (new)
[alr test] Spawning default test for remote crate: alr -d -n build --release -- -cargs:Ada -gnatwn
Note: Running post-fetch actions for matreshka_league=21.0.0...
gnatmake -p -j0  -Pgnat/tools_configure.gpr
Setup
   [mkdir]        object directory for project Tools_Configure
tools_configure.gpr:50:25: "../tools/configure" is not a valid directory
gprbuild: "gnat/tools_configure.gpr" processing failed
make: *** [Makefile:115: config] Error 5
Warning: Execution failed for action: Post_Fetch run: make reconfig (from ${CRATE_ROOT}/.)
Warning: Exit code: 2
Warning: Action output not captured, check it above.
stderr: ALIRE.PROPERTIES.ACTIONS.ACTION_FAILED
stderr: Action failed with exit code 2
stderr: raised ALIRE.PROPERTIES.ACTIONS.ACTION_FAILED : Action failed with exit code 2
[D:\a\alire-crates-ci\alire-crates-ci\alire_install\bin\alr.exe]
0x7ff6baa34e19 Semantic_Versioning.Basic.Restrictions.First_Index at alire-properties-actions-executor.adb:130
0x7ff6baa3306d Semantic_Versioning.Basic.Restrictions.First_Index at alire-properties-actions-executor.adb:36
0x7ff6bac0105c Semantic_Versioning.Basic.Restrictions.First_Index at alire-roots.adb:232
0x7ff6bac2912d Semantic_Versioning.Basic.Restrictions.First_Index at alire-roots.adb:2143
0x7ff6bac982f9 Semantic_Versioning.Basic.Restrictions.First_Index at alire-solutions.adb:1472
0x7ff6bac970ef Semantic_Versioning.Basic.Restrictions.First_Index at alire-solutions.adb:1539
0x7ff6bac2922c Semantic_Versioning.Basic.Restrictions.First_Index at alire-roots.adb:2147
0x7ff6bac292fa Semantic_Versioning.Basic.Restrictions.First_Index at alire-roots.adb:2127
0x7ff6bac017a7 Semantic_Versioning.Basic.Restrictions.First_Index at alire-roots.adb:286
0x7ff6bac01912 Semantic_Versioning.Basic.Restrictions.First_Index at alire-roots.adb:114
0x7ff6ba373baa Semantic_Versioning.Basic.Restrictions.First_Index at alr-commands-build.adb:145
0x7ff6ba37341e Semantic_Versioning.Basic.Restrictions.First_Index at alr-commands-build.adb:113
0x7ff6ba3735ba Semantic_Versioning.Basic.Restrictions.First_Index at alr-commands-build.adb:54
0x7ff6ba425dea Semantic_Versioning.Basic.Restrictions.First_Index at clic-subcommand-instance.adb:749
0x7ff6ba432b0e Semantic_Versioning.Basic.Restrictions.First_Index at alr-commands.adb:632
0x7ff6ba3016a0 Alr.Main at alr-main.adb:13
0x7ff6ba305270 Main at b__alr-main.adb:2454
0x7ff6ba30133e __tmainCRTStartup at ???
0x7ff6ba301144 mainCRTStartup at ???
[C:\Windows\System32\KERNEL32.DLL]
0x7ffcb2d7e8d5
[C:\Windows\SYSTEM32\ntdll.dll]
0x7ffcb3d2c53a

ERROR: Compilation failed.
