Test ran at 2025-07-13 01:34:48.029933+00:00

SOLUTION:
awa=2.5.0: Ada Web Application
Origin: commit e34bd6db1a23d6f47214d7001b3c0ce55a7cf54f from https://github.com/stcarrez/ada-awa.git
Available when: (case OS is Freebsd => True, Linux => True, Macos => False, Windows => False, others => False)
Properties:
   Post_Fetch run: sh ./alire-setup.sh (from ${CRATE_ROOT}/.)
   Author: Stephane.Carrez@gmail.com
   Description: Ada Web Application
   Environment: DYNAMO_SEARCH_PATH=${CRATE_ROOT}/awa/plugins:${DYNAMO_SEARCH_PATH}
   Environment: DYNAMO_UML_PATH=${CRATE_ROOT}/awa/uml:${DYNAMO_UML_PATH}
   GPR Scenario: AWA_AWS_IMPL := none | 1 | 2 | 3 | 4
   GPR Scenario: AWA_BUILD := distrib | debug | optimize | profile | coverage
   GPR Scenario: AWA_LIBRARY_TYPE := relocatable | static | static-pic
   GPR External: AWA_AWS_IMPL := 4
   License: Apache-2.0
   Long_Description: [![Build Status](https://img.shields.io/endpoint?url=https://porion.vacs.fr/porion/api/v1/projects/ada-util/badges/build.json)](https://porion.vacs.fr/porion/projects/view/ada-util/summary)
[![Test Status](https://img.shields.io/endpoint?url=https://porion.vacs.fr/porion/api/v1/projects/ada-util/badges/tests.json)](https://porion.vacs.fr/porion/projects/view/ada-util/xunits)
[![Coverage](https://img.shields.io/endpoint?url=https://porion.vacs.fr/porion/api/v1/projects/ada-util/badges/coverage.json)](https://porion.vacs.fr/porion/projects/view/ada-util/summary)
[![Documentation Status](https://readthedocs.org/projects/ada-util/badge/?version=latest)](https://ada-util.readthedocs.io/en/latest/?badge=latest)

Ada Web Application is a framework to build a Web Application in Ada 2012.
The framework provides several ready to use and extendable modules that are common
to many web application.  This includes the login, authentication, users, permissions,
managing comments, tags, votes, documents, images.  It provides a complete blog,
question and answers and a wiki module.

AWA simplifies the Web Application development by taking care of user management with
Google+, Facebook authentication and by providing the foundations on top of which you
can construct your own application.  AWA provides a powerful permission management
that gives flexibility to applications to grant access and protect your user's resources.

![AWA Features](https://github.com/stcarrez/ada-awa/wiki/images/awa-features.png)

# Documentation

The Ada Web Application programmer's guide describes how to setup the framework,
how you can setup and design your first web application with it,
and it provides detailed description of AWA components:

  * [Ada Web Application programmer's guide](https://ada-awa.readthedocs.io/en/latest/) [PDF](https://github.com/stcarrez/ada-awa/blob/master/awa/docs/awa-book.pdf)
  * [Ada Database Objects Programmer's Guide](https://ada-ado.readthedocs.io/en/latest/)
  * [Ada Security Programmer's Guide](https://ada-security.readthedocs.io/en/latest/)
  * [Ada Utility Library Programmer's Guide](https://ada-util.readthedocs.io/en/latest/)


   Maintainer: Stephane.Carrez@gmail.com
   Maintainers_Logins: stcarrez
   Name: awa
   Project_File: .alire/awa_blogs.gpr
   Project_File: .alire/awa.gpr
   Project_File: .alire/awa_settings.gpr
   Project_File: .alire/awa_wikis.gpr
   Project_File: .alire/awa_changelogs.gpr
   Project_File: .alire/awa_images.gpr
   Project_File: .alire/awa_setup.gpr
   Project_File: .alire/awa_workspaces.gpr
   Project_File: .alire/awa_comments.gpr
   Project_File: .alire/awa_jobs.gpr
   Project_File: .alire/awa_storages.gpr
   Project_File: .alire/awa_counters.gpr
   Project_File: .alire/awa_mail.gpr
   Project_File: .alire/awa_tags.gpr
   Project_File: .alire/awa_countries.gpr
   Project_File: .alire/awa_questions.gpr
   Project_File: .alire/awa_votes.gpr
   Tag: web
   Tag: users
   Tag: jobs
   Tag: wiki
   Tag: framework
   Tag: storage
   Tag: blog
   Version: 2.5.0
   Website: https://gitlab.com/stcarrez/ada-awa
Dependencies (direct):
   ado^2.4.0
   aws~24.0
   elada^1.8.6
   keystoreada^1.4.0
   security^1.5.0
   serverfaces^1.6.0
   servletada^1.7.0
   utilada^2.6.0
   utilada_xml^2.6.0
   wikiada^1.4.1
Dependencies (solution):
   ado=2.4.1
   aws=24.0.0
   elada=1.8.7
   gnat=14.2.1 (gnat_native)
   gnatcoll=24.0.0
   keystoreada=1.4.1
   libgpr=24.0.0
   make=4.3.0
   openssl=3.0.16
   security=1.5.1
   serverfaces=1.6.1
   servletada=1.7.1
   utilada=2.8.0
   utilada_xml=2.8.0
   wikiada=1.4.2
   xmlada=24.0.0
Dependencies (graph):
   ado=2.4.1         --> utilada=2.8.0 (^2.6.0)
   ado=2.4.1         --> utilada_xml=2.8.0 (^2.6.0)
   awa=2.5.0         --> ado=2.4.1 (^2.4.0)
   awa=2.5.0         --> aws=24.0.0 (~24.0)
   awa=2.5.0         --> elada=1.8.7 (^1.8.6)
   awa=2.5.0         --> keystoreada=1.4.1 (^1.4.0)
   awa=2.5.0         --> security=1.5.1 (^1.5.0)
   awa=2.5.0         --> serverfaces=1.6.1 (^1.6.0)
   awa=2.5.0         --> servletada=1.7.1 (^1.7.0)
   awa=2.5.0         --> utilada=2.8.0 (^2.6.0)
   awa=2.5.0         --> utilada_xml=2.8.0 (^2.6.0)
   awa=2.5.0         --> wikiada=1.4.2 (^1.4.1)
   aws=24.0.0        --> gnat=14.2.1 (gnat_native) (>=12)
   aws=24.0.0        --> gnatcoll=24.0.0 (~24.0.0)
   aws=24.0.0        --> make=4.3.0 (*)
   aws=24.0.0        --> openssl=3.0.16 (*)
   aws=24.0.0        --> xmlada=24.0.0 (~24.0.0)
   elada=1.8.7       --> utilada=2.8.0 (^2.5.0)
   gnatcoll=24.0.0   --> libgpr=24.0.0 (~24.0.0)
   keystoreada=1.4.1 --> utilada=2.8.0 (^2.6.0)
   libgpr=24.0.0     --> gnat=14.2.1 (gnat_native) (/=2020)
   libgpr=24.0.0     --> xmlada=24.0.0 (~24.0.0)
   security=1.5.1    --> utilada=2.8.0 (^2.6.0)
   security=1.5.1    --> utilada_xml=2.8.0 (^2.6.0)
   serverfaces=1.6.1 --> security=1.5.1 (^1.5.0)
   serverfaces=1.6.1 --> servletada=1.7.1 (^1.7.0)
   serverfaces=1.6.1 --> utilada=2.8.0 (^2.6.0)
   servletada=1.7.1  --> elada=1.8.7 (^1.8.5)
   servletada=1.7.1  --> security=1.5.1 (^1.5.0)
   servletada=1.7.1  --> utilada=2.8.0 (^2.6.0)
   utilada_xml=2.8.0 --> utilada=2.8.0 (^2.7.0)
   utilada_xml=2.8.0 --> xmlada=24.0.0 (*)
   wikiada=1.4.2     --> utilada=2.8.0 (^2.5.0)
   xmlada=24.0.0     --> gnat=14.2.1 (gnat_native) (>=11)


LOG:
Spawning: alr -d -n get --build awa=2.5.0
Note: Deploying awa=2.5.0...
Note: Deploying keystoreada=1.4.1...
Note: Deploying wikiada=1.4.2...
Note: Deploying serverfaces=1.6.1...
Note: Running post-fetch actions for awa=2.5.0...
Note: Building awa=2.5.0/.alire/awa_blogs.gpr (1/17)...
Setup
   [mkdir]        object directory for project UtilAda_Core
   [mkdir]        library directory for project UtilAda_Core
   [mkdir]        object directory for project UtilAda_Sys
   [mkdir]        library directory for project UtilAda_Sys
   [mkdir]        object directory for project ElAda
   [mkdir]        library directory for project ElAda
   [mkdir]        object directory for project WikiAda
   [mkdir]        library directory for project WikiAda
   [mkdir]        object directory for project UtilAda_Xml
   [mkdir]        library directory for project UtilAda_Xml
   [mkdir]        object directory for project Ado
   [mkdir]        library directory for project Ado
   [mkdir]        object directory for project Security
   [mkdir]        library directory for project Security
   [mkdir]        object directory for project ServletAda
   [mkdir]        library directory for project ServletAda
   [mkdir]        object directory for project Asf
   [mkdir]        library directory for project Asf
   [mkdir]        object directory for project KeystoreAda
   [mkdir]        library directory for project KeystoreAda
   [mkdir]        object directory for project Awa
   [mkdir]        library directory for project Awa
   [mkdir]        object directory for project Awa_Workspaces
   [mkdir]        exec directory for project Awa_Workspaces
   [mkdir]        library directory for project Awa_Workspaces
   [mkdir]        object directory for project Awa_Tags
   [mkdir]        library directory for project Awa_Tags
   [mkdir]        object directory for project Awa_Comments
   [mkdir]        library directory for project Awa_Comments
   [mkdir]        object directory for project Awa_Storages
   [mkdir]        library directory for project Awa_Storages
   [mkdir]        object directory for project Awa_Jobs
   [mkdir]        library directory for project Awa_Jobs
   [mkdir]        object directory for project Awa_Images
   [mkdir]        library directory for project Awa_Images
   [mkdir]        object directory for project Awa_Counters
   [mkdir]        library directory for project Awa_Counters
   [mkdir]        object directory for project Awa_Blogs
   [mkdir]        library directory for project Awa_Blogs
Compile
   [Ada]          awa-counters-models.adb
   [Ada]          awa-counters-beans.adb
   [Ada]          awa-counters-definition.ads
   [Ada]          awa-counters.adb
   [Ada]          awa-counters-components.adb
   [Ada]          awa-counters-modules.adb
   [Ada]          awa-jobs-models.adb
   [Ada]          awa-jobs-services.adb
   [Ada]          awa-jobs-modules.adb
   [Ada]          awa-jobs.ads
   [Ada]          awa-jobs-beans.adb
   [Ada]          awa-storages-models.adb
   [Ada]          awa-storages-modules.adb
   [Ada]          awa-storages-stores-databases.adb
   [Ada]          awa-storages-services.adb
   [Ada]          awa-storages-stores.ads
   [Ada]          awa-storages-stores-files.adb
   [Ada]          awa-storages-servlets.adb
   [Ada]          awa-storages.adb
   [Ada]          awa-storages-beans.adb
   [Ada]          awa-images-models.adb
   [Ada]          awa-images.ads
   [Ada]          awa-images-servlets.adb
   [Ada]          awa-images-beans.adb
   [Ada]          awa-images-modules.adb
   [Ada]          awa-comments-models.adb
   [Ada]          awa-comments-modules.adb
   [Ada]          awa-comments-beans.adb
   [Ada]          awa-comments.ads
   [Ada]          awa-tags-models.adb
   [Ada]          awa-tags-modules.adb
   [Ada]          awa-tags-beans.adb
   [Ada]          awa-tags.ads
   [Ada]          awa-tags-components.adb
   [Ada]          awa-workspaces-models.adb
   [Ada]          awa-workspaces-beans.adb
   [Ada]          awa-workspaces.ads
   [Ada]          awa-workspaces-modules.adb
   [Ada]          keystore-io.adb
   [Ada]          keystore-passwords-files.adb
   [Ada]          keystore-random.adb
   [Ada]          keystore-repository-entries.adb
   [Ada]          keystore.adb
   [Ada]          keystore-properties.adb
   [Ada]          keystore-logs.adb
   [Ada]          keystore-keys.adb
   [Ada]          keystore-buffers.adb
   [Ada]          keystore-tools.adb
   [Ada]          keystore-passwords.adb
   [Ada]          keystore-io-files.adb
   [Ada]          keystore-repository-keys.adb
   [Ada]          keystore-files.adb
   [Ada]          keystore-passwords-gpg.adb
   [Ada]          keystore-passwords-input.adb
   [Ada]          keystore-repository-data.adb
   [Ada]          keystore-passwords-keys.adb
   [Ada]          keystore-marshallers.adb
   [Ada]          keystore-gpg.adb
   [Ada]          keystore-io-headers.adb
   [Ada]          keystore-io-refs.adb
   [Ada]          keystore-repository.adb
   [Ada]          keystore-passwords-cmds.adb
   [Ada]          keystore-passwords-unsafe.adb
   [Ada]          keystore-containers.adb
   [Ada]          keystore-repository-workers.adb
   [Ada]          servlet-sessions-factory.adb
   [Ada]          servlet-routes.adb
   [Ada]          servlet-rest.adb
   [Ada]          servlet-filters-dump.adb
   [Ada]          servlet-core-files.adb
   [Ada]          servlet-core-rest.adb
   [Ada]          servlet-core-measures.adb
   [Ada]          servlet-streams-json.adb
   [Ada]          servlet-rest-definition.adb
   [Ada]          servlet-routes-servlets-rest.ads
   [Ada]          servlet-rest-operation.adb
   [Ada]          servlet-security-oauth.adb
   [Ada]          servlet-responses.adb
   [Ada]          servlet-core-configs.adb
   [Ada]          servlet-sessions.adb
   [Ada]          servlet-core-mappers.adb
   [Ada]          servlet-responses-tools.adb
   [Ada]          servlet-parts-mockup.adb
   [Ada]          servlet-security-filters-oauth.adb
   [Ada]          servlet-security.ads
   [Ada]          servlet-responses-mockup.adb
   [Ada]          servlet-core.adb
   [Ada]          servlet-server.adb
   [Ada]          servlet-security-servlets.adb
   [Ada]          servlet-streams-xml.adb
   [Ada]          servlet-requests.adb
   [Ada]          servlet-resolvers.adb
   [Ada]          servlet-routes-servlets.adb
   [Ada]          servlet-streams-raw.adb
   [Ada]          servlet-streams.adb
   [Ada]          servlet.ads
   [Ada]          servlet-requests-mockup.adb
   [Ada]          servlet-security-filters.adb
   [Ada]          servlet-filters.ads
   [Ada]          servlet-requests-tools.adb
   [Ada]          servlet-cookies.ads
   [Ada]          servlet-principals.ads
   [Ada]          servlet-parts.adb
   [Ada]          servlet-filters-cache_control.adb
   [Ada]          security-auth-openid.adb
   [Ada]          security-oauth.adb
   [Ada]          security-policies-urls.adb
   [Ada]          security-auth-oauth.adb
   [Ada]          security-auth-oauth-yahoo.adb
   [Ada]          security-permissions.adb
   [Ada]          security-controllers-roles.adb
   [Ada]          security-contexts.adb
   [Ada]          security-controllers-urls.adb
   [Ada]          security-random.adb
   [Ada]          security-auth.adb
   [Ada]          security.ads
   [Ada]          security-oauth-clients.adb
   [Ada]          security-auth-oauth-facebook.adb
   [Ada]          security-policies-roles.adb
   [Ada]          security-oauth-file_registry.adb
   [Ada]          security-policies.adb
   [Ada]          security-oauth-servers.adb
   [Ada]          security-auth-oauth-github.adb
   [Ada]          security-auth-oauth-googleplus.adb
   [Ada]          security-controllers.ads
   [Ada]          security-oauth-jwt.adb
   [Ada]          asf-helpers.ads
   [Ada]          asf-applications-messages-vectors.ads
   [Ada]          asf-components-html-links.adb
   [Ada]          asf-lifecycles-update.adb
   [Ada]          asf-servlets-measures.ads
   [Ada]          asf-views-nodes-reader.adb
   [Ada]          asf-applications-main-configs.adb
   [Ada]          asf-components-html-factory.adb
   [Ada]          asf-components-html-forms.adb
   [Ada]          asf-routes-servlets.adb
   [Ada]          asf-helpers-beans.adb
   [Ada]          asf-components-html-text.adb
   [Ada]          asf-lifecycles.adb
   [Ada]          asf-contexts-exceptions-iterator.adb
   [Ada]          asf-security.adb
   [Ada]          asf-views-nodes-core.adb
   [Ada]          asf-components-widgets-inputs.adb
   [Ada]          asf-contexts-flash.adb
   [Ada]          asf-components-widgets-likes.adb
   [Ada]          asf-contexts-faces.adb
   [Ada]          asf-beans.adb
   [Ada]          asf-events-phases.ads
   [Ada]          asf-components-html-selects.adb
   [Ada]          asf-views-facelets.adb
   [Ada]          asf-events-exceptions.adb
   [Ada]          asf-components-core-factory.adb
   [Ada]          asf-views-nodes-factory.adb
   [Ada]          asf-components-utils-escapes.adb
   [Ada]          asf-routes.ads
   [Ada]          asf-components-utils-factory.adb
   [Ada]          asf-components-widgets-selects.adb
   [Ada]          asf-converters.ads
   [Ada]          asf-servlets-files.ads
   [Ada]          asf-contexts.ads
   [Ada]          asf-components-html-messages.adb
   [Ada]          asf-views-nodes.adb
   [Ada]          asf-components-holders.ads
   [Ada]          asf-factory.adb
   [Ada]          asf-principals.ads
   [Ada]          asf-contexts-writer.adb
   [Ada]          asf-applications-messages-utils.adb
   [Ada]          asf-converters-dates.adb
   [Ada]          asf-components-utils-scripts.adb
   [Ada]          asf-events-modules.adb
   [Ada]          asf-components-widgets-progress.adb
   [Ada]          asf-components-utils-flush.adb
   [Ada]          asf-beans-mappers.adb
   [Ada]          asf-validators-numbers.adb
   [Ada]          asf-views-nodes-facelets.adb
   [Ada]          asf-components-widgets-gravatars.adb
   [Ada]          asf-lifecycles-apply.adb
   [Ada]          asf-requests.ads
   [Ada]          asf-applications-main.adb
   [Ada]          asf-components-ajax.ads
   [Ada]          asf-beans-params.adb
   [Ada]          asf-components-root.adb
   [Ada]          asf-navigations-redirect.adb
   [Ada]          asf-security-servlets.ads
   [Ada]          asf-validators.ads
   [Ada]          asf-components-widgets-panels.adb
   [Ada]          asf-lifecycles-response.adb
   [Ada]          asf-models.ads
   [Ada]          asf-converters-numbers.adb
   [Ada]          asf-components-core.adb
   [Ada]          asf-models-selects.adb
   [Ada]          asf-components-base.adb
   [Ada]          asf-components-html-lists.adb
   [Ada]          asf-sessions.ads
   [Ada]          asf-contexts-writer-string.adb
   [Ada]          asf-beans-headers.adb
   [Ada]          asf-components-utils.adb
   [Ada]          asf.ads
   [Ada]          asf-beans-globals.adb
   [Ada]          asf-validators-texts.adb
   [Ada]          asf-components-ajax-factory.adb
   [Ada]          asf-beans-resolvers.adb
   [Ada]          asf-events-faces.adb
   [Ada]          asf-routes-servlets-faces.ads
   [Ada]          asf-contexts-facelets.adb
   [Ada]          asf-views-nodes-jsf.adb
   [Ada]          asf-parts-upload_method.ads
   [Ada]          asf-utils.adb
   [Ada]          asf-filters.ads
   [Ada]          asf-components-utils-files.adb
   [Ada]          asf-navigations-render.adb
   [Ada]          asf-clients.ads
   [Ada]          asf-navigations.adb
   [Ada]          asf-beans-flash.adb
   [Ada]          asf-servlets.ads
   [Ada]          asf-security-filters-oauth.ads
   [Ada]          asf-events.ads
   [Ada]          asf-applications-views.adb
   [Ada]          asf-views.adb
   [Ada]          asf-responses.ads
   [Ada]          asf-components-utils-scrollers.adb
   [Ada]          asf-components-html-pages.adb
   [Ada]          asf-security-filters.ads
   [Ada]          asf-lifecycles-validation.adb
   [Ada]          asf-navigations-mappers.adb
   [Ada]          asf-streams.ads
   [Ada]          asf-servlets-faces-mappers.adb
   [Ada]          asf-components.ads
   [Ada]          asf-components-widgets-tabs.adb
   [Ada]          asf-beans-injections.adb
   [Ada]          asf-servlets-faces.adb
   [Ada]          asf-applications-messages.adb
   [Ada]          asf-applications-messages-factory.adb
   [Ada]          asf-events-faces-actions.adb
   [Ada]          asf-converters-sizes.adb
   [Ada]          asf-components-html.adb
   [Ada]          asf-components-widgets-factory.adb
   [Ada]          asf-contexts-exceptions.adb
   [Ada]          asf-applications.adb
   [Ada]          asf-cookies.ads
   [Ada]          asf-lifecycles-invoke.adb
   [Ada]          asf-components-utils-beans.adb
   [Ada]          asf-lifecycles-default.adb
   [Ada]          asf-components-html-panels.adb
   [Ada]          asf-beans-requests.adb
   [Ada]          asf-servlets-ajax.adb
   [Ada]          asf-parts.ads
   [Ada]          asf-server.ads
   [Ada]          asf-components-ajax-includes.adb
   [Ada]          asf-components-widgets.ads
   [Ada]          asf-components-core-views.adb
   [Ada]          asf-locales.adb
   [Ada]          asf-lifecycles-restore.adb
   [Ada]          util-serialize-io-xml.adb
   [Ada]          ado-model.adb
   [Ada]          ado-sessions.adb
   [Ada]          ado-schemas-entities.adb
   [Ada]          ado-configs.adb
   [Ada]          ado-sequences.adb
   [Ada]          ado-caches.adb
   [Ada]          ado-utils-serialize.adb
   [Ada]          ado-sessions-sources.adb
   [Ada]          ado-objects-cache.adb
   [Ada]          ado-objects.adb
   [Ada]          ado-utils.adb
   [Ada]          ado-sql.adb
   [Ada]          ado-sessions-factory.adb
   [Ada]          ado.adb
   [Ada]          ado-c.adb
   [Ada]          ado-sessions-entities.adb
   [Ada]          ado-queries-loaders.adb
   [Ada]          ado-statements-create.adb
   [Ada]          ado-utils-streams.adb
   [Ada]          ado-queries.adb
   [Ada]          ado-schemas-databases.adb
   [Ada]          ado-datasets.adb
   [Ada]          ado-audits.adb
   [Ada]          ado-schemas.adb
   [Ada]          ado-sequences-hilo.adb
   [Ada]          ado-statements.adb
   [Ada]          ado-caches-discrete.adb
   [Ada]          ado-dialects.adb
   [Ada]          ado-parameters.adb
   [Ada]          ado-connections.adb
   [Ada]          wiki-html_parser-entities.ads
   [Ada]          wiki-plugins.ads
   [Ada]          wiki-parsers-creole.adb
   [Ada]          wiki-parsers-google.adb
   [Ada]          wiki-streams-html.adb
   [Ada]          wiki-render-text.adb
   [Ada]          wiki-parsers-dotclear.adb
   [Ada]          wiki-helpers-parser.adb
   [Ada]          wiki-streams-html-builders.ads
   [Ada]          wiki-filters-html.adb
   [Ada]          wiki-helpers.adb
   [Ada]          wiki-plugins-variables.adb
   [Ada]          wiki-streams-builders.adb
   [Ada]          wiki-streams-html-stream.adb
   [Ada]          wiki-attributes.adb
   [Ada]          wiki-html_parser.adb
   [Ada]          wiki-nodes.adb
   [Ada]          wiki-documents.adb
   [Ada]          wiki-render-html.adb
   [Ada]          wiki-filters-toc.adb
   [Ada]          wiki.adb
   [Ada]          wiki-parsers-textile.adb
   [Ada]          wiki-parsers-html.adb
   [Ada]          wiki-parsers-markdown.adb
   [Ada]          wiki-render.adb
   [Ada]          wiki-parsers-mediawiki.adb
   [Ada]          wiki-streams-html-text_io.ads
   [Ada]          wiki-filters-collectors.adb
   [Ada]          wiki-plugins-conditions.adb
   [Ada]          wiki-render-links.adb
   [Ada]          wiki-streams.ads
   [Ada]          wiki-nodes-dump.adb
   [Ada]          wiki-parsers-common.adb
   [Ada]          wiki-nodes-lists.adb
   [Ada]          wiki-plugins-templates.adb
   [Ada]          wiki-filters-variables.adb
   [Ada]          wiki-streams-text_io.adb
   [Ada]          wiki-filters-autolink.adb
   [Ada]          wiki-filters.adb
   [Ada]          wiki-utils.adb
   [Ada]          wiki-strings.adb
   [Ada]          wiki-render-wiki.adb
   [Ada]          wiki-buffers.adb
   [Ada]          wiki-parsers.adb
   [Ada]          el-methods-proc_2.adb
   [Ada]          el-functions.adb
   [Ada]          el-methods-func_string.ads
   [Ada]          el-contexts-default.adb
   [Ada]          el-contexts-tls.adb
   [Ada]          el-beans.adb
   [Ada]          el-methods.ads
   [Ada]          el.ads
   [Ada]          el-methods-func_unbounded.ads
   [Ada]          el-variables-default.adb
   [Ada]          el-utils.adb
   [Ada]          el-functions-namespaces.adb
   [Ada]          el-functions-default.adb
   [Ada]          el-expressions-parser.adb
   [Ada]          el-expressions.adb
   [Ada]          el-methods-proc_1.adb
   [Ada]          el-contexts-properties.adb
   [Ada]          el-contexts.ads
   [Ada]          el-variables.ads
   [Ada]          el-objects.ads
   [Ada]          el-methods-func_1.adb
   [Ada]          el-expressions-nodes.adb
   [Ada]          el-methods-proc_in.adb
   [Ada]          util-systems-constants.ads
   [Ada]          util-systems-types.ads
   [Ada]          util-systems-io.adb
   [Ada]          util-systems-os.ads
   [Ada]          util-properties-bundles.adb
   [Ada]          util-properties.adb
   [Ada]          util-properties-basic.adb
   [Ada]          util-properties-discrete.adb
   [Ada]          util-log.adb
   [Ada]          util-log-formatters.adb
   [Ada]          util-log-appenders-formatter.adb
   [Ada]          util-log-formatters-factories.adb
   [Ada]          util-log-locations.adb
   [Ada]          util-log-appenders-consoles.adb
   [Ada]          util-log-appenders-factories.adb
   [Ada]          util-log-loggers.adb
   [Ada]          util-log-appenders.adb
   [Ada]          util-log-appenders-rolling_files.adb
   [Ada]          util-log-appenders-files.adb
   [Ada]          util-files-filters.adb
   [Ada]          util-files-walk.adb
   [Ada]          util-files-rolling.adb
   [Ada]          util-files.adb
   [Ada]          util-events.adb
   [Ada]          util-events-timers.adb
   [Ada]          util-events-channels.adb
   [Ada]          util-dates-rfc7231.adb
   [Ada]          util-dates-iso8601.adb
   [Ada]          util-dates-formats.adb
   [Ada]          util-dates.adb
   [Ada]          util-dates-simple_format.adb
   [Ada]          util-commands-drivers.adb
   [Ada]          util-commands.adb
   [Ada]          util-commands-parsers-gnat_parser.adb
   [Ada]          util-commands-text_io.ads
   [Ada]          util-commands-consoles.adb
   [Ada]          util-commands-raw_io.ads
   [Ada]          util-commands-parsers.adb
   [Ada]          util-commands-consoles-text.adb
   [Ada]          util-beans-objects-time.adb
   [Ada]          util-beans-objects-iterators.adb
   [Ada]          util-beans-basic-ranges.adb
   [Ada]          util-beans-ranges.ads
   [Ada]          util-beans-objects-vectors.adb
   [Ada]          util-beans-objects-hash.adb
   [Ada]          util-beans-objects-datasets.adb
   [Ada]          util-beans-objects-maps.adb
   [Ada]          util-beans-factory.adb
   [Ada]          util-beans-objects-lists.adb
   [Ada]          util-beans-lists.ads
   [Ada]          util-beans-methods.ads
   [Ada]          util-beans.ads
   [Ada]          util-beans-objects-pairs.adb
   [Ada]          util-beans-lists-strings.adb
   [Ada]          util-beans-basic-lists.adb
   [Ada]          util-beans-basic.ads
   [Ada]          util-beans-objects-to_access.adb
   [Ada]          util-beans-objects-enums.adb
   [Ada]          util-beans-objects.adb
   [Ada]          util-beans-objects-records.adb
   [Ada]          util-systems.ads
   [Ada]          util-texts-tokenizers.adb
   [Ada]          util-texts.ads
   [Ada]          util-texts-builders.adb
   [Ada]          util-texts-transforms.adb
   [Ada]          util-texts-formats.adb
   [Ada]          util-strings-maps_incensitive.ads
   [Ada]          util-strings-builders-transforms.ads
   [Ada]          util-strings-maps.ads
   [Ada]          util-strings-tokenizers.ads
   [Ada]          util-strings-transforms.adb
   [Ada]          util-strings.adb
   [Ada]          util-strings-formats.adb
   [Ada]          util-strings-vectors.ads
   [Ada]          util-strings-builders.ads
   [Ada]          util-strings-sets.ads
   [Ada]          util-listeners.ads
   [Ada]          util-listeners-lifecycles.adb
   [Ada]          util-listeners-observers.adb
   [Ada]          util-concurrent-counters.adb
   [Ada]          util-concurrent-arrays.adb
   [Ada]          util-concurrent-sequence_queues.adb
   [Ada]          util-concurrent-copies.adb
   [Ada]          util-concurrent.ads
   [Ada]          util-concurrent-fifos.adb
   [Ada]          util-concurrent-locks.adb
   [Ada]          util-concurrent-pools.adb
   [Ada]          util-stacks.adb
   [Ada]          util-blobs.adb
   [Ada]          util-nullables.ads
   [Ada]          util-locales.adb
   [Ada]          util-named_lists.adb
   [Ada]          util-executors.adb
   [Ada]          util.ads
   [Ada]          util-refs.adb
   [Ada]          util-algorithms.ads
   [Ada]          util-streams-raw.adb
   [Ada]          util-systems-dlls.adb
   [Ada]          util-processes-os.adb
   [Ada]          util-processes-tools.adb
   [Ada]          util-processes.adb
   [Ada]          util-http-tools.adb
   [Ada]          util-http-mimes.adb
   [Ada]          util-http-rest-rest_get_vector.adb
   [Ada]          util-http-clients.adb
   [Ada]          util-http-parts.adb
   [Ada]          util-http-rest.adb
   [Ada]          util-http-clients-mockups.adb
   [Ada]          util-http-cookies.adb
   [Ada]          util-http-mockups.adb
   [Ada]          util-mail.adb
   [Ada]          util-http-headers.adb
   [Ada]          util-http.adb
   [Ada]          util-encoders-hmac-sha256.adb
   [Ada]          util-encoders-base64.adb
   [Ada]          util-encoders-uri.adb
   [Ada]          util-encoders-kdf-pbkdf2_hmac_sha256.ads
   [Ada]          util-encoders-hmac.ads
   [Ada]          util-encoders-base32.adb
   [Ada]          util-encoders-sha1.adb
   [Ada]          util-encoders-hmac-sha1.adb
   [Ada]          util-encoders-aes.adb
   [Ada]          util-encoders-quoted_printable.adb
   [Ada]          util-encoders-ecc.adb
   [Ada]          util-encoders-kdf-pbkdf2.adb
   [Ada]          util-encoders-sha256.adb
   [Ada]          util-encoders.adb
   [Ada]          util-encoders-kdf.ads
   [Ada]          util-encoders-base16.adb
   [Ada]          util-encoders-hmac-hotp.adb
   [Ada]          util-measures.adb
   [Ada]          util-streams-base64.ads
   [Ada]          util-streams-pipes.adb
   [Ada]          util-streams-sockets.adb
   [Ada]          util-streams.adb
   [Ada]          util-streams-texts.adb
   [Ada]          util-streams-texts-wtr.ads
   [Ada]          util-streams-files.adb
   [Ada]          util-streams-buffered-parts.adb
   [Ada]          util-streams-texts-tr.ads
   [Ada]          util-streams-base16.ads
   [Ada]          util-streams-buffered-encoders.adb
   [Ada]          util-streams-aes.adb
   [Ada]          util-streams-buffered.adb
   [Ada]          util-serialize-mappers.adb
   [Ada]          util-serialize-io-csv.adb
   [Ada]          util-properties-form.adb
   [Ada]          util-serialize-io.adb
   [Ada]          util-serialize-tools.adb
   [Ada]          util-beans-objects-readers.adb
   [Ada]          util-serialize-contexts.adb
   [Ada]          util-serialize-mappers-record_mapper.adb
   [Ada]          util-serialize-io-form.adb
   [Ada]          util-serialize-mappers-vector_mapper.adb
   [Ada]          util-serialize.ads
   [Ada]          util-serialize-io-json.adb
   [Ada]          util-properties-json.adb
   [Ada]          awa-users-models.adb
   [Ada]          awa-commands-models.ads
   [Ada]          awa-permissions-models.adb
   [Ada]          awa-oauth-models.adb
   [Ada]          awa-events-models.adb
   [Ada]          awa-audits-models.adb
   [Ada]          awa-applications-factory.adb
   [Ada]          awa-events-dispatchers-tasks.adb
   [Ada]          awa-users-services.adb
   [Ada]          awa-events-services.adb
   [Ada]          awa-permissions-beans.adb
   [Ada]          awa-components-inputs.adb
awa-users-services.adb:454:61: (style) bad casing of "ADO" declared at ado.ads:14 [-gnatyr]
awa-users-services.adb:935:53: (style) bad casing of "Status_Type" declared at awa-users-models.ads:87 [-gnatyr]
awa-users-services.adb:958:19: (style) bad casing of "DB" declared at line 939 [-gnatyr]
awa-users-services.ads:161:53: (style) bad casing of "Status_Type" declared at awa-users-models.ads:87 [-gnatyr]
   [Ada]          awa-commands-list.adb
   [Ada]          awa-users-modules.adb
   [Ada]          awa-index_arrays.adb
   [Ada]          awa-events-configs.adb
   [Ada]          awa-commands-user.adb
   [Ada]          awa-permissions.adb
   [Ada]          awa-modules-beans.adb
   [Ada]          awa-modules.adb
   [Ada]          awa-components-factory.adb
   [Ada]          awa-modules-get.adb
   [Ada]          awa-events-queues-fifos.adb
   [Ada]          awa-applications.adb
   [Ada]          awa-services-filters.adb
   [Ada]          awa-commands-info.adb
   [Ada]          awa-components-redirect.adb
   [Ada]          awa-events-queues-observers.ads
   [Ada]          awa-events-queues-maps.ads
   [Ada]          awa-events.adb
   [Ada]          awa-commands-stop.adb
   [Ada]          awa-permissions-services.adb
   [Ada]          awa-events-dispatchers.adb
   [Ada]          awa-users-servlets.adb
   [Ada]          awa-converters.ads
   [Ada]          awa-events-dispatchers-actions.adb
   [Ada]          awa-components-wikis.adb
awa-users-servlets.adb:309:11: (style) bad casing of "URI" declared at line 306 [-gnatyr]
awa-users-servlets.adb:314:31: (style) bad casing of "Change_Password_URI" declared at awa-users-servlets.ads:167 [-gnatyr]
awa-users-servlets.adb:346:73: (style) bad casing of "Change_Password_URI" declared at awa-users-servlets.ads:167 [-gnatyr]
   [Ada]          awa-commands.adb
   [Ada]          awa-users.ads
   [Ada]          awa-applications-configs.adb
   [Ada]          awa-services.ads
   [Ada]          awa-commands-migrate.adb
   [Ada]          awa-helpers-selectors.adb
   [Ada]          awa-oauth-services.ads
   [Ada]          awa-oauth.ads
   [Ada]          awa-oauth-filters.adb
   [Ada]          awa-components.ads
   [Ada]          awa-audits.ads
   [Ada]          awa-audits-services.adb
   [Ada]          awa-modules-reader.adb
awa-commands-migrate.adb:78:58: (style) bad casing of "ADO" declared at ado.ads:14 [-gnatyr]
awa-commands-migrate.adb:78:70: (style) bad casing of "MIGRATE_PATHS_CONFIG" declared at ado-configs.ads:28 [-gnatyr]
awa-commands-migrate.adb:95:37: (style) bad casing of "N_INFO" declared at awa-commands.ads:148 [-gnatyr]
   [Ada]          awa-commands-drivers.adb
   [Ada]          awa-users-beans.adb
   [Ada]          awa-events-configs-reader_config.adb
   [Ada]          awa-converters-dates.adb
awa-commands-drivers.adb:80:46: (style) bad casing of "URI" declared at awa-commands-drivers.ads:62 [-gnatyr]
awa-commands-drivers.adb:81:19: (style) bad casing of "URI" declared at awa-commands-drivers.ads:62 [-gnatyr]
awa-commands-drivers.adb:81:24: (style) bad casing of "URI" declared at awa-commands-drivers.ads:62 [-gnatyr]
awa-commands-drivers.adb:82:61: (style) bad casing of "URI" declared at awa-commands-drivers.ads:62 [-gnatyr]
awa-commands-drivers.adb:82:66: (style) bad casing of "URI" declared at awa-commands-drivers.ads:62 [-gnatyr]
awa-commands-drivers.adb:82:83: (style) bad casing of "URI" declared at awa-commands-drivers.ads:62 [-gnatyr]
   [Ada]          awa.ads
   [Ada]          awa-helpers.adb
   [Ada]          awa-helpers-requests.adb
   [Ada]          awa-permissions-controllers.adb
   [Ada]          awa-events-queues-persistents.adb
   [Ada]          awa-services-contexts.adb
   [Ada]          awa-users-filters.adb
   [Ada]          awa-users-principals.adb
   [Ada]          awa-events-queues.adb
   [Ada]          awa-events-action_method.ads
   [Ada]          awa-commands-start.adb
   [Ada]          awa-modules-lifecycles.adb
   [Ada]          awa-blogs-models.adb
   [Ada]          awa-blogs-modules.adb
   [Ada]          awa-blogs-beans.adb
   [Ada]          awa-blogs-servlets.adb
   [Ada]          awa-blogs.ads
awa-blogs-beans.adb:296:48: warning: aspect Unreferenced specified for "Result" [enabled by default]
Build Libraries
   [gprlib]       utilada_core.lexch
   [gprlib]       utilada_base.lexch
   [archive]      libutilada_core.a
   [index]        libutilada_core.a
   [gprlib]       utilada_sys.lexch
   [archive]      libutilada_base.a
   [index]        libutilada_base.a
   [gprlib]       elada.lexch
   [gprlib]       wikiada.lexch
   [archive]      libutilada_sys.a
   [archive]      libelada.a
   [gprlib]       utilada_xml.lexch
   [archive]      libwikiada.a
   [index]        libelada.a
   [index]        libwikiada.a
   [index]        libutilada_sys.a
   [gprlib]       ado.lexch
   [archive]      libutilada_xml.a
   [index]        libutilada_xml.a
   [gprlib]       security.lexch
   [gprlib]       servletada.lexch
   [archive]      libado.a
   [archive]      libsecurity.a
   [index]        libsecurity.a
   [index]        libado.a
   [gprlib]       asf.lexch
   [archive]      libservletada.a
   [index]        libservletada.a
   [gprlib]       keystoreada.lexch
   [gprlib]       awa.lexch
   [archive]      libasf.a
   [archive]      libkeystoreada.a
   [index]        libkeystoreada.a
   [index]        libasf.a
   [gprlib]       awa_workspaces.lexch
   [archive]      libawa.a
   [index]        libawa.a
   [gprlib]       awa_tags.lexch
   [gprlib]       awa_comments.lexch
   [gprlib]       awa_storages.lexch
   [archive]      libawa_workspaces.a
   [archive]      libawa_tags.a
   [archive]      libawa_comments.a
   [index]        libawa_workspaces.a
   [index]        libawa_comments.a
   [index]        libawa_tags.a
   [gprlib]       awa_jobs.lexch
   [gprlib]       awa_images.lexch
   [archive]      libawa_storages.a
   [archive]      libawa_jobs.a
   [index]        libawa_jobs.a
   [index]        libawa_storages.a
   [gprlib]       awa_counters.lexch
   [gprlib]       awa_blogs.lexch
   [archive]      libawa_images.a
   [archive]      libawa_counters.a
   [index]        libawa_images.a
   [index]        libawa_counters.a
   [archive]      libawa_blogs.a
   [index]        libawa_blogs.a
Note: Building awa=2.5.0/.alire/awa.gpr (2/17)...
Note: Building awa=2.5.0/.alire/awa_settings.gpr (3/17)...
Setup
   [mkdir]        object directory for project Awa_Settings
   [mkdir]        library directory for project Awa_Settings
Compile
   [Ada]          awa-settings-models.adb
   [Ada]          awa-settings-modules.adb
   [Ada]          awa-settings.adb
Build Libraries
   [gprlib]       awa_settings.lexch
   [archive]      libawa_settings.a
   [index]        libawa_settings.a
Note: Building awa=2.5.0/.alire/awa_wikis.gpr (4/17)...
Setup
   [mkdir]        object directory for project Awa_Wikis
   [mkdir]        library directory for project Awa_Wikis
Compile
   [Ada]          awa-wikis-models.adb
   [Ada]          awa-wikis.ads
   [Ada]          awa-wikis-previews.adb
   [Ada]          awa-wikis-modules.adb
   [Ada]          awa-wikis-beans.adb
   [Ada]          awa-wikis-servlets.adb
Build Libraries
   [gprlib]       awa_wikis.lexch
   [archive]      libawa_wikis.a
   [index]        libawa_wikis.a
Note: Building awa=2.5.0/.alire/awa_changelogs.gpr (5/17)...
Setup
   [mkdir]        object directory for project Awa_Changelogs
   [mkdir]        library directory for project Awa_Changelogs
Compile
   [Ada]          awa-changelogs-models.adb
   [Ada]          awa-changelogs.ads
   [Ada]          awa-changelogs-modules.adb
Build Libraries
   [gprlib]       awa_changelogs.lexch
   [archive]      libawa_changelogs.a
   [index]        libawa_changelogs.a
Note: Building awa=2.5.0/.alire/awa_images.gpr (6/17)...
Note: Building awa=2.5.0/.alire/awa_setup.gpr (7/17)...
Setup
   [mkdir]        object directory for project Awa_Setup
   [mkdir]        library directory for project Awa_Setup
Compile
   [Ada]          awa-setup.ads
   [Ada]          awa-setup-applications.adb
   [Ada]          awa-commands-setup.adb
awa-setup-applications.adb:353:45: (style) bad casing of "UBO" declared at awa-setup-applications.ads:64 [-gnatyr]
awa-setup-applications.adb:354:49: (style) bad casing of "UBO" declared at awa-setup-applications.ads:64 [-gnatyr]
Build Libraries
   [gprlib]       awa_setup.lexch
   [archive]      libawa_setup.a
   [index]        libawa_setup.a
Note: Building awa=2.5.0/.alire/awa_workspaces.gpr (8/17)...
Note: Building awa=2.5.0/.alire/awa_comments.gpr (9/17)...
Note: Building awa=2.5.0/.alire/awa_jobs.gpr (10/17)...
Note: Building awa=2.5.0/.alire/awa_storages.gpr (11/17)...
Note: Building awa=2.5.0/.alire/awa_counters.gpr (12/17)...
Note: Building awa=2.5.0/.alire/awa_mail.gpr (13/17)...
Setup
   [mkdir]        object directory for project Awa_Mail
   [mkdir]        library directory for project Awa_Mail
Compile
   [Ada]          awa-mail-clients-aws_smtp.adb
   [Ada]          awa-mail-clients-files.adb
   [Ada]          awa-mail-components-recipients.adb
   [Ada]          awa-mail.ads
   [Ada]          awa-mail-components-factory.adb
   [Ada]          awa-mail-clients.adb
   [Ada]          awa-mail-components.adb
   [Ada]          awa-mail-components-messages.adb
   [Ada]          awa-mail-modules.adb
   [Ada]          awa-mail-components-attachments.adb
   [Ada]          awa-mail-beans.adb
Build Libraries
   [gprlib]       awa_mail.lexch
   [archive]      libawa_mail.a
   [index]        libawa_mail.a
Note: Building awa=2.5.0/.alire/awa_tags.gpr (14/17)...
Note: Building awa=2.5.0/.alire/awa_countries.gpr (15/17)...
Setup
   [mkdir]        object directory for project Awa_Countries
   [mkdir]        library directory for project Awa_Countries
Compile
   [Ada]          awa-countries-models.adb
   [Ada]          awa-countries.ads
Build Libraries
   [gprlib]       awa_countries.lexch
   [archive]      libawa_countries.a
   [index]        libawa_countries.a
Note: Building awa=2.5.0/.alire/awa_questions.gpr (16/17)...
Setup
   [mkdir]        object directory for project Awa_Questions
   [mkdir]        library directory for project Awa_Questions
Compile
   [Ada]          awa-questions-models.adb
   [Ada]          awa-questions-beans.adb
   [Ada]          awa-questions.ads
   [Ada]          awa-questions-modules.adb
awa-questions-beans.adb:178:19: (style) bad casing of "Is_Null" declared at ado-objects.ads:326 [-gnatyr]
Build Libraries
   [gprlib]       awa_questions.lexch
   [archive]      libawa_questions.a
   [index]        libawa_questions.a
Note: Building awa=2.5.0/.alire/awa_votes.gpr (17/17)...
Setup
   [mkdir]        object directory for project Awa_Votes
   [mkdir]        library directory for project Awa_Votes
Compile
   [Ada]          awa-votes-models.adb
   [Ada]          awa-votes-modules.adb
   [Ada]          awa-votes-beans.adb
   [Ada]          awa-votes.ads
Build Libraries
   [gprlib]       awa_votes.lexch
   [archive]      libawa_votes.a
   [index]        libawa_votes.a

awa=2.5.0 successfully retrieved and built.
Dependencies were solved as follows:

   +  ado         2.4.1  (new)
   +  aws         24.0.0 (new)
   +  elada       1.8.7  (new)
   +b gnat        14.2.1 (new,gnat_native,indirect,binary)
   +  gnatcoll    24.0.0 (new,indirect)
   +  keystoreada 1.4.1  (new)
   +  libgpr      24.0.0 (new,indirect)
   +b make        4.3.0  (new,indirect,system package)
   +b openssl     3.0.16 (new,indirect,system package)
   +  security    1.5.1  (new)
   +  serverfaces 1.6.1  (new)
   +  servletada  1.7.1  (new)
   +  utilada     2.8.0  (new)
   +  utilada_xml 2.8.0  (new)
   +  wikiada     1.4.2  (new)
   +  xmlada      24.0.0 (new,indirect)
Found declared GPR file: .alire/awa_blogs.gpr
Found declared GPR file: .alire/awa.gpr
Found declared GPR file: .alire/awa_settings.gpr
Found declared GPR file: .alire/awa_wikis.gpr
Found declared GPR file: .alire/awa_changelogs.gpr
Found declared GPR file: .alire/awa_images.gpr
Found declared GPR file: .alire/awa_setup.gpr
Found declared GPR file: .alire/awa_workspaces.gpr
Found declared GPR file: .alire/awa_comments.gpr
Found declared GPR file: .alire/awa_jobs.gpr
Found declared GPR file: .alire/awa_storages.gpr
Found declared GPR file: .alire/awa_counters.gpr
Found declared GPR file: .alire/awa_mail.gpr
Found declared GPR file: .alire/awa_tags.gpr
Found declared GPR file: .alire/awa_countries.gpr
Found declared GPR file: .alire/awa_questions.gpr
Found declared GPR file: .alire/awa_votes.gpr
