Test ran at 2025-05-07 13:16:31.837969+00:00

SOLUTION:
matreshka_servlet=21.0.0: Servlet API
Origin: commit e6463c55cfc662b3f738175e855fb9bf6cdfd3b8 from https://github.com/reznikmm/matreshka-alire
Properties:
   Author: Vadim Godunko
   Description: Servlet API
   License: BSD-3-Clause
   Maintainer: Vadim Godunko <vgodunko@gmail.com>
   Maintainer: Maxim Reznik <reznikmm@gmail.com>
   Maintainers_Logins: godunko
   Maintainers_Logins: reznikmm
   Name: matreshka_servlet
   Project_File: build_matreshka_servlet.gpr
   Tag: web
   Tag: servlet
   Tag: http
   Version: 21.0.0
   Website: https://github.com/godunko/matreshka
Dependencies (direct):
   matreshka_league21.0.0
Dependencies (solution):
   make=4.3.0
   matreshka_league=21.0.0
Dependencies (graph):
   matreshka_league=21.0.0  --> make=4.3.0 (*)
   matreshka_servlet=21.0.0 --> matreshka_league=21.0.0 (21.0.0)


LOG:
Spawning: alr -d -n get --build matreshka_servlet=21.0.0
Note: Deploying matreshka_servlet=21.0.0...
Note: Building matreshka_servlet=21.0.0/build_matreshka_servlet.gpr...

matreshka_servlet=21.0.0 successfully retrieved and built.
Dependencies were solved as follows:

   +b make             4.3.0  (new,indirect,system package)
   +  matreshka_league 21.0.0 (new)
Found declared GPR file: build_matreshka_servlet.gpr
