Test ran at 2025-05-14 12:35:03.662976+00:00

SOLUTION:
openglada_images=0.9.0: Image loading library for OpenGLAda
Origin: source archive openglada_images-0.9.0.tgz at https://github.com/flyx/OpenGLAda/releases/download/v0.9.0/openglada_images-0.9.0.tgz with hash sha512:b50ef8e7efb037d23d698f8af470a8a715571348f734411acecaa58e48b2edafe06c5c1a395c616650222ad3a183ead952d89ffebf6be72d11d7fefe1c944e8d
Properties:
   Author: Felix Krause
   Description: Image loading library for OpenGLAda
   License: MIT
   Maintainer: Felix Krause <contact@flyx.org>
   Maintainers_Logins: flyx
   Name: openglada_images
   Project_File: opengl-images.gpr
   Tag: opengl
   Tag: rendering
   Tag: graphics
   Version: 0.9.0
   Website: http://flyx.github.io/OpenGLAda/
Dependencies (direct):
   gid^9.0.0
   openglada~0.9.0
Dependencies (solution):
   gid=9.0.0
   libx11=1.8.7
   openglada=0.9.0
Dependencies (graph):
   openglada=0.9.0        --> libx11=1.8.7 (^1)
   openglada_images=0.9.0 --> gid=9.0.0 (^9.0.0)
   openglada_images=0.9.0 --> openglada=0.9.0 (~0.9.0)


LOG:
Spawning: alr -d -n get --build openglada_images=0.9.0
Note: Deploying openglada_images=0.9.0...
#=#=#                                                                          
##O#-#                                                                         

######################################################################## 100.0%
Note: Migrating lockfile from /home/runner/work/alire-crates-ci/alire-crates-ci/test/cc2d48d4-8b06-4752-ab69-aafda138f19e/openglada_images_0.9.0_b50ef8e7/alire.lock to /home/runner/work/alire-crates-ci/alire-crates-ci/test/cc2d48d4-8b06-4752-ab69-aafda138f19e/openglada_images_0.9.0_b50ef8e7/alire/alire.lock
Note: Deploying gid=9.0.0...

######################################################################## 100.0%
######################################################################## 100.0%
######################################################################## 100.0%
######################################################################## 100.0%#=#=#                                                                          
##=#=#                                                                         
##=O#- #                                                                       

######################################################################## 100.0%
Note: Deploying openglada=0.9.0...
#=#=#                                                                          
##O#-#                                                                         

###                                                                        5.5%
######################################################################## 100.0%
Note: Building openglada_images=0.9.0/opengl-images.gpr...
Setup
   [mkdir]        object directory for project OpenGL
   [mkdir]        library directory for project OpenGL
   [mkdir]        object directory for project GID
   [mkdir]        object directory for project OpenGL.Images
   [mkdir]        library directory for project OpenGL.Images
Compile
   [Ada]          to_bmp.adb
   [Ada]          steg.adb
   [Ada]          is_opaque.adb
   [Ada]          recurve.adb
   [Ada]          mini.adb
   [Ada]          gid-decoding_gif.adb
   [Ada]          gid-decoding_png-huffman.adb
   [Ada]          gid-decoding_pnm.adb
   [Ada]          gid-decoding_bmp.adb
   [Ada]          gid-decoding_tga.adb
   [Ada]          gid-color_tables.adb
   [Ada]          gid-decoding_png.adb
   [Ada]          gid.adb
   [Ada]          gid-headers.adb
   [Ada]          gid-decoding_jpg.adb
   [Ada]          gid-buffering.adb
   [ada]          gl-api-subprogram_reference.adb
   [ada]          gl-glx.ads
   [ada]          gl-api-singles.ads
   [ada]          gl-api.ads
   [ada]          gl-api-ints.ads
   [ada]          gl-api-doubles.ads
   [ada]          gl-load_function_pointers.adb
   [ada]          gl-api-uints.ads
   [ada]          gl-api-shorts.ads
   [ada]          gl-objects-vertex_arrays.adb
   [ada]          gl-matrices.adb
   [ada]          gl-buffers.adb
   [ada]          gl-fixed.adb
   [ada]          gl-helpers.adb
   [ada]          gl-objects-textures-with_2d_loader.adb
   [ada]          gl-low_level.ads
   [ada]          gl-objects-renderbuffers.adb
   [ada]          gl-objects-lists.adb
   [ada]          gl-objects-shaders.adb
   [ada]          gl-enums-getter.adb
   [ada]          gl-raster.adb
   [ada]          gl-window.adb
   [ada]          gl-tessellation.adb
   [ada]          gl-objects-programs.adb
   [ada]          gl-objects-framebuffers.adb
   [ada]          gl-algebra.adb
gl-algebra.ads:109:62: warning: array aggregate using () is an obsolescent syntax, use [] instead [-gnatwj]
gl-algebra.ads:111:62: warning: array aggregate using () is an obsolescent syntax, use [] instead [-gnatwj]
gl-algebra.ads:113:62: warning: array aggregate using () is an obsolescent syntax, use [] instead [-gnatwj]

   compilation of gl-algebra.adb failed

gprbuild: *** compilation phase failed
stderr: Command ["gprbuild", "-s", "-j0", "-p", "-P", "/home/runner/work/alire-crates-ci/alire-crates-ci/test/cc2d48d4-8b06-4752-ab69-aafda138f19e/openglada_images_0.9.0_b50ef8e7/opengl-images.gpr"] exited with code 4
ERROR: Command ["gprbuild", "-s", "-j0", "-p", "-P", "/home/runner/work/alire-crates-ci/alire-crates-ci/test/cc2d48d4-8b06-4752-ab69-aafda138f19e/openglada_images_0.9.0_b50ef8e7/opengl-images.gpr"] exited with code 4
stderr: ALIRE.CHECKED_ERROR
stderr: Command ["gprbuild", "-s", "-j0", "-p", "-P", "/home/runner/work/alire-crates-ci/alire-crates-ci/test/cc2d48d4-8b06-4752-ab69-aafda138f19e/openglada_images_0.9.0_b50ef8e7/opengl-images.gpr"] exited with code 4
stderr: raised ALIRE.CHECKED_ERROR : alire-stored-error:1
[/home/runner/work/alire-crates-ci/alire-crates-ci/alire_install/bin/alr]
0xe16f5e Alire.Raise_Checked_Error at alire.adb:284
0xa845be Alire.Os_Lib.Subprocess.Checked_Spawn at alire-os_lib-subprocess.adb:111
0xcef7be Alire.Spawn.Command at alire-spawn.adb:21
0xcefdde Alire.Spawn.Gprbuild at alire-spawn.adb:41
0xc31d1f Alire.Roots.Build at alire-roots.adb:186
0xc304da Alire.Roots.Build at alire-roots.adb:252
0xc53d6f Alire.Roots.Traverse at alire-roots.adb:2075
0xcba1fd Alire.Solutions.Traverse.Visit at alire-solutions.adb:1480
0xcb9344 Alire.Solutions.Traverse at alire-solutions.adb:1563
0xc53e62 Alire.Roots.Traverse at alire-roots.adb:2079
0xc53f21 Alire.Roots.Traverse at alire-roots.adb:2059
0xc30a46 Alire.Roots.Build at alire-roots.adb:283
0xc30b2b Alire.Roots.Build at alire-roots.adb:111
0x4a5e38 Alr.Commands.Get.Retrieve at alr-commands-get.adb:205
0x4a94f3 Alr.Commands.Get.Execute at alr-commands-get.adb:378
0x4a96a1 Alr.Commands.Get.Execute at alr-commands-get.adb:256
0x533c96 Alr.Commands.Sub_Cmd.Execute at clic-subcommand-instance.adb:749
0x53eff7 Alr.Commands.Execute at alr-commands.adb:561
0x43953a Alr.Main at alr-main.adb:13
0x43c1d3 Main at b__alr-main.adb:2299
[/lib/x86_64-linux-gnu/libc.so.6]
0x7f35b5c2a1c8
0x7f35b5c2a289
[/home/runner/work/alire-crates-ci/alire-crates-ci/alire_install/bin/alr]
0x4393dc _start at ???
0xfffffffffffffffe


Warning: openglada_images=0.9.0 successfully retrieved but its build failed.
Dependencies were solved as follows:

   +  gid       9.0.0 (new)
   +b libx11    1.8.7 (new,indirect,system package)
   +  openglada 0.9.0 (new)
ERROR: Build ended with errors
