Test ran at 2025-07-28 13:20:55.172048+00:00

SOLUTION:
sdlada=2.5.20: Ada 2012 SDL 2.x bindings.
Origin: commit cd53c280e95697ad7f1b2151f1bad68742a0e7b8 from https://github.com/Lucretia/sdlada.git
Properties:
   Pre_Build run: make -C ./build/gnat tools (from ${CRATE_ROOT}/.)
   Author: Luke A. Guest
   Description: Ada 2012 SDL 2.x bindings.
   case Distribution is
      when Msys2 => Environment: C_INCLUDE_PATH=${C_INCLUDE_PATH}:${DISTRIB_ROOT}/mingw64/include/SDL2
   GPR Scenario: SDL_MODE := debug | release
   GPR Scenario: SDL_PLATFORM := linux | bsd | windows | macosx | macos_homebrew | macos_ports | ios | android
   case OS is
      when Linux => GPR External: SDL_PLATFORM := linux
      when Macos => GPR External: SDL_PLATFORM := macosx
      when Windows => GPR External: SDL_PLATFORM := windows
   License: Zlib
   Maintainer: Luke A. Guest <laguest@archeia.com>
   Maintainers_Logins: Lucretia
   Name: sdlada
   Project_File: build/gnat/sdlada.gpr
   Tag: gamedev
   Tag: games
   Tag: portable
   Tag: cross-platform
   Version: 2.5.20
   Website: https://github.com/Lucretia/sdlada
Dependencies (direct):
   libsdl2^2.0.0
   libsdl2_image^2.0.0
   libsdl2_mixer^2.0.0
   libsdl2_ttf^2.0.0
   make*
Dependencies (solution):
   libsdl2=2.26.0
   libsdl2_image=2.8.2
   libsdl2_mixer=2.8.1
   libsdl2_ttf=2.20.2
   make=4.3.0
Dependencies (graph):
   sdlada=2.5.20 --> libsdl2=2.26.0 (^2.0.0)
   sdlada=2.5.20 --> libsdl2_image=2.8.2 (^2.0.0)
   sdlada=2.5.20 --> libsdl2_mixer=2.8.1 (^2.0.0)
   sdlada=2.5.20 --> libsdl2_ttf=2.20.2 (^2.0.0)
   sdlada=2.5.20 --> make=4.3.0 (*)


LOG:
[alr test] Testing sdlada=2.5.20
[alr test] Spawning retrieval for remote crate: alr -d -n get sdlada=2.5.20
Note: Deploying sdlada=2.5.20...
Note: Deploying libsdl2=2.26.0...
The system package 'SDL2-devel' is about to be installed.
This action might require admin privileges and impact your system installation.
Do you want Alire to install this system package?
Using default: Yes
Last metadata expiration check: 0:16:56 ago on Mon Jul 28 13:03:48 2025.
Dependencies resolved.
================================================================================
 Package                   Arch        Version             Repository      Size
================================================================================
Installing:
 SDL2-devel                x86_64      2.26.0-1.el9        appstream      402 k
Installing dependencies:
 SDL2                      x86_64      2.26.0-1.el9        appstream      682 k
 cairo                     x86_64      1.17.4-7.el9        appstream      660 k
 cmake-filesystem          x86_64      3.26.5-2.el9        appstream       19 k
 fribidi                   x86_64      1.0.10-6.el9.2      appstream       85 k
 hwdata                    noarch      0.348-9.19.el9      baseos         1.7 M
 libX11-devel              x86_64      1.7.0-11.el9        appstream      1.1 M
 libXau-devel              x86_64      1.0.9-8.el9         appstream       14 k
 libXext                   x86_64      1.3.4-8.el9         appstream       40 k
 libXfixes                 x86_64      5.0.3-16.el9        appstream       20 k
 libXft                    x86_64      2.3.3-8.el9         appstream       62 k
 libXrender                x86_64      0.9.10-16.el9       appstream       28 k
 libXxf86vm                x86_64      1.1.4-18.el9        appstream       19 k
 libdatrie                 x86_64      0.2.13-4.el9        appstream       33 k
 libdecor                  x86_64      0.1.1-1.el9         appstream       43 k
 libdrm                    x86_64      2.4.123-2.el9       appstream      161 k
 libglvnd                  x86_64      1:1.3.4-1.el9       appstream      135 k
 libglvnd-core-devel       x86_64      1:1.3.4-1.el9       appstream       18 k
 libglvnd-devel            x86_64      1:1.3.4-1.el9       appstream      161 k
 libglvnd-egl              x86_64      1:1.3.4-1.el9       appstream       37 k
 libglvnd-gles             x86_64      1:1.3.4-1.el9       appstream       33 k
 libglvnd-glx              x86_64      1:1.3.4-1.el9       appstream      142 k
 libglvnd-opengl           x86_64      1:1.3.4-1.el9       appstream       43 k
 libpciaccess              x86_64      0.16-7.el9          baseos          27 k
 libthai                   x86_64      0.1.28-8.el9        appstream      208 k
 libwayland-client         x86_64      1.21.0-1.el9        appstream       33 k
 libwayland-cursor         x86_64      1.21.0-1.el9        appstream       19 k
 libwayland-server         x86_64      1.21.0-1.el9        appstream       42 k
 libxcb-devel              x86_64      1.13.1-9.el9        appstream      1.5 M
 libxshmfence              x86_64      1.3-10.el9          appstream       13 k
 mesa-dri-drivers          x86_64      24.2.8-2.el9        appstream      9.4 M
 mesa-filesystem           x86_64      24.2.8-2.el9        appstream       12 k
 mesa-libEGL               x86_64      24.2.8-2.el9        appstream      142 k
 mesa-libEGL-devel         x86_64      24.2.8-2.el9        appstream       15 k
 mesa-libGL                x86_64      24.2.8-2.el9        appstream      170 k
 mesa-libgbm               x86_64      24.2.8-2.el9        appstream       37 k
 mesa-libglapi             x86_64      24.2.8-2.el9        appstream       47 k
 pango                     x86_64      1.48.7-3.el9        appstream      302 k
 pixman                    x86_64      0.40.0-6.el9        appstream      269 k
 xorg-x11-proto-devel      noarch      2024.1-1.el9        appstream      310 k

Transaction Summary
================================================================================
Install  40 Packages

Total download size: 18 M
Installed size: 67 M
Downloading Packages:
(1/40): libpciaccess-0.16-7.el9.x86_64.rpm      238 kB/s |  27 kB     00:00    
(2/40): SDL2-2.26.0-1.el9.x86_64.rpm            3.7 MB/s | 682 kB     00:00    
(3/40): cairo-1.17.4-7.el9.x86_64.rpm            19 MB/s | 660 kB     00:00    
(4/40): cmake-filesystem-3.26.5-2.el9.x86_64.rp 959 kB/s |  19 kB     00:00    
(5/40): hwdata-0.348-9.19.el9.noarch.rpm        6.9 MB/s | 1.7 MB     00:00    
(6/40): fribidi-1.0.10-6.el9.2.x86_64.rpm       4.1 MB/s |  85 kB     00:00    
(7/40): SDL2-devel-2.26.0-1.el9.x86_64.rpm      2.5 MB/s | 402 kB     00:00    
(8/40): libXau-devel-1.0.9-8.el9.x86_64.rpm     707 kB/s |  14 kB     00:00    
(9/40): libXext-1.3.4-8.el9.x86_64.rpm          1.9 MB/s |  40 kB     00:00    
(10/40): libXfixes-5.0.3-16.el9.x86_64.rpm      983 kB/s |  20 kB     00:00    
(11/40): libXft-2.3.3-8.el9.x86_64.rpm          3.0 MB/s |  62 kB     00:00    
(12/40): libXrender-0.9.10-16.el9.x86_64.rpm    1.3 MB/s |  28 kB     00:00    
(13/40): libXxf86vm-1.1.4-18.el9.x86_64.rpm     957 kB/s |  19 kB     00:00    
(14/40): libdatrie-0.2.13-4.el9.x86_64.rpm      1.6 MB/s |  33 kB     00:00    
(15/40): libdecor-0.1.1-1.el9.x86_64.rpm        2.1 MB/s |  43 kB     00:00    
(16/40): libdrm-2.4.123-2.el9.x86_64.rpm        6.5 MB/s | 161 kB     00:00    
(17/40): libglvnd-1.3.4-1.el9.x86_64.rpm        6.2 MB/s | 135 kB     00:00    
(18/40): libglvnd-core-devel-1.3.4-1.el9.x86_64 921 kB/s |  18 kB     00:00    
(19/40): libglvnd-devel-1.3.4-1.el9.x86_64.rpm  7.3 MB/s | 161 kB     00:00    
(20/40): libglvnd-egl-1.3.4-1.el9.x86_64.rpm    1.8 MB/s |  37 kB     00:00    
(21/40): libglvnd-gles-1.3.4-1.el9.x86_64.rpm   1.6 MB/s |  33 kB     00:00    
(22/40): libglvnd-glx-1.3.4-1.el9.x86_64.rpm    6.0 MB/s | 142 kB     00:00    
(23/40): libglvnd-opengl-1.3.4-1.el9.x86_64.rpm 2.1 MB/s |  43 kB     00:00    
(24/40): libX11-devel-1.7.0-11.el9.x86_64.rpm   5.4 MB/s | 1.1 MB     00:00    
(25/40): libthai-0.1.28-8.el9.x86_64.rpm        7.8 MB/s | 208 kB     00:00    
(26/40): libwayland-client-1.21.0-1.el9.x86_64. 1.6 MB/s |  33 kB     00:00    
(27/40): libwayland-cursor-1.21.0-1.el9.x86_64. 817 kB/s |  19 kB     00:00    
(28/40): libwayland-server-1.21.0-1.el9.x86_64. 2.0 MB/s |  42 kB     00:00    
(29/40): libxshmfence-1.3-10.el9.x86_64.rpm     530 kB/s |  13 kB     00:00    
(30/40): libxcb-devel-1.13.1-9.el9.x86_64.rpm    32 MB/s | 1.5 MB     00:00    
(31/40): mesa-filesystem-24.2.8-2.el9.x86_64.rp 467 kB/s |  12 kB     00:00    
(32/40): mesa-libEGL-24.2.8-2.el9.x86_64.rpm    6.5 MB/s | 142 kB     00:00    
(33/40): mesa-libEGL-devel-24.2.8-2.el9.x86_64. 615 kB/s |  15 kB     00:00    
(34/40): mesa-libGL-24.2.8-2.el9.x86_64.rpm     8.1 MB/s | 170 kB     00:00    
(35/40): mesa-libgbm-24.2.8-2.el9.x86_64.rpm    1.5 MB/s |  37 kB     00:00    
(36/40): mesa-libglapi-24.2.8-2.el9.x86_64.rpm  2.3 MB/s |  47 kB     00:00    
(37/40): mesa-dri-drivers-24.2.8-2.el9.x86_64.r  72 MB/s | 9.4 MB     00:00    
(38/40): pixman-0.40.0-6.el9.x86_64.rpm         7.9 MB/s | 269 kB     00:00    
(39/40): pango-1.48.7-3.el9.x86_64.rpm          7.7 MB/s | 302 kB     00:00    
(40/40): xorg-x11-proto-devel-2024.1-1.el9.noar  14 MB/s | 310 kB     00:00    
--------------------------------------------------------------------------------
Total                                            12 MB/s |  18 MB     00:01     
Running transaction check
Transaction check succeeded.
Running transaction test
Transaction test succeeded.
Running transaction
  Preparing        :                                                        1/1 
  Installing       : libglvnd-1:1.3.4-1.el9.x86_64                         1/40 
  Installing       : libXext-1.3.4-8.el9.x86_64                            2/40 
  Installing       : libxshmfence-1.3-10.el9.x86_64                        3/40 
  Installing       : libwayland-client-1.21.0-1.el9.x86_64                 4/40 
  Installing       : libXrender-0.9.10-16.el9.x86_64                       5/40 
  Installing       : xorg-x11-proto-devel-2024.1-1.el9.noarch              6/40 
  Installing       : libwayland-server-1.21.0-1.el9.x86_64                 7/40 
  Installing       : libXau-devel-1.0.9-8.el9.x86_64                       8/40 
  Installing       : libxcb-devel-1.13.1-9.el9.x86_64                      9/40 
  Installing       : libX11-devel-1.7.0-11.el9.x86_64                     10/40 
  Installing       : libXft-2.3.3-8.el9.x86_64                            11/40 
  Installing       : libwayland-cursor-1.21.0-1.el9.x86_64                12/40 
  Installing       : libXxf86vm-1.1.4-18.el9.x86_64                       13/40 
  Installing       : libglvnd-opengl-1:1.3.4-1.el9.x86_64                 14/40 
  Installing       : pixman-0.40.0-6.el9.x86_64                           15/40 
  Installing       : cairo-1.17.4-7.el9.x86_64                            16/40 
  Installing       : mesa-filesystem-24.2.8-2.el9.x86_64                  17/40 
  Installing       : libglvnd-core-devel-1:1.3.4-1.el9.x86_64             18/40 
  Installing       : libdatrie-0.2.13-4.el9.x86_64                        19/40 
  Installing       : libthai-0.1.28-8.el9.x86_64                          20/40 
  Installing       : libXfixes-5.0.3-16.el9.x86_64                        21/40 
  Installing       : fribidi-1.0.10-6.el9.2.x86_64                        22/40 
  Installing       : pango-1.48.7-3.el9.x86_64                            23/40 
  Installing       : libdecor-0.1.1-1.el9.x86_64                          24/40 
  Installing       : SDL2-2.26.0-1.el9.x86_64                             25/40 
  Installing       : cmake-filesystem-3.26.5-2.el9.x86_64                 26/40 
  Installing       : hwdata-0.348-9.19.el9.noarch                         27/40 
  Installing       : libpciaccess-0.16-7.el9.x86_64                       28/40 
  Installing       : libdrm-2.4.123-2.el9.x86_64                          29/40 
  Installing       : libglvnd-egl-1:1.3.4-1.el9.x86_64                    30/40 
  Installing       : mesa-libglapi-24.2.8-2.el9.x86_64                    31/40 
  Installing       : mesa-dri-drivers-24.2.8-2.el9.x86_64                 32/40 
  Installing       : mesa-libgbm-24.2.8-2.el9.x86_64                      33/40 
  Installing       : mesa-libEGL-24.2.8-2.el9.x86_64                      34/40 
  Installing       : libglvnd-gles-1:1.3.4-1.el9.x86_64                   35/40 
  Installing       : libglvnd-glx-1:1.3.4-1.el9.x86_64                    36/40 
  Installing       : mesa-libGL-24.2.8-2.el9.x86_64                       37/40 
  Installing       : libglvnd-devel-1:1.3.4-1.el9.x86_64                  38/40 
  Installing       : mesa-libEGL-devel-24.2.8-2.el9.x86_64                39/40 
  Installing       : SDL2-devel-2.26.0-1.el9.x86_64                       40/40 
  Running scriptlet: SDL2-devel-2.26.0-1.el9.x86_64                       40/40 
  Verifying        : hwdata-0.348-9.19.el9.noarch                          1/40 
  Verifying        : libpciaccess-0.16-7.el9.x86_64                        2/40 
  Verifying        : SDL2-2.26.0-1.el9.x86_64                              3/40 
  Verifying        : SDL2-devel-2.26.0-1.el9.x86_64                        4/40 
  Verifying        : cairo-1.17.4-7.el9.x86_64                             5/40 
  Verifying        : cmake-filesystem-3.26.5-2.el9.x86_64                  6/40 
  Verifying        : fribidi-1.0.10-6.el9.2.x86_64                         7/40 
  Verifying        : libX11-devel-1.7.0-11.el9.x86_64                      8/40 
  Verifying        : libXau-devel-1.0.9-8.el9.x86_64                       9/40 
  Verifying        : libXext-1.3.4-8.el9.x86_64                           10/40 
  Verifying        : libXfixes-5.0.3-16.el9.x86_64                        11/40 
  Verifying        : libXft-2.3.3-8.el9.x86_64                            12/40 
  Verifying        : libXrender-0.9.10-16.el9.x86_64                      13/40 
  Verifying        : libXxf86vm-1.1.4-18.el9.x86_64                       14/40 
  Verifying        : libdatrie-0.2.13-4.el9.x86_64                        15/40 
  Verifying        : libdecor-0.1.1-1.el9.x86_64                          16/40 
  Verifying        : libdrm-2.4.123-2.el9.x86_64                          17/40 
  Verifying        : libglvnd-1:1.3.4-1.el9.x86_64                        18/40 
  Verifying        : libglvnd-core-devel-1:1.3.4-1.el9.x86_64             19/40 
  Verifying        : libglvnd-devel-1:1.3.4-1.el9.x86_64                  20/40 
  Verifying        : libglvnd-egl-1:1.3.4-1.el9.x86_64                    21/40 
  Verifying        : libglvnd-gles-1:1.3.4-1.el9.x86_64                   22/40 
  Verifying        : libglvnd-glx-1:1.3.4-1.el9.x86_64                    23/40 
  Verifying        : libglvnd-opengl-1:1.3.4-1.el9.x86_64                 24/40 
  Verifying        : libthai-0.1.28-8.el9.x86_64                          25/40 
  Verifying        : libwayland-client-1.21.0-1.el9.x86_64                26/40 
  Verifying        : libwayland-cursor-1.21.0-1.el9.x86_64                27/40 
  Verifying        : libwayland-server-1.21.0-1.el9.x86_64                28/40 
  Verifying        : libxcb-devel-1.13.1-9.el9.x86_64                     29/40 
  Verifying        : libxshmfence-1.3-10.el9.x86_64                       30/40 
  Verifying        : mesa-dri-drivers-24.2.8-2.el9.x86_64                 31/40 
  Verifying        : mesa-filesystem-24.2.8-2.el9.x86_64                  32/40 
  Verifying        : mesa-libEGL-24.2.8-2.el9.x86_64                      33/40 
  Verifying        : mesa-libEGL-devel-24.2.8-2.el9.x86_64                34/40 
  Verifying        : mesa-libGL-24.2.8-2.el9.x86_64                       35/40 
  Verifying        : mesa-libgbm-24.2.8-2.el9.x86_64                      36/40 
  Verifying        : mesa-libglapi-24.2.8-2.el9.x86_64                    37/40 
  Verifying        : pango-1.48.7-3.el9.x86_64                            38/40 
  Verifying        : pixman-0.40.0-6.el9.x86_64                           39/40 
  Verifying        : xorg-x11-proto-devel-2024.1-1.el9.noarch             40/40 

Installed:
  SDL2-2.26.0-1.el9.x86_64                                                      
  SDL2-devel-2.26.0-1.el9.x86_64                                                
  cairo-1.17.4-7.el9.x86_64                                                     
  cmake-filesystem-3.26.5-2.el9.x86_64                                          
  fribidi-1.0.10-6.el9.2.x86_64                                                 
  hwdata-0.348-9.19.el9.noarch                                                  
  libX11-devel-1.7.0-11.el9.x86_64                                              
  libXau-devel-1.0.9-8.el9.x86_64                                               
  libXext-1.3.4-8.el9.x86_64                                                    
  libXfixes-5.0.3-16.el9.x86_64                                                 
  libXft-2.3.3-8.el9.x86_64                                                     
  libXrender-0.9.10-16.el9.x86_64                                               
  libXxf86vm-1.1.4-18.el9.x86_64                                                
  libdatrie-0.2.13-4.el9.x86_64                                                 
  libdecor-0.1.1-1.el9.x86_64                                                   
  libdrm-2.4.123-2.el9.x86_64                                                   
  libglvnd-1:1.3.4-1.el9.x86_64                                                 
  libglvnd-core-devel-1:1.3.4-1.el9.x86_64                                      
  libglvnd-devel-1:1.3.4-1.el9.x86_64                                           
  libglvnd-egl-1:1.3.4-1.el9.x86_64                                             
  libglvnd-gles-1:1.3.4-1.el9.x86_64                                            
  libglvnd-glx-1:1.3.4-1.el9.x86_64                                             
  libglvnd-opengl-1:1.3.4-1.el9.x86_64                                          
  libpciaccess-0.16-7.el9.x86_64                                                
  libthai-0.1.28-8.el9.x86_64                                                   
  libwayland-client-1.21.0-1.el9.x86_64                                         
  libwayland-cursor-1.21.0-1.el9.x86_64                                         
  libwayland-server-1.21.0-1.el9.x86_64                                         
  libxcb-devel-1.13.1-9.el9.x86_64                                              
  libxshmfence-1.3-10.el9.x86_64                                                
  mesa-dri-drivers-24.2.8-2.el9.x86_64                                          
  mesa-filesystem-24.2.8-2.el9.x86_64                                           
  mesa-libEGL-24.2.8-2.el9.x86_64                                               
  mesa-libEGL-devel-24.2.8-2.el9.x86_64                                         
  mesa-libGL-24.2.8-2.el9.x86_64                                                
  mesa-libgbm-24.2.8-2.el9.x86_64                                               
  mesa-libglapi-24.2.8-2.el9.x86_64                                             
  pango-1.48.7-3.el9.x86_64                                                     
  pixman-0.40.0-6.el9.x86_64                                                    
  xorg-x11-proto-devel-2024.1-1.el9.noarch                                      

Complete!
Note: Deploying libsdl2_image=2.8.2...
The system package 'SDL2_image-devel' is about to be installed.
This action might require admin privileges and impact your system installation.
Do you want Alire to install this system package?
Using default: Yes
Last metadata expiration check: 0:17:00 ago on Mon Jul 28 13:03:48 2025.
Dependencies resolved.
================================================================================
 Package                Architecture Version              Repository       Size
================================================================================
Installing:
 SDL2_image-devel       x86_64       2.8.2-1.el9          epel             18 k
Installing dependencies:
 SDL2_image             x86_64       2.8.2-1.el9          epel            105 k
 jbigkit-libs           x86_64       2.1-23.el9           appstream        53 k
 libjpeg-turbo          x86_64       2.0.90-7.el9         appstream       175 k
 libtiff                x86_64       4.4.0-15.el9         appstream       197 k
 libtiff-devel          x86_64       4.4.0-15.el9         appstream       571 k
 libwebp                x86_64       1.2.0-8.el9          appstream       277 k
 libwebp-devel          x86_64       1.2.0-8.el9          appstream        33 k

Transaction Summary
================================================================================
Install  8 Packages

Total download size: 1.4 M
Installed size: 4.1 M
Downloading Packages:
(1/8): jbigkit-libs-2.1-23.el9.x86_64.rpm       473 kB/s |  53 kB     00:00    
(2/8): libtiff-4.4.0-15.el9.x86_64.rpm          1.6 MB/s | 197 kB     00:00    
(3/8): libjpeg-turbo-2.0.90-7.el9.x86_64.rpm    1.4 MB/s | 175 kB     00:00    
(4/8): libwebp-devel-1.2.0-8.el9.x86_64.rpm     3.8 MB/s |  33 kB     00:00    
(5/8): libwebp-1.2.0-8.el9.x86_64.rpm            12 MB/s | 277 kB     00:00    
(6/8): libtiff-devel-4.4.0-15.el9.x86_64.rpm     11 MB/s | 571 kB     00:00    
(7/8): SDL2_image-devel-2.8.2-1.el9.x86_64.rpm  107 kB/s |  18 kB     00:00    
(8/8): SDL2_image-2.8.2-1.el9.x86_64.rpm        443 kB/s | 105 kB     00:00    
--------------------------------------------------------------------------------
Total                                           1.6 MB/s | 1.4 MB     00:00     
Running transaction check
Transaction check succeeded.
Running transaction test
Transaction test succeeded.
Running transaction
  Preparing        :                                                        1/1 
  Installing       : libwebp-1.2.0-8.el9.x86_64                             1/8 
  Installing       : libwebp-devel-1.2.0-8.el9.x86_64                       2/8 
  Installing       : libjpeg-turbo-2.0.90-7.el9.x86_64                      3/8 
  Installing       : jbigkit-libs-2.1-23.el9.x86_64                         4/8 
  Installing       : libtiff-4.4.0-15.el9.x86_64                            5/8 
  Installing       : libtiff-devel-4.4.0-15.el9.x86_64                      6/8 
  Installing       : SDL2_image-2.8.2-1.el9.x86_64                          7/8 
  Installing       : SDL2_image-devel-2.8.2-1.el9.x86_64                    8/8 
  Running scriptlet: SDL2_image-devel-2.8.2-1.el9.x86_64                    8/8 
  Verifying        : jbigkit-libs-2.1-23.el9.x86_64                         1/8 
  Verifying        : libjpeg-turbo-2.0.90-7.el9.x86_64                      2/8 
  Verifying        : libtiff-4.4.0-15.el9.x86_64                            3/8 
  Verifying        : libtiff-devel-4.4.0-15.el9.x86_64                      4/8 
  Verifying        : libwebp-1.2.0-8.el9.x86_64                             5/8 
  Verifying        : libwebp-devel-1.2.0-8.el9.x86_64                       6/8 
  Verifying        : SDL2_image-2.8.2-1.el9.x86_64                          7/8 
  Verifying        : SDL2_image-devel-2.8.2-1.el9.x86_64                    8/8 

Installed:
  SDL2_image-2.8.2-1.el9.x86_64        SDL2_image-devel-2.8.2-1.el9.x86_64      
  jbigkit-libs-2.1-23.el9.x86_64       libjpeg-turbo-2.0.90-7.el9.x86_64        
  libtiff-4.4.0-15.el9.x86_64          libtiff-devel-4.4.0-15.el9.x86_64        
  libwebp-1.2.0-8.el9.x86_64           libwebp-devel-1.2.0-8.el9.x86_64         

Complete!
Note: Deploying libsdl2_mixer=2.8.1...
The system package 'SDL2_mixer-devel' is about to be installed.
This action might require admin privileges and impact your system installation.
Do you want Alire to install this system package?
Using default: Yes
Last metadata expiration check: 0:17:02 ago on Mon Jul 28 13:03:48 2025.
Dependencies resolved.
================================================================================
 Package                  Architecture   Version             Repository    Size
================================================================================
Installing:
 SDL2_mixer-devel         x86_64         2.8.1-1.el9         epel          36 k
Installing dependencies:
 SDL2_mixer               x86_64         2.8.1-1.el9         epel         167 k

Transaction Summary
================================================================================
Install  2 Packages

Total download size: 204 k
Installed size: 505 k
Downloading Packages:
(1/2): SDL2_mixer-devel-2.8.1-1.el9.x86_64.rpm  175 kB/s |  36 kB     00:00    
(2/2): SDL2_mixer-2.8.1-1.el9.x86_64.rpm        632 kB/s | 167 kB     00:00    
--------------------------------------------------------------------------------
Total                                           530 kB/s | 204 kB     00:00     
Running transaction check
Transaction check succeeded.
Running transaction test
Transaction test succeeded.
Running transaction
  Preparing        :                                                        1/1 
  Installing       : SDL2_mixer-2.8.1-1.el9.x86_64                          1/2 
  Installing       : SDL2_mixer-devel-2.8.1-1.el9.x86_64                    2/2 
  Running scriptlet: SDL2_mixer-devel-2.8.1-1.el9.x86_64                    2/2 
  Verifying        : SDL2_mixer-2.8.1-1.el9.x86_64                          1/2 
  Verifying        : SDL2_mixer-devel-2.8.1-1.el9.x86_64                    2/2 

Installed:
  SDL2_mixer-2.8.1-1.el9.x86_64       SDL2_mixer-devel-2.8.1-1.el9.x86_64      

Complete!
Note: Deploying libsdl2_ttf=2.20.2...
The system package 'SDL2_ttf-devel' is about to be installed.
This action might require admin privileges and impact your system installation.
Do you want Alire to install this system package?
Using default: Yes
Last metadata expiration check: 0:17:04 ago on Mon Jul 28 13:03:48 2025.
Dependencies resolved.
================================================================================
 Package                   Arch       Version               Repository     Size
================================================================================
Installing:
 SDL2_ttf-devel            x86_64     2.20.2-1.el9          epel           21 k
Installing dependencies:
 SDL2_ttf                  x86_64     2.20.2-1.el9          epel           40 k
 brotli                    x86_64     1.0.9-7.el9           appstream     312 k
 brotli-devel              x86_64     1.0.9-7.el9           appstream      31 k
 bzip2-devel               x86_64     1.0.8-10.el9          appstream     214 k
 freetype-devel            x86_64     2.10.4-11.el9         appstream     1.1 M
 glib2-devel               x86_64     2.68.4-16.el9         appstream     552 k
 graphite2-devel           x86_64     1.3.14-9.el9          appstream      22 k
 harfbuzz-devel            x86_64     2.7.4-10.el9          appstream     347 k
 harfbuzz-icu              x86_64     2.7.4-10.el9          appstream      14 k
 libblkid-devel            x86_64     2.37.4-21.el9         appstream      17 k
 libffi-devel              x86_64     3.4.2-8.el9           appstream      29 k
 libicu                    x86_64     67.1-10.el9           baseos        9.6 M
 libicu-devel              x86_64     67.1-10.el9           appstream     937 k
 libmount-devel            x86_64     2.37.4-21.el9         appstream      18 k
 libpng-devel              x86_64     2:1.6.37-12.el9       appstream     293 k
 libselinux-devel          x86_64     3.6-3.el9             appstream     159 k
 libsepol-devel            x86_64     3.6-3.el9             appstream      47 k
 pcre-cpp                  x86_64     8.44-4.el9            appstream      26 k
 pcre-devel                x86_64     8.44-4.el9            appstream     506 k
 pcre-utf16                x86_64     8.44-4.el9            appstream     184 k
 pcre-utf32                x86_64     8.44-4.el9            appstream     174 k
 pcre2-devel               x86_64     10.40-6.el9           appstream     512 k
 pcre2-utf16               x86_64     10.40-6.el9           appstream     214 k
 pcre2-utf32               x86_64     10.40-6.el9           appstream     203 k
 sysprof-capture-devel     x86_64     3.40.1-3.el9          appstream      60 k
 zlib-devel                x86_64     1.2.11-41.el9         appstream      45 k

Transaction Summary
================================================================================
Install  27 Packages

Total download size: 16 M
Installed size: 59 M
Downloading Packages:
(1/27): brotli-devel-1.0.9-7.el9.x86_64.rpm     268 kB/s |  31 kB     00:00    
(2/27): brotli-1.0.9-7.el9.x86_64.rpm           2.0 MB/s | 312 kB     00:00    
(3/27): bzip2-devel-1.0.8-10.el9.x86_64.rpm     5.2 MB/s | 214 kB     00:00    
(4/27): freetype-devel-2.10.4-11.el9.x86_64.rpm  30 MB/s | 1.1 MB     00:00    
(5/27): glib2-devel-2.68.4-16.el9.x86_64.rpm     17 MB/s | 552 kB     00:00    
(6/27): graphite2-devel-1.3.14-9.el9.x86_64.rpm 1.9 MB/s |  22 kB     00:00    
(7/27): harfbuzz-devel-2.7.4-10.el9.x86_64.rpm   23 MB/s | 347 kB     00:00    
(8/27): harfbuzz-icu-2.7.4-10.el9.x86_64.rpm    1.2 MB/s |  14 kB     00:00    
(9/27): libblkid-devel-2.37.4-21.el9.x86_64.rpm 1.5 MB/s |  17 kB     00:00    
(10/27): libffi-devel-3.4.2-8.el9.x86_64.rpm    2.6 MB/s |  29 kB     00:00    
(11/27): libmount-devel-2.37.4-21.el9.x86_64.rp 1.6 MB/s |  18 kB     00:00    
(12/27): libicu-devel-67.1-10.el9.x86_64.rpm     39 MB/s | 937 kB     00:00    
(13/27): libpng-devel-1.6.37-12.el9.x86_64.rpm   22 MB/s | 293 kB     00:00    
(14/27): libselinux-devel-3.6-3.el9.x86_64.rpm   13 MB/s | 159 kB     00:00    
(15/27): libsepol-devel-3.6-3.el9.x86_64.rpm    4.1 MB/s |  47 kB     00:00    
(16/27): pcre-cpp-8.44-4.el9.x86_64.rpm         2.3 MB/s |  26 kB     00:00    
(17/27): pcre-devel-8.44-4.el9.x86_64.rpm        34 MB/s | 506 kB     00:00    
(18/27): pcre-utf16-8.44-4.el9.x86_64.rpm        14 MB/s | 184 kB     00:00    
(19/27): pcre-utf32-8.44-4.el9.x86_64.rpm        14 MB/s | 174 kB     00:00    
(20/27): pcre2-devel-10.40-6.el9.x86_64.rpm      33 MB/s | 512 kB     00:00    
(21/27): pcre2-utf16-10.40-6.el9.x86_64.rpm      18 MB/s | 214 kB     00:00    
(22/27): pcre2-utf32-10.40-6.el9.x86_64.rpm      16 MB/s | 203 kB     00:00    
(23/27): sysprof-capture-devel-3.40.1-3.el9.x86 5.3 MB/s |  60 kB     00:00    
(24/27): zlib-devel-1.2.11-41.el9.x86_64.rpm    4.0 MB/s |  45 kB     00:00    
(25/27): SDL2_ttf-devel-2.20.2-1.el9.x86_64.rpm  95 kB/s |  21 kB     00:00    
(26/27): SDL2_ttf-2.20.2-1.el9.x86_64.rpm       153 kB/s |  40 kB     00:00    
(27/27): libicu-67.1-10.el9.x86_64.rpm           12 MB/s | 9.6 MB     00:00    
--------------------------------------------------------------------------------
Total                                            12 MB/s |  16 MB     00:01     
Running transaction check
Transaction check succeeded.
Running transaction test
Transaction test succeeded.
Running transaction
  Preparing        :                                                        1/1 
  Installing       : zlib-devel-1.2.11-41.el9.x86_64                       1/27 
  Installing       : libicu-67.1-10.el9.x86_64                             2/27 
  Installing       : harfbuzz-icu-2.7.4-10.el9.x86_64                      3/27 
  Installing       : libicu-devel-67.1-10.el9.x86_64                       4/27 
  Installing       : libpng-devel-2:1.6.37-12.el9.x86_64                   5/27 
  Installing       : SDL2_ttf-2.20.2-1.el9.x86_64                          6/27 
  Installing       : sysprof-capture-devel-3.40.1-3.el9.x86_64             7/27 
  Installing       : pcre2-utf32-10.40-6.el9.x86_64                        8/27 
  Installing       : pcre2-utf16-10.40-6.el9.x86_64                        9/27 
  Installing       : pcre2-devel-10.40-6.el9.x86_64                       10/27 
  Installing       : pcre-utf32-8.44-4.el9.x86_64                         11/27 
  Installing       : pcre-utf16-8.44-4.el9.x86_64                         12/27 
  Installing       : pcre-cpp-8.44-4.el9.x86_64                           13/27 
  Installing       : pcre-devel-8.44-4.el9.x86_64                         14/27 
  Installing       : libsepol-devel-3.6-3.el9.x86_64                      15/27 
  Installing       : libselinux-devel-3.6-3.el9.x86_64                    16/27 
  Installing       : libffi-devel-3.4.2-8.el9.x86_64                      17/27 
  Installing       : libblkid-devel-2.37.4-21.el9.x86_64                  18/27 
  Installing       : libmount-devel-2.37.4-21.el9.x86_64                  19/27 
  Installing       : glib2-devel-2.68.4-16.el9.x86_64                     20/27 
  Installing       : graphite2-devel-1.3.14-9.el9.x86_64                  21/27 
  Installing       : bzip2-devel-1.0.8-10.el9.x86_64                      22/27 
  Installing       : brotli-1.0.9-7.el9.x86_64                            23/27 
  Installing       : brotli-devel-1.0.9-7.el9.x86_64                      24/27 
  Installing       : freetype-devel-2.10.4-11.el9.x86_64                  25/27 
  Installing       : harfbuzz-devel-2.7.4-10.el9.x86_64                   26/27 
  Installing       : SDL2_ttf-devel-2.20.2-1.el9.x86_64                   27/27 
  Running scriptlet: SDL2_ttf-devel-2.20.2-1.el9.x86_64                   27/27 
  Verifying        : libicu-67.1-10.el9.x86_64                             1/27 
  Verifying        : brotli-1.0.9-7.el9.x86_64                             2/27 
  Verifying        : brotli-devel-1.0.9-7.el9.x86_64                       3/27 
  Verifying        : bzip2-devel-1.0.8-10.el9.x86_64                       4/27 
  Verifying        : freetype-devel-2.10.4-11.el9.x86_64                   5/27 
  Verifying        : glib2-devel-2.68.4-16.el9.x86_64                      6/27 
  Verifying        : graphite2-devel-1.3.14-9.el9.x86_64                   7/27 
  Verifying        : harfbuzz-devel-2.7.4-10.el9.x86_64                    8/27 
  Verifying        : harfbuzz-icu-2.7.4-10.el9.x86_64                      9/27 
  Verifying        : libblkid-devel-2.37.4-21.el9.x86_64                  10/27 
  Verifying        : libffi-devel-3.4.2-8.el9.x86_64                      11/27 
  Verifying        : libicu-devel-67.1-10.el9.x86_64                      12/27 
  Verifying        : libmount-devel-2.37.4-21.el9.x86_64                  13/27 
  Verifying        : libpng-devel-2:1.6.37-12.el9.x86_64                  14/27 
  Verifying        : libselinux-devel-3.6-3.el9.x86_64                    15/27 
  Verifying        : libsepol-devel-3.6-3.el9.x86_64                      16/27 
  Verifying        : pcre-cpp-8.44-4.el9.x86_64                           17/27 
  Verifying        : pcre-devel-8.44-4.el9.x86_64                         18/27 
  Verifying        : pcre-utf16-8.44-4.el9.x86_64                         19/27 
  Verifying        : pcre-utf32-8.44-4.el9.x86_64                         20/27 
  Verifying        : pcre2-devel-10.40-6.el9.x86_64                       21/27 
  Verifying        : pcre2-utf16-10.40-6.el9.x86_64                       22/27 
  Verifying        : pcre2-utf32-10.40-6.el9.x86_64                       23/27 
  Verifying        : sysprof-capture-devel-3.40.1-3.el9.x86_64            24/27 
  Verifying        : zlib-devel-1.2.11-41.el9.x86_64                      25/27 
  Verifying        : SDL2_ttf-2.20.2-1.el9.x86_64                         26/27 
  Verifying        : SDL2_ttf-devel-2.20.2-1.el9.x86_64                   27/27 

Installed:
  SDL2_ttf-2.20.2-1.el9.x86_64        SDL2_ttf-devel-2.20.2-1.el9.x86_64       
  brotli-1.0.9-7.el9.x86_64           brotli-devel-1.0.9-7.el9.x86_64          
  bzip2-devel-1.0.8-10.el9.x86_64     freetype-devel-2.10.4-11.el9.x86_64      
  glib2-devel-2.68.4-16.el9.x86_64    graphite2-devel-1.3.14-9.el9.x86_64      
  harfbuzz-devel-2.7.4-10.el9.x86_64  harfbuzz-icu-2.7.4-10.el9.x86_64         
  libblkid-devel-2.37.4-21.el9.x86_64 libffi-devel-3.4.2-8.el9.x86_64          
  libicu-67.1-10.el9.x86_64           libicu-devel-67.1-10.el9.x86_64          
  libmount-devel-2.37.4-21.el9.x86_64 libpng-devel-2:1.6.37-12.el9.x86_64      
  libselinux-devel-3.6-3.el9.x86_64   libsepol-devel-3.6-3.el9.x86_64          
  pcre-cpp-8.44-4.el9.x86_64          pcre-devel-8.44-4.el9.x86_64             
  pcre-utf16-8.44-4.el9.x86_64        pcre-utf32-8.44-4.el9.x86_64             
  pcre2-devel-10.40-6.el9.x86_64      pcre2-utf16-10.40-6.el9.x86_64           
  pcre2-utf32-10.40-6.el9.x86_64      sysprof-capture-devel-3.40.1-3.el9.x86_64
  zlib-devel-1.2.11-41.el9.x86_64    

Complete!

sdlada=2.5.20 successfully retrieved.
Dependencies were solved as follows:

   +b libsdl2       2.26.0 (new,system package)
   +b libsdl2_image 2.8.2  (new,system package)
   +b libsdl2_mixer 2.8.1  (new,system package)
   +b libsdl2_ttf   2.20.2 (new,system package)
   +b make          4.3.0  (new,system package)
[alr test] Spawning default test for remote crate: alr -d -n build --release -- -cargs:Ada -gnatwn
Note: Running pre-build actions for sdlada=2.5.20...
make: Entering directory '/home/runner/work/alire-crates-ci/alire-crates-ci/test/ca272dc3-613b-4d81-9025-d5f9d6e180f3/sdlada_2.5.20_cd53c280/build/gnat'
mkdir -p gen/src/
gprbuild -p -gnat2012 -XSDL_MODE=debug -XSDL_PLATFORM=linux \
	-Ptools.gpr
gprbuild: /lib64/libc.so.6: version `GLIBC_2.35' not found (required by gprbuild)
make: *** [makefile:72: gen/debug/tools/gen_keyboard] Error 1
make: Leaving directory '/home/runner/work/alire-crates-ci/alire-crates-ci/test/ca272dc3-613b-4d81-9025-d5f9d6e180f3/sdlada_2.5.20_cd53c280/build/gnat'
Warning: Execution failed for action: Pre_Build run: make -C ./build/gnat tools (from ${CRATE_ROOT}/.)
Warning: Exit code: 2
Warning: Action output not captured, check it above.
stderr: ALIRE.PROPERTIES.ACTIONS.ACTION_FAILED
stderr: Action failed with exit code 2
stderr: raised ALIRE.PROPERTIES.ACTIONS.ACTION_FAILED : Action failed with exit code 2
[/usr/bin/alr]
0xacc145 Alire.Properties.Actions.Executor.Execute_Actions at alire-properties-actions-executor.adb:130
0xaca6d9 Alire.Properties.Actions.Executor.Execute_Actions at alire-properties-actions-executor.adb:36
0xc72f21 Alire.Roots.Build at alire-roots.adb:243
0xc9832b Alire.Roots.Traverse at alire-roots.adb:2143
0xcfee85 Alire.Solutions.Traverse.Visit at alire-solutions.adb:1472
0xcfdfcc Alire.Solutions.Traverse at alire-solutions.adb:1555
0xc9841e Alire.Roots.Traverse at alire-roots.adb:2147
0xc984dd Alire.Roots.Traverse at alire-roots.adb:2127
0xc7359b Alire.Roots.Build at alire-roots.adb:286
0xc736d7 Alire.Roots.Build at alire-roots.adb:114
0x49aa0d Alr.Commands.Build.Execute at alr-commands-build.adb:145
0x49a36d Alr.Commands.Build.Execute at alr-commands-build.adb:113
0x49a51f Alr.Commands.Build.Execute at alr-commands-build.adb:54
0x53bbcc Alr.Commands.Sub_Cmd.Execute at clic-subcommand-instance.adb:749
0x5472be Alr.Commands.Execute at alr-commands.adb:632
0x43d48a Alr.Main at alr-main.adb:13
0x4403a3 Main at b__alr-main.adb:2445
[/lib64/libc.so.6]
0x7ff6d2ef75ce
0x7ff6d2ef767e
[/usr/bin/alr]
0x43d323 _start at ???
0xfffffffffffffffe

ERROR: Compilation failed.
