Test ran at 2025-12-26 00:44:57.143905+00:00

SOLUTION:
adacl_eastrings=7.0.1: AdaCL: Encoding-Aware String Utilities
Origin: source archive adacl_eastrings-7.0.1.tgz at https://sourceforge.net/projects/adacl/files/Alire/adacl_eastrings-7.0.1.tgz with hashes sha256:91b30d7d34c15362e8d61fa9ccff9cc8da2299fe9368a284480c8d9312ce0ed1, sha512:89f4e17e86113aa0b4e014cb68f6e60c53d92636e38402eeacbc44031f585c37c2277b45bfca64704142dff09160f6b17ea8517445b4633135639e8c201aa622
Properties:
   Author: Martin Krischik <krischik@users.sourceforge.net>
   Author: Björn Persson <rombobeorn@users.sourceforge.net>
   Build Switches: 
   Description: AdaCL: Encoding-Aware String Utilities
   License: GPL-3.0-or-later
   Long_Description: Encoding-aware string utilities for Ada 2022, developed by Björn Persson for robust internationalization (i18n).

Supports text processing with the following encodings:
- Universal Character Set 4, Big-Endian (UCS-4 BE)
- Universal Character Set 4, Little-Endian (UCS-4 LE)
- Universal Character Set 2, Big-Endian (UCS-2 BE)
- Universal Character Set 2, Little-Endian (UCS-2 LE)
- Unicode Transformation Format 16, Big-Endian (UTF-16 BE)
- Unicode Transformation Format 16, Little-Endian (UTF-16 LE)
- Unicode Transformation Format 8 (UTF-8)
- American Standard Code for Information Interchange (ASCII)
- ISO/IEC 8859-1 (Latin-1)
- Code Page 850 (DOS Latin-1)
- Windows Code Page 1252

Additional features:
- Text I/O for encoding-aware input/output
- Basic command-line parsing for internationalized text

Licensed under GPL-3.0-or-later. Integrates with the Ada Class Library (AdaCL).

Source: [SourceForge](https://sourceforge.net/p/adacl/git/ci/master/tree/adacl_eastrings/src/)
Documentation: [GNATdoc](https://adacl.sourceforge.net/gnatdoc/adacl_eastrings/index.html)

   Maintainer: Martin Krischik <krischik@users.sourceforge.net>
   Maintainer: Björn Persson <rombobeorn@users.sourceforge.net>
   Maintainers_Logins: krischik
   Maintainers_Logins: rombobeorn
   Name: adacl_eastrings
   Tag: library
   Tag: strings
   Tag: i18n
   Tag: ada2022
   Version: 7.0.1
   Website: https://sourceforge.net/projects/adacl/
Dependencies (direct):
   adacl^7.0.0
Dependencies (solution):
   adacl=7.0.1
Dependencies (graph):
   adacl_eastrings=7.0.1 --> adacl=7.0.1 (^7.0.0)


LOG:
[alr test] Testing adacl_eastrings=7.0.1
[alr test] Spawning retrieval for remote crate: alr -d -n get adacl_eastrings=7.0.1
Note: Deploying adacl_eastrings=7.0.1...

######################################################################## 100.0%
######################################################################## 100.0%
######################################################################## 100.0%
######################################################################## 100.0%
#=#=#                                                                          
##=#=#                                                                         
############                                                              17.2%
######################################################################## 100.0%
Note: Deploying adacl=7.0.1...

######################################################################## 100.0%
######################################################################## 100.0%
######################################################################## 100.0%
######################################################################## 100.0%
#################################################                         69.4%
######################################################################## 100.0%

adacl_eastrings=7.0.1 successfully retrieved.
Dependencies were solved as follows:

   + adacl 7.0.1 (new)
[alr test] Spawning default test for remote crate: alr -d -n build --release -- -cargs:Ada -gnatwn
Note: Building adacl_eastrings=7.0.1/adacl_eastrings.gpr...
Setup
   [mkdir]        object directory for project AdaCL
   [mkdir]        library directory for project AdaCL
   [mkdir]        object directory for project AdaCL_EAStrings
   [mkdir]        library directory for project AdaCL_EAStrings
Compile
   [Ada]          adacl_config.ads
   [Ada]          adacl-os-to_wide_wide_string.adb
   [Ada]          adacl-os-to_utf_string.adb
   [Ada]          adacl-os-low_level.ads
gnat1: invalid switch: -gnat2022
gnat1: invalid switch: -gnat2022
gnat1: invalid switch: -gnat2022
gnat1: invalid switch: -gnat2022

   compilation of adacl-os-low_level.ads failed
   compilation of adacl-os-to_utf_string.adb failed
   compilation of adacl-os-to_wide_wide_string.adb failed
   compilation of adacl_config.ads failed

gprbuild: *** compilation phase failed
stderr: Command ["gprbuild", "-s", "-j0", "-p", "-P", "D:\a\alire-crates-ci\alire-crates-ci\test\b660f5ff-c514-4e54-80a2-a15b3171928e\adacl_eastrings_7.0.1_91b30d7d\adacl_eastrings.gpr", "-cargs:Ada", "-gnatwn"] exited with code 4
ERROR: Command ["gprbuild", "-s", "-j0", "-p", "-P", "D:\a\alire-crates-ci\alire-crates-ci\test\b660f5ff-c514-4e54-80a2-a15b3171928e\adacl_eastrings_7.0.1_91b30d7d\adacl_eastrings.gpr", "-cargs:Ada", "-gnatwn"] exited with code 4
stderr: ALIRE.CHECKED_ERROR
stderr: Command ["gprbuild", "-s", "-j0", "-p", "-P", "D:\a\alire-crates-ci\alire-crates-ci\test\b660f5ff-c514-4e54-80a2-a15b3171928e\adacl_eastrings_7.0.1_91b30d7d\adacl_eastrings.gpr", "-cargs:Ada", "-gnatwn"] exited with code 4
stderr: raised ALIRE.CHECKED_ERROR : alire-stored-error:1
[D:\a\alire-crates-ci\alire-crates-ci\alire_install\bin\alr.exe]
0x7ff73a3dda2a Semantic_Versioning.Basic.Restrictions.First_Index at alire.adb:284
0x7ff739fd595b Semantic_Versioning.Basic.Restrictions.First_Index at alire-os_lib-subprocess.adb:111
0x7ff73a28cba1 Semantic_Versioning.Basic.Restrictions.First_Index at alire-spawn.adb:22
0x7ff73a28dd5d Semantic_Versioning.Basic.Restrictions.First_Index at alire-spawn.adb:68
0x7ff73a1b2d64 Semantic_Versioning.Basic.Restrictions.First_Index at alire-roots.adb:189
0x7ff73a1b11da Semantic_Versioning.Basic.Restrictions.First_Index at alire-roots.adb:255
0x7ff73a1d912d Semantic_Versioning.Basic.Restrictions.First_Index at alire-roots.adb:2143
0x7ff73a2482f9 Semantic_Versioning.Basic.Restrictions.First_Index at alire-solutions.adb:1472
0x7ff73a247424 Semantic_Versioning.Basic.Restrictions.First_Index at alire-solutions.adb:1555
0x7ff73a1d922c Semantic_Versioning.Basic.Restrictions.First_Index at alire-roots.adb:2147
0x7ff73a1d92fa Semantic_Versioning.Basic.Restrictions.First_Index at alire-roots.adb:2127
0x7ff73a1b17a7 Semantic_Versioning.Basic.Restrictions.First_Index at alire-roots.adb:286
0x7ff73a1b1912 Semantic_Versioning.Basic.Restrictions.First_Index at alire-roots.adb:114
0x7ff739923baa Semantic_Versioning.Basic.Restrictions.First_Index at alr-commands-build.adb:145
0x7ff73992341e Semantic_Versioning.Basic.Restrictions.First_Index at alr-commands-build.adb:113
0x7ff7399235ba Semantic_Versioning.Basic.Restrictions.First_Index at alr-commands-build.adb:54
0x7ff7399d5dea Semantic_Versioning.Basic.Restrictions.First_Index at clic-subcommand-instance.adb:749
0x7ff7399e2b0e Semantic_Versioning.Basic.Restrictions.First_Index at alr-commands.adb:632
0x7ff7398b16a0 Alr.Main at alr-main.adb:13
0x7ff7398b5270 Main at b__alr-main.adb:2454
0x7ff7398b133e __tmainCRTStartup at ???
0x7ff7398b1144 mainCRTStartup at ???
[C:\Windows\System32\KERNEL32.DLL]
0x7fff5138e8d5
[C:\Windows\SYSTEM32\ntdll.dll]
0x7fff5246c53a

stderr: ALIRE.ROOTS.BUILD._WRAPPED_STATEMENTS.BUILD_FAILED
stderr: alire-roots.adb:202
stderr: raised ALIRE.ROOTS.BUILD._WRAPPED_STATEMENTS.BUILD_FAILED : alire-roots.adb:202
[D:\a\alire-crates-ci\alire-crates-ci\alire_install\bin\alr.exe]
0x7ff73a1b313c Semantic_Versioning.Basic.Restrictions.First_Index at alire-roots.adb:202
0x7ff73a1b11da Semantic_Versioning.Basic.Restrictions.First_Index at alire-roots.adb:255
0x7ff73a1d912d Semantic_Versioning.Basic.Restrictions.First_Index at alire-roots.adb:2143
0x7ff73a2482f9 Semantic_Versioning.Basic.Restrictions.First_Index at alire-solutions.adb:1472
0x7ff73a247424 Semantic_Versioning.Basic.Restrictions.First_Index at alire-solutions.adb:1555
0x7ff73a1d922c Semantic_Versioning.Basic.Restrictions.First_Index at alire-roots.adb:2147
0x7ff73a1d92fa Semantic_Versioning.Basic.Restrictions.First_Index at alire-roots.adb:2127
0x7ff73a1b17a7 Semantic_Versioning.Basic.Restrictions.First_Index at alire-roots.adb:286
0x7ff73a1b1912 Semantic_Versioning.Basic.Restrictions.First_Index at alire-roots.adb:114
0x7ff739923baa Semantic_Versioning.Basic.Restrictions.First_Index at alr-commands-build.adb:145
0x7ff73992341e Semantic_Versioning.Basic.Restrictions.First_Index at alr-commands-build.adb:113
0x7ff7399235ba Semantic_Versioning.Basic.Restrictions.First_Index at alr-commands-build.adb:54
0x7ff7399d5dea Semantic_Versioning.Basic.Restrictions.First_Index at clic-subcommand-instance.adb:749
0x7ff7399e2b0e Semantic_Versioning.Basic.Restrictions.First_Index at alr-commands.adb:632
0x7ff7398b16a0 Alr.Main at alr-main.adb:13
0x7ff7398b5270 Main at b__alr-main.adb:2454
0x7ff7398b133e __tmainCRTStartup at ???
0x7ff7398b1144 mainCRTStartup at ???
[C:\Windows\System32\KERNEL32.DLL]
0x7fff5138e8d5
[C:\Windows\SYSTEM32\ntdll.dll]
0x7fff5246c53a

ERROR: Compilation failed.
