Test ran at 2025-07-13 13:02:35.072359+00:00

SOLUTION:
semantic_versioning=2.1.0: Semantic Versioning in Ada
Origin: commit cc69201134c0a8d695b767a1fd1bf4fd8f6f3880 from https://github.com/alire-project/semantic_versioning.git
Properties:
   Author: Alejandro R. Mosteo
   Description: Semantic Versioning in Ada
   License: LGPL-3.0-only
   Maintainer: alejandro@mosteo.com
   Maintainers_Logins: mosteo
   Name: semantic_versioning
   Tag: semver
   Tag: semantic
   Tag: versioning
   Version: 2.1
   Website: https://github.com/alire-project/semantic_versioning


LOG:
Spawning: alr -d -n get --build semantic_versioning=2.1.0
Note: Deploying semantic_versioning=2.1.0...
Note: Alire has selected automatically this toolchain:
   gprbuild=22.0.1
   gnat_native=14.2.1
You can select a different toolchain at any time with `alr toolchain --select`
Download will start now:
Note: Deploying gprbuild=22.0.1...
#=#=#                                                                          

                                                                           0.0%
#########################                                                 36.1%
#######################################################################   98.6%
######################################################################## 100.0%
Note: gprbuild=22.0.1 installed successfully.
Note: Deploying gnat_native=14.2.1...
#=#=#                                                                          

###                                                                        4.3%
########                                                                  11.5%
#############                                                             19.2%
###################                                                       26.8%
########################                                                  33.9%
#############################                                             41.6%
###################################                                       49.1%
########################################                                  56.8%
#############################################                             63.6%
###################################################                       71.3%
########################################################                  79.2%
##############################################################            86.8%
####################################################################      95.1%
######################################################################## 100.0%
Note: gnat_native=14.2.1 installed successfully.
Note: Building semantic_versioning=2.1.0/semantic_versioning.gpr...
Setup
   [mkdir]        object directory for project Semantic_Versioning
   [mkdir]        exec directory for project Semantic_Versioning
Compile
   [Ada]          semantic_versioning-demo.adb
   [Ada]          semantic_versioning-parser.adb
   [Ada]          semantic_versioning-extended-parser.adb
   [Ada]          semantic_versioning.adb
   [Ada]          semantic_versioning-extended.adb
   [Ada]          semantic_versioning-basic.adb
Bind
   [gprbind]      semantic_versioning-demo.bexch
   [gprbind]      semantic_versioning-parser.bexch
   [gprbind]      semantic_versioning-extended-parser.bexch
   [Ada]          semantic_versioning-demo.ali
   [Ada]          semantic_versioning-parser.ali
   [Ada]          semantic_versioning-extended-parser.ali
Link
   [link]         semantic_versioning-demo.adb
   [link]         semantic_versioning-parser.adb
   [link]         semantic_versioning-extended-parser.adb

semantic_versioning=2.1.0 successfully retrieved and built.
There are no dependencies.
Found declared GPR file: semantic_versioning.gpr
