Test ran at 2026-05-07 12:57:43.607497+00:00

SOLUTION:
septum=0.2.0: An interactive context-based text search tool for large codebases.
Origin: commit debe9c89f61403201d90fa4cb19f195b7d8bb9d8 from https://github.com/pyjarrett/septum.git
Properties:
   Author: Paul Jarrett
   Build Switches: 
   Description: An interactive context-based text search tool for large codebases.
   Executable: septum
   case OS is
      when Linux => GPR External: Septum_Platform := linux
      when Macos => GPR External: Septum_Platform := macos
      when Windows => GPR External: Septum_Platform := windows
   License: Apache-2.0
   Maintainer: Paul Jarrett <jarrett.paul.young@gmail.com>
   Maintainers_Logins: pyjarrett
   Name: septum
   Tag: search
   Tag: code
   Tag: text
   Version: 0.2.0
   Website: https://github.com/pyjarrett/septum
Dependencies (direct):
   ansiada^1.1.0
   atomic~1.0.0
   dir_iterators~0.0.5
   progress_indicators~0.0.2
   trendy_terminal~0.0.6
Dependencies (solution):
   ansiada=1.1.0
   atomic=1.0.0
   dir_iterators=0.0.5
   progress_indicators=0.0.2
   trendy_terminal=0.0.6
Dependencies (graph):
   progress_indicators=0.0.2 --> ansiada=1.1.0 (^1.1.0)
   septum=0.2.0              --> ansiada=1.1.0 (^1.1.0)
   septum=0.2.0              --> atomic=1.0.0 (~1.0.0)
   septum=0.2.0              --> dir_iterators=0.0.5 (~0.0.5)
   septum=0.2.0              --> progress_indicators=0.0.2 (~0.0.2)
   septum=0.2.0              --> trendy_terminal=0.0.6 (~0.0.6)


LOG:
[alr test] Testing septum=0.2.0
[alr test] Spawning retrieval for remote crate: alr -d -n get septum=0.2.0
Note: Deploying septum=0.2.0...
Note: Deploying ansiada=1.1.0...
Note: Deploying atomic=1.0.0...
Note: Deploying dir_iterators=0.0.5...
Note: Deploying trendy_terminal=0.0.6...
Note: Deploying progress_indicators=0.0.2...

septum=0.2.0 successfully retrieved.
Dependencies were solved as follows:

   + ansiada             1.1.0 (new)
   + atomic              1.0.0 (new)
   + dir_iterators       0.0.5 (new)
   + progress_indicators 0.0.2 (new)
   + trendy_terminal     0.0.6 (new)
[alr test] Spawning default test for remote crate: alr -d -n build --release -- -cargs:Ada -gnatwn
Note: Building septum=0.2.0/septum.gpr...
Setup
   [mkdir]        object directory for project Atomic
   [mkdir]        library directory for project Atomic
   [mkdir]        object directory for project Ansiada
   [mkdir]        library directory for project Ansiada
   [mkdir]        object directory for project Dir_Iterators
   [mkdir]        library directory for project Dir_Iterators
   [mkdir]        object directory for project Progress_Indicators
   [mkdir]        library directory for project Progress_Indicators
   [mkdir]        object directory for project Trendy_Terminal
   [mkdir]        library directory for project Trendy_Terminal
   [mkdir]        object directory for project Septum
   [mkdir]        exec directory for project Septum
Compile
   [Ada]          septum.adb
   [Ada]          trendy_terminal-linux.ads
   [Ada]          trendy_terminal-platform.adb
   [Ada]          trendy_terminal-lines-line_vectors.ads
gnat1: invalid switch: -gnat2022

   compilation of septum.adb failed

gprbuild: *** compilation phase failed
stderr: Command ["gprbuild", "-s", "-j0", "-p", "-P", "/home/runner/work/alire-crates-ci/alire-crates-ci/test/c5d442ac-87f0-44e5-a8ea-e1cd9b9a8538/septum_0.2.0_debe9c89/septum.gpr", "-cargs:Ada", "-gnatwn"] exited with code 4
ERROR: Command ["gprbuild", "-s", "-j0", "-p", "-P", "/home/runner/work/alire-crates-ci/alire-crates-ci/test/c5d442ac-87f0-44e5-a8ea-e1cd9b9a8538/septum_0.2.0_debe9c89/septum.gpr", "-cargs:Ada", "-gnatwn"] exited with code 4
stderr: ALIRE.CHECKED_ERROR
stderr: Command ["gprbuild", "-s", "-j0", "-p", "-P", "/home/runner/work/alire-crates-ci/alire-crates-ci/test/c5d442ac-87f0-44e5-a8ea-e1cd9b9a8538/septum_0.2.0_debe9c89/septum.gpr", "-cargs:Ada", "-gnatwn"] exited with code 4
stderr: raised ALIRE.CHECKED_ERROR : alire-stored-error:1
[/home/runner/work/alire-crates-ci/alire-crates-ci/alire_install/bin/alr]
0xe75bc6 Alire.Raise_Checked_Error at alire.adb:284
0xac1a54 Alire.Os_Lib.Subprocess.Checked_Spawn at alire-os_lib-subprocess.adb:111
0xd40276 Alire.Spawn.Command at alire-spawn.adb:22
0xd412ee Alire.Spawn.Gprbuild at alire-spawn.adb:68
0xc748cb Alire.Roots.Build at alire-roots.adb:189
0xc7301a Alire.Roots.Build at alire-roots.adb:255
0xc9832b Alire.Roots.Traverse at alire-roots.adb:2143
0xcfee85 Alire.Solutions.Traverse.Visit at alire-solutions.adb:1472
0xcfdfcc Alire.Solutions.Traverse at alire-solutions.adb:1555
0xc9841e Alire.Roots.Traverse at alire-roots.adb:2147
0xc984dd Alire.Roots.Traverse at alire-roots.adb:2127
0xc7359b Alire.Roots.Build at alire-roots.adb:286
0xc736d7 Alire.Roots.Build at alire-roots.adb:114
0x49aa0d Alr.Commands.Build.Execute at alr-commands-build.adb:145
0x49a36d Alr.Commands.Build.Execute at alr-commands-build.adb:113
0x49a51f Alr.Commands.Build.Execute at alr-commands-build.adb:54
0x53bbcc Alr.Commands.Sub_Cmd.Execute at clic-subcommand-instance.adb:749
0x5472be Alr.Commands.Execute at alr-commands.adb:632
0x43d48a Alr.Main at alr-main.adb:13
0x4403a3 Main at b__alr-main.adb:2445
[/lib/x86_64-linux-gnu/libc.so.6]
0x7f3499a2a1c8
0x7f3499a2a289
[/home/runner/work/alire-crates-ci/alire-crates-ci/alire_install/bin/alr]
0x43d323 _start at ???
0xfffffffffffffffe

stderr: ALIRE.ROOTS.BUILD._WRAPPED_STATEMENTS.BUILD_FAILED
stderr: alire-roots.adb:202
stderr: raised ALIRE.ROOTS.BUILD._WRAPPED_STATEMENTS.BUILD_FAILED : alire-roots.adb:202
[/home/runner/work/alire-crates-ci/alire-crates-ci/alire_install/bin/alr]
0xc74cc7 Alire.Roots.Build at alire-roots.adb:202
0xc7301a Alire.Roots.Build at alire-roots.adb:255
0xc9832b Alire.Roots.Traverse at alire-roots.adb:2143
0xcfee85 Alire.Solutions.Traverse.Visit at alire-solutions.adb:1472
0xcfdfcc Alire.Solutions.Traverse at alire-solutions.adb:1555
0xc9841e Alire.Roots.Traverse at alire-roots.adb:2147
0xc984dd Alire.Roots.Traverse at alire-roots.adb:2127
0xc7359b Alire.Roots.Build at alire-roots.adb:286
0xc736d7 Alire.Roots.Build at alire-roots.adb:114
0x49aa0d Alr.Commands.Build.Execute at alr-commands-build.adb:145
0x49a36d Alr.Commands.Build.Execute at alr-commands-build.adb:113
0x49a51f Alr.Commands.Build.Execute at alr-commands-build.adb:54
0x53bbcc Alr.Commands.Sub_Cmd.Execute at clic-subcommand-instance.adb:749
0x5472be Alr.Commands.Execute at alr-commands.adb:632
0x43d48a Alr.Main at alr-main.adb:13
0x4403a3 Main at b__alr-main.adb:2445
[/lib/x86_64-linux-gnu/libc.so.6]
0x7f3499a2a1c8
0x7f3499a2a289
[/home/runner/work/alire-crates-ci/alire-crates-ci/alire_install/bin/alr]
0x43d323 _start at ???
0xfffffffffffffffe

ERROR: Compilation failed.
