Test ran at 2026-07-02 01:53:14.576788+00:00

SOLUTION:
a0b_gpio=0.1.0: A0B GIOP API
Origin: commit 011067c7f5fae261ec4b30e015b324b895e2948b from https://github.com/godunko/a0b-gpio.git
Properties:
   Test run: alr build (from ${CRATE_ROOT}/selftest)
   Author: Vadim Godunko
   Configuration: no modifiers
   Description: A0B GIOP API
   License: Apache-2.0 WITH LLVM-exception
   Maintainer: Vadim Godunko <vgodunko@gmail.com>
   Maintainers_Logins: godunko
   Name: a0b_gpio
   Project_File: gnat/a0b_gpio.gpr
   Tag: embedded
   Tag: gpio
   Version: 0.1.0
Dependencies (direct):
   a0b_base*
Dependencies (solution):
   a0b_base=0.5.0
Dependencies (graph):
   a0b_gpio=0.1.0 --> a0b_base=0.5.0 (*)


LOG:
Note: Synchronizing workspace...
Dependencies automatically updated as follows:

   +  a0b_base     0.5.0  (new,indirect)
   +. a0b_gpio     0.1.0  (new,path=..)
   +b gnat_arm_elf 15.2.1 (new,binary)
   
   i  The solution requires a toolchain that is
      not yet installed. Accepting the solution
      will download and install this toolchain.
Note: Deploying gnat_arm_elf=15.2.1...

#=#=#                                                                          
##O#-#                                                                         
                                                                           0.0%
                                                                           0.2%
#                                                                          2.1%
#                                                                          2.4%
##                                                                         3.5%
###                                                                        4.5%
###                                                                        4.7%
####                                                                       6.4%
#####                                                                      7.1%
#####                                                                      7.1%
#####                                                                      7.3%
#####                                                                      7.9%
######                                                                     9.2%
######                                                                     9.6%
#######                                                                   10.7%
########                                                                  11.8%
#########                                                                 13.4%
##########                                                                14.1%
###########                                                               15.5%
###########                                                               16.5%
############                                                              17.7%
#############                                                             18.8%
##############                                                            19.8%
##############                                                            20.2%
###############                                                           21.3%
################                                                          22.6%
################                                                          23.6%
##################                                                        25.1%
##################                                                        25.5%
##################                                                        25.9%
###################                                                       27.7%
####################                                                      28.3%
####################                                                      29.1%
######################                                                    30.6%
######################                                                    31.8%
#######################                                                   33.0%
########################                                                  34.4%
#########################                                                 35.3%
#########################                                                 36.1%
##########################                                                36.4%
##########################                                                37.1%
###########################                                               37.7%
###########################                                               37.7%
###########################                                               37.8%
###########################                                               38.3%
############################                                              39.7%
############################                                              40.0%
##############################                                            42.3%
##############################                                            42.5%
###############################                                           43.2%
################################                                          44.8%
#################################                                         45.9%
#################################                                         47.1%
#################################                                         47.1%
##################################                                        47.4%
##################################                                        48.2%
###################################                                       49.4%
#####################################                                     51.8%
#####################################                                     52.6%
######################################                                    53.3%
######################################                                    54.1%
######################################                                    54.2%
#######################################                                   55.4%
########################################                                  56.5%
##########################################                                58.4%
##########################################                                58.9%
###########################################                               60.2%
############################################                              61.2%
############################################                              61.7%
#############################################                             62.9%
#############################################                             63.6%
##############################################                            64.3%
##############################################                            64.8%
###############################################                           65.3%
###############################################                           65.9%
################################################                          66.7%
#################################################                         68.3%
#################################################                         68.8%
##################################################                        70.3%
##################################################                        70.5%
##################################################                        70.6%
####################################################                      72.5%
####################################################                      73.0%
#####################################################                     74.9%
######################################################                    75.1%
######################################################                    75.4%
#######################################################                   76.6%
#######################################################                   77.7%
#########################################################                 79.3%
#########################################################                 80.1%
##########################################################                81.1%
##########################################################                81.8%
###########################################################               82.4%
###########################################################               83.0%
############################################################              83.8%
#############################################################             84.8%
##############################################################            86.6%
##############################################################            87.1%
###############################################################           88.1%
###############################################################           88.6%
################################################################          89.5%
##################################################################        91.8%
###################################################################       93.7%
####################################################################      94.5%
####################################################################      95.7%
#####################################################################     96.5%
######################################################################    98.1%
#######################################################################   98.9%
######################################################################## 100.0%
Note: gnat_arm_elf=15.2.1 installed successfully.

Note: Building a0b_gpio_selftest=0.1.0-dev/a0b_gpio_selftest.gpr...
Setup
   [mkdir]        object directory for project A0B_Base
   [mkdir]        library directory for project A0B_Base
   [mkdir]        object directory for project A0B_GPIO
a0b_gpio_selftest.gpr:9:09: warning: there are no sources of language "Ada" in this project
Compile
   [Ada]          a0b.ads
   [Ada]          a0b-types.ads
   [Ada]          a0b-types-svd.ads
   [Ada]          a0b-types-gcc_builtins.ads
   [Ada]          a0b-types-enumerable.ads
   [Ada]          a0b-types-big_endian.adb
   [Ada]          a0b-types-arrays.ads
   [Ada]          a0b-peripherals.ads
a0b-types-big_endian.adb:10:04: warning: "Unsigned_64" is already use-visible through previous use_type_clause at a0b-types.ads:297 [-gnatwr]
a0b-types-big_endian.adb:10:04: warning: use clause for type "Unsigned_64" defined at a0b-types.ads:88 has no effect [-gnatwu]
   [Ada]          a0b-gpio.ads
Build Libraries
   [gprlib]       a0b_base.lexch
   [archive]      liba0b_base.a
   [index]        liba0b_base.a
Success: Build finished successfully in 1.43 seconds.
[alr test] Test completed SUCCESSFULLY
