Test ran at 2026-09-03 01:31:00.557098+00:00

SOLUTION:
list_image=1.0.0: helper to dump iterable containers with customizable style
Origin: commit 329dd78b6d2097e22c5917a0d8ad56d9399b18b8 from https://github.com/LionelDraghi/List_Image.git
Properties:
   Author: Lionel Draghi
   Configuration: no modifiers
   Description: helper to dump iterable containers with customizable style
   Executable: test_list_image
   License: Apache-2.0
   Maintainer: Lionel Draghi <lionel.draghi@free.fr>
   Maintainers_Logins: LionelDraghi
   Name: list_image
   Tag: list
   Tag: iterator
   Tag: container
   Tag: markdown
   Tag: html
   Version: 1.0.0
   Website: https://github.com/LionelDraghi/List_Image


LOG:
[alr test] Testing list_image=1.0.0
[alr test] Spawning retrieval for remote crate: alr -d -n get list_image=1.0.0
Note: Deploying list_image=1.0.0...

list_image=1.0.0 successfully retrieved.
There are no dependencies.
[alr test] Spawning default test for remote crate: alr -d -n build --release -- -cargs:Ada -gnatwn
Note: Building list_image=1.0.0/list_image.gpr...
"obj" created
[Ada Compile]     list_image-unix_predefined_styles.ads
[Ada Compile]     list_image-windows_predefined_styles.ads
[Ada Compile]     list_image.adb
[Ada Compile]     test_list_image.adb
[Ada Bind]        test_list_image
[Ada Post-Bind]   b__test_list_image.adb
[Link]            test_list_image.exe
Success: Build finished successfully in 4.10 seconds.
Found declared GPR file: list_image.gpr
[alr test] Test completed SUCCESSFULLY
