Test ran at 2026-10-01 12:45:45.720451+00:00

SOLUTION:
opencv_core=0.3.0: Thick Ada binding to OpenCV Core Library
Origin: commit 0e2753be8ea05fc972ec452c32b975f9e9b3912f from https://github.com/zackboll/opencv_core_ada.git
Properties:
   Pre_Build run: sh scripts/configure_opencv.sh (from ${CRATE_ROOT}/.)
   Test run: alr -n build (from ${CRATE_ROOT}/.)
   Test run: alr run (from ${CRATE_ROOT}/tests)
   Author: Zack Boll
   Description: Thick Ada binding to OpenCV Core Library
   case Distribution is
      when Msys2 => Environment: PATH=${CRATE_ROOT}/lib:${PATH}
   License: Apache-2.0
   Maintainer: Zack Boll <zackboll@gmail.com>
   Maintainers_Logins: zackboll
   Name: opencv_core
   Tag: opencv
   Tag: computer-vision
   Tag: binding
   Tag: ada
   Version: 0.3.0
   Website: https://github.com/zackboll/opencv_core_ada
Dependencies (direct):
   case OS is
      when Windows => mingw_w64_gcc*
   opencv*
   pkg_config*
Dependencies (solution):
   opencv=4.6.0
   pkg_config=1.8.1
Dependencies (graph):
   opencv_core=0.3.0 --> opencv=4.6.0 (*)
   opencv_core=0.3.0 --> pkg_config=1.8.1 (*)


LOG:
Note: Running pre-build actions for opencv_core=0.3.0...
Note: Building opencv_core=0.3.0/opencv_core.gpr...
Setup
   [mkdir]        object directory for project OpenCV_Core_Shim
   [mkdir]        library directory for project OpenCV_Core_Shim
   [mkdir]        object directory for project OpenCV_Core
Compile
   [C++]          opencv_core_shim.cpp
   [Ada]          opencv_core_config.ads
   [Ada]          opencv-internal-c_api.adb
   [Ada]          opencv-core-internal-typed_row_borrowing.adb
   [Ada]          opencv-core-internal.ads
   [Ada]          opencv-internal-safe_arithmetic.adb
   [Ada]          opencv-core-sparse-typed_vector_iteration_impl.adb
   [Ada]          opencv-core-sparse-typed_vector_impl.adb
   [Ada]          opencv-core-sparse-typed_impl.adb
   [Ada]          opencv-internal.ads
   [Ada]          opencv-core-internal-continuous_data.adb
   [Ada]          opencv-core-sparse-typed_iteration_impl.adb
   [Ada]          opencv-core-internal-typed_continuous_borrowing.adb
   [Ada]          opencv-core-internal-typed_external_mat_view.adb
   [Ada]          opencv-core-internal-row_data.adb
   [Ada]          opencv-core-internal-typed_access.adb
   [Ada]          opencv-core-float64_vec3_access.adb
   [Ada]          opencv-core-int32_vec3.ads
   [Ada]          opencv-core-int16_buffer_access.adb
   [Ada]          opencv-core-sparse-int8_access.adb
   [Ada]          opencv-core-int16_vec2_mat_view.adb
   [Ada]          opencv-core-int8_access.adb
   [Ada]          opencv-core-int16_vec4_buffer_access.adb
opencv-core-int16_vec4_buffer_access.adb:12:54: warning: condition is not known at compile time
opencv-core-int16_vec4_buffer_access.adb:18:04: warning: in instantiation at opencv-core-internal-typed_continuous_borrowing.adb:28
opencv-core-int16_vec4_buffer_access.adb:18:04: warning: condition is not known at compile time
   [Ada]          opencv-core-uint16_vec2_row_access.adb
opencv-core-int16_vec2_mat_view.adb:12:54: warning: condition is not known at compile time
opencv-core-int16_vec2_mat_view.adb:18:04: warning: in instantiation at opencv-core-internal-typed_external_mat_view.adb:28
opencv-core-int16_vec2_mat_view.adb:18:04: warning: condition is not known at compile time
   [Ada]          opencv-core-int32_vec4_mat_view.adb
opencv-core-uint16_vec2_row_access.adb:14:55: warning: condition is not known at compile time
opencv-core-uint16_vec2_row_access.adb:21:04: warning: in instantiation at opencv-core-internal-typed_row_borrowing.adb:26
opencv-core-uint16_vec2_row_access.adb:21:04: warning: condition is not known at compile time
   [Ada]          opencv-core-uint8_mat_view.adb
opencv-core-int32_vec4_mat_view.adb:12:54: warning: condition is not known at compile time
opencv-core-int32_vec4_mat_view.adb:18:04: warning: in instantiation at opencv-core-internal-typed_external_mat_view.adb:28
opencv-core-int32_vec4_mat_view.adb:18:04: warning: condition is not known at compile time
   [Ada]          opencv-core-float32_vec2_access.adb
   [Ada]          opencv-core-int8_vec4_buffer_access.adb
   [Ada]          opencv-core-float32_vec4_row_access.adb
   [Ada]          opencv-core-float16_access.adb
opencv-core-int8_vec4_buffer_access.adb:22:38: warning: condition is not known at compile time
opencv-core-int8_vec4_buffer_access.adb:30:36: warning: condition is not known at compile time
opencv-core-int8_vec4_buffer_access.adb:38:04: warning: in instantiation at opencv-core-internal-typed_continuous_borrowing.adb:28
opencv-core-int8_vec4_buffer_access.adb:38:04: warning: condition is not known at compile time
   [Ada]          opencv-core-uint8_vec3_buffer_access.adb
   [Ada]          opencv-core-float64_vec2_mat_view.adb
opencv-core-float32_vec4_row_access.adb:14:56: warning: condition is not known at compile time
opencv-core-float32_vec4_row_access.adb:21:04: warning: in instantiation at opencv-core-internal-typed_row_borrowing.adb:26
opencv-core-float32_vec4_row_access.adb:21:04: warning: condition is not known at compile time
   [Ada]          opencv-core-sparse-int32_vec3_access.adb
opencv-core-uint8_vec3_buffer_access.adb:19:49: warning: condition is not known at compile time
opencv-core-uint8_vec3_buffer_access.adb:27:04: warning: in instantiation at opencv-core-internal-typed_continuous_borrowing.adb:28
opencv-core-uint8_vec3_buffer_access.adb:27:04: warning: condition is not known at compile time
   [Ada]          opencv-core-sparse.adb
   [Ada]          opencv-core-int16_vec2_access.adb
opencv-core-float64_vec2_mat_view.adb:9:11: warning: condition is not known at compile time
opencv-core-float64_vec2_mat_view.adb:13:04: warning: in instantiation at opencv-core-internal-typed_external_mat_view.adb:28
opencv-core-float64_vec2_mat_view.adb:13:04: warning: condition is not known at compile time
   [Ada]          opencv-core-uint16_vec3_mat_view.adb
   [Ada]          opencv-core-uint8_vec4_access.adb
   [Ada]          opencv-core-float64_vec3_buffer_access.adb
   [Ada]          opencv-core-uint8_vec2.ads
   [Ada]          opencv-core-int16_vec4.ads
opencv-core-float64_vec3_buffer_access.adb:17:39: warning: condition is not known at compile time
opencv-core-float64_vec3_buffer_access.adb:25:04: warning: in instantiation at opencv-core-internal-typed_continuous_borrowing.adb:28
opencv-core-float64_vec3_buffer_access.adb:25:04: warning: condition is not known at compile time
   [Ada]          opencv-core-float64_row_access.adb
opencv-core-uint16_vec3_mat_view.adb:12:55: warning: condition is not known at compile time
opencv-core-uint16_vec3_mat_view.adb:18:04: warning: in instantiation at opencv-core-internal-typed_external_mat_view.adb:28
opencv-core-uint16_vec3_mat_view.adb:18:04: warning: condition is not known at compile time
   [Ada]          opencv-core-persistence.adb
   [Ada]          opencv-core-uint16_vec4_mat_view.adb
   [Ada]          opencv-core-int32_vec3_access.adb
   [Ada]          opencv-core-float32_matx3x3.ads
opencv-core-uint16_vec4_mat_view.adb:11:55: warning: condition is not known at compile time
opencv-core-uint16_vec4_mat_view.adb:17:04: warning: in instantiation at opencv-core-internal-typed_external_mat_view.adb:28
opencv-core-uint16_vec4_mat_view.adb:17:04: warning: condition is not known at compile time
   [Ada]          opencv-core-sparse-float32_vec3_access.adb
   [Ada]          opencv-core-float16_vec2.ads
   [Ada]          opencv-core-sparse-uint8_access.adb
   [Ada]          opencv-core-uint16_vec2_buffer_access.adb
   [Ada]          opencv-core-int8_vec2_row_access.adb
   [Ada]          opencv-core-int8_mat_view.adb
opencv-core-uint16_vec2_buffer_access.adb:12:55: warning: condition is not known at compile time
opencv-core-uint16_vec2_buffer_access.adb:18:04: warning: in instantiation at opencv-core-internal-typed_continuous_borrowing.adb:28
opencv-core-uint16_vec2_buffer_access.adb:18:04: warning: condition is not known at compile time
   [Ada]          opencv-core-uint16_vec3_buffer_access.adb
opencv-core-int8_vec2_row_access.adb:24:38: warning: condition is not known at compile time
opencv-core-int8_vec2_row_access.adb:32:36: warning: condition is not known at compile time
opencv-core-int8_vec2_row_access.adb:40:04: warning: in instantiation at opencv-core-internal-typed_row_borrowing.adb:26
opencv-core-int8_vec2_row_access.adb:40:04: warning: condition is not known at compile time
   [Ada]          opencv-core-float32_vec4_buffer_access.adb
opencv-core-uint16_vec3_buffer_access.adb:12:55: warning: condition is not known at compile time
opencv-core-uint16_vec3_buffer_access.adb:18:04: warning: in instantiation at opencv-core-internal-typed_continuous_borrowing.adb:28
opencv-core-uint16_vec3_buffer_access.adb:18:04: warning: condition is not known at compile time
   [Ada]          opencv-core-float64_vec2.ads
   [Ada]          opencv-core-float64_vec4_mat_view.adb
opencv-core-float32_vec4_buffer_access.adb:11:56: warning: condition is not known at compile time
opencv-core-float32_vec4_buffer_access.adb:17:04: warning: in instantiation at opencv-core-internal-typed_continuous_borrowing.adb:28
opencv-core-float32_vec4_buffer_access.adb:17:04: warning: condition is not known at compile time
   [Ada]          opencv-core-float64_vec3_mat_view.adb
   [Ada]          opencv-core-float16_vec2_mat_view.adb
   [Ada]          opencv-core-sparse-int16_vec2_access.adb
   [Ada]          opencv-core-int8_vec2_access.adb
opencv-core-float64_vec4_mat_view.adb:11:56: warning: condition is not known at compile time
opencv-core-float64_vec4_mat_view.adb:17:04: warning: in instantiation at opencv-core-internal-typed_external_mat_view.adb:28
opencv-core-float64_vec4_mat_view.adb:17:04: warning: condition is not known at compile time
   [Ada]          opencv-core-float16_row_access.adb
opencv-core-float64_vec3_mat_view.adb:17:39: warning: condition is not known at compile time
opencv-core-float64_vec3_mat_view.adb:25:04: warning: in instantiation at opencv-core-internal-typed_external_mat_view.adb:28
opencv-core-float64_vec3_mat_view.adb:25:04: warning: condition is not known at compile time
   [Ada]          opencv-core-float16_vec3.ads
opencv-core-float16_vec2_mat_view.adb:22:41: warning: condition is not known at compile time
opencv-core-float16_vec2_mat_view.adb:30:39: warning: condition is not known at compile time
opencv-core-float16_vec2_mat_view.adb:38:04: warning: in instantiation at opencv-core-internal-typed_external_mat_view.adb:28
opencv-core-float16_vec2_mat_view.adb:38:04: warning: condition is not known at compile time
   [Ada]          opencv-core-int16_vec3_mat_view.adb
   [Ada]          opencv-core-uint8_vec3_access.adb
   [Ada]          opencv-core-int16_vec2_buffer_access.adb
   [Ada]          opencv-core-float16_vec2_access.adb
   [Ada]          opencv-core-uint16_access.adb
opencv-core-int16_vec2_buffer_access.adb:12:54: warning: condition is not known at compile time
opencv-core-int16_vec2_buffer_access.adb:18:04: warning: in instantiation at opencv-core-internal-typed_continuous_borrowing.adb:28
opencv-core-int16_vec2_buffer_access.adb:18:04: warning: condition is not known at compile time
   [Ada]          opencv-core-uint8_vec2_buffer_access.adb
   [Ada]          opencv-core-float64_access.adb
opencv-core-int16_vec3_mat_view.adb:12:54: warning: condition is not known at compile time
opencv-core-int16_vec3_mat_view.adb:18:04: warning: in instantiation at opencv-core-internal-typed_external_mat_view.adb:28
opencv-core-int16_vec3_mat_view.adb:18:04: warning: condition is not known at compile time
   [Ada]          opencv-core-uint16_buffer_access.adb
   [Ada]          opencv-core-sparse-int8_vec2_access.adb
opencv-core-uint8_vec2_buffer_access.adb:12:54: warning: condition is not known at compile time
opencv-core-uint8_vec2_buffer_access.adb:18:04: warning: in instantiation at opencv-core-internal-typed_continuous_borrowing.adb:28
opencv-core-uint8_vec2_buffer_access.adb:18:04: warning: condition is not known at compile time
   [Ada]          opencv-core-uint16_vec2.ads
   [Ada]          opencv-core-uint16_vec4.ads
   [Ada]          opencv-core-uint8_vec4_buffer_access.adb
   [Ada]          opencv-core-sparse-uint8_vec4_access.adb
   [Ada]          opencv-core-float16_vec4_buffer_access.adb
   [Ada]          opencv-core-int16_vec4_row_access.adb
opencv-core-uint8_vec4_buffer_access.adb:11:54: warning: condition is not known at compile time
opencv-core-uint8_vec4_buffer_access.adb:17:04: warning: in instantiation at opencv-core-internal-typed_continuous_borrowing.adb:28
opencv-core-uint8_vec4_buffer_access.adb:17:04: warning: condition is not known at compile time
   [Ada]          opencv-core-float32_access.adb
   [Ada]          opencv-core-sparse-int32_access.adb
opencv-core-float16_vec4_buffer_access.adb:23:41: warning: condition is not known at compile time
opencv-core-float16_vec4_buffer_access.adb:31:39: warning: condition is not known at compile time
opencv-core-float16_vec4_buffer_access.adb:39:04: warning: in instantiation at opencv-core-internal-typed_continuous_borrowing.adb:28
opencv-core-float16_vec4_buffer_access.adb:39:04: warning: condition is not known at compile time
   [Ada]          opencv-core-sparse-float64_access.adb
opencv-core-int16_vec4_row_access.adb:14:54: warning: condition is not known at compile time
opencv-core-int16_vec4_row_access.adb:21:04: warning: in instantiation at opencv-core-internal-typed_row_borrowing.adb:26
opencv-core-int16_vec4_row_access.adb:21:04: warning: condition is not known at compile time
   [Ada]          opencv-core-sparse-uint16_access.adb
   [Ada]          opencv-core-uint16_vec4_row_access.adb
   [Ada]          opencv-core-float16_vec4.ads
   [Ada]          opencv-core-uint16_mat_view.adb
   [Ada]          opencv-core-sparse-uint16_vec2_access.adb
   [Ada]          opencv-core-int16_vec2_row_access.adb
opencv-core-uint16_vec4_row_access.adb:14:55: warning: condition is not known at compile time
opencv-core-uint16_vec4_row_access.adb:21:04: warning: in instantiation at opencv-core-internal-typed_row_borrowing.adb:26
opencv-core-uint16_vec4_row_access.adb:21:04: warning: condition is not known at compile time
   [Ada]          opencv-core-int8_vec2_buffer_access.adb
   [Ada]          opencv-core-vectors.ads
opencv-core-int16_vec2_row_access.adb:14:54: warning: condition is not known at compile time
opencv-core-int16_vec2_row_access.adb:21:04: warning: in instantiation at opencv-core-internal-typed_row_borrowing.adb:26
opencv-core-int16_vec2_row_access.adb:21:04: warning: condition is not known at compile time
   [Ada]          opencv-core-float16_buffer_access.adb
   [Ada]          opencv-core-int8_vec4_row_access.adb
opencv-core-int8_vec2_buffer_access.adb:22:38: warning: condition is not known at compile time
opencv-core-int8_vec2_buffer_access.adb:30:36: warning: condition is not known at compile time
opencv-core-int8_vec2_buffer_access.adb:38:04: warning: in instantiation at opencv-core-internal-typed_continuous_borrowing.adb:28
opencv-core-int8_vec2_buffer_access.adb:38:04: warning: condition is not known at compile time
   [Ada]          opencv-core-float32_vec3.ads
   [Ada]          opencv-core-float16_vec3_buffer_access.adb
   [Ada]          opencv-core-uint8_vec3.ads
   [Ada]          opencv-core-uint8_buffer_access.adb
opencv-core-float16_vec3_buffer_access.adb:24:53: warning: condition is not known at compile time
opencv-core-float16_vec3_buffer_access.adb:32:51: warning: condition is not known at compile time
opencv-core-float16_vec3_buffer_access.adb:40:04: warning: in instantiation at opencv-core-internal-typed_continuous_borrowing.adb:28
opencv-core-float16_vec3_buffer_access.adb:40:04: warning: condition is not known at compile time
   [Ada]          opencv.ads
opencv-core-int8_vec4_row_access.adb:24:38: warning: condition is not known at compile time
opencv-core-int8_vec4_row_access.adb:32:36: warning: condition is not known at compile time
opencv-core-int8_vec4_row_access.adb:40:04: warning: in instantiation at opencv-core-internal-typed_row_borrowing.adb:26
opencv-core-int8_vec4_row_access.adb:40:04: warning: condition is not known at compile time
   [Ada]          opencv-core-float16_vec4_access.adb
   [Ada]          opencv-core-fixed_matrices.ads
   [Ada]          opencv-core-float64_vec4_row_access.adb
   [Ada]          opencv-core-int8_vec4_mat_view.adb
   [Ada]          opencv-core-float32_vec3_mat_view.adb
   [Ada]          opencv-core-sparse-uint16_vec3_access.adb
opencv-core-float64_vec4_row_access.adb:14:56: warning: condition is not known at compile time
opencv-core-float64_vec4_row_access.adb:21:04: warning: in instantiation at opencv-core-internal-typed_row_borrowing.adb:26
opencv-core-float64_vec4_row_access.adb:21:04: warning: condition is not known at compile time
   [Ada]          opencv-core-uint8_vec2_access.adb
   [Ada]          opencv-core-int32_vec2_row_access.adb
   [Ada]          opencv-core-uint16_vec4_access.adb
opencv-core-int8_vec4_mat_view.adb:21:38: warning: condition is not known at compile time
opencv-core-int8_vec4_mat_view.adb:29:36: warning: condition is not known at compile time
opencv-core-int8_vec4_mat_view.adb:37:04: warning: in instantiation at opencv-core-internal-typed_external_mat_view.adb:28
opencv-core-int8_vec4_mat_view.adb:37:04: warning: condition is not known at compile time
   [Ada]          opencv-core-int16_vec3_row_access.adb
opencv-core-float32_vec3_mat_view.adb:19:51: warning: condition is not known at compile time
opencv-core-float32_vec3_mat_view.adb:27:04: warning: in instantiation at opencv-core-internal-typed_external_mat_view.adb:28
opencv-core-float32_vec3_mat_view.adb:27:04: warning: condition is not known at compile time
   [Ada]          opencv-core-sparse-uint8_vec3_access.adb
   [Ada]          opencv-core-int16_mat_view.adb
opencv-core-int32_vec2_row_access.adb:14:54: warning: condition is not known at compile time
opencv-core-int32_vec2_row_access.adb:20:04: warning: in instantiation at opencv-core-internal-typed_row_borrowing.adb:26
opencv-core-int32_vec2_row_access.adb:20:04: warning: condition is not known at compile time
   [Ada]          opencv-core-int8_vec3_buffer_access.adb
opencv-core-int16_vec3_row_access.adb:14:54: warning: condition is not known at compile time
opencv-core-int16_vec3_row_access.adb:21:04: warning: in instantiation at opencv-core-internal-typed_row_borrowing.adb:26
opencv-core-int16_vec3_row_access.adb:21:04: warning: condition is not known at compile time
   [Ada]          opencv-core-int8_vec3_access.adb
   [Ada]          opencv-core-float64_buffer_access.adb
opencv-core-int8_vec3_buffer_access.adb:22:38: warning: condition is not known at compile time
opencv-core-int8_vec3_buffer_access.adb:30:36: warning: condition is not known at compile time
opencv-core-int8_vec3_buffer_access.adb:38:04: warning: in instantiation at opencv-core-internal-typed_continuous_borrowing.adb:28
opencv-core-int8_vec3_buffer_access.adb:38:04: warning: condition is not known at compile time
   [Ada]          opencv-core-uint8_vec2_mat_view.adb
   [Ada]          opencv-core-sparse-float32_access.adb
   [Ada]          opencv-core-float64_vec4_buffer_access.adb
   [Ada]          opencv-core-int32_vec2_buffer_access.adb
   [Ada]          opencv-core-uint8_vec4.ads
opencv-core-float64_vec4_buffer_access.adb:11:56: warning: condition is not known at compile time
opencv-core-float64_vec4_buffer_access.adb:17:04: warning: in instantiation at opencv-core-internal-typed_continuous_borrowing.adb:28
opencv-core-float64_vec4_buffer_access.adb:17:04: warning: condition is not known at compile time
   [Ada]          opencv-core-int32_row_access.adb
opencv-core-int32_vec2_buffer_access.adb:12:54: warning: condition is not known at compile time
opencv-core-int32_vec2_buffer_access.adb:18:04: warning: in instantiation at opencv-core-internal-typed_continuous_borrowing.adb:28
opencv-core-int32_vec2_buffer_access.adb:18:04: warning: condition is not known at compile time
   [Ada]          opencv-core-uint16_vec3_row_access.adb
opencv-core-uint8_vec2_mat_view.adb:12:54: warning: condition is not known at compile time
opencv-core-uint8_vec2_mat_view.adb:18:04: warning: in instantiation at opencv-core-internal-typed_external_mat_view.adb:28
opencv-core-uint8_vec2_mat_view.adb:18:04: warning: condition is not known at compile time
   [Ada]          opencv-core-int32_vec3_mat_view.adb
   [Ada]          opencv-core-module_interop.adb
   [Ada]          opencv-core-uint8_access.adb
opencv-core-module_interop.ads:25:09: type-related representation item not permitted
opencv-core-module_interop.ads:25:09: parent type "Address" has primitive operations
opencv-core-module_interop.ads:28:09: type-related representation item not permitted
opencv-core-module_interop.ads:28:09: parent type "Address" has primitive operations
opencv-internal-c_api.ads:438:26: C Vec3 size mismatch
opencv-internal-c_api.ads:445:26: C UInt8 Vec4 size mismatch
opencv-internal-c_api.ads:453:09: C UInt16 Vec4 size mismatch
opencv-internal-c_api.ads:465:09: C Float32 Vec4 size mismatch
opencv-internal-c_api.ads:468:09: C Float64 Vec4 size mismatch
opencv-internal-c_api.ads:481:26: C UInt8 Vec2 size mismatch
opencv-internal-c_api.ads:489:09: C UInt16 Vec2 size mismatch
opencv-internal-c_api.ads:497:31: C Vec2 size mismatch
opencv-internal-c_api.ads:499:26: C Vec2 size mismatch
opencv-internal-c_api.ads:516:31: C Float16 Vec2 size
opencv-internal-c_api.ads:522:31: C Float16 Vec4 size
opencv-internal-c_api.ads:638:09: C UInt16 Vec3 size mismatch
opencv-internal-c_api.ads:644:31: C Int16 Vec2 size
opencv-internal-c_api.ads:650:31: C Int16 Vec3 size
opencv-internal-c_api.ads:656:31: C Int16 Vec4 size
opencv-internal-c_api.ads:662:31: C Int32 Vec2 size
opencv-internal-c_api.ads:667:31: C Int32 Vec3 size
opencv-internal-c_api.ads:672:31: C Int32 Vec4 size
opencv-internal-c_api.ads:838:31: C Int8 Vec2 size
opencv-internal-c_api.ads:843:31: C Int8 Vec3 size
opencv-internal-c_api.ads:848:31: C Int8 Vec4 size
opencv-core-uint16_vec3_row_access.adb:14:55: warning: condition is not known at compile time
opencv-core-uint16_vec3_row_access.adb:21:04: warning: in instantiation at opencv-core-internal-typed_row_borrowing.adb:26
opencv-core-uint16_vec3_row_access.adb:21:04: warning: condition is not known at compile time
opencv-core-int32_vec3_mat_view.adb:12:54: warning: condition is not known at compile time
opencv-core-int32_vec3_mat_view.adb:18:04: warning: in instantiation at opencv-core-internal-typed_external_mat_view.adb:28
opencv-core-int32_vec3_mat_view.adb:18:04: warning: condition is not known at compile time

   compilation of opencv-core-module_interop.adb failed

gprbuild: *** compilation phase failed
ERROR: Command ["gprbuild", "-s", "-j0", "-p", "-P", "/home/runner/work/alire-crates-ci/alire-crates-ci/test/d6262918-201c-4cce-b3ca-585f8ef51276/opencv_core_0.3.0_0e2753be/opencv_core.gpr"] exited with code 4
ERROR: Compilation failed.
[alr test] Test action exited with error code 1
