Test ran at 2026-06-13 13:16:07.089305+00:00

SOLUTION:
sparklib=15.1.0: Companion libraries for SPARK programming
Origin: commit dc7cd02b08ada6c022d2461092999c1f9b12d879 from https://github.com/AdaCore/SPARKlib
Properties:
   Post_Fetch run: sed -i -e s/for Object_Dir use "obj"/for Object_Dir use "sparklib_obj"/ sparklib.gpr (from ${CRATE_ROOT}/.)
   Author: AdaCore
   Configuration: no modifiers
   Description: Companion libraries for SPARK programming
   GPR Scenario: SPARKLIB_INSTALLED := True | False
   GPR External: SPARKLIB_INSTALLED := False
   License: Apache-2.0 WITH LLVM-exception
   Maintainer: chouteau@adacore.com
   Maintainer: sagaert@adacore.com
   Maintainers_Logins: Fabien-Chouteau
   Maintainers_Logins: AldanTanneo
   Name: sparklib
   Project_File: sparklib.gpr
   Version: 15.1.0
   Website: https://github.com/AdaCore/SPARKlib


LOG:
[alr test] Testing sparklib=15.1.0
[alr test] Spawning retrieval for remote crate: alr -d -n get sparklib=15.1.0
Note: Deploying sparklib=15.1.0...

sparklib=15.1.0 successfully retrieved.
There are no dependencies.
[alr test] Spawning default test for remote crate: alr -d -n build --release -- -cargs:Ada -gnatwn
Note: Running post-fetch actions for sparklib=15.1.0...
Note: Building sparklib=15.1.0/sparklib.gpr...
Setup
   [mkdir]        object directory for project SPARKlib_Internal
   [mkdir]        object directory for project SPARKlib
   [mkdir]        library directory for project SPARKlib
Compile
   [Ada]          spark.ads
   [Ada]          spark-tests.ads
   [Ada]          spark-tests-array_lemmas.adb
   [Ada]          spark-pointers.ads
gnat1: invalid switch: -gnat2022
gnat1: invalid switch: -gnat2022
gnat1: invalid switch: -gnat2022
gnat1: invalid switch: -gnat2022

   compilation of spark.ads failed
   compilation of spark-pointers.ads failed
   compilation of spark-tests-array_lemmas.adb failed
   compilation of spark-tests.ads failed

gprbuild: *** compilation phase failed
stderr: Command ["gprbuild", "-s", "-j0", "-p", "-P", "D:\a\alire-crates-ci\alire-crates-ci\test\c2f61583-d8df-41bc-9411-396a28d547fc\sparklib_15.1.0_dc7cd02b\sparklib.gpr", "-cargs:Ada", "-gnatwn"] exited with code 4
ERROR: Command ["gprbuild", "-s", "-j0", "-p", "-P", "D:\a\alire-crates-ci\alire-crates-ci\test\c2f61583-d8df-41bc-9411-396a28d547fc\sparklib_15.1.0_dc7cd02b\sparklib.gpr", "-cargs:Ada", "-gnatwn"] exited with code 4
stderr: ALIRE.CHECKED_ERROR
stderr: Command ["gprbuild", "-s", "-j0", "-p", "-P", "D:\a\alire-crates-ci\alire-crates-ci\test\c2f61583-d8df-41bc-9411-396a28d547fc\sparklib_15.1.0_dc7cd02b\sparklib.gpr", "-cargs:Ada", "-gnatwn"] exited with code 4
stderr: raised ALIRE.CHECKED_ERROR : alire-stored-error:1
[D:\a\alire-crates-ci\alire-crates-ci\alire_install\bin\alr.exe]
0x7ff79458da2a Semantic_Versioning.Basic.Restrictions.First_Index at alire.adb:284
0x7ff79418595b Semantic_Versioning.Basic.Restrictions.First_Index at alire-os_lib-subprocess.adb:111
0x7ff79443cba1 Semantic_Versioning.Basic.Restrictions.First_Index at alire-spawn.adb:22
0x7ff79443dd5d Semantic_Versioning.Basic.Restrictions.First_Index at alire-spawn.adb:68
0x7ff794362d64 Semantic_Versioning.Basic.Restrictions.First_Index at alire-roots.adb:189
0x7ff7943611da Semantic_Versioning.Basic.Restrictions.First_Index at alire-roots.adb:255
0x7ff79438912d Semantic_Versioning.Basic.Restrictions.First_Index at alire-roots.adb:2143
0x7ff7943f82f9 Semantic_Versioning.Basic.Restrictions.First_Index at alire-solutions.adb:1472
0x7ff7943f7424 Semantic_Versioning.Basic.Restrictions.First_Index at alire-solutions.adb:1555
0x7ff79438922c Semantic_Versioning.Basic.Restrictions.First_Index at alire-roots.adb:2147
0x7ff7943892fa Semantic_Versioning.Basic.Restrictions.First_Index at alire-roots.adb:2127
0x7ff7943617a7 Semantic_Versioning.Basic.Restrictions.First_Index at alire-roots.adb:286
0x7ff794361912 Semantic_Versioning.Basic.Restrictions.First_Index at alire-roots.adb:114
0x7ff793ad3baa Semantic_Versioning.Basic.Restrictions.First_Index at alr-commands-build.adb:145
0x7ff793ad341e Semantic_Versioning.Basic.Restrictions.First_Index at alr-commands-build.adb:113
0x7ff793ad35ba Semantic_Versioning.Basic.Restrictions.First_Index at alr-commands-build.adb:54
0x7ff793b85dea Semantic_Versioning.Basic.Restrictions.First_Index at clic-subcommand-instance.adb:749
0x7ff793b92b0e Semantic_Versioning.Basic.Restrictions.First_Index at alr-commands.adb:632
0x7ff793a616a0 Alr.Main at alr-main.adb:13
0x7ff793a65270 Main at b__alr-main.adb:2454
0x7ff793a6133e __tmainCRTStartup at ???
0x7ff793a61144 mainCRTStartup at ???
[C:\Windows\System32\KERNEL32.DLL]
0x7ffc0363e8d5
[C:\Windows\SYSTEM32\ntdll.dll]
0x7ffc04a4c53a

stderr: ALIRE.ROOTS.BUILD._WRAPPED_STATEMENTS.BUILD_FAILED
stderr: alire-roots.adb:202
stderr: raised ALIRE.ROOTS.BUILD._WRAPPED_STATEMENTS.BUILD_FAILED : alire-roots.adb:202
[D:\a\alire-crates-ci\alire-crates-ci\alire_install\bin\alr.exe]
0x7ff79436313c Semantic_Versioning.Basic.Restrictions.First_Index at alire-roots.adb:202
0x7ff7943611da Semantic_Versioning.Basic.Restrictions.First_Index at alire-roots.adb:255
0x7ff79438912d Semantic_Versioning.Basic.Restrictions.First_Index at alire-roots.adb:2143
0x7ff7943f82f9 Semantic_Versioning.Basic.Restrictions.First_Index at alire-solutions.adb:1472
0x7ff7943f7424 Semantic_Versioning.Basic.Restrictions.First_Index at alire-solutions.adb:1555
0x7ff79438922c Semantic_Versioning.Basic.Restrictions.First_Index at alire-roots.adb:2147
0x7ff7943892fa Semantic_Versioning.Basic.Restrictions.First_Index at alire-roots.adb:2127
0x7ff7943617a7 Semantic_Versioning.Basic.Restrictions.First_Index at alire-roots.adb:286
0x7ff794361912 Semantic_Versioning.Basic.Restrictions.First_Index at alire-roots.adb:114
0x7ff793ad3baa Semantic_Versioning.Basic.Restrictions.First_Index at alr-commands-build.adb:145
0x7ff793ad341e Semantic_Versioning.Basic.Restrictions.First_Index at alr-commands-build.adb:113
0x7ff793ad35ba Semantic_Versioning.Basic.Restrictions.First_Index at alr-commands-build.adb:54
0x7ff793b85dea Semantic_Versioning.Basic.Restrictions.First_Index at clic-subcommand-instance.adb:749
0x7ff793b92b0e Semantic_Versioning.Basic.Restrictions.First_Index at alr-commands.adb:632
0x7ff793a616a0 Alr.Main at alr-main.adb:13
0x7ff793a65270 Main at b__alr-main.adb:2454
0x7ff793a6133e __tmainCRTStartup at ???
0x7ff793a61144 mainCRTStartup at ???
[C:\Windows\System32\KERNEL32.DLL]
0x7ffc0363e8d5
[C:\Windows\SYSTEM32\ntdll.dll]
0x7ffc04a4c53a

ERROR: Compilation failed.
