Test ran at 2026-08-31 13:15:11.972110+00:00

SOLUTION:
a0b_callbacks=0.2.0: A0B Callbacks
Origin: commit aaca17d9134068f1d8e3ca2cda771a45d5577d14 from https://github.com/godunko/a0b-callbacks.git
Properties:
   Author: Vadim Godunko
   Configuration: no modifiers
   Description: A0B Callbacks
   License: Apache-2.0 WITH LLVM-exception
   Maintainer: Vadim Godunko <vgodunko@gmail.com>
   Maintainers_Logins: godunko
   Name: a0b_callbacks
   Project_File: gnat/a0b_callbacks.gpr
   Tag: a0b
   Tag: callbacks
   Version: 0.2.0
   Website: https://github.com/godunko/a0b-callbacks
Dependencies (direct):
   a0b_base*
Dependencies (solution):
   a0b_base=0.5.0
Dependencies (graph):
   a0b_callbacks=0.2.0 --> a0b_base=0.5.0 (*)


LOG:
[alr test] Testing a0b_callbacks=0.2.0
[alr test] Spawning retrieval for remote crate: alr -d -n get a0b_callbacks=0.2.0
Note: Deploying a0b_callbacks=0.2.0...

a0b_callbacks=0.2.0 successfully retrieved.
Dependencies were solved as follows:

   + a0b_base 0.5.0 (new)
[alr test] Spawning default test for remote crate: alr -d -n build --release -- -cargs:Ada -gnatwn
Note: Building a0b_callbacks=0.2.0/gnat/a0b_callbacks.gpr...
"C:\Users\runneradmin\AppData\Local\alire\cache\builds\a0b_base_0.5.0_882bbc92\731d9ae868125e2bcda29faceadef8ddcf8bee0b2dfbcb511d88793f760b7167\.objs\x86_64-windows\none" created
"C:\Users\runneradmin\AppData\Local\alire\cache\builds\a0b_base_0.5.0_882bbc92\731d9ae868125e2bcda29faceadef8ddcf8bee0b2dfbcb511d88793f760b7167\.libs\x86_64-windows\none" created
"..\.objs\x86_64-windows\none" created
[Ada Compile]     a0b-peripherals.ads
[Ada Compile]     a0b-types-arrays.ads
[Ada Compile]     a0b-types-big_endian.adb
[Ada Compile]     a0b-types-enumerable.ads
[Ada Compile]     a0b-types-gcc_builtins.ads
[Ada Compile]     a0b-types-svd.ads
a0b-types-big_endian.adb:10:04: warning: "Unsigned_64" is already use-visible through previous use_type_clause at a0b-types.ads:297 [-gnatwr]
a0b-types-big_endian.adb:10:04: warning: use clause for type "Unsigned_64" defined at a0b-types.ads:88 has no effect [-gnatwu]
[Ada Compile]     a0b-types.ads
[Ada Compile]     a0b.ads
[Ada Compile]     a0b-callbacks-generic_discrete.adb
[Ada Compile]     a0b-callbacks-generic_dispatching.adb
[Ada Compile]     a0b-callbacks-generic_non_dispatching.adb
[Ada Compile]     a0b-callbacks-generic_parameterless.adb
[Archive]         liba0b_base.a
[Ada Compile]     a0b-callbacks-generic_subprogram.adb
[Ada Compile]     a0b-callbacks.adb
Success: Build finished successfully in 2.31 seconds.
Found declared GPR file: gnat/a0b_callbacks.gpr
[alr test] Test completed SUCCESSFULLY
