Test ran at 2026-06-05 14:11:10.534640+00:00

SOLUTION:
wisitoken=4.2.1: Generalized error correcting LALR and packrat parser generator
Origin: commit dc7784862bce719a6d8c0b3527df1e9bc54fd028 from https://git.savannah.nongnu.org/git/ada-mode.git
Properties:
   case OS is
      when Windows => Post_Fetch run: dos2unix memory/s-memory.adb (from ${CRATE_ROOT}/.)
   Author: Stephen Leake
   Description: Generalized error correcting LALR and packrat parser generator
   Executable: wisitoken-bnf-generate.exe
   License: GPL-3.0-or-later
   Maintainer: Stephen Leake <stephen_leake@stephe-leake.org>
   Maintainers_Logins: stephe-ada-guru
   Name: wisitoken
   Project_File: build/wisitoken_alire.gpr
   Project_File: build/wisitoken_alire_mains.gpr
   Tag: parser
   Tag: generator
   Tag: generalized
   Version: 4.2.1
   Website: https://stephe-leake.org/ada/wisitoken.html
Dependencies (direct):
   gnat(>=11 & <2000) | >=2021
   gnatcoll^22.0.0
   stephes_ada_library~3.7.2
Dependencies (solution):
   gnat=15.2.1 (gnat_native)
   gnatcoll=22.0.0
   libgpr=22.0.0
   stephes_ada_library=3.7.3
   xmlada=22.0.0
Dependencies (graph):
   gnatcoll=22.0.0           --> libgpr=22.0.0 (~22.0.0)
   libgpr=22.0.0             --> gnat=15.2.1 (gnat_native) (/=2020)
   libgpr=22.0.0             --> xmlada=22.0.0 (~22.0.0)
   stephes_ada_library=3.7.3 --> gnat=15.2.1 (gnat_native) ((>=11 & <2000) | >=2021)
   wisitoken=4.2.1           --> gnat=15.2.1 (gnat_native) ((>=11 & <2000) | >=2021)
   wisitoken=4.2.1           --> gnatcoll=22.0.0 (^22.0.0)
   wisitoken=4.2.1           --> stephes_ada_library=3.7.3 (~3.7.2)
   xmlada=22.0.0             --> gnat=15.2.1 (gnat_native) (>=11)


LOG:
[alr test] Testing wisitoken=4.2.1
[alr test] Spawning retrieval for remote crate: alr -d -n get wisitoken=4.2.1
Note: Deploying wisitoken=4.2.1...
warning: remote HEAD refers to nonexistent ref, unable to checkout
Note: Deploying stephes_ada_library=3.7.3...
warning: remote HEAD refers to nonexistent ref, unable to checkout
Note: Deploying libgpr=22.0.0...
#=#=#                                                                         
##O#-#                                                                        
##O=#  #                                                                      
#=#=-#  #                                                                     
 #=#=-#   #                                                                   
Note: Deploying gnatcoll=22.0.0...
#=#=#                                                                         
##O#-#                                                                        
##O=#  #                                                                      
#-#O=#  #                                                                     

wisitoken=4.2.1 successfully retrieved.
Dependencies were solved as follows:

   +b gnat                15.2.1 (new,gnat_native,binary)
   +  gnatcoll            22.0.0 (new)
   +  libgpr              22.0.0 (new,indirect)
   +  stephes_ada_library 3.7.3  (new)
   +  xmlada              22.0.0 (new,indirect)
[alr test] Spawning default test for remote crate: alr -d -n build --release -- -cargs:Ada -gnatwn
Note: Building wisitoken=4.2.1/build/wisitoken_alire.gpr (1/2)...
gnatcoll.gpr:254:07: warning: value "windows" is not used as label
Setup
   [mkdir]        object directory for project GPR
   [mkdir]        library directory for project GPR
   [mkdir]        object directory for project GnatColl
   [mkdir]        library directory for project GnatColl
   [mkdir]        object directory for project Stephes_Ada_Library
   [mkdir]        exec directory for project Stephes_Ada_Library
   [mkdir]        object directory for project Wisitoken_Alire
   [mkdir]        library directory for project Wisitoken_Alire
Compile
   [Ada]          sal-endianness.ads
   [Ada]          sal-gen_unbounded_definite_queues-gen_image_aux.adb
   [Ada]          sal-gen_bounded_definite_vectors-gen_image_aux.adb
   [Ada]          sal-generic_fixed_image.adb
   [Ada]          long_float_elementary_functions.ads
   [Ada]          sal-gen_indefinite_doubly_linked_lists-gen_image_aux.adb
   [Ada]          sal-text_io_utils.adb
   [Ada]          sal-network_order-gen_scalar_64.adb
   [Ada]          sal-gen_unbounded_definite_vectors-gen_image_aux.adb
   [Ada]          sal-gen_bounded_definite_vectors_sorted.adb
   [Ada]          sal-long_float_stats.ads
   [Ada]          sal-gen_array_image.adb
   [Ada]          sal-gen_bounded_definite_queues.adb
   [Ada]          sal-gen_graphs.adb
   [Ada]          sal-gen_bounded_definite_doubly_linked_lists.adb
   [Ada]          sal-generic_float_image.adb
   [Ada]          sal-generic_hex_value.adb
   [Ada]          sal-config_files-integer.ads
   [Ada]          sal-generic_binary_image.adb
   [Ada]          sal-gen_unconstrained_array_image.adb
   [Ada]          sal-gen_unbounded_definite_vectors-gen_comparable.adb
   [Ada]          sal-time_conversions.adb
   [Ada]          sal-gen_bounded_definite_vectors-gen_image.adb
   [Ada]          sal-config_files-boolean.ads
   [Ada]          sal-gen_unbounded_definite_red_black_trees-gen_print_tree.adb
   [Ada]          sal-gen_histogram.adb
   [Ada]          sal-gen_unbounded_definite_vectors-gen_protected.adb
   [Ada]          sal-gen_bounded_definite_stacks.adb
   [Ada]          sal-gen_bounded_definite_vectors_sorted-gen_refs.adb
   [Ada]          sal-gen_stats.adb
   [Ada]          sal-unix_text_io.adb
   [Ada]          sal-gen_unbounded_definite_stacks-gen_image_aux.adb
   [Ada]          sal-gen_bounded_definite_doubly_linked_lists-gen_image_aux.adb
   [Ada]          sal-network_order.adb
   [Ada]          sal-gen_unbounded_definite_vectors-gen_image.adb
   [Ada]          sal-gen_definite_doubly_linked_lists_sorted-gen_image.adb
   [Ada]          sal-gen_definite_doubly_linked_lists-gen_image_aux.adb
   [Ada]          sal-gen_bounded_definite_vectors-gen_refs.adb
   [Ada]          sal-command_line_io.adb
   [Ada]          sal-gen_unbounded_indefinite_vectors.adb
   [Ada]          sal-calendar_more.ads
   [Ada]          sal-gen_bounded_definite_vectors_sorted-gen_image_aux.adb
   [Ada]          sal-gen_trimmed_image.adb
   [Ada]          sal-gen_definite_doubly_linked_lists_sorted.adb
   [Ada]          sal-network_order-gen_scalar_32.adb
   [Ada]          ada_calendar_config.adb
   [Ada]          sal-csv.adb
   [Ada]          sal-gen_indefinite_doubly_linked_lists_sorted_aux.adb
   [Ada]          sal-gen_unconstrained_array_image_aux.adb
   [Ada]          sal-gen_indefinite_doubly_linked_lists.adb
sal-time_conversions.ads:263:51: warning: instance uses predefined, not primitive, operator "mod" at line 97
   [Ada]          sal-web_utils.adb
   [Ada]          sal-gen_bounded_definite_stacks-gen_image_aux.adb
   [Ada]          sal-generic_decimal_image_unsigned.adb
   [Ada]          sal-generic_hex_image.adb
   [Ada]          sal-gen_unbounded_definite_vectors.adb
   [Ada]          sal-gen_histogram-gen_gnuplot.adb
   [Ada]          sal-gen_unbounded_definite_min_heaps_fibonacci.adb
   [Ada]          sal-gen_definite_doubly_linked_lists-gen_image.adb
   [Ada]          sal-gen_stats-gen_image.adb
   [Ada]          sal-config_files.adb
   [Ada]          sal-gen_unbounded_definite_queues.adb
   [Ada]          ada_config.ads
   [Ada]          sal-interfaces_more-images.ads
   [Ada]          sal-config_files-duration.ads
   [Ada]          sal-memory_streams.adb
   [Ada]          sal-file_names.adb
   [Ada]          ada_strings_unbounded_text_io.adb
   [Ada]          sal-gen_definite_doubly_linked_lists_ref_count.adb
   [Ada]          sal-generic_decimal_image.adb
   [Ada]          sal-ada_containers-gen_doubly_linked_lists_image.adb
   [Ada]          sal-interfaces_more.adb
   [Ada]          sal-gen_randomize_doubly_linked_lists.adb
   [Ada]          sal-gen_bounded_definite_vectors.adb
   [Ada]          sal-gen_unbounded_definite_hash_tables.adb
   [Ada]          sal-config_files-port.ads
   [Ada]          sal-interfaces_more-config.ads
   [Ada]          sal-gen_definite_doubly_linked_lists.adb
   [Ada]          sal-gen_unbounded_definite_min_heaps_binary.adb
   [Ada]          sal-ada_containers.ads
   [Ada]          sal-long_float_stats-image.ads
   [Ada]          sal-gen_unbounded_definite_red_black_trees.adb
   [Ada]          sal-gen_trimmed_image_unsigned.adb
   [Ada]          sal-gen_unbounded_sparse_ordered_sets.adb
   [Ada]          sal-time_conversions-config.ads
   [Ada]          sal-gen_unbounded_indefinite_queues.adb
   [Ada]          sal.adb
   [Ada]          sal-gen_unbounded_definite_vectors_sorted.adb
   [Ada]          sal-gen_unbounded_definite_stacks.adb
   [C]            gpr_imports.c
   [Ada]          gpr-ali.adb
   [Ada]          gpr-tempdir.adb
   [Ada]          gpr-pp.adb
sal-time_conversions-config.ads:35:74: warning: instance uses predefined, not primitive, operator "mod" at sal-time_conversions.ads:97
sal-time_conversions-config.ads:36:83: warning: instance uses predefined, not primitive, operator "mod" at sal-time_conversions.ads:97
sal-time_conversions-config.ads:38:77: warning: instance uses predefined, not primitive, operator "mod" at sal-time_conversions.ads:97
   [Ada]          gpr-proc.adb
   [Ada]          gpr-compilation-process.adb
   [Ada]          gpr-names.adb
   [Ada]          gpr-nmsc.adb
   [Ada]          gpr-script.adb
   [Ada]          gpr-debug.adb
   [Ada]          gpr-knowledge.adb
   [Ada]          gpr-conf.adb
   [Ada]          gpr-sinput.adb
   [Ada]          gpr-erroutc.adb
   [Ada]          gpr-output.adb
   [Ada]          gpr-cset.adb
   [Ada]          gpr-part.adb
   [Ada]          gpr-tree.adb
   [Ada]          gpr-com.ads
   [Ada]          gpr-ext.adb
   [Ada]          gpr-attr-pm.adb
   [Ada]          gpr-sdefault.ads
   [Ada]          gpr-strt.adb
gpr-sdefault.ads:25:06: warning: "System.OS_Constants" is an internal GNAT unit [-gnatwi]
gpr-sdefault.ads:25:06: warning: use of this unit is non-portable and version-dependent [-gnatwi]
   [Ada]          gpr-env.adb
   [Ada]          gpr-compilation-sync.adb
   [Ada]          gpr-dect.adb
   [Ada]          gpr-compilation-process-waiter.adb
   [Ada]          gpr-err.adb
   [Ada]          gpr-compilation-slave.adb
   [Ada]          gpr-scans.adb
   [Ada]          gpr-compilation.adb
   [Ada]          gpr-osint.adb
gpr-osint.adb:32:06: warning: "System.CRTL" is an internal GNAT unit [-gnatwi]
gpr-osint.adb:32:06: warning: use of this unit is non-portable and version-dependent [-gnatwi]
gpr-osint.adb:33:06: warning: "System.OS_Constants" is an internal GNAT unit [-gnatwi]
gpr-osint.adb:33:06: warning: use of this unit is non-portable and version-dependent [-gnatwi]
   [Ada]          gpr-snames.adb
   [Ada]          gpr-opt.ads
   [Ada]          gpr.adb
   [Ada]          gpr-version.adb
   [Ada]          gpr-compilation-protocol.adb
   [Ada]          gpr-util.adb
   [Ada]          gpr-attr.adb
gpr-attr.adb:1515:10: warning: unreachable code [enabled by default]
gpr-attr.adb:1523:10: warning: unreachable code [enabled by default]
gpr-attr.adb:1567:10: warning: unreachable code [enabled by default]
gpr-attr.adb:1575:10: warning: unreachable code [enabled by default]
gpr-attr.adb:1595:13: warning: unreachable code [enabled by default]
gpr-attr.adb:1648:13: warning: unreachable code [enabled by default]
gpr-attr.adb:1661:19: warning: unreachable code [enabled by default]
gpr-attr.adb:1698:10: warning: unreachable code [enabled by default]
gpr-attr.adb:1709:13: warning: unreachable code [enabled by default]
gpr-attr.adb:1725:16: warning: unreachable code [enabled by default]
   [Ada]          gpr-util-aux.adb
   [Ada]          gpr_build_util.adb
gpr-util-aux.adb:250:13: warning: aspect Unreferenced specified for "Success" [enabled by default]
   [C]            process-wrappers.c
   [C]            libc-wrappers.c
   [C]            gnatcoll_support.c
   [C]            executable_path.c
   [C]            set_std_prefix.c
   [C]            getRSS.c
   [C]            update_path.c
   [C]            link_max.c
   [C]            objlist_file.c
   [C]            separate_run_path_option.c
   [C]            run_path_option.c
   [C]            terminals.c
   [Ada]          gnatcoll-os-libc-stat.ads
   [Ada]          gnatcoll-os-libc-dirent.ads
   [Ada]          gnatcoll-os-libc.ads
   [Ada]          gnatcoll-os-libc-spawn.ads
   [Ada]          gnatcoll-paragraph_filling-words.adb
   [Ada]          gnatcoll-paragraph_filling-badnesses.adb
   [Ada]          gnatcoll-paragraph_filling.adb
   [Ada]          gnatcoll-os-process.adb
   [Ada]          gnatcoll-os-fs.adb
   [Ada]          gnatcoll-os-dir.adb
   [Ada]          gnatcoll-os-stat.adb
   [Ada]          gnatcoll-os.ads
   [Ada]          gnatcoll-email-utils.adb
gnatcoll-os-process-wait__unix.adb:29:04: warning: use clause for type "Uint_32" defined at gnatcoll-os-libc.ads:33 has no effect [-gnatwu]
   [Ada]          gnatcoll-projects-aux.adb
   [Ada]          gnatcoll-vfs_types.ads
   [Ada]          gnatcoll-arg_lists.adb
   [Ada]          gnatcoll-path.adb
gpr-util.adb:1160:25: warning: aspect Unreferenced specified for "Position" [enabled by default]
gpr-util.adb:1161:25: warning: aspect Unreferenced specified for "Inserted" [enabled by default]
gpr-util.adb:3330:26: warning: aspect Unreferenced specified for "Success" [enabled by default]
gpr-util.adb:3366:36: warning: aspect Unreferenced specified for "Success" [enabled by default]
gpr-util.adb:3388:36: warning: aspect Unreferenced specified for "Success" [enabled by default]
gpr-util.adb:3392:36: warning: aspect Unreferenced specified for "Success" [enabled by default]
   [Ada]          gnatcoll-remote.ads
   [Ada]          gnatcoll-geometry.adb
   [Ada]          gnatcoll-projects.adb
   [Ada]          gnatcoll-io-native.adb
   [Ada]          gnatcoll-io-remote.adb
   [Ada]          gnatcoll-atomic.adb
   [Ada]          gnatcoll-io.adb
   [Ada]          gnatcoll-strings_impl.adb
   [Ada]          gnatcoll-format_columns_vertical.ads
gnatcoll-io-remote.adb:854:62: warning: aspect Unreferenced specified for "Dead" [enabled by default]
   [Ada]          gnatcoll-email.adb
   [Ada]          gnatcoll-mmap.adb
   [Ada]          gnatcoll-io-remote-unix.adb
   [Ada]          gnatcoll-scripts-impl.adb
gnatcoll-io-remote-unix.adb:409:36: warning: aspect Unreferenced specified for "Status" [enabled by default]
gnatcoll-io-remote-unix.adb:434:36: warning: aspect Unreferenced specified for "Status" [enabled by default]
   [Ada]          gnatcoll-utils.adb
   [Ada]          gnatcoll-traces.adb
gnatcoll-utils.adb:642:34: warning: aspect Unreferenced specified for "Result" [enabled by default]
   [Ada]          gnatcoll-promises.adb
   [Ada]          gnatcoll-remote-db.adb
   [Ada]          gnatcoll-json-utility.adb
   [Ada]          gnatcoll-refcount.adb
gnatcoll-refcount.ads:90:04: warning: in instantiation at gnatcoll-storage_pools-headers.adb:57 [enabled by default]
gnatcoll-refcount.ads:90:04: warning: possible aliasing problem for type "Header_Access" [enabled by default]
gnatcoll-refcount.ads:90:04: warning: use -fno-strict-aliasing switch for references [enabled by default]
gnatcoll-refcount.ads:90:04: warning: or use "pragma No_Strict_Aliasing (Header_Access);" [enabled by default]
   [Ada]          gnatcoll-scripts-projects.adb
   [Ada]          gnatcoll-string_list_builders.adb
   [Ada]          gnatcoll-storage_pools-headers.adb
   [Ada]          gnatcoll-config.adb
   [Ada]          gnatcoll-pools.adb
   [Ada]          gnatcoll-scripts-utils.adb
   [Ada]          gnatcoll-tribooleans.adb
   [Ada]          gnatcoll-memory.adb
   [Ada]          gnatcoll-io-remote-windows.adb
   [Ada]          gnatcoll-scripts-files.adb
   [Ada]          gnatcoll-wstring_list_builders.adb
gnatcoll-io-remote-windows.adb:496:36: warning: aspect Unreferenced specified for "Status" [enabled by default]
   [Ada]          gnatcoll-templates.adb
   [Ada]          gnatcoll-coders-streams.adb
   [Ada]          gnatcoll-coders.adb
gnatcoll-scripts-files.ads:25:06: warning: unnecessary with of ancestor [-gnatwr]
   [Ada]          gnatcoll-storage_pools.ads
   [Ada]          gnatcoll-symbols.adb
   [Ada]          gnatcoll-strings.ads
   [Ada]          gnatcoll-scripts.adb
   [Ada]          gnatcoll-email-mailboxes.adb
   [Ada]          gnatcoll-email-parser.adb
   [Ada]          gnatcoll-coders-base64.adb
   [Ada]          gnatcoll-json.adb
   [Ada]          gnatcoll-formatters.adb
   [Ada]          gnatcoll-projects-normalize.adb
   [Ada]          gnatcoll-scripts-shell.adb
   [Ada]          gnatcoll-refcount-weakref.adb
   [Ada]          gnatcoll-vfs.adb
   [Ada]          gnatcoll-storage_pools-alignment.adb
   [Ada]          gnatcoll-opt_parse.adb
   [Ada]          gnatcoll-asserts.adb
   [Ada]          gnatcoll-vfs_utils.adb
gnatcoll-scripts-shell.adb:38:06: warning: unnecessary with of ancestor [-gnatwr]
   [Ada]          gnatcoll-wstring_builders.adb
   [Ada]          gnatcoll-string_builders.adb
   [Ada]          gnatcoll.ads
   [Ada]          gnatcoll-locks.adb
   [Ada]          gnatcoll-damerau_levenshtein_generic.adb
   [Ada]          gnatcoll-damerau_levenshtein_distance.ads
   [Ada]          gnatcoll-any_types.adb
   [Ada]          gnatcoll-boyer_moore.adb
   [Ada]          gnatcoll-projects-krunch.adb
   [Ada]          gnatcoll-terminal.adb
   [Ada]          gnatcoll-mmap-system__unix.adb
   [Ada]          gnatcoll-plugins__unix.adb
   [Ada]          gnatcoll-os-process_types__unix.adb
   [Ada]          gnatcoll-os-constants__unix.ads
   [Ada]          gnatcoll-os-dir_types__unix.ads
   [Ada]          gnatcoll-os-libc_constants__linux.ads
   [C]            wisitoken_grammar_re2c.c
   [Ada]          s-memory.adb
   [Ada]          wisitoken_config.ads
   [Ada]          wisitoken-syntax_trees.adb
   [Ada]          wisitoken-text_io_trace.adb
   [Ada]          wisitoken-bnf-output_elisp_common.adb
   [Ada]          wisitoken-bnf-utils.adb
   [Ada]          wisitoken_grammar_runtime.adb
   [Ada]          wisitoken-parse-lr.adb
   [Ada]          wisitoken-generate-lr-lr1_generate.adb
   [Ada]          wisitoken-followed_by.adb
   [Ada]          wisitoken-generate-packrat.adb
   [Ada]          wisitoken-generate-lr-lalr_generate.adb
   [Ada]          wisitoken-parse-packrat-procedural.adb
   [Ada]          wisitoken-parse-tree_sitter.adb
   [Ada]          wisitoken-lexer.adb
   [Ada]          wisitoken-bnf-generate_packrat.adb
gnatcoll-projects.adb:38:09: warning: unit "Ada.Unchecked_Conversion" is not referenced [-gnatwu]
   [Ada]          wisitoken-in_parse_actions.adb
   [Ada]          wisitoken-lexer-re2c.adb
   [Ada]          wisitoken-parse-lr-mckenzie_recover-parse.adb
   [Ada]          wisitoken-generate.adb
   [Ada]          wisitoken-lexer-regexp.adb
   [Ada]          wisitoken-wisi_ada.adb
   [Ada]          wisitoken-bnf.adb
   [Ada]          wisitoken-generate-lr.adb
   [Ada]          wisitoken-gen_token_enum.adb
   [Ada]          wisitoken.adb
   [Ada]          wisitoken-bnf-output_ada_emacs.adb
   [Ada]          wisitoken-parse-lr-parser_lists.adb
   [Ada]          wisitoken-parse-lr-mckenzie_recover-explore.adb
   [Ada]          wisitoken_grammar_actions.adb
   [Ada]          wisitoken-parse-packrat.adb
   [Ada]          wisitoken-parse-lr-mckenzie_recover-base.adb
   [Ada]          wisitoken_grammar_editing.adb
   [Ada]          wisitoken-parse-lr-mckenzie_recover.adb
   [Ada]          wisitoken-bnf-generate_utils.adb
   [Ada]          wisitoken-syntax_trees-lr_utils.adb
   [Ada]          wisitoken-utf_8.adb
   [Ada]          wisitoken_grammar_re2c_c.ads
   [Ada]          wisitoken-parse-lr-parser.adb
   [Ada]          wisitoken-bnf-generate_grammar.adb
   [Ada]          wisitoken-parse-lr-parser_no_recover.adb
   [Ada]          wisitoken-generate-lr1_items.adb
   [Ada]          wisitoken-productions.adb
   [Ada]          wisitoken-bnf-output_ada.adb
   [Ada]          wisitoken-regexp.adb
   [Ada]          wisitoken-parse-packrat-generated.adb
   [Ada]          wisitoken-generate-tree_sitter.adb
   [Ada]          wisitoken-bnf-output_ada_common.adb
   [Ada]          recover_stats.adb
   [Ada]          wisitoken-parse.adb
   [Ada]          wisitoken_grammar_main.adb
Build Libraries
   [gprlib]       gpr.lexch
   [gprlib]       gnatcoll.lexch
   [archive]      libgpr.a
   [index]        libgpr.a
   [gprlib]       Wisitoken.lexch
   [archive]      libgnatcoll.a
   [index]        libgnatcoll.a
   [archive]      libWisitoken.a
   [index]        libWisitoken.a
Note: Building wisitoken=4.2.1/build/wisitoken_alire_mains.gpr (2/2)...
gnatcoll.gpr:254:07: warning: value "windows" is not used as label
Setup
   [mkdir]        exec directory for project WisiToken_Alire_Mains
Compile
   [Ada]          wisitoken-bnf-generate.adb
Bind
   [gprbind]      wisitoken-bnf-generate.bexch
   [Ada]          wisitoken-bnf-generate.ali
Link
   [link]         wisitoken-bnf-generate.adb
Success: Build finished successfully in 190.35 seconds.
Found declared GPR file: build/wisitoken_alire.gpr
Found declared GPR file: build/wisitoken_alire_mains.gpr
[alr test] Test completed SUCCESSFULLY
