Test ran at 2025-05-25 12:25:43.420468+00:00

SOLUTION:
automate=3.0.0: Ada finite-state machine generator
Origin: commit b83dfb7701b9f27aaa2c6b40467c99c55f1ee92f from https://github.com/Blady-Com/Automate.git
Properties:
   Author: Pascal Pignard
   Description: Ada finite-state machine generator
   Executable: genauto
   case OS is
      when Macos => GPR External: GENAUTO_LINKER_FLAGS := -Wl,-no_pie
   License: CECILL-2.1
   Maintainer: Pascal Pignard <blady.net@orange.fr>
   Maintainers_Logins: Blady-Com
   Name: automate
   Tag: automaton
   Tag: generator
   Version: 3.0.0
   Website: https://github.com/Blady-Com/Automate
Dependencies (direct):
   uxstrings>=0.6
Dependencies (solution):
   gnat=14.2.1 (gnat_native)
   libgnutls=3.8.9
   simple_components=4.68.0
   unixodbc=2.3.12
   uxstrings=0.6.0+alpha-20231007
Dependencies (graph):
   automate=3.0.0                 --> uxstrings=0.6.0+alpha-20231007 (>=0.6)
   simple_components=4.68.0       --> gnat=14.2.1 (gnat_native) (>=2021 | (>=12 & <2000))
   simple_components=4.68.0       --> libgnutls=3.8.9 (^3.7)
   simple_components=4.68.0       --> unixodbc=2.3.12 (^2.3)
   uxstrings=0.6.0+alpha-20231007 --> gnat=14.2.1 (gnat_native) (>=2021 | (>=12 & <2000))
   uxstrings=0.6.0+alpha-20231007 --> simple_components=4.68.0 (^4.62.0)


LOG:
Spawning: alr -d -n get --build automate=3.0.0
Note: Deploying automate=3.0.0...
Note: Deploying unixodbc=2.3.12...
The system package 'unixodbc' is about to be installed.
This action might require admin privileges and impact your system installation.
Do you want Alire to install this system package?
Using default: Yes
[34m==>[0m [1mDownloading https://ghcr.io/v2/homebrew/core/unixodbc/manifests/2.3.12[0m
[32m==>[0m [1mFetching dependencies for unixodbc: [32mm4[39m and [32mlibtool[39m[0m
[34m==>[0m [1mDownloading https://ghcr.io/v2/homebrew/core/m4/manifests/1.4.19[0m
[32m==>[0m [1mFetching [32mm4[39m[0m
[34m==>[0m [1mDownloading https://ghcr.io/v2/homebrew/core/m4/blobs/sha256:f42d89db519a07d67bcaead6c8dfb2da45e8266bebb996dd8b3f19b1ca13b8a0[0m
[34m==>[0m [1mDownloading https://ghcr.io/v2/homebrew/core/libtool/manifests/2.5.4[0m
[32m==>[0m [1mFetching [32mlibtool[39m[0m
[34m==>[0m [1mDownloading https://ghcr.io/v2/homebrew/core/libtool/blobs/sha256:b78cea0747889cff2d5d5308cf2cfebef93f8fe3a5ad87cbadb5ee16f8dbc6a6[0m
[32m==>[0m [1mFetching [32munixodbc[39m[0m
[34m==>[0m [1mDownloading https://ghcr.io/v2/homebrew/core/unixodbc/blobs/sha256:4984c5ec2cd0ddc6393cfd60e42bc5748e3dc173750b74b2113de9b17c864c9a[0m
[32m==>[0m [1mInstalling dependencies for unixodbc: [32mm4[39m and [32mlibtool[39m[0m
[32m==>[0m [1mInstalling unixodbc dependency: [32mm4[39m[0m
[34m==>[0m [1mDownloading https://ghcr.io/v2/homebrew/core/m4/manifests/1.4.19[0m
Already downloaded: /Users/runner/Library/Caches/Homebrew/downloads/5b2a7f715487b7377e409e8ca58569040cd89f33859f691210c58d94410fd33b--m4-1.4.19.bottle_manifest.json
[34m==>[0m [1mPouring m4--1.4.19.arm64_sonoma.bottle.tar.gz[0m
🍺  /opt/homebrew/Cellar/m4/1.4.19: 14 files, 728.7KB
[32m==>[0m [1mInstalling unixodbc dependency: [32mlibtool[39m[0m
[34m==>[0m [1mDownloading https://ghcr.io/v2/homebrew/core/libtool/manifests/2.5.4[0m
Already downloaded: /Users/runner/Library/Caches/Homebrew/downloads/caf68ff95c648186998b530b6be93ecb50b17ff8e55d0531c81a5b9456cf2887--libtool-2.5.4.bottle_manifest.json
[34m==>[0m [1mPouring libtool--2.5.4.arm64_sonoma.bottle.tar.gz[0m
🍺  /opt/homebrew/Cellar/libtool/2.5.4: 76 files, 4.0MB
[32m==>[0m [1mInstalling [32munixodbc[39m[0m
[34m==>[0m [1mPouring unixodbc--2.3.12.arm64_sonoma.bottle.tar.gz[0m
🍺  /opt/homebrew/Cellar/unixodbc/2.3.12: 48 files, 2.3MB
Note: Deploying simple_components=4.68.0...
Note: Deploying uxstrings=0.6.0+alpha-20231007...
Note: Building automate=3.0.0/automate.gpr...
Setup
   [mkdir]        object directory for project Lib_UXStrings3
   [mkdir]        library directory for project Lib_UXStrings3
   [mkdir]        object directory for project Automate
   [mkdir]        exec directory for project Automate
Compile
   [Ada]          genauto.adb
   [Ada]          robot.adb
   [Ada]          uxstrings-hash.adb
robot.adb:24:15: warning: "Ok" modified by call, but value might not be referenced [-gnatw.o]
   [Ada]          uxstrings-hash_case_insensitive.adb
   [Ada]          uxstrings-lists.adb
   [Ada]          uxstrings-formatting.adb
   [Ada]          uxstrings-text_io-text_streams.adb
   [Ada]          uxstrings-conversions.adb
   [Ada]          uxstrings3.adb
   [Ada]          uxstrings-text_io1.adb
uxstrings-text_io1.adb:253:21: warning: formal parameter "File" is not referenced [-gnatwf]
uxstrings-text_io1.adb:253:46: warning: formal parameter "Mode" is not referenced [-gnatwf]
uxstrings-text_io1.adb:255:36: warning: Reset unimplemented [enabled by default]
uxstrings-text_io1.adb:263:21: warning: formal parameter "File" is not referenced [-gnatwf]
uxstrings-text_io1.adb:265:36: warning: Reset unimplemented [enabled by default]
uxstrings-text_io1.adb:463:21: warning: formal parameter "File" is not referenced [-gnatwf]
uxstrings-text_io1.adb:465:36: warning: Flush unimplemented [enabled by default]
uxstrings-text_io1.adb:475:36: warning: Flush unimplemented [enabled by default]
uxstrings-text_io1.adb:483:31: warning: formal parameter "File" is not referenced [-gnatwf]
uxstrings-text_io1.adb:483:52: warning: formal parameter "To" is not referenced [-gnatwf]
uxstrings-text_io1.adb:485:36: warning: Set_Line_Length unimplemented [enabled by default]
uxstrings-text_io1.adb:493:31: warning: formal parameter "To" is not referenced [-gnatwf]
uxstrings-text_io1.adb:495:36: warning: Set_Line_Length unimplemented [enabled by default]
uxstrings-text_io1.adb:503:31: warning: formal parameter "File" is not referenced [-gnatwf]
uxstrings-text_io1.adb:503:52: warning: formal parameter "To" is not referenced [-gnatwf]
uxstrings-text_io1.adb:505:36: warning: Set_Page_Length unimplemented [enabled by default]
uxstrings-text_io1.adb:513:31: warning: formal parameter "To" is not referenced [-gnatwf]
uxstrings-text_io1.adb:515:36: warning: Set_Page_Length unimplemented [enabled by default]
uxstrings-text_io1.adb:523:26: warning: formal parameter "File" is not referenced [-gnatwf]
uxstrings-text_io1.adb:525:36: warning: Line_Length unimplemented [enabled by default]
uxstrings-text_io1.adb:535:36: warning: Line_Length unimplemented [enabled by default]
uxstrings-text_io1.adb:543:26: warning: formal parameter "File" is not referenced [-gnatwf]
uxstrings-text_io1.adb:545:36: warning: Page_Length unimplemented [enabled by default]
uxstrings-text_io1.adb:555:36: warning: Page_Length unimplemented [enabled by default]
uxstrings-text_io1.adb:565:48: warning: array aggregate using () is an obsolescent syntax, use [] instead [-gnatwj]
uxstrings-text_io1.adb:565:93: warning: array aggregate using () is an obsolescent syntax, use [] instead [-gnatwj]
uxstrings-text_io1.adb:677:24: warning: formal parameter "File" is not referenced [-gnatwf]
uxstrings-text_io1.adb:679:36: warning: New_Page unimplemented [enabled by default]
uxstrings-text_io1.adb:689:36: warning: New_Page unimplemented [enabled by default]
uxstrings-text_io1.adb:697:25: warning: formal parameter "File" is not referenced [-gnatwf]
uxstrings-text_io1.adb:699:36: warning: Skip_Page unimplemented [enabled by default]
uxstrings-text_io1.adb:709:36: warning: Skip_Page unimplemented [enabled by default]
uxstrings-text_io1.adb:717:26: warning: formal parameter "File" is not referenced [-gnatwf]
uxstrings-text_io1.adb:719:36: warning: End_Of_Page unimplemented [enabled by default]
uxstrings-text_io1.adb:729:36: warning: End_Of_Page unimplemented [enabled by default]
uxstrings-text_io1.adb:739:36: warning: Page_Mark unimplemented [enabled by default]
uxstrings-text_io1.adb:774:23: warning: formal parameter "File" is not referenced [-gnatwf]
uxstrings-text_io1.adb:774:44: warning: formal parameter "To" is not referenced [-gnatwf]
uxstrings-text_io1.adb:776:36: warning: Set_Col unimplemented [enabled by default]
uxstrings-text_io1.adb:784:23: warning: formal parameter "To" is not referenced [-gnatwf]
uxstrings-text_io1.adb:786:36: warning: Set_Col unimplemented [enabled by default]
uxstrings-text_io1.adb:794:24: warning: formal parameter "File" is not referenced [-gnatwf]
uxstrings-text_io1.adb:794:45: warning: formal parameter "To" is not referenced [-gnatwf]
uxstrings-text_io1.adb:796:36: warning: Set_Line unimplemented [enabled by default]
uxstrings-text_io1.adb:804:24: warning: formal parameter "To" is not referenced [-gnatwf]
uxstrings-text_io1.adb:806:36: warning: Set_Line unimplemented [enabled by default]
uxstrings-text_io1.adb:814:18: warning: formal parameter "File" is not referenced [-gnatwf]
uxstrings-text_io1.adb:816:36: warning: Col unimplemented [enabled by default]
uxstrings-text_io1.adb:826:36: warning: Col unimplemented [enabled by default]
uxstrings-text_io1.adb:834:19: warning: formal parameter "File" is not referenced [-gnatwf]
uxstrings-text_io1.adb:836:36: warning: Line unimplemented [enabled by default]
uxstrings-text_io1.adb:846:36: warning: Line unimplemented [enabled by default]
uxstrings-text_io1.adb:854:19: warning: formal parameter "File" is not referenced [-gnatwf]
uxstrings-text_io1.adb:856:36: warning: Page unimplemented [enabled by default]
uxstrings-text_io1.adb:866:36: warning: Page unimplemented [enabled by default]
   [Ada]          robseq.adb
uxstrings3.adb:28:06: warning: array aggregate using () is an obsolescent syntax, use [] instead [-gnatwj]
uxstrings3.adb:37:90: warning: formal parameter "Item" is not referenced [-gnatwf]
uxstrings3.adb:39:36: warning: UXString_Read unimplemented [enabled by default]
uxstrings3.adb:176:66: warning: array aggregate using () is an obsolescent syntax, use [] instead [-gnatwj]
uxstrings3.adb:189:28: warning: array aggregate using () is an obsolescent syntax, use [] instead [-gnatwj]
uxstrings3.adb:246:28: warning: array aggregate using () is an obsolescent syntax, use [] instead [-gnatwj]
uxstrings3.adb:301:28: warning: array aggregate using () is an obsolescent syntax, use [] instead [-gnatwj]
uxstrings3.adb:355:28: warning: array aggregate using () is an obsolescent syntax, use [] instead [-gnatwj]
   [Ada]          strings_edit.adb
robseq.adb:184:30: warning: "Event" modified by call, but value might not be referenced [-gnatw.o]
robseq.adb:184:37: warning: "EventDes" modified by call, but value might not be referenced [-gnatw.o]
robseq.adb:184:37: warning: "EventDes" may be referenced before it has a value [enabled by default]
   [Ada]          strings_edit-integer_edit.adb
   [Ada]          basicdef.adb
   [Ada]          insrc.adb
   [Ada]          outsrc.adb
   [Ada]          srcseq.adb
   [Ada]          strings_edit-utf8.adb
   [Ada]          eventmgr.adb
eventmgr.adb:11:07: warning: literal "F5" is not referenced [-gnatwu]
eventmgr.adb:12:07: warning: literal "F6" is not referenced [-gnatwu]
eventmgr.adb:13:07: warning: literal "F7" is not referenced [-gnatwu]
eventmgr.adb:14:07: warning: literal "F8" is not referenced [-gnatwu]
eventmgr.adb:15:07: warning: literal "F9" is not referenced [-gnatwu]
eventmgr.adb:16:07: warning: literal "F10" is not referenced [-gnatwu]
eventmgr.adb:17:07: warning: literal "F11" is not referenced [-gnatwu]
eventmgr.adb:18:07: warning: literal "F12" is not referenced [-gnatwu]
eventmgr.adb:19:07: warning: literal "Ins" is not referenced [-gnatwu]
eventmgr.adb:20:07: warning: literal "Del" is not referenced [-gnatwu]
eventmgr.adb:21:07: warning: literal "Home" is not referenced [-gnatwu]
eventmgr.adb:22:07: warning: literal "EndKey" is not referenced [-gnatwu]
eventmgr.adb:23:07: warning: literal "PgDown" is not referenced [-gnatwu]
eventmgr.adb:24:07: warning: literal "PgUp" is not referenced [-gnatwu]
insrc.adb:40:04: warning: constant "Asciinak" is not referenced [-gnatwu]
insrc.adb:50:04: warning: constant "Chiffrecharset" is not referenced [-gnatwu]
insrc.adb:51:04: warning: constant "Hexacharset" is not referenced [-gnatwu]
srcseq.adb:1212:17: warning: "Event" modified by call, but value might not be referenced [-gnatw.o]
srcseq.adb:1212:24: warning: "Token" modified by call, but value might not be referenced [-gnatw.o]
Build Libraries
   [gprlib]       uxstrings.lexch
   [archive]      libuxstrings.a
   [index]        libuxstrings.a
Bind
   [gprbind]      genauto.bexch
   [gprbind]      robot.bexch
   [Ada]          genauto.ali
   [Ada]          robot.ali
Link
   [link]         genauto.adb
   [link]         robot.adb
ld: warning: -no_pie is deprecated when targeting new OS versions
ld: warning: -no_pie ignored for arm64
ld: warning: -no_pie is deprecated when targeting new OS versions
ld: warning: -no_pie ignored for arm64

automate=3.0.0 successfully retrieved and built.
Dependencies were solved as follows:

   +b gnat              14.2.1               (new,gnat_native,indirect,binary)
   +b libgnutls         3.8.9                (new,indirect,system package)
   +  simple_components 4.68.0               (new,indirect)
   +b unixodbc          2.3.12               (new,indirect,system package)
   +  uxstrings         0.6.0+alpha-20231007 (new)
Found declared GPR file: automate.gpr
