Test ran at 2026-09-01 12:50:19.128135+00:00

SOLUTION:
astro=1.4.1: Library for astronomical calculations
Origin: commit 1e325c980699230765379fbdf0a57db1c14ddc44 from https://github.com/jpuente/almanac.git
Properties:
   Author: Juan A. de la Puente
   Description: Library for astronomical calculations
   License: GPL-3.0-or-later
   Maintainer: Juan A. de la Puente <juan.de.la.puente@upm.es>
   Maintainers_Logins: jpuente
   Name: astro
   Tag: astronomy
   Tag: sun
   Tag: moon
   Tag: planets
   Version: 1.4.1
   Website: https://github.com/jpuente/almanac/tree/master/astro
Dependencies (direct):
   ephemeris~1.2.0
Dependencies (solution):
   ephemeris=1.2.0
   resources=0.1.0
Dependencies (graph):
   astro=1.4.1     --> ephemeris=1.2.0 (~1.2.0)
   ephemeris=1.2.0 --> resources=0.1.0 (~0.1.0)


LOG:
Failed to locate log
