Test ran at 2026-06-20 13:20:14.509651+00:00

SOLUTION:
adacl=7.1.0: Ada Class Library: Strings, Tracing, AUnit, Smart Pointers, Getopt
Origin: source archive adacl-7.1.0.tgz at https://sourceforge.net/projects/adacl/files/Alire/adacl-7.1.0.tgz with hashes sha256:75293ae0e9c80dd0f428c4677d817eb4145f310a4fc83ce440649ee9e473f184, sha512:861e982747347dc2fd10d5aa287a95783cd2b9343cd011a0d8fa88d7e10543f3b18760506f40e9c7fc99f85692c44595de54d013b58184aa69b9ff7ccea19818
Properties:
   Author: Martin Krischik <krischik@users.sourceforge.net>
   Build Switches: 
   Description: Ada Class Library: Strings, Tracing, AUnit, Smart Pointers, Getopt
   License: GPL-3.0-or-later
   Long_Description: A versatile Ada 2022 class library for robust application development.

Features:
- Getopt: Command-line argument parser with wide character support
- Strings: Utilities for String, Wide_String, and Wide_Wide_String
- Calendar: Time and date utilities with wide character support
- Tracing: Diagnostic trace utility with wide character support
- Protected Queue: Supports finish, wait, and abort operations
- Smart Pointers:
  - Reference-counted pointers
  - Unique pointers (C++-style)
  - Shared pointers (C++-style)

Related crates:
- AUnit: AUnit-Compatible Assertions for access, array, discrete, floating-point, fixed-point, decimal, and vector types
- EAStrings: Encoding-aware string utilities
- RegEx: SPITBOL-inspired pattern matching and regular expressions for String, Wide_String, and Wide_Wide_String
- SAR: Text search and replace for String, Wide_String, and Wide_Wide_String

Source: [SourceForge](https://sourceforge.net/p/adacl/git/ci/master/tree/adacl/src/)
Documentation: [GNATdoc](https://adacl.sourceforge.net/gnatdoc/adacl/index.html)

   Maintainer: Martin Krischik <krischik@users.sourceforge.net>
   Maintainers_Logins: krischik
   Name: adacl
   Tag: library
   Tag: command-line
   Tag: trace
   Tag: logging
   Tag: string
   Tag: aunit
   Tag: assert
   Tag: container
   Tag: smart-pointer
   Tag: ada2022
   Version: 7.1.0
   Website: https://sourceforge.net/projects/adacl/


LOG:
[alr test] Testing adacl=7.1.0
[alr test] Spawning retrieval for remote crate: alr -d -n get adacl=7.1.0
Note: Deploying adacl=7.1.0...

######################################################################## 100.0%
######################################################################## 100.0%
######################################################################## 100.0%
######################################################################## 100.0%
#=#=#                                                                          
##=#=#                                                                         
####################################                                      50.6%
######################################################################## 100.0%

adacl=7.1.0 successfully retrieved.
There are no dependencies.
[alr test] Spawning default test for remote crate: alr -d -n build --release -- -cargs:Ada -gnatwn
Note: Building adacl=7.1.0/adacl.gpr...
Setup
   [mkdir]        object directory for project AdaCL
   [mkdir]        library directory for project AdaCL
Compile
   [Ada]          adacl_config.ads
   [Ada]          adacl-os-to_wide_wide_string.adb
   [Ada]          adacl-os-to_utf_string.adb
   [Ada]          adacl-os-low_level.ads
gnat1: invalid switch: -gnat2022
gnat1: invalid switch: -gnat2022
gnat1: invalid switch: -gnat2022
gnat1: invalid switch: -gnat2022

   compilation of adacl-os-low_level.ads failed
   compilation of adacl-os-to_utf_string.adb failed
   compilation of adacl-os-to_wide_wide_string.adb failed
   compilation of adacl_config.ads failed

gprbuild: *** compilation phase failed
stderr: Command ["gprbuild", "-s", "-j0", "-p", "-P", "D:\a\alire-crates-ci\alire-crates-ci\test\da28dead-a2e5-400f-afbd-31f7cf244f64\adacl_7.1.0_75293ae0\adacl.gpr", "-cargs:Ada", "-gnatwn"] exited with code 4
ERROR: Command ["gprbuild", "-s", "-j0", "-p", "-P", "D:\a\alire-crates-ci\alire-crates-ci\test\da28dead-a2e5-400f-afbd-31f7cf244f64\adacl_7.1.0_75293ae0\adacl.gpr", "-cargs:Ada", "-gnatwn"] exited with code 4
stderr: ALIRE.CHECKED_ERROR
stderr: Command ["gprbuild", "-s", "-j0", "-p", "-P", "D:\a\alire-crates-ci\alire-crates-ci\test\da28dead-a2e5-400f-afbd-31f7cf244f64\adacl_7.1.0_75293ae0\adacl.gpr", "-cargs:Ada", "-gnatwn"] exited with code 4
stderr: raised ALIRE.CHECKED_ERROR : alire-stored-error:1
[D:\a\alire-crates-ci\alire-crates-ci\alire_install\bin\alr.exe]
0x7ff7a89ada2a Semantic_Versioning.Basic.Restrictions.First_Index at alire.adb:284
0x7ff7a85a595b Semantic_Versioning.Basic.Restrictions.First_Index at alire-os_lib-subprocess.adb:111
0x7ff7a885cba1 Semantic_Versioning.Basic.Restrictions.First_Index at alire-spawn.adb:22
0x7ff7a885dd5d Semantic_Versioning.Basic.Restrictions.First_Index at alire-spawn.adb:68
0x7ff7a8782d64 Semantic_Versioning.Basic.Restrictions.First_Index at alire-roots.adb:189
0x7ff7a87811da Semantic_Versioning.Basic.Restrictions.First_Index at alire-roots.adb:255
0x7ff7a87a912d Semantic_Versioning.Basic.Restrictions.First_Index at alire-roots.adb:2143
0x7ff7a88182f9 Semantic_Versioning.Basic.Restrictions.First_Index at alire-solutions.adb:1472
0x7ff7a8817424 Semantic_Versioning.Basic.Restrictions.First_Index at alire-solutions.adb:1555
0x7ff7a87a922c Semantic_Versioning.Basic.Restrictions.First_Index at alire-roots.adb:2147
0x7ff7a87a92fa Semantic_Versioning.Basic.Restrictions.First_Index at alire-roots.adb:2127
0x7ff7a87817a7 Semantic_Versioning.Basic.Restrictions.First_Index at alire-roots.adb:286
0x7ff7a8781912 Semantic_Versioning.Basic.Restrictions.First_Index at alire-roots.adb:114
0x7ff7a7ef3baa Semantic_Versioning.Basic.Restrictions.First_Index at alr-commands-build.adb:145
0x7ff7a7ef341e Semantic_Versioning.Basic.Restrictions.First_Index at alr-commands-build.adb:113
0x7ff7a7ef35ba Semantic_Versioning.Basic.Restrictions.First_Index at alr-commands-build.adb:54
0x7ff7a7fa5dea Semantic_Versioning.Basic.Restrictions.First_Index at clic-subcommand-instance.adb:749
0x7ff7a7fb2b0e Semantic_Versioning.Basic.Restrictions.First_Index at alr-commands.adb:632
0x7ff7a7e816a0 Alr.Main at alr-main.adb:13
0x7ff7a7e85270 Main at b__alr-main.adb:2454
0x7ff7a7e8133e __tmainCRTStartup at ???
0x7ff7a7e81144 mainCRTStartup at ???
[C:\Windows\System32\KERNEL32.DLL]
0x7ffb88e5e8d5
[C:\Windows\SYSTEM32\ntdll.dll]
0x7ffb8a48c53a

stderr: ALIRE.ROOTS.BUILD._WRAPPED_STATEMENTS.BUILD_FAILED
stderr: alire-roots.adb:202
stderr: raised ALIRE.ROOTS.BUILD._WRAPPED_STATEMENTS.BUILD_FAILED : alire-roots.adb:202
[D:\a\alire-crates-ci\alire-crates-ci\alire_install\bin\alr.exe]
0x7ff7a878313c Semantic_Versioning.Basic.Restrictions.First_Index at alire-roots.adb:202
0x7ff7a87811da Semantic_Versioning.Basic.Restrictions.First_Index at alire-roots.adb:255
0x7ff7a87a912d Semantic_Versioning.Basic.Restrictions.First_Index at alire-roots.adb:2143
0x7ff7a88182f9 Semantic_Versioning.Basic.Restrictions.First_Index at alire-solutions.adb:1472
0x7ff7a8817424 Semantic_Versioning.Basic.Restrictions.First_Index at alire-solutions.adb:1555
0x7ff7a87a922c Semantic_Versioning.Basic.Restrictions.First_Index at alire-roots.adb:2147
0x7ff7a87a92fa Semantic_Versioning.Basic.Restrictions.First_Index at alire-roots.adb:2127
0x7ff7a87817a7 Semantic_Versioning.Basic.Restrictions.First_Index at alire-roots.adb:286
0x7ff7a8781912 Semantic_Versioning.Basic.Restrictions.First_Index at alire-roots.adb:114
0x7ff7a7ef3baa Semantic_Versioning.Basic.Restrictions.First_Index at alr-commands-build.adb:145
0x7ff7a7ef341e Semantic_Versioning.Basic.Restrictions.First_Index at alr-commands-build.adb:113
0x7ff7a7ef35ba Semantic_Versioning.Basic.Restrictions.First_Index at alr-commands-build.adb:54
0x7ff7a7fa5dea Semantic_Versioning.Basic.Restrictions.First_Index at clic-subcommand-instance.adb:749
0x7ff7a7fb2b0e Semantic_Versioning.Basic.Restrictions.First_Index at alr-commands.adb:632
0x7ff7a7e816a0 Alr.Main at alr-main.adb:13
0x7ff7a7e85270 Main at b__alr-main.adb:2454
0x7ff7a7e8133e __tmainCRTStartup at ???
0x7ff7a7e81144 mainCRTStartup at ???
[C:\Windows\System32\KERNEL32.DLL]
0x7ffb88e5e8d5
[C:\Windows\SYSTEM32\ntdll.dll]
0x7ffb8a48c53a

ERROR: Compilation failed.
