Test ran at 2026-09-12 01:29:46.613134+00:00

SOLUTION:
tresses=4.0.0: Synth library inspired by Mutable Instruments Braids
Origin: commit 42149a2496b5361abd0605b81db33a305e97f307 from https://github.com/wee-noise-maker/tresses.git
Properties:
   Author: Fabien Chouteau
   Build Switches: 
   Config type: Code_Linker_Section : String default: ''
   Config type: Resources_Linker_Section : String default: ''
   Config type: Sample_Rate : Enum (SR8000, SR11025, SR16000, SR22050, SR32000, SR44100, SR48000) default: 'SR44100'
   Configuration: no modifiers
   Description: Synth library inspired by Mutable Instruments Braids
   License: MIT OR Apache-2.0 WITH LLVM-exception
   Maintainer: Fabien Chouteau <fabien.chouteau@gmail.com>
   Maintainers_Logins: Fabien-Chouteau
   Name: tresses
   Tag: embedded
   Tag: audio
   Tag: synthesis
   Tag: nostd
   Version: 4.0.0
   Website: https://weenoisemaker.com/
Dependencies (direct):
   midi^1.0.0
Dependencies (solution):
   atomic=1.1.0
   bbqueue=1.0.0
   gnat=15.3.1 (gnat_native)
   hal=1.0.0
   midi=1.0.0
Dependencies (graph):
   bbqueue=1.0.0 --> atomic=1.1.0 (^1.0.0)
   bbqueue=1.0.0 --> gnat=15.3.1 (gnat_native) (>=10)
   midi=1.0.0    --> bbqueue=1.0.0 (^1.0.0)
   midi=1.0.0    --> gnat=15.3.1 (gnat_native) (>=11)
   midi=1.0.0    --> hal=1.0.0 (^1.0.0)
   tresses=4.0.0 --> midi=1.0.0 (^1.0.0)


LOG:
[alr test] Testing tresses=4.0.0
[alr test] Spawning retrieval for remote crate: alr -d -n get tresses=4.0.0
Note: Deploying tresses=4.0.0...
Note: Deploying midi=1.0.0...

tresses=4.0.0 successfully retrieved.
Dependencies were solved as follows:

   +  atomic  1.1.0  (new,indirect)
   +  bbqueue 1.0.0  (new,indirect)
   +b gnat    15.3.1 (new,gnat_native,indirect,binary)
   +  hal     1.0.0  (new,indirect)
   +  midi    1.0.0  (new)
[alr test] Spawning default test for remote crate: alr -d -n build --release -- -cargs:Ada -gnatwn
Note: Building tresses=4.0.0/tresses.gpr...
"C:\Users\runneradmin\AppData\Local\alire\cache\builds\hal_1.0.0_084c6412\80c667a14c0bbb0e2f7f185d159ae83222559bacb1087172cc6e81c0134d5570\obj" created
"C:\Users\runneradmin\AppData\Local\alire\cache\builds\hal_1.0.0_084c6412\80c667a14c0bbb0e2f7f185d159ae83222559bacb1087172cc6e81c0134d5570\lib" created
"C:\Users\runneradmin\AppData\Local\alire\cache\builds\atomic_1.1.0_5e6250a0\63d3d96ef63eefed2345a54971edd7be389c82b7f83075d8f5771d779c9af854\obj\release" created
"C:\Users\runneradmin\AppData\Local\alire\cache\builds\atomic_1.1.0_5e6250a0\63d3d96ef63eefed2345a54971edd7be389c82b7f83075d8f5771d779c9af854\lib" created
"C:\Users\runneradmin\AppData\Local\alire\cache\builds\bbqueue_1.0.0_f508818c\fab8d4f246a6e74db85304e61ca102cf73184fdfac6c399967d5b4dd13d02783\obj\release" created
"C:\Users\runneradmin\AppData\Local\alire\cache\builds\bbqueue_1.0.0_f508818c\fab8d4f246a6e74db85304e61ca102cf73184fdfac6c399967d5b4dd13d02783\lib" created
"C:\Users\runneradmin\AppData\Local\alire\cache\builds\midi_1.0.0_34d3ed89\b6196929966495bf0e08f06a3bbaeab2c96757a73fd847e3115c885b7341195f\obj\release" created
"C:\Users\runneradmin\AppData\Local\alire\cache\builds\midi_1.0.0_34d3ed89\b6196929966495bf0e08f06a3bbaeab2c96757a73fd847e3115c885b7341195f\lib" created
"obj\release" created
"lib" created
tresses-voices-808_bass.ads: warning: unit name "TRESSES.VOICES.BASS_808" does not match source name. The source will be ignored.
[Ada Compile]     atomic-basic_operations.adb
[Ada Compile]     atomic-signed.adb
[Ada Compile]     atomic-signed_16.ads
[Ada Compile]     atomic-signed_32.ads
[Ada Compile]     atomic-signed_8.ads
[Ada Compile]     atomic-unsigned.adb
[Ada Compile]     atomic-unsigned_16.ads
[Ada Compile]     atomic-unsigned_32.ads
[Ada Compile]     atomic-unsigned_8.ads
[Ada Compile]     atomic.adb
[Ada Compile]     atomic_config.ads
[Ada Compile]     bbqueue-buffers-framed.adb
[Ada Compile]     bbqueue-buffers.adb
[Ada Compile]     bbqueue.adb
[Ada Compile]     bbqueue_config.ads
[Archive]         libAtomic.a
[Ada Compile]     hal-audio.ads
[Ada Compile]     hal-bitmap.ads
[Ada Compile]     hal-block_drivers.ads
[Ada Compile]     hal-dsi.ads
[Archive]         libBbqueue.a
[Ada Compile]     hal-filesystem.ads
[Ada Compile]     hal-flash.ads
[Ada Compile]     hal-framebuffer.ads
[Ada Compile]     hal-gpio.ads
[Ada Compile]     hal-i2c.ads
[Ada Compile]     hal-real_time_clock.ads
[Ada Compile]     hal-sdmmc.adb
[Ada Compile]     hal-spi.ads
[Ada Compile]     hal-time.ads
[Ada Compile]     hal-touch_panel.ads
[Ada Compile]     hal-uart.ads
[Ada Compile]     hal.ads
[Ada Compile]     midi-decoder-queue.adb
[Ada Compile]     midi-decoder.adb
[Ada Compile]     midi-encoder-queue.adb
[Archive]         libhal.a
[Ada Compile]     midi-encoder.adb
[Ada Compile]     midi-time-generic_clock.adb
[Ada Compile]     midi-time.ads
[Ada Compile]     midi.adb
[Ada Compile]     midi_config.ads
[Ada Compile]     tresses-analog_oscillator.adb
[Ada Compile]     tresses-drums-bell.adb
[Ada Compile]     tresses-drums-clap.adb
[Archive]         libmidi.a
[Ada Compile]     tresses-drums-cymbal.adb
[Ada Compile]     tresses-drums-generic_sample_hats.adb
[Ada Compile]     tresses-drums-generic_sample_hats_half_rate.adb
[Ada Compile]     tresses-drums-hh_505_sampled.ads
[Ada Compile]     tresses-drums-hh_707_sampled.ads
[Ada Compile]     tresses-drums-hh_808_sampled.ads
[Ada Compile]     tresses-drums-hh_909_sampled.ads
[Ada Compile]     tresses-drums-hh_acoustic_sampled.ads
[Ada Compile]     tresses-drums-hh_cr78_sampled.ads
[Ada Compile]     tresses-drums-hh_lm2_sampled.ads
[Ada Compile]     tresses-drums-hh_mrk2_sampled.ads
[Ada Compile]     tresses-drums-kick.adb
[Ada Compile]     tresses-drums-macro.adb
[Ada Compile]     tresses-drums-percussion.adb
[Ada Compile]     tresses-drums-snare.adb
[Ada Compile]     tresses-drums-wave_clic_kick.adb
[Ada Compile]     tresses-drums-wave_kick.adb
[Ada Compile]     tresses-drums-wave_snare.adb
[Ada Compile]     tresses-drums.ads
[Ada Compile]     tresses-dsp.adb
[Ada Compile]     tresses-envelopes-ar.adb
[Ada Compile]     tresses-envelopes.ads
[Ada Compile]     tresses-excitation.adb
[Ada Compile]     tresses-fft-fixed.adb
[Ada Compile]     tresses-fft.ads
[Ada Compile]     tresses-filters-ladder.adb
[Ada Compile]     tresses-filters-svf.adb
[Ada Compile]     tresses-filters.ads
[Ada Compile]     tresses-fx-bitcrusher.adb
[Ada Compile]     tresses-fx-delay_line.adb
[Ada Compile]     tresses-fx-overdrive.adb
[Ada Compile]     tresses-fx-reverb.adb
[Ada Compile]     tresses-fx-voice-stereo_bitcrusher.adb
[Ada Compile]     tresses-fx-voice-stereo_filter.adb
[Ada Compile]     tresses-fx-voice-stereo_overdrive.adb
[Ada Compile]     tresses-fx-voice-stereo_reverb.adb
[Ada Compile]     tresses-fx-voice.ads
[Ada Compile]     tresses-fx.ads
[Ada Compile]     tresses-interfaces.adb
[Ada Compile]     tresses-lfo.adb
[Ada Compile]     tresses-macro.adb
[Ada Compile]     tresses-phase_distortion_oscillator.adb
[Ada Compile]     tresses-random.adb
[Ada Compile]     tresses-resources--SR44100.ads
[Ada Compile]     tresses-samples-sample_505_close.ads
[Ada Compile]     tresses-samples-sample_505_close_half_rate.ads
[Ada Compile]     tresses-samples-sample_505_open.ads
[Ada Compile]     tresses-samples-sample_505_open_half_rate.ads
[Ada Compile]     tresses-samples-sample_707hh_close.ads
[Ada Compile]     tresses-samples-sample_707hh_close_half_rate.ads
[Ada Compile]     tresses-samples-sample_707hh_open.ads
[Ada Compile]     tresses-samples-sample_707hh_open_half_rate.ads
[Ada Compile]     tresses-samples-sample_808_close.ads
[Ada Compile]     tresses-samples-sample_808_close_half_rate.ads
[Ada Compile]     tresses-samples-sample_808_open.ads
[Ada Compile]     tresses-samples-sample_808_open_half_rate.ads
[Ada Compile]     tresses-samples-sample_909hh_close.ads
[Ada Compile]     tresses-samples-sample_909hh_close_half_rate.ads
[Ada Compile]     tresses-samples-sample_909hh_open.ads
[Ada Compile]     tresses-samples-sample_909hh_open_half_rate.ads
[Ada Compile]     tresses-samples-sample_acoustic_close.ads
[Ada Compile]     tresses-samples-sample_acoustic_close_half_rate.ads
[Ada Compile]     tresses-samples-sample_acoustic_open.ads
[Ada Compile]     tresses-samples-sample_acoustic_open_half_rate.ads
[Ada Compile]     tresses-samples-sample_cr78_close.ads
[Ada Compile]     tresses-samples-sample_cr78_close_half_rate.ads
[Ada Compile]     tresses-samples-sample_cr78_open.ads
[Ada Compile]     tresses-samples-sample_cr78_open_half_rate.ads
[Ada Compile]     tresses-samples-sample_lm2_close.ads
[Ada Compile]     tresses-samples-sample_lm2_close_half_rate.ads
[Ada Compile]     tresses-samples-sample_lm2_open.ads
[Ada Compile]     tresses-samples-sample_lm2_open_half_rate.ads
[Ada Compile]     tresses-samples-sample_mrk2_close.ads
[Ada Compile]     tresses-samples-sample_mrk2_close_half_rate.ads
[Ada Compile]     tresses-samples-sample_mrk2_open.ads
[Ada Compile]     tresses-samples-sample_mrk2_open_half_rate.ads
[Ada Compile]     tresses-samples.ads
[Ada Compile]     tresses-voices-acid.adb
[Ada Compile]     tresses-voices-analog_macro.adb
[Ada Compile]     tresses-voices-bass_808.adb
[Ada Compile]     tresses-voices-chip_echo.adb
[Ada Compile]     tresses-voices-chip_phaser.adb
[Ada Compile]     tresses-voices-chip_portamento.adb
[Ada Compile]     tresses-voices-fm_op2.adb
[Ada Compile]     tresses-voices-house_bass.adb
[Ada Compile]     tresses-voices-macro.adb
[Ada Compile]     tresses-voices-phase_distortion.adb
[Ada Compile]     tresses-voices-phase_distortion_instantiations.ads
[Ada Compile]     tresses-voices-pluck.adb
[Ada Compile]     tresses-voices-pluck_bass.adb
[Ada Compile]     tresses-voices-plucked.adb
[Ada Compile]     tresses-voices-reese.adb
[Ada Compile]     tresses-voices-sand.adb
[Ada Compile]     tresses-voices-saw_swarm.adb
[Ada Compile]     tresses-voices-screech.adb
[Ada Compile]     tresses-voices-wave_echo.adb
[Ada Compile]     tresses-voices-wave_phaser.adb
[Ada Compile]     tresses-voices-wave_pluck.adb
[Ada Compile]     tresses-voices-wave_portamento.adb
[Ada Compile]     tresses-voices.ads
[Ada Compile]     tresses.adb
[Ada Compile]     tresses_config.ads
[Archive]         libTresses.a
Success: Build finished successfully in 13.98 seconds.
Found declared GPR file: tresses.gpr
[alr test] Test completed SUCCESSFULLY
