Test ran at 2025-07-28 12:25:20.297650+00:00

SOLUTION:
gnat_arm_elf=15.1.2: The GNAT Ada compiler - ARM cross-compiler
Provides: gnat=15.1.2
Origin: (case OS is Linux => (case Host_Arch is Aarch64 => binary archive gnat-arm-elf-linux64-aarch64-15.1.0-2.tar.gz at https://github.com/alire-project/GNAT-FSF-builds/releases/download/gnat-15.1.0-2/gnat-arm-elf-linux64-aarch64-15.1.0-2.tar.gz, X86_64 => binary archive gnat-arm-elf-linux64-x86_64-15.1.0-2.tar.gz at https://github.com/alire-project/GNAT-FSF-builds/releases/download/gnat-15.1.0-2/gnat-arm-elf-linux64-x86_64-15.1.0-2.tar.gz), Macos => (case Host_Arch is Aarch64 => binary archive gnat-arm-elf-darwin-aarch64-15.1.0-2.tar.gz at https://github.com/alire-project/GNAT-FSF-builds/releases/download/gnat-15.1.0-2/gnat-arm-elf-darwin-aarch64-15.1.0-2.tar.gz, X86_64 => binary archive gnat-arm-elf-darwin-x86_64-15.1.0-2.tar.gz at https://github.com/alire-project/GNAT-FSF-builds/releases/download/gnat-15.1.0-2/gnat-arm-elf-darwin-x86_64-15.1.0-2.tar.gz), Windows => (case Host_Arch is X86_64 => binary archive gnat-arm-elf-windows64-x86_64-15.1.0-2.tar.gz at https://github.com/alire-project/GNAT-FSF-builds/releases/download/gnat-15.1.0-2/gnat-arm-elf-windows64-x86_64-15.1.0-2.tar.gz)) with hash sha256:ef34c51bd1e83ba03efe0153a70872ee59d061accccef9d3f56ec6a79d3066e3
Properties:
   Auto_Gpr_With: auto-gpr-with=false
   Configuration: no modifiers
   Description: The GNAT Ada compiler - ARM cross-compiler
   Environment: PATH=${CRATE_ROOT}/bin:${PATH}
   License: GPL-3.0-or-later AND GPL-3.0-or-later WITH GCC-exception-3.1
   Maintainer: chouteau@adacore.com
   Maintainer: sagaert@adacore.com
   Maintainers_Logins: Fabien-Chouteau
   Maintainers_Logins: AldanTanneo
   Name: gnat_arm_elf
   Version: 15.1.2
   Website: https://github.com/alire-project/GNAT-FSF-builds


LOG:
[alr test] Testing gnat_arm_elf=15.1.2
[alr test] Spawning retrieval for remote crate: alr -d -n get gnat_arm_elf=15.1.2
Note: Deploying gnat_arm_elf=15.1.2...

#=#=#                                                                          
##                                                                         3.6%
####                                                                       6.3%
########                                                                  11.7%
############                                                              17.7%
################                                                          22.7%
####################                                                      28.9%
########################                                                  34.2%
############################                                              39.5%
################################                                          45.3%
###################################                                       49.8%
########################################                                  55.6%
#########################################                                 57.1%
############################################                              61.3%
################################################                          67.3%
####################################################                      72.3%
#######################################################                   76.5%
#########################################################                 80.4%
###########################################################               83.0%
#############################################################             85.3%
#############################################################             85.3%
################################################################          89.9%
####################################################################      94.8%
######################################################################## 100.0%

gnat_arm_elf=15.1.2 successfully retrieved.
There are no dependencies.
[alr test] Test completed SUCCESSFULLY
