Test ran at 2025-09-03 00:57:15.345309+00:00

SOLUTION:
gnat_arm_elf=15.1.2: The GNAT Ada compiler - ARM cross-compiler
Provides: gnat=15.1.2
Origin: (case OS is Linux => (case Host_Arch is Aarch64 => binary archive gnat-arm-elf-linux64-aarch64-15.1.0-2.tar.gz at https://github.com/alire-project/GNAT-FSF-builds/releases/download/gnat-15.1.0-2/gnat-arm-elf-linux64-aarch64-15.1.0-2.tar.gz, X86_64 => binary archive gnat-arm-elf-linux64-x86_64-15.1.0-2.tar.gz at https://github.com/alire-project/GNAT-FSF-builds/releases/download/gnat-15.1.0-2/gnat-arm-elf-linux64-x86_64-15.1.0-2.tar.gz), Macos => (case Host_Arch is Aarch64 => binary archive gnat-arm-elf-darwin-aarch64-15.1.0-2.tar.gz at https://github.com/alire-project/GNAT-FSF-builds/releases/download/gnat-15.1.0-2/gnat-arm-elf-darwin-aarch64-15.1.0-2.tar.gz, X86_64 => binary archive gnat-arm-elf-darwin-x86_64-15.1.0-2.tar.gz at https://github.com/alire-project/GNAT-FSF-builds/releases/download/gnat-15.1.0-2/gnat-arm-elf-darwin-x86_64-15.1.0-2.tar.gz), Windows => (case Host_Arch is X86_64 => binary archive gnat-arm-elf-windows64-x86_64-15.1.0-2.tar.gz at https://github.com/alire-project/GNAT-FSF-builds/releases/download/gnat-15.1.0-2/gnat-arm-elf-windows64-x86_64-15.1.0-2.tar.gz)) with hash sha256:f21ddf05a65c954b035f7df4b99e74815fe31b9d2a287c21602099c3cb156c96
Properties:
   Auto_Gpr_With: auto-gpr-with=false
   Configuration: no modifiers
   Description: The GNAT Ada compiler - ARM cross-compiler
   Environment: PATH=${CRATE_ROOT}/bin:${PATH}
   License: GPL-3.0-or-later AND GPL-3.0-or-later WITH GCC-exception-3.1
   Maintainer: chouteau@adacore.com
   Maintainer: sagaert@adacore.com
   Maintainers_Logins: Fabien-Chouteau
   Maintainers_Logins: AldanTanneo
   Name: gnat_arm_elf
   Version: 15.1.2
   Website: https://github.com/alire-project/GNAT-FSF-builds


LOG:
[alr test] Testing gnat_arm_elf=15.1.2
[alr test] Spawning retrieval for remote crate: alr -d -n get gnat_arm_elf=15.1.2
Note: Deploying gnat_arm_elf=15.1.2...
#=#=#                                                                          

                                                                           0.0%
                                                                           1.1%
#                                                                          2.2%
##                                                                         3.1%
##                                                                         4.1%
####                                                                       6.2%
######                                                                     8.7%
#######                                                                   10.3%
########                                                                  11.1%
#########                                                                 13.0%
##########                                                                14.6%
############                                                              16.9%
#############                                                             18.2%
#############                                                             19.2%
##############                                                            20.6%
################                                                          23.1%
##################                                                        25.5%
####################                                                      28.9%
######################                                                    31.0%
########################                                                  33.5%
#########################                                                 36.0%
##########################                                                37.4%
#############################                                             40.8%
###############################                                           43.4%
################################                                          45.2%
##################################                                        47.5%
##################################                                        48.3%
###################################                                       49.0%
####################################                                      50.2%
#####################################                                     52.3%
#######################################                                   55.1%
#########################################                                 57.8%
###########################################                               59.9%
############################################                              62.4%
###############################################                           66.1%
#################################################                         68.1%
#################################################                         68.7%
##################################################                        70.2%
#####################################################                     73.7%
######################################################                    76.4%
#########################################################                 79.4%
##########################################################                81.9%
############################################################              83.9%
#############################################################             84.8%
###############################################################           87.5%
#################################################################         90.3%
##################################################################        92.6%
####################################################################      95.0%
######################################################################    97.7%
#######################################################################   99.1%
######################################################################## 100.0%

gnat_arm_elf=15.1.2 successfully retrieved.
There are no dependencies.
[alr test] Test completed SUCCESSFULLY
