Test ran at 2026-06-11 01:32:21.142742+00:00

SOLUTION:
portable_minimal_ada_rts=1.0.0: Portable Minimal Ada Runtime Library
Origin: commit 77d16d76fec0ce8c791644fb88044317124679f9 from https://github.com/jgrivera67/portable_minimal_ada_rts.git
Properties:
   Author: J. German Rivera
   Description: Portable Minimal Ada Runtime Library
   License: GPL-3.0-or-later WITH GCC-exception-3.1
   Maintainer: J. German Rivera <jgrivera67@gmail.com>
   Maintainers_Logins: jgrivera67
   Name: portable_minimal_ada_rts
   Tag: rts
   Version: 1.0.0
   Website: https://github.com/jgrivera67/portable_minimal_ada_rts


LOG:
[alr test] Testing portable_minimal_ada_rts=1.0.0
[alr test] Spawning retrieval for remote crate: alr -d -n get portable_minimal_ada_rts=1.0.0
Note: Deploying portable_minimal_ada_rts=1.0.0...

portable_minimal_ada_rts=1.0.0 successfully retrieved.
There are no dependencies.
[alr test] Spawning default test for remote crate: alr -d -n build --release -- -cargs:Ada -gnatwn
Note: Building portable_minimal_ada_rts=1.0.0/portable_minimal_ada_rts.gpr...
Setup
   [mkdir]        object directory for project Portable_Minimal_Ada_Rts
   [mkdir]        library directory for project Portable_Minimal_Ada_Rts
Compile
   [Ada]          portable_minimal_ada_rts_config.ads
   [Ada]          portable_minimal_ada_rts.ads
   [Ada]          a-uncdea.ads
   [Ada]          gnat.ads
   [Ada]          s-fatlfl.ads
   [Ada]          s-fatgen.adb
   [Ada]          s-stoele.adb
   [Ada]          s-atacco.adb
   [Ada]          a-except.adb
   [Ada]          s-unstyp.ads
   [Ada]          interfac.ads
   [Ada]          i-c.ads
   [Ada]          s-maccod.ads
   [Ada]          system.ads
   [Ada]          s-fatflt.ads
   [Ada]          a-unccon.ads
   [Ada]          a-assert.adb
   [Ada]          s-fatllf.ads
   [Ada]          g-souinf.ads
   [Ada]          ada.ads
   [Ada]          s-assert.adb
Build Libraries
   [gprlib]       gnat.lexch
   [archive]      libgnat.a
   [index]        libgnat.a
Success: Build finished successfully in 0.49 seconds.
Found declared GPR file: portable_minimal_ada_rts.gpr
[alr test] Test completed SUCCESSFULLY
