Test ran at 2025-08-04 01:09:02.110754+00:00

SOLUTION:
avrada_mcu=2.2.0: Device (MCU) specific definitions for AVR microcontrollers
Origin: commit b6f5cf0d6b9e4981ce79c6ed7f3dd28600c08dbf from https://github.com/RREE/AVRAda_MCU.git
Properties:
   Author: Rolf Ebert
   Description: Device (MCU) specific definitions for AVR microcontrollers
   License: GPL-2.0-or-later WITH GCC-exception-3.1
   Maintainer: Rolf Ebert <rolf.ebert.gcc@gmx.de>
   Maintainers_Logins: RREE
   Name: avrada_mcu
   Tag: avr
   Tag: embedded
   Tag: rts
   Version: 2.2.0
   Website: https://sourceforge.net/projects/avr-ada/
Dependencies (direct):
   avrada_rts^2.0.1
   gnat_avr_elf^11 | ^12.2
Dependencies (solution):
   avrada_rts=2.0.1
   gnat_avr_elf=12.2.1
Dependencies (graph):
   avrada_mcu=2.2.0 --> avrada_rts=2.0.1 (^2.0.1)
   avrada_mcu=2.2.0 --> gnat_avr_elf=12.2.1 (^11 | ^12.2)
   avrada_rts=2.0.1 --> gnat_avr_elf=12.2.1 (^11 | ^12.2)


LOG:
[alr test] Testing avrada_mcu=2.2.0
[alr test] Spawning retrieval for remote crate: alr -d -n get avrada_mcu=2.2.0
Note: Deploying avrada_mcu=2.2.0...
Note: Deploying gnat_avr_elf=12.2.1...
#=#=#                                                                          

                                                                           0.0%
##                                                                         3.7%
###                                                                        4.7%
######                                                                     8.5%
#######                                                                    9.9%
#########                                                                 13.0%
##########                                                                14.0%
############                                                              16.7%
#############                                                             18.6%
################                                                          22.4%
#################                                                         23.9%
###################                                                       27.0%
####################                                                      28.0%
######################                                                    30.9%
#######################                                                   32.5%
########################                                                  34.4%
########################                                                  34.4%
##########################                                                37.2%
############################                                              39.9%
##############################                                            41.8%
################################                                          45.6%
##################################                                        48.4%
###################################                                       49.9%
####################################                                      51.1%
######################################                                    53.8%
########################################                                  55.8%
#########################################                                 57.6%
#########################################                                 57.7%
###########################################                               60.4%
#############################################                             63.8%
##############################################                            65.0%
#################################################                         68.9%
##################################################                        70.2%
####################################################                      73.4%
#####################################################                     74.4%
#######################################################                   77.7%
########################################################                  79.0%
##########################################################                81.6%
############################################################              83.6%
##############################################################            86.5%
###############################################################           88.3%
################################################################          89.5%
##################################################################        92.9%
#####################################################################     96.6%
######################################################################    98.4%
######################################################################## 100.0%
Note: gnat_avr_elf=12.2.1 installed successfully.
Note: Deploying avrada_rts=2.0.1...

avrada_mcu=2.2.0 successfully retrieved.
Dependencies were solved as follows:

   +  avrada_rts   2.0.1  (new)
   +b gnat_avr_elf 12.2.1 (new,binary)
[alr test] Spawning default test for remote crate: alr -d -n build --release -- -cargs:Ada -gnatwn
Note: Building avrada_mcu=2.2.0/avrada_mcu.gpr...
Setup
   [mkdir]        object directory for project AVRAda_RTS
   [mkdir]        library directory for project AVRAda_RTS
   [mkdir]        object directory for project AVRAda_MCU
   [mkdir]        library directory for project AVRAda_MCU
Compile
   [Asm_CPP]      ada_u32_img.S
   [Ada]          avrada_rts_config.ads
   [Ada]          machcode.ads
   [Ada]          s-bitops.adb
   [Ada]          a-caldel.ads
   [Ada]          a-uncdea.ads
   [Ada]          a-cgarso.adb
   [Ada]          a-chlat1.ads
   [Ada]          s-secsta.adb
   [Ada]          ada.ads
   [Ada]          a-charac.ads
   [Ada]          i-c.ads
   [Ada]          interfac.ads
   [Ada]          s-assert.adb
   [Ada]          s-intimg.ads
   [Ada]          s-parame.ads
   [Ada]          a-contai.ads
   [Ada]          s-unstyp.ads
   [Ada]          a-unccon.ads
   [Ada]          g-souinf.ads
   [Ada]          unchdeal.ads
   [Ada]          a-cgcaso.adb
   [Ada]          a-tags.adb
   [Ada]          s-stalib.ads
   [Ada]          system.ads
   [Ada]          a-except.adb
   [Ada]          gnat.ads
   [Ada]          a-calend.ads
   [Ada]          a-chlat9.ads
   [Ada]          s-gccbui.ads
   [Ada]          s-memory.adb
   [Ada]          s-sssita.adb
   [Ada]          s-maccod.ads
   [Ada]          s-stoele.adb
   [Ada]          unchconv.ads
   [Ada]          avr-atmega328p-bootloader.ads
   [Ada]          avr-atmega328p.ads
   [Ada]          avr-mcu.ads
   [Ada]          avr.adb
Build Libraries
   [gprlib]       gnat.lexch
   [gprlib]       avrada_mcu.lexch
   [archive]      libgnat.a
   [index]        libgnat.a
   [archive]      libavrada_mcu.a
   [index]        libavrada_mcu.a
Success: Build finished successfully in 0.51 seconds.
Found declared GPR file: avrada_mcu.gpr
[alr test] Test completed SUCCESSFULLY
