Test ran at 2025-03-23 13:08:46.511189+00:00

SOLUTION:
a0b_armv7m_systick_clock=0.1.0: A0B Monotonic Clock by ARMv7M SysTick
Provides: a0b_time_platform=0.1.0
Origin: commit 46417dbd3107df4c9512763f49510d8373541a48 from https://github.com/godunko/a0b-armv7m-systick_clock.git
Properties:
   Test run: alr build (from ${CRATE_ROOT}/selftest)
   Author: Vadim Godunko
   Configuration: no modifiers
   Description: A0B Monotonic Clock by ARMv7M SysTick
   License: Apache-2.0 WITH LLVM-exception
   Maintainer: Vadim Godunko <vgodunko@gmail.com>
   Maintainers_Logins: godunko
   Name: a0b_armv7m_systick_clock
   Project_File: gnat/a0b_time_platform.gpr
   Tag: a0b
   Tag: embedded
   Tag: time
   Tag: armv7m
   Version: 0.1.0
Dependencies (direct):
   a0b_armv7m*
   a0b_base*
Dependencies (solution):
   a0b_armv7m=0.3.0
   a0b_base=0.4.0
   gnat_arm_elf=14.2.1
Dependencies (graph):
   a0b_armv7m=0.3.0               --> a0b_base=0.4.0 (*)
   a0b_armv7m=0.3.0               --> gnat_arm_elf=14.2.1 (*)
   a0b_armv7m_systick_clock=0.1.0 --> a0b_armv7m=0.3.0 (*)
   a0b_armv7m_systick_clock=0.1.0 --> a0b_base=0.4.0 (*)


LOG:
Spawning: alr -d -n get a0b_armv7m_systick_clock=0.1.0
Note: Deploying a0b_armv7m_systick_clock=0.1.0...

a0b_armv7m_systick_clock=0.1.0 successfully retrieved.
Dependencies were solved as follows:

   +  a0b_armv7m   0.3.0  (new)
   +  a0b_base     0.4.0  (new)
   +b gnat_arm_elf 14.2.1 (new,indirect,binary)
Note: Synchronizing workspace...
Dependencies automatically updated as follows:

   +  a0b_armv7m               0.3.0  (new,indirect)
   +. a0b_armv7m_systick_clock 0.1.0  (new,path=..)
   +  a0b_base                 0.4.0  (new,indirect)
   +  a0b_time                 0.2.0  (new)
   +. a0b_time_platform        0.1.0  (new,path=..,a0b_armv7m_systick_clock)
   +b gnat_arm_elf             14.2.1 (new,indirect,binary)

Note: Building a0b_armv7m_systick_clock_selftest=0.1.0-dev/a0b_armv7m_systick_clock_selftest.gpr...
Setup
   [mkdir]        object directory for project A0B_ARMv7M
   [mkdir]        library directory for project A0B_ARMv7M
   [mkdir]        object directory for project A0B_Time_Platform
   [mkdir]        object directory for project A0B_Time
a0b_armv7m_systick_clock_selftest.gpr:9:09: warning: there are no sources of language "Ada" in this project
Compile
   [Ada]          a0b-types-svd.ads
   [Ada]          a0b-peripherals.ads
   [Ada]          a0b-types-big_endian.adb
   [Ada]          a0b-types-gcc_builtins.ads
   [Ada]          a0b-types-arrays.ads
   [Ada]          a0b.ads
   [Ada]          a0b-types.ads
   [Ada]          a0b-armv7m-scs-dwt.ads
   [Ada]          a0b-armv7m-scs-fp.ads
   [Ada]          a0b-armv7m-scs-cache.ads
   [Ada]          a0b-armv7m-scs-scb.ads
   [Ada]          a0b-armv7m-startup_utilities.ads
   [Ada]          a0b-armv7m-instructions.adb
   [Ada]          a0b-armv7m-parameters.ads
   [Ada]          a0b-armv7m-cache_utilities.adb
   [Ada]          a0b-armv7m-scs-nvic.ads
   [Ada]          a0b-armv7m-nvic_utilities.adb
   [Ada]          a0b-armv7m-profiling_utilities.adb
a0b-armv7m-nvic_utilities.adb:38:14: warning: "ICPR" overlays smaller object [enabled by default]
a0b-armv7m-nvic_utilities.adb:38:14: warning: program execution may be erroneous [enabled by default]
a0b-armv7m-nvic_utilities.adb:38:14: warning: size of "ICPR" is 512 [enabled by default]
a0b-armv7m-nvic_utilities.adb:38:14: warning: size of "ICPR" is 496 [enabled by default]
a0b-armv7m-nvic_utilities.adb:58:14: warning: "ICER" overlays smaller object [enabled by default]
a0b-armv7m-nvic_utilities.adb:58:14: warning: program execution may be erroneous [enabled by default]
a0b-armv7m-nvic_utilities.adb:58:14: warning: size of "ICER" is 512 [enabled by default]
a0b-armv7m-nvic_utilities.adb:58:14: warning: size of "ICER" is 496 [enabled by default]
a0b-armv7m-nvic_utilities.adb:78:14: warning: "ISER" overlays smaller object [enabled by default]
a0b-armv7m-nvic_utilities.adb:78:14: warning: program execution may be erroneous [enabled by default]
a0b-armv7m-nvic_utilities.adb:78:14: warning: size of "ISER" is 512 [enabled by default]
a0b-armv7m-nvic_utilities.adb:78:14: warning: size of "ISER" is 496 [enabled by default]
a0b-armv7m-nvic_utilities.adb:108:14: warning: "ISPR" overlays smaller object [enabled by default]
a0b-armv7m-nvic_utilities.adb:108:14: warning: program execution may be erroneous [enabled by default]
a0b-armv7m-nvic_utilities.adb:108:14: warning: size of "ISPR" is 512 [enabled by default]
a0b-armv7m-nvic_utilities.adb:108:14: warning: size of "ISPR" is 496 [enabled by default]
   [Ada]          a0b-armv7m-scs.ads
   [Ada]          a0b-armv7m-scs-systick.ads
a0b-armv7m-cache_utilities.adb:138:43: warning: redundant conversion, "Ways" is of type "Unsigned_32" [-gnatwr]
a0b-armv7m-cache_utilities.adb:142:23: warning: redundant conversion, "Ways" is of type "Unsigned_32" [-gnatwr]
a0b-armv7m-cache_utilities.adb:145:26: warning: redundant conversion, "Sets" is of type "Unsigned_32" [-gnatwr]
   [Ada]          a0b-armv7m.ads
   [Ada]          a0b-armv7m-scs-mpu.ads
   [Ada]          a0b-armv7m-systick_clock.adb
   [Ada]          a0b-time-clock.adb
   [Ada]          a-reatim.adb
   [Ada]          a0b-time.adb
   [Ada]          a0b-time-constants.ads
a0b-time.adb:249:04: (style) subprogram body has no previous spec [-gnatys]
a0b-time.adb:249:13: warning: function "To_Time_Span" is not referenced [-gnatwu]
Build Libraries
   [gprlib]       a0b_base.lexch
   [gprlib]       a0b_armv7m.lexch
   [archive]      liba0b_base.a
   [index]        liba0b_base.a
   [archive]      liba0b_armv7m.a
   [index]        liba0b_armv7m.a
Success: Build finished successfully in 0.55 seconds.
