Test ran at 2026-08-18 12:32:33.635235+00:00

SOLUTION:
adare_hqc256=0.2.3: Post Quantum Computer Resistant Cryptograph KEM, HQC 256 Ada bind.
Origin: commit bbba67491702dff110606508f1832140f049381f from https://github.com/danieagle/adare_hqc256.git
Properties:
   Author: Daniel Norte de Moraes
   Build Switches: 
   Description: Post Quantum Computer Resistant Cryptograph KEM, HQC 256 Ada bind.
   License: Unlicense
   Long_Description: HQC (Hamming Quasi-Cyclic) is a code-based public key encryption scheme
      designed to provide security against attacks by
      both classical and quantum computers. HQC has been submitted
      to the NIST's Post-Quantum Cryptography Standardization Project.

      Adare_HQC256 is a Ada 2012 bind to HQC-256 C.

      Adare_HQC256 has a 512 bits Shared Secret size.

      (C version at https://github.com/PQClean/PQClean)

      How a Bonus all Ada packages in this lib is "Ada Pure"! :-)

                   
   Maintainer: Daniel Norte de Moraes <danieagle@zohomail.com>
   Maintainers_Logins: danieagle
   Name: adare_hqc256
   Tag: kem
   Tag: pqc
   Tag: ss512bits
   Version: 0.2.3
   Website: 


LOG:
[alr test] Testing adare_hqc256=0.2.3
[alr test] Spawning retrieval for remote crate: alr -d -n get adare_hqc256=0.2.3
Note: Deploying adare_hqc256=0.2.3...

adare_hqc256=0.2.3 successfully retrieved.
There are no dependencies.
[alr test] Spawning default test for remote crate: alr -d -n build --release -- -cargs:Ada -gnatwn
Note: Building adare_hqc256=0.2.3/adare_hqc256.gpr...
Setup
   [mkdir]        object directory for project Adare_Hqc256
   [mkdir]        library directory for project Adare_Hqc256
Compile
   [C]            gf.c
   [C]            reed_muller.c
   [C]            fft.c
   [C]            shake_prng.c
   [C]            reed_solomon.c
   [C]            kem.c
   [C]            parsing.c
   [C]            shake_ds.c
   [C]            vector.c
   [C]            code.c
   [C]            gf2x.c
   [C]            hqc.c
   [C]            fips202.c
   [C]            randombytes.c
   [Ada]          adare_hqc256-inners.ads
   [Ada]          adare_hqc256.ads
   [Ada]          adare_hqc256-hqc.adb
Build Libraries
   [gprlib]       adare_hqc256.lexch
   [link library] libadare_hqc256.so
Success: Build finished successfully in 1.02 seconds.
Found declared GPR file: adare_hqc256.gpr
[alr test] Test completed SUCCESSFULLY
