Test ran at 2026-04-06 13:01:48.740520+00:00

SOLUTION:
bbs_lisp=0.2.2: Embedable tiny lisp interpreter
Origin: commit ca9c70842fb4999b269233e862c4b05525f053b6 from https://github.com/BrentSeidel/Ada-Lisp.git
Properties:
   Author: Brent Seidel
   Description: Embedable tiny lisp interpreter
   License: GPL-3.0-or-later
   Long_Description: This is the core of a simple tiny lisp that is intended to be embedded in
other applications.  It can be extended with new commands specific to
the application.

   Maintainer: Brent Seidel <brentseidel@mac.com>
   Maintainers_Logins: BrentSeidel
   Name: bbs_lisp
   Tag: lisp
   Tag: embedded
   Version: 0.2.2
   Website: https://github.com/BrentSeidel/Ada-Lisp
Dependencies (direct):
   bbs~0.1.0
Dependencies (solution):
   bbs=0.1.0
Dependencies (graph):
   bbs_lisp=0.2.2 --> bbs=0.1.0 (~0.1.0)


LOG:
[alr test] Testing bbs_lisp=0.2.2
[alr test] Spawning retrieval for remote crate: alr -d -n get bbs_lisp=0.2.2
Note: Deploying bbs_lisp=0.2.2...
Note: Deploying bbs=0.1.0...

bbs_lisp=0.2.2 successfully retrieved.
Dependencies were solved as follows:

   + bbs 0.1.0 (new)
[alr test] Spawning default test for remote crate: alr -d -n build --release -- -cargs:Ada -gnatwn
Note: Building bbs_lisp=0.2.2/bbs_lisp.gpr...
Setup
   [mkdir]        object directory for project BBS
   [mkdir]        library directory for project BBS
   [mkdir]        object directory for project bbs_lisp
   [mkdir]        library directory for project bbs_lisp
Compile
   [Ada]          bbs.ads
   [Ada]          bbs-units.adb
   [Ada]          bbs-lisp.adb
   [Ada]          bbs-lisp-symbols.adb
   [Ada]          bbs-lisp-strings.adb
   [Ada]          bbs-lisp-stack.adb
   [Ada]          bbs-lisp-parser.adb
   [Ada]          bbs-lisp-parser-string.adb
   [Ada]          bbs-lisp-parser-stdio.adb
   [Ada]          bbs-lisp-parser-file.adb
   [Ada]          bbs-lisp-memory.adb
   [Ada]          bbs-lisp-info.ads
   [Ada]          bbs-lisp-global.ads
   [Ada]          bbs-lisp-evaluate.adb
   [Ada]          bbs-lisp-evaluate-vars.adb
   [Ada]          bbs-lisp-evaluate-symb.adb
   [Ada]          bbs-lisp-evaluate-str.adb
   [Ada]          bbs-lisp-evaluate-pred.adb
   [Ada]          bbs-lisp-evaluate-misc.adb
   [Ada]          bbs-lisp-evaluate-mem.adb
   [Ada]          bbs-lisp-evaluate-math.adb
   [Ada]          bbs-lisp-evaluate-loops.adb
   [Ada]          bbs-lisp-evaluate-list.adb
   [Ada]          bbs-lisp-evaluate-io.adb
   [Ada]          bbs-lisp-evaluate-func.adb
   [Ada]          bbs-lisp-evaluate-cond.adb
   [Ada]          bbs-lisp-evaluate-char.adb
   [Ada]          bbs-lisp-evaluate-bool.adb
   [Ada]          bbs-lisp-debug.adb
   [Ada]          bbs-lisp-conses.adb
Build Libraries
   [gprlib]       Bbs.lexch
   [gprlib]       Bbs-Lisp.lexch
   [archive]      libBbs.a
   [index]        libBbs.a
   [archive]      libBbs-Lisp.a
   [index]        libBbs-Lisp.a
Success: Build finished successfully in 4.45 seconds.
Found declared GPR file: bbs_lisp.gpr
[alr test] Test completed SUCCESSFULLY
