Test ran at 2026-08-22 12:49:31.171675+00:00

SOLUTION:
chests=0.2.0: Chests are bounded containers
Origin: commit 742eabfff2d3bff353a0dac6f32d3d2cbe9c835e from https://github.com/JeremyGrosser/chests.git
Properties:
   Author: Jeremy Grosser
   Description: Chests are bounded containers
   License: BSD-3-Clause
   Maintainer: Jeremy Grosser <jeremy@synack.me>
   Maintainers_Logins: JeremyGrosser
   Name: chests
   Tag: containers
   Tag: bounded
   Tag: nostd
   Tag: embedded
   Version: 0.2.0
   Website: https://github.com/JeremyGrosser/chests


LOG:
[alr test] Testing chests=0.2.0
[alr test] Spawning retrieval for remote crate: alr -d -n get chests=0.2.0
Note: Deploying chests=0.2.0...

chests=0.2.0 successfully retrieved.
There are no dependencies.
[alr test] Spawning default test for remote crate: alr -d -n build --release -- -cargs:Ada -gnatwn
Note: Building chests=0.2.0/chests.gpr...
"obj\release" created
"lib" created
[Ada Compile]     chests-ring_buffers.adb
[Ada Compile]     chests-stacks.adb
[Ada Compile]     chests.ads
[Ada Compile]     chests_config.ads
[Archive]         libChests.a
Success: Build finished successfully in 1.58 seconds.
Found declared GPR file: chests.gpr
[alr test] Test completed SUCCESSFULLY
