Test ran at 2025-10-24 01:21:39.587354+00:00

SOLUTION:
uri_mime=1.4.0: URI & MIME Type Parsing and Manupulation
Origin: source archive v1.4.0.tar.gz at https://git.sr.ht/~nytpu/uri-mime-ada/archive/v1.4.0.tar.gz with hashes sha256:2f7bb73e418dfa6adce3047107dc45ac9c14c811ce8b542c2aec45c6b326292a, sha512:da9eb3832cd149f8ac90440695b3dd2cf47b8675a5f1b4962bf402bf217347d1a00967e397da9da6055144deacba65869d1e01bfdb53afd40b9e6fb1a34bcb73
Properties:
   Author: nytpu
   Description: URI & MIME Type Parsing and Manupulation
   GPR Scenario: URI_MIME_BUILD_MODE := debug | optimize
   GPR Scenario: URI_MIME_COMPILE_CHECKS := enabled | disabled
   GPR Scenario: URI_MIME_CONTRACTS := enabled | disabled
   GPR Scenario: URI_MIME_LIBRARY_TYPE := dynamic | relocatable | static | static-pic
   GPR Scenario: URI_MIME_RUNTIME_CHECKS := enabled | disabled
   GPR Scenario: URI_MIME_STYLE_CHECKS := enabled | disabled
   License: MPL-2.0
   Maintainer: nytpu <alex@nytpu.com>
   Maintainers_Logins: nytpu
   Name: uri_mime
   Tag: uri
   Tag: url
   Tag: mime
   Tag: media-type
   Version: 1.4.0
   Website: https://git.sr.ht/~nytpu/uri-mime-ada


LOG:
[alr test] Testing uri_mime=1.4.0
[alr test] Spawning retrieval for remote crate: alr -d -n get uri_mime=1.4.0
Note: Deploying uri_mime=1.4.0...

#=#=#                                                                          
##O#-#                                                                         
##O=#  #                                                                       
#=#=-#  #                                                                      
-#O#- #   #                                                                    
-=#=#   #   #                                                                  

uri_mime=1.4.0 successfully retrieved.
There are no dependencies.
[alr test] Spawning default test for remote crate: alr -d -n build --release -- -cargs:Ada -gnatwn
Note: Building uri_mime=1.4.0/uri_mime.gpr...
Setup
   [mkdir]        object directory for project URI_MIME
   [mkdir]        library directory for project URI_MIME
Compile
   [Ada]          mime.adb
   [Ada]          uri.adb
Build Libraries
   [gprlib]       uri-mime.lexch
   [archive]      liburi-mime.a
   [index]        liburi-mime.a
Success: Build finished successfully in 2.99 seconds.
Found declared GPR file: uri_mime.gpr
[alr test] Test completed SUCCESSFULLY
