Test ran at 2026-09-28 01:18:06.754606+00:00

SOLUTION:
matreshka_amf_utp=21.0.0: The UML Testing Profile for AMF
Origin: commit ecbb733e1e66e6d9a51501d148a1733e47da2fef from https://github.com/reznikmm/matreshka-alire
Properties:
   Author: Vadim Godunko
   Description: The UML Testing Profile for AMF
   License: BSD-3-Clause
   Maintainer: Vadim Godunko <vgodunko@gmail.com>
   Maintainer: Maxim Reznik <reznikmm@gmail.com>
   Maintainers_Logins: godunko
   Maintainers_Logins: reznikmm
   Name: matreshka_amf_utp
   Project_File: build_matreshka_amf_utp.gpr
   Tag: uml
   Tag: meta
   Tag: diagram
   Tag: testing
   Version: 21.0.0
   Website: https://github.com/godunko/matreshka
Dependencies (direct):
   matreshka_amf_uml21.0.0
   matreshka_league21.0.0
Dependencies (solution):
   make=4.3.0
   matreshka_amf=21.0.0
   matreshka_amf_dd=21.0.0
   matreshka_amf_uml=21.0.0
   matreshka_league=21.0.0
   matreshka_xml=21.0.0
Dependencies (graph):
   matreshka_amf=21.0.0     --> matreshka_league=21.0.0 (21.0.0)
   matreshka_amf=21.0.0     --> matreshka_xml=21.0.0 (21.0.0)
   matreshka_amf_dd=21.0.0  --> matreshka_amf=21.0.0 (21.0.0)
   matreshka_amf_dd=21.0.0  --> matreshka_league=21.0.0 (21.0.0)
   matreshka_amf_uml=21.0.0 --> matreshka_amf_dd=21.0.0 (21.0.0)
   matreshka_amf_uml=21.0.0 --> matreshka_league=21.0.0 (21.0.0)
   matreshka_amf_utp=21.0.0 --> matreshka_amf_uml=21.0.0 (21.0.0)
   matreshka_amf_utp=21.0.0 --> matreshka_league=21.0.0 (21.0.0)
   matreshka_league=21.0.0  --> make=4.3.0 (*)
   matreshka_xml=21.0.0     --> matreshka_league=21.0.0 (21.0.0)


LOG:
[alr test] Testing matreshka_amf_utp=21.0.0
[alr test] Spawning retrieval for remote crate: alr -d -n get matreshka_amf_utp=21.0.0
Note: Deploying matreshka_amf_utp=21.0.0...
Note: Deploying matreshka_xml=21.0.0...
Note: Deploying matreshka_amf=21.0.0...
Note: Deploying matreshka_amf_dd=21.0.0...
Note: Deploying matreshka_amf_uml=21.0.0...

matreshka_amf_utp=21.0.0 successfully retrieved.
Dependencies were solved as follows:

   +b make              4.3.0  (new,indirect,system package)
   +  matreshka_amf     21.0.0 (new,indirect)
   +  matreshka_amf_dd  21.0.0 (new,indirect)
   +  matreshka_amf_uml 21.0.0 (new)
   +  matreshka_league  21.0.0 (new)
   +  matreshka_xml     21.0.0 (new,indirect)
[alr test] Spawning default test for remote crate: alr -d -n build --release -- -cargs:Ada -gnatwn
Note: Building matreshka_amf_utp=21.0.0/build_matreshka_amf_utp.gpr...
Setup
   [mkdir]        object directory for project Matreshka_Xml
   [mkdir]        object directory for project Matreshka_AMF
   [mkdir]        object directory for project Matreshka_AMF_DD
   [mkdir]        object directory for project Matreshka_AMF_UML
   [mkdir]        object directory for project Matreshka_AMF_UTP
Compile
   [Ada]          amf-di-shapes.ads
   [Ada]          amf-dg-canvases-collections.ads
   [Ada]          amf-internals-tables-dc_metamodel-links.adb
   [Ada]          amf-dc-holders-bounds.ads
   [Ada]          amf-dg-clip_paths-collections.ads
   [Ada]          amf-dg-canvases.ads
   [Ada]          amf-dg-polygons-collections.ads
   [Ada]          amf-dg-styles-collections.ads
   [Ada]          amf-di-diagram_elements.ads
   [Ada]          amf-dg-polylines-collections.ads
   [Ada]          amf-di-diagrams.ads
   [Ada]          amf-internals-factories-dc_datatypes.adb
   [Ada]          amf-dg-paths-collections.ads
   [Ada]          amf-internals-tables-dd_types.ads
   [Ada]          amf-internals-tables-dg_string_data_00.ads
   [Ada]          amf-dg-markers.ads
   [Ada]          amf-dg-holders-cubic_curve_tos.ads
   [Ada]          amf-dg-groups.ads
   [Ada]          amf-dg-linear_gradients.ads
   [Ada]          amf-internals-dg_patterns.adb
   [Ada]          amf-dg-holders-scales.ads
   [Ada]          amf-internals-tables-dd_attribute_mappings.ads
amf-internals-tables-dd_attribute_mappings.ads:65:19: warning: there are no others [-gnatwr]
   [Ada]          amf-dg-texts-hash.ads
   [Ada]          amf-dg-paths.ads
amf-internals-dg_patterns.adb:46:06: warning: redundant with clause in body [-gnatwr]
amf-internals-dg_patterns.adb:47:06: warning: redundant with clause in body [-gnatwr]
amf-internals-dg_patterns.adb:48:06: warning: redundant with clause in body [-gnatwr]
amf-internals-dg_patterns.adb:165:49: error: access-to-constant operand type not allowed
amf-internals-dg_patterns.adb:182:49: error: access-to-constant operand type not allowed
amf-internals-dg_patterns.adb:201:49: error: access-to-constant operand type not allowed

   compilation of amf-internals-dg_patterns.adb failed

gprbuild: *** compilation phase failed
stderr: Command ["gprbuild", "-s", "-j0", "-p", "-P", "/home/runner/work/alire-crates-ci/alire-crates-ci/test/b5c2d76f-4130-4cad-a46e-3e8efd7986c3/matreshka_amf_utp_21.0.0_ecbb733e/build_matreshka_amf_utp.gpr", "-cargs:Ada", "-gnatwn"] exited with code 4
ERROR: Command ["gprbuild", "-s", "-j0", "-p", "-P", "/home/runner/work/alire-crates-ci/alire-crates-ci/test/b5c2d76f-4130-4cad-a46e-3e8efd7986c3/matreshka_amf_utp_21.0.0_ecbb733e/build_matreshka_amf_utp.gpr", "-cargs:Ada", "-gnatwn"] exited with code 4
stderr: ALIRE.CHECKED_ERROR
stderr: Command ["gprbuild", "-s", "-j0", "-p", "-P", "/home/runner/work/alire-crates-ci/alire-crates-ci/test/b5c2d76f-4130-4cad-a46e-3e8efd7986c3/matreshka_amf_utp_21.0.0_ecbb733e/build_matreshka_amf_utp.gpr", "-cargs:Ada", "-gnatwn"] exited with code 4
stderr: raised ALIRE.CHECKED_ERROR : alire-stored-error:1
[/home/runner/work/alire-crates-ci/alire-crates-ci/alire_install/bin/alr]
0xe75bc6 Alire.Raise_Checked_Error at alire.adb:284
0xac1a54 Alire.Os_Lib.Subprocess.Checked_Spawn at alire-os_lib-subprocess.adb:111
0xd40276 Alire.Spawn.Command at alire-spawn.adb:22
0xd412ee Alire.Spawn.Gprbuild at alire-spawn.adb:68
0xc748cb Alire.Roots.Build at alire-roots.adb:189
0xc7301a Alire.Roots.Build at alire-roots.adb:255
0xc9832b Alire.Roots.Traverse at alire-roots.adb:2143
0xcfee85 Alire.Solutions.Traverse.Visit at alire-solutions.adb:1472
0xcfdfcc Alire.Solutions.Traverse at alire-solutions.adb:1555
0xc9841e Alire.Roots.Traverse at alire-roots.adb:2147
0xc984dd Alire.Roots.Traverse at alire-roots.adb:2127
0xc7359b Alire.Roots.Build at alire-roots.adb:286
0xc736d7 Alire.Roots.Build at alire-roots.adb:114
0x49aa0d Alr.Commands.Build.Execute at alr-commands-build.adb:145
0x49a36d Alr.Commands.Build.Execute at alr-commands-build.adb:113
0x49a51f Alr.Commands.Build.Execute at alr-commands-build.adb:54
0x53bbcc Alr.Commands.Sub_Cmd.Execute at clic-subcommand-instance.adb:749
0x5472be Alr.Commands.Execute at alr-commands.adb:632
0x43d48a Alr.Main at alr-main.adb:13
0x4403a3 Main at b__alr-main.adb:2445
[/lib/x86_64-linux-gnu/libc.so.6]
0x7f97bfa2a1c8
0x7f97bfa2a289
[/home/runner/work/alire-crates-ci/alire-crates-ci/alire_install/bin/alr]
0x43d323 _start at ???
0xfffffffffffffffe

stderr: ALIRE.ROOTS.BUILD._WRAPPED_STATEMENTS.BUILD_FAILED
stderr: alire-roots.adb:202
stderr: raised ALIRE.ROOTS.BUILD._WRAPPED_STATEMENTS.BUILD_FAILED : alire-roots.adb:202
[/home/runner/work/alire-crates-ci/alire-crates-ci/alire_install/bin/alr]
0xc74cc7 Alire.Roots.Build at alire-roots.adb:202
0xc7301a Alire.Roots.Build at alire-roots.adb:255
0xc9832b Alire.Roots.Traverse at alire-roots.adb:2143
0xcfee85 Alire.Solutions.Traverse.Visit at alire-solutions.adb:1472
0xcfdfcc Alire.Solutions.Traverse at alire-solutions.adb:1555
0xc9841e Alire.Roots.Traverse at alire-roots.adb:2147
0xc984dd Alire.Roots.Traverse at alire-roots.adb:2127
0xc7359b Alire.Roots.Build at alire-roots.adb:286
0xc736d7 Alire.Roots.Build at alire-roots.adb:114
0x49aa0d Alr.Commands.Build.Execute at alr-commands-build.adb:145
0x49a36d Alr.Commands.Build.Execute at alr-commands-build.adb:113
0x49a51f Alr.Commands.Build.Execute at alr-commands-build.adb:54
0x53bbcc Alr.Commands.Sub_Cmd.Execute at clic-subcommand-instance.adb:749
0x5472be Alr.Commands.Execute at alr-commands.adb:632
0x43d48a Alr.Main at alr-main.adb:13
0x4403a3 Main at b__alr-main.adb:2445
[/lib/x86_64-linux-gnu/libc.so.6]
0x7f97bfa2a1c8
0x7f97bfa2a289
[/home/runner/work/alire-crates-ci/alire-crates-ci/alire_install/bin/alr]
0x43d323 _start at ???
0xfffffffffffffffe

ERROR: Compilation failed.
