Test ran at 2026-09-03 01:19:22.953925+00:00

SOLUTION:
adacl_serial=7.2.1: SPARK-friendly character and string I/O helpers for GNAT serial ports
Origin: source archive adacl_serial-7.2.1.tgz at https://sourceforge.net/projects/adacl/files/Alire/adacl_serial-7.2.1.tgz with hashes sha256:a26641a601db3703fabd9e250e7f67c12c1a3e6554f8fb1ef5d89744edab43c3, sha512:681dd4a01056389da8a0735efa30f2212e260bff4bbf3ca3f10abba8ac0526890ccdf8ae151309f990212a631b976deec248940a28ef460ffac3d4ec36320420
Properties:
   case OS is
      when Linux => Test run: /bin/bash ci-verify.sh (from ${CRATE_ROOT}/.)
      when Macos => Test run: /bin/bash ci-verify.sh (from ${CRATE_ROOT}/.)
      when Windows => Test run: powershell -ExecutionPolicy Bypass -File ci-verify.ps1 (from ${CRATE_ROOT}/.)
      when others => (empty)
   Author: Martin Krischik <krischik@users.sourceforge.net>
   Build Switches: 
   Configuration: no modifiers
   Description: SPARK-friendly character and string I/O helpers for GNAT serial ports
   License: GPL-3.0-or-later
   Long_Description: Thin, SPARK-friendly helpers for character and string I/O on a
GNAT.Serial_Communications port.

The package is deliberately compact - it contains only AdaCL.Serial_IO.

It extends GNAT.Serial_Communications.Serial_Port (itself a descendant of Ada.Streams.Root_Stream_Type) with a
null-record derivation, turning the type into a true class.  Consequently all operations can be written with the
convenient Class.Method syntax (Port.Get, Port.Put_Line, Port.Expect, ...).

Provided facilities:
* Conversion helpers between Stream_Element / Stream_Element_Array and Character / String
* Classic Get / Put / Get_Line / Put_Line operations
* High-level Expect procedures (discard or capture skipped text until a given sequence arrives)
* Full SPARK contracts; the package is proven to SPARK bronze level

Intended for console-style protocols used by classic and modern retro calculators (SwissMicros DM-series, HP-IL
emulators, etc.).

Licensed under the GNU Library General Public License version 3 (or later).
Integrates with the Ada Class Library (AdaCL).

   Maintainer: Martin Krischik <krischik@users.sourceforge.net>
   Maintainers_Logins: krischik
   Name: adacl_serial
   Tag: library
   Tag: serial
   Tag: io
   Tag: streams
   Tag: communication
   Tag: spark
   Tag: ada2022
   Version: 7.2.1
   Website: https://sourceforge.net/projects/adacl/
Dependencies (direct):
   adacl^7.2
Dependencies (solution):
   adacl=7.2.1
Dependencies (graph):
   adacl_serial=7.2.1 --> adacl=7.2.1 (^7.2)


LOG:
=== Ada CI Verification ===
=== Prove Log Off ===
Directory: prove
Updating dependencies...
Dependencies automatically updated as follows:

   +  adacl     7.2.1  (new)
   +b gnatprove 16.1.0 (new,binary)
Note: Deploying gnatprove=16.1.0...

#=#=#                                                                          
#                                                                          1.9%
###                                                                        5.5%
#####                                                                      7.4%
######                                                                     9.2%
#######                                                                   10.6%
#######                                                                   10.7%
#######                                                                   10.8%
#######                                                                   10.8%
#######                                                                   11.0%
########                                                                  11.5%
#########                                                                 12.6%
#########                                                                 12.7%
#########                                                                 12.9%
#########                                                                 13.8%
##########                                                                14.7%
###########                                                               16.5%
##############                                                            20.2%
################                                                          23.4%
##################                                                        25.7%
###################                                                       27.6%
######################                                                    31.3%
########################                                                  34.7%
###########################                                               37.8%
#############################                                             40.4%
##############################                                            42.3%
################################                                          45.7%
#################################                                         46.0%
##################################                                        47.8%
#####################################                                     52.2%
#######################################                                   55.1%
########################################                                  56.9%
###########################################                               59.9%
###########################################                               60.8%
#############################################                             63.2%
##############################################                            64.3%
###############################################                           66.1%
#################################################                         68.8%
##################################################                        70.4%
####################################################                      72.7%
####################################################                      73.5%
######################################################                    76.2%
########################################################                  78.3%
#########################################################                 80.4%
##########################################################                80.8%
############################################################              83.8%
#############################################################             85.7%
###############################################################           88.2%
#################################################################         90.4%
##################################################################        91.8%
####################################################################      94.6%
#####################################################################     96.1%
######################################################################    98.0%
######################################################################## 100.0%
Building with validation...
Note: Building adacl_serial_prove=7.2.1/adacl_serial_prove.gpr...
"C:\Users\runneradmin\AppData\Local\alire\cache\builds\adacl_7.2.1_0da4360d\db74f0c03ff08256ba23d251ee237539e36d44244b9ede151bea2f86950984ab\obj\validation" created
"C:\Users\runneradmin\AppData\Local\alire\cache\builds\adacl_7.2.1_0da4360d\db74f0c03ff08256ba23d251ee237539e36d44244b9ede151bea2f86950984ab\lib\validation" created
"obj\validation" created
"bin\validation" created
[Ada Compile]     adacl-base.ads
[Ada Compile]     adacl-calendar.adb
[Ada Compile]     adacl-command_line-getopt.adb
[Ada Compile]     adacl-command_line.ads
gnat1: invalid switch: -gnat2022
adacl.gpr: error: [Ada Compile] adacl-base.ads (adacl.gpr) failed with status 1
gnat1: invalid switch: -gnat2022
adacl.gpr: error: [Ada Compile] adacl-calendar.adb (adacl.gpr) failed with status 1
gnat1: invalid switch: -gnat2022
adacl.gpr: error: [Ada Compile] adacl-command_line-getopt.adb (adacl.gpr) failed with status 1
gnat1: invalid switch: -gnat2022
adacl.gpr: error: [Ada Compile] adacl-command_line.ads (adacl.gpr) failed with status 1
ERROR: Command ["gprbuild", "-s", "-j0", "-p", "-P", "D:\a\alire-crates-ci\alire-crates-ci\test\60f90167-079d-4c9e-96a3-776e120609ff\adacl_serial_7.2.1_a26641a6\prove\adacl_serial_prove.gpr"] exited with code 4
ERROR: Compilation failed.
Running GNATprove...
Phase 1 of 3: generation of data representation information ...
Phase 2 of 3: generation of Global contracts ...
Phase 3 of 3: analysis of data and information flow ...
Success: all checks proved (47 checks).
Summary logged in D:\a\alire-crates-ci\alire-crates-ci\test\60f90167-079d-4c9e-96a3-776e120609ff\adacl_serial_7.2.1_a26641a6\prove\obj\validation\gnatprove\gnatprove.out
SUCCESS: Prove Log Off
--------------------------------------------------
=== Test Log Off ===
Directory: test
Updating dependencies...
Dependencies automatically updated as follows:

   +  adacl        7.2.1  (new,indirect)
   +. adacl_serial 7.2.1  (new,path=..)
   +  aunit        26.0.0 (new)
Note: Deploying aunit=26.0.0...

#=#=#                                                                          
Building with validation...
Note: Building adacl_serial_test=7.2.1/adacl_serial_test.gpr...
"C:\Users\runneradmin\AppData\Local\alire\cache\builds\aunit_26.0.0_b882e96a\59f022e26eb3a6640f6dc69d77ed67dc0b2cb1010c358de7093548a3446d000c\lib\aunit-obj\native-full" created
"C:\Users\runneradmin\AppData\Local\alire\cache\builds\aunit_26.0.0_b882e96a\59f022e26eb3a6640f6dc69d77ed67dc0b2cb1010c358de7093548a3446d000c\lib\aunit\native-full" created
"..\obj\validation" created
"..\lib" created
"obj\validation" created
"bin\validation" created
[Ada Compile]     adacl-base.ads
[Ada Compile]     adacl-calendar.adb
[Ada Compile]     adacl-command_line-getopt.adb
[Ada Compile]     adacl-command_line.ads
gnat1: invalid switch: -gnat2022
adacl.gpr: error: [Ada Compile] adacl-base.ads (adacl.gpr) failed with status 1
gnat1: invalid switch: -gnat2022
adacl.gpr: error: [Ada Compile] adacl-calendar.adb (adacl.gpr) failed with status 1
gnat1: invalid switch: -gnat2022
adacl.gpr: error: [Ada Compile] adacl-command_line-getopt.adb (adacl.gpr) failed with status 1
gnat1: invalid switch: -gnat2022
adacl.gpr: error: [Ada Compile] adacl-command_line.ads (adacl.gpr) failed with status 1
ERROR: Command ["gprbuild", "-s", "-j0", "-p", "-P", "D:\a\alire-crates-ci\alire-crates-ci\test\60f90167-079d-4c9e-96a3-776e120609ff\adacl_serial_7.2.1_a26641a6\test\adacl_serial_test.gpr"] exited with code 4
ERROR: Compilation failed.
Running tests...
Note: Building adacl_serial_test=7.2.1/adacl_serial_test.gpr...
[Ada Compile]     adacl-base.ads
[Ada Compile]     adacl-calendar.adb
[Ada Compile]     adacl-command_line-getopt.adb
[Ada Compile]     adacl-command_line.ads
gnat1: invalid switch: -gnat2022
adacl.gpr: error: [Ada Compile] adacl-base.ads (adacl.gpr) failed with status 1
gnat1: invalid switch: -gnat2022
adacl.gpr: error: [Ada Compile] adacl-calendar.adb (adacl.gpr) failed with status 1
gnat1: invalid switch: -gnat2022
adacl.gpr: error: [Ada Compile] adacl-command_line-getopt.adb (adacl.gpr) failed with status 1
gnat1: invalid switch: -gnat2022
adacl.gpr: error: [Ada Compile] adacl-command_line.ads (adacl.gpr) failed with status 1
ERROR: Command ["gprbuild", "-s", "-j0", "-p", "-P", "D:\a\alire-crates-ci\alire-crates-ci\test\60f90167-079d-4c9e-96a3-776e120609ff\adacl_serial_7.2.1_a26641a6\test\adacl_serial_test.gpr"] exited with code 4
ERROR: Build failed
FAILED: Test Log Off (Exit-Code: 1)
Fail-Fast: Stopping on first error.
[alr test] Test action exited with error code 1
