Test ran at 2025-02-15 13:02:56.275202+00:00

SOLUTION:
flux=1.0.0: Experimental data stream library for Ada
Origin: commit 688d2c90e075aff1d225958682141d6476f03ea7 from https://github.com/Fabien-Chouteau/flux.git
Properties:
   Author: Fabien Chouteau
   Config type: Enable_File_IO : Boolean default: 'true'
   Configuration: no modifiers
   Description: Experimental data stream library for Ada
   License: Apache-2.0
   Maintainer: Fabien Chouteau <chouteau@adacore.com>
   Maintainers_Logins: Fabien-Chouteau
   Name: flux
   Version: 1.0.0


LOG:
Spawning: alr -d -n get --build flux=1.0.0
Note: Deploying flux=1.0.0...
Note: Alire has selected automatically this toolchain:
   gprbuild=22.0.1
   gnat_native=14.2.1
You can select a different toolchain at any time with `alr toolchain --select`
Download will start now:
Note: Deploying gprbuild=22.0.1...
#=#=#                                                                          

                                                                           0.0%
#################                                                         24.9%
#########################                                                 34.8%
#########################                                                 34.9%
#####################################                                     51.5%
#####################################################                     74.3%
#######################################################################   99.2%
######################################################################## 100.0%
Note: gprbuild=22.0.1 installed successfully.
Note: Deploying gnat_native=14.2.1...
#=#=#                                                                          

                                                                           0.0%
######                                                                     8.5%
#############                                                             19.1%
#####################                                                     29.6%
############################                                              40.0%
###################################                                       48.8%
#########################################                                 57.5%
################################################                          67.1%
#######################################################                   76.9%
############################################################              84.4%
##################################################################        92.8%
######################################################################## 100.0%
Note: gnat_native=14.2.1 installed successfully.
Note: Building flux=1.0.0/flux.gpr...
Setup
   [mkdir]        object directory for project Flux
   [mkdir]        library directory for project Flux
Compile
   [Ada]          flux-interfaces-file_io-sink.adb
   [Ada]          flux-interfaces-file_io-source.adb
   [Ada]          flux-traits-file_io.ads
   [Ada]          flux-traits-file_io-sink.adb
   [Ada]          flux-interfaces-file_io.ads
   [Ada]          flux_config.ads
   [Ada]          flux-interfaces-bounded_array-source.adb
   [Ada]          flux-interfaces-seekable_source.ads
   [Ada]          flux-interfaces-bounded_array-sink.adb
   [Ada]          flux-interfaces-source.ads
   [Ada]          flux.ads
   [Ada]          flux-traits-seekable_source.ads
   [Ada]          flux-traits-bounded_array_source.adb
   [Ada]          flux-traits-bounded_array_duplex.adb
   [Ada]          flux-interfaces-as_traits.ads
   [Ada]          flux-traits-memory_duplex.adb
   [Ada]          flux-traits-memory_sink.adb
   [Ada]          flux-interfaces.ads
   [Ada]          flux-interfaces-hexdump.adb
   [Ada]          flux-interfaces-bounded_array.ads
   [Ada]          flux-traits.ads
   [Ada]          flux-interfaces-as_traits-sink.adb
   [Ada]          flux-slice.adb
   [Ada]          flux-traits-leb128.adb
   [Ada]          flux-interfaces-as_traits-source.adb
   [Ada]          flux-interfaces-as_traits-duplex.adb
   [Ada]          flux-interfaces-bounded_array-sink-as_traits.ads
   [Ada]          flux-interfaces-bounded_array-duplex.adb
   [Ada]          flux-traits-sink.ads
   [Ada]          flux-interfaces-leb128.adb
   [Ada]          flux-traits-hexdump.adb
   [Ada]          flux-interfaces-bounded_array-source-as_traits.ads
   [Ada]          flux-traits-source.ads
   [Ada]          flux-traits-bounded_array_sink.adb
   [Ada]          flux-traits-duplex.ads
   [Ada]          flux-traits-memory_source.adb
   [Ada]          flux-interfaces-bounded_array-duplex-as_traits.ads
   [Ada]          flux-interfaces-sink.ads
Build Libraries
   [gprlib]       Flux.lexch
   [archive]      libFlux.a
   [index]        libFlux.a

flux=1.0.0 successfully retrieved and built.
There are no dependencies.
Found declared GPR file: flux.gpr
