Test ran at 2026-01-05 13:23:19.671274+00:00

SOLUTION:
spawn_glib=25.0.0: A simple library to spawn processes and communicate with them.
Origin: source archive spawn-25.0.0.zip at https://github.com/adacore/spawn/archive/v25.0.0/spawn-25.0.0.zip with hash sha512:c1135d5db88cf6672a8e784ad5805020e3d6e97b0cd4f25b21f03b1e2c6f1bec9f84cd68a41554b5d5e4c2829712668fafd40de17e7874d3b22dd8cbddb5a615
Properties:
   Author: AdaCore
   Configuration: no modifiers
   Description: A simple library to spawn processes and communicate with them.
   GPR Scenario: SPAWN_OS := unix | osx | Windows_NT
   case OS is
      when Linux => GPR External: SPAWN_OS := unix
      when Macos => GPR External: SPAWN_OS := osx
      when Windows => GPR External: SPAWN_OS := Windows_NT
   License: Apache-2.0 WITH LLVM-exception
   Long_Description: This is Glib integrated implementation of a spawn processes interface.
   Maintainer: Vadim Godunko <vgodunko@gmail.com>
   Maintainer: Max Reznik <reznikmm@gmail.com>
   Maintainers_Logins: godunko
   Maintainers_Logins: reznikmm
   Name: spawn_glib
   Project_File: gnat/spawn_glib.gpr
   Tag: process
   Tag: launch
   Tag: pipe
   Tag: glib
   Version: 25.0.0
   Website: https://github.com/AdaCore/spawn
Dependencies (direct):
   gtkada>=23
Dependencies (solution):
   gtkada=25.0.1
   libgtk3=3.24.51
   make=4.4.1
   pkg_config=2.5.1
Dependencies (graph):
   gtkada=25.0.1     --> libgtk3=3.24.51 (>=3.24.24)
   gtkada=25.0.1     --> make=4.4.1 (*)
   gtkada=25.0.1     --> pkg_config=2.5.1 (*)
   spawn_glib=25.0.0 --> gtkada=25.0.1 (>=23)


LOG:
[alr test] Testing spawn_glib=25.0.0
[alr test] Spawning retrieval for remote crate: alr -d -n get spawn_glib=25.0.0
Note: Deploying spawn_glib=25.0.0...

#=#=#                                                                          
##O#-#                                                                         
Note: Deploying libgtk3=3.24.51...
The system package 'gtk3' is about to be installed.
This action might require admin privileges and impact your system installation.
Do you want Alire to install this system package?
Using default: Yes
resolving dependencies...
looking for conflicting packages...
warning: dependency cycle detected:
warning: librsvg will be installed before its gdk-pixbuf2 dependency

Package (50)                     New Version  Net Change  Download Size

extra/adwaita-cursors            49.0-1        11.41 MiB       0.35 MiB
extra/adwaita-fonts              49.0-2         7.22 MiB       2.11 MiB
extra/adwaita-icon-theme         49.0-1         1.17 MiB       0.20 MiB
extra/adwaita-icon-theme-legacy  46.2-3         2.23 MiB       2.17 MiB
extra/at-spi2-core               2.58.2-1       3.97 MiB       0.56 MiB
extra/avahi                      1:0.9rc2-1     1.94 MiB       0.42 MiB
extra/bubblewrap                 0.11.0-1       0.09 MiB       0.04 MiB
extra/cairo                      1.18.4-1       1.59 MiB       0.61 MiB
extra/dconf                      0.49.0-1       0.45 MiB       0.10 MiB
extra/desktop-file-utils         0.28-1         0.18 MiB       0.04 MiB
extra/duktape                    2.7.0-7        0.78 MiB       0.17 MiB
extra/fontconfig                 2:2.17.1-1     1.12 MiB       0.37 MiB
extra/fribidi                    1.0.16-2       0.24 MiB       0.07 MiB
extra/gdk-pixbuf2                2.44.4-1       2.95 MiB       0.48 MiB
extra/glib-networking            1:2.80.1-1     0.65 MiB       0.14 MiB
extra/glycin                     2.0.7-1       19.56 MiB       3.91 MiB
extra/gsettings-desktop-schemas  49.1-1         5.69 MiB       0.75 MiB
extra/gsettings-system-schemas   49.1-1         0.01 MiB       0.01 MiB
extra/gtk-update-icon-cache      1:4.20.3-1     0.04 MiB       0.02 MiB
extra/hicolor-icon-theme         0.18-1         0.05 MiB       0.01 MiB
extra/iso-codes                  4.20.1-1      22.30 MiB       3.60 MiB
extra/json-glib                  1.10.8-1       1.01 MiB       0.17 MiB
extra/lcms2                      2.17-1         0.67 MiB       0.21 MiB
extra/libcloudproviders          0.3.6-2        0.47 MiB       0.06 MiB
extra/libcolord                  1.4.8-1        1.24 MiB       0.18 MiB
extra/libcups                    2:2.4.16-1     0.77 MiB       0.27 MiB
extra/libdaemon                  0.14-6         0.06 MiB       0.02 MiB
extra/libdatrie                  0.2.14-1       0.49 MiB       0.11 MiB
extra/libepoxy                   1.5.10-3       2.64 MiB       0.30 MiB
extra/libproxy                   0.5.12-1       0.10 MiB       0.03 MiB
extra/librsvg                    2:2.61.3-1    10.39 MiB       2.30 MiB
extra/libsoup3                   3.6.5-1        1.95 MiB       0.38 MiB
extra/libstemmer                 3.0.1-1        0.60 MiB       0.13 MiB
extra/libthai                    0.1.29-3       1.22 MiB       0.27 MiB
extra/libxcomposite              0.4.6-2        0.02 MiB       0.01 MiB
extra/libxdamage                 1.1.6-2        0.02 MiB       0.01 MiB
extra/libxft                     2.3.9-1        0.13 MiB       0.06 MiB
extra/libxi                      1.8.2-1        0.48 MiB       0.15 MiB
extra/libxinerama                1.1.5-2        0.02 MiB       0.01 MiB
extra/libxkbcommon               1.13.1-1       1.03 MiB       0.27 MiB
extra/libxrandr                  1.5.4-1        0.07 MiB       0.03 MiB
extra/libxtst                    1.2.5-1        0.11 MiB       0.03 MiB
core/lzo                         2.10-5         0.38 MiB       0.09 MiB
extra/pango                      1:1.57.0-2     2.33 MiB       0.41 MiB
extra/pixman                     0.46.4-1       0.74 MiB       0.28 MiB
extra/shared-mime-info           2.4-2          4.57 MiB       0.60 MiB
extra/tinysparql                 3.10.1-2       3.85 MiB       1.05 MiB
extra/xkeyboard-config           2.46-1        10.21 MiB       0.86 MiB
extra/xorg-xprop                 1.2.8-1        0.05 MiB       0.03 MiB
extra/gtk3                       1:3.24.51-1   52.56 MiB       8.80 MiB

Total Download Size:    33.23 MiB
Total Installed Size:  181.81 MiB

:: Proceed with installation? [Y/n] 
:: Retrieving packages...
 gtk3-1:3.24.51-1-x86_64 downloading...
 glycin-2.0.7-1-x86_64 downloading...
 iso-codes-4.20.1-1-any downloading...
 librsvg-2:2.61.3-1-x86_64 downloading...
 adwaita-icon-theme-legacy-46.2-3-any downloading...
 adwaita-fonts-49.0-2-any downloading...
 tinysparql-3.10.1-2-x86_64 downloading...
 xkeyboard-config-2.46-1-any downloading...
 gsettings-desktop-schemas-49.1-1-any downloading...
 cairo-1.18.4-1-x86_64 downloading...
 shared-mime-info-2.4-2-x86_64 downloading...
 at-spi2-core-2.58.2-1-x86_64 downloading...
 gdk-pixbuf2-2.44.4-1-x86_64 downloading...
 avahi-1:0.9rc2-1-x86_64 downloading...
 pango-1:1.57.0-2-x86_64 downloading...
 libsoup3-3.6.5-1-x86_64 downloading...
 fontconfig-2:2.17.1-1-x86_64 downloading...
 adwaita-cursors-49.0-1-any downloading...
 libepoxy-1.5.10-3-x86_64 downloading...
 pixman-0.46.4-1-x86_64 downloading...
 libthai-0.1.29-3-x86_64 downloading...
 libxkbcommon-1.13.1-1-x86_64 downloading...
 libcups-2:2.4.16-1-x86_64 downloading...
 lcms2-2.17-1-x86_64 downloading...
 adwaita-icon-theme-49.0-1-any downloading...
 libcolord-1.4.8-1-x86_64 downloading...
 duktape-2.7.0-7-x86_64 downloading...
 json-glib-1.10.8-1-x86_64 downloading...
 libxi-1.8.2-1-x86_64 downloading...
 glib-networking-1:2.80.1-1-x86_64 downloading...
 libstemmer-3.0.1-1-x86_64 downloading...
 libdatrie-0.2.14-1-x86_64 downloading...
 dconf-0.49.0-1-x86_64 downloading...
 lzo-2.10-5-x86_64 downloading...
 fribidi-1.0.16-2-x86_64 downloading...
 libcloudproviders-0.3.6-2-x86_64 downloading...
 libxft-2.3.9-1-x86_64 downloading...
 desktop-file-utils-0.28-1-x86_64 downloading...
 bubblewrap-0.11.0-1-x86_64 downloading...
 libproxy-0.5.12-1-x86_64 downloading...
 libxtst-1.2.5-1-x86_64 downloading...
 libxrandr-1.5.4-1-x86_64 downloading...
 xorg-xprop-1.2.8-1-x86_64 downloading...
 libdaemon-0.14-6-x86_64 downloading...
 gtk-update-icon-cache-1:4.20.3-1-x86_64 downloading...
 hicolor-icon-theme-0.18-1-any downloading...
 libxcomposite-0.4.6-2-x86_64 downloading...
 libxinerama-1.1.5-2-x86_64 downloading...
 libxdamage-1.1.6-2-x86_64 downloading...
 gsettings-system-schemas-49.1-1-any downloading...
checking keyring...
checking package integrity...
loading package files...
checking for file conflicts...
:: Processing package changes...
installing adwaita-fonts...
installing hicolor-icon-theme...
installing adwaita-icon-theme-legacy...
installing adwaita-cursors...
installing adwaita-icon-theme...
installing dconf...
installing gsettings-system-schemas...
installing gsettings-desktop-schemas...
installing libxi...
installing libxtst...
installing xorg-xprop...
installing at-spi2-core...
installing fontconfig...
Creating fontconfig configuration...
Rebuilding fontconfig cache...
installing lzo...
installing pixman...
installing cairo...
installing desktop-file-utils...
installing fribidi...
installing bubblewrap...
installing lcms2...
installing libdatrie...
installing libthai...
installing libxft...
installing pango...
installing librsvg...
installing glycin...
Optional dependencies for glycin
    libheif: Load .avif, .heic and .heif
installing shared-mime-info...
installing gdk-pixbuf2...
Optional dependencies for gdk-pixbuf2
    libheif: Load .avif, .heic and .heif
    libopenraw: Load .arw, .cr2, .crw, .dng, .erf, .mrw, .nef, .orf, .pef and .raf
    libwmf: Load .apm and .wmf
installing iso-codes...
installing libcloudproviders...
installing libcolord...
installing libdaemon...
installing avahi...
Optional dependencies for avahi
    gtk3: avahi-discover, avahi-discover-standalone, bshell, bssh, bvnc [pending]
    libevent: libevent bindings [installed]
    nss-mdns: NSS support for mDNS
    python-dbus: avahi-bookmarks, avahi-discover
    python-gobject: avahi-bookmarks, avahi-discover
    python-twisted: avahi-bookmarks
installing libcups...
installing libepoxy...
installing libxcomposite...
installing libxdamage...
installing libxinerama...
installing xkeyboard-config...
installing libxkbcommon...
Optional dependencies for libxkbcommon
    libxkbcommon-x11: xkbcli interactive-x11
    wayland: xkbcli interactive-wayland [installed]
installing libxrandr...
installing json-glib...
installing duktape...
installing libproxy...
installing glib-networking...
installing libsoup3...
Optional dependencies for libsoup3
    samba: Windows Domain SSO
installing libstemmer...
installing tinysparql...
installing gtk-update-icon-cache...
installing gtk3...
Optional dependencies for gtk3
    evince: Default print preview command
:: Running post-transaction hooks...
( 1/13) Creating system user accounts...
Creating group 'avahi' with GID 970.
Creating user 'avahi' (Avahi mDNS/DNS-SD daemon) with UID 970 and GID 970.
( 2/13) Reloading system manager configuration...
  Skipped: Current root is not booted.
( 3/13) Reloading user manager configuration...
  Skipped: Current root is not booted.
( 4/13) Arming ConditionNeedsUpdate...
( 5/13) Updating the MIME type database...
( 6/13) Updating fontconfig configuration...
( 7/13) Reloading system bus configuration...
  Skipped: Current root is not booted.
( 8/13) Updating fontconfig cache...
( 9/13) Updating GIO module cache...
(10/13) Compiling GSettings XML schema files...
(11/13) Probing GTK3 input method modules...
(12/13) Updating icon theme caches...
(13/13) Updating the desktop file MIME type cache...
Note: Deploying gtkada=25.0.1...

#=#=#                                                                          
##O#-#                                                                         
##=O#- #                                                                       
# #=O#- #                                                                      
 # #=O#-  #                                                                    
  # #=O=#   #                                                                  
   # #=O=#   #                                                                 
    # -#O=-#   #                                                               
     # -#O=- #   #                                                             

spawn_glib=25.0.0 successfully retrieved.
Dependencies were solved as follows:

   +  gtkada     25.0.1  (new)
   +b libgtk3    3.24.51 (new,indirect,system package)
   +b make       4.4.1   (new,indirect,system package)
   +b pkg_config 2.5.1   (new,indirect,system package)
[alr test] Spawning default test for remote crate: alr -d -n build --release -- -cargs:Ada -gnatwn
Note: Running post-fetch actions for gtkada=25.0.1...
checking build system type... x86_64-pc-linux-gnu
checking host system type... x86_64-pc-linux-gnu
checking target system type... x86_64-pc-linux-gnu
checking for pkg-config... /usr/sbin/pkg-config
checking pkg-config is at least version 0.9.0... yes
checking for gcc... gcc
checking whether the C compiler works... yes
checking for C compiler default output file name... a.out
checking for suffix of executables... 
checking whether we are cross compiling... no
checking for suffix of object files... o
checking whether we are using the GNU C compiler... yes
checking whether gcc accepts -g... yes
checking for gcc option to accept ISO C89... none needed
checking for gprbuild... /root/.local/share/alire/toolchains/gprbuild_25.0.1_9a2e6cfb/bin/gprbuild
checking for gprinstall... /root/.local/share/alire/toolchains/gprbuild_25.0.1_9a2e6cfb/bin/gprinstall
checking that your gnat compiler works with a simple example... yes
checking whether NLS is requested... yes
checking for gettext in libc... yes
checking for GTK... yes
checking for pkg-config... (cached) /usr/sbin/pkg-config
checking pkg-config is at least version 0.16... yes
checking for GTK+ - version >= 3.24.24... yes (version 3.24.51)
checking for GMODULE... yes
checking for FONTCONFIG... yes
configure: creating ./config.status
config.status: creating Makefile
config.status: creating gtkada_shared.gpr
config.status: creating po/Makefile
config.status: creating docs/gtkada_rm/html/static/index.html
configure: --------- Summary for Gtkada 18.0w -----------------
configure:   Shared libraries:       yes (default: static)
configure: --------------------------------------------
gnatprep -DGETTEXT_INTL=False -DHAVE_GETTEXT=True src/gtkada-intl.gpb src/gtkada-intl.adb
Note: Building spawn_glib=25.0.0/gnat/spawn_glib.gpr...
Setup
   [mkdir]        object directory for project GtkAda
   [mkdir]        library directory for project GtkAda
   [mkdir]        object directory for project Spawn_Glib
   [mkdir]        library directory for project Spawn_Glib
Compile
   [Ada]          gdk-pixbuf.adb
   [Ada]          glib-convert.adb
   [Ada]          gdk-property.adb
   [Ada]          gdk-window_attr.adb
   [Ada]          cairo-region.adb
   [Ada]          gdk-color.adb
   [Ada]          gtkada-dialogs.adb
   [Ada]          gdk-threads.ads
   [Ada]          fontconfig.adb
   [Ada]          cairo-font_options.adb
   [Ada]          glib-enums.ads
   [Ada]          gtkada-abstract_list_model.adb
   [Ada]          cairo-font_face.ads
   [Ada]          gtkada-builder.adb
   [Ada]          gtkada-stock_icons.ads
   [Ada]          glib-object.adb
   [Ada]          glib-module.adb
   [Ada]          glib-gslist.adb
   [Ada]          glib-key_file.adb
   [Ada]          glib-gnodes.adb
   [Ada]          gtkada-canvas_view-models.adb
   [Ada]          gtkada-file_selection.adb
   [Ada]          gdk-types.ads
   [Ada]          gtkada-pixmaps.ads
   [Ada]          glib-graphs-layouts.adb
   [Ada]          gtkada.ads
   [Ada]          cairo-matrix.ads
   [Ada]          glib-glist.adb
   [Ada]          cairo-pdf.adb
   [Ada]          gdk-types-keysyms.ads
   [Ada]          gtkada-intl.adb
   [Ada]          gdk-rectangle.adb
   [Ada]          cairo.adb
   [Ada]          gtkada-c.adb
   [Ada]          gtk-arguments.adb
   [Ada]          gtk-dnd.adb
   [Ada]          gtkada-abstract_tree_model.adb
   [Ada]          gtkada-canvas_view-views.adb
   [Ada]          gtkada-mdi.adb
   [Ada]          gtkada-style.adb
   [Ada]          glib-properties-creation.adb
   [Ada]          gtk-handlers.adb
   [Ada]          gdk-keyval.adb
   [Ada]          gtkada-canvas_view-astar.adb
   [Ada]          gtk-marshallers.adb
   [Ada]          gtkada-canvas_view-objects.adb
   [Ada]          gtkada-canvas_view-rtrees.adb
   [Ada]          gtk-tree_model-utils.adb
   [Ada]          cairo-scaled_font.ads
   [Ada]          glib-graphs.adb
   [Ada]          gtkada-types.adb
   [Ada]          gtkada-printing.adb
   [Ada]          cairo-surface.adb
   [Ada]          pango-cairo.adb
   [Ada]          cairo-svg.adb
   [Ada]          gtk-bindings.adb
   [Ada]          glib-xml_int.ads
   [Ada]          gtkada-stock_labels.ads
   [Ada]          gtkada-bindings.adb
   [Ada]          glib-messages.adb
   [Ada]          glib-unicode.adb
   [Ada]          cairo-pattern.ads
   [Ada]          gtkada-handlers.ads
   [Ada]          glib-values.adb
   [Ada]          gtkada-canvas_view-links.adb
   [Ada]          gtkada-multi_paned.adb
   [Ada]          glib.adb
   [Ada]          cairo-image_surface.adb
   [Ada]          cairo-png.adb
   [Ada]          glib-main.adb
   [Ada]          glib-xml.adb
   [Ada]          gtkada-canvas_view-models-layers.adb
   [Ada]          gdk-dnd.adb
   [Ada]          glib-properties.adb
   [Ada]          gdk-input.ads
   [Ada]          gdk-visual.adb
   [Ada]          gtk-type_conversion.adb
   [Ada]          glib-error.adb
   [Ada]          gtkada-canvas.adb
   [Ada]          gtkada-application.adb
   [Ada]          glib-types.adb
   [Ada]          gdk-main.adb
   [Ada]          glib-type_conversion_hooks.adb
   [Ada]          gtk-rc.adb
   [Ada]          gdk.ads
   [Ada]          pango.ads
   [Ada]          gdk-display_manager.adb
   [Ada]          gtk.ads
   [Ada]          gtkada-canvas_view.adb
   [Ada]          gtkada-multiline_entry.adb
   [Ada]          glib-generic_properties.adb
   [Ada]          gdk-cairo.adb
   [Ada]          gtk-text_child.adb
   [Ada]          gtk-scrollable.adb
   [Ada]          gtk-flow_box.adb
   [Ada]          glib-spawn.adb
   [Ada]          gtk-search_bar.adb
   [Ada]          glib-utils.adb
   [Ada]          gtk-gesture_single.adb
   [Ada]          pango-tabs.adb
   [Ada]          gtk-check_button.adb
   [Ada]          gtk-arrow.adb
   [Ada]          gtk-recent_action.adb
   [Ada]          gdk-seat.adb
   [Ada]          gtk-adjustment.adb
   [Ada]          gtk-handle_box.adb
   [Ada]          gtk-image.adb
   [Ada]          gdk-drag_contexts.adb
   [Ada]          gtk-level_bar.adb
   [Ada]          gtk-tree_model.adb
   [Ada]          gtk-grid.adb
   [Ada]          gtk-icon_factory.adb
   [Ada]          gtk-font_chooser.adb
   [Ada]          gtk-assistant.adb
   [Ada]          gtk-action_group.adb
   [Ada]          gtk-color_chooser_widget.adb
   [Ada]          gtk-spin_button.adb
   [Ada]          gtk-event_controller.adb
   [Ada]          gtk-stack.adb
   [Ada]          gtk-radio_action.adb
   [Ada]          gtk-gesture_rotate.adb
   [Ada]          gtk-cell_view.adb
   [Ada]          gtk-text_mark.adb
   [Ada]          gtk-misc.adb
   [Ada]          gtk-text_child_anchor.adb
   [Ada]          gtk-builder.adb
   [Ada]          gtk-icon_view.adb
   [Ada]          gtk-cell_layout.adb
   [Ada]          pango-fontset.adb
   [Ada]          gtk-link_button.adb
   [Ada]          gtk-font_chooser_widget.adb
   [Ada]          glib-action_map.adb
   [Ada]          pango-enums.adb
   [Ada]          gtk-recent_info.adb
   [Ada]          gtk-alignment.adb
   [Ada]          gtk-cell_editable.adb
   [Ada]          gtk-file_chooser_widget.adb
   [Ada]          gtk-font_selection_dialog.adb
   [Ada]          pango-attributes.adb
   [Ada]          gtk-file_chooser.adb
   [Ada]          gtk-tree_row_reference.adb
   [Ada]          gtk-calendar.adb
   [Ada]          gtk-file_filter.adb
   [Ada]          gtk-cell_renderer_combo.adb
   [Ada]          gtk-gesture_swipe.adb
   [Ada]          gtk-container.adb
   [Ada]          glib-poll.adb
   [Ada]          pango-font_metrics.adb
   [Ada]          gtk-search_entry.adb
   [Ada]          glib-option.adb
   [Ada]          gtk-tree_selection.adb
   [Ada]          gtk-popover.adb
   [Ada]          gtk-color_selection_dialog.adb
   [Ada]          gtk-tool_item_group.adb
   [Ada]          gtk-tree_model_sort.adb
   [Ada]          gtk-accel_group.adb
   [Ada]          gtk-tree_drag_source.adb
   [Ada]          gtk-color_selection.adb
   [Ada]          pango-font_map.adb
   [Ada]          gtk-tool_palette.adb
   [Ada]          gtk-tool_shell.adb
   [Ada]          gtk-scale_button.adb
   [Ada]          pango-matrix.adb
   [Ada]          pango-font_family.adb
   [Ada]          gtk-viewport.adb
   [Ada]          gtk-file_chooser_dialog.adb
   [Ada]          gtk-drawing_area.adb
   [Ada]          gtk-list_store.adb
   [Ada]          gtk-tree_view.adb
   [Ada]          gtk-tearoff_menu_item.adb
   [Ada]          gtk-font_selection.adb
   [Ada]          gtk-bin.adb
   [Ada]          gtk-header_bar.adb
   [Ada]          gtk-combo_box.adb
   [Ada]          gdk-frame_timings.adb
   [Ada]          gtk-spinner.adb
   [Ada]          gtk-recent_chooser_widget.adb
   [Ada]          gtk-widget.adb
   [Ada]          gtk-print_operation_preview.adb
   [Ada]          gtk-action.adb
   [Ada]          gtk-separator_menu_item.adb
   [Ada]          gdk-device.adb
   [Ada]          gtk-fixed.adb
   [Ada]          gtk-paned.adb
   [Ada]          glib-action.adb
   [Ada]          gtk-css_provider.adb
   [Ada]          gtk-toggle_tool_button.adb
   [Ada]          glib-list_model.adb
   [Ada]          gdk-monitor.adb
   [Ada]          glib-string.adb
   [Ada]          gtk-recent_filter.adb
   [Ada]          gtk-stack_switcher.adb
   [Ada]          glib-variant.adb
   [Ada]          glib-g_icon.adb
   [Ada]          glib-simple_action.adb
   [Ada]          gtk-button.adb
   [Ada]          gtk-switch.adb
   [Ada]          gtk-cell_renderer_progress.adb
   [Ada]          gtk-text_iter.adb
   [Ada]          gtk-shortcuts_window.adb
   [Ada]          pango-font.adb
   [Ada]          gtk-size_group.adb
   [Ada]          gtk-text_tag_table.adb
   [Ada]          gtk-menu.adb
   [Ada]          gtk-main.adb
   [Ada]          gtk-text_attributes.adb
   [Ada]          gtk-cell_renderer_accel.adb
   [Ada]          glib-action_group.adb
   [Ada]          gtk-cell_area.adb
   [Ada]          gtk-icon_theme.adb
   [Ada]          gtk-hbutton_box.adb
   [Ada]          pango-coverage.adb
   [Ada]          gtk-gesture.adb
   [Ada]          gtk-stock.adb
   [Ada]          gdk-device_tool.adb
   [Ada]          gtk-entry_buffer.adb
   [Ada]          gtk-actionable.adb
   [Ada]          gdk-drawing_context.adb
   [Ada]          gtk-gesture_zoom.adb
   [Ada]          gtk-target_entry.adb
   [Ada]          gtk-cell_renderer_pixbuf.adb
   [Ada]          gtk-revealer.adb
   [Ada]          gtk-status_icon.adb
   [Ada]          gdk-cursor.adb
   [Ada]          gtk-color_chooser.adb
   [Ada]          gtk-text_view.adb
   [Ada]          gtk-aspect_frame.adb
   [Ada]          gtk-symbolic_color.adb
   [Ada]          gtk-gradient.adb
   [Ada]          gtk-clipboard.adb
   [Ada]          gtk-print_operation.adb
   [Ada]          gtk-button_box.adb
   [Ada]          gtk-cell_area_box.adb
   [Ada]          gtk-menu_tool_button.adb
   [Ada]          gtk-text_buffer.adb
   [Ada]          gtk-im_context_simple.adb
   [Ada]          gtk-toggle_button.adb
   [Ada]          gtk-box.adb
   [Ada]          gdk-screen.adb
   [Ada]          gtk-tree_store.adb
   [Ada]          gtk-cell_renderer_toggle.adb
   [Ada]          gdk-glcontext.adb
   [Ada]          pango-language.adb
   [Ada]          gtk-list_box.adb
   [Ada]          gtk-scale.adb
   [Ada]          gtk-settings.adb
   [Ada]          gtk-enums.adb
   [Ada]          gtk-text_tag.adb
   [Ada]          gtk-glarea.adb
   [Ada]          gdk-rgba.adb
gtk-enums.adb:38:04: warning: possible aliasing problem for type "Chars_Ptr" [enabled by default]
gtk-enums.adb:38:04: warning: use -fno-strict-aliasing switch for references [enabled by default]
gtk-enums.adb:38:04: warning: or use "pragma No_Strict_Aliasing (Chars_Ptr);" [enabled by default]
   [Ada]          gtk-cell_renderer.adb
   [Ada]          glib-iochannel.adb
   [Ada]          gtk-application.adb
   [Ada]          glib-cancellable.adb
   [Ada]          gtk-color_button.adb
   [Ada]          gtk-tree_drag_dest.adb
   [Ada]          gtk-tool_button.adb
   [Ada]          gtk-gesture_drag.adb
   [Ada]          pango-context.adb
   [Ada]          glib-notification.adb
   [Ada]          gtk-event_box.adb
   [Ada]          gtk-recent_chooser_menu.adb
   [Ada]          gtk-file_chooser_button.adb
   [Ada]          gtk-font_chooser_dialog.adb
   [Ada]          gtk-table.adb
   [Ada]          gtk-frame.adb
   [Ada]          gtk-selection_data.adb
   [Ada]          gtk-theming_engine.adb
   [Ada]          gtk-offscreen_window.adb
   [Ada]          gtk-dialog.adb
   [Ada]          gtk-orientable.adb
   [Ada]          gtk-style_properties.adb
   [Ada]          gtk-list_box_row.adb
   [Ada]          gtk-status_bar.adb
   [Ada]          gtk-tooltip.adb
   [Ada]          gtk-image_menu_item.adb
   [Ada]          gtk-info_bar.adb
   [Ada]          gdk-display.adb
   [Ada]          gtk-flow_box_child.adb
   [Ada]          gtk-entry_completion.adb
   [Ada]          gtk-css_section.adb
   [Ada]          gtk-recent_chooser_dialog.adb
   [Ada]          gtk-editable.adb
   [Ada]          gtk-gesture_multi_press.adb
   [Ada]          gtk-tree_model_filter.adb
   [Ada]          gdk-event.adb
   [Ada]          gtk-scrollbar.adb
   [Ada]          gtk-style_context.adb
   [Ada]          gtk-gesture_long_press.adb
   [Ada]          gtk-invisible.adb
   [Ada]          gtk-target_list.adb
   [Ada]          gtk-paper_size.adb
   [Ada]          gtk-gentry.adb
   [Ada]          gtk-font_button.adb
   [Ada]          gtk-print_settings.adb
   [Ada]          gtk-tree_sortable.adb
   [Ada]          pango-font_face.adb
   [Ada]          glib-simple_action_group.adb
   [Ada]          gtk-cell_renderer_text.adb
   [Ada]          gtk-cell_renderer_spinner.adb
   [Ada]          gtk-icon_set.adb
   [Ada]          gtk-overlay.adb
   [Ada]          gtk-menu_shell.adb
   [Ada]          gtk-recent_manager.adb
   [Ada]          gdk-window.adb
   [Ada]          gtk-action_bar.adb
   [Ada]          gtk-style.adb
   [Ada]          gtk-style_provider.adb
   [Ada]          gtk-menu_item.adb
   [Ada]          gtk-volume_button.adb
   [Ada]          gtk-label.adb
   [Ada]          gtk-hsv.adb
   [Ada]          gtk-page_setup.adb
   [Ada]          gtk-toggle_action.adb
   [Ada]          gdk-device_manager.adb
   [Ada]          gtk-expander.adb
   [Ada]          gtk-menu_button.adb
   [Ada]          gtk-print_context.adb
   [Ada]          glib-menu_model.adb
   [Ada]          gtk-binding_set.adb
   [Ada]          glib-application.adb
   [Ada]          gtk-cell_area_context.adb
   [Ada]          gtk-radio_button.adb
   [Ada]          gtk-application_window.adb
   [Ada]          glib-menu.adb
   [Ada]          gtk-color_chooser_dialog.adb
   [Ada]          gtk-window.adb
   [Ada]          gtk-separator.adb
   [Ada]          gtk-scrolled_window.adb
   [Ada]          gtk-ui_manager.adb
   [Ada]          gtk-message_dialog.adb
   [Ada]          gtk-progress_bar.adb
   [Ada]          gtk-im_context.adb
   [Ada]          gtk-radio_menu_item.adb
   [Ada]          gtk-buildable.adb
   [Ada]          gtk-toolbar.adb
   [Ada]          gtk-cell_renderer_spin.adb
   [Ada]          gtk-vbutton_box.adb
   [Ada]          gtk-accel_map.adb
   [Ada]          gtk-recent_chooser.adb
   [Ada]          gtk-check_menu_item.adb
   [Ada]          gtk-icon_source.adb
   [Ada]          gtk-notebook.adb
   [Ada]          gtk-separator_tool_item.adb
   [Ada]          gtk-menu_bar.adb
   [Ada]          gtk-gesture_pan.adb
   [Ada]          gtk-radio_tool_button.adb
   [Ada]          gdk-frame_clock.adb
   [Ada]          gtk-about_dialog.adb
   [Ada]          gtk-layout.adb
   [Ada]          gtk-combo_box_text.adb
   [Ada]          pango-layout.adb
   [Ada]          gtk-tool_item.adb
   [Ada]          gtk-tree_view_column.adb
   [Ada]          gtk-accel_label.adb
   [Ada]          gtk-grange.adb
   [Ada]          gtk-im_multi_context.adb
   [Ada]          gtk-activatable.adb
   [C]            misc.c
   [C]            misc_generated.c
   [c]            posix_const.c
   [c]            pipe2.c
   [Ada]          spawn-posix.ads
   [Ada]          spawn-environments.adb
   [Ada]          spawn-string_vectors.ads
   [Ada]          spawn.ads
   [Ada]          spawn-common.adb
/root/.local/share/alire/builds/gtkada_25.0.1_d3787772/5b0a6c228d630e36e6dc7a2e55ab79e0ec87b01c42118c60761c64f4c6d5669c/src/misc.c: In function 'ada_gdk_pixbuf_animation_new_from_file':
/root/.local/share/alire/builds/gtkada_25.0.1_d3787772/5b0a6c228d630e36e6dc7a2e55ab79e0ec87b01c42118c60761c64f4c6d5669c/src/misc.c:102:3: warning: 'gdk_pixbuf_animation_new_from_file' is deprecated [-Wdeprecated-declarations]
  102 |   return gdk_pixbuf_animation_new_from_file (filename, error);
      |   ^~~~~~
In file included from /usr/include/gdk-pixbuf-2.0/gdk-pixbuf/gdk-pixbuf.h:36,
                 from /usr/include/gtk-3.0/gdk/gdkpixbuf.h:33,
                 from /usr/include/gtk-3.0/gdk/gdkcairo.h:29,
                 from /usr/include/gtk-3.0/gdk/gdk.h:33,
                 from /root/.local/share/alire/builds/gtkada_25.0.1_d3787772/5b0a6c228d630e36e6dc7a2e55ab79e0ec87b01c42118c60761c64f4c6d5669c/src/misc.c:38:
/usr/include/gdk-pixbuf-2.0/gdk-pixbuf/gdk-pixbuf-animation.h:63:21: note: declared here
   63 | GdkPixbufAnimation *gdk_pixbuf_animation_new_from_file   (const char         *filename,
      |                     ^~~~~~~~~~~~~~~~~~~~~~~~~~~~~~~~~~
/root/.local/share/alire/builds/gtkada_25.0.1_d3787772/5b0a6c228d630e36e6dc7a2e55ab79e0ec87b01c42118c60761c64f4c6d5669c/src/misc.c: In function 'ada_g_module_build_path':
/root/.local/share/alire/builds/gtkada_25.0.1_d3787772/5b0a6c228d630e36e6dc7a2e55ab79e0ec87b01c42118c60761c64f4c6d5669c/src/misc.c:161:3: warning: 'g_module_build_path' is deprecated [-Wdeprecated-declarations]
  161 |   return g_module_build_path (directory, module_name);
      |   ^~~~~~
In file included from /usr/include/glib-2.0/gio/giomodule.h:31,
                 from /usr/include/glib-2.0/gio/gio.h:102,
                 from /usr/include/gtk-3.0/gdk/gdkapplaunchcontext.h:28,
                 from /usr/include/gtk-3.0/gdk/gdk.h:32:
/usr/include/glib-2.0/gmodule.h:142:23: note: declared here
  142 | gchar*                g_module_build_path    (const gchar  *directory,
      |                       ^~~~~~~~~~~~~~~~~~~
   [Ada]          spawn-process_listeners.ads
   [Ada]          spawn-polls-posix_polls.adb
   [Ada]          spawn-processes.adb
   [Ada]          spawn-polls.ads
   [Ada]          spawn-channels__glib_posix.adb
   [Ada]          spawn-internal__glib_posix.adb
   [Ada]          spawn-environments-internal__glib.adb
Build Libraries
   [gprlib]       gtkada.lexch
   [gprlib]       spawn_glib.lexch
   [archive]      libgtkada.a
   [index]        libgtkada.a
   [archive]      libspawn_glib.a
   [index]        libspawn_glib.a
Success: Build finished successfully in 118.26 seconds.
Found declared GPR file: gnat/spawn_glib.gpr
[alr test] Test completed SUCCESSFULLY
