Test ran at 2026-09-08 01:33:31.954970+00:00

SOLUTION:
itsybitsy_rp2040_bsp=1.0.0: Board support package for Arduino ItsyBitsy RP2040
Origin: commit 8c38f6ef3cd2d49871d916b82fc81b7e6b7f1f1d from https://github.com/hgrodriguez/itsybitsy_rp2040_bsp.git
Properties:
   Author: Holger Rodriguez
   Config set: rp2040_hal {Flash_Chip := w25qxx}
   Configuration: no modifiers
   Description: Board support package for Arduino ItsyBitsy RP2040
   License: BSD-3-Clause
   Maintainer: Holger Rodriguez <github@roseng.ch>
   Maintainers_Logins: hgrodriguez
   Name: itsybitsy_rp2040_bsp
   Tag: embedded
   Tag: nostd
   Tag: itsybitsy
   Tag: rp2040
   Tag: bsp
   Version: 1.0.0
   Website: https://github.com/hgrodriguez/itsybitsy_rp2040_bsp
Dependencies (direct):
   gnat_arm_elf^14
   rp2040_hal^2
Dependencies (solution):
   atomic=1.1.0
   bbqueue=1.0.0
   cortex_m=1.1.0
   gnat=14.2.1 (gnat_arm_elf)
   gnat_arm_elf=14.2.1
   hal=1.0.0
   rp2040_hal=2.7.1
   usb_embedded=1.0.1
Dependencies (graph):
   bbqueue=1.0.0              --> atomic=1.1.0 (^1.0.0)
   bbqueue=1.0.0              --> gnat=14.2.1 (gnat_arm_elf) (>=10)
   cortex_m=1.1.0             --> gnat_arm_elf=14.2.1 (>=12)
   cortex_m=1.1.0             --> hal=1.0.0 (~0.3 | ^1.0.0)
   itsybitsy_rp2040_bsp=1.0.0 --> gnat_arm_elf=14.2.1 (^14)
   itsybitsy_rp2040_bsp=1.0.0 --> rp2040_hal=2.7.1 (^2)
   rp2040_hal=2.7.1           --> atomic=1.1.0 (^1)
   rp2040_hal=2.7.1           --> cortex_m=1.1.0 (^1)
   rp2040_hal=2.7.1           --> gnat_arm_elf=14.2.1 (>=14 & /=15.1.2)
   rp2040_hal=2.7.1           --> hal=1.0.0 (^1)
   rp2040_hal=2.7.1           --> usb_embedded=1.0.1 (^1)
   usb_embedded=1.0.1         --> bbqueue=1.0.0 (^1.0.0)
   usb_embedded=1.0.1         --> hal=1.0.0 (^1.0.0)


LOG:
[alr test] Testing itsybitsy_rp2040_bsp=1.0.0
[alr test] Spawning retrieval for remote crate: alr -d -n get itsybitsy_rp2040_bsp=1.0.0
Note: Deploying itsybitsy_rp2040_bsp=1.0.0...
Note: Deploying atomic=1.1.0...
Note: Deploying gnat_arm_elf=14.2.1...

#=#=#                                                                          
                                                                           0.0%
                                                                           1.3%
#                                                                          2.2%
##                                                                         3.8%
###                                                                        4.4%
####                                                                       6.6%
#####                                                                      8.0%
######                                                                     8.7%
######                                                                     8.8%
######                                                                     9.0%
######                                                                     9.4%
#######                                                                   10.8%
#######                                                                   10.9%
########                                                                  12.0%
#########                                                                 12.8%
#########                                                                 13.1%
##########                                                                15.2%
###########                                                               15.3%
###########                                                               16.2%
############                                                              17.1%
############                                                              17.5%
#############                                                             18.9%
##############                                                            19.7%
###############                                                           20.9%
###############                                                           21.9%
#################                                                         23.6%
#################                                                         24.1%
##################                                                        25.1%
##################                                                        26.2%
####################                                                      28.1%
####################                                                      28.4%
####################                                                      28.9%
#####################                                                     30.0%
######################                                                    30.6%
#######################                                                   32.2%
#######################                                                   32.8%
########################                                                  34.7%
#########################                                                 35.4%
##########################                                                36.3%
##########################                                                37.2%
###########################                                               38.5%
############################                                              39.3%
#############################                                             40.9%
#############################                                             41.5%
##############################                                            42.6%
###############################                                           43.6%
###############################                                           43.7%
#################################                                         45.9%
#################################                                         47.1%
##################################                                        48.1%
##################################                                        48.4%
###################################                                       48.6%
###################################                                       48.9%
###################################                                       49.6%
####################################                                      50.3%
####################################                                      51.3%
#####################################                                     51.8%
#####################################                                     52.4%
#######################################                                   54.5%
#######################################                                   54.6%
#######################################                                   54.6%
#######################################                                   54.7%
#######################################                                   54.8%
#######################################                                   54.9%
########################################                                  56.0%
########################################                                  56.8%
##########################################                                58.6%
##########################################                                59.0%
###########################################                               60.2%
###########################################                               61.0%
############################################                              61.2%
#############################################                             62.5%
#############################################                             63.4%
##############################################                            64.4%
###############################################                           65.5%
###############################################                           65.6%
################################################                          67.7%
#################################################                         69.3%
##################################################                        69.9%
###################################################                       72.0%
####################################################                      72.3%
#####################################################                     73.9%
#####################################################                     74.3%
######################################################                    75.2%
######################################################                    76.2%
#######################################################                   76.5%
#######################################################                   76.5%
#######################################################                   77.7%
########################################################                  78.7%
#########################################################                 79.6%
#########################################################                 80.2%
##########################################################                80.8%
###########################################################               82.1%
###########################################################               83.0%
############################################################              84.2%
#############################################################             84.8%
#############################################################             85.2%
##############################################################            86.3%
##############################################################            87.4%
###############################################################           88.4%
################################################################          89.3%
################################################################          89.6%
#################################################################         90.6%
#################################################################         91.4%
##################################################################        91.8%
###################################################################       93.2%
###################################################################       93.9%
####################################################################      94.9%
####################################################################      95.3%
#####################################################################     96.1%
######################################################################    97.9%
######################################################################    98.3%
#######################################################################   99.6%
######################################################################## 100.0%
Note: gnat_arm_elf=14.2.1 installed successfully.
Note: Deploying hal=1.0.0...
Note: Deploying bbqueue=1.0.0...
Note: Deploying cortex_m=1.1.0...
Note: Deploying usb_embedded=1.0.1...
Note: Deploying rp2040_hal=2.7.1...

itsybitsy_rp2040_bsp=1.0.0 successfully retrieved.
Dependencies were solved as follows:

   +  atomic       1.1.0  (new,indirect)
   +  bbqueue      1.0.0  (new,indirect)
   +  cortex_m     1.1.0  (new,indirect)
   +b gnat         14.2.1 (new,gnat_arm_elf,indirect,binary)
   +b gnat_arm_elf 14.2.1 (new,binary)
   +  hal          1.0.0  (new,indirect)
   +  rp2040_hal   2.7.1  (new)
   +  usb_embedded 1.0.1  (new,indirect)
[alr test] Spawning default test for remote crate: alr -d -n build --release -- -cargs:Ada -gnatwn
Note: Building itsybitsy_rp2040_bsp=1.0.0/itsybitsy_rp2040_bsp.gpr...
"C:\Users\runneradmin\AppData\Local\alire\cache\builds\hal_1.0.0_084c6412\25664c9c7cc8782def9c8693764aa19a9b4b73f0753bc58d3074debb1d8424ae\obj" created
"C:\Users\runneradmin\AppData\Local\alire\cache\builds\hal_1.0.0_084c6412\25664c9c7cc8782def9c8693764aa19a9b4b73f0753bc58d3074debb1d8424ae\lib" created
"C:\Users\runneradmin\AppData\Local\alire\cache\builds\atomic_1.1.0_5e6250a0\86cf22cd32485d84b86791b195872d4d177e44b1d97e006eb515e2a39dedcfba\obj\release" created
"C:\Users\runneradmin\AppData\Local\alire\cache\builds\atomic_1.1.0_5e6250a0\86cf22cd32485d84b86791b195872d4d177e44b1d97e006eb515e2a39dedcfba\lib" created
"C:\Users\runneradmin\AppData\Local\alire\cache\builds\cortex_m_1.1.0_f2d064ae\58e2829d8c3a4021020bf283c9660d043d013f354e60d358eb99e2dea4e8386b\obj\release" created
"C:\Users\runneradmin\AppData\Local\alire\cache\builds\cortex_m_1.1.0_f2d064ae\58e2829d8c3a4021020bf283c9660d043d013f354e60d358eb99e2dea4e8386b\lib" created
"C:\Users\runneradmin\AppData\Local\alire\cache\builds\bbqueue_1.0.0_f508818c\fc7b039c777832879be692b0008a517f9ecd880f7e7eb1bf39a63a0622f9b9c2\obj\release" created
"C:\Users\runneradmin\AppData\Local\alire\cache\builds\bbqueue_1.0.0_f508818c\fc7b039c777832879be692b0008a517f9ecd880f7e7eb1bf39a63a0622f9b9c2\lib" created
"C:\Users\runneradmin\AppData\Local\alire\cache\builds\usb_embedded_1.0.1_dc00efac\4c0c215b7783ad4336956e97dcbfb27b400c6cfb74456a6fa0db6a835f565c4c\obj\release" created
"C:\Users\runneradmin\AppData\Local\alire\cache\builds\usb_embedded_1.0.1_dc00efac\4c0c215b7783ad4336956e97dcbfb27b400c6cfb74456a6fa0db6a835f565c4c\lib" created
"C:\Users\runneradmin\AppData\Local\alire\cache\builds\rp2040_hal_2.7.1_d65f4ed4\8e31b0df41f894418b511f87c482960cd01932fbd07b200bef30fa28381e8260\obj\release" created
"C:\Users\runneradmin\AppData\Local\alire\cache\builds\rp2040_hal_2.7.1_d65f4ed4\8e31b0df41f894418b511f87c482960cd01932fbd07b200bef30fa28381e8260\lib" created
"obj" created
"lib" created
[Ada Compile]     atomic-basic_operations.adb
[Ada Compile]     atomic-critical_section.adb
[Ada Compile]     atomic-signed.adb
[Ada Compile]     atomic-signed_16.ads
[Ada Compile]     atomic-signed_32.ads
[Ada Compile]     atomic-signed_8.ads
[Ada Compile]     atomic-unsigned.adb
[Ada Compile]     atomic-unsigned_16.ads
[Ada Compile]     atomic-unsigned_32.ads
[Ada Compile]     atomic-unsigned_8.ads
[Ada Compile]     atomic.adb
[Ada Compile]     atomic_config.ads
[Ada Compile]     bbqueue-buffers-framed.adb
[Ada Compile]     bbqueue-buffers.adb
[Ada Compile]     bbqueue.adb
[Archive]         libAtomic.a
[Ada Compile]     bbqueue_config.ads
[Ada Compile]     cortex_m-cache.adb
[Ada Compile]     cortex_m-debug.adb
[Ada Compile]     cortex_m-dwt.adb
[Ada Compile]     cortex_m-hints.adb
[Archive]         libBbqueue.a
[Ada Compile]     cortex_m-nvic.adb
[Ada Compile]     cortex_m-reset.adb
[Ada Compile]     cortex_m-systick.adb
[Ada Compile]     cortex_m.ads
[Ada Compile]     cortex_m_config.ads
[Ada Compile]     cortex_m_svd-debug.ads
[Ada Compile]     cortex_m_svd-dwt.ads
[Ada Compile]     cortex_m_svd-nvic.ads
[Ada Compile]     cortex_m_svd-scb.ads
[Ada Compile]     cortex_m_svd-systick.ads
[Ada Compile]     cortex_m_svd.ads
[Ada Compile]     memory_barriers.adb
[Ada Compile]     semihosting-filesystem.adb
[Ada Compile]     semihosting.adb
[Ada Compile]     hal-audio.ads
[Ada Compile]     hal-bitmap.ads
[Ada Compile]     hal-block_drivers.ads
[Ada Compile]     hal-dsi.ads
[Ada Compile]     hal-filesystem.ads
[Ada Compile]     hal-flash.ads
[Archive]         libCortex_M.a
[Ada Compile]     hal-framebuffer.ads
[Ada Compile]     hal-gpio.ads
[Ada Compile]     hal-i2c.ads
[Ada Compile]     hal-real_time_clock.ads
[Ada Compile]     hal-sdmmc.adb
[Ada Compile]     hal-spi.ads
[Ada Compile]     hal-time.ads
[Ada Compile]     hal-touch_panel.ads
[Ada Compile]     hal-uart.ads
[Ada Compile]     hal.ads
[Ada Compile]     rp-adc.adb
[Ada Compile]     rp-clock.adb
[Ada Compile]     rp-device.ads
[Archive]         libhal.a
[Ada Compile]     rp-dma.adb
[Ada Compile]     rp-flash-cache.adb
[Ada Compile]     rp-flash.adb
[Ada Compile]     rp-gpio-interrupts.adb
[Ada Compile]     rp-gpio.adb
[Ada Compile]     rp-i2c.adb
[Ada Compile]     rp-i2c_master.adb
[Ada Compile]     rp-interpolator.ads
[Ada Compile]     rp-multicore-fifo.adb
[Ada Compile]     rp-multicore-spinlocks.adb
[Ada Compile]     rp-multicore.adb
[Ada Compile]     rp-pio-audio_i2s.adb
[Ada Compile]     rp-pio-audio_i2s_pio.ads
[Ada Compile]     rp-pio-encoding.ads
[Ada Compile]     rp-pio-touch_sense.adb
[Ada Compile]     rp-pio-touch_sense_charge_pio.ads
[Ada Compile]     rp-pio-touch_sense_discharge_pio.ads
[Ada Compile]     rp-pio-ws2812.adb
[Ada Compile]     rp-pio-ws2812_pio.ads
[Ada Compile]     rp-pio.adb
[Ada Compile]     rp-pwm-interrupts.adb
[Ada Compile]     rp-pwm.adb
[Ada Compile]     rp-reset.adb
[Ada Compile]     rp-rom-floating_point.adb
[Ada Compile]     rp-rom.adb
[Ada Compile]     rp-rtc.adb
[Ada Compile]     rp-spi.adb
[Ada Compile]     rp-timer-interrupts.adb
[Ada Compile]     rp-timer.adb
[Ada Compile]     rp-uart.adb
[Ada Compile]     rp-usb_device.adb
[Ada Compile]     rp-watchdog.adb
[Ada Compile]     rp.ads
[Ada Compile]     rp2040_hal_config.ads
[Ada Compile]     rp2040_svd-adc.ads
[Ada Compile]     rp2040_svd-busctrl.ads
[Ada Compile]     rp2040_svd-clocks.ads
[Ada Compile]     rp2040_svd-dma.ads
[Ada Compile]     rp2040_svd-i2c.ads
[Ada Compile]     rp2040_svd-interrupts.ads
[Ada Compile]     rp2040_svd-io_bank0.ads
[Ada Compile]     rp2040_svd-io_qspi.ads
[Ada Compile]     rp2040_svd-pads_bank0.ads
[Ada Compile]     rp2040_svd-pads_qspi.ads
[Ada Compile]     rp2040_svd-pio.ads
[Ada Compile]     rp2040_svd-pll.ads
[Ada Compile]     rp2040_svd-ppb.ads
[Ada Compile]     rp2040_svd-psm.ads
[Ada Compile]     rp2040_svd-pwm.ads
[Ada Compile]     rp2040_svd-resets.ads
[Ada Compile]     rp2040_svd-rosc.ads
[Ada Compile]     rp2040_svd-rtc.ads
[Ada Compile]     rp2040_svd-sio.ads
[Ada Compile]     rp2040_svd-spi.ads
[Ada Compile]     rp2040_svd-syscfg.ads
[Ada Compile]     rp2040_svd-sysinfo.ads
[Ada Compile]     rp2040_svd-tbman.ads
[Ada Compile]     rp2040_svd-timer.ads
[Ada Compile]     rp2040_svd-uart.ads
[Ada Compile]     rp2040_svd-usbctrl_dpram.ads
[Ada Compile]     rp2040_svd-usbctrl_regs.ads
[Ada Compile]     rp2040_svd-vreg_and_chip_reset.ads
[Ada Compile]     rp2040_svd-watchdog.ads
[Ada Compile]     rp2040_svd-xip_ctrl.ads
[Ada Compile]     rp2040_svd-xip_ssi.ads
[Ada Compile]     rp2040_svd-xosc.ads
[Ada Compile]     rp2040_svd.ads
[Ada Compile]     rp_interrupts.adb
[Asm_Cpp Compile] crt0.S
[Ada Compile]     usb-device-control.adb
[Ada Compile]     usb-device-hid-gamepad.adb
[Ada Compile]     usb-device-hid-joystick.adb
[Archive]         libRp2040_Hal.a
[Ada Compile]     usb-device-hid-keyboard.adb
[Ada Compile]     usb-device-hid-mouse.adb
[Ada Compile]     usb-device-hid.adb
[Ada Compile]     usb-device-midi.adb
[Ada Compile]     usb-device-serial.adb
[Ada Compile]     usb-device.adb
[Ada Compile]     usb-hal-device.ads
[Ada Compile]     usb-hal.ads
[Ada Compile]     usb-lang.ads
[Ada Compile]     usb-logging-device__null.adb
[Ada Compile]     usb-logging.ads
[Ada Compile]     usb-utils.adb
[Ada Compile]     usb.adb
[Ada Compile]     usb_embedded_config.ads
[Ada Compile]     itsybitsy.ads
[Archive]         libUsb_Embedded.a
[Archive]         libitsybitsy_rp2040_bsp.a
Success: Build finished successfully in 16.33 seconds.
Found declared GPR file: itsybitsy_rp2040_bsp.gpr
[alr test] Test completed SUCCESSFULLY
