Test ran at 2025-10-26 00:52:04.654947+00:00

SOLUTION:
bingada=1.0.0: Bingo application in GTKAda with sound in ASFML
Origin: commit a25771e2de2d5abbc7058e442ef7c8cdbeca8600 from https://github.com/jfuica/bingada.git
Properties:
   Author: Javier Fuica Fernández
   Author: Manuel Gómez
   Description: Bingo application in GTKAda with sound in ASFML
   Executable: bingada
   License: MIT
   Maintainer: Manuel Gómez <mgrojo@gmail.com>
   Maintainers_Logins: mgrojo
   Name: bingada
   Tag: bingo
   Tag: game
   Tag: chance
   Tag: family
   Tag: sound
   Tag: gtk
   Tag: sfml
   Version: 1.0.0
   Website: https://github.com/jfuica/bingada
Dependencies (direct):
   asfml^2.5.0
   gtkada^21.0.0
Dependencies (solution):
   asfml=2.6.1
   gtkada=21.0.0
   libcsfml=2.6.1
   libgtk3=3.24.51
   make=4.4.1
   pkg_config=2.5.1
Dependencies (graph):
   asfml=2.6.1   --> libcsfml=2.6.1 (^2.6.1)
   bingada=1.0.0 --> asfml=2.6.1 (^2.5.0)
   bingada=1.0.0 --> gtkada=21.0.0 (^21.0.0)
   gtkada=21.0.0 --> libgtk3=3.24.51 (^3)
   gtkada=21.0.0 --> make=4.4.1 (*)
   gtkada=21.0.0 --> pkg_config=2.5.1 (*)


LOG:
[alr test] Testing bingada=1.0.0
[alr test] Spawning retrieval for remote crate: alr -d -n get bingada=1.0.0
Note: Deploying bingada=1.0.0...
Note: Deploying libcsfml=2.6.1...
The system package 'csfml' is about to be installed.
This action might require admin privileges and impact your system installation.
Do you want Alire to install this system package?
Using default: Yes
[32m==>[0m [1mFetching downloads for: [32mcsfml[39m[0m
[34m==>[0m [1mDownloading https://ghcr.io/v2/homebrew/core/csfml/manifests/2.6.1_1[0m
[32m==>[0m [1mFetching dependencies for csfml: [32mlibogg[39m, [32mflac[39m, [32mlibvorbis[39m and [32msfml@2[39m[0m
[34m==>[0m [1mDownloading https://ghcr.io/v2/homebrew/core/libogg/manifests/1.3.6[0m
[32m==>[0m [1mFetching [32mlibogg[39m[0m
[34m==>[0m [1mDownloading https://ghcr.io/v2/homebrew/core/libogg/blobs/sha256:2423ff6b931f0393cd314052a7328a61fdd6f1d8519b65c4dff5ab560f82c52d[0m
[34m==>[0m [1mDownloading https://ghcr.io/v2/homebrew/core/flac/manifests/1.5.0[0m
[32m==>[0m [1mFetching [32mflac[39m[0m
[34m==>[0m [1mDownloading https://ghcr.io/v2/homebrew/core/flac/blobs/sha256:c9698bcebe8e99ab84adf49a347cad5a9f122c45b80622a9fe2acbaeab902545[0m
[34m==>[0m [1mDownloading https://ghcr.io/v2/homebrew/core/libvorbis/manifests/1.3.7-1[0m
[32m==>[0m [1mFetching [32mlibvorbis[39m[0m
[34m==>[0m [1mDownloading https://ghcr.io/v2/homebrew/core/libvorbis/blobs/sha256:c28d1e0b461a4cf6f5aee72e664ac6f5f6f3efaab44f15b91924f08474cfafe1[0m
[34m==>[0m [1mDownloading https://ghcr.io/v2/homebrew/core/sfml/2/manifests/2.6.2_1[0m
[32m==>[0m [1mFetching [32msfml@2[39m[0m
[34m==>[0m [1mDownloading https://ghcr.io/v2/homebrew/core/sfml/2/blobs/sha256:7cb3afc70bc71a9a3c45edd4bf9ca54dc9514bc576a894f5f01d58c3b04e0b44[0m
[32m==>[0m [1mFetching [32mcsfml[39m[0m
[34m==>[0m [1mDownloading https://ghcr.io/v2/homebrew/core/csfml/blobs/sha256:e1e1172b80909989105f3813e7d1dba2ce0caca2a7efdd2717724e624b7e9cb0[0m
[32m==>[0m [1mInstalling dependencies for csfml: [32mlibogg[39m, [32mflac[39m, [32mlibvorbis[39m and [32msfml@2[39m[0m
[32m==>[0m [1mInstalling csfml dependency: [32mlibogg[39m[0m
[34m==>[0m [1mDownloading https://ghcr.io/v2/homebrew/core/libogg/manifests/1.3.6[0m
Already downloaded: /Users/runner/Library/Caches/Homebrew/downloads/2771c95e2ec94043bd81d507b7f5068b581ad45cd1d3529739b5fd47a5031fe8--libogg-1.3.6.bottle_manifest.json
[34m==>[0m [1mPouring libogg--1.3.6.arm64_sequoia.bottle.tar.gz[0m
🍺  /opt/homebrew/Cellar/libogg/1.3.6: 103 files, 538.3KB
[32m==>[0m [1mInstalling csfml dependency: [32mflac[39m[0m
[34m==>[0m [1mDownloading https://ghcr.io/v2/homebrew/core/flac/manifests/1.5.0[0m
Already downloaded: /Users/runner/Library/Caches/Homebrew/downloads/089760ef9c022b15fbe3b3eaf6297c3ced28db6633ea0c868a569ae651efb325--flac-1.5.0.bottle_manifest.json
[34m==>[0m [1mPouring flac--1.5.0.arm64_sequoia.bottle.tar.gz[0m
🍺  /opt/homebrew/Cellar/flac/1.5.0: 40 files, 1.9MB
[32m==>[0m [1mInstalling csfml dependency: [32mlibvorbis[39m[0m
[34m==>[0m [1mDownloading https://ghcr.io/v2/homebrew/core/libvorbis/manifests/1.3.7-1[0m
Already downloaded: /Users/runner/Library/Caches/Homebrew/downloads/68d211b8805a2fab148645c2ac8e43495e576876d6f50f0c4af5ea890730b7ea--libvorbis-1.3.7-1.bottle_manifest.json
[34m==>[0m [1mPouring libvorbis--1.3.7.arm64_sequoia.bottle.1.tar.gz[0m
🍺  /opt/homebrew/Cellar/libvorbis/1.3.7: 158 files, 2.4MB
[32m==>[0m [1mInstalling csfml dependency: [32msfml@2[39m[0m
[34m==>[0m [1mDownloading https://ghcr.io/v2/homebrew/core/sfml/2/manifests/2.6.2_1[0m
Already downloaded: /Users/runner/Library/Caches/Homebrew/downloads/4497621b82de6c5ced1b0fe872d2fa2d73623bbc0af233090285964029cd2350--sfml@2-2.6.2_1.bottle_manifest.json
[34m==>[0m [1mPouring sfml@2--2.6.2_1.arm64_sequoia.bottle.tar.gz[0m
🍺  /opt/homebrew/Cellar/sfml@2/2.6.2_1: 954 files, 14.3MB
[32m==>[0m [1mInstalling [32mcsfml[39m[0m
[34m==>[0m [1mPouring csfml--2.6.1_1.arm64_sequoia.bottle.tar.gz[0m
🍺  /opt/homebrew/Cellar/csfml/2.6.1_1: 108 files, 1MB
Note: Deploying libgtk3=3.24.51...
The system package 'gtk+3' is about to be installed.
This action might require admin privileges and impact your system installation.
Do you want Alire to install this system package?
Using default: Yes
[32m==>[0m [1mFetching downloads for: [32mgtk+3[39m[0m
[34m==>[0m [1mDownloading https://ghcr.io/v2/homebrew/core/gtkx3/manifests/3.24.51[0m
[32m==>[0m [1mFetching dependencies for gtk+3: [32mdbus[39m, [32mlibxfixes[39m, [32mlibxi[39m, [32mlibxtst[39m, [32mat-spi2-core[39m, [32mfribidi[39m, [32mgdk-pixbuf[39m, [32mgsettings-desktop-schemas[39m, [32mhicolor-icon-theme[39m, [32mlibepoxy[39m and [32mpango[39m[0m
[34m==>[0m [1mDownloading https://ghcr.io/v2/homebrew/core/dbus/manifests/1.16.2_1[0m
[32m==>[0m [1mFetching [32mdbus[39m[0m
[34m==>[0m [1mDownloading https://ghcr.io/v2/homebrew/core/dbus/blobs/sha256:5a51451acabb5ae56b5682e88a82dfa43cc6a2b653ca068198546bb72324bd0c[0m
[34m==>[0m [1mDownloading https://ghcr.io/v2/homebrew/core/libxfixes/manifests/6.0.2[0m
[32m==>[0m [1mFetching [32mlibxfixes[39m[0m
[34m==>[0m [1mDownloading https://ghcr.io/v2/homebrew/core/libxfixes/blobs/sha256:20bde00fb1c5b48ad54118acc702fd226efd28585e058c7ecdbff8ce8b6fb34a[0m
[34m==>[0m [1mDownloading https://ghcr.io/v2/homebrew/core/libxi/manifests/1.8.2[0m
[32m==>[0m [1mFetching [32mlibxi[39m[0m
[34m==>[0m [1mDownloading https://ghcr.io/v2/homebrew/core/libxi/blobs/sha256:57806e4096680d7fdbfeceea4e2aa04c3d179846b0ba00c9db8daf0319e6f40d[0m
[34m==>[0m [1mDownloading https://ghcr.io/v2/homebrew/core/libxtst/manifests/1.2.5[0m
[32m==>[0m [1mFetching [32mlibxtst[39m[0m
[34m==>[0m [1mDownloading https://ghcr.io/v2/homebrew/core/libxtst/blobs/sha256:28d4af1505473aed939328ace91056e111623d0c60b817d0b98dc3e00472dc4d[0m
[34m==>[0m [1mDownloading https://ghcr.io/v2/homebrew/core/at-spi2-core/manifests/2.58.1[0m
[32m==>[0m [1mFetching [32mat-spi2-core[39m[0m
[34m==>[0m [1mDownloading https://ghcr.io/v2/homebrew/core/at-spi2-core/blobs/sha256:4dff654ebf86dda945fd44f209092ebd57e456f2ef647347506a06a1a02e08f4[0m
[34m==>[0m [1mDownloading https://ghcr.io/v2/homebrew/core/fribidi/manifests/1.0.16[0m
[32m==>[0m [1mFetching [32mfribidi[39m[0m
[34m==>[0m [1mDownloading https://ghcr.io/v2/homebrew/core/fribidi/blobs/sha256:4904bb3375c1b1f2539cb657fbf17b0d93c050904febbba51e9dd690f3540e3b[0m
[34m==>[0m [1mDownloading https://ghcr.io/v2/homebrew/core/gdk-pixbuf/manifests/2.44.3[0m
[32m==>[0m [1mFetching [32mgdk-pixbuf[39m[0m
[34m==>[0m [1mDownloading https://ghcr.io/v2/homebrew/core/gdk-pixbuf/blobs/sha256:aecd2ce9a016bd715e84372f521c160746fa6e880fca05d8c2bb4435d0e3d00e[0m
[34m==>[0m [1mDownloading https://ghcr.io/v2/homebrew/core/gsettings-desktop-schemas/manifests/49.1[0m
[32m==>[0m [1mFetching [32mgsettings-desktop-schemas[39m[0m
[34m==>[0m [1mDownloading https://ghcr.io/v2/homebrew/core/gsettings-desktop-schemas/blobs/sha256:e48c2263a6b10990898745fbed2b7ba91ec78053a53d4f3c8a6598b567adbf39[0m
[34m==>[0m [1mDownloading https://ghcr.io/v2/homebrew/core/hicolor-icon-theme/manifests/0.18[0m
[32m==>[0m [1mFetching [32mhicolor-icon-theme[39m[0m
[34m==>[0m [1mDownloading https://ghcr.io/v2/homebrew/core/hicolor-icon-theme/blobs/sha256:76779247990b538d304e98b042fde85677491e428d0381a59383264ce8ef199f[0m
[34m==>[0m [1mDownloading https://ghcr.io/v2/homebrew/core/libepoxy/manifests/1.5.10[0m
[32m==>[0m [1mFetching [32mlibepoxy[39m[0m
[34m==>[0m [1mDownloading https://ghcr.io/v2/homebrew/core/libepoxy/blobs/sha256:8567ad4e5598374741b4762cbbff1a2aa57cf97947b4742304c49613b0abd419[0m
[34m==>[0m [1mDownloading https://ghcr.io/v2/homebrew/core/pango/manifests/1.57.0_1[0m
[32m==>[0m [1mFetching [32mpango[39m[0m
[34m==>[0m [1mDownloading https://ghcr.io/v2/homebrew/core/pango/blobs/sha256:b81624cd5d7a41cfa1242840ca5d8deb0e03e9fa1951841690fa1a94291293ef[0m
[32m==>[0m [1mFetching [32mgtk+3[39m[0m
[34m==>[0m [1mDownloading https://ghcr.io/v2/homebrew/core/gtkx3/blobs/sha256:11b496591b4566d112944143af4dc9b177040da48eb687e4c4880351ad145fb5[0m
[32m==>[0m [1mInstalling dependencies for gtk+3: [32mdbus[39m, [32mlibxfixes[39m, [32mlibxi[39m, [32mlibxtst[39m, [32mat-spi2-core[39m, [32mfribidi[39m, [32mgdk-pixbuf[39m, [32mgsettings-desktop-schemas[39m, [32mhicolor-icon-theme[39m, [32mlibepoxy[39m and [32mpango[39m[0m
[32m==>[0m [1mInstalling gtk+3 dependency: [32mdbus[39m[0m
[34m==>[0m [1mDownloading https://ghcr.io/v2/homebrew/core/dbus/manifests/1.16.2_1[0m
Already downloaded: /Users/runner/Library/Caches/Homebrew/downloads/7f749e0a84725ad0364a867834935928f9c2d03474cea80821bb83b8d9bde915--dbus-1.16.2_1.bottle_manifest.json
[34m==>[0m [1mPouring dbus--1.16.2_1.arm64_sequoia.bottle.tar.gz[0m
[34m==>[0m [1m/opt/homebrew/Cellar/dbus/1.16.2_1/bin/dbus-uuidgen --ensure=/opt/homebrew/v[0m
🍺  /opt/homebrew/Cellar/dbus/1.16.2_1: 79 files, 2MB
[32m==>[0m [1mInstalling gtk+3 dependency: [32mlibxfixes[39m[0m
[34m==>[0m [1mDownloading https://ghcr.io/v2/homebrew/core/libxfixes/manifests/6.0.2[0m
Already downloaded: /Users/runner/Library/Caches/Homebrew/downloads/fd805bf79575e7b411d64dbe52530bc86d27acb58ca26c6afc172f02dfec3641--libxfixes-6.0.2.bottle_manifest.json
[34m==>[0m [1mPouring libxfixes--6.0.2.arm64_sequoia.bottle.tar.gz[0m
🍺  /opt/homebrew/Cellar/libxfixes/6.0.2: 13 files, 148.5KB
[32m==>[0m [1mInstalling gtk+3 dependency: [32mlibxi[39m[0m
[34m==>[0m [1mDownloading https://ghcr.io/v2/homebrew/core/libxi/manifests/1.8.2[0m
Already downloaded: /Users/runner/Library/Caches/Homebrew/downloads/089cbc546059463acb4a311e70491ca9665a8c04ab7683bc3c0803ee15b4d698--libxi-1.8.2.bottle_manifest.json
[34m==>[0m [1mPouring libxi--1.8.2.arm64_sequoia.bottle.tar.gz[0m
🍺  /opt/homebrew/Cellar/libxi/1.8.2: 86 files, 701.3KB
[32m==>[0m [1mInstalling gtk+3 dependency: [32mlibxtst[39m[0m
[34m==>[0m [1mDownloading https://ghcr.io/v2/homebrew/core/libxtst/manifests/1.2.5[0m
Already downloaded: /Users/runner/Library/Caches/Homebrew/downloads/255b29f533b7064a6e692de37b3d9a41d73033506bec841e9900dbf2eb337a4c--libxtst-1.2.5.bottle_manifest.json
[34m==>[0m [1mPouring libxtst--1.2.5.arm64_sequoia.bottle.tar.gz[0m
🍺  /opt/homebrew/Cellar/libxtst/1.2.5: 23 files, 195.2KB
[32m==>[0m [1mInstalling gtk+3 dependency: [32mat-spi2-core[39m[0m
[34m==>[0m [1mDownloading https://ghcr.io/v2/homebrew/core/at-spi2-core/manifests/2.58.1[0m
Already downloaded: /Users/runner/Library/Caches/Homebrew/downloads/30913be8951b0aa2827eea879b9284e46ff4132a5e67c05eff8edbbb7b026543--at-spi2-core-2.58.1.bottle_manifest.json
[34m==>[0m [1mPouring at-spi2-core--2.58.1.arm64_sequoia.bottle.tar.gz[0m
🍺  /opt/homebrew/Cellar/at-spi2-core/2.58.1: 203 files, 4.4MB
[32m==>[0m [1mInstalling gtk+3 dependency: [32mfribidi[39m[0m
[34m==>[0m [1mDownloading https://ghcr.io/v2/homebrew/core/fribidi/manifests/1.0.16[0m
Already downloaded: /Users/runner/Library/Caches/Homebrew/downloads/9b4a81e7d1c2fe7c2d8ed4194565744f65bab0238c00f7f3f521f5aec2b8697f--fribidi-1.0.16.bottle_manifest.json
[34m==>[0m [1mPouring fribidi--1.0.16.arm64_sequoia.bottle.tar.gz[0m
🍺  /opt/homebrew/Cellar/fribidi/1.0.16: 68 files, 568.0KB
[32m==>[0m [1mInstalling gtk+3 dependency: [32mgdk-pixbuf[39m[0m
[34m==>[0m [1mDownloading https://ghcr.io/v2/homebrew/core/gdk-pixbuf/manifests/2.44.3[0m
Already downloaded: /Users/runner/Library/Caches/Homebrew/downloads/b1c2cace8ac08edff70f55d6638f2c55682a8658ef0f1d625ffd64e89024c842--gdk-pixbuf-2.44.3.bottle_manifest.json
[34m==>[0m [1mPouring gdk-pixbuf--2.44.3.arm64_sequoia.bottle.tar.gz[0m
[34m==>[0m [1m/opt/homebrew/Cellar/gdk-pixbuf/2.44.3/bin/gdk-pixbuf-query-loaders --update[0m
🍺  /opt/homebrew/Cellar/gdk-pixbuf/2.44.3: 151 files, 4MB
[32m==>[0m [1mInstalling gtk+3 dependency: [32mgsettings-desktop-schemas[39m[0m
[34m==>[0m [1mDownloading https://ghcr.io/v2/homebrew/core/gsettings-desktop-schemas/manifests/49.1[0m
Already downloaded: /Users/runner/Library/Caches/Homebrew/downloads/fb2d3ffaeda88c1bbd0bf3f2b08e76dc9eb4ffab522a4b300ee0b9488e84753e--gsettings-desktop-schemas-49.1.bottle_manifest.json
[34m==>[0m [1mPouring gsettings-desktop-schemas--49.1.arm64_sequoia.bottle.tar.gz[0m
[34m==>[0m [1m/opt/homebrew/opt/glib/bin/glib-compile-schemas /opt/homebrew/share/glib-2.0[0m
🍺  /opt/homebrew/Cellar/gsettings-desktop-schemas/49.1: 108 files, 5.8MB
[32m==>[0m [1mInstalling gtk+3 dependency: [32mhicolor-icon-theme[39m[0m
[34m==>[0m [1mDownloading https://ghcr.io/v2/homebrew/core/hicolor-icon-theme/manifests/0.18[0m
Already downloaded: /Users/runner/Library/Caches/Homebrew/downloads/70835c74d449476f69c535127dcf54e7bc83475b0e28f15db78ccf6c2dfe3e7a--hicolor-icon-theme-0.18.bottle_manifest.json
[34m==>[0m [1mPouring hicolor-icon-theme--0.18.all.bottle.tar.gz[0m
🍺  /opt/homebrew/Cellar/hicolor-icon-theme/0.18: 8 files, 80.8KB
[32m==>[0m [1mInstalling gtk+3 dependency: [32mlibepoxy[39m[0m
[34m==>[0m [1mDownloading https://ghcr.io/v2/homebrew/core/libepoxy/manifests/1.5.10[0m
Already downloaded: /Users/runner/Library/Caches/Homebrew/downloads/fd91321dc6032305294ad3c7c3851bc80f1505f18512e4753036c509ba4b4e2c--libepoxy-1.5.10.bottle_manifest.json
[34m==>[0m [1mPouring libepoxy--1.5.10.arm64_sequoia.bottle.tar.gz[0m
🍺  /opt/homebrew/Cellar/libepoxy/1.5.10: 11 files, 2.6MB
[32m==>[0m [1mInstalling gtk+3 dependency: [32mpango[39m[0m
[34m==>[0m [1mDownloading https://ghcr.io/v2/homebrew/core/pango/manifests/1.57.0_1[0m
Already downloaded: /Users/runner/Library/Caches/Homebrew/downloads/87fe0f832b92ea43cb93acc3e2d7754f4d29ae0ddeadb5459fb4f7fd3a50e805--pango-1.57.0_1.bottle_manifest.json
[34m==>[0m [1mPouring pango--1.57.0_1.arm64_sequoia.bottle.tar.gz[0m
🍺  /opt/homebrew/Cellar/pango/1.57.0_1: 69 files, 3.6MB
[32m==>[0m [1mInstalling [32mgtk+3[39m[0m
[34m==>[0m [1mPouring gtk+3--3.24.51.arm64_sequoia.bottle.tar.gz[0m
[34m==>[0m [1m/opt/homebrew/opt/glib/bin/glib-compile-schemas /opt/homebrew/share/glib-2.0[0m
[34m==>[0m [1m/opt/homebrew/Cellar/gtk+3/3.24.51/bin/gtk3-update-icon-cache -f -t /opt/hom[0m
[34m==>[0m [1m/opt/homebrew/Cellar/gtk+3/3.24.51/bin/gtk-query-immodules-3.0 > /opt/homebr[0m
🍺  /opt/homebrew/Cellar/gtk+3/3.24.51: 749 files, 57.3MB
Note: Deploying make=4.4.1...
The system package 'make' is about to be installed.
This action might require admin privileges and impact your system installation.
Do you want Alire to install this system package?
Using default: Yes
[32m==>[0m [1mFetching downloads for: [32mmake[39m[0m
[34m==>[0m [1mDownloading https://ghcr.io/v2/homebrew/core/make/manifests/4.4.1-1[0m
[32m==>[0m [1mFetching [32mmake[39m[0m
[34m==>[0m [1mDownloading https://ghcr.io/v2/homebrew/core/make/blobs/sha256:f361639a5ec1a9355e12f985c511dd6631b6790452a52057032a3a07a690ca4e[0m
[34m==>[0m [1mPouring make--4.4.1.arm64_sequoia.bottle.1.tar.gz[0m
[34m==>[0m [1mCaveats[0m
GNU "make" has been installed as "gmake".
If you need to use it as "make", you can add a "gnubin" directory
to your PATH from your bashrc like:

    PATH="/opt/homebrew/opt/make/libexec/gnubin:$PATH"
[34m==>[0m [1mSummary[0m
🍺  /opt/homebrew/Cellar/make/4.4.1: 17 files, 1.3MB
Note: Deploying asfml=2.6.1...
Note: Deploying gtkada=21.0.0...
#=#=#                                                                          
##O#-#                                                                         
##O=#  #                                                                       
#=#=-#  #                                                                      
 #=#=-#   #                                                                    
  #=#=- #   #                                                                  
   #=#=- #   #                                                                 
    #=O#-  #   #                                                               
     #=O#-   #   #                                                             
      #=O=#   #    #                                                           

bingada=1.0.0 successfully retrieved.
Dependencies were solved as follows:

   +  asfml      2.6.1   (new)
   +  gtkada     21.0.0  (new)
   +b libcsfml   2.6.1   (new,indirect,system package)
   +b libgtk3    3.24.51 (new,indirect,system package)
   +b make       4.4.1   (new,indirect,system package)
   +b pkg_config 2.5.1   (new,indirect,system package)
[alr test] Spawning default test for remote crate: alr -d -n build --release -- -cargs:Ada -gnatwn
Note: Running post-fetch actions for gtkada=21.0.0...
checking build system type... arm-apple-darwin24.6.0
checking host system type... arm-apple-darwin24.6.0
checking target system type... arm-apple-darwin24.6.0
checking for gcc... gcc
checking whether the C compiler works... yes
checking for C compiler default output file name... a.out
checking for suffix of executables... 
checking whether we are cross compiling... configure: error: in `/Users/runner/.local/share/alire/builds/gtkada_21.0.0_3c1373c0/05561da954afaee17128f59bba699db2f2e4a4215317b2b818a8016192c82334':
configure: error: cannot run C compiled programs.
If you meant to cross compile, use `--host'.
See `config.log' for more details
Warning: Execution failed for action: Post_Fetch run: bash configure --with-GL=no (from ${CRATE_ROOT}/.)
Warning: Exit code: 1
Warning: Action output not captured, check it above.
stderr: ALIRE.PROPERTIES.ACTIONS.ACTION_FAILED
stderr: Action failed with exit code 1
stderr: raised ALIRE.PROPERTIES.ACTIONS.ACTION_FAILED : Action failed with exit code 1
Load address: 0x100354000
Call stack traceback locations:
0x1010600cc 0x10106012c 0x100a03fe4 0x100a02788 0x100bbb9c0 0x100bdf78c 0x100c3f56c 0x100c3e2a8 0x100bdf868 0x100bdf950 0x100bbc00c 0x100bbc174 0x1003c5730 0x1003c5070 0x1003c51e4 0x100462b38 0x10046dc78 0x1003569f8 0x10035ba2c

ERROR: Compilation failed.
