Test ran at 2025-10-03 15:49:26.481039+00:00

SOLUTION:
stephes_ada_library=3.7.3: Stephe's Ada library; miscellaneous useful stuff.
Origin: commit 08b4830747b4a4c049d36da2b39a6dce29f37407 from https://git.savannah.nongnu.org/git/ada-mode.git
Properties:
   Author: Stephen Leake
   Description: Stephe's Ada library; miscellaneous useful stuff.
   License: GPL-3.0-or-later
   Maintainer: Stephen Leake <stephen_leake@stephe-leake.org>
   Maintainers_Logins: stephe-ada-guru
   Name: stephes_ada_library
   Project_File: build/stephes_ada_library.gpr
   Tag: containers
   Tag: trees
   Version: 3.7.3
   Website: https://stephe-leake.org/ada/sal.html
Dependencies (direct):
   gnat(>=11 & <2000) | >=2021
Dependencies (solution):
   gnat=14.2.1 (gnat_native)
Dependencies (graph):
   stephes_ada_library=3.7.3 --> gnat=14.2.1 (gnat_native) ((>=11 & <2000) | >=2021)


LOG:
[alr test] Testing stephes_ada_library=3.7.3
[alr test] Spawning retrieval for remote crate: alr -d -n get stephes_ada_library=3.7.3
Note: Deploying stephes_ada_library=3.7.3...
hint: Using 'master' as the name for the initial branch. This default branch name
hint: is subject to change. To configure the initial branch name to use in all
hint: of your new repositories, which will suppress this warning, call:
hint:
hint: 	git config --global init.defaultBranch <name>
hint:
hint: Names commonly chosen instead of 'master' are 'main', 'trunk' and
hint: 'development'. The just-created branch can be renamed via this command:
hint:
hint: 	git branch -m <name>
hint:
hint: Disable this message with "git config set advice.defaultBranchName false"
error: RPC failed; curl 18 transfer closed with outstanding read data remaining
fetch-pack: unexpected disconnect while reading sideband packet
fatal: early EOF
fatal: fetch-pack: invalid index-pack output
stderr: Command ["git", "clone", "--recursive", "-q", "https://git.savannah.nongnu.org/git/ada-mode.git", "/Users/runner/work/alire-crates-ci/alire-crates-ci/test/04dccc71-cc2d-4ae4-a13b-cebaf6a2a84e/alr-wjsq.tmp"] exited with code 128
stderr: Generating Outcome_Failure with message: Command ["git", "clone", "--recursive", "-q", "https://git.savannah.nongnu.org/git/ada-mode.git", "/Users/runner/work/alire-crates-ci/alire-crates-ci/test/04dccc71-cc2d-4ae4-a13b-cebaf6a2a84e/alr-wjsq.tmp"] exited with code 128
stderr: Generating Outcome_Failure with call stack:
stderr: raised AAA.DEBUG.STACK_TRACE.DEBUG_EXCEPTION : aaa-debug.adb:44
Load address: 0x1006a4000
Call stack traceback locations:
0x1013b00cc 0x1013b012c 0x101277df8 0x10110312c 0x101103810 0x100aa6ba4 0x100aa6c68 0x1010d2268 0x1010d0fa8 0x100c78c3c 0x100c9e754 0x100c9fa20 0x100ed7ca8 0x100f15da8 0x100f162c8 0x1007249a0 0x100728368 0x1007284e8 0x1007b2b38 0x1007bdc78 0x1006a69f8 0x1006aba2c

stderr: ALIRE.CHECKED_ERROR
stderr: Command ["git", "clone", "--recursive", "-q", "https://git.savannah.nongnu.org/git/ada-mode.git", "/Users/runner/work/alire-crates-ci/alire-crates-ci/test/04dccc71-cc2d-4ae4-a13b-cebaf6a2a84e/alr-wjsq.tmp"] exited with code 128
stderr: raised ALIRE.CHECKED_ERROR : alire-stored-error:2
Load address: 0x1006a4000
Call stack traceback locations:
0x1013b00cc 0x1013b012c 0x101101c0c 0x100c78c54 0x100c9e754 0x100c9fa20 0x100ed7ca8 0x100f15da8 0x100f162c8 0x1007249a0 0x100728368 0x1007284e8 0x1007b2b38 0x1007bdc78 0x1006a69f8 0x1006aba2c

stderr: Generating Outcome_Failure with message: Deployment of commit 08b4830747b4a4c049d36da2b39a6dce29f37407 from https://git.savannah.nongnu.org/git/ada-mode.git to /Users/runner/work/alire-crates-ci/alire-crates-ci/test/04dccc71-cc2d-4ae4-a13b-cebaf6a2a84e/stephes_ada_library_3.7.3_08b48307 failed
stderr: Generating Outcome_Failure with call stack:
stderr: raised AAA.DEBUG.STACK_TRACE.DEBUG_EXCEPTION : aaa-debug.adb:44
Load address: 0x1006a4000
Call stack traceback locations:
0x1013b00cc 0x1013b012c 0x101277df8 0x10110312c 0x101103810 0x100c9f214 0x100c9fa20 0x100ed7ca8 0x100f15da8 0x100f162c8 0x1007249a0 0x100728368 0x1007284e8 0x1007b2b38 0x1007bdc78 0x1006a69f8 0x1006aba2c

stderr: ALIRE.CHECKED_ERROR
stderr: Deployment of commit 08b4830747b4a4c049d36da2b39a6dce29f37407 from https://git.savannah.nongnu.org/git/ada-mode.git to /Users/runner/work/alire-crates-ci/alire-crates-ci/test/04dccc71-cc2d-4ae4-a13b-cebaf6a2a84e/stephes_ada_library_3.7.3_08b48307 failed
stderr: raised ALIRE.CHECKED_ERROR : alire-stored-error:3
Load address: 0x1006a4000
Call stack traceback locations:
0x1013b00cc 0x1013b012c 0x101101c0c 0x100ed7cc0 0x100f15da8 0x100f162c8 0x1007249a0 0x100728368 0x1007284e8 0x1007b2b38 0x1007bdc78 0x1006a69f8 0x1006aba2c

ERROR: Deployment of commit 08b4830747b4a4c049d36da2b39a6dce29f37407 from https://git.savannah.nongnu.org/git/ada-mode.git to /Users/runner/work/alire-crates-ci/alire-crates-ci/test/04dccc71-cc2d-4ae4-a13b-cebaf6a2a84e/stephes_ada_library_3.7.3_08b48307 failed
****** UNEXPECTED EXCEPTION FOLLOWS:
raised ADA.IO_EXCEPTIONS.NAME_ERROR : directory "stephes_ada_library_3.7.3_08b48307" does not exist
Load address: 0x104f88000
Call stack traceback locations:
0x105c940cc 0x105c9412c 0x105c8f950 0x10533fab4 0x105337e28 0x1050b4378 0x1050b3a78 0x1050b325c 0x1050b1384 0x1050affd8 0x1050b7b70 0x1050b7d6c 0x105096b38 0x1050a1c78 0x104f8a9f8 0x104f8fa2c

****** TRACE END
