Test ran at 2026-10-09 01:12:53.451696+00:00

SOLUTION:
opencv_imgproc=0.1.0: Thick Ada binding to OpenCV ImgProc
Origin: commit 88a6a94f309135fb536d1814d106d244a032dc62 from https://github.com/zackboll/opencv_imgproc_ada.git
Available when: (case Distribution is Arch => False, others => True)
Properties:
   Pre_Build run: sh scripts/configure_opencv.sh (from ${CRATE_ROOT}/.)
   Test run: alr -n build (from ${CRATE_ROOT}/.)
   Test run: alr run (from ${CRATE_ROOT}/tests)
   Author: Zack Boll
   Description: Thick Ada binding to OpenCV ImgProc
   case Distribution is
      when Msys2 => Environment: PATH=${CRATE_ROOT}/lib:${PATH}
   License: Apache-2.0
   Maintainer: Zack Boll <zackboll@gmail.com>
   Maintainers_Logins: zackboll
   Name: opencv_imgproc
   Tag: opencv
   Tag: computer-vision
   Tag: binding
   Tag: ada
   Version: 0.1.0
   Website: https://github.com/zackboll/opencv_imgproc_ada
Dependencies (direct):
   case OS is
      when Windows => mingw_w64_gcc*
   opencv*
   opencv_core~0.2.0
   pkg_config*
Dependencies (solution):
   opencv=4.6.0
   opencv_core=0.2.0
   pkg_config=1.8.1
Dependencies (graph):
   opencv_core=0.2.0    --> opencv=4.6.0 (*)
   opencv_core=0.2.0    --> pkg_config=1.8.1 (*)
   opencv_imgproc=0.1.0 --> opencv=4.6.0 (*)
   opencv_imgproc=0.1.0 --> opencv_core=0.2.0 (~0.2.0)
   opencv_imgproc=0.1.0 --> pkg_config=1.8.1 (*)


LOG:
Note: Running pre-build actions for opencv_core=0.2.0...
Note: Running pre-build actions for opencv_imgproc=0.1.0...
OpenCV package: opencv4
OpenCV include: /usr/include/opencv4
OpenCV library: /usr/lib/x86_64-linux-gnu
Note: Building opencv_imgproc=0.1.0/opencv_imgproc.gpr...
Setup
   [mkdir]        object directory for project OpenCV_Core_Shim
   [mkdir]        library directory for project OpenCV_Core_Shim
   [mkdir]        object directory for project OpenCV_Core
   [mkdir]        object directory for project OpenCV_Imgproc_Shim
   [mkdir]        library directory for project OpenCV_Imgproc_Shim
   [mkdir]        object directory for project Opencv_Imgproc
Compile
   [C++]          opencv_imgproc_shim.cpp
   [C++]          opencv_core_shim.cpp
   [Ada]          opencv_core_config.ads
   [Ada]          opencv-internal-c_api.adb
   [Ada]          opencv-core-internal-typed_row_borrowing.adb
   [Ada]          opencv-core-internal.ads
   [Ada]          opencv-internal-safe_arithmetic.adb
   [Ada]          opencv-internal.ads
   [Ada]          opencv-core-internal-typed_continuous_borrowing.adb
   [Ada]          opencv-core-internal-typed_external_mat_view.adb
   [Ada]          opencv-core-internal-row_data.adb
   [Ada]          opencv-core-internal-typed_access.adb
   [Ada]          opencv-core-uint8_mat_view.adb
   [Ada]          opencv-core-float16_access.adb
   [Ada]          opencv-core-uint8_vec3_buffer_access.adb
   [Ada]          opencv-core-float64_row_access.adb
opencv-core-uint8_vec3_buffer_access.adb:19:49: error: condition is not known at compile time
opencv-core-uint8_vec3_buffer_access.adb:27:04: error: instantiation error at opencv-core-internal-typed_continuous_borrowing.adb:28
opencv-core-uint8_vec3_buffer_access.adb:27:04: error: condition is not known at compile time

   compilation of opencv-core-uint8_vec3_buffer_access.adb failed

gprbuild: *** compilation phase failed
ERROR: Command ["gprbuild", "-s", "-j0", "-p", "-P", "/home/runner/work/alire-crates-ci/alire-crates-ci/test/b6772861-f989-4707-9886-e4586a5581cf/opencv_imgproc_0.1.0_88a6a94f/opencv_imgproc.gpr"] exited with code 4
ERROR: Compilation failed.
[alr test] Test action exited with error code 1
