Test ran at 2026-08-27 16:31:46.506688+00:00

SOLUTION:
simple_regex=0.1.0: Port of Rob Pike's simple regex from the Practice of Programming.
Origin: commit 8396573be8d22ffe358fd18e952556baf671287e from https://github.com/pyjarrett/simple_regex.git
Properties:
   Author: Paul Jarrett
   Build Switches: 
   Description: Port of Rob Pike's simple regex from the Practice of Programming.
   Long_Description: Provides a simple regular expression match function for Latin-1 strings, and
supports *, ., ^ and $.

   Maintainer: Paul Jarrett <jarrett.paul.young@gmail.com>
   Maintainers_Logins: pyjarrett
   Name: simple_regex
   Tag: regex
   Tag: text
   Version: 0.1.0
   Website: https://github.com/pyjarrett/simple_regex


LOG:
[alr test] Testing simple_regex=0.1.0
[alr test] Spawning retrieval for remote crate: alr -d -n get simple_regex=0.1.0
Note: Deploying simple_regex=0.1.0...

simple_regex=0.1.0 successfully retrieved.
There are no dependencies.
[alr test] Spawning default test for remote crate: alr -d -n build --release -- -cargs:Ada -gnatwn
Note: Building simple_regex=0.1.0/simple_regex.gpr...
"obj\release" created
"lib" created
[Ada Compile]     simple_regex.adb
[Ada Compile]     simple_regex_config.ads
[Archive]         libSimple_Regex.a
Success: Build finished successfully in 1.57 seconds.
Found declared GPR file: simple_regex.gpr
[alr test] Test completed SUCCESSFULLY
