Test ran at 2025-03-04 01:20:26.847772+00:00

SOLUTION:
bbs_embed_common=0.1.0: Abstract hardware drivers and drivers for some i2c bus devices.
Origin: commit cfbd52e3e8b1f17751acdecdec70c3f6acaa14a1 from https://github.com/BrentSeidel/BBS-BBB-Ada.git
Properties:
   Author: Brent Seidel
   Description: Abstract hardware drivers and drivers for some i2c bus devices.
   License: GPL-3.0-or-later
   Long_Description: This crate contains base classes for some hardware devices such as Analog
Inputs, GPIO pins, I2C bus, and SPI bus.  It also contains drivers for
devices that use, for example, an I2C bus.

By itself, this crate isn't much use.  It will need to be used with the
bbs_embed_linux crate which contains hardware drivers for the Raspberry Pi
and BeagleBone Black.

   Maintainer: Brent Seidel <brentseidel@mac.com>
   Maintainers_Logins: BrentSeidel
   Name: bbs_embed_common
   Tag: embedded
   Version: 0.1.0
   Website: https://github.com/BrentSeidel/BBS-BBB-Ada
Dependencies (direct):
   bbs~0.1.0
Dependencies (solution):
   bbs=0.1.0
Dependencies (graph):
   bbs_embed_common=0.1.0 --> bbs=0.1.0 (~0.1.0)


LOG:
Failed to locate log
