Test ran at 2025-09-09 12:34:46.288990+00:00

SOLUTION:
adacl_regexp=6.3.0: AdaCL: Regex and SPITBOL Patterns with Wide Character Support
Origin: source archive adacl_regexp-6.3.0.tgz at https://sourceforge.net/projects/adacl/files/Alire/adacl_regexp-6.3.0.tgz with hashes sha256:d1f82aba41f039402e75c68efe90c4e3def0eda6ffee1feda7c46ebbf29d2f1b, sha512:f865f1b142baabe82c3d178e27015d6671affa477348a38f19bc99c5a747e9de89d94e750f7125e2eec9536b0e994b5c9cd40294b61d875d0f321e8ad7c963c6
Properties:
   Author: Martin Krischik <krischik@users.sourceforge.net>
   Build Switches: 
   Description: AdaCL: Regex and SPITBOL Patterns with Wide Character Support
   License: GPL-3.0-or-later
   Long_Description: Regular expression and SPITBOL pattern matching for Ada 2022, with wide character support.

Features:
- Regular Expressions:
  - Generic implementation for any discrete element array
  - Instantiations for String, Wide_String, and Wide_Wide_String
- SPITBOL Patterns:
  - Pattern construction and matching, inspired by Macro-SPITBOL (Robert Dewar)
  - Supports String, Wide_String, and Wide_Wide_String
- Forked from GNAT.Regexp and GNAT.Spitbol with enhanced wide and wide-wide character support

Licensed under GPL-3.0-or-later. Integrates with the Ada Class Library (AdaCL).

Source: [SourceForge](https://sourceforge.net/p/adacl/git/ci/master/tree/adacl_regexp/src/)
Documentation: [GNATdoc](https://adacl.sourceforge.net/gnatdoc/adacl_regexp/index.html)

   Maintainer: Martin Krischik <krischik@users.sourceforge.net>
   Maintainers_Logins: krischik
   Name: adacl_regexp
   Tag: library
   Tag: strings
   Tag: wide-strings
   Tag: search
   Tag: regexp
   Tag: unicode
   Tag: ada2022
   Version: 6.3.0
   Website: https://sourceforge.net/projects/adacl/
Dependencies (direct):
   adacl^6.3.0
Dependencies (solution):
   adacl=6.3.0
   aunit=25.0.0
Dependencies (graph):
   adacl=6.3.0        --> aunit=25.0.0 (25.0.0)
   adacl_regexp=6.3.0 --> adacl=6.3.0 (^6.3.0)


LOG:
[alr test] Testing adacl_regexp=6.3.0
[alr test] Spawning retrieval for remote crate: alr -d -n get adacl_regexp=6.3.0
Note: Deploying adacl_regexp=6.3.0...

######################################################################## 100.0%
######################################################################## 100.0%
######################################################################## 100.0%
######################################################################## 100.0%
#=#=#                                                                          
##=#=#                                                                         
###########                                                               15.8%
#############################################                             63.6%
######################################################################## 100.0%

adacl_regexp=6.3.0 successfully retrieved.
Dependencies were solved as follows:

   + adacl 6.3.0  (new)
   + aunit 25.0.0 (new,indirect)
[alr test] Spawning default test for remote crate: alr -d -n build --release -- -cargs:Ada -gnatwn
Note: Building adacl_regexp=6.3.0/adacl_regexp.gpr...
Setup
   [mkdir]        object directory for project AdaCL_RegExp
   [mkdir]        library directory for project AdaCL_RegExp
Compile
   [Ada]          aunit-reporter-junit.adb
   [Ada]          aunit-reporter-gnattest.adb
   [Ada]          ada_containers.ads
   [Ada]          ada_containers-aunit_lists.adb
   [Ada]          aunit.adb
   [Ada]          aunit-test_suites.adb
   [Ada]          aunit-test_results.adb
   [Ada]          aunit-test_fixtures.adb
   [Ada]          aunit-test_filters.adb
   [Ada]          aunit-test_cases.adb
   [Ada]          aunit-test_caller.adb
   [Ada]          aunit-tests.ads
   [Ada]          aunit-simple_test_cases.adb
   [Ada]          aunit-run.adb
   [Ada]          aunit-reporter.adb
   [Ada]          aunit-options.ads
   [Ada]          aunit-assertions.adb
   [Ada]          adacl_config.ads
gnat1: invalid switch: -gnat2022

   compilation of adacl_config.ads failed

gprbuild: *** compilation phase failed
stderr: Command ["gprbuild", "-s", "-j0", "-p", "-P", "D:\a\alire-crates-ci\alire-crates-ci\test\9e831119-d5ff-45a9-b748-69560f93e591\adacl_regexp_6.3.0_d1f82aba\adacl_regexp.gpr", "-cargs:Ada", "-gnatwn"] exited with code 4
ERROR: Command ["gprbuild", "-s", "-j0", "-p", "-P", "D:\a\alire-crates-ci\alire-crates-ci\test\9e831119-d5ff-45a9-b748-69560f93e591\adacl_regexp_6.3.0_d1f82aba\adacl_regexp.gpr", "-cargs:Ada", "-gnatwn"] exited with code 4
stderr: ALIRE.CHECKED_ERROR
stderr: Command ["gprbuild", "-s", "-j0", "-p", "-P", "D:\a\alire-crates-ci\alire-crates-ci\test\9e831119-d5ff-45a9-b748-69560f93e591\adacl_regexp_6.3.0_d1f82aba\adacl_regexp.gpr", "-cargs:Ada", "-gnatwn"] exited with code 4
stderr: raised ALIRE.CHECKED_ERROR : alire-stored-error:1
[D:\a\alire-crates-ci\alire-crates-ci\alire_install\bin\alr.exe]
0x7ff61580da2a Semantic_Versioning.Basic.Restrictions.First_Index at alire.adb:284
0x7ff61540595b Semantic_Versioning.Basic.Restrictions.First_Index at alire-os_lib-subprocess.adb:111
0x7ff6156bcba1 Semantic_Versioning.Basic.Restrictions.First_Index at alire-spawn.adb:22
0x7ff6156bdd5d Semantic_Versioning.Basic.Restrictions.First_Index at alire-spawn.adb:68
0x7ff6155e2d64 Semantic_Versioning.Basic.Restrictions.First_Index at alire-roots.adb:189
0x7ff6155e11da Semantic_Versioning.Basic.Restrictions.First_Index at alire-roots.adb:255
0x7ff61560912d Semantic_Versioning.Basic.Restrictions.First_Index at alire-roots.adb:2143
0x7ff6156782f9 Semantic_Versioning.Basic.Restrictions.First_Index at alire-solutions.adb:1472
0x7ff615677424 Semantic_Versioning.Basic.Restrictions.First_Index at alire-solutions.adb:1555
0x7ff61560922c Semantic_Versioning.Basic.Restrictions.First_Index at alire-roots.adb:2147
0x7ff6156092fa Semantic_Versioning.Basic.Restrictions.First_Index at alire-roots.adb:2127
0x7ff6155e17a7 Semantic_Versioning.Basic.Restrictions.First_Index at alire-roots.adb:286
0x7ff6155e1912 Semantic_Versioning.Basic.Restrictions.First_Index at alire-roots.adb:114
0x7ff614d53baa Semantic_Versioning.Basic.Restrictions.First_Index at alr-commands-build.adb:145
0x7ff614d5341e Semantic_Versioning.Basic.Restrictions.First_Index at alr-commands-build.adb:113
0x7ff614d535ba Semantic_Versioning.Basic.Restrictions.First_Index at alr-commands-build.adb:54
0x7ff614e05dea Semantic_Versioning.Basic.Restrictions.First_Index at clic-subcommand-instance.adb:749
0x7ff614e12b0e Semantic_Versioning.Basic.Restrictions.First_Index at alr-commands.adb:632
0x7ff614ce16a0 Alr.Main at alr-main.adb:13
0x7ff614ce5270 Main at b__alr-main.adb:2454
0x7ff614ce133e __tmainCRTStartup at ???
0x7ff614ce1144 mainCRTStartup at ???
[C:\Windows\System32\KERNEL32.DLL]
0x7fff96d34cae
[C:\Windows\SYSTEM32\ntdll.dll]
0x7fff97f5edc9

stderr: ALIRE.ROOTS.BUILD._WRAPPED_STATEMENTS.BUILD_FAILED
stderr: alire-roots.adb:202
stderr: raised ALIRE.ROOTS.BUILD._WRAPPED_STATEMENTS.BUILD_FAILED : alire-roots.adb:202
[D:\a\alire-crates-ci\alire-crates-ci\alire_install\bin\alr.exe]
0x7ff6155e313c Semantic_Versioning.Basic.Restrictions.First_Index at alire-roots.adb:202
0x7ff6155e11da Semantic_Versioning.Basic.Restrictions.First_Index at alire-roots.adb:255
0x7ff61560912d Semantic_Versioning.Basic.Restrictions.First_Index at alire-roots.adb:2143
0x7ff6156782f9 Semantic_Versioning.Basic.Restrictions.First_Index at alire-solutions.adb:1472
0x7ff615677424 Semantic_Versioning.Basic.Restrictions.First_Index at alire-solutions.adb:1555
0x7ff61560922c Semantic_Versioning.Basic.Restrictions.First_Index at alire-roots.adb:2147
0x7ff6156092fa Semantic_Versioning.Basic.Restrictions.First_Index at alire-roots.adb:2127
0x7ff6155e17a7 Semantic_Versioning.Basic.Restrictions.First_Index at alire-roots.adb:286
0x7ff6155e1912 Semantic_Versioning.Basic.Restrictions.First_Index at alire-roots.adb:114
0x7ff614d53baa Semantic_Versioning.Basic.Restrictions.First_Index at alr-commands-build.adb:145
0x7ff614d5341e Semantic_Versioning.Basic.Restrictions.First_Index at alr-commands-build.adb:113
0x7ff614d535ba Semantic_Versioning.Basic.Restrictions.First_Index at alr-commands-build.adb:54
0x7ff614e05dea Semantic_Versioning.Basic.Restrictions.First_Index at clic-subcommand-instance.adb:749
0x7ff614e12b0e Semantic_Versioning.Basic.Restrictions.First_Index at alr-commands.adb:632
0x7ff614ce16a0 Alr.Main at alr-main.adb:13
0x7ff614ce5270 Main at b__alr-main.adb:2454
0x7ff614ce133e __tmainCRTStartup at ???
0x7ff614ce1144 mainCRTStartup at ???
[C:\Windows\System32\KERNEL32.DLL]
0x7fff96d34cae
[C:\Windows\SYSTEM32\ntdll.dll]
0x7fff97f5edc9

ERROR: Compilation failed.
