Test ran at 2026-05-23 12:42:29.278320+00:00

SOLUTION:
geo_mag=1.0.0: Library for magnetic declination calculation
Origin: commit 8fec994bef4a9b75c0eb39b6adc07b9fbb04a2f6 from https://github.com/MaxZakirov/geo_mag
Properties:
   Author: Max Zakirov
   Description: Library for magnetic declination calculation
   License: MIT OR Apache-2.0 WITH LLVM-exception
   Maintainer: Max Zakirov <ardo25968@gmail.com>
   Maintainer: Max Reznik <reznikmm@gmail.com>
   Maintainers_Logins: MaxZakirov
   Maintainers_Logins: reznikmm
   Name: geo_mag
   Tag: navigation
   Tag: wmm
   Tag: azimuth
   Tag: declination
   Tag: magnetism
   Version: 1.0.0
   Website: https://github.com/MaxZakirov/geo_mag


LOG:
[alr test] Testing geo_mag=1.0.0
[alr test] Spawning retrieval for remote crate: alr -d -n get geo_mag=1.0.0
Note: Deploying geo_mag=1.0.0...

geo_mag=1.0.0 successfully retrieved.
There are no dependencies.
[alr test] Spawning default test for remote crate: alr -d -n build --release -- -cargs:Ada -gnatwn
Note: Building geo_mag=1.0.0/geo_mag.gpr...
Setup
   [mkdir]        object directory for project Geo_Mag
   [mkdir]        exec directory for project Geo_Mag
   [mkdir]        library directory for project Geo_Mag
Compile
   [Ada]          geo_mag_config.ads
   [Ada]          geo_mag-data.ads
   [Ada]          geo_mag.adb
   [Ada]          geo_mag-common.adb
geo_mag-data-initialization.ads:19:09: illegal character, replaced by "("
geo_mag-data-initialization.ads:108:62: illegal character, replaced by ")"
geo_mag-data-initialization.ads:110:09: illegal character, replaced by "("
geo_mag-data-initialization.ads:199:61: illegal character, replaced by ")"
geo_mag-data-initialization.ads:201:09: illegal character, replaced by "("
geo_mag-data-initialization.ads:290:62: illegal character, replaced by ")"
geo_mag-data-initialization.ads:292:09: illegal character, replaced by "("
geo_mag-data-initialization.ads:381:62: illegal character, replaced by ")"
geo_mag-common.ads:6:08: warning: unrecognized pragma "Ada_2022"
geo_mag-common.ads:16:16: aspect "Static" is an Ada 202x feature
geo_mag-common.ads:16:16: compile with -gnat2020

   compilation of geo_mag-common.adb failed
   compilation of geo_mag.adb failed

gprbuild: *** compilation phase failed
stderr: Command ["gprbuild", "-s", "-j0", "-p", "-P", "/home/runner/work/alire-crates-ci/alire-crates-ci/test/d6e2ff37-04b6-48b3-b1af-092476ed18fb/geo_mag_1.0.0_8fec994b/geo_mag.gpr", "-cargs:Ada", "-gnatwn"] exited with code 4
ERROR: Command ["gprbuild", "-s", "-j0", "-p", "-P", "/home/runner/work/alire-crates-ci/alire-crates-ci/test/d6e2ff37-04b6-48b3-b1af-092476ed18fb/geo_mag_1.0.0_8fec994b/geo_mag.gpr", "-cargs:Ada", "-gnatwn"] exited with code 4
stderr: ALIRE.CHECKED_ERROR
stderr: Command ["gprbuild", "-s", "-j0", "-p", "-P", "/home/runner/work/alire-crates-ci/alire-crates-ci/test/d6e2ff37-04b6-48b3-b1af-092476ed18fb/geo_mag_1.0.0_8fec994b/geo_mag.gpr", "-cargs:Ada", "-gnatwn"] exited with code 4
stderr: raised ALIRE.CHECKED_ERROR : alire-stored-error:1
[/home/runner/work/alire-crates-ci/alire-crates-ci/alire_install/bin/alr]
0xe75bc6 Alire.Raise_Checked_Error at alire.adb:284
0xac1a54 Alire.Os_Lib.Subprocess.Checked_Spawn at alire-os_lib-subprocess.adb:111
0xd40276 Alire.Spawn.Command at alire-spawn.adb:22
0xd412ee Alire.Spawn.Gprbuild at alire-spawn.adb:68
0xc748cb Alire.Roots.Build at alire-roots.adb:189
0xc7301a Alire.Roots.Build at alire-roots.adb:255
0xc9832b Alire.Roots.Traverse at alire-roots.adb:2143
0xcfee85 Alire.Solutions.Traverse.Visit at alire-solutions.adb:1472
0xcfdfcc Alire.Solutions.Traverse at alire-solutions.adb:1555
0xc9841e Alire.Roots.Traverse at alire-roots.adb:2147
0xc984dd Alire.Roots.Traverse at alire-roots.adb:2127
0xc7359b Alire.Roots.Build at alire-roots.adb:286
0xc736d7 Alire.Roots.Build at alire-roots.adb:114
0x49aa0d Alr.Commands.Build.Execute at alr-commands-build.adb:145
0x49a36d Alr.Commands.Build.Execute at alr-commands-build.adb:113
0x49a51f Alr.Commands.Build.Execute at alr-commands-build.adb:54
0x53bbcc Alr.Commands.Sub_Cmd.Execute at clic-subcommand-instance.adb:749
0x5472be Alr.Commands.Execute at alr-commands.adb:632
0x43d48a Alr.Main at alr-main.adb:13
0x4403a3 Main at b__alr-main.adb:2445
[/lib/x86_64-linux-gnu/libc.so.6]
0x7f73b2c2a1c8
0x7f73b2c2a289
[/home/runner/work/alire-crates-ci/alire-crates-ci/alire_install/bin/alr]
0x43d323 _start at ???
0xfffffffffffffffe

stderr: ALIRE.ROOTS.BUILD._WRAPPED_STATEMENTS.BUILD_FAILED
stderr: alire-roots.adb:202
stderr: raised ALIRE.ROOTS.BUILD._WRAPPED_STATEMENTS.BUILD_FAILED : alire-roots.adb:202
[/home/runner/work/alire-crates-ci/alire-crates-ci/alire_install/bin/alr]
0xc74cc7 Alire.Roots.Build at alire-roots.adb:202
0xc7301a Alire.Roots.Build at alire-roots.adb:255
0xc9832b Alire.Roots.Traverse at alire-roots.adb:2143
0xcfee85 Alire.Solutions.Traverse.Visit at alire-solutions.adb:1472
0xcfdfcc Alire.Solutions.Traverse at alire-solutions.adb:1555
0xc9841e Alire.Roots.Traverse at alire-roots.adb:2147
0xc984dd Alire.Roots.Traverse at alire-roots.adb:2127
0xc7359b Alire.Roots.Build at alire-roots.adb:286
0xc736d7 Alire.Roots.Build at alire-roots.adb:114
0x49aa0d Alr.Commands.Build.Execute at alr-commands-build.adb:145
0x49a36d Alr.Commands.Build.Execute at alr-commands-build.adb:113
0x49a51f Alr.Commands.Build.Execute at alr-commands-build.adb:54
0x53bbcc Alr.Commands.Sub_Cmd.Execute at clic-subcommand-instance.adb:749
0x5472be Alr.Commands.Execute at alr-commands.adb:632
0x43d48a Alr.Main at alr-main.adb:13
0x4403a3 Main at b__alr-main.adb:2445
[/lib/x86_64-linux-gnu/libc.so.6]
0x7f73b2c2a1c8
0x7f73b2c2a289
[/home/runner/work/alire-crates-ci/alire-crates-ci/alire_install/bin/alr]
0x43d323 _start at ???
0xfffffffffffffffe

ERROR: Compilation failed.
