Test ran at 2026-08-22 12:47:54.219752+00:00

SOLUTION:
sparkfun_qwiic_motor_driver=0.1.0: Interface to the SparkFun Qwiic motor driver.
Origin: commit a8e00b6da3625bee2a8033cc6fb8f305ff45cf06 from https://github.com/KLOC-Karsten/sparkfun-qwiic-motor-driver.git
Properties:
   Author: Karsten Lueth
   Description: Interface to the SparkFun Qwiic motor driver.
   License: BSD-3-Clause
   Maintainer: Karsten Lueth <kl@kloc-consulting.de>
   Maintainers_Logins: KLOC-Karsten
   Name: sparkfun_qwiic_motor_driver
   Tag: hal
   Tag: motor-driver
   Tag: sparkfun
   Tag: i2c
   Version: 0.1.0
   Website: https://github.com/KLOC-Karsten/sparkfun-qwiic-motor-driver
Dependencies (direct):
   hal^1.0.0
Dependencies (solution):
   hal=1.0.0
Dependencies (graph):
   sparkfun_qwiic_motor_driver=0.1.0 --> hal=1.0.0 (^1.0.0)


LOG:
[alr test] Testing sparkfun_qwiic_motor_driver=0.1.0
[alr test] Spawning retrieval for remote crate: alr -d -n get sparkfun_qwiic_motor_driver=0.1.0
Note: Deploying sparkfun_qwiic_motor_driver=0.1.0...
Note: Deploying hal=1.0.0...

sparkfun_qwiic_motor_driver=0.1.0 successfully retrieved.
Dependencies were solved as follows:

   + hal 1.0.0 (new)
[alr test] Spawning default test for remote crate: alr -d -n build --release -- -cargs:Ada -gnatwn
Note: Building sparkfun_qwiic_motor_driver=0.1.0/sparkfun_qwiic_motor_driver.gpr...
"C:\Users\runneradmin\AppData\Local\alire\cache\builds\hal_1.0.0_084c6412\80c667a14c0bbb0e2f7f185d159ae83222559bacb1087172cc6e81c0134d5570\obj" created
"C:\Users\runneradmin\AppData\Local\alire\cache\builds\hal_1.0.0_084c6412\80c667a14c0bbb0e2f7f185d159ae83222559bacb1087172cc6e81c0134d5570\lib" created
"obj\release" created
"lib" created
[Ada Compile]     hal-audio.ads
[Ada Compile]     hal-bitmap.ads
[Ada Compile]     hal-block_drivers.ads
[Ada Compile]     hal-dsi.ads
[Ada Compile]     hal-filesystem.ads
[Ada Compile]     hal-flash.ads
[Ada Compile]     hal-framebuffer.ads
[Ada Compile]     hal-gpio.ads
[Ada Compile]     hal-i2c.ads
[Ada Compile]     hal-real_time_clock.ads
[Ada Compile]     hal-sdmmc.adb
[Ada Compile]     hal-spi.ads
[Ada Compile]     hal-time.ads
[Ada Compile]     hal-touch_panel.ads
[Ada Compile]     hal-uart.ads
[Ada Compile]     hal.ads
[Ada Compile]     sparkfun_qwiic_motor_driver.adb
[Ada Compile]     sparkfun_qwiic_motor_driver_config.ads
[Archive]         libhal.a
[Archive]         libSparkfun_Qwiic_Motor_Driver.a
Success: Build finished successfully in 2.62 seconds.
Found declared GPR file: sparkfun_qwiic_motor_driver.gpr
[alr test] Test completed SUCCESSFULLY
