Test ran at 2025-09-03 01:29:27.723409+00:00

SOLUTION:
lvgl_ada_simulator=1.0.0: Native simulator of an LVGL display
Origin: commit 7750e873429279c5f5cc461a578a559251f77a63 from https://github.com/Fabien-Chouteau/lvgl-ada-simulator.git
Properties:
   Author: Fabien Chouteau
   Description: Native simulator of an LVGL display
   License: MIT
   Maintainer: Fabien Chouteau <fabien.chouteau@gmail.com>
   Maintainers_Logins: Fabien-Chouteau
   Name: lvgl_ada_simulator
   Tag: gui
   Tag: lvgl
   Tag: simulator
   Version: 1.0.0
   Website: https://github.com/Fabien-Chouteau/lvgl-ada-simulator
Dependencies (direct):
   asfml^2.5.3
   lvgl_ada^1
Dependencies (solution):
   asfml=2.6.1
   lvgl_ada=1.0.0
Dependencies (missing):
   libcsfml^2.6.1 (indirect,hinted)
Dependencies (graph):
   asfml=2.6.1              --> libcsfml^2.6.1
   lvgl_ada_simulator=1.0.0 --> asfml=2.6.1 (^2.5.3)
   lvgl_ada_simulator=1.0.0 --> lvgl_ada=1.0.0 (^1)
Dependencies cannot be met


LOG:
