Test ran at 2025-05-25 12:44:18.506169+00:00

SOLUTION:
matreshka_sql_postgresql=21.0.0: PostgreSQL binding for Ada
Origin: commit 8a4efceaaf37b1a2247ce8d07f44186e4c683afe from https://github.com/reznikmm/matreshka-alire
Available when: (case OS is Windows => False, others => True)
Properties:
   Author: Vadim Godunko
   Description: PostgreSQL binding for Ada
   License: BSD-3-Clause
   Maintainer: Vadim Godunko <vgodunko@gmail.com>
   Maintainer: Maxim Reznik <reznikmm@gmail.com>
   Maintainers_Logins: godunko
   Maintainers_Logins: reznikmm
   Name: matreshka_sql_postgresql
   Project_File: build_matreshka_sql_postgresql.gpr
   Tag: sql
   Tag: database
   Tag: db
   Tag: postgresql
   Version: 21.0.0
   Website: https://github.com/godunko/matreshka
Dependencies (direct):
   libpq*
   matreshka_league21.0.0
Dependencies (solution):
   libpq=17.5.0
   make=4.3.0
   matreshka_league=21.0.0
Dependencies (graph):
   matreshka_league=21.0.0         --> make=4.3.0 (*)
   matreshka_sql_postgresql=21.0.0 --> libpq=17.5.0 (*)
   matreshka_sql_postgresql=21.0.0 --> matreshka_league=21.0.0 (21.0.0)


LOG:
Spawning: alr -d -n get --build matreshka_sql_postgresql=21.0.0
Note: Deploying matreshka_sql_postgresql=21.0.0...
Note: Building matreshka_sql_postgresql=21.0.0/build_matreshka_sql_postgresql.gpr...
Setup
   [mkdir]        object directory for project Matreshka_SQL
   [mkdir]        object directory for project Matreshka_SQL_PostgreSQL
Compile
   [Ada]          matreshka-internals-sql_drivers-dummy.adb
   [Ada]          matreshka-internals-sql_parameter_sets.adb
   [Ada]          sql-databases-internals.adb
   [Ada]          sql-options.adb
   [Ada]          matreshka-internals-sql_parameter_rewriters.adb
   [Ada]          matreshka-internals-sql_drivers.adb
   [Ada]          sql-databases.adb
   [Ada]          sql-queries-internals.adb
   [Ada]          sql-options-internals.adb
   [Ada]          sql.ads
   [Ada]          sql-queries.adb
   [Ada]          sql-queries-holders.adb
   [Ada]          matreshka-internals-sql_drivers-postgresql-factory.adb
sql-queries.adb:245:14: warning: procedure "Previous" is not referenced [-gnatwu]
   [Ada]          matreshka-internals-sql_drivers-postgresql-databases.adb
   [Ada]          matreshka-internals-sql_parameter_rewriters-postgresql.adb
   [Ada]          matreshka-internals-sql_drivers-postgresql.ads
   [Ada]          matreshka-internals-sql_drivers-postgresql-queries.adb
matreshka-internals-sql_drivers-postgresql-databases.adb:177:13: warning: "Result" is not modified, could be declared constant [-gnatwk]
Build Libraries
   [gprlib]       matreshka-sql-13.2.lexch
   [gprlib]       matreshka-sql-postgresql-13.2.lexch
   [link library] libmatreshka-sql-13.2.so
   [link library] libmatreshka-sql-postgresql-13.2.so

matreshka_sql_postgresql=21.0.0 successfully retrieved and built.
Dependencies were solved as follows:

   +b libpq            17.5.0 (new,system package)
   +b make             4.3.0  (new,indirect,system package)
   +  matreshka_league 21.0.0 (new)
Found declared GPR file: build_matreshka_sql_postgresql.gpr
