Test ran at 2026-07-27 13:27:10.070295+00:00

SOLUTION:
dependency_graph_extractor=22.0.0: Extract dependency information from Ada projects
Origin: commit 992fc1c438fff2917f5cbdbfe6ca449933ee6fd5 from https://github.com/TNO/Dependency_Graph_Extractor-Ada.git
Properties:
   Author: Jeroen Ketema
   Author: Pierre van de Laar
   Description: Extract dependency information from Ada projects
   Executable: dependency_graph_extractor
   License: BSD-3-Clause
   Maintainer: Pierre van de Laar <pierre.van.de.laar@gmail.com>
   Maintainers_Logins: pjljvandelaar
   Name: dependency_graph_extractor
   Tag: extract
   Tag: dependency
   Tag: analysis
   Tag: graph
   Tag: graphml
   Version: 22.0.0
   Website: https://github.com/TNO/Dependency_Graph_Extractor-Ada
Dependencies (direct):
   libadalang^22.0.0
Dependencies (solution):
   gnat=15.1.2 (gnat_native)
   gnatcoll=22.0.0
   gnatcoll_gmp=22.0.0
   gnatcoll_iconv=22.0.0
   langkit_support=22.0.0
   libadalang=22.0.0
   libgmp=6.3.0
   libgpr=22.0.0
   xmlada=22.0.0
Dependencies (graph):
   dependency_graph_extractor=22.0.0 --> libadalang=22.0.0 (^22.0.0)
   gnatcoll=22.0.0                   --> libgpr=22.0.0 (~22.0.0)
   gnatcoll_gmp=22.0.0               --> gnatcoll=22.0.0 (~22.0.0)
   gnatcoll_gmp=22.0.0               --> libgmp=6.3.0 (*)
   gnatcoll_iconv=22.0.0             --> gnatcoll=22.0.0 (~22.0.0)
   langkit_support=22.0.0            --> gnatcoll=22.0.0 (^22)
   langkit_support=22.0.0            --> gnatcoll_iconv=22.0.0 (^22)
   libadalang=22.0.0                 --> gnatcoll=22.0.0 (^22)
   libadalang=22.0.0                 --> gnatcoll_gmp=22.0.0 (^22)
   libadalang=22.0.0                 --> gnatcoll_iconv=22.0.0 (^22)
   libadalang=22.0.0                 --> langkit_support=22.0.0 (^22)
   libgpr=22.0.0                     --> gnat=15.1.2 (gnat_native) (/=2020)
   libgpr=22.0.0                     --> xmlada=22.0.0 (~22.0.0)
   xmlada=22.0.0                     --> gnat=15.1.2 (gnat_native) (>=11)


LOG:
[alr test] Testing dependency_graph_extractor=22.0.0
[alr test] Spawning retrieval for remote crate: alr -d -n get dependency_graph_extractor=22.0.0
Note: Deploying dependency_graph_extractor=22.0.0...
Note: Deploying xmlada=22.0.0...
#=#=#                                                                          
##O#-#                                                                         
##=O#- #                                                                       
# #=O#- #                                                                      
Note: Deploying libgpr=22.0.0...
#=#=#                                                                          
##O#-#                                                                         
##=O#- #                                                                       
# #=O#- #                                                                      
Note: Deploying gnatcoll=22.0.0...
#=#=#                                                                          
##O#-#                                                                         
##=O#- #                                                                       
Note: Deploying gnatcoll_gmp=22.0.0...
#=#=#                                                                          
##O#-#                                                                         
Note: Deploying gnatcoll_iconv=22.0.0...
#=#=#                                                                          
##O#-#                                                                         
Note: Deploying langkit_support=22.0.0...
#=#=#                                                                          

######################################################################## 100.0%
Note: Deploying libadalang=22.0.0...
#=#=#                                                                          

#                                                                          2.4%
######################################################################## 100.0%

dependency_graph_extractor=22.0.0 successfully retrieved.
Dependencies were solved as follows:

   +b gnat            15.1.2 (new,gnat_native,indirect,binary)
   +  gnatcoll        22.0.0 (new,indirect)
   +  gnatcoll_gmp    22.0.0 (new,indirect)
   +  gnatcoll_iconv  22.0.0 (new,indirect)
   +  langkit_support 22.0.0 (new,indirect)
   +  libadalang      22.0.0 (new)
   +b libgmp          6.3.0  (new,indirect,system package)
   +  libgpr          22.0.0 (new,indirect)
   +  xmlada          22.0.0 (new,indirect)
[alr test] Spawning default test for remote crate: alr -d -n build --release -- -cargs:Ada -gnatwn
Note: Running post-fetch actions for xmlada=22.0.0...
checking build system type... arm-apple-darwin25.4.0
checking host system type... arm-apple-darwin25.4.0
checking target system type... arm-apple-darwin25.4.0
checking whether gnat can build shared libs... yes
checking for a BSD-compatible install... /usr/bin/install -c
checking whether ln -s works... yes
configure: creating ./config.status
config.status: creating xmlada_shared.gpr
config.status: creating Makefile
config.status: creating tests/dom/default.gpr
Note: Building dependency_graph_extractor=22.0.0/dependency_graph_extractor.gpr...
gnatcoll.gpr:254:07: warning: value "windows" is not used as label
Setup
   [mkdir]        object directory for project XmlAda_Sax
   [mkdir]        library directory for project XmlAda_Sax
   [mkdir]        object directory for project XmlAda_Schema
   [mkdir]        object directory for project GPR
   [mkdir]        library directory for project GPR
   [mkdir]        object directory for project GnatColl
   [mkdir]        library directory for project GnatColl
   [mkdir]        object directory for project GnatColl_GMP
   [mkdir]        library directory for project GnatColl_GMP
   [mkdir]        object directory for project GnatColl_Iconv
   [mkdir]        library directory for project GnatColl_Iconv
   [mkdir]        object directory for project Langkit_Support
   [mkdir]        library directory for project Langkit_Support
   [mkdir]        object directory for project Libadalang
   [mkdir]        library directory for project Libadalang
   [mkdir]        object directory for project Dependency_Graph_Extractor
   [mkdir]        exec directory for project Dependency_Graph_Extractor
Compile
   [Ada]          dependency_graph_extractor.adb
   [Ada]          langkit_support-adalog-main_support.adb
   [Ada]          langkit_support-symbols.adb
langkit_support-symbols.adb:24:09: warning: unit "Ada.Unchecked_Conversion" is not referenced [-gnatwu]
clang: warning: overriding deployment version from '16.0' to '26.0' [-Woverriding-deployment-version]
   [Ada]          langkit_support-text.adb
clang: warning: overriding deployment version from '16.0' to '26.0' [-Woverriding-deployment-version]
   [Ada]          langkit_support-lexical_envs.ads
clang: warning: overriding deployment version from '16.0' to '26.0' [-Woverriding-deployment-version]
   [Ada]          langkit_support.ads
clang: warning: overriding deployment version from '16.0' to '26.0' [-Woverriding-deployment-version]
   [Ada]          langkit_support-internal.ads
clang: warning: overriding deployment version from '16.0' to '26.0' [-Woverriding-deployment-version]
   [Ada]          langkit_support-images.adb
clang: warning: overriding deployment version from '16.0' to '26.0' [-Woverriding-deployment-version]
   [Ada]          langkit_support-hashes.adb
clang: warning: overriding deployment version from '16.0' to '26.0' [-Woverriding-deployment-version]
   [Ada]          langkit_support-iterators.adb
clang: warning: overriding deployment version from '16.0' to '26.0' [-Woverriding-deployment-version]
   [Ada]          langkit_support-tree_traversal_iterator.adb
clang: warning: overriding deployment version from '16.0' to '26.0' [-Woverriding-deployment-version]
   [Ada]          langkit_support-diagnostics.adb
clang: warning: overriding deployment version from '16.0' to '26.0' [-Woverriding-deployment-version]
   [Ada]          langkit_support-adalog-logic_ref.adb
clang: warning: overriding deployment version from '16.0' to '26.0' [-Woverriding-deployment-version]
   [Ada]          langkit_support-errors.ads
clang: warning: overriding deployment version from '16.0' to '26.0' [-Woverriding-deployment-version]
   [Ada]          langkit_support-boxes.adb
clang: warning: overriding deployment version from '16.0' to '26.0' [-Woverriding-deployment-version]
   [Ada]          langkit_support-adalog-unify_lr.adb
clang: warning: overriding deployment version from '16.0' to '26.0' [-Woverriding-deployment-version]
   [Ada]          langkit_support-adalog-predicates.adb
clang: warning: overriding deployment version from '16.0' to '26.0' [-Woverriding-deployment-version]
   [Ada]          langkit_support-adalog-pure_relations.adb
clang: warning: overriding deployment version from '16.0' to '26.0' [-Woverriding-deployment-version]
   [Ada]          langkit_support-adalog-relations.adb
clang: warning: overriding deployment version from '16.0' to '26.0' [-Woverriding-deployment-version]
   [Ada]          langkit_support-symbols-precomputed.adb
clang: warning: overriding deployment version from '16.0' to '26.0' [-Woverriding-deployment-version]
   [Ada]          langkit_support-lexical_envs_impl.adb
clang: warning: overriding deployment version from '16.0' to '26.0' [-Woverriding-deployment-version]
   [Ada]          langkit_support-adalog-logic_var.ads
clang: warning: overriding deployment version from '16.0' to '26.0' [-Woverriding-deployment-version]
   [Ada]          langkit_support-types.ads
clang: warning: overriding deployment version from '16.0' to '26.0' [-Woverriding-deployment-version]
   [Ada]          langkit_support-diagnostics-output.adb
clang: warning: overriding deployment version from '16.0' to '26.0' [-Woverriding-deployment-version]
   [Ada]          langkit_support-relative_get.adb
clang: warning: overriding deployment version from '16.0' to '26.0' [-Woverriding-deployment-version]
   [Ada]          langkit_support-slocs.adb
clang: warning: overriding deployment version from '16.0' to '26.0' [-Woverriding-deployment-version]
   [Ada]          langkit_support-vectors.adb
clang: warning: overriding deployment version from '16.0' to '26.0' [-Woverriding-deployment-version]
   [Ada]          langkit_support-adalog-operations.adb
clang: warning: overriding deployment version from '16.0' to '26.0' [-Woverriding-deployment-version]
   [Ada]          langkit_support-bump_ptr.adb
clang: warning: overriding deployment version from '16.0' to '26.0' [-Woverriding-deployment-version]
   [Ada]          langkit_support-file_readers.adb
clang: warning: overriding deployment version from '16.0' to '26.0' [-Woverriding-deployment-version]
   [Ada]          langkit_support-adalog-eq_same.adb
clang: warning: overriding deployment version from '16.0' to '26.0' [-Woverriding-deployment-version]
   [Ada]          langkit_support-adalog-debug.adb
clang: warning: overriding deployment version from '16.0' to '26.0' [-Woverriding-deployment-version]
   [Ada]          langkit_support-packrat.adb
clang: warning: overriding deployment version from '16.0' to '26.0' [-Woverriding-deployment-version]
   [Ada]          langkit_support-generic_api-analysis.adb
clang: warning: overriding deployment version from '16.0' to '26.0' [-Woverriding-deployment-version]
   [Ada]          langkit_support-cheap_sets.adb
clang: warning: overriding deployment version from '16.0' to '26.0' [-Woverriding-deployment-version]
   [Ada]          langkit_support-generic_api.adb
clang: warning: overriding deployment version from '16.0' to '26.0' [-Woverriding-deployment-version]
   [Ada]          langkit_support-adalog.ads
clang: warning: overriding deployment version from '16.0' to '26.0' [-Woverriding-deployment-version]
   [Ada]          langkit_support-adalog-unify.adb
clang: warning: overriding deployment version from '16.0' to '26.0' [-Woverriding-deployment-version]
   [Ada]          langkit_support-bump_ptr-vectors.adb
clang: warning: overriding deployment version from '16.0' to '26.0' [-Woverriding-deployment-version]
   [Ada]          langkit_support-adalog-unify_one_side.adb
clang: warning: overriding deployment version from '16.0' to '26.0' [-Woverriding-deployment-version]
   [Ada]          langkit_support-array_utils.adb
clang: warning: overriding deployment version from '16.0' to '26.0' [-Woverriding-deployment-version]
   [Ada]          langkit_support-adalog-abstract_relation.adb
clang: warning: overriding deployment version from '16.0' to '26.0' [-Woverriding-deployment-version]
   [Ada]          langkit_support-token_data_handlers.adb
langkit_support-adalog-abstract_relation.adb:122:28: (style) redundant parentheses [-gnatyx]
clang: warning: overriding deployment version from '16.0' to '26.0' [-Woverriding-deployment-version]
   [C]            iconv_support.c
/Users/runner/.local/share/alire/builds/gnatcoll_iconv_22.0.0_f3732e5d/ec70cf43fa4de72bd4257099902c93b251001c596daa4155e99cdad3ed578c94/iconv/iconv_support.c:6:10: fatal error: iconv.h: No such file or directory
    6 | #include <iconv.h>
      |          ^~~~~~~~~
compilation terminated.
clang: warning: overriding deployment version from '16.0' to '26.0' [-Woverriding-deployment-version]
clang: warning: overriding deployment version from '16.0' to '26.0' [-Woverriding-deployment-version]

   compilation of iconv_support.c failed

gprbuild: *** compilation phase failed
stderr: Command ["gprbuild", "-s", "-j0", "-p", "-P", "/Users/runner/work/alire-crates-ci/alire-crates-ci/test/b300045e-6512-43de-a081-17def766e5c4/dependency_graph_extractor_22.0.0_992fc1c4/dependency_graph_extractor.gpr", "-cargs:Ada", "-gnatwn"] exited with code 4
ERROR: Command ["gprbuild", "-s", "-j0", "-p", "-P", "/Users/runner/work/alire-crates-ci/alire-crates-ci/test/b300045e-6512-43de-a081-17def766e5c4/dependency_graph_extractor_22.0.0_992fc1c4/dependency_graph_extractor.gpr", "-cargs:Ada", "-gnatwn"] exited with code 4
stderr: ALIRE.CHECKED_ERROR
stderr: Command ["gprbuild", "-s", "-j0", "-p", "-P", "/Users/runner/work/alire-crates-ci/alire-crates-ci/test/b300045e-6512-43de-a081-17def766e5c4/dependency_graph_extractor_22.0.0_992fc1c4/dependency_graph_extractor.gpr", "-cargs:Ada", "-gnatwn"] exited with code 4
stderr: raised ALIRE.CHECKED_ERROR : alire-stored-error:1
Load address: 0x104464000
Call stack traceback locations:
0x1051700cc 0x10517012c 0x104ec466c 0x104b09568 0x104d8e594 0x104d8f4f4 0x104ccd33c 0x104ccbb08 0x104cef78c 0x104d4f56c 0x104d4e99c 0x104cef868 0x104cef950 0x104ccc00c 0x104ccc174 0x1044d5730 0x1044d5070 0x1044d51e4 0x104572b38 0x10457dc78 0x1044669f8 0x10446ba2c

stderr: ALIRE.ROOTS.BUILD._WRAPPED_STATEMENTS.BUILD_FAILED
stderr: alire-roots.adb:202
stderr: raised ALIRE.ROOTS.BUILD._WRAPPED_STATEMENTS.BUILD_FAILED : alire-roots.adb:202
Load address: 0x104464000
Call stack traceback locations:
0x1051700cc 0x10517012c 0x104ccd640 0x104ccbb08 0x104cef78c 0x104d4f56c 0x104d4e99c 0x104cef868 0x104cef950 0x104ccc00c 0x104ccc174 0x1044d5730 0x1044d5070 0x1044d51e4 0x104572b38 0x10457dc78 0x1044669f8 0x10446ba2c

ERROR: Compilation failed.
