Test ran at 2026-09-07 12:54:33.040899+00:00

SOLUTION:
vss_extra=26.2.0: Extra features for VSS
Origin: commit 879b9b89cae0ff5d68c6ac1bfcb5534b16513988 from https://github.com/AdaCore/vss-extra
Properties:
   Author: AdaCore
   Build Switches: 
   Configuration: no modifiers
   Description: Extra features for VSS
   License: Apache-2.0
   Long_Description: ## Warning - Work in Progress

This crate is based on [`VSS`](https://github.com/AdaCore/VSS) (Virtual
String System). VSS has been split into two crates:

* [`vss_text`](https://alire.ada.dev/crates/vss_text): a library for Unicode text
  processing.
* [`vss_extra`](https://alire.ada.dev/crates/vss_extra) (this crate): libraries
  for handling JSON, Regexp, XML and other features based on `vss_text`.

Significant API changes are planned in `vss_text` which will likely have an
impact on this crate.

Moreover, `vss_extra` is planned to be further split into more focused
projects (e.g. JSON, Regexp, XML, etc.) and might ultimately disappear once all
features find a new home.

   Maintainer: Vadim Godunko <vgodunko@gmail.com>
   Maintainer: Maxim Reznik <reznikmm@gmail.com>
   Maintainer: sagaert@adacore.com
   Maintainer: chouteau@adacore.com
   Maintainers_Logins: godunko
   Maintainers_Logins: reznikmm
   Maintainers_Logins: AldanTanneo
   Maintainers_Logins: Fabien-Chouteau
   Name: vss_extra
   Project_File: gnat/vss_os.gpr
   Project_File: gnat/vss_json.gpr
   Project_File: gnat/vss_regexp.gpr
   Project_File: gnat/vss_xml.gpr
   Project_File: gnat/vss_xml_templates.gpr
   Tag: unicode
   Tag: vss
   Tag: os
   Tag: json
   Tag: xml
   Version: 26.2.0
   Website: https://github.com/AdaCore/vss-extra
Dependencies (direct):
   vss_text^26.2.0
Dependencies (solution):
   vss_text=26.2.0
Dependencies (graph):
   vss_extra=26.2.0 --> vss_text=26.2.0 (^26.2.0)


LOG:
[alr test] Testing vss_extra=26.2.0
[alr test] Spawning retrieval for remote crate: alr -d -n get vss_extra=26.2.0
Note: Deploying vss_extra=26.2.0...
Note: Deploying vss_text=26.2.0...

vss_extra=26.2.0 successfully retrieved.
Dependencies were solved as follows:

   + vss_text 26.2.0 (new)
[alr test] Spawning default test for remote crate: alr -d -n build --release -- -cargs:Ada -gnatwn
Note: Building vss_extra=26.2.0/gnat/vss_os.gpr (1/5)...
"C:\Users\runneradmin\AppData\Local\alire\cache\builds\vss_text_26.2.0_c021ca33\8eae1a6046986f2f2926152ec82f8609bd39cd1f6a45fca895402506c2a85696\.objs\release\static" created
"C:\Users\runneradmin\AppData\Local\alire\cache\builds\vss_text_26.2.0_c021ca33\8eae1a6046986f2f2926152ec82f8609bd39cd1f6a45fca895402506c2a85696\.libs\release\static" created
"..\.objs\release\static" created
"..\.libs\release\static" created
[Ada Compile]     a-szuvau.adb
[Ada Compile]     vss-characters-latin.ads
[Ada Compile]     vss-characters-punctuations.ads
[Ada Compile]     vss-characters-specials.ads
[Archive]         libvss-gnat.a
gnat1: invalid switch: -gnat2022
vss_text.gpr: error: [Ada Compile] vss-characters-latin.ads (vss_text.gpr) failed with status 1
gnat1: invalid switch: -gnat2022
vss_text.gpr: error: [Ada Compile] vss-characters-punctuations.ads (vss_text.gpr) failed with status 1
gnat1: invalid switch: -gnat2022
vss_text.gpr: error: [Ada Compile] vss-characters-specials.ads (vss_text.gpr) failed with status 1
stderr: Command ["gprbuild", "-s", "-j0", "-p", "-P", "D:\a\alire-crates-ci\alire-crates-ci\test\4245f714-7e20-4e45-a041-2409ed09dee2\vss_extra_26.2.0_879b9b89\gnat/vss_os.gpr", "-cargs:Ada", "-gnatwn"] exited with code 4
ERROR: Command ["gprbuild", "-s", "-j0", "-p", "-P", "D:\a\alire-crates-ci\alire-crates-ci\test\4245f714-7e20-4e45-a041-2409ed09dee2\vss_extra_26.2.0_879b9b89\gnat/vss_os.gpr", "-cargs:Ada", "-gnatwn"] exited with code 4
stderr: ALIRE.CHECKED_ERROR
stderr: Command ["gprbuild", "-s", "-j0", "-p", "-P", "D:\a\alire-crates-ci\alire-crates-ci\test\4245f714-7e20-4e45-a041-2409ed09dee2\vss_extra_26.2.0_879b9b89\gnat/vss_os.gpr", "-cargs:Ada", "-gnatwn"] exited with code 4
stderr: raised ALIRE.CHECKED_ERROR : alire-stored-error:1
[D:\a\alire-crates-ci\alire-crates-ci\alire_install\bin\alr.exe]
0x7ff61431da2a Semantic_Versioning.Basic.Restrictions.First_Index at alire.adb:284
0x7ff613f1595b Semantic_Versioning.Basic.Restrictions.First_Index at alire-os_lib-subprocess.adb:111
0x7ff6141ccba1 Semantic_Versioning.Basic.Restrictions.First_Index at alire-spawn.adb:22
0x7ff6141cdd5d Semantic_Versioning.Basic.Restrictions.First_Index at alire-spawn.adb:68
0x7ff6140f2d64 Semantic_Versioning.Basic.Restrictions.First_Index at alire-roots.adb:189
0x7ff6140f11da Semantic_Versioning.Basic.Restrictions.First_Index at alire-roots.adb:255
0x7ff61411912d Semantic_Versioning.Basic.Restrictions.First_Index at alire-roots.adb:2143
0x7ff6141882f9 Semantic_Versioning.Basic.Restrictions.First_Index at alire-solutions.adb:1472
0x7ff614187424 Semantic_Versioning.Basic.Restrictions.First_Index at alire-solutions.adb:1555
0x7ff61411922c Semantic_Versioning.Basic.Restrictions.First_Index at alire-roots.adb:2147
0x7ff6141192fa Semantic_Versioning.Basic.Restrictions.First_Index at alire-roots.adb:2127
0x7ff6140f17a7 Semantic_Versioning.Basic.Restrictions.First_Index at alire-roots.adb:286
0x7ff6140f1912 Semantic_Versioning.Basic.Restrictions.First_Index at alire-roots.adb:114
0x7ff613863baa Semantic_Versioning.Basic.Restrictions.First_Index at alr-commands-build.adb:145
0x7ff61386341e Semantic_Versioning.Basic.Restrictions.First_Index at alr-commands-build.adb:113
0x7ff6138635ba Semantic_Versioning.Basic.Restrictions.First_Index at alr-commands-build.adb:54
0x7ff613915dea Semantic_Versioning.Basic.Restrictions.First_Index at clic-subcommand-instance.adb:749
0x7ff613922b0e Semantic_Versioning.Basic.Restrictions.First_Index at alr-commands.adb:632
0x7ff6137f16a0 Alr.Main at alr-main.adb:13
0x7ff6137f5270 Main at b__alr-main.adb:2454
0x7ff6137f133e __tmainCRTStartup at ???
0x7ff6137f1144 mainCRTStartup at ???
[C:\Windows\System32\KERNEL32.DLL]
0x7ffb00aae8d5
[C:\Windows\SYSTEM32\ntdll.dll]
0x7ffb0216c53a

stderr: ALIRE.ROOTS.BUILD._WRAPPED_STATEMENTS.BUILD_FAILED
stderr: alire-roots.adb:202
stderr: raised ALIRE.ROOTS.BUILD._WRAPPED_STATEMENTS.BUILD_FAILED : alire-roots.adb:202
[D:\a\alire-crates-ci\alire-crates-ci\alire_install\bin\alr.exe]
0x7ff6140f313c Semantic_Versioning.Basic.Restrictions.First_Index at alire-roots.adb:202
0x7ff6140f11da Semantic_Versioning.Basic.Restrictions.First_Index at alire-roots.adb:255
0x7ff61411912d Semantic_Versioning.Basic.Restrictions.First_Index at alire-roots.adb:2143
0x7ff6141882f9 Semantic_Versioning.Basic.Restrictions.First_Index at alire-solutions.adb:1472
0x7ff614187424 Semantic_Versioning.Basic.Restrictions.First_Index at alire-solutions.adb:1555
0x7ff61411922c Semantic_Versioning.Basic.Restrictions.First_Index at alire-roots.adb:2147
0x7ff6141192fa Semantic_Versioning.Basic.Restrictions.First_Index at alire-roots.adb:2127
0x7ff6140f17a7 Semantic_Versioning.Basic.Restrictions.First_Index at alire-roots.adb:286
0x7ff6140f1912 Semantic_Versioning.Basic.Restrictions.First_Index at alire-roots.adb:114
0x7ff613863baa Semantic_Versioning.Basic.Restrictions.First_Index at alr-commands-build.adb:145
0x7ff61386341e Semantic_Versioning.Basic.Restrictions.First_Index at alr-commands-build.adb:113
0x7ff6138635ba Semantic_Versioning.Basic.Restrictions.First_Index at alr-commands-build.adb:54
0x7ff613915dea Semantic_Versioning.Basic.Restrictions.First_Index at clic-subcommand-instance.adb:749
0x7ff613922b0e Semantic_Versioning.Basic.Restrictions.First_Index at alr-commands.adb:632
0x7ff6137f16a0 Alr.Main at alr-main.adb:13
0x7ff6137f5270 Main at b__alr-main.adb:2454
0x7ff6137f133e __tmainCRTStartup at ???
0x7ff6137f1144 mainCRTStartup at ???
[C:\Windows\System32\KERNEL32.DLL]
0x7ffb00aae8d5
[C:\Windows\SYSTEM32\ntdll.dll]
0x7ffb0216c53a

ERROR: Compilation failed.
