Test ran at 2026-09-01 12:38:21.570516+00:00

SOLUTION:
gnatcoll_minimal=26.0.0: GNAT Components Collection - Minimal
Origin: source archive v26.0.0.zip at https://github.com/AdaCore/gnatcoll-core/archive/refs/tags/v26.0.0.zip with hash sha512:cc5dd0a199115fee269ec1ef963b80abbb56e3029e817d5dbfe71e90fff09d0535ae5be86dedb6d3fbcc74cfa2f3e2e7885de800e5805f9f596507814dce6d4b
Properties:
   Author: AdaCore
   Configuration: no modifiers
   Description: GNAT Components Collection - Minimal
   GPR Scenario: GNATCOLL_BUILD_MODE := DEBUG | PROD
   GPR Scenario: GNATCOLL_OS := windows | unix | osx
   GPR Scenario: LIBRARY_TYPE := static | relocatable | static-pic
   GPR External: GNATCOLL_VERSION := 26.0.0
   case OS is
      when Linux => GPR External: GNATCOLL_OS := unix
      when Macos => GPR External: GNATCOLL_OS := osx
      when Windows => GPR External: GNATCOLL_OS := windows
   License: GPL-3.0-or-later WITH GCC-exception-3.1
   Maintainer: chouteau@adacore.com
   Maintainer: sagaert@adacore.com
   Maintainers_Logins: Fabien-Chouteau
   Maintainers_Logins: AldanTanneo
   Name: gnatcoll_minimal
   Project_File: minimal/gnatcoll_minimal.gpr
   Tag: gnatcoll
   Tag: asserts
   Tag: encoders
   Tag: stream
   Tag: storage
   Version: 26.0.0
   Website: https://github.com/adacore/gnatcoll-core
Dependencies (direct):
   gnat>=14
Dependencies (solution):
   gnat=16.1.0 (gnat_native)
Dependencies (graph):
   gnatcoll_minimal=26.0.0 --> gnat=16.1.0 (gnat_native) (>=14)


LOG:
[alr test] Testing gnatcoll_minimal=26.0.0
[alr test] Spawning retrieval for remote crate: alr -d -n get gnatcoll_minimal=26.0.0
Note: Deploying gnatcoll_minimal=26.0.0...
#=#=#                                                                          
##O#-#                                                                         
##O=#  #                                                                       
#=#=-#  #                                                                      
 #=#=-#   #                                                                    
  #=#=- #   #                                                                  
   #=#=- #   #                                                                 
    #=O#-  #   #                                                               
     #=O#-   #   #                                                             
      #=O=#   #    #                                                           

gnatcoll_minimal=26.0.0 successfully retrieved.
Dependencies were solved as follows:

   +b gnat 16.1.0 (new,gnat_native,binary)
[alr test] Spawning default test for remote crate: alr -d -n build --release -- -cargs:Ada -gnatwn
Note: Building gnatcoll_minimal=26.0.0/minimal/gnatcoll_minimal.gpr...
Setup
   [mkdir]        object directory for project GNATCOLL_Minimal
   [mkdir]        library directory for project GNATCOLL_Minimal
Compile
   [C]            gnatcoll_atomics.c
   [C]            getRSS.c
   [Ada]          gnatcoll-damerau_levenshtein_distance.ads
   [Ada]          gnatcoll-memory.adb
   [Ada]          gnatcoll-coders-streams.adb
   [Ada]          gnatcoll-refcount.adb
   [Ada]          gnatcoll-coders.adb
   [Ada]          gnatcoll-boyer_moore.adb
   [Ada]          gnatcoll-asserts.adb
gnatcoll-refcount.ads:90:04: warning: in instantiation at gnatcoll-storage_pools-headers.adb:57 [enabled by default]
gnatcoll-refcount.ads:90:04: warning: possible aliasing problem for type "Header_Access" [enabled by default]
gnatcoll-refcount.ads:90:04: warning: use -fno-strict-aliasing switch for references [enabled by default]
gnatcoll-refcount.ads:90:04: warning: or use "pragma No_Strict_Aliasing (Header_Access);" [enabled by default]
   [Ada]          gnatcoll-atomic.adb
   [Ada]          gnatcoll-locks.adb
   [Ada]          gnatcoll-storage_pools-alignment.adb
   [Ada]          gnatcoll-refcount-weakref.adb
   [Ada]          gnatcoll-promises.adb
   [Ada]          gnatcoll-damerau_levenshtein_generic.adb
   [Ada]          gnatcoll-coders-base64.adb
   [Ada]          gnatcoll-storage_pools-headers.adb
   [Ada]          gnatcoll.ads
   [Ada]          gnatcoll-tribooleans.adb
   [Ada]          gnatcoll-any_types.adb
   [Ada]          gnatcoll-storage_pools.ads
Build Libraries
   [gprlib]       gnatcoll_minimal.lexch
   [archive]      libgnatcoll_minimal.a
   [index]        libgnatcoll_minimal.a
Success: Build finished successfully in 3.02 seconds.
Found declared GPR file: minimal/gnatcoll_minimal.gpr
[alr test] Test completed SUCCESSFULLY
