Test ran at 2025-04-15 13:02:28.999203+00:00

SOLUTION:
emojis=1.0.1: A library to replace names between colons with emojis
Origin: commit 915d688c0b28bc0850047a373336a15dacd19bef from https://github.com/onox/emojis.git
Properties:
   Author: onox
   Build Switches: 
   Description: A library to replace names between colons with emojis
   License: Apache-2.0
   Maintainer: onox <denkpadje@gmail.com>
   Maintainers_Logins: onox
   Name: emojis
   Tag: emoji
   Tag: string
   Tag: text
   Tag: unicode
   Version: 1.0.1
   Website: https://github.com/onox/emojis


LOG:
Spawning: alr -d -n get --build emojis=1.0.1
Note: Deploying emojis=1.0.1...
Note: Alire has selected automatically this toolchain:
   gprbuild=22.0.1
   gnat_native=14.2.1
You can select a different toolchain at any time with `alr toolchain --select`
Download will start now:
Note: Deploying gprbuild=22.0.1...

#=#=#                                                                          
                                                                           0.0%
##########################################                                59.2%
######################################################################## 100.0%
Note: gprbuild=22.0.1 installed successfully.
Note: Deploying gnat_native=14.2.1...

#=#=#                                                                          
                                                                           0.0%
####                                                                       6.8%
##########                                                                14.6%
###############                                                           22.1%
#####################                                                     29.8%
##########################                                                36.5%
###############################                                           43.9%
#####################################                                     52.2%
##########################################                                59.2%
###############################################                           66.3%
####################################################                      73.3%
##########################################################                81.5%
###############################################################           87.9%
####################################################################      94.8%
######################################################################## 100.0%
Note: gnat_native=14.2.1 installed successfully.
Note: Building emojis=1.0.1/emojis.gpr...
Setup
   [mkdir]        object directory for project Emojis
   [mkdir]        library directory for project Emojis
Compile
   [Ada]          strings.adb
   [Ada]          emojis.adb
Build Libraries
   [gprlib]       emojis.lexch
   [archive]      libemojis.a
   [index]        libemojis.a

emojis=1.0.1 successfully retrieved and built.
There are no dependencies.
Found declared GPR file: emojis.gpr
