Test ran at 2025-09-14 00:41:00.331356+00:00

SOLUTION:
adacl_regexp=6.3.0: AdaCL: Regex and SPITBOL Patterns with Wide Character Support
Origin: source archive adacl_regexp-6.3.0.tgz at https://sourceforge.net/projects/adacl/files/Alire/adacl_regexp-6.3.0.tgz with hashes sha256:d1f82aba41f039402e75c68efe90c4e3def0eda6ffee1feda7c46ebbf29d2f1b, sha512:f865f1b142baabe82c3d178e27015d6671affa477348a38f19bc99c5a747e9de89d94e750f7125e2eec9536b0e994b5c9cd40294b61d875d0f321e8ad7c963c6
Properties:
   Author: Martin Krischik <krischik@users.sourceforge.net>
   Build Switches: 
   Description: AdaCL: Regex and SPITBOL Patterns with Wide Character Support
   License: GPL-3.0-or-later
   Long_Description: Regular expression and SPITBOL pattern matching for Ada 2022, with wide character support.

Features:
- Regular Expressions:
  - Generic implementation for any discrete element array
  - Instantiations for String, Wide_String, and Wide_Wide_String
- SPITBOL Patterns:
  - Pattern construction and matching, inspired by Macro-SPITBOL (Robert Dewar)
  - Supports String, Wide_String, and Wide_Wide_String
- Forked from GNAT.Regexp and GNAT.Spitbol with enhanced wide and wide-wide character support

Licensed under GPL-3.0-or-later. Integrates with the Ada Class Library (AdaCL).

Source: [SourceForge](https://sourceforge.net/p/adacl/git/ci/master/tree/adacl_regexp/src/)
Documentation: [GNATdoc](https://adacl.sourceforge.net/gnatdoc/adacl_regexp/index.html)

   Maintainer: Martin Krischik <krischik@users.sourceforge.net>
   Maintainers_Logins: krischik
   Name: adacl_regexp
   Tag: library
   Tag: strings
   Tag: wide-strings
   Tag: search
   Tag: regexp
   Tag: unicode
   Tag: ada2022
   Version: 6.3.0
   Website: https://sourceforge.net/projects/adacl/
Dependencies (direct):
   adacl^6.3.0
Dependencies (solution):
   adacl=6.3.0
   aunit=25.0.0
Dependencies (graph):
   adacl=6.3.0        --> aunit=25.0.0 (25.0.0)
   adacl_regexp=6.3.0 --> adacl=6.3.0 (^6.3.0)


LOG:
[alr test] Testing adacl_regexp=6.3.0
[alr test] Spawning retrieval for remote crate: alr -d -n get adacl_regexp=6.3.0
Note: Deploying adacl_regexp=6.3.0...

#=#=#                                                                          
######################################################################## 100.0%
##O#-#                                                                         
######################################################################## 100.0%
######################################################################## 100.0%
######################################################################## 100.0%
##=O#- #                                                                       
# #=O#- #                                                                      
######################                                                    31.8%
######################################################################## 100.0%
Note: Deploying aunit=25.0.0...

#=#=#                                                                          
##O#-#                                                                         
##=O#- #                                                                       
Note: Deploying adacl=6.3.0...

######################################################################## 100.0%
######################################################################## 100.0%
######################################################################## 100.0%
######################################################################## 100.0%
#=#=#                                                                          
##=#=#                                                                         
######################################################################## 100.0%

adacl_regexp=6.3.0 successfully retrieved.
Dependencies were solved as follows:

   + adacl 6.3.0  (new)
   + aunit 25.0.0 (new,indirect)
[alr test] Spawning default test for remote crate: alr -d -n build --release -- -cargs:Ada -gnatwn
Note: Building adacl_regexp=6.3.0/adacl_regexp.gpr...
Setup
   [mkdir]        object directory for project AUnit
   [mkdir]        library directory for project AUnit
   [mkdir]        object directory for project AdaCL
   [mkdir]        library directory for project AdaCL
   [mkdir]        object directory for project AdaCL_RegExp
   [mkdir]        library directory for project AdaCL_RegExp
Compile
   [Ada]          aunit-io.ads
   [Ada]          aunit-memory.adb
   [Ada]          aunit-memory-utils.adb
   [Ada]          aunit-time_measure.adb
   [Ada]          aunit-reporter-xml.adb
   [Ada]          aunit-reporter-text.adb
   [Ada]          aunit-reporter-junit.adb
   [Ada]          aunit-reporter-gnattest.adb
   [Ada]          ada_containers.ads
   [Ada]          ada_containers-aunit_lists.adb
   [Ada]          aunit.adb
   [Ada]          aunit-test_suites.adb
   [Ada]          aunit-test_results.adb
   [Ada]          aunit-test_fixtures.adb
   [Ada]          aunit-test_filters.adb
   [Ada]          aunit-test_cases.adb
   [Ada]          aunit-test_caller.adb
   [Ada]          aunit-tests.ads
   [Ada]          aunit-simple_test_cases.adb
   [Ada]          aunit-run.adb
   [Ada]          aunit-reporter.adb
   [Ada]          aunit-options.ads
   [Ada]          aunit-assertions.adb
   [Ada]          adacl_config.ads
   [Ada]          adacl-os-to_wide_wide_string.adb
   [Ada]          adacl-os-to_utf_string.adb
   [Ada]          adacl-os-low_level.ads
   [Ada]          adacl.ads
   [Ada]          adacl-wide_wide_strings.adb
   [Ada]          adacl-wide_wide_strings-vectors.ads
   [Ada]          adacl-wide_wide_strings-io.adb
   [Ada]          adacl-wide_wide_strings-hex.adb
   [Ada]          adacl-wide_strings.adb
   [Ada]          adacl-wide_strings-vectors.ads
   [Ada]          adacl-wide_strings-io.adb
   [Ada]          adacl-wide_strings-hex.adb
   [Ada]          adacl-trace.adb
   [Ada]          adacl-trace-assert.ads
   [Ada]          adacl-test_cases.ads
   [Ada]          adacl-test_cases-parameters.adb
   [Ada]          adacl-strings.adb
   [Ada]          adacl-strings-vectors.ads
   [Ada]          adacl-strings-io.adb
   [Ada]          adacl-strings-hex.adb
   [Ada]          adacl-queue.adb
   [Ada]          adacl-pointer.ads
   [Ada]          adacl-pointer-unique_with_delete.adb
   [Ada]          adacl-pointer-unique.ads
   [Ada]          adacl-pointer-shared_with_delete.adb
   [Ada]          adacl-pointer-shared.ads
   [Ada]          adacl-pointer-holder.adb
   [Ada]          adacl-pointer-element.adb
   [Ada]          adacl-os.ads
   [Ada]          adacl-limited_base.ads
   [Ada]          adacl-command_line.ads
   [Ada]          adacl-command_line-getopt.adb
   [Ada]          adacl-calendar.adb
   [Ada]          adacl-base.ads
   [Ada]          adacl-assert.adb
   [Ada]          adacl-assert-vectors.adb
   [Ada]          adacl-assert-pointer.adb
   [Ada]          adacl-assert-indefinite_vectors.adb
   [Ada]          adacl-assert-float.adb
   [Ada]          adacl-assert-fixed.adb
   [Ada]          adacl-assert-discrete.adb
   [Ada]          adacl-assert-decimal.adb
   [Ada]          adacl-assert-arrays.adb
   [Ada]          adacl_regexp_config.ads
   [Ada]          adacl-wide_wide_strings-spitbol.adb
   [Ada]          adacl-wide_wide_strings-spitbol-table_vstring.ads
   [Ada]          adacl-wide_wide_strings-spitbol-table_integer.ads
   [Ada]          adacl-wide_wide_strings-spitbol-table_boolean.ads
   [Ada]          adacl-wide_wide_strings-spitbol-patterns.adb
   [Ada]          adacl-wide_wide_strings-regexp.ads
   [Ada]          adacl-wide_strings-spitbol.adb
   [Ada]          adacl-wide_strings-spitbol-table_vstring.ads
   [Ada]          adacl-wide_strings-spitbol-table_integer.ads
   [Ada]          adacl-wide_strings-spitbol-table_boolean.ads
   [Ada]          adacl-wide_strings-spitbol-patterns.adb
   [Ada]          adacl-wide_strings-regexp.ads
   [Ada]          adacl-strings-spitbol.adb
   [Ada]          adacl-strings-spitbol-table_vstring.ads
   [Ada]          adacl-strings-spitbol-table_integer.ads
   [Ada]          adacl-strings-spitbol-table_boolean.ads
   [Ada]          adacl-strings-spitbol-patterns.adb
   [Ada]          adacl-strings-regexp.ads
   [Ada]          adacl-generic_strings.ads
   [Ada]          adacl-generic_strings-regexp.adb
   [Ada]          adacl-generic_strings-hash.adb
Build Libraries
   [gprlib]       aunit.lexch
   [gprlib]       AdaCL.lexch
   [archive]      libaunit.a
   [index]        libaunit.a
   [gprlib]       AdaCL_RegExp.lexch
   [archive]      libAdaCL.a
   [index]        libAdaCL.a
   [archive]      libAdaCL_RegExp.a
   [index]        libAdaCL_RegExp.a
Success: Build finished successfully in 35.46 seconds.
Found declared GPR file: adacl_regexp.gpr
[alr test] Test completed SUCCESSFULLY
