Test ran at 2026-10-07 01:29:48.396957+00:00

SOLUTION:
startup_gen=26.0.0: Generates startup files (crt0 and linker script)
Origin: source archive v26.0.0.zip at https://github.com/AdaCore/startup-gen/archive/refs/tags/v26.0.0.zip with hash sha512:fbf3774d834c40c6d293aab2bf437cab95323cd90cc9dbff7a82cb3b187214d87826370cc6ffa2b5367aa9b4941f62c11f185eb97da81304be1bf93a7c33aca3
Properties:
   Author: AdaCore
   Configuration: no modifiers
   Description: Generates startup files (crt0 and linker script)
   Executable: startup-gen
   GPR Scenario: STARTUP_GEN_BUILD_MODE := debug | optimize
   License: GPL-3.0-or-later
   Maintainer: chouteau@adacore.com
   Maintainer: sagaert@adacore.com
   Maintainers_Logins: Fabien-Chouteau
   Maintainers_Logins: AldanTanneo
   Name: startup_gen
   Project_File: startup_gen.gpr
   Tag: embedded
   Tag: zfp
   Tag: nostd
   Version: 26.0.0
   Website: https://github.com/AdaCore/startup-gen
Dependencies (direct):
   gnatcoll_projects~26.0.0
   gnatcoll~26.0.0
   templates_parser~26.0.0
Dependencies (solution):
   gnat=16.1.0 (gnat_native)
   gnatcoll=26.0.0
   gnatcoll_minimal=26.0.0
   gnatcoll_projects=26.0.0
   libgpr=26.0.0
   templates_parser=26.0.0
   xmlada=26.0.0
Dependencies (graph):
   gnatcoll=26.0.0          --> gnat=16.1.0 (gnat_native) (>=14)
   gnatcoll=26.0.0          --> gnatcoll_minimal=26.0.0 (~26.0.0)
   gnatcoll_minimal=26.0.0  --> gnat=16.1.0 (gnat_native) (>=14)
   gnatcoll_projects=26.0.0 --> gnat=16.1.0 (gnat_native) (>=14)
   gnatcoll_projects=26.0.0 --> gnatcoll=26.0.0 (~26.0.0)
   gnatcoll_projects=26.0.0 --> libgpr=26.0.0 (>=25.0.0)
   libgpr=26.0.0            --> gnat=16.1.0 (gnat_native) (>=15)
   libgpr=26.0.0            --> xmlada=26.0.0 (~26.0.0)
   startup_gen=26.0.0       --> gnatcoll=26.0.0 (~26.0.0)
   startup_gen=26.0.0       --> gnatcoll_projects=26.0.0 (~26.0.0)
   startup_gen=26.0.0       --> templates_parser=26.0.0 (~26.0.0)
   templates_parser=26.0.0  --> xmlada=26.0.0 (~26.0.0)
   xmlada=26.0.0            --> gnat=16.1.0 (gnat_native) (>=11)


LOG:
[alr test] Testing startup_gen=26.0.0
[alr test] Spawning retrieval for remote crate: alr -d -n get startup_gen=26.0.0
Note: Deploying startup_gen=26.0.0...
#=#=#                                                                          
##O#-#                                                                         
##O=#  #                                                                       
Note: Deploying gnatcoll_minimal=26.0.0...
#=#=#                                                                          
##O#-#                                                                         
##O=#  #                                                                       
#-#O=#  #                                                                      
 #-#O=#   #                                                                    
  #-#O=-#   #                                                                  
   #-#O=-#   #                                                                 
    #-=#=- #   #                                                               
Note: Deploying xmlada=26.0.0...
#=#=#                                                                          
##O#-#                                                                         
##O=#  #                                                                       
#-#O=#  #                                                                      
Note: Deploying gnatcoll=26.0.0...
#=#=#                                                                          
##O#-#                                                                         
##O=#  #                                                                       
#-#O=#  #                                                                      
 #-#O=#   #                                                                    
  #-#O=-#   #                                                                  
   #-#O=-#   #                                                                 
    #-=#=- #   #                                                               
     #-=#=-  #   #                                                             
Note: Deploying libgpr=26.0.0...
#=#=#                                                                          
##O#-#                                                                         
##O=#  #                                                                       
#-#O=#  #                                                                      
Note: Deploying templates_parser=26.0.0...
#=#=#                                                                          
##O#-#                                                                         
##O=#  #                                                                       
Note: Deploying gnatcoll_projects=26.0.0...
#=#=#                                                                          
##O#-#                                                                         

#                                                                          2.4%
####################################                                      50.2%
######################################################################## 100.0%

startup_gen=26.0.0 successfully retrieved.
Dependencies were solved as follows:

   +b gnat              16.1.0 (new,gnat_native,indirect,binary)
   +  gnatcoll          26.0.0 (new)
   +  gnatcoll_minimal  26.0.0 (new,indirect)
   +  gnatcoll_projects 26.0.0 (new)
   +  libgpr            26.0.0 (new,indirect)
   +  templates_parser  26.0.0 (new)
   +  xmlada            26.0.0 (new,indirect)
[alr test] Spawning default test for remote crate: alr -d -n build --release -- -cargs:Ada -gnatwn
Note: Running post-fetch actions for xmlada=26.0.0...
checking build system type... aarch64-apple-darwin25.6.0
checking host system type... aarch64-apple-darwin25.6.0
checking target system type... aarch64-apple-darwin25.6.0
checking whether gnat can build shared libs... yes
checking for a BSD-compatible install... /usr/bin/install -c
checking whether ln -s works... yes
configure: creating ./config.status
config.status: creating xmlada_shared.gpr
config.status: creating Makefile
config.status: creating tests/dom/default.gpr
Note: Running post-fetch actions for templates_parser=26.0.0...
Note: Building startup_gen=26.0.0/startup_gen.gpr...
Setup
   [mkdir]        object directory for project XmlAda_Sax
   [mkdir]        library directory for project XmlAda_Sax
   [mkdir]        object directory for project Templates_Parser
   [mkdir]        library directory for project Templates_Parser
   [mkdir]        object directory for project GNATCOLL_Minimal
   [mkdir]        library directory for project GNATCOLL_Minimal
   [mkdir]        object directory for project GNATCOLL_Core
   [mkdir]        library directory for project GNATCOLL_Core
   [mkdir]        object directory for project XmlAda_Schema
   [mkdir]        object directory for project GPR
   [mkdir]        library directory for project GPR
   [mkdir]        object directory for project GNATCOLL_Projects
   [mkdir]        library directory for project GNATCOLL_Projects
   [mkdir]        object directory for project Startup_Gen
Compile
   [Ada]          main.adb
   [Ada]          schema-validators-xsd_grammar.adb
   [Ada]          schema-validators.adb
   [Ada]          schema-decimal.adb
   [Ada]          schema-readers.adb
   [Ada]          schema-dom_readers.adb
   [Ada]          schema-schema_readers.adb
   [Ada]          schema-date_time.adb
   [Ada]          schema-simple_types.adb
   [Ada]          schema.adb
   [C]            gpr_imports.c
   [Ada]          gpr-util.adb
   [Ada]          gpr.adb
   [Ada]          gpr-ali.adb
   [Ada]          gpr-sinput.adb
   [Ada]          gpr-opt.ads
   [Ada]          gpr-sdefault.adb
gpr-sdefault.adb:29:06: warning: "System.OS_Constants" is an internal GNAT unit [-gnatwi]
gpr-sdefault.adb:29:06: warning: use of this unit is non-portable and version-dependent [-gnatwi]
   [Ada]          gpr-pp.adb
   [Ada]          gpr-env.adb
   [Ada]          gpr-part.adb
   [Ada]          gpr-util-aux.adb
   [Ada]          gpr-com.ads
   [Ada]          gpr-jobserver.adb
   [Ada]          gpr-erroutc.adb
   [Ada]          gpr-debug.adb
   [Ada]          gpr-attr.adb
   [Ada]          gpr-osint.adb
   [Ada]          gpr-names.adb
gpr-osint.adb:30:06: warning: "System.CRTL" is an internal GNAT unit [-gnatwi]
gpr-osint.adb:30:06: warning: use of this unit is non-portable and version-dependent [-gnatwi]
gpr-osint.adb:31:06: warning: "System.OS_Constants" is an internal GNAT unit [-gnatwi]
gpr-osint.adb:31:06: warning: use of this unit is non-portable and version-dependent [-gnatwi]
   [Ada]          gpr-proc.adb
   [Ada]          gpr-knowledge.adb
   [Ada]          gpr-compilation-sync.adb
   [Ada]          gpr-compilation-protocol.adb
   [Ada]          gpr-strt.adb
   [Ada]          gpr-tree.adb
   [Ada]          gpr-script.adb
   [Ada]          gpr-tempdir.adb
   [Ada]          gpr-snames.adb
   [Ada]          gpr-compilation-process-waiter.adb
   [Ada]          gpr-conf.adb
   [Ada]          gpr-dect.adb
   [Ada]          gpr-nmsc.adb
   [Ada]          gpr-compilation.adb
   [Ada]          gpr-cset.adb
   [Ada]          gpr-err.adb
   [Ada]          gpr-output.adb
   [Ada]          gpr-version.adb
   [Ada]          gpr-ext.adb
   [Ada]          gpr-attr-pm.adb
   [Ada]          gpr-compilation-slave.adb
   [Ada]          gpr-compilation-process.adb
gpr-compilation-process.adb:44:29: error: operator for type "String" is not declared in "Env_Maps"

   compilation of gpr-compilation-process.adb failed

gprbuild: *** compilation phase failed
stderr: Command ["gprbuild", "-s", "-j0", "-p", "-P", "/Users/runner/work/alire-crates-ci/alire-crates-ci/test/d92ed35a-8f67-4fcb-b988-31fad6dd9de8/startup_gen_26.0.0_fbf3774d/startup_gen.gpr", "-cargs:Ada", "-gnatwn"] exited with code 4
ERROR: Command ["gprbuild", "-s", "-j0", "-p", "-P", "/Users/runner/work/alire-crates-ci/alire-crates-ci/test/d92ed35a-8f67-4fcb-b988-31fad6dd9de8/startup_gen_26.0.0_fbf3774d/startup_gen.gpr", "-cargs:Ada", "-gnatwn"] exited with code 4
stderr: ALIRE.CHECKED_ERROR
stderr: Command ["gprbuild", "-s", "-j0", "-p", "-P", "/Users/runner/work/alire-crates-ci/alire-crates-ci/test/d92ed35a-8f67-4fcb-b988-31fad6dd9de8/startup_gen_26.0.0_fbf3774d/startup_gen.gpr", "-cargs:Ada", "-gnatwn"] exited with code 4
stderr: raised ALIRE.CHECKED_ERROR : alire-stored-error:1
Load address: 0x102938000
Call stack traceback locations:
0x1036440cc 0x10364412c 0x10339866c 0x102fdd568 0x103262594 0x1032634f4 0x1031a133c 0x10319fb08 0x1031c378c 0x10322356c 0x10322299c 0x1031c3868 0x1031c3950 0x1031a000c 0x1031a0174 0x1029a9730 0x1029a9070 0x1029a91e4 0x102a46b38 0x102a51c78 0x10293a9f8 0x10293fa2c

stderr: ALIRE.ROOTS.BUILD._WRAPPED_STATEMENTS.BUILD_FAILED
stderr: alire-roots.adb:202
stderr: raised ALIRE.ROOTS.BUILD._WRAPPED_STATEMENTS.BUILD_FAILED : alire-roots.adb:202
Load address: 0x102938000
Call stack traceback locations:
0x1036440cc 0x10364412c 0x1031a1640 0x10319fb08 0x1031c378c 0x10322356c 0x10322299c 0x1031c3868 0x1031c3950 0x1031a000c 0x1031a0174 0x1029a9730 0x1029a9070 0x1029a91e4 0x102a46b38 0x102a51c78 0x10293a9f8 0x10293fa2c

ERROR: Compilation failed.
