Test ran at 2026-09-05 01:22:15.736531+00:00

SOLUTION:
splitter=1.0.2: A function to emulate "split" as implemented in Ruby
Origin: commit 92ab7669da094583ebb1861bcb015b766cc83a3d from https://github.com/riccardo-bernardini/ada-tokenizer.git
Properties:
   Author: Riccardo Bernardini
   Description: A function to emulate "split" as implemented in Ruby
   License: MIT OR Apache-2.0 WITH LLVM-exception
   Maintainer: Riccardo Bernardini <riccardo.bernardini@uniud.it>
   Maintainers_Logins: riccardo-bernardini
   Name: splitter
   Tag: strings
   Tag: split
   Tag: token
   Tag: tokenizer
   Tag: parsing
   Version: 1.0.2
   Website: 


LOG:
[alr test] Testing splitter=1.0.2
[alr test] Spawning retrieval for remote crate: alr -d -n get splitter=1.0.2
Note: Deploying splitter=1.0.2...

splitter=1.0.2 successfully retrieved.
There are no dependencies.
[alr test] Spawning default test for remote crate: alr -d -n build --release -- -cargs:Ada -gnatwn
Note: Building splitter=1.0.2/splitter.gpr...
"obj\release" created
[Ada Compile]     simple_tokenizer.ads
[Ada Compile]     splitter_config.ads
[Ada Compile]     tokenize-token_lists.adb
[Ada Compile]     tokenize.adb
[Archive]         libSimple_Tokenizer.a
Success: Build finished successfully in 1.97 seconds.
Found declared GPR file: splitter.gpr
[alr test] Test completed SUCCESSFULLY
