Test ran at 2025-12-17 12:56:05.167244+00:00

SOLUTION:
libadalang2xml=1.0.2: Generates XML for Ada source, using libadalang.
Origin: commit 99ee1dd171cd66736f38e770a751a15ad7ffc334 from https://github.com/simonjwright/libadalang2xml.git
Properties:
   Author: Simon Wright
   Build Switches: 
   Description: Generates XML for Ada source, using libadalang.
   Executable: libadalang2xml
   License: GPL-3.0-or-later
   Long_Description: Libadalang2XML is a tool to extract syntatic aspects of Ada source code into XML.

The Ada source is initially read using [Libadalang](https://github.com/AdaCore/libadalang). The resulting tree is then traversed, and its structure output in an XML form.

The [document type definition](https://en.wikipedia.org/wiki/Document_type_definition) isn't explicit; it's simply derived from the tree elements created by Libadalang. Note that Libadalang includes much more semantic information than the surface structure generated by this tool, but nevertheless there's enough there to --- for example --- create a scriptable body for a package spec.

## Building on macOS ##

Using the standard `langkit_support`, `libadalang` crates, you **must** build with `LIBRARY_TYPE` set to `relocatable`.

You can obtain versions of those crates adjusted to not require those features, which can therefore build the (default) static libraries, by visiting https://github.com/simonjwright/alire-index.mac.

## Example ##

As an example of the output, this code
``` ada
package Demo is
   procedure Square (X : in out Integer);
end Demo;
```
generates
``` xml
<CompilationUnit>
  <AdaNodeList/>
  <LibraryItem>
    <PrivateAbsent/>
    <PackageDecl>
      <DefiningName>
        <Id>Demo</Id>
      </DefiningName>
      <PublicPart>
        <AdaNodeList>
          <SubpDecl>
            <OverridingUnspecified/>
            <SubpSpec>
              <SubpKindProcedure>procedure</SubpKindProcedure>
              <DefiningName>
                <Id>Square</Id>
              </DefiningName>
              <Params>
                <ParamSpecList>
                  <ParamSpec>
                    <DefiningNameList>
                      <DefiningName>
                        <Id>X</Id>
                      </DefiningName>
                    </DefiningNameList>
                    <AliasedAbsent/>
                    <ModeInOut>in out</ModeInOut>
                    <SubtypeIndication>
                      <NotNullAbsent/>
                      <Id>Integer</Id>
                    </SubtypeIndication>
                  </ParamSpec>
                </ParamSpecList>
              </Params>
            </SubpSpec>
          </SubpDecl>
        </AdaNodeList>
      </PublicPart>
      <EndName>
        <Id>Demo</Id>
      </EndName>
    </PackageDecl>
  </LibraryItem>
  <PragmaNodeList/>
</CompilationUnit>
```

   Maintainer: Simon Wright <simon@pushface.org>
   Maintainers_Logins: simonjwright
   Name: libadalang2xml
   Tag: ada
   Tag: xml
   Version: 1.0.2
   Website: https://github.com/simonjwright/libadalang2xml
Dependencies (direct):
   libadalang*
Dependencies (solution):
   adasat=25.0.0
   gnat=14.2.1 (gnat_native)
   gnatcoll=25.0.0
   gnatcoll_gmp=25.0.0
   gnatcoll_iconv=25.0.0
   langkit_support=25.0.0
   libadalang=25.0.0
   libgmp=6.3.0
   libgpr=25.0.0
   libgpr2=25.0.0
   prettier_ada=25.0.0
   vss=25.0.0
   xmlada=25.0.0
Dependencies (graph):
   gnatcoll=25.0.0        --> gnat=14.2.1 (gnat_native) (>=13)
   gnatcoll=25.0.0        --> libgpr=25.0.0 (~25.0.0)
   gnatcoll_gmp=25.0.0    --> gnatcoll=25.0.0 (~25.0.0)
   gnatcoll_gmp=25.0.0    --> libgmp=6.3.0 (*)
   gnatcoll_iconv=25.0.0  --> gnatcoll=25.0.0 (~25.0.0)
   langkit_support=25.0.0 --> adasat=25.0.0 (^25)
   langkit_support=25.0.0 --> gnatcoll=25.0.0 (^25)
   langkit_support=25.0.0 --> gnatcoll_gmp=25.0.0 (^25)
   langkit_support=25.0.0 --> gnatcoll_iconv=25.0.0 (^25)
   langkit_support=25.0.0 --> prettier_ada=25.0.0 (^25)
   libadalang=25.0.0      --> gnatcoll=25.0.0 (^25)
   libadalang=25.0.0      --> gnatcoll_gmp=25.0.0 (^25)
   libadalang=25.0.0      --> gnatcoll_iconv=25.0.0 (^25)
   libadalang=25.0.0      --> langkit_support=25.0.0 (^25)
   libadalang=25.0.0      --> libgpr2=25.0.0 (^25)
   libadalang2xml=1.0.2   --> libadalang=25.0.0 (*)
   libgpr=25.0.0          --> gnat=14.2.1 (gnat_native) (/=2020)
   libgpr=25.0.0          --> xmlada=25.0.0 (~25.0.0)
   libgpr2=25.0.0         --> gnat=14.2.1 (gnat_native) (>=14)
   libgpr2=25.0.0         --> gnatcoll=25.0.0 (~25.0.0)
   libgpr2=25.0.0         --> gnatcoll_gmp=25.0.0 (~25.0.0)
   libgpr2=25.0.0         --> gnatcoll_iconv=25.0.0 (~25.0.0)
   prettier_ada=25.0.0    --> gnatcoll=25.0.0 (^25)
   prettier_ada=25.0.0    --> vss=25.0.0 (^25)
   vss=25.0.0             --> gnat=14.2.1 (gnat_native) (>=11 & <2000)
   xmlada=25.0.0          --> gnat=14.2.1 (gnat_native) (>=11)


LOG:
[alr test] Testing libadalang2xml=1.0.2
[alr test] Spawning retrieval for remote crate: alr -d -n get libadalang2xml=1.0.2
Note: Deploying libadalang2xml=1.0.2...
Note: Deploying langkit_support=25.0.0...
#=#=#                                                                          
##O#-#                                                                         
##=O#- #                                                                       
# #=O#- #                                                                      
 # #=O#-  #                                                                    
Note: Deploying libgpr2=25.0.0...
#=#=#                                                                          

######################################################################## 100.0%
Note: Deploying libadalang=25.0.0...
#=#=#                                                                          

######################################################################## 100.0%

libadalang2xml=1.0.2 successfully retrieved.
Dependencies were solved as follows:

   +  adasat          25.0.0 (new,indirect)
   +b gnat            14.2.1 (new,gnat_native,indirect,binary)
   +  gnatcoll        25.0.0 (new,indirect)
   +  gnatcoll_gmp    25.0.0 (new,indirect)
   +  gnatcoll_iconv  25.0.0 (new,indirect)
   +  langkit_support 25.0.0 (new,indirect)
   +  libadalang      25.0.0 (new)
   +b libgmp          6.3.0  (new,indirect,system package)
   +  libgpr          25.0.0 (new,indirect)
   +  libgpr2         25.0.0 (new,indirect)
   +  prettier_ada    25.0.0 (new,indirect)
   +  vss             25.0.0 (new,indirect)
   +  xmlada          25.0.0 (new,indirect)
[alr test] Spawning default test for remote crate: alr -d -n build --release -- -cargs:Ada -gnatwn
Note: Building libadalang2xml=1.0.2/libadalang2xml.gpr...
Setup
   [mkdir]        object directory for project Langkit_Support
   [mkdir]        library directory for project Langkit_Support
   [mkdir]        object directory for project GPR2
   [mkdir]        library directory for project GPR2
   [mkdir]        object directory for project Libadalang
   [mkdir]        library directory for project Libadalang
   [mkdir]        object directory for project Libadalang2xml
   [mkdir]        exec directory for project Libadalang2xml
Compile
   [Ada]          libadalang2xml.adb
   [C]            gpr_parser-gdb.c
   [Ada]          gpr_parser-rewriting_implementation.adb
   [Ada]          gpr_parser_support-vectors.adb
   [Ada]          gpr_parser_support-names.adb
   [Ada]          gpr_parser-common.adb
   [Ada]          gpr_parser_support-token_data_handlers.adb
   [Ada]          gpr_parser_support-adalog-generic_main_support.adb
   [Ada]          gpr_parser-implementation-c.adb
   [Ada]          gpr_parser_support-names-maps.adb
   [Ada]          gpr_parser_support-iterators.adb
   [Ada]          gpr_parser_support-array_utils.adb
   [Ada]          gpr_parser_support-generic_api-introspection.adb
   [Ada]          gpr_parser_support-adalog-main_support.ads
   [Ada]          gpr_parser_support-internal.ads
   [Ada]          gpr_parser-c.adb
   [Ada]          gpr_parser_support-lexical_envs.ads
   [Ada]          gpr_parser_adasat.adb
   [Ada]          gpr_parser_support-text.adb
   [Ada]          gpr_parser_support-generic_api-analysis.adb
   [Ada]          gpr_parser-rewriting.adb
   [Ada]          gpr_parser_support-adalog-debug.adb
   [Ada]          gpr_parser_support-internal-descriptor.ads
   [Ada]          gpr_parser_support-internal-analysis.adb
   [Ada]          gpr_parser_support-boxes.adb
   [Ada]          gpr_parser_adasat-internals.ads
   [Ada]          gpr_parser-parsers.adb
   [Ada]          gpr_parser-lexer.adb
   [Ada]          gpr_parser_support-images.adb
   [Ada]          gpr_parser_support-adalog-solver_interface.adb
   [Ada]          gpr_parser_adasat-decisions.adb
   [Ada]          gpr_parser_support-adalog-logic_var.adb
   [Ada]          gpr_parser-lexer_state_machine.adb
   [Ada]          gpr_parser_support-internal-introspection.adb
   [Ada]          gpr_parser_adasat-dpll.adb
   [Ada]          gpr_parser_support-diagnostics.adb
   [Ada]          gpr_parser-generic_introspection.adb
   [Ada]          gpr_parser_support-cheap_sets.adb
   [Ada]          gpr_parser_support-types.ads
   [Ada]          gpr_parser-unparsing_implementation.adb
   [Ada]          gpr_parser_support-file_readers.adb
   [Ada]          gpr_parser.ads
   [Ada]          gpr_parser-generic_api.adb
   [Ada]          gpr_parser_support-lexical_envs_impl.adb
   [Ada]          gpr_parser_adasat-formulas.adb
   [Ada]          gpr_parser_support-packrat.adb
   [Ada]          gpr_parser_support-slocs.adb
   [Ada]          gpr_parser_support-errors.ads
   [Ada]          gpr_parser-private_converters.adb
   [Ada]          gpr_parser-implementation.adb
   [Ada]          gpr_parser_adasat-builders.adb
   [Ada]          gpr_parser_support-bump_ptr.ads
   [Ada]          gpr_parser_support-bump_ptr_vectors.adb
   [Ada]          gpr_parser-public_converters.adb
   [Ada]          gpr_parser-generic_api-introspection.ads
   [Ada]          gpr_parser_support-generic_api.adb
   [Ada]          gpr_parser_support-symbols-precomputed.adb
   [Ada]          gpr_parser_support.ads
   [Ada]          gpr_parser_support-adalog-solver.adb
   [Ada]          gpr_parser-debug.adb
   [Ada]          gpr_parser_support-tree_traversal_iterator.adb
   [Ada]          gpr_parser-iterators.adb
   [Ada]          gpr_parser-analysis.adb
   [Ada]          gpr_parser-unparsing.adb
   [Ada]          gpr_parser_support-hashes.adb
   [Ada]          gpr_parser_adasat-vectors.adb
   [Ada]          gpr_parser_support-relative_get.adb
   [Ada]          gpr_parser_support-diagnostics-output.adb
   [Ada]          gpr_parser_adasat-theory.ads
   [Ada]          gpr_parser_support-generic_bump_ptr.adb
   [Ada]          gpr_parser-generic_impl.adb
   [Ada]          gpr_parser_support-symbols.adb
   [Ada]          gpr_parser_adasat-helpers.adb
   [Ada]          gpr_parser_support-adalog.ads
   [Ada]          gpr_parser-lexer_implementation.adb
   [Ada]          gpr_parser_support-internal-conversions.ads
   [Ada]          gpr2-kb-embedded.adb
   [Ada]          gpr2-build-view_tables.adb
   [Ada]          gpr2-project_parser-set.ads
   [Ada]          gpr2-tree_internal.adb
   [Ada]          gpr2-pack_internal.ads
   [Ada]          gpr2-project_parser-registry.adb
   [Ada]          gpr2-view_internal.adb
   [Ada]          gpr2-project_parser-create.adb
   [Ada]          gpr2-tree_internal-view_builder.adb
   [Ada]          gpr2-view_base_internal.ads
   [Ada]          gpr2-project_parser.adb
   [Ada]          gpr2-build-ali_parser.adb
   [Ada]          gpr2-build-source-sets.adb
   [Ada]          gpr2-build-actions-link.adb
   [Ada]          gpr2-build-unit_info.adb
   [Ada]          gpr2-build-artifacts-files.adb
   [Ada]          gpr2-build.ads
   [Ada]          gpr2-build-compilation_unit-maps.ads
   [Ada]          gpr2-build-view_db.adb
   [Ada]          gpr2-build-process_manager-json.adb
   [Ada]          gpr2-build-actions-post_bind.adb
   [Ada]          gpr2-build-artifacts.adb
   [Ada]          gpr2-build-source.ads
   [Ada]          gpr2-build-unit_info-list.adb
   [Ada]          gpr2-build-actions-ada_bind.adb
   [Ada]          gpr2-build-source_base.adb
   [Ada]          gpr2-build-compilation_unit.adb
   [Ada]          gpr2-build-actions-compile-ada.adb
   [Ada]          gpr2-build-process_manager.adb
   [Ada]          gpr2-build-signature.adb
   [Ada]          gpr2-build-artifacts-file_part.adb
   [Ada]          gpr2-build-source_base-ada_parser.adb
   [Ada]          gpr2-build-tree_db.adb
   [Ada]          gpr2-build-artifacts-library.ads
   [Ada]          gpr2-build-actions-compile.adb
   [Ada]          gpr2-build-actions.adb
   [Ada]          gpr2-message-reporter.adb
   [Ada]          gpr2-message.adb
   [Ada]          gpr2-kb-compiler_iterator.adb
   [Ada]          gpr2-project-tree.adb
   [Ada]          gpr2-project-registry.ads
   [Ada]          gpr2-context.adb
   [Ada]          gpr_parser-basic_ada_parser.adb
   [Ada]          gpr2-view_ids-vector.ads
   [Ada]          gpr2-source_reference-scalar_value.ads
   [Ada]          gpr2-project-external.adb
   [Ada]          gpr2-project-import-set.adb
   [Ada]          gpr2-source_reference-text_value.adb
   [Ada]          gpr2.adb
   [Ada]          gpr2-project-tree-view_builder.adb
   [Ada]          gpr2-utils.ads
   [Ada]          gpr2-project-attribute.adb
   [Ada]          gpr2-project-typ.adb
   [Ada]          gpr2-builtin.adb
   [Ada]          gpr2-project-attribute_index.adb
   [Ada]          gpr2-source_reference.adb
   [Ada]          gpr2-project-variable.adb
   [Ada]          gpr2-view_ids-dags.adb
   [Ada]          gpr2-project-registry-pack.adb
   [Ada]          gpr2-project-configuration.adb
   [Ada]          gpr2-project-registry-attribute-description.adb
   [Ada]          gpr2-kb.adb
   [Ada]          gpr2-project-view.adb
   [Ada]          gpr2-path_name.adb
   [Ada]          gpr2-project-typ-set.ads
   [Ada]          gpr2-path_name-set.adb
   [Ada]          gpr2-project-pretty_printer.adb
   [Ada]          gpr2-project-variable-set.ads
   [Ada]          gpr2-project-registry-attribute.adb
   [Ada]          gpr2-project-view-vector.ads
   [Ada]          gpr2-log.adb
   [Ada]          gpr2-project-name_values.adb
   [Ada]          gpr2-project-attribute_cache.adb
   [Ada]          gpr2-view_ids.adb
   [Ada]          gpr2-project.adb
   [Ada]          gpr2-project-import.adb
   [Ada]          gpr2-source_reference-pack.ads
   [Ada]          gpr2-view_ids-set.ads
   [Ada]          gpr2-source_reference-attribute.ads
   [Ada]          gpr2-project-registry-pack-description.adb
   [Ada]          gpr2-project-external-set.ads
   [Ada]          gpr2-source_reference-identifier-set.ads
   [Ada]          gpr2-containers.adb
   [Ada]          gpr2-project-attr_values.adb
   [Ada]          gpr2-environment.adb
   [Ada]          gpr2-project-registry-exchange.adb
   [Ada]          gpr2-project-attribute-set.adb
   [Ada]          gpr2-utils-hash.adb
   [Ada]          gpr2-file_readers.adb
   [Ada]          gpr2-source_reference-text_value-g_set.ads
   [Ada]          gpr2-kb-parsing.adb
   [Ada]          gpr2-project-view-set.ads
   [Ada]          gpr2-options.adb
   [Ada]          gpr2-version.adb
   [Ada]          gpr2-source_reference-identifier.ads
   [Ada]          gpr2-source_reference-value.ads
   [Ada]          langkit_support-diagnostics-output.adb
   [Ada]          langkit_support-internal.ads
   [Ada]          langkit_support-vectors.adb
   [Ada]          langkit_support-names.adb
   [Ada]          langkit_support-text.adb
   [Ada]          langkit_support-generic_bump_ptr.adb
   [Ada]          langkit_support-types.ads
   [Ada]          langkit_support-adalog-generic_main_support.adb
   [Ada]          langkit_support-adalog-solver.adb
   [Ada]          langkit_support-diagnostics.adb
   [Ada]          langkit_support-generic_api.adb
   [Ada]          langkit_support-symbols.adb
   [Ada]          langkit_support-adalog-logic_var.adb
   [Ada]          langkit_support-lexical_envs_impl.adb
   [Ada]          langkit_support-adalog-solver-diagnostics.adb
   [Ada]          langkit_support-bump_ptr_vectors.adb
   [Ada]          langkit_support-array_utils.adb
   [Ada]          langkit_support-internal-introspection.adb
   [Ada]          langkit_support-images.adb
   [Ada]          langkit_support-boxes.adb
   [Ada]          langkit_support-hashes.adb
   [Ada]          langkit_support-generic_api-unparsing.adb
   [Ada]          langkit_support-generic_api-introspection.adb
   [Ada]          langkit_support-file_readers.adb
   [Ada]          langkit_support-tree_traversal_iterator.adb
   [Ada]          langkit_support-adalog.ads
   [Ada]          langkit_support-lexical_envs.ads
   [Ada]          langkit_support-internal-analysis.adb
   [Ada]          langkit_support-token_data_handlers.adb
   [Ada]          langkit_support-bump_ptr.ads
   [Ada]          langkit_support.ads
   [Ada]          langkit_support-errors.ads
   [Ada]          langkit_support-iterators.adb
   [Ada]          langkit_support-cheap_sets.adb
   [Ada]          langkit_support-slocs.adb
   [Ada]          langkit_support-packrat.adb
   [Ada]          langkit_support-adalog-solver_interface.adb
   [Ada]          langkit_support-names-maps.adb
   [Ada]          langkit_support-adalog-main_support.ads
   [Ada]          langkit_support-internal-unparsing.ads
   [Ada]          langkit_support-adalog-debug.adb
   [Ada]          langkit_support-internal-descriptor.ads
   [Ada]          langkit_support-relative_get.adb
   [Ada]          langkit_support-generic_api-analysis.adb
   [Ada]          langkit_support-internal-conversions.ads
   [Ada]          langkit_support-symbols-precomputed.adb
   [C]            libadalang-gdb.c
   [Ada]          libadalang-lexer.adb
   [Ada]          libadalang-common.adb
   [Ada]          libadalang-analysis.adb
   [Ada]          libadalang-implementation.adb
   [Ada]          libadalang-data_decomposition.adb
   [Ada]          libadalang.ads
   [Ada]          libadalang-rewriting.adb
   [Ada]          libadalang-auto_provider.adb
   [Ada]          libadalang-semantic_diagnostics.adb
   [Ada]          libadalang-implementation-c-extensions.adb
   [Ada]          libadalang-unit_files.adb
   [Ada]          libadalang-implementation-extensions.adb
   [Ada]          libadalang-implementation-c.adb
   [Ada]          libadalang-generic_api.adb
   [Ada]          libadalang-doc_utils.adb
   [Ada]          libadalang-iterators.adb
   [Ada]          libadalang-env_hooks.adb
   [Ada]          libadalang-iterators-extensions.adb
   [Ada]          libadalang-public_converters.adb
   [Ada]          libadalang-debug.adb
   [Ada]          libadalang-rewriting_implementation.adb
   [Ada]          libadalang-generic_api-introspection.ads
   [Ada]          libadalang-lexer_state_machine.adb
   [Ada]          libadalang-pp_lexer.adb
   [Ada]          libadalang-lexer_implementation.adb
   [Ada]          libadalang-c.adb
   [Ada]          libadalang-gpr_impl.adb
   [Ada]          libadalang-pp_impl.adb
   [Ada]          libadalang-internal_default_provider.adb
   [Ada]          libadalang-sources.adb
   [Ada]          libadalang-gpr_utils.adb
   [Ada]          libadalang-config_pragmas.adb
   [Ada]          libadalang-preprocessing.adb
   [Ada]          libadalang-project_provider.adb
   [Ada]          libadalang-private_converters.adb
   [Ada]          libadalang-parsers.adb
   [Ada]          libadalang-expr_eval.adb
   [Ada]          libadalang-config_pragmas_impl.adb
   [Ada]          libadalang-helpers.adb
   [Ada]          libadalang-unparsing.adb
   [Ada]          components.adb
   [Ada]          langkit_support-prettier_utils.adb
   [Ada]          libadalang-generic_impl.adb
   [Ada]          libadalang-unparsing_implementation.adb
   [Ada]          libadalang-parsers_impl.adb
   [Ada]          libadalang-generic_introspection.adb
   [Ada]          libadalang-unparsers.ads
Build Libraries
   [gprlib]       langkit_support.lexch
   [gprlib]       gpr2.lexch
   [bind SAL]     langkit_support
   [archive]      libgpr2.a
   [Ada]          b__langkit_support.adb
   [gprlib]       adalang.lexch
   [objcopy]      p__langkit_support_1.o
   [archive]      liblangkit_support.a
   [index]        liblangkit_support.a
   [index]        libgpr2.a
   [bind SAL]     adalang
   [Ada]          b__adalang.adb
   [objcopy]      p__adalang_0.o
   [archive]      libadalang.a
   [index]        libadalang.a
Bind
   [gprbind]      libadalang2xml.bexch
   [Ada]          libadalang2xml.ali
Link
   [link]         libadalang2xml.adb
Using built-in specs.
COLLECT_GCC=/home/runner/.local/share/alire/toolchains/gnat_native_14.2.1_06bb3def/bin/gcc
COLLECT_LTO_WRAPPER=/home/runner/.local/share/alire/toolchains/gnat_native_14.2.1_06bb3def/bin/../libexec/gcc/x86_64-pc-linux-gnu/14.2.0/lto-wrapper
Target: x86_64-pc-linux-gnu
Configured with: ../src/configure --prefix=/home/runner/work/GNAT-FSF-builds/GNAT-FSF-builds/sbx/x86_64-linux/gcc/install --with-build-time-tools=/home/runner/work/GNAT-FSF-builds/GNAT-FSF-builds/sbx/x86_64-linux/binutils/install/bin --enable-languages=c,ada,c++ --enable-libstdcxx --enable-libstdcxx-threads --enable-libada --disable-nls --without-libiconv-prefix --disable-libstdcxx-pch --enable-lto --disable-multilib --enable-threads=posix --with-gnu-ld --with-gnu-as --with-mpfr=/home/runner/work/GNAT-FSF-builds/GNAT-FSF-builds/sbx/x86_64-linux/mpfr/install --with-gmp=/home/runner/work/GNAT-FSF-builds/GNAT-FSF-builds/sbx/x86_64-linux/gmp/install --with-mpc=/home/runner/work/GNAT-FSF-builds/GNAT-FSF-builds/sbx/x86_64-linux/mpc/install --with-isl=/home/runner/work/GNAT-FSF-builds/GNAT-FSF-builds/sbx/x86_64-linux/isl/install --build=x86_64-pc-linux-gnu
Thread model: posix
Supported LTO compression algorithms: zlib
gcc version 14.2.0 (GCC) 
COMPILER_PATH=/home/runner/.local/share/alire/toolchains/gnat_native_14.2.1_06bb3def/bin/../libexec/gcc/x86_64-pc-linux-gnu/14.2.0/:/home/runner/.local/share/alire/toolchains/gnat_native_14.2.1_06bb3def/bin/../libexec/gcc/:/home/runner/.local/share/alire/toolchains/gnat_native_14.2.1_06bb3def/bin/../lib/gcc/x86_64-pc-linux-gnu/14.2.0/../../../../x86_64-pc-linux-gnu/bin/
LIBRARY_PATH=/home/runner/.local/share/alire/toolchains/gnat_native_14.2.1_06bb3def/bin/../lib/gcc/x86_64-pc-linux-gnu/14.2.0/:/home/runner/.local/share/alire/toolchains/gnat_native_14.2.1_06bb3def/bin/../lib/gcc/:/home/runner/.local/share/alire/toolchains/gnat_native_14.2.1_06bb3def/lib64/../lib64/:/home/runner/.local/share/alire/toolchains/gnat_native_14.2.1_06bb3def/bin/../lib/gcc/x86_64-pc-linux-gnu/14.2.0/../../../../lib64/:/lib/x86_64-linux-gnu/:/lib/../lib64/:/usr/lib/x86_64-linux-gnu/:/usr/lib/../lib64/:/home/runner/.local/share/alire/toolchains/gnat_native_14.2.1_06bb3def/lib64/:/home/runner/.local/share/alire/toolchains/gnat_native_14.2.1_06bb3def/bin/../lib/gcc/x86_64-pc-linux-gnu/14.2.0/../../../../x86_64-pc-linux-gnu/lib/:/home/runner/.local/share/alire/toolchains/gnat_native_14.2.1_06bb3def/bin/../lib/gcc/x86_64-pc-linux-gnu/14.2.0/../../../:/lib/:/usr/lib/
COLLECT_GCC_OPTIONS='-v' '-L/home/runner/work/alire-crates-ci/alire-crates-ci/test/4a33cc8a-ad0a-4a76-a9d3-9e3c658aaf32/libadalang2xml_1.0.2_99ee1dd1/obj/release/' '-L/home/runner/work/alire-crates-ci/alire-crates-ci/test/4a33cc8a-ad0a-4a76-a9d3-9e3c658aaf32/libadalang2xml_1.0.2_99ee1dd1/obj/release/' '-L/home/runner/.local/share/alire/builds/gnatcoll_25.0.0_d7d84483/02755e1b834aef38ef9fb72a4ed720b29ac424f527765424f9541328a6bb85af/core/lib/gnatcoll_core/static/' '-L/home/runner/.local/share/alire/builds/gnatcoll_25.0.0_d7d84483/02755e1b834aef38ef9fb72a4ed720b29ac424f527765424f9541328a6bb85af/minimal/lib/gnatcoll_core/static/' '-L/home/runner/.local/share/alire/builds/gnatcoll_25.0.0_d7d84483/02755e1b834aef38ef9fb72a4ed720b29ac424f527765424f9541328a6bb85af/projects/lib/gnatcoll_projects/static/' '-L/home/runner/.local/share/alire/builds/libgpr_25.0.0_17669998/122833a0092e86037b2a3f2e6a36047ffe12c7002f796bb126a525ec15fdea94/gpr/lib/production/static/' '-L/home/runner/.local/share/alire/builds/xmlada_25.0.0_7f12fe3a/c33f08a07ed1c73a52c7ed730533458892c080532e5997243afaaedc0bbf845e/unicode/lib/static/' '-L/home/runner/.local/share/alire/builds/xmlada_25.0.0_7f12fe3a/c33f08a07ed1c73a52c7ed730533458892c080532e5997243afaaedc0bbf845e/sax/lib/static/' '-L/home/runner/.local/share/alire/builds/xmlada_25.0.0_7f12fe3a/c33f08a07ed1c73a52c7ed730533458892c080532e5997243afaaedc0bbf845e/input_sources/lib/static/' '-L/home/runner/.local/share/alire/builds/xmlada_25.0.0_7f12fe3a/c33f08a07ed1c73a52c7ed730533458892c080532e5997243afaaedc0bbf845e/dom/lib/static/' '-L/home/runner/.local/share/alire/builds/xmlada_25.0.0_7f12fe3a/c33f08a07ed1c73a52c7ed730533458892c080532e5997243afaaedc0bbf845e/schema/lib/static/' '-L/home/runner/.local/share/alire/builds/libadalang_25.0.0_0303cb0f/d2f51a3dd973a64393b016c0b588e48f8bd17c685cb8be63919e1e7b5aec8490/lib/static/dev/' '-L/home/runner/.local/share/alire/builds/gnatcoll_gmp_25.0.0_0848cc59/d4f5eb1003b3589c2e9d486dceb2ce9a748acd464d56d423a3781242cdb0c78f/gmp/lib/static/' '-L/home/runner/.local/share/alire/builds/gnatcoll_iconv_25.0.0_0848cc59/931b4783aacc74ad70e70ae5489e8a8927e502ecf0f8170d50a120f7fcb838b8/iconv/lib/static/' '-L/home/runner/.local/share/alire/builds/prettier_ada_25.0.0_a67a3337/0be80fbf490bc99d81f2bcf9fd48387ca87966222857d0a31a8ebfb5f8ac2125/lib/static/prod/' '-L/home/runner/.local/share/alire/builds/vss_25.0.0_1ddbb26c/a6ec1955abc5aa23a2e050adca6f6d1deb6fdec81017d92016c3665ff62a5a65/.libs/static/' '-L/home/runner/.local/share/alire/builds/langkit_support_25.0.0_7c5f4981/8ea8b5c31b51dc12769a17b63e6230f8ac4f5e494a8360cb17af92a09b5f93b3/langkit/support/lib/static/dev/' '-L/home/runner/.local/share/alire/builds/adasat_25.0.0_0618d8c6/d497b5e492503ae325667c8793cc729c969f2a5fcfbee7c788ace2730761a029/lib/static/dev/' '-L/home/runner/.local/share/alire/builds/libgpr2_25.0.0_70fe0fcf/75f827dca7fd3b1b5241ae27053b35001e0c311d36e9a470f437178d2c3141d0/.build/release/lib-static/' '-L/home/runner/.local/share/alire/toolchains/gnat_native_14.2.1_06bb3def/lib/gcc/x86_64-pc-linux-gnu/14.2.0/adalib/' '-static-libgcc' '-L/home/runner/.local/share/alire/builds/libadalang_25.0.0_0303cb0f/d2f51a3dd973a64393b016c0b588e48f8bd17c685cb8be63919e1e7b5aec8490/obj/dev/' '-L/home/runner/.local/share/alire/builds/libgpr2_25.0.0_70fe0fcf/75f827dca7fd3b1b5241ae27053b35001e0c311d36e9a470f437178d2c3141d0/.build/release/lib-static/' '-L/home/runner/.local/share/alire/builds/adasat_25.0.0_0618d8c6/d497b5e492503ae325667c8793cc729c969f2a5fcfbee7c788ace2730761a029/lib/static/dev/' '-L/home/runner/.local/share/alire/builds/langkit_support_25.0.0_7c5f4981/8ea8b5c31b51dc12769a17b63e6230f8ac4f5e494a8360cb17af92a09b5f93b3/langkit/support/lib/static/dev/' '-L/home/runner/.local/share/alire/builds/vss_25.0.0_1ddbb26c/a6ec1955abc5aa23a2e050adca6f6d1deb6fdec81017d92016c3665ff62a5a65/.libs/static/' '-L/home/runner/.local/share/alire/builds/prettier_ada_25.0.0_a67a3337/0be80fbf490bc99d81f2bcf9fd48387ca87966222857d0a31a8ebfb5f8ac2125/lib/static/prod/' '-L/home/runner/.local/share/alire/builds/gnatcoll_iconv_25.0.0_0848cc59/931b4783aacc74ad70e70ae5489e8a8927e502ecf0f8170d50a120f7fcb838b8/iconv/lib/static/' '-L/home/runner/.local/share/alire/builds/gnatcoll_gmp_25.0.0_0848cc59/d4f5eb1003b3589c2e9d486dceb2ce9a748acd464d56d423a3781242cdb0c78f/gmp/lib/static/' '-L/home/runner/.local/share/alire/builds/xmlada_25.0.0_7f12fe3a/c33f08a07ed1c73a52c7ed730533458892c080532e5997243afaaedc0bbf845e/schema/lib/static/' '-L/home/runner/.local/share/alire/builds/xmlada_25.0.0_7f12fe3a/c33f08a07ed1c73a52c7ed730533458892c080532e5997243afaaedc0bbf845e/dom/lib/static/' '-L/home/runner/.local/share/alire/builds/xmlada_25.0.0_7f12fe3a/c33f08a07ed1c73a52c7ed730533458892c080532e5997243afaaedc0bbf845e/input_sources/lib/static/' '-L/home/runner/.local/share/alire/builds/xmlada_25.0.0_7f12fe3a/c33f08a07ed1c73a52c7ed730533458892c080532e5997243afaaedc0bbf845e/sax/lib/static/' '-L/home/runner/.local/share/alire/builds/xmlada_25.0.0_7f12fe3a/c33f08a07ed1c73a52c7ed730533458892c080532e5997243afaaedc0bbf845e/unicode/lib/static/' '-L/home/runner/.local/share/alire/builds/libgpr_25.0.0_17669998/122833a0092e86037b2a3f2e6a36047ffe12c7002f796bb126a525ec15fdea94/gpr/lib/production/static/' '-L/home/runner/.local/share/alire/builds/gnatcoll_25.0.0_d7d84483/02755e1b834aef38ef9fb72a4ed720b29ac424f527765424f9541328a6bb85af/projects/lib/gnatcoll_projects/static/' '-L/home/runner/.local/share/alire/builds/gnatcoll_25.0.0_d7d84483/02755e1b834aef38ef9fb72a4ed720b29ac424f527765424f9541328a6bb85af/minimal/lib/gnatcoll_core/static/' '-L/home/runner/.local/share/alire/builds/gnatcoll_25.0.0_d7d84483/02755e1b834aef38ef9fb72a4ed720b29ac424f527765424f9541328a6bb85af/core/lib/gnatcoll_core/static/' '-L/home/runner/.local/share/alire/toolchains/gnat_native_14.2.1_06bb3def/lib/gcc/x86_64-pc-linux-gnu/14.2.0/adalib/' '-L/home/runner/.local/share/alire/builds/langkit_support_25.0.0_7c5f4981/8ea8b5c31b51dc12769a17b63e6230f8ac4f5e494a8360cb17af92a09b5f93b3/langkit/support/obj/dev/' '-o' '/home/runner/work/alire-crates-ci/alire-crates-ci/test/4a33cc8a-ad0a-4a76-a9d3-9e3c658aaf32/libadalang2xml_1.0.2_99ee1dd1/bin//libadalang2xml' '-mtune=generic' '-march=x86-64' '-dumpdir' '/home/runner/work/alire-crates-ci/alire-crates-ci/test/4a33cc8a-ad0a-4a76-a9d3-9e3c658aaf32/libadalang2xml_1.0.2_99ee1dd1/bin//libadalang2xml.'
 /home/runner/.local/share/alire/toolchains/gnat_native_14.2.1_06bb3def/bin/../libexec/gcc/x86_64-pc-linux-gnu/14.2.0/collect2 -plugin /home/runner/.local/share/alire/toolchains/gnat_native_14.2.1_06bb3def/bin/../libexec/gcc/x86_64-pc-linux-gnu/14.2.0/liblto_plugin.so -plugin-opt=/home/runner/.local/share/alire/toolchains/gnat_native_14.2.1_06bb3def/bin/../libexec/gcc/x86_64-pc-linux-gnu/14.2.0/lto-wrapper -plugin-opt=-fresolution=/tmp/cckzqxYj.res -plugin-opt=-pass-through=-lgcc -plugin-opt=-pass-through=-lgcc_eh -plugin-opt=-pass-through=-lc -plugin-opt=-pass-through=-lgcc -plugin-opt=-pass-through=-lgcc_eh --eh-frame-hdr -m elf_x86_64 -dynamic-linker /lib64/ld-linux-x86-64.so.2 -o /home/runner/work/alire-crates-ci/alire-crates-ci/test/4a33cc8a-ad0a-4a76-a9d3-9e3c658aaf32/libadalang2xml_1.0.2_99ee1dd1/bin//libadalang2xml /lib/x86_64-linux-gnu/crt1.o /lib/x86_64-linux-gnu/crti.o /home/runner/.local/share/alire/toolchains/gnat_native_14.2.1_06bb3def/bin/../lib/gcc/x86_64-pc-linux-gnu/14.2.0/crtbegin.o @/tmp/ccBSRlbd -L/home/runner/.local/share/alire/toolchains/gnat_native_14.2.1_06bb3def/bin/../lib/gcc/x86_64-pc-linux-gnu/14.2.0 -L/home/runner/.local/share/alire/toolchains/gnat_native_14.2.1_06bb3def/bin/../lib/gcc -L/home/runner/.local/share/alire/toolchains/gnat_native_14.2.1_06bb3def/lib64/../lib64 -L/home/runner/.local/share/alire/toolchains/gnat_native_14.2.1_06bb3def/bin/../lib/gcc/x86_64-pc-linux-gnu/14.2.0/../../../../lib64 -L/lib/x86_64-linux-gnu -L/lib/../lib64 -L/usr/lib/x86_64-linux-gnu -L/usr/lib/../lib64 -L/home/runner/.local/share/alire/toolchains/gnat_native_14.2.1_06bb3def/lib64 -L/home/runner/.local/share/alire/toolchains/gnat_native_14.2.1_06bb3def/bin/../lib/gcc/x86_64-pc-linux-gnu/14.2.0/../../../../x86_64-pc-linux-gnu/lib -L/home/runner/.local/share/alire/toolchains/gnat_native_14.2.1_06bb3def/bin/../lib/gcc/x86_64-pc-linux-gnu/14.2.0/../../.. @/tmp/ccmEeuQD -lgcc -lgcc_eh -lc -lgcc -lgcc_eh /home/runner/.local/share/alire/toolchains/gnat_native_14.2.1_06bb3def/bin/../lib/gcc/x86_64-pc-linux-gnu/14.2.0/crtend.o /lib/x86_64-linux-gnu/crtn.o
COLLECT_GCC_OPTIONS='-v' '-L/home/runner/work/alire-crates-ci/alire-crates-ci/test/4a33cc8a-ad0a-4a76-a9d3-9e3c658aaf32/libadalang2xml_1.0.2_99ee1dd1/obj/release/' '-L/home/runner/work/alire-crates-ci/alire-crates-ci/test/4a33cc8a-ad0a-4a76-a9d3-9e3c658aaf32/libadalang2xml_1.0.2_99ee1dd1/obj/release/' '-L/home/runner/.local/share/alire/builds/gnatcoll_25.0.0_d7d84483/02755e1b834aef38ef9fb72a4ed720b29ac424f527765424f9541328a6bb85af/core/lib/gnatcoll_core/static/' '-L/home/runner/.local/share/alire/builds/gnatcoll_25.0.0_d7d84483/02755e1b834aef38ef9fb72a4ed720b29ac424f527765424f9541328a6bb85af/minimal/lib/gnatcoll_core/static/' '-L/home/runner/.local/share/alire/builds/gnatcoll_25.0.0_d7d84483/02755e1b834aef38ef9fb72a4ed720b29ac424f527765424f9541328a6bb85af/projects/lib/gnatcoll_projects/static/' '-L/home/runner/.local/share/alire/builds/libgpr_25.0.0_17669998/122833a0092e86037b2a3f2e6a36047ffe12c7002f796bb126a525ec15fdea94/gpr/lib/production/static/' '-L/home/runner/.local/share/alire/builds/xmlada_25.0.0_7f12fe3a/c33f08a07ed1c73a52c7ed730533458892c080532e5997243afaaedc0bbf845e/unicode/lib/static/' '-L/home/runner/.local/share/alire/builds/xmlada_25.0.0_7f12fe3a/c33f08a07ed1c73a52c7ed730533458892c080532e5997243afaaedc0bbf845e/sax/lib/static/' '-L/home/runner/.local/share/alire/builds/xmlada_25.0.0_7f12fe3a/c33f08a07ed1c73a52c7ed730533458892c080532e5997243afaaedc0bbf845e/input_sources/lib/static/' '-L/home/runner/.local/share/alire/builds/xmlada_25.0.0_7f12fe3a/c33f08a07ed1c73a52c7ed730533458892c080532e5997243afaaedc0bbf845e/dom/lib/static/' '-L/home/runner/.local/share/alire/builds/xmlada_25.0.0_7f12fe3a/c33f08a07ed1c73a52c7ed730533458892c080532e5997243afaaedc0bbf845e/schema/lib/static/' '-L/home/runner/.local/share/alire/builds/libadalang_25.0.0_0303cb0f/d2f51a3dd973a64393b016c0b588e48f8bd17c685cb8be63919e1e7b5aec8490/lib/static/dev/' '-L/home/runner/.local/share/alire/builds/gnatcoll_gmp_25.0.0_0848cc59/d4f5eb1003b3589c2e9d486dceb2ce9a748acd464d56d423a3781242cdb0c78f/gmp/lib/static/' '-L/home/runner/.local/share/alire/builds/gnatcoll_iconv_25.0.0_0848cc59/931b4783aacc74ad70e70ae5489e8a8927e502ecf0f8170d50a120f7fcb838b8/iconv/lib/static/' '-L/home/runner/.local/share/alire/builds/prettier_ada_25.0.0_a67a3337/0be80fbf490bc99d81f2bcf9fd48387ca87966222857d0a31a8ebfb5f8ac2125/lib/static/prod/' '-L/home/runner/.local/share/alire/builds/vss_25.0.0_1ddbb26c/a6ec1955abc5aa23a2e050adca6f6d1deb6fdec81017d92016c3665ff62a5a65/.libs/static/' '-L/home/runner/.local/share/alire/builds/langkit_support_25.0.0_7c5f4981/8ea8b5c31b51dc12769a17b63e6230f8ac4f5e494a8360cb17af92a09b5f93b3/langkit/support/lib/static/dev/' '-L/home/runner/.local/share/alire/builds/adasat_25.0.0_0618d8c6/d497b5e492503ae325667c8793cc729c969f2a5fcfbee7c788ace2730761a029/lib/static/dev/' '-L/home/runner/.local/share/alire/builds/libgpr2_25.0.0_70fe0fcf/75f827dca7fd3b1b5241ae27053b35001e0c311d36e9a470f437178d2c3141d0/.build/release/lib-static/' '-L/home/runner/.local/share/alire/toolchains/gnat_native_14.2.1_06bb3def/lib/gcc/x86_64-pc-linux-gnu/14.2.0/adalib/' '-static-libgcc' '-L/home/runner/.local/share/alire/builds/libadalang_25.0.0_0303cb0f/d2f51a3dd973a64393b016c0b588e48f8bd17c685cb8be63919e1e7b5aec8490/obj/dev/' '-L/home/runner/.local/share/alire/builds/libgpr2_25.0.0_70fe0fcf/75f827dca7fd3b1b5241ae27053b35001e0c311d36e9a470f437178d2c3141d0/.build/release/lib-static/' '-L/home/runner/.local/share/alire/builds/adasat_25.0.0_0618d8c6/d497b5e492503ae325667c8793cc729c969f2a5fcfbee7c788ace2730761a029/lib/static/dev/' '-L/home/runner/.local/share/alire/builds/langkit_support_25.0.0_7c5f4981/8ea8b5c31b51dc12769a17b63e6230f8ac4f5e494a8360cb17af92a09b5f93b3/langkit/support/lib/static/dev/' '-L/home/runner/.local/share/alire/builds/vss_25.0.0_1ddbb26c/a6ec1955abc5aa23a2e050adca6f6d1deb6fdec81017d92016c3665ff62a5a65/.libs/static/' '-L/home/runner/.local/share/alire/builds/prettier_ada_25.0.0_a67a3337/0be80fbf490bc99d81f2bcf9fd48387ca87966222857d0a31a8ebfb5f8ac2125/lib/static/prod/' '-L/home/runner/.local/share/alire/builds/gnatcoll_iconv_25.0.0_0848cc59/931b4783aacc74ad70e70ae5489e8a8927e502ecf0f8170d50a120f7fcb838b8/iconv/lib/static/' '-L/home/runner/.local/share/alire/builds/gnatcoll_gmp_25.0.0_0848cc59/d4f5eb1003b3589c2e9d486dceb2ce9a748acd464d56d423a3781242cdb0c78f/gmp/lib/static/' '-L/home/runner/.local/share/alire/builds/xmlada_25.0.0_7f12fe3a/c33f08a07ed1c73a52c7ed730533458892c080532e5997243afaaedc0bbf845e/schema/lib/static/' '-L/home/runner/.local/share/alire/builds/xmlada_25.0.0_7f12fe3a/c33f08a07ed1c73a52c7ed730533458892c080532e5997243afaaedc0bbf845e/dom/lib/static/' '-L/home/runner/.local/share/alire/builds/xmlada_25.0.0_7f12fe3a/c33f08a07ed1c73a52c7ed730533458892c080532e5997243afaaedc0bbf845e/input_sources/lib/static/' '-L/home/runner/.local/share/alire/builds/xmlada_25.0.0_7f12fe3a/c33f08a07ed1c73a52c7ed730533458892c080532e5997243afaaedc0bbf845e/sax/lib/static/' '-L/home/runner/.local/share/alire/builds/xmlada_25.0.0_7f12fe3a/c33f08a07ed1c73a52c7ed730533458892c080532e5997243afaaedc0bbf845e/unicode/lib/static/' '-L/home/runner/.local/share/alire/builds/libgpr_25.0.0_17669998/122833a0092e86037b2a3f2e6a36047ffe12c7002f796bb126a525ec15fdea94/gpr/lib/production/static/' '-L/home/runner/.local/share/alire/builds/gnatcoll_25.0.0_d7d84483/02755e1b834aef38ef9fb72a4ed720b29ac424f527765424f9541328a6bb85af/projects/lib/gnatcoll_projects/static/' '-L/home/runner/.local/share/alire/builds/gnatcoll_25.0.0_d7d84483/02755e1b834aef38ef9fb72a4ed720b29ac424f527765424f9541328a6bb85af/minimal/lib/gnatcoll_core/static/' '-L/home/runner/.local/share/alire/builds/gnatcoll_25.0.0_d7d84483/02755e1b834aef38ef9fb72a4ed720b29ac424f527765424f9541328a6bb85af/core/lib/gnatcoll_core/static/' '-L/home/runner/.local/share/alire/toolchains/gnat_native_14.2.1_06bb3def/lib/gcc/x86_64-pc-linux-gnu/14.2.0/adalib/' '-L/home/runner/.local/share/alire/builds/langkit_support_25.0.0_7c5f4981/8ea8b5c31b51dc12769a17b63e6230f8ac4f5e494a8360cb17af92a09b5f93b3/langkit/support/obj/dev/' '-o' '/home/runner/work/alire-crates-ci/alire-crates-ci/test/4a33cc8a-ad0a-4a76-a9d3-9e3c658aaf32/libadalang2xml_1.0.2_99ee1dd1/bin//libadalang2xml' '-mtune=generic' '-march=x86-64' '-dumpdir' '/home/runner/work/alire-crates-ci/alire-crates-ci/test/4a33cc8a-ad0a-4a76-a9d3-9e3c658aaf32/libadalang2xml_1.0.2_99ee1dd1/bin//libadalang2xml.'
Success: Build finished successfully in 565.83 seconds.
Found declared GPR file: libadalang2xml.gpr
[alr test] Test completed SUCCESSFULLY
