Test ran at 2026-09-26 12:48:48.942629+00:00

SOLUTION:
png_embed=1.0.1: convert a PNG image into an embedded Ada package
Origin: commit d2231170dbdd8137c38b1614cc1b452cfaaf779b from https://github.com/RREE/png_embed.git
Properties:
   Author: Rolf Ebert
   Description: convert a PNG image into an embedded Ada package
   Executable: png_embed
   License: MIT OR Apache-2.0 WITH LLVM-exception
   Maintainer: Rolf Ebert <rolf.ebert.gcc@gmx.de>
   Maintainers_Logins: RREE
   Name: png_embed
   Tag: image
   Tag: embedded
   Tag: png
   Version: 1.0.1
   Website: https://github.com/RREE/png_embed
Dependencies (direct):
   gid^14.0.0
Dependencies (solution):
   gid=14.0.0
Dependencies (graph):
   png_embed=1.0.1 --> gid=14.0.0 (^14.0.0)


LOG:
[alr test] Testing png_embed=1.0.1
[alr test] Spawning retrieval for remote crate: alr -d -n get png_embed=1.0.1
Note: Deploying png_embed=1.0.1...

png_embed=1.0.1 successfully retrieved.
Dependencies were solved as follows:

   + gid 14.0.0 (new)
[alr test] Spawning default test for remote crate: alr -d -n build --release -- -cargs:Ada -gnatwn
Note: Building gid=14.0.0/gid.gpr...
gprbuild: "to_png" up to date
gprbuild: "to_bmp" up to date
gprbuild: "mini" up to date
gprbuild: "all_rgb" up to date
gprbuild: "benchmark" up to date
gprbuild: "clusters" up to date
gprbuild: "color_avg" up to date
gprbuild: "comp_img" up to date
gprbuild: "is_opaque" up to date
gprbuild: "recurve" up to date
gprbuild: "steg" up to date
Note: Building png_embed=1.0.1/png_embed.gpr...
Setup
   [mkdir]        object directory for project Png_Embed
   [mkdir]        exec directory for project Png_Embed
Compile
   [Ada]          png_embed.adb
   [Ada]          options.adb
Bind
   [gprbind]      png_embed.bexch
   [Ada]          png_embed.ali
Link
   [link]         png_embed.adb
Success: Build finished successfully in 8.99 seconds.
Found declared GPR file: png_embed.gpr
[alr test] Test completed SUCCESSFULLY
