Test ran at 2026-06-11 14:17:22.368651+00:00

SOLUTION:
adayaml=0.3.0: Experimental YAML 1.3 implementation in Ada
Origin: source archive v0.3.0.tar.gz at https://github.com/yaml/AdaYaml/archive/v0.3.0.tar.gz with hash sha512:ab19e38704e5d51a3f66da2fb9f86571ab08a6793a5d5f42ca29c3271bc754a1a845cc831d7fb24bb19c2caaf0d355ba250d0dca2959607a19936b0a91739d33
Properties:
   Author: Felix Krause
   Description: Experimental YAML 1.3 implementation in Ada
   Executable: yaml-server
   GPR Scenario: Mode := debug | release
   License: MIT
   Maintainer: alejandro@mosteo.com
   Maintainers_Logins: mosteo
   Name: adayaml
   Project_File: yaml.gpr
   Project_File: yaml-utils.gpr
   Project_File: yaml-annotation_processor.gpr
   Project_File: yaml-server.gpr
   Version: 0.3.0
   Website: https://ada.yaml.io/
Dependencies (direct):
   simple_components^4.27
Dependencies (solution):
   gnat=14.2.0 (gnat_external)
   libgnutls=3.8.9
   simple_components=4.68.0
   unixodbc=2.3.12
Dependencies (graph):
   adayaml=0.3.0            --> simple_components=4.68.0 (^4.27)
   simple_components=4.68.0 --> gnat=14.2.0 (gnat_external) (>=2021 | (>=12 & <2000))
   simple_components=4.68.0 --> libgnutls=3.8.9 (^3.7)
   simple_components=4.68.0 --> unixodbc=2.3.12 (^2.3)


LOG:
[alr test] Testing adayaml=0.3.0
[alr test] Spawning retrieval for remote crate: alr -d -n get adayaml=0.3.0
Note: Deploying adayaml=0.3.0...

#=#=#                                                                          
##O#-#                                                                         
Note: Deploying libgnutls=3.8.9...
The system package 'libgnutls28-dev' is about to be installed.
This action might require admin privileges and impact your system installation.
Do you want Alire to install this system package?
Using default: Yes
debconf: unable to initialize frontend: Dialog
debconf: (Dialog frontend will not work on a dumb terminal, an emacs shell buffer, or without a controlling terminal.)
debconf: falling back to frontend: Readline
debconf: unable to initialize frontend: Readline
debconf: (This frontend requires a controlling tty.)
debconf: falling back to frontend: Teletype
debconf: unable to initialize frontend: Teletype
debconf: (This frontend requires a controlling tty.)
debconf: falling back to frontend: Noninteractive
Selecting previously unselected package libevent-2.1-7t64:amd64.
(Reading database ... 
(Reading database ... 5%
(Reading database ... 10%
(Reading database ... 15%
(Reading database ... 20%
(Reading database ... 25%
(Reading database ... 30%
(Reading database ... 35%
(Reading database ... 40%
(Reading database ... 45%
(Reading database ... 50%
(Reading database ... 55%
(Reading database ... 60%
(Reading database ... 65%
(Reading database ... 70%
(Reading database ... 75%
(Reading database ... 80%
(Reading database ... 85%
(Reading database ... 90%
(Reading database ... 95%
(Reading database ... 100%
(Reading database ... 25914 files and directories currently installed.)
Preparing to unpack .../00-libevent-2.1-7t64_2.1.12-stable-10+b1_amd64.deb ...
Unpacking libevent-2.1-7t64:amd64 (2.1.12-stable-10+b1) ...
Selecting previously unselected package libgmpxx4ldbl:amd64.
Preparing to unpack .../01-libgmpxx4ldbl_2%3a6.3.0+dfsg-3_amd64.deb ...
Unpacking libgmpxx4ldbl:amd64 (2:6.3.0+dfsg-3) ...
Selecting previously unselected package libgmp-dev:amd64.
Preparing to unpack .../02-libgmp-dev_2%3a6.3.0+dfsg-3_amd64.deb ...
Unpacking libgmp-dev:amd64 (2:6.3.0+dfsg-3) ...
Preparing to unpack .../03-libgnutls30t64_3.8.9-3+deb13u4_amd64.deb ...
Unpacking libgnutls30t64:amd64 (3.8.9-3+deb13u4) over (3.8.9-3) ...
Selecting previously unselected package libunbound8:amd64.
Preparing to unpack .../04-libunbound8_1.22.0-2+deb13u3_amd64.deb ...
Unpacking libunbound8:amd64 (1.22.0-2+deb13u3) ...
Selecting previously unselected package libgnutls-dane0t64:amd64.
Preparing to unpack .../05-libgnutls-dane0t64_3.8.9-3+deb13u4_amd64.deb ...
Unpacking libgnutls-dane0t64:amd64 (3.8.9-3+deb13u4) ...
Selecting previously unselected package libgnutls-openssl27t64:amd64.
Preparing to unpack .../06-libgnutls-openssl27t64_3.8.9-3+deb13u4_amd64.deb ...
Unpacking libgnutls-openssl27t64:amd64 (3.8.9-3+deb13u4) ...
Selecting previously unselected package libidn2-dev:amd64.
Preparing to unpack .../07-libidn2-dev_2.3.8-2_amd64.deb ...
Unpacking libidn2-dev:amd64 (2.3.8-2) ...
Selecting previously unselected package libp11-kit-dev:amd64.
Preparing to unpack .../08-libp11-kit-dev_0.25.5-3_amd64.deb ...
Unpacking libp11-kit-dev:amd64 (0.25.5-3) ...
Selecting previously unselected package libtasn1-6-dev:amd64.
Preparing to unpack .../09-libtasn1-6-dev_4.20.0-2_amd64.deb ...
Unpacking libtasn1-6-dev:amd64 (4.20.0-2) ...
Selecting previously unselected package nettle-dev:amd64.
Preparing to unpack .../10-nettle-dev_3.10.1-1_amd64.deb ...
Unpacking nettle-dev:amd64 (3.10.1-1) ...
Selecting previously unselected package libgnutls28-dev:amd64.
Preparing to unpack .../11-libgnutls28-dev_3.8.9-3+deb13u4_amd64.deb ...
Unpacking libgnutls28-dev:amd64 (3.8.9-3+deb13u4) ...
Selecting previously unselected package libtasn1-doc.
Preparing to unpack .../12-libtasn1-doc_4.20.0-2_all.deb ...
Unpacking libtasn1-doc (4.20.0-2) ...
Setting up libgnutls30t64:amd64 (3.8.9-3+deb13u4) ...
Setting up libgnutls-openssl27t64:amd64 (3.8.9-3+deb13u4) ...
Setting up libtasn1-doc (4.20.0-2) ...
Setting up libevent-2.1-7t64:amd64 (2.1.12-stable-10+b1) ...
Setting up libunbound8:amd64 (1.22.0-2+deb13u3) ...
Setting up libgmpxx4ldbl:amd64 (2:6.3.0+dfsg-3) ...
Setting up libgnutls-dane0t64:amd64 (3.8.9-3+deb13u4) ...
Setting up libidn2-dev:amd64 (2.3.8-2) ...
Setting up libtasn1-6-dev:amd64 (4.20.0-2) ...
Setting up libp11-kit-dev:amd64 (0.25.5-3) ...
Setting up libgmp-dev:amd64 (2:6.3.0+dfsg-3) ...
Setting up nettle-dev:amd64 (3.10.1-1) ...
Setting up libgnutls28-dev:amd64 (3.8.9-3+deb13u4) ...
Processing triggers for libc-bin (2.41-12) ...
Note: Deploying unixodbc=2.3.12...
The system package 'unixodbc-dev' is about to be installed.
This action might require admin privileges and impact your system installation.
Do you want Alire to install this system package?
Using default: Yes
debconf: unable to initialize frontend: Dialog
debconf: (Dialog frontend will not work on a dumb terminal, an emacs shell buffer, or without a controlling terminal.)
debconf: falling back to frontend: Readline
debconf: unable to initialize frontend: Readline
debconf: (This frontend requires a controlling tty.)
debconf: falling back to frontend: Teletype
debconf: unable to initialize frontend: Teletype
debconf: (This frontend requires a controlling tty.)
debconf: falling back to frontend: Noninteractive
Selecting previously unselected package libltdl7:amd64.
(Reading database ... 
(Reading database ... 5%
(Reading database ... 10%
(Reading database ... 15%
(Reading database ... 20%
(Reading database ... 25%
(Reading database ... 30%
(Reading database ... 35%
(Reading database ... 40%
(Reading database ... 45%
(Reading database ... 50%
(Reading database ... 55%
(Reading database ... 60%
(Reading database ... 65%
(Reading database ... 70%
(Reading database ... 75%
(Reading database ... 80%
(Reading database ... 85%
(Reading database ... 90%
(Reading database ... 95%
(Reading database ... 100%
(Reading database ... 26240 files and directories currently installed.)
Preparing to unpack .../0-libltdl7_2.5.4-4_amd64.deb ...
Unpacking libltdl7:amd64 (2.5.4-4) ...
Selecting previously unselected package libodbc2:amd64.
Preparing to unpack .../1-libodbc2_2.3.12-2_amd64.deb ...
Unpacking libodbc2:amd64 (2.3.12-2) ...
Selecting previously unselected package libodbccr2:amd64.
Preparing to unpack .../2-libodbccr2_2.3.12-2_amd64.deb ...
Unpacking libodbccr2:amd64 (2.3.12-2) ...
Selecting previously unselected package unixodbc-common.
Preparing to unpack .../3-unixodbc-common_2.3.12-2_all.deb ...
Unpacking unixodbc-common (2.3.12-2) ...
Selecting previously unselected package libodbcinst2:amd64.
Preparing to unpack .../4-libodbcinst2_2.3.12-2_amd64.deb ...
Unpacking libodbcinst2:amd64 (2.3.12-2) ...
Selecting previously unselected package unixodbc-dev:amd64.
Preparing to unpack .../5-unixodbc-dev_2.3.12-2_amd64.deb ...
Unpacking unixodbc-dev:amd64 (2.3.12-2) ...
Setting up unixodbc-common (2.3.12-2) ...
Setting up libltdl7:amd64 (2.5.4-4) ...
Setting up libodbc2:amd64 (2.3.12-2) ...
Setting up libodbccr2:amd64 (2.3.12-2) ...
Setting up libodbcinst2:amd64 (2.3.12-2) ...
Setting up unixodbc-dev:amd64 (2.3.12-2) ...
Processing triggers for libc-bin (2.41-12) ...
Note: Deploying simple_components=4.68.0...

adayaml=0.3.0 successfully retrieved.
Dependencies were solved as follows:

   +b gnat              14.2.0 (new,gnat_external,indirect,executable in path)
   +b libgnutls         3.8.9  (new,indirect,system package)
   +  simple_components 4.68.0 (new)
   +b unixodbc          2.3.12 (new,indirect,system package)
[alr test] Spawning default test for remote crate: alr -d -n build --release -- -cargs:Ada -gnatwn
Note: Alire has selected automatically this toolchain:
   gprbuild=26.0.1
   gnat_native=15.2.1
You can select a different toolchain at any time with `alr toolchain --select`
Download will start now:
Note: Deploying gprbuild=26.0.1...

#=#=#                                                                          
############                                                              17.4%
######################                                                    31.9%
########################################                                  55.7%
############################################################              84.5%
######################################################################## 100.0%
Note: gprbuild=26.0.1 installed successfully.
Note: Deploying gnat_native=15.2.1...

#=#=#                                                                          
###                                                                        4.7%
##########                                                                14.0%
################                                                          22.9%
#####################                                                     29.6%
###########################                                               38.6%
##################################                                        48.1%
#######################################                                   54.3%
###############################################                           65.8%
######################################################                    75.1%
###########################################################               82.5%
##############################################################            86.9%
#######################################################################   98.6%
######################################################################## 100.0%
Note: gnat_native=15.2.1 installed successfully.
Note: Building adayaml=0.3.0/yaml.gpr (1/4)...
Setup
   [mkdir]        object directory for project Parser_Tools
   [mkdir]        library directory for project Parser_Tools
   [mkdir]        object directory for project Yaml
   [mkdir]        library directory for project Yaml
Compile
   [ada]          text.adb
   [ada]          lexer-base.adb
   [ada]          text-builder.adb
   [ada]          lexer-source-text_io.adb
   [ada]          text-pool.adb
   [ada]          lexer-source-file.adb
   [ada]          lexer.ads
   [ada]          lexer-source.ads
   [ada]          text-sets.ads
lexer-source-file.adb:26:09: warning: object designated by anonymous access value might not be finalized until its enclosing library unit goes out of scope, or not be finalized at all [enabled by default]
lexer-source-file.adb:26:09: warning: use named access type instead [enabled by default]
lexer-source-file.adb:26:09: warning: use of an anonymous access type allocator [-gnatw_a]
lexer-source-file.adb:33:23: warning: accessibility check fails [enabled by default]
lexer-source-file.adb:33:23: warning: Program_Error will be raised at run time [enabled by default]
   [ada]          yaml-transformator-canonical.adb
   [ada]          yaml-events.adb
   [ada]          yaml-presenter-analysis.adb
   [ada]          yaml-parser.adb
   [ada]          yaml-dom.adb
   [ada]          yaml-dom-dumping.adb
yaml-dom.adb:11:04: warning: use clause for private type "Reference" defined at text.ads:56 has no effect [-gnatwu]
yaml-dom.adb:12:04: warning: use clause for type "Count_Type" defined at yaml-dom.ads:20 has no effect [-gnatwu]
yaml-dom.adb:125:18: warning: object designated by anonymous access value might not be finalized until its enclosing library unit goes out of scope, or not be finalized at all [enabled by default]
yaml-dom.adb:125:18: warning: use named access type instead [enabled by default]
yaml-dom.adb:125:18: warning: use of an anonymous access type allocator [-gnatw_a]
yaml-dom.ads:124:10: warning: object designated by anonymous access value might not be finalized until its enclosing library unit goes out of scope, or not be finalized at all [enabled by default]
yaml-dom.ads:124:10: warning: use named access type instead [enabled by default]
yaml-dom.ads:124:10: warning: use of an anonymous access type allocator [-gnatw_a]
   [ada]          yaml-dom-loading.adb
   [ada]          yaml.adb
   [ada]          yaml-dom-node_memory.adb
   [ada]          yaml-dom-node.adb
yaml-dom-node_memory.adb:9:32: error: access-to-constant operand type not allowed
yaml-dom-node_memory.adb:12:31: error: access-to-constant operand type not allowed
yaml-dom-node_memory.adb:20:28: error: access-to-constant operand type not allowed
yaml-parser.adb:13:50: warning: object designated by anonymous access value might not be finalized until its enclosing library unit goes out of scope, or not be finalized at all [enabled by default]
yaml-parser.adb:13:50: warning: use named access type instead [enabled by default]
yaml-parser.adb:13:50: warning: use of an anonymous access type allocator [-gnatw_a]
yaml-parser.ads:85:04: warning: in instantiation at yaml-text_set.adb:79 [enabled by default]
yaml-parser.ads:85:04: warning: accessibility check fails [enabled by default]
yaml-parser.ads:85:04: warning: Program_Error will be raised at run time [enabled by default]
yaml-dom-loading.adb:197:23: warning: object designated by anonymous access value might not be finalized until its enclosing library unit goes out of scope, or not be finalized at all [enabled by default]
yaml-dom-loading.adb:197:23: warning: use named access type instead [enabled by default]
yaml-dom-loading.adb:239:30: warning: object designated by anonymous access value might not be finalized until its enclosing library unit goes out of scope, or not be finalized at all [enabled by default]
yaml-dom-loading.adb:239:30: warning: use named access type instead [enabled by default]
yaml-dom-loading.adb:265:04: warning: in instantiation at line 197 [-gnatw_a]
yaml-dom-loading.adb:265:04: warning: use of an anonymous access type allocator [-gnatw_a]
yaml-dom-loading.adb:265:04: warning: in instantiation at line 239 [-gnatw_a]
yaml-dom-loading.adb:265:04: warning: use of an anonymous access type allocator [-gnatw_a]

   compilation of yaml-dom-node_memory.adb failed

gprbuild: *** compilation phase failed
stderr: Command ["gprbuild", "-s", "-j0", "-p", "-P", "/home/runner/work/alire-crates-ci/alire-crates-ci/test/b4f4968d-517d-4058-b9a1-faaa7888438e/adayaml_0.3.0_ab19e387/yaml.gpr", "-cargs:Ada", "-gnatwn"] exited with code 4
ERROR: Command ["gprbuild", "-s", "-j0", "-p", "-P", "/home/runner/work/alire-crates-ci/alire-crates-ci/test/b4f4968d-517d-4058-b9a1-faaa7888438e/adayaml_0.3.0_ab19e387/yaml.gpr", "-cargs:Ada", "-gnatwn"] exited with code 4
stderr: ALIRE.CHECKED_ERROR
stderr: Command ["gprbuild", "-s", "-j0", "-p", "-P", "/home/runner/work/alire-crates-ci/alire-crates-ci/test/b4f4968d-517d-4058-b9a1-faaa7888438e/adayaml_0.3.0_ab19e387/yaml.gpr", "-cargs:Ada", "-gnatwn"] exited with code 4
stderr: raised ALIRE.CHECKED_ERROR : alire-stored-error:1
[/usr/bin/alr]
0xe75bc6 Alire.Raise_Checked_Error at alire.adb:284
0xac1a54 Alire.Os_Lib.Subprocess.Checked_Spawn at alire-os_lib-subprocess.adb:111
0xd40276 Alire.Spawn.Command at alire-spawn.adb:22
0xd412ee Alire.Spawn.Gprbuild at alire-spawn.adb:68
0xc748cb Alire.Roots.Build at alire-roots.adb:189
0xc7301a Alire.Roots.Build at alire-roots.adb:255
0xc9832b Alire.Roots.Traverse at alire-roots.adb:2143
0xcfee85 Alire.Solutions.Traverse.Visit at alire-solutions.adb:1472
0xcfdfcc Alire.Solutions.Traverse at alire-solutions.adb:1555
0xc9841e Alire.Roots.Traverse at alire-roots.adb:2147
0xc984dd Alire.Roots.Traverse at alire-roots.adb:2127
0xc7359b Alire.Roots.Build at alire-roots.adb:286
0xc736d7 Alire.Roots.Build at alire-roots.adb:114
0x49aa0d Alr.Commands.Build.Execute at alr-commands-build.adb:145
0x49a36d Alr.Commands.Build.Execute at alr-commands-build.adb:113
0x49a51f Alr.Commands.Build.Execute at alr-commands-build.adb:54
0x53bbcc Alr.Commands.Sub_Cmd.Execute at clic-subcommand-instance.adb:749
0x5472be Alr.Commands.Execute at alr-commands.adb:632
0x43d48a Alr.Main at alr-main.adb:13
0x4403a3 Main at b__alr-main.adb:2445
[/lib/x86_64-linux-gnu/libc.so.6]
0x7f3e08f04ca6
0x7f3e08f04d63
[/usr/bin/alr]
0x43d323 _start at ???
0xfffffffffffffffe

stderr: ALIRE.ROOTS.BUILD._WRAPPED_STATEMENTS.BUILD_FAILED
stderr: alire-roots.adb:202
stderr: raised ALIRE.ROOTS.BUILD._WRAPPED_STATEMENTS.BUILD_FAILED : alire-roots.adb:202
[/usr/bin/alr]
0xc74cc7 Alire.Roots.Build at alire-roots.adb:202
0xc7301a Alire.Roots.Build at alire-roots.adb:255
0xc9832b Alire.Roots.Traverse at alire-roots.adb:2143
0xcfee85 Alire.Solutions.Traverse.Visit at alire-solutions.adb:1472
0xcfdfcc Alire.Solutions.Traverse at alire-solutions.adb:1555
0xc9841e Alire.Roots.Traverse at alire-roots.adb:2147
0xc984dd Alire.Roots.Traverse at alire-roots.adb:2127
0xc7359b Alire.Roots.Build at alire-roots.adb:286
0xc736d7 Alire.Roots.Build at alire-roots.adb:114
0x49aa0d Alr.Commands.Build.Execute at alr-commands-build.adb:145
0x49a36d Alr.Commands.Build.Execute at alr-commands-build.adb:113
0x49a51f Alr.Commands.Build.Execute at alr-commands-build.adb:54
0x53bbcc Alr.Commands.Sub_Cmd.Execute at clic-subcommand-instance.adb:749
0x5472be Alr.Commands.Execute at alr-commands.adb:632
0x43d48a Alr.Main at alr-main.adb:13
0x4403a3 Main at b__alr-main.adb:2445
[/lib/x86_64-linux-gnu/libc.so.6]
0x7f3e08f04ca6
0x7f3e08f04d63
[/usr/bin/alr]
0x43d323 _start at ???
0xfffffffffffffffe

ERROR: Compilation failed.
