Test ran at 2025-06-10 13:05:18.602889+00:00

SOLUTION:
a0b_stm32f401_tim11_timer=0.1.0: A0B: Timer based on STM32F401 TIM11
Provides: a0b_timer_platform=0.1.0
Origin: commit ba04b148d16743bbf6b1f18e5c0586fa7cca2d9e from https://github.com/godunko/a0b-stm32f401-tim11_timer.git
Properties:
   Test run: alr build (from ${CRATE_ROOT}/selftest)
   Author: Vadim Godunko
   Configuration: no modifiers
   Description: A0B: Timer based on STM32F401 TIM11
   License: Apache-2.0 WITH LLVM-exception
   Maintainer: Vadim Godunko <vgodunko@gmail.com>
   Maintainers_Logins: godunko
   Name: a0b_stm32f401_tim11_timer
   Project_File: gnat/a0b_timer_platform.gpr
   Tag: a0b
   Tag: embedded
   Tag: timer
   Tag: stm32
   Tag: stm32f4
   Tag: stm32f401
   Version: 0.1.0
Dependencies (direct):
   a0b_base*
   a0b_stm32f401*
Dependencies (solution):
   a0b_armv7m=0.3.0
   a0b_base=0.4.0
   a0b_stm32f401=0.2.0
   gnat_arm_elf=14.2.1
Dependencies (graph):
   a0b_armv7m=0.3.0                --> a0b_base=0.4.0 (*)
   a0b_armv7m=0.3.0                --> gnat_arm_elf=14.2.1 (*)
   a0b_stm32f401=0.2.0             --> a0b_armv7m=0.3.0 (*)
   a0b_stm32f401_tim11_timer=0.1.0 --> a0b_base=0.4.0 (*)
   a0b_stm32f401_tim11_timer=0.1.0 --> a0b_stm32f401=0.2.0 (*)


LOG:
Spawning: alr -d -n get a0b_stm32f401_tim11_timer=0.1.0
Note: Deploying a0b_stm32f401_tim11_timer=0.1.0...
Note: Deploying a0b_base=0.4.0...
Note: Deploying gnat_arm_elf=14.2.1...
#=#=#                                                                          
##O#-#                                                                         

                                                                           0.0%
                                                                           1.2%
#                                                                          2.2%
##                                                                         4.0%
###                                                                        4.4%
####                                                                       6.2%
#####                                                                      7.5%
#####                                                                      7.5%
######                                                                     8.4%
######                                                                     9.7%
#######                                                                   11.0%
########                                                                  11.9%
########                                                                  11.9%
#########                                                                 13.2%
##########                                                                15.0%
###########                                                               16.4%
############                                                              17.7%
#############                                                             19.3%
##############                                                            20.5%
###############                                                           21.9%
################                                                          22.7%
#################                                                         24.3%
##################                                                        26.1%
###################                                                       26.6%
####################                                                      28.1%
####################                                                      28.7%
#####################                                                     30.3%
######################                                                    31.0%
#######################                                                   32.7%
########################                                                  34.0%
########################                                                  34.0%
#########################                                                 35.3%
##########################                                                37.1%
###########################                                               38.1%
############################                                              39.7%
#############################                                             41.5%
##############################                                            42.8%
###############################                                           44.1%
################################                                          45.8%
#################################                                         46.6%
##################################                                        48.1%
###################################                                       49.5%
####################################                                      50.7%
#####################################                                     52.4%
######################################                                    53.0%
######################################                                    53.2%
######################################                                    53.6%
######################################                                    54.0%
#######################################                                   54.5%
#######################################                                   55.2%
########################################                                  55.7%
########################################                                  56.9%
#########################################                                 57.6%
##########################################                                59.2%
###########################################                               60.0%
############################################                              61.7%
#############################################                             63.7%
##############################################                            64.0%
##############################################                            64.0%
##############################################                            64.1%
##############################################                            64.4%
##############################################                            65.1%
###############################################                           66.0%
#################################################                         68.4%
##################################################                        70.5%
###################################################                       70.9%
###################################################                       72.0%
####################################################                      72.8%
#####################################################                     74.5%
######################################################                    75.5%
#######################################################                   77.0%
########################################################                  78.1%
#########################################################                 79.4%
##########################################################                81.1%
##########################################################                81.7%
###########################################################               82.3%
############################################################              83.8%
#############################################################             84.7%
#############################################################             86.0%
################################################################          89.1%
################################################################          89.1%
################################################################          90.0%
#################################################################         90.5%
#################################################################         90.9%
##################################################################        91.9%
##################################################################        92.7%
###################################################################       93.5%
###################################################################       93.6%
####################################################################      94.9%
####################################################################      95.5%
#####################################################################     97.0%
######################################################################    97.5%
#######################################################################   98.9%
#######################################################################   99.5%
######################################################################## 100.0%
Note: gnat_arm_elf=14.2.1 installed successfully.
Note: Deploying a0b_armv7m=0.3.0...
Note: Deploying a0b_stm32f401=0.2.0...

a0b_stm32f401_tim11_timer=0.1.0 successfully retrieved.
Dependencies were solved as follows:

   +  a0b_armv7m    0.3.0  (new,indirect)
   +  a0b_base      0.4.0  (new)
   +  a0b_stm32f401 0.2.0  (new)
   +b gnat_arm_elf  14.2.1 (new,indirect,binary)
Note: Alire has selected automatically this toolchain:
   gprbuild=22.0.1
   gnat_native=14.2.1
You can select a different toolchain at any time with `alr toolchain --select`
Download will start now:
Press Enter to continue or Ctrl-C to abort
ERROR: a-tigeli.adb:96
ERROR: alr encountered an unexpected error, re-run with -d for details.
ERROR: error location: 0x102c361 Ada.Text_Io.Get_Line.Get_Chunk at a-tigeli.adb:96
