Test ran at 2025-07-20 12:26:27.786410+00:00

SOLUTION:
ptf=1.2.1: Portable Text Formatter
Origin: source archive ptf-427b94692b.tar.gz at https://chiselapp.com/user/dbane/repository/ptf/tarball/427b94692b/ptf-427b94692b.tar.gz with hashes sha256:f651329f2af346a3fdbdaf2d2ac4a8faf9eb63c6169db4d1a091a9891f5cdbe3, sha512:dea7421dc68d67621285e640c3fc21e3a7cfe283c5195c64e8ddc9d174ffee951dd573ba7df7f71be33594564fc2f2cf19fcc39c30906f4798eca6baa60311bc
Properties:
   Author: Richard Conn
   Description: Portable Text Formatter
   License: custom-CC-PDM-1.0
   Maintainer: Darren Bane <darren.bane.ac@posteo.net>
   Maintainers_Logins: poldy
   Name: ptf
   Tag: documentation
   Tag: tools
   Version: 1.2.1
   Website: https://chiselapp.com/user/dbane/repository/ptf


LOG:
[alr test] Testing ptf=1.2.1
[alr test] Spawning retrieval for remote crate: alr -d -n get ptf=1.2.1
Note: Deploying ptf=1.2.1...
#=#=#                                                                          
##O#-#                                                                         
##O=#  #                                                                       

######################################################################## 100.0%

ptf=1.2.1 successfully retrieved.
There are no dependencies.
[alr test] Spawning default test for remote crate: alr -d -n build --release -- -cargs:Ada -gnatwn
Note: Building ptf=1.2.1/ptf.gpr...
Setup
   [mkdir]        object directory for project Ptf
   [mkdir]        exec directory for project Ptf
Compile
   [Ada]          ptf.adb
   [Ada]          ptfidx.adb
ptf.adb:38:04: warning: variable "File_Name" is never read and never assigned
ptf.adb:40:04: warning: variable "File_Name_Last" is never read and never assigned
   [Ada]          command_line_processor.adb
   [Ada]          command_symbols.ads
   [Ada]          console.adb
command_symbols.ads:97:11: warning: unrecognized pragma "Format_Off"
command_symbols.ads:221:11: warning: unrecognized pragma "Format_On"
   [Ada]          error_log.adb
   [Ada]          index.adb
   [Ada]          output_file.adb
   [Ada]          variable.adb
   [Ada]          word_processor.adb
   [Ada]          input_file.adb
input_file.adb:81:07: warning: "return" statement missing following this statement
input_file.adb:81:07: warning: Program_Error may be raised at run time
   [Ada]          command.adb
   [Ada]          formatted_output_file.adb
   [Ada]          macro.adb
   [Ada]          parse.adb
command.adb:692:33: warning: index for "Line_Tail" may assume lower bound of 1
command.adb:692:33: warning: suggested replacement: "Line_Tail'First"
command.adb:693:36: warning: index for "Line_Tail" may assume lower bound of 1
command.adb:693:36: warning: suggested replacement: "Line_Tail'First + 1"
command.adb:717:30: warning: index for "Line_Tail" may assume lower bound of 1
command.adb:717:30: warning: suggested replacement: "Line_Tail'First"
command.adb:718:33: warning: index for "Line_Tail" may assume lower bound of 1
command.adb:718:33: warning: suggested replacement: "Line_Tail'First + 1"
command.adb:765:30: warning: index for "Line_Tail" may assume lower bound of 1
command.adb:765:30: warning: suggested replacement: "Line_Tail'First"
command.adb:1217:32: warning: index for "Line_Tail" may assume lower bound of 1
command.adb:1217:32: warning: suggested replacement: "Line_Tail'First"
command.adb:1303:33: warning: index for "Line_Tail" may assume lower bound of 1
command.adb:1303:33: warning: suggested replacement: "Line_Tail'First"
command.adb:1304:36: warning: index for "Line_Tail" may assume lower bound of 1
command.adb:1304:36: warning: suggested replacement: "Line_Tail'First + 1"
command.adb:1325:32: warning: index for "Line_Tail" may assume lower bound of 1
command.adb:1325:32: warning: suggested replacement: "Line_Tail'First"
   [Ada]          contents.adb
   [Ada]          environment.adb
formatted_output_file.adb:33:11: warning: unrecognized pragma "Format_Off"
formatted_output_file.adb:60:11: warning: unrecognized pragma "Format_On"
formatted_output_file.ads:31:11: warning: unrecognized pragma "Format_Off"
formatted_output_file.ads:99:11: warning: unrecognized pragma "Format_On"
Bind
   [gprbind]      ptf.bexch
   [gprbind]      ptfidx.bexch
   [Ada]          ptf.ali
   [Ada]          ptfidx.ali
Link
   [link]         ptf.adb
   [link]         ptfidx.adb
/home/runner/.local/share/alire/toolchains/gnat_native_11.2.4_2f37a10b/bin/../lib/gcc/x86_64-pc-linux-gnu/11.2.0/../../../../x86_64-pc-linux-gnu/bin/ld: /lib/x86_64-linux-gnu/libc.so.6: unknown type [0x13] section `.relr.dyn'
/home/runner/.local/share/alire/toolchains/gnat_native_11.2.4_2f37a10b/bin/../lib/gcc/x86_64-pc-linux-gnu/11.2.0/../../../../x86_64-pc-linux-gnu/bin/ld: skipping incompatible /lib/x86_64-linux-gnu/libc.so.6 when searching for /lib/x86_64-linux-gnu/libc.so.6
/home/runner/.local/share/alire/toolchains/gnat_native_11.2.4_2f37a10b/bin/../lib/gcc/x86_64-pc-linux-gnu/11.2.0/../../../../x86_64-pc-linux-gnu/bin/ld: cannot find /lib/x86_64-linux-gnu/libc.so.6
/home/runner/.local/share/alire/toolchains/gnat_native_11.2.4_2f37a10b/bin/../lib/gcc/x86_64-pc-linux-gnu/11.2.0/../../../../x86_64-pc-linux-gnu/bin/ld: /lib/x86_64-linux-gnu/libc.so.6: unknown type [0x13] section `.relr.dyn'
/home/runner/.local/share/alire/toolchains/gnat_native_11.2.4_2f37a10b/bin/../lib/gcc/x86_64-pc-linux-gnu/11.2.0/../../../../x86_64-pc-linux-gnu/bin/ld: skipping incompatible /lib/x86_64-linux-gnu/libc.so.6 when searching for /lib/x86_64-linux-gnu/libc.so.6
/home/runner/.local/share/alire/toolchains/gnat_native_11.2.4_2f37a10b/bin/../lib/gcc/x86_64-pc-linux-gnu/11.2.0/../../../../x86_64-pc-linux-gnu/bin/ld: /lib/x86_64-linux-gnu/libc.so.6: unknown type [0x13] section `.relr.dyn'
/home/runner/.local/share/alire/toolchains/gnat_native_11.2.4_2f37a10b/bin/../lib/gcc/x86_64-pc-linux-gnu/11.2.0/../../../../x86_64-pc-linux-gnu/bin/ld: skipping incompatible /lib/x86_64-linux-gnu/libc.so.6 when searching for /lib/x86_64-linux-gnu/libc.so.6
/home/runner/.local/share/alire/toolchains/gnat_native_11.2.4_2f37a10b/bin/../lib/gcc/x86_64-pc-linux-gnu/11.2.0/../../../../x86_64-pc-linux-gnu/bin/ld: cannot find /lib/x86_64-linux-gnu/libc.so.6
/home/runner/.local/share/alire/toolchains/gnat_native_11.2.4_2f37a10b/bin/../lib/gcc/x86_64-pc-linux-gnu/11.2.0/../../../../x86_64-pc-linux-gnu/bin/ld: /lib/x86_64-linux-gnu/libc.so.6: unknown type [0x13] section `.relr.dyn'
/home/runner/.local/share/alire/toolchains/gnat_native_11.2.4_2f37a10b/bin/../lib/gcc/x86_64-pc-linux-gnu/11.2.0/../../../../x86_64-pc-linux-gnu/bin/ld: /lib64/ld-linux-x86-64.so.2: unknown type [0x13] section `.relr.dyn'
/home/runner/.local/share/alire/toolchains/gnat_native_11.2.4_2f37a10b/bin/../lib/gcc/x86_64-pc-linux-gnu/11.2.0/../../../../x86_64-pc-linux-gnu/bin/ld: skipping incompatible /lib/x86_64-linux-gnu/libc.so.6 when searching for /lib/x86_64-linux-gnu/libc.so.6
/home/runner/.local/share/alire/toolchains/gnat_native_11.2.4_2f37a10b/bin/../lib/gcc/x86_64-pc-linux-gnu/11.2.0/../../../../x86_64-pc-linux-gnu/bin/ld: skipping incompatible /lib64/ld-linux-x86-64.so.2 when searching for /lib64/ld-linux-x86-64.so.2
/home/runner/.local/share/alire/toolchains/gnat_native_11.2.4_2f37a10b/bin/../lib/gcc/x86_64-pc-linux-gnu/11.2.0/../../../../x86_64-pc-linux-gnu/bin/ld: cannot find /lib64/ld-linux-x86-64.so.2
/home/runner/.local/share/alire/toolchains/gnat_native_11.2.4_2f37a10b/bin/../lib/gcc/x86_64-pc-linux-gnu/11.2.0/../../../../x86_64-pc-linux-gnu/bin/ld: /lib64/ld-linux-x86-64.so.2: unknown type [0x13] section `.relr.dyn'
/home/runner/.local/share/alire/toolchains/gnat_native_11.2.4_2f37a10b/bin/../lib/gcc/x86_64-pc-linux-gnu/11.2.0/../../../../x86_64-pc-linux-gnu/bin/ld: /home/runner/.local/share/alire/toolchains/gnat_native_11.2.4_2f37a10b/bin/../lib/gcc/x86_64-pc-linux-gnu/11.2.0/../../../../x86_64-pc-linux-gnu/bin/ld/lib64/ld-linux-x86-64.so.2: skipping incompatible : unknown type [/lib64/ld-linux-x86-64.so.20x13 when searching for ] section `/lib64/ld-linux-x86-64.so.2.relr.dyn
'
/home/runner/.local/share/alire/toolchains/gnat_native_11.2.4_2f37a10b/bin/../lib/gcc/x86_64-pc-linux-gnu/11.2.0/../../../../x86_64-pc-linux-gnu/bin/ld: skipping incompatible /lib64/ld-linux-x86-64.so.2 when searching for /lib64/ld-linux-x86-64.so.2
/home/runner/.local/share/alire/toolchains/gnat_native_11.2.4_2f37a10b/bin/../lib/gcc/x86_64-pc-linux-gnu/11.2.0/../../../../x86_64-pc-linux-gnu/bin/ld: cannot find /lib64/ld-linux-x86-64.so.2
/home/runner/.local/share/alire/toolchains/gnat_native_11.2.4_2f37a10b/bin/../lib/gcc/x86_64-pc-linux-gnu/11.2.0/../../../../x86_64-pc-linux-gnu/bin/ld: /lib64/ld-linux-x86-64.so.2: unknown type [0x13] section `.relr.dyn'
/home/runner/.local/share/alire/toolchains/gnat_native_11.2.4_2f37a10b/bin/../lib/gcc/x86_64-pc-linux-gnu/11.2.0/../../../../x86_64-pc-linux-gnu/bin/ld: skipping incompatible /lib64/ld-linux-x86-64.so.2 when searching for /lib64/ld-linux-x86-64.so.2
collect2: error: ld returned 1 exit status
collect2: error: ld returned 1 exit status
   link of ptfidx.adb failed
   failed command was: /home/runner/.local/share/alire/toolchains/gnat_native_11.2.4_2f37a10b/bin/gcc ptfidx.o b__ptfidx.o /home/runner/work/alire-crates-ci/alire-crates-ci/test/2b634dd8-f682-4b4f-beeb-7ec13e02fe78/ptf_1.2.1_f651329f/obj/release/command_symbols.o /home/runner/work/alire-crates-ci/alire-crates-ci/test/2b634dd8-f682-4b4f-beeb-7ec13e02fe78/ptf_1.2.1_f651329f/obj/release/console.o /home/runner/work/alire-crates-ci/alire-crates-ci/test/2b634dd8-f682-4b4f-beeb-7ec13e02fe78/ptf_1.2.1_f651329f/obj/release/input_file.o /home/runner/work/alire-crates-ci/alire-crates-ci/test/2b634dd8-f682-4b4f-beeb-7ec13e02fe78/ptf_1.2.1_f651329f/obj/release/output_file.o /home/runner/work/alire-crates-ci/alire-crates-ci/test/2b634dd8-f682-4b4f-beeb-7ec13e02fe78/ptf_1.2.1_f651329f/obj/release/variable.o /home/runner/work/alire-crates-ci/alire-crates-ci/test/2b634dd8-f682-4b4f-beeb-7ec13e02fe78/ptf_1.2.1_f651329f/obj/release/error_log.o -L/home/runner/work/alire-crates-ci/alire-crates-ci/test/2b634dd8-f682-4b4f-beeb-7ec13e02fe78/ptf_1.2.1_f651329f/obj/release/ -L/home/runner/work/alire-crates-ci/alire-crates-ci/test/2b634dd8-f682-4b4f-beeb-7ec13e02fe78/ptf_1.2.1_f651329f/obj/release/ -L/home/runner/.local/share/alire/toolchains/gnat_native_11.2.4_2f37a10b/lib/gcc/x86_64-pc-linux-gnu/11.2.0/adalib/ -static-libgcc /home/runner/.local/share/alire/toolchains/gnat_native_11.2.4_2f37a10b/lib/gcc/x86_64-pc-linux-gnu/11.2.0/adalib/libgnat.a -ldl -Wl,-rpath-link,/home/runner/.local/share/alire/toolchains/gnat_native_11.2.4_2f37a10b/lib/gcc/x86_64-pc-linux-gnu/11.2.0//adalib -Wl,-z,origin,-rpath,$ORIGIN/..//obj/release:$ORIGIN/../../../../../../..//.local/share/alire/toolchains/gnat_native_11.2.4_2f37a10b/lib/gcc/x86_64-pc-linux-gnu/11.2.0/adalib -o /home/runner/work/alire-crates-ci/alire-crates-ci/test/2b634dd8-f682-4b4f-beeb-7ec13e02fe78/ptf_1.2.1_f651329f/bin//ptfidx 
   link of ptf.adb failed
   failed command was: /home/runner/.local/share/alire/toolchains/gnat_native_11.2.4_2f37a10b/bin/gcc ptf.o b__ptf.o /home/runner/work/alire-crates-ci/alire-crates-ci/test/2b634dd8-f682-4b4f-beeb-7ec13e02fe78/ptf_1.2.1_f651329f/obj/release/command_line_processor.o /home/runner/work/alire-crates-ci/alire-crates-ci/test/2b634dd8-f682-4b4f-beeb-7ec13e02fe78/ptf_1.2.1_f651329f/obj/release/command_symbols.o /home/runner/work/alire-crates-ci/alire-crates-ci/test/2b634dd8-f682-4b4f-beeb-7ec13e02fe78/ptf_1.2.1_f651329f/obj/release/console.o /home/runner/work/alire-crates-ci/alire-crates-ci/test/2b634dd8-f682-4b4f-beeb-7ec13e02fe78/ptf_1.2.1_f651329f/obj/release/input_file.o /home/runner/work/alire-crates-ci/alire-crates-ci/test/2b634dd8-f682-4b4f-beeb-7ec13e02fe78/ptf_1.2.1_f651329f/obj/release/output_file.o /home/runner/work/alire-crates-ci/alire-crates-ci/test/2b634dd8-f682-4b4f-beeb-7ec13e02fe78/ptf_1.2.1_f651329f/obj/release/variable.o /home/runner/work/alire-crates-ci/alire-crates-ci/test/2b634dd8-f682-4b4f-beeb-7ec13e02fe78/ptf_1.2.1_f651329f/obj/release/error_log.o /home/runner/work/alire-crates-ci/alire-crates-ci/test/2b634dd8-f682-4b4f-beeb-7ec13e02fe78/ptf_1.2.1_f651329f/obj/release/formatted_output_file.o /home/runner/work/alire-crates-ci/alire-crates-ci/test/2b634dd8-f682-4b4f-beeb-7ec13e02fe78/ptf_1.2.1_f651329f/obj/release/contents.o /home/runner/work/alire-crates-ci/alire-crates-ci/test/2b634dd8-f682-4b4f-beeb-7ec13e02fe78/ptf_1.2.1_f651329f/obj/release/environment.o /home/runner/work/alire-crates-ci/alire-crates-ci/test/2b634dd8-f682-4b4f-beeb-7ec13e02fe78/ptf_1.2.1_f651329f/obj/release/index.o /home/runner/work/alire-crates-ci/alire-crates-ci/test/2b634dd8-f682-4b4f-beeb-7ec13e02fe78/ptf_1.2.1_f651329f/obj/release/macro.o /home/runner/work/alire-crates-ci/alire-crates-ci/test/2b634dd8-f682-4b4f-beeb-7ec13e02fe78/ptf_1.2.1_f651329f/obj/release/parse.o /home/runner/work/alire-crates-ci/alire-crates-ci/test/2b634dd8-f682-4b4f-beeb-7ec13e02fe78/ptf_1.2.1_f651329f/obj/release/word_processor.o /home/runner/work/alire-crates-ci/alire-crates-ci/test/2b634dd8-f682-4b4f-beeb-7ec13e02fe78/ptf_1.2.1_f651329f/obj/release/command.o -L/home/runner/work/alire-crates-ci/alire-crates-ci/test/2b634dd8-f682-4b4f-beeb-7ec13e02fe78/ptf_1.2.1_f651329f/obj/release/ -L/home/runner/work/alire-crates-ci/alire-crates-ci/test/2b634dd8-f682-4b4f-beeb-7ec13e02fe78/ptf_1.2.1_f651329f/obj/release/ -L/home/runner/.local/share/alire/toolchains/gnat_native_11.2.4_2f37a10b/lib/gcc/x86_64-pc-linux-gnu/11.2.0/adalib/ -static-libgcc /home/runner/.local/share/alire/toolchains/gnat_native_11.2.4_2f37a10b/lib/gcc/x86_64-pc-linux-gnu/11.2.0/adalib/libgnat.a -ldl -Wl,-rpath-link,/home/runner/.local/share/alire/toolchains/gnat_native_11.2.4_2f37a10b/lib/gcc/x86_64-pc-linux-gnu/11.2.0//adalib -Wl,-z,origin,-rpath,$ORIGIN/..//obj/release:$ORIGIN/../../../../../../..//.local/share/alire/toolchains/gnat_native_11.2.4_2f37a10b/lib/gcc/x86_64-pc-linux-gnu/11.2.0/adalib -o /home/runner/work/alire-crates-ci/alire-crates-ci/test/2b634dd8-f682-4b4f-beeb-7ec13e02fe78/ptf_1.2.1_f651329f/bin//ptf 
gprbuild: *** link phase failed
stderr: Command ["gprbuild", "-s", "-j0", "-p", "-P", "/home/runner/work/alire-crates-ci/alire-crates-ci/test/2b634dd8-f682-4b4f-beeb-7ec13e02fe78/ptf_1.2.1_f651329f/ptf.gpr", "-cargs:Ada", "-gnatwn"] exited with code 4
ERROR: Command ["gprbuild", "-s", "-j0", "-p", "-P", "/home/runner/work/alire-crates-ci/alire-crates-ci/test/2b634dd8-f682-4b4f-beeb-7ec13e02fe78/ptf_1.2.1_f651329f/ptf.gpr", "-cargs:Ada", "-gnatwn"] exited with code 4
stderr: ALIRE.CHECKED_ERROR
stderr: Command ["gprbuild", "-s", "-j0", "-p", "-P", "/home/runner/work/alire-crates-ci/alire-crates-ci/test/2b634dd8-f682-4b4f-beeb-7ec13e02fe78/ptf_1.2.1_f651329f/ptf.gpr", "-cargs:Ada", "-gnatwn"] exited with code 4
stderr: raised ALIRE.CHECKED_ERROR : alire-stored-error:1
[/home/runner/work/alire-crates-ci/alire-crates-ci/alire_install/bin/alr]
0xe75bc6 Alire.Raise_Checked_Error at alire.adb:284
0xac1a54 Alire.Os_Lib.Subprocess.Checked_Spawn at alire-os_lib-subprocess.adb:111
0xd40276 Alire.Spawn.Command at alire-spawn.adb:22
0xd412ee Alire.Spawn.Gprbuild at alire-spawn.adb:68
0xc748cb Alire.Roots.Build at alire-roots.adb:189
0xc7301a Alire.Roots.Build at alire-roots.adb:255
0xc9832b Alire.Roots.Traverse at alire-roots.adb:2143
0xcfee85 Alire.Solutions.Traverse.Visit at alire-solutions.adb:1472
0xcfdfcc Alire.Solutions.Traverse at alire-solutions.adb:1555
0xc9841e Alire.Roots.Traverse at alire-roots.adb:2147
0xc984dd Alire.Roots.Traverse at alire-roots.adb:2127
0xc7359b Alire.Roots.Build at alire-roots.adb:286
0xc736d7 Alire.Roots.Build at alire-roots.adb:114
0x49aa0d Alr.Commands.Build.Execute at alr-commands-build.adb:145
0x49a36d Alr.Commands.Build.Execute at alr-commands-build.adb:113
0x49a51f Alr.Commands.Build.Execute at alr-commands-build.adb:54
0x53bbcc Alr.Commands.Sub_Cmd.Execute at clic-subcommand-instance.adb:749
0x5472be Alr.Commands.Execute at alr-commands.adb:632
0x43d48a Alr.Main at alr-main.adb:13
0x4403a3 Main at b__alr-main.adb:2445
[/lib/x86_64-linux-gnu/libc.so.6]
0x7fcf0d62a1c8
0x7fcf0d62a289
[/home/runner/work/alire-crates-ci/alire-crates-ci/alire_install/bin/alr]
0x43d323 _start at ???
0xfffffffffffffffe

stderr: ALIRE.ROOTS.BUILD._WRAPPED_STATEMENTS.BUILD_FAILED
stderr: alire-roots.adb:202
stderr: raised ALIRE.ROOTS.BUILD._WRAPPED_STATEMENTS.BUILD_FAILED : alire-roots.adb:202
[/home/runner/work/alire-crates-ci/alire-crates-ci/alire_install/bin/alr]
0xc74cc7 Alire.Roots.Build at alire-roots.adb:202
0xc7301a Alire.Roots.Build at alire-roots.adb:255
0xc9832b Alire.Roots.Traverse at alire-roots.adb:2143
0xcfee85 Alire.Solutions.Traverse.Visit at alire-solutions.adb:1472
0xcfdfcc Alire.Solutions.Traverse at alire-solutions.adb:1555
0xc9841e Alire.Roots.Traverse at alire-roots.adb:2147
0xc984dd Alire.Roots.Traverse at alire-roots.adb:2127
0xc7359b Alire.Roots.Build at alire-roots.adb:286
0xc736d7 Alire.Roots.Build at alire-roots.adb:114
0x49aa0d Alr.Commands.Build.Execute at alr-commands-build.adb:145
0x49a36d Alr.Commands.Build.Execute at alr-commands-build.adb:113
0x49a51f Alr.Commands.Build.Execute at alr-commands-build.adb:54
0x53bbcc Alr.Commands.Sub_Cmd.Execute at clic-subcommand-instance.adb:749
0x5472be Alr.Commands.Execute at alr-commands.adb:632
0x43d48a Alr.Main at alr-main.adb:13
0x4403a3 Main at b__alr-main.adb:2445
[/lib/x86_64-linux-gnu/libc.so.6]
0x7fcf0d62a1c8
0x7fcf0d62a289
[/home/runner/work/alire-crates-ci/alire-crates-ci/alire_install/bin/alr]
0x43d323 _start at ???
0xfffffffffffffffe

ERROR: Compilation failed.
