Test ran at 2026-09-24 12:59:15.375924+00:00

SOLUTION:
cards=1.0.0: 52-card deck playing card library
Origin: commit 505f325f14618963a50353cb576695897929e1a8 from https://github.com/AJ-Ianozi/Cards.git
Properties:
   Author: AJ Ianozi
   Description: 52-card deck playing card library
   License: MIT
   Maintainer: AJ Ianozi <aj@ianozi.com>
   Maintainers_Logins: aj-ianozi
   Name: cards
   Tag: playing-cards
   Tag: deck
   Tag: game
   Version: 1.0.0
   Website: https://github.com/AJ-Ianozi/Cards


LOG:
[alr test] Testing cards=1.0.0
[alr test] Spawning retrieval for remote crate: alr -d -n get cards=1.0.0
Note: Deploying cards=1.0.0...

cards=1.0.0 successfully retrieved.
There are no dependencies.
[alr test] Spawning default test for remote crate: alr -d -n build --release -- -cargs:Ada -gnatwn
Note: Building cards=1.0.0/cards.gpr...
"obj\release" created
"lib" created
[Ada Compile]     cards.adb
[Ada Compile]     cards_config.ads
cards.adb:100:57: illegal character, replaced by "("
cards.adb:177:20: target name is an Ada 2020 feature
cards.adb:177:20: unit must be compiled with -gnat2020 switch
cards.adb:217:21: iterator filter is an Ada 2020 feature
cards.adb:217:21: unit must be compiled with -gnat2020 switch
cards.adb:218:20: target name is an Ada 2020 feature
cards.adb:218:20: unit must be compiled with -gnat2020 switch
cards.gpr: error: [Ada Compile] cards.adb (cards.gpr) failed with status 1
stderr: Command ["gprbuild", "-s", "-j0", "-p", "-P", "D:\a\alire-crates-ci\alire-crates-ci\test\efe179fd-6bbe-4a25-97ba-bf939a516562\cards_1.0.0_505f325f\cards.gpr", "-cargs:Ada", "-gnatwn"] exited with code 4
ERROR: Command ["gprbuild", "-s", "-j0", "-p", "-P", "D:\a\alire-crates-ci\alire-crates-ci\test\efe179fd-6bbe-4a25-97ba-bf939a516562\cards_1.0.0_505f325f\cards.gpr", "-cargs:Ada", "-gnatwn"] exited with code 4
stderr: ALIRE.CHECKED_ERROR
stderr: Command ["gprbuild", "-s", "-j0", "-p", "-P", "D:\a\alire-crates-ci\alire-crates-ci\test\efe179fd-6bbe-4a25-97ba-bf939a516562\cards_1.0.0_505f325f\cards.gpr", "-cargs:Ada", "-gnatwn"] exited with code 4
stderr: raised ALIRE.CHECKED_ERROR : alire-stored-error:1
[D:\a\alire-crates-ci\alire-crates-ci\alire_install\bin\alr.exe]
0x7ff69737da2a Semantic_Versioning.Basic.Restrictions.First_Index at alire.adb:284
0x7ff696f7595b Semantic_Versioning.Basic.Restrictions.First_Index at alire-os_lib-subprocess.adb:111
0x7ff69722cba1 Semantic_Versioning.Basic.Restrictions.First_Index at alire-spawn.adb:22
0x7ff69722dd5d Semantic_Versioning.Basic.Restrictions.First_Index at alire-spawn.adb:68
0x7ff697152d64 Semantic_Versioning.Basic.Restrictions.First_Index at alire-roots.adb:189
0x7ff6971511da Semantic_Versioning.Basic.Restrictions.First_Index at alire-roots.adb:255
0x7ff69717912d Semantic_Versioning.Basic.Restrictions.First_Index at alire-roots.adb:2143
0x7ff6971e82f9 Semantic_Versioning.Basic.Restrictions.First_Index at alire-solutions.adb:1472
0x7ff6971e7424 Semantic_Versioning.Basic.Restrictions.First_Index at alire-solutions.adb:1555
0x7ff69717922c Semantic_Versioning.Basic.Restrictions.First_Index at alire-roots.adb:2147
0x7ff6971792fa Semantic_Versioning.Basic.Restrictions.First_Index at alire-roots.adb:2127
0x7ff6971517a7 Semantic_Versioning.Basic.Restrictions.First_Index at alire-roots.adb:286
0x7ff697151912 Semantic_Versioning.Basic.Restrictions.First_Index at alire-roots.adb:114
0x7ff6968c3baa Semantic_Versioning.Basic.Restrictions.First_Index at alr-commands-build.adb:145
0x7ff6968c341e Semantic_Versioning.Basic.Restrictions.First_Index at alr-commands-build.adb:113
0x7ff6968c35ba Semantic_Versioning.Basic.Restrictions.First_Index at alr-commands-build.adb:54
0x7ff696975dea Semantic_Versioning.Basic.Restrictions.First_Index at clic-subcommand-instance.adb:749
0x7ff696982b0e Semantic_Versioning.Basic.Restrictions.First_Index at alr-commands.adb:632
0x7ff6968516a0 Alr.Main at alr-main.adb:13
0x7ff696855270 Main at b__alr-main.adb:2454
0x7ff69685133e __tmainCRTStartup at ???
0x7ff696851144 mainCRTStartup at ???
[C:\Windows\System32\KERNEL32.DLL]
0x7fff14e8e985
[C:\Windows\SYSTEM32\ntdll.dll]
0x7fff16bcc53a

stderr: ALIRE.ROOTS.BUILD._WRAPPED_STATEMENTS.BUILD_FAILED
stderr: alire-roots.adb:202
stderr: raised ALIRE.ROOTS.BUILD._WRAPPED_STATEMENTS.BUILD_FAILED : alire-roots.adb:202
[D:\a\alire-crates-ci\alire-crates-ci\alire_install\bin\alr.exe]
0x7ff69715313c Semantic_Versioning.Basic.Restrictions.First_Index at alire-roots.adb:202
0x7ff6971511da Semantic_Versioning.Basic.Restrictions.First_Index at alire-roots.adb:255
0x7ff69717912d Semantic_Versioning.Basic.Restrictions.First_Index at alire-roots.adb:2143
0x7ff6971e82f9 Semantic_Versioning.Basic.Restrictions.First_Index at alire-solutions.adb:1472
0x7ff6971e7424 Semantic_Versioning.Basic.Restrictions.First_Index at alire-solutions.adb:1555
0x7ff69717922c Semantic_Versioning.Basic.Restrictions.First_Index at alire-roots.adb:2147
0x7ff6971792fa Semantic_Versioning.Basic.Restrictions.First_Index at alire-roots.adb:2127
0x7ff6971517a7 Semantic_Versioning.Basic.Restrictions.First_Index at alire-roots.adb:286
0x7ff697151912 Semantic_Versioning.Basic.Restrictions.First_Index at alire-roots.adb:114
0x7ff6968c3baa Semantic_Versioning.Basic.Restrictions.First_Index at alr-commands-build.adb:145
0x7ff6968c341e Semantic_Versioning.Basic.Restrictions.First_Index at alr-commands-build.adb:113
0x7ff6968c35ba Semantic_Versioning.Basic.Restrictions.First_Index at alr-commands-build.adb:54
0x7ff696975dea Semantic_Versioning.Basic.Restrictions.First_Index at clic-subcommand-instance.adb:749
0x7ff696982b0e Semantic_Versioning.Basic.Restrictions.First_Index at alr-commands.adb:632
0x7ff6968516a0 Alr.Main at alr-main.adb:13
0x7ff696855270 Main at b__alr-main.adb:2454
0x7ff69685133e __tmainCRTStartup at ???
0x7ff696851144 mainCRTStartup at ???
[C:\Windows\System32\KERNEL32.DLL]
0x7fff14e8e985
[C:\Windows\SYSTEM32\ntdll.dll]
0x7fff16bcc53a

ERROR: Compilation failed.
