Test ran at 2025-04-19 01:26:02.086556+00:00

SOLUTION:
elevator=1.0.0: A Simple Elevator System
Origin: commit b439645aabfe091eef46b3a3174e47ffa86e3930 from https://github.com/ada-Soton/elevator.git
Properties:
   Author: Thai Son Hoang
   Description: A Simple Elevator System
   Executable: main
   License: CC-BY-SA-4.0
   Maintainer: Thai Son Hoang <T.S.Hoang@soton.ac.uk>
   Maintainers_Logins: tshoang
   Name: elevator
   Tag: elevator
   Tag: teaching
   Version: 1.0.0
   Website: https://github.com/ada-Soton/elevator
Dependencies (direct):
   gnatprove^12.1.1
Dependencies (solution):
   gnatprove=12.1.1
Dependencies (graph):
   elevator=1.0.0 --> gnatprove=12.1.1 (^12.1.1)


LOG:
Spawning: alr -d -n get --build elevator=1.0.0
Note: Deploying elevator=1.0.0...
Note: Deploying gnatprove=12.1.1...
#=#=#                                                                         
##O#-#                                                                        
##O=#  #                                                                      

                                                                           0.0%
##                                                                         3.2%
#####                                                                      7.6%
#########                                                                 12.8%
###########                                                               15.9%
############                                                              17.2%
##############                                                            19.6%
################                                                          23.1%
#################                                                         24.8%
###################                                                       26.4%
######################                                                    31.4%
#########################                                                 35.4%
############################                                              39.6%
#############################                                             41.2%
################################                                          45.0%
##################################                                        47.3%
##################################                                        48.6%
#######################################                                   54.3%
#########################################                                 57.8%
#############################################                             63.4%
################################################                          67.5%
####################################################                      73.0%
#######################################################                   77.1%
###########################################################               82.9%
#############################################################             85.2%
################################################################          90.0%
##################################################################        92.2%
####################################################################      95.1%
#######################################################################   99.6%
######################################################################## 100.0%
Note: Building elevator=1.0.0/elevator.gpr...
Setup
   [mkdir]        object directory for project Elevator
   [mkdir]        exec directory for project Elevator
Compile
   [Ada]          main.adb
   [Ada]          cabin_package.adb
   [Ada]          controller_package.adb
   [Ada]          elevator.adb
   [Ada]          user_package.adb
   [Ada]          floor_package.ads
   [Ada]          motor_package.ads
   [Ada]          button_package.ads
   [Ada]          direction_package.ads
   [Ada]          door_package.ads
Bind
   [gprbind]      main.bexch
   [Ada]          main.ali
Link
   [link]         main.adb

elevator=1.0.0 successfully retrieved and built.
Dependencies were solved as follows:

   +b gnatprove 12.1.1 (new,binary)
Found declared GPR file: elevator.gpr
