Test ran at 2026-05-02 13:13:33.044661+00:00

SOLUTION:
libkeccak=3.0.0: SHA-3 and related algorithms
Origin: commit f33be1c8120196d90f600b14d669b11d16149bf9 from https://github.com/damaki/libkeccak.git
Properties:
   Author: Daniel King
   Description: SHA-3 and related algorithms
   GPR Scenario: LIBKECCAK_ARCH := generic | x86_64
   GPR Scenario: LIBKECCAK_BUILD_MODE := debug | optimize
   GPR Scenario: LIBKECCAK_COMPILE_CHECKS := enabled | disabled
   GPR Scenario: LIBKECCAK_CONTRACTS := enabled | disabled
   GPR Scenario: LIBKECCAK_LIBRARY_TYPE := relocatable | static | static-pic
   GPR Scenario: LIBKECCAK_RUNTIME_CHECKS := enabled | disabled
   GPR Scenario: LIBKECCAK_SIMD := none | SSE2 | AVX2
   GPR Scenario: LIBKECCAK_STYLE_CHECKS := enabled | disabled
   License: BSD-3-Clause
   Maintainer: Daniel King <damaki.gh@gmail.com>
   Maintainers_Logins: damaki
   Name: libkeccak
   Tag: spark
   Tag: cryptography
   Tag: security
   Tag: hash
   Tag: sha3
   Tag: keccak
   Tag: gimli
   Tag: ascon
   Tag: shake
   Tag: cshake
   Tag: kmac
   Tag: tuplehash
   Tag: parallelhash
   Tag: kangarootwelve
   Version: 3.0.0
   Website: https://github.com/damaki/libkeccak
Dependencies (direct):
   gnat>=11.0.0
Dependencies (solution):
   gnat=14.2.1 (gnat_external)
Dependencies (graph):
   libkeccak=3.0.0 --> gnat=14.2.1 (gnat_external) (>=11.0.0)


LOG:
[alr test] Testing libkeccak=3.0.0
[alr test] Spawning retrieval for remote crate: alr -d -n get libkeccak=3.0.0
Note: Deploying libkeccak=3.0.0...

libkeccak=3.0.0 successfully retrieved.
Dependencies were solved as follows:

   +b gnat 14.2.1 (new,gnat_external,executable in path)
[alr test] Spawning default test for remote crate: alr -d -n build --release -- -cargs:Ada -gnatwn
Note: Alire has selected automatically this toolchain:
   gprbuild=25.0.1
   gnat_native=15.2.1
You can select a different toolchain at any time with `alr toolchain --select`
Download will start now:
Note: Deploying gprbuild=25.0.1...
#=#=#                                                                          
##O#-#                                                                         

                                                                           0.2%
#                                                                          2.4%
#############                                                             18.7%
################################                                          45.6%
#######################################################                   76.9%
######################################################################## 100.0%
Note: gprbuild=25.0.1 installed successfully.
Note: Deploying gnat_native=15.2.1...
#=#=#                                                                          
##O#-#                                                                         

                                                                           0.0%
                                                                           0.3%
#                                                                          2.5%
#####                                                                      8.3%
#########                                                                 13.7%
#############                                                             19.2%
#################                                                         24.7%
#####################                                                     30.1%
#######################                                                   33.1%
###########################                                               38.7%
#############################                                             41.2%
#################################                                         46.7%
#####################################                                     52.4%
#########################################                                 57.7%
#############################################                             63.2%
#################################################                         68.7%
#####################################################                     73.9%
#######################################################                   76.9%
###########################################################               82.4%
###############################################################           88.1%
###################################################################       93.1%
#####################################################################     96.4%
######################################################################## 100.0%
Note: gnat_native=15.2.1 installed successfully.
Note: Building libkeccak=3.0.0/libkeccak.gpr...
Setup
   [mkdir]        object directory for project Libkeccak
   [mkdir]        library directory for project Libkeccak
Compile
   [Ada]          keccak-parallel_keccak_1600.ads
   [Ada]          keccak-parallel_keccak_1600-rounds_24.ads
   [Ada]          keccak-parallel_keccak_1600-rounds_14.ads
   [Ada]          keccak-parallel_keccak_1600-rounds_12.ads
   [Ada]          keccak-keccak_400-rounds_12.ads
   [Ada]          keccak-keccak_200-rounds_18.ads
   [Ada]          kmac.ads
   [Ada]          keccak-generic_xof.adb
   [Ada]          gimli-sponge.ads
   [Ada]          keccak-generic_keccakf-bit_lanes.adb
   [Ada]          keccak-keccak_800-rounds_12.ads
   [Ada]          gimli.adb
   [Ada]          keccak-generic_kmac.adb
   [Ada]          keccak-keccak_800.ads
   [Ada]          keccak-generic_keccakf-byte_lanes-twisted.adb
   [Ada]          keccak-generic_keccakf-lane_complementing_permutation.adb
   [Ada]          rawshake.ads
   [Ada]          ascon-hash.ads
   [Ada]          keccak-keccak_100-rounds_12.ads
   [Ada]          keccak-keccak_400-rounds_20.ads
   [Ada]          kangarootwelve.ads
   [Ada]          keccak-generic_monkeywrap.adb
   [Ada]          keccak-keccak_200.ads
   [Ada]          keccak-generic_parallel_sponge.adb
   [Ada]          keccak-generic_hash.adb
   [Ada]          keccak-generic_parallel_xof.adb
   [Ada]          ketje.ads
   [Ada]          keccak-keccak_1600-rounds_14.ads
   [Ada]          keccak-keccak_400.ads
   [Ada]          keccak-generic_keccakf.adb
   [Ada]          keccak-generic_keccakf-byte_lanes.adb
   [Ada]          cshake.ads
   [Ada]          keccak-keccak_1600.ads
   [Ada]          keccak-types.ads
   [Ada]          keccak.ads
   [Ada]          keccak-keccak_800-rounds_22.ads
   [Ada]          keccak-keccak_50-rounds_14.ads
   [Ada]          keccak-padding.adb
   [Ada]          keccak-arch.ads
   [Ada]          keccak-keccak_25.ads
   [Ada]          keccak-generic_parallel_hash.adb
   [Ada]          ascon.adb
   [Ada]          shake.ads
   [Ada]          keccak-generic_tuple_hash.adb
   [Ada]          keccak-generic_parallel_keccakf.adb
   [Ada]          keccak-generic_cshake.adb
   [Ada]          keccak-keccak_100.ads
   [Ada]          keccak-generic_keccakf-optimized_permutation.adb
   [Ada]          tuple_hash.ads
   [Ada]          keccak-generic_parallel_permutation_serial_fallback.adb
   [Ada]          keccak-keccak_50-rounds_12.ads
   [Ada]          sha3.ads
   [Ada]          keccak-keccak_100-rounds_16.ads
   [Ada]          keccak-util.adb
   [Ada]          keccak-keccak_200-rounds_12.ads
   [Ada]          keccak-keccak_1600-rounds_24.ads
   [Ada]          ascon-permutations.ads
   [Ada]          keccak-generic_kangarootwelve.adb
   [Ada]          keccak-generic_keccakf-reference_permutation.adb
   [Ada]          marsupilamifourteen.ads
   [Ada]          gimli-hash.ads
   [Ada]          keccak-generic_monkeyduplex.adb
   [Ada]          keccak-keccak_25-rounds_12.ads
   [Ada]          ascon-xof.ads
   [Ada]          keccak-generic_duplex.adb
   [Ada]          keccak-keccak_1600-rounds_12.ads
   [Ada]          parallel_hash.ads
   [Ada]          keccak-keccak_50.ads
   [Ada]          ascon-sponge.ads
   [Ada]          keccak-generic_parallel_cshake.adb
   [Ada]          keccak-generic_parallel_permutation_parallel_fallback.adb
   [Ada]          keccak-generic_sponge.adb
Build Libraries
   [gprlib]       keccak.lexch
   [archive]      libkeccak.a
   [index]        libkeccak.a
Success: Build finished successfully in 4.51 seconds.
Found declared GPR file: libkeccak.gpr
[alr test] Test completed SUCCESSFULLY
