Test ran at 2026-01-01 13:12:34.465734+00:00

SOLUTION:
langkit_support=25.0.0: Runtime support library for Langkit-generated libraries
Origin: source archive langkit-25.0.0.zip at https://github.com/adacore/langkit/archive/v25.0.0/langkit-25.0.0.zip with hash sha512:7c5f49810ebc141a0c95fead0f57bf2906194598f3ba12ed1239b3f8812ffa967add7359d8d6b9f0f1bcbb01b069a89438b59380dcc3a4b9ee1b49a31bf8f5bd
Properties:
   Author: AdaCore
   Description: Runtime support library for Langkit-generated libraries
   License: Apache-2.0 WITH LLVM-exception
   Maintainer: Pierre-Marie de Rodat <pmderodat@kawie.fr>
   Maintainer: chouteau@adacore.com
   Maintainers_Logins: pmderodat
   Maintainers_Logins: Fabien-Chouteau
   Name: langkit_support
   Project_File: langkit/support/langkit_support.gpr
   Version: 25.0.0
   Website: https://github.com/AdaCore/langkit
Dependencies (direct):
   adasat^25
   gnatcoll^25
   gnatcoll_gmp^25
   gnatcoll_iconv^25
   prettier_ada^25
Dependencies (solution):
   adasat=25.0.0
   gnat=15.2.1 (gnat_native)
   gnatcoll=25.0.0
   gnatcoll_gmp=25.0.0
   gnatcoll_iconv=25.0.0
   libgpr=25.0.0
   prettier_ada=25.0.0
   vss=25.0.0
   xmlada=25.0.0
Dependencies (missing):
   libgmp* (indirect,hinted)
Dependencies (graph):
   gnatcoll=25.0.0        --> gnat=15.2.1 (gnat_native) (>=13)
   gnatcoll=25.0.0        --> libgpr=25.0.0 (~25.0.0)
   gnatcoll_gmp=25.0.0    --> gnatcoll=25.0.0 (~25.0.0)
   gnatcoll_gmp=25.0.0    --> libgmp*
   gnatcoll_iconv=25.0.0  --> gnatcoll=25.0.0 (~25.0.0)
   langkit_support=25.0.0 --> adasat=25.0.0 (^25)
   langkit_support=25.0.0 --> gnatcoll=25.0.0 (^25)
   langkit_support=25.0.0 --> gnatcoll_gmp=25.0.0 (^25)
   langkit_support=25.0.0 --> gnatcoll_iconv=25.0.0 (^25)
   langkit_support=25.0.0 --> prettier_ada=25.0.0 (^25)
   libgpr=25.0.0          --> gnat=15.2.1 (gnat_native) (/=2020)
   libgpr=25.0.0          --> xmlada=25.0.0 (~25.0.0)
   prettier_ada=25.0.0    --> gnatcoll=25.0.0 (^25)
   prettier_ada=25.0.0    --> vss=25.0.0 (^25)
   vss=25.0.0             --> gnat=15.2.1 (gnat_native) (>=11 & <2000)
   xmlada=25.0.0          --> gnat=15.2.1 (gnat_native) (>=11)
Dependencies cannot be met


LOG:
