Test ran at 2025-10-14 12:42:45.288921+00:00

SOLUTION:
lace_gel_full_demo=0.1.0: A demo of most of GEL's features.
Origin: source archive lace_gel_full_demo-0.1.0.tgz at https://github.com/charlie5/lace-alire/releases/download/v0.1.0/lace_gel_full_demo-0.1.0.tgz with hashes sha256:4610c5882117d0c041c95801a3e62220a8ce7be58104ea87493dd7a73541adae, sha512:35462a04b3dea65f352f2459d556d04a918b899261e1c09cd5edea860ff6eafd006886627f61d7c1b1d124bd9ce56010f7d4ffeed2997557454648bcf1f3f8c0
Properties:
   Author: Rod Kay
   Description: A demo of most of GEL's features.
   Executable: launch_full_demo
   License: ISC
   Maintainer: Rod Kay <rodakay5@gmail.com>
   Maintainers_Logins: charlie5
   Name: lace_gel_full_demo
   Project_File: full_demo.gpr
   Version: 0.1.0
Dependencies (direct):
   lace_gel~0.1
Dependencies (solution):
   lace=0.1.0
   lace_box2d=0.1.0
   lace_bullet=0.1.0
   lace_collada=0.1.0
   lace_gel=0.1.0
   lace_opengl=0.1.0
   lace_physics=0.1.0
   libfreetype=2.13.3
   libmesa=25.1.3
   libsdl2=2.32.8
   libsdl2_image=2.8.8
   sdlada=2.5.4-1
Dependencies (missing):
   lace_c_math~0.1 (indirect,missed:skipped)
   lace_math~0.1 (indirect,missed:skipped)
   lace_shared~0.1 (indirect,missed:skipped)
   lace_xml~0.1 (indirect,missed:skipped)
   libbullet* (indirect,missed:skipped)
   libsdl2_ttf^2.0 (indirect,missed:skipped)
   make* (indirect,missed:skipped)
Dependencies (graph):
   lace=0.1.0               --> lace_shared~0.1
   lace_box2d=0.1.0         --> lace_c_math~0.1
   lace_bullet=0.1.0        --> lace_c_math~0.1
   lace_bullet=0.1.0        --> libbullet*
   lace_collada=0.1.0       --> lace_math~0.1
   lace_collada=0.1.0       --> lace_xml~0.1
   lace_gel=0.1.0           --> lace_opengl=0.1.0 (~0.1)
   lace_gel=0.1.0           --> lace_physics=0.1.0 (~0.1)
   lace_gel=0.1.0           --> sdlada=2.5.4-1 (2.5.4-1)
   lace_gel_full_demo=0.1.0 --> lace_gel=0.1.0 (~0.1)
   lace_opengl=0.1.0        --> lace_collada=0.1.0 (~0.1)
   lace_opengl=0.1.0        --> libfreetype=2.13.3 (^2)
   lace_opengl=0.1.0        --> libmesa=25.1.3 (*)
   lace_physics=0.1.0       --> lace=0.1.0 (~0.1)
   lace_physics=0.1.0       --> lace_box2d=0.1.0 (~0.1)
   lace_physics=0.1.0       --> lace_bullet=0.1.0 (~0.1)
   sdlada=2.5.4-1           --> libsdl2=2.32.8 (^2.0)
   sdlada=2.5.4-1           --> libsdl2_image=2.8.8 (^2.0)
   sdlada=2.5.4-1           --> libsdl2_ttf^2.0
   sdlada=2.5.4-1           --> make*
Dependencies cannot be met


LOG:
