Test ran at 2026-05-10 13:25:28.423899+00:00

SOLUTION:
uxstrings=0.9.0+alpha-20250903: Unicode Extended Strings utilities
Origin: commit 04400aa894d62a543065f0df841695fba52e201d from https://github.com/Blady-Com/UXStrings.git
Properties:
   Author: Pascal Pignard
   Description: Unicode Extended Strings utilities
   License: CECILL-C
   Maintainer: Pascal Pignard <blady.net@orange.fr>
   Maintainers_Logins: Blady-Com
   Name: uxstrings
   Project_File: lib_uxstrings.gpr
   Tag: unicode
   Tag: dynamic
   Tag: string
   Version: 0.9.0+alpha-20250903
   Website: https://github.com/Blady-Com/UXStrings
Dependencies (direct):
   gnat>=13
Dependencies (solution):
   gnat=15.2.1 (gnat_native)
Dependencies (graph):
   uxstrings=0.9.0+alpha-20250903 --> gnat=15.2.1 (gnat_native) (>=13)


LOG:
Failed to locate log
