Test ran at 2026-08-26 00:41:34.078618+00:00

SOLUTION:
zbmcompile=2.0.1: Message compiler for ZanyBlue Ada Localization
Origin: commit 1784241f610c62648fc8206a829ed1531599df44 from https://github.com/Blady-Com/zanyblue.git
Properties:
   Author: Michael Rohan
   Description: Message compiler for ZanyBlue Ada Localization
   Executable: zbmcompile
   License: custom-zanyblue
   Maintainer: Pascal Pignard <blady.net@orange.fr>
   Maintainers_Logins: Blady-Com
   Name: zbmcompile
   Tag: localization
   Tag: l10n
   Tag: international
   Tag: i18n
   Version: 2.0.1
   Website: https://sourceforge.net/projects/zanyblue
Dependencies (direct):
   uxstrings>=0.9.4
   zblib^2.0.1
Dependencies (solution):
   gnat=13.2.2 (gnat_native)
   libgnutls=3.8.3
   simple_components=4.81.0
   unixodbc=2.3.12
   uxstrings=0.9.4+alpha-20260718
   zblib=2.0.1
Dependencies (graph):
   simple_components=4.81.0       --> libgnutls=3.8.3 (^3.7)
   simple_components=4.81.0       --> unixodbc=2.3.12 (^2.3)
   uxstrings=0.9.4+alpha-20260718 --> gnat=13.2.2 (gnat_native) (>=13)
   uxstrings=0.9.4+alpha-20260718 --> simple_components=4.81.0 (^4.62)
   zblib=2.0.1                    --> uxstrings=0.9.4+alpha-20260718 (>=0.9.4)
   zbmcompile=2.0.1               --> uxstrings=0.9.4+alpha-20260718 (>=0.9.4)
   zbmcompile=2.0.1               --> zblib=2.0.1 (^2.0.1)


LOG:
Failed to locate log
