Test ran at 2025-07-16 12:29:57.919325+00:00

SOLUTION:
ada_caser=0.1.0: Applies casing rules to Ada source code.
Origin: commit ca30fd1328e91e9c07bbfa85265174c9ca9936ed from https://github.com/simonjwright/ada_caser.git
Properties:
   Author: Simon Wright
   Description: Applies casing rules to Ada source code.
   Executable: ada_caser
   License: Apache-2.0
   Maintainer: Simon Wright <simon@pushface.org>
   Maintainers_Logins: simonjwright
   Name: ada_caser
   Tag: ada
   Tag: source
   Tag: editor
   Tag: casing
   Version: 0.1.0
   Website: https://github.com/simonjwright/ada_caser
Dependencies (direct):
   case OS is
      when Macos => exsytrawo^1.2.0
   gnatcoll^25.0.0
   langkit_support^25.0.0
   libadalang^25.0.0
   vss^25.0.0
Dependencies (solution):
   adasat=25.0.0
   gnat=15.1.2 (gnat_native)
   gnatcoll=25.0.0
   gnatcoll_gmp=25.0.0
   gnatcoll_iconv=25.0.0
   langkit_support=25.0.0
   libadalang=25.0.0
   libgmp=6.3.0
   libgpr=25.0.0
   libgpr2=25.0.0
   libiconv=1.18.0
   prettier_ada=25.0.0
   vss=25.0.0
   xmlada=25.0.0
Dependencies (graph):
   ada_caser=0.1.0        --> gnatcoll=25.0.0 (^25.0.0)
   ada_caser=0.1.0        --> langkit_support=25.0.0 (^25.0.0)
   ada_caser=0.1.0        --> libadalang=25.0.0 (^25.0.0)
   ada_caser=0.1.0        --> vss=25.0.0 (^25.0.0)
   gnatcoll=25.0.0        --> gnat=15.1.2 (gnat_native) (>=13)
   gnatcoll=25.0.0        --> libgpr=25.0.0 (~25.0.0)
   gnatcoll_gmp=25.0.0    --> gnatcoll=25.0.0 (~25.0.0)
   gnatcoll_gmp=25.0.0    --> libgmp=6.3.0 (*)
   gnatcoll_iconv=25.0.0  --> gnatcoll=25.0.0 (~25.0.0)
   gnatcoll_iconv=25.0.0  --> libiconv=1.18.0 (*)
   langkit_support=25.0.0 --> adasat=25.0.0 (^25)
   langkit_support=25.0.0 --> gnatcoll=25.0.0 (^25)
   langkit_support=25.0.0 --> gnatcoll_gmp=25.0.0 (^25)
   langkit_support=25.0.0 --> gnatcoll_iconv=25.0.0 (^25)
   langkit_support=25.0.0 --> prettier_ada=25.0.0 (^25)
   libadalang=25.0.0      --> gnatcoll=25.0.0 (^25)
   libadalang=25.0.0      --> gnatcoll_gmp=25.0.0 (^25)
   libadalang=25.0.0      --> gnatcoll_iconv=25.0.0 (^25)
   libadalang=25.0.0      --> langkit_support=25.0.0 (^25)
   libadalang=25.0.0      --> libgpr2=25.0.0 (^25)
   libgpr=25.0.0          --> gnat=15.1.2 (gnat_native) (/=2020)
   libgpr=25.0.0          --> xmlada=25.0.0 (~25.0.0)
   libgpr2=25.0.0         --> gnat=15.1.2 (gnat_native) (>=14)
   libgpr2=25.0.0         --> gnatcoll=25.0.0 (~25.0.0)
   libgpr2=25.0.0         --> gnatcoll_gmp=25.0.0 (~25.0.0)
   libgpr2=25.0.0         --> gnatcoll_iconv=25.0.0 (~25.0.0)
   prettier_ada=25.0.0    --> gnatcoll=25.0.0 (^25)
   prettier_ada=25.0.0    --> vss=25.0.0 (^25)
   vss=25.0.0             --> gnat=15.1.2 (gnat_native) (>=11 & <2000)
   xmlada=25.0.0          --> gnat=15.1.2 (gnat_native) (>=11)


LOG:
[alr test] Testing ada_caser=0.1.0
[alr test] Spawning retrieval for remote crate: alr -d -n get ada_caser=0.1.0
Note: Deploying ada_caser=0.1.0...
Note: Deploying adasat=25.0.0...

#=#=#                                                                          
##O#-#                                                                         
Note: Deploying libgmp=6.3.0...
The system package 'mingw-w64-x86_64-gmp' is about to be installed.
This action might require admin privileges and impact your system installation.
Do you want Alire to install this system package?
Using default: Yes
resolving dependencies...
looking for conflicting packages...

Packages (1) mingw-w64-x86_64-gmp-6.3.0-2

Total Download Size:   0.56 MiB
Total Installed Size:  2.98 MiB

:: Proceed with installation? [Y/n] 
:: Retrieving packages...
 mingw-w64-x86_64-gmp-6.3.0-2-any downloading...
checking keyring...
checking package integrity...
loading package files...
checking for file conflicts...
checking available disk space...
:: Processing package changes...
installing mingw-w64-x86_64-gmp...
Note: Deploying libiconv=1.18.0...
The system package 'mingw-w64-x86_64-libiconv' is about to be installed.
This action might require admin privileges and impact your system installation.
Do you want Alire to install this system package?
Using default: Yes
resolving dependencies...
looking for conflicting packages...

Packages (1) mingw-w64-x86_64-libiconv-1.18-1

Total Download Size:   0.71 MiB
Total Installed Size:  2.42 MiB

:: Proceed with installation? [Y/n] 
:: Retrieving packages...
 mingw-w64-x86_64-libiconv-1.18-1-any downloading...
checking keyring...
checking package integrity...
loading package files...
checking for file conflicts...
checking available disk space...
:: Processing package changes...
installing mingw-w64-x86_64-libiconv...
Note: Deploying vss=25.0.0...

#=#=#                                                                          
##O#-#                                                                         
##=O#- #                                                                       
Note: Deploying xmlada=25.0.0...

#=#=#                                                                          
##O#-#                                                                         
##=O#- #                                                                       
Note: Deploying libgpr=25.0.0...

#=#=#                                                                          
##O#-#                                                                         
##=O#- #                                                                       
Note: Deploying gnatcoll=25.0.0...

#=#=#                                                                          
##O#-#                                                                         
##=O#- #                                                                       
# #=O#- #                                                                      
 # #=O#-  #                                                                    
  # #=O=#   #                                                                  
Note: Deploying gnatcoll_gmp=25.0.0...

#=#=#                                                                          
##O#-#                                                                         
Note: Deploying gnatcoll_iconv=25.0.0...

#=#=#                                                                          
##O#-#                                                                         
Note: Deploying prettier_ada=25.0.0...

#=#=#                                                                          
##O#-#                                                                         
Note: Deploying langkit_support=25.0.0...

#=#=#                                                                          
##O#-#                                                                         
##=O#- #                                                                       
# #=O#- #                                                                      
Note: Deploying libgpr2=25.0.0...

#=#=#                                                                          
######################################################################## 100.0%
Note: Deploying libadalang=25.0.0...

#=#=#                                                                          
#########################                                                 36.0%
######################################################################## 100.0%

ada_caser=0.1.0 successfully retrieved.
Dependencies were solved as follows:

   +  adasat          25.0.0 (new,indirect)
   +b gnat            15.1.2 (new,gnat_native,indirect,binary)
   +  gnatcoll        25.0.0 (new)
   +  gnatcoll_gmp    25.0.0 (new,indirect)
   +  gnatcoll_iconv  25.0.0 (new,indirect)
   +  langkit_support 25.0.0 (new)
   +  libadalang      25.0.0 (new)
   +b libgmp          6.3.0  (new,indirect,system package)
   +  libgpr          25.0.0 (new,indirect)
   +  libgpr2         25.0.0 (new,indirect)
   +b libiconv        1.18.0 (new,indirect,system package)
   +  prettier_ada    25.0.0 (new,indirect)
   +  vss             25.0.0 (new)
   +  xmlada          25.0.0 (new,indirect)
[alr test] Spawning default test for remote crate: alr -d -n build --release -- -cargs:Ada -gnatwn
stderr: ADA.IO_EXCEPTIONS.NAME_ERROR
stderr: invalid target path name "C:\Users\runneradmin\AppData\Local\alire\cache\builds\langkit_support_25.0.0_7c5f4981\cb119af8cb4c77c6bcc9678fc2bd64aa2a1c4223b0f93a53e1cbd83e48c41956\testsuite\tests\lexical
stderr: raised ADA.IO_EXCEPTIONS.NAME_ERROR : invalid target path name "C:\Users\runneradmin\AppData\Local\alire\cache\builds\langkit_support_25.0.0_7c5f4981\cb119af8cb4c77c6bcc9678fc2bd64aa2a1c4223b0f93a53e1cbd83e48c41956\testsuite\tests\lexical
[D:\a\alire-crates-ci\alire-crates-ci\alire_install\bin\alr.exe]
0x7ff77ee36ac1 Semantic_Versioning.Basic.Restrictions.First_Index at a-direct.adb:301
0x7ff77efa8296 Semantic_Versioning.Basic.Restrictions.First_Index at den-filesystem.adb:81
0x7ff77efa6d68 Semantic_Versioning.Basic.Restrictions.First_Index at den-filesystem.adb:215
0x7ff77efa8390 Semantic_Versioning.Basic.Restrictions.First_Index at den-filesystem.adb:86
0x7ff77efa6d68 Semantic_Versioning.Basic.Restrictions.First_Index at den-filesystem.adb:215
0x7ff77efa7f48 Semantic_Versioning.Basic.Restrictions.First_Index at den-filesystem.adb:140
0x7ff77efa6b4d Semantic_Versioning.Basic.Restrictions.First_Index at den-filesystem.adb:217
0x7ff77efa7f26 Semantic_Versioning.Basic.Restrictions.First_Index at den-filesystem.adb:137
0x7ff77efa6b4d Semantic_Versioning.Basic.Restrictions.First_Index at den-filesystem.adb:217
0x7ff77efa7f26 Semantic_Versioning.Basic.Restrictions.First_Index at den-filesystem.adb:137
0x7ff77efa6b4d Semantic_Versioning.Basic.Restrictions.First_Index at den-filesystem.adb:217
0x7ff77efa7f26 Semantic_Versioning.Basic.Restrictions.First_Index at den-filesystem.adb:137
0x7ff77efa6b4d Semantic_Versioning.Basic.Restrictions.First_Index at den-filesystem.adb:217
0x7ff77efa7f26 Semantic_Versioning.Basic.Restrictions.First_Index at den-filesystem.adb:137
0x7ff77efa6b4d Semantic_Versioning.Basic.Restrictions.First_Index at den-filesystem.adb:217
0x7ff77efa7f26 Semantic_Versioning.Basic.Restrictions.First_Index at den-filesystem.adb:137
0x7ff77efa6b4d Semantic_Versioning.Basic.Restrictions.First_Index at den-filesystem.adb:217
0x7ff77efa7f26 Semantic_Versioning.Basic.Restrictions.First_Index at den-filesystem.adb:137
0x7ff77efa6b4d Semantic_Versioning.Basic.Restrictions.First_Index at den-filesystem.adb:217
0x7ff77e305fd8 Semantic_Versioning.Basic.Restrictions.First_Index at alire-builds.adb:61
0x7ff77ea9ee46 Semantic_Versioning.Basic.Restrictions.First_Index at alire-roots.adb:907
0x7ff77eab912d Semantic_Versioning.Basic.Restrictions.First_Index at alire-roots.adb:2143
0x7ff77eb282f9 Semantic_Versioning.Basic.Restrictions.First_Index at alire-solutions.adb:1472
0x7ff77eb270ef Semantic_Versioning.Basic.Restrictions.First_Index at alire-solutions.adb:1539
0x7ff77eab922c Semantic_Versioning.Basic.Restrictions.First_Index at alire-roots.adb:2147
0x7ff77eab92fa Semantic_Versioning.Basic.Restrictions.First_Index at alire-roots.adb:2127
0x7ff77ea9e3d4 Semantic_Versioning.Basic.Restrictions.First_Index at alire-roots.adb:919
0x7ff77ea903e8 Semantic_Versioning.Basic.Restrictions.First_Index at alire-roots.adb:90
0x7ff77ea90588 Semantic_Versioning.Basic.Restrictions.First_Index at alire-roots.adb:59
0x7ff77ea9173b Semantic_Versioning.Basic.Restrictions.First_Index at alire-roots.adb:278
0x7ff77ea91912 Semantic_Versioning.Basic.Restrictions.First_Index at alire-roots.adb:114
0x7ff77e203baa Semantic_Versioning.Basic.Restrictions.First_Index at alr-commands-build.adb:145
0x7ff77e20341e Semantic_Versioning.Basic.Restrictions.First_Index at alr-commands-build.adb:113
0x7ff77e2035ba Semantic_Versioning.Basic.Restrictions.First_Index at alr-commands-build.adb:54
0x7ff77e2b5dea Semantic_Versioning.Basic.Restrictions.First_Index at clic-subcommand-instance.adb:749
0x7ff77e2c2b0e Semantic_Versioning.Basic.Restrictions.First_Index at alr-commands.adb:632
0x7ff77e1916a0 Alr.Main at alr-main.adb:13
0x7ff77e195270 Main at b__alr-main.adb:2454
0x7ff77e19133e __tmainCRTStartup at ???
0x7ff77e191144 mainCRTStartup at ???
[C:\Windows\System32\KERNEL32.DLL]
0x7fffb89e4cae
[C:\Windows\SYSTEM32\ntdll.dll]
0x7fffb973edc9

stderr: Could not sync build dir from C:\Users\runneradmin\AppData\Local\alire\cache\releases\langkit_support_25.0.0_7c5f4981 to C:\Users\runneradmin\AppData\Local\alire\cache\builds\langkit_support_25.0.0_7c5f4981\cb119af8cb4c77c6bcc9678fc2bd64aa2a1c4223b0f93a53e1cbd83e48c41956
ERROR: Could not sync build dir from C:\Users\runneradmin\AppData\Local\alire\cache\releases\langkit_support_25.0.0_7c5f4981 to C:\Users\runneradmin\AppData\Local\alire\cache\builds\langkit_support_25.0.0_7c5f4981\cb119af8cb4c77c6bcc9678fc2bd64aa2a1c4223b0f93a53e1cbd83e48c41956
