Test ran at 2026-05-31 01:25:37.210664+00:00

SOLUTION:
gnatprove=15.1.0: Automatic formal verification of SPARK code
Origin: (case OS is Linux => (case Host_Arch is Aarch64 => binary archive gnatprove-aarch64-linux-15.1.0-1.tar.gz at https://github.com/alire-project/GNAT-FSF-builds/releases/download/gnatprove-15.1.0-1/gnatprove-aarch64-linux-15.1.0-1.tar.gz, X86_64 => binary archive gnatprove-x86_64-linux-15.1.0-1.tar.gz at https://github.com/alire-project/GNAT-FSF-builds/releases/download/gnatprove-15.1.0-1/gnatprove-x86_64-linux-15.1.0-1.tar.gz), Macos => (case Host_Arch is Aarch64 => binary archive gnatprove-aarch64-darwin-15.1.0-1.tar.gz at https://github.com/alire-project/GNAT-FSF-builds/releases/download/gnatprove-15.1.0-1/gnatprove-aarch64-darwin-15.1.0-1.tar.gz, X86_64 => binary archive gnatprove-x86_64-darwin-15.1.0-1.tar.gz at https://github.com/alire-project/GNAT-FSF-builds/releases/download/gnatprove-15.1.0-1/gnatprove-x86_64-darwin-15.1.0-1.tar.gz), Windows => (case Host_Arch is X86_64 => binary archive gnatprove-x86_64-windows64-15.1.0-1.tar.gz at https://github.com/alire-project/GNAT-FSF-builds/releases/download/gnatprove-15.1.0-1/gnatprove-x86_64-windows64-15.1.0-1.tar.gz)) with hash sha256:e4a7aacd1d06449da4f1558492c77b1746d0dcf74c0909b18ba46e7fbe95a73e
Properties:
   Author: AdaCore
   Auto_Gpr_With: auto-gpr-with=false
   Configuration: no modifiers
   Description: Automatic formal verification of SPARK code
   Environment: PATH=${CRATE_ROOT}/bin:${PATH}
   License: GPL-3.0-or-later
   Long_Description: GNATprove, which provides automatic formal verification of SPARK code, is based on the [open-source](https://github.com/AdaCore/spark2014) [SPARK Pro](https://www.adacore.com/sparkpro) by [AdaCore](https://www.adacore.com).
The [SPARK Pro User's Guide](https://docs.adacore.com/spark2014-docs/html/ug/index.html) provides extensive documentation on how to use GNATprove.
Note that because this version of GNATprove is built from an intermediate commit of SPARK Pro, it is not representative of any specific SPARK Pro release, and the SPARK Pro documentation may describe features or capabilities that are not yet available in this version of GNATprove.

To use GNATprove, simply add it to your Alire project using

    alr with gnatprove

Then, configure your environment by running:

    eval "$( alr printenv )"

You will then be able to run GNATprove:

    gnatprove

For more details on getting started using GNATprove, see [Getting Started with SPARK](https://docs.adacore.com/spark2014-docs/html/ug/en/getting_started.html) from the [SPARK Pro User's Guide](https://docs.adacore.com/spark2014-docs/html/ug/index.html).

To get started with the SPARK language, see the [Introduction to SPARK](https://learn.adacore.com/courses/intro-to-spark/index.html) course on [learn.adacore.com](https://learn.adacore.com/index.html).

   Maintainer: Fabien Chouteau <chouteau@adacore.com>
   Maintainer: César Sagaert <sagaert@adacore.com>
   Maintainers_Logins: Fabien-Chouteau
   Maintainers_Logins: AldanTanneo
   Name: gnatprove
   Version: 15.1.0
   Website: https://docs.adacore.com/spark2014-docs/html/ug/index.html


LOG:
[alr test] Testing gnatprove=15.1.0
[alr test] Spawning retrieval for remote crate: alr -d -n get gnatprove=15.1.0
Note: Deploying gnatprove=15.1.0...

#=#=#                                                                          
#                                                                          1.8%
##                                                                         3.6%
#####                                                                      7.0%
######                                                                     8.4%
#######                                                                   10.6%
##########                                                                14.2%
############                                                              17.7%
##############                                                            20.1%
################                                                          23.0%
###################                                                       26.6%
####################                                                      28.3%
######################                                                    31.9%
########################                                                  34.1%
##########################                                                37.2%
#############################                                             40.7%
###############################                                           44.2%
#################################                                         46.0%
###################################                                       49.5%
####################################                                      50.6%
#####################################                                     52.3%
#######################################                                   54.2%
########################################                                  56.0%
#########################################                                 57.9%
##########################################                                58.9%
############################################                              62.0%
##############################################                            64.2%
################################################                          67.4%
##################################################                        70.3%
###################################################                       72.2%
#####################################################                     74.3%
########################################################                  77.9%
#########################################################                 80.0%
###########################################################               83.2%
#############################################################             85.5%
###############################################################           88.5%
##################################################################        92.0%
###################################################################       93.5%
####################################################################      95.6%
######################################################################    97.3%
######################################################################## 100.0%

gnatprove=15.1.0 successfully retrieved.
There are no dependencies.
[alr test] Test completed SUCCESSFULLY
