Test ran at 2026-01-11 12:40:09.086222+00:00

SOLUTION:
gnatcoll_gmp=26.0.0: GNAT Components Collection - GNU Multiple Precision Arithmetic binding
Origin: source archive v26.0.0.zip at https://github.com/AdaCore/gnatcoll-bindings/archive/refs/tags/v26.0.0.zip with hash sha512:dacec6f3f87c5ba7b197db9d3df4f7547019583d0c440c9cd572a458a736e1a59c165df6148848fd574bef16cf69a7fb19b66f46d963addfc343c3ff10bf649b
Properties:
   Author: AdaCore
   Configuration: no modifiers
   Description: GNAT Components Collection - GNU Multiple Precision Arithmetic binding
   License: GPL-3.0-or-later WITH GCC-exception-3.1
   Maintainer: chouteau@adacore.com
   Maintainer: sagaert@adacore.com
   Maintainers_Logins: Fabien-Chouteau
   Maintainers_Logins: AldanTanneo
   Name: gnatcoll_gmp
   Project_File: gmp/gnatcoll_gmp.gpr
   Tag: gnatcoll
   Tag: bindings
   Tag: gmp
   Tag: arbitrary
   Tag: precision
   Tag: arithmetic
   Version: 26.0.0
   Website: https://github.com/adacore/gnatcoll-bindings
Dependencies (direct):
   gnatcoll_minimal~26.0.0
   libgmp*
Dependencies (solution):
   gnat=14.2.1 (gnat_native)
   gnatcoll_minimal=26.0.0
   libgmp=6.3.0
Dependencies (graph):
   gnatcoll_gmp=26.0.0     --> gnatcoll_minimal=26.0.0 (~26.0.0)
   gnatcoll_gmp=26.0.0     --> libgmp=6.3.0 (*)
   gnatcoll_minimal=26.0.0 --> gnat=14.2.1 (gnat_native) (>=14)


LOG:
[alr test] Testing gnatcoll_gmp=26.0.0
[alr test] Spawning retrieval for remote crate: alr -d -n get gnatcoll_gmp=26.0.0
Note: Deploying gnatcoll_gmp=26.0.0...
#=#=#                                                                          

#                                                                          2.7%
######################################################################## 100.0%

gnatcoll_gmp=26.0.0 successfully retrieved.
Dependencies were solved as follows:

   +b gnat             14.2.1 (new,gnat_native,indirect,binary)
   +  gnatcoll_minimal 26.0.0 (new)
   +b libgmp           6.3.0  (new,system package)
[alr test] Spawning default test for remote crate: alr -d -n build --release -- -cargs:Ada -gnatwn
Note: Building gnatcoll_gmp=26.0.0/gmp/gnatcoll_gmp.gpr...
Setup
   [mkdir]        object directory for project GnatColl_GMP
   [mkdir]        library directory for project GnatColl_GMP
Compile
   [C]            gmp_support.c
   [C]            gnatcoll-gmp-mpz_odd_p.c
   [C]            gnatcoll-gmp-mpz_sign.c
   [C]            gnatcoll-gmp-mpz_even_p.c
   [Ada]          gnatcoll-gmp-integers-root_extraction.adb
   [Ada]          gnatcoll-gmp-lib.ads
   [Ada]          gnatcoll-gmp-integers-random.adb
   [Ada]          gnatcoll-gmp-integers-io.adb
   [Ada]          gnatcoll-gmp-random_state.adb
   [Ada]          gnatcoll-gmp-integers-misc.adb
   [Ada]          gnatcoll-gmp-integers-number_theoretic.adb
   [Ada]          gnatcoll-gmp-rational_numbers.adb
   [Ada]          gnatcoll-gmp-integers.adb
   [Ada]          gnatcoll-gmp.ads
Build Libraries
   [gprlib]       gnatcoll_gmp.lexch
   [archive]      libgnatcoll_gmp.a
   [index]        libgnatcoll_gmp.a
Success: Build finished successfully in 1.51 seconds.
Found declared GPR file: gmp/gnatcoll_gmp.gpr
[alr test] Test completed SUCCESSFULLY
