Test ran at 2025-11-03 13:23:04.791432+00:00

SOLUTION:
aoa_23=20230119.0.0: Some Advent of Ada 2023 solutions
Origin: commit 38d1c7e521a9abb8c3f4269f689e00f35fe81362 from https://github.com/bracke/AoA_23.git
Properties:
   Author: Jeff Carter
   Build Switches: 
   Description: Some Advent of Ada 2023 solutions
   Executable: aoa_01_1
   Executable: aoa_02_2
   Executable: aoa_04_1
   Executable: aoa_06_1
   Executable: aoa_07_1
   Executable: aoa_09_1
   Executable: aoa_10_1
   Executable: aoa_11_2
   Executable: aoa_13_1
   Executable: aoa_15_1
   Executable: aoa_16_1
   Executable: aoa_19_1
   Executable: aoa_23_1
   Executable: aoa_02_1
   Executable: aoa_03_1
   Executable: aoa_05_1
   Executable: aoa_06_2
   Executable: aoa_08_1
   Executable: aoa_09_2
   Executable: aoa_11_1
   Executable: aoa_12_1
   Executable: aoa_14_1
   Executable: aoa_15_2
   Executable: aoa_18_1
   Executable: aoa_20_1
   Executable: aoa_23
   License: BSD-3-Clause
   Maintainer: Bent Bracke <bent@bracke.dk>
   Maintainers_Logins: bracke
   Name: aoa_23
   Tag: 2023
   Version: 20230119
   Website: https://github.com/bracke/AoA_23
Dependencies (direct):
   gnat<13.0 | >=13.3
   pragmarc^20240323.0.0
Dependencies (solution):
   gnat=15.2.1 (gnat_native)
   pragmarc=20240323.0.0
Dependencies (graph):
   aoa_23=20230119.0.0   --> gnat=15.2.1 (gnat_native) (<13.0 | >=13.3)
   aoa_23=20230119.0.0   --> pragmarc=20240323.0.0 (^20240323.0.0)
   pragmarc=20240323.0.0 --> gnat=15.2.1 (gnat_native) (<13.0 | >=13.3)


LOG:
[alr test] Testing aoa_23=20230119.0.0
[alr test] Spawning retrieval for remote crate: alr -d -n get aoa_23=20230119.0.0
Note: Deploying aoa_23=20230119.0.0...

aoa_23=20230119.0.0 successfully retrieved.
Dependencies were solved as follows:

   +b gnat     15.2.1       (new,gnat_native,binary)
   +  pragmarc 20240323.0.0 (new)
[alr test] Spawning default test for remote crate: alr -d -n build --release -- -cargs:Ada -gnatwn
Note: Building aoa_23=20230119.0.0/aoa_23.gpr...
Setup
   [mkdir]        object directory for project AoA_23
   [mkdir]        exec directory for project AoA_23
Compile
   [Ada]          aoa_01_1.adb
   [Ada]          aoa_02_2.adb
   [Ada]          aoa_04_1.adb
   [Ada]          aoa_06_1.adb
   [Ada]          aoa_07_1.adb
   [Ada]          aoa_09_1.adb
   [Ada]          aoa_10_1.adb
   [Ada]          aoa_11_2.adb
   [Ada]          aoa_13_1.adb
   [Ada]          aoa_15_1.adb
   [Ada]          aoa_16_1.adb
   [Ada]          aoa_19_1.adb
   [Ada]          aoa_23_1.adb
   [Ada]          aoa_02_1.adb
   [Ada]          aoa_03_1.adb
   [Ada]          aoa_05_1.adb
   [Ada]          aoa_06_2.adb
   [Ada]          aoa_08_1.adb
   [Ada]          aoa_09_2.adb
   [Ada]          aoa_11_1.adb
   [Ada]          aoa_12_1.adb
   [Ada]          aoa_14_1.adb
   [Ada]          aoa_15_2.adb
   [Ada]          aoa_18_1.adb
   [Ada]          aoa_20_1.adb
   [Ada]          aoa_23.adb
Bind
   [gprbind]      aoa_01_1.bexch
   [gprbind]      aoa_02_2.bexch
   [Ada]          aoa_01_1.ali
   [gprbind]      aoa_04_1.bexch
   [Ada]          aoa_02_2.ali
   [gprbind]      aoa_06_1.bexch
   [Ada]          aoa_04_1.ali
   [Ada]          aoa_06_1.ali
   [gprbind]      aoa_07_1.bexch
   [gprbind]      aoa_09_1.bexch
   [Ada]          aoa_07_1.ali
   [Ada]          aoa_09_1.ali
   [gprbind]      aoa_10_1.bexch
   [gprbind]      aoa_11_2.bexch
   [Ada]          aoa_10_1.ali
   [Ada]          aoa_11_2.ali
   [gprbind]      aoa_13_1.bexch
   [gprbind]      aoa_15_1.bexch
   [Ada]          aoa_13_1.ali
   [gprbind]      aoa_16_1.bexch
   [Ada]          aoa_15_1.ali
   [gprbind]      aoa_19_1.bexch
   [Ada]          aoa_16_1.ali
   [Ada]          aoa_19_1.ali
   [gprbind]      aoa_23_1.bexch
   [Ada]          aoa_23_1.ali
   [gprbind]      aoa_02_1.bexch
   [Ada]          aoa_02_1.ali
   [gprbind]      aoa_03_1.bexch
   [Ada]          aoa_03_1.ali
   [gprbind]      aoa_05_1.bexch
   [Ada]          aoa_05_1.ali
   [gprbind]      aoa_06_2.bexch
   [gprbind]      aoa_08_1.bexch
   [Ada]          aoa_06_2.ali
   [gprbind]      aoa_09_2.bexch
   [Ada]          aoa_08_1.ali
   [Ada]          aoa_09_2.ali
   [gprbind]      aoa_11_1.bexch
   [Ada]          aoa_11_1.ali
   [gprbind]      aoa_12_1.bexch
   [Ada]          aoa_12_1.ali
   [gprbind]      aoa_14_1.bexch
   [Ada]          aoa_14_1.ali
   [gprbind]      aoa_15_2.bexch
   [gprbind]      aoa_18_1.bexch
   [Ada]          aoa_15_2.ali
   [Ada]          aoa_18_1.ali
   [gprbind]      aoa_20_1.bexch
   [Ada]          aoa_20_1.ali
   [gprbind]      aoa_23.bexch
   [Ada]          aoa_23.ali
Link
   [link]         aoa_01_1.adb
   [link]         aoa_02_2.adb
   [link]         aoa_04_1.adb
   [link]         aoa_06_1.adb
   [link]         aoa_07_1.adb
   [link]         aoa_09_1.adb
   [link]         aoa_10_1.adb
   [link]         aoa_11_2.adb
   [link]         aoa_13_1.adb
   [link]         aoa_15_1.adb
   [link]         aoa_16_1.adb
   [link]         aoa_19_1.adb
   [link]         aoa_23_1.adb
   [link]         aoa_02_1.adb
   [link]         aoa_03_1.adb
   [link]         aoa_05_1.adb
   [link]         aoa_06_2.adb
   [link]         aoa_08_1.adb
   [link]         aoa_09_2.adb
   [link]         aoa_11_1.adb
   [link]         aoa_12_1.adb
   [link]         aoa_14_1.adb
   [link]         aoa_15_2.adb
   [link]         aoa_18_1.adb
   [link]         aoa_20_1.adb
   [link]         aoa_23.adb
Success: Build finished successfully in 20.71 seconds.
Found declared GPR file: aoa_23.gpr
[alr test] Test completed SUCCESSFULLY
