Test ran at 2025-09-02 13:19:29.768518+00:00

SOLUTION:
mage=0.6.1: Mini Ada Game Engine - A very simple game engine written in Ada
Origin: commit e5032cff2299566ec3321653a1e6b0d27f8ea993 from https://gitlab.com/leogermond/mage.git
Properties:
   Author: Leo Germond
   Description: Mini Ada Game Engine - A very simple game engine written in Ada
   License: Apache-2.0
   Maintainer: Leo Germond <germond@adacore.com>
   Maintainers_Logins: leogermond
   Name: mage
   Tag: game
   Tag: engine
   Tag: sdl
   Version: 0.6.1
   Website: www.gitlab.com/leogermond/mage
Dependencies (direct):
   sdlada^2.5.4-1
Dependencies (solution):
   libsdl2=2.26.0
   libsdl2_image=2.8.2
   libsdl2_mixer=2.8.1
   libsdl2_ttf=2.20.2
   make=4.3.0
   sdlada=2.5.20
Dependencies (graph):
   mage=0.6.1    --> sdlada=2.5.20 (^2.5.4-1)
   sdlada=2.5.20 --> libsdl2=2.26.0 (^2.0.0)
   sdlada=2.5.20 --> libsdl2_image=2.8.2 (^2.0.0)
   sdlada=2.5.20 --> libsdl2_mixer=2.8.1 (^2.0.0)
   sdlada=2.5.20 --> libsdl2_ttf=2.20.2 (^2.0.0)
   sdlada=2.5.20 --> make=4.3.0 (*)


LOG:
[alr test] Testing mage=0.6.1
[alr test] Spawning retrieval for remote crate: alr -d -n get mage=0.6.1
Note: Deploying mage=0.6.1...
Note: Deploying libsdl2=2.26.0...
The system package 'SDL2-devel' is about to be installed.
This action might require admin privileges and impact your system installation.
Do you want Alire to install this system package?
Using default: Yes
Last metadata expiration check: 0:19:40 ago on Tue Sep  2 12:59:31 2025.
Dependencies resolved.
================================================================================
 Package                   Arch        Version             Repository      Size
================================================================================
Installing:
 SDL2-devel                x86_64      2.26.0-1.el9        appstream      402 k
Installing dependencies:
 SDL2                      x86_64      2.26.0-1.el9        appstream      682 k
 cairo                     x86_64      1.17.4-7.el9        appstream      660 k
 fribidi                   x86_64      1.0.10-6.el9.2      appstream       85 k
 hwdata                    noarch      0.348-9.20.el9      baseos         1.7 M
 libX11-devel              x86_64      1.7.0-11.el9        appstream      1.1 M
 libXau-devel              x86_64      1.0.9-8.el9         appstream       14 k
 libXext                   x86_64      1.3.4-8.el9         appstream       40 k
 libXft                    x86_64      2.3.3-8.el9         appstream       62 k
 libXrender                x86_64      0.9.10-16.el9       appstream       28 k
 libXxf86vm                x86_64      1.1.4-18.el9        appstream       19 k
 libdatrie                 x86_64      0.2.13-4.el9        appstream       33 k
 libdecor                  x86_64      0.1.1-1.el9         appstream       43 k
 libdrm                    x86_64      2.4.123-2.el9       appstream      161 k
 libglvnd                  x86_64      1:1.3.4-1.el9       appstream      135 k
 libglvnd-core-devel       x86_64      1:1.3.4-1.el9       appstream       18 k
 libglvnd-devel            x86_64      1:1.3.4-1.el9       appstream      161 k
 libglvnd-egl              x86_64      1:1.3.4-1.el9       appstream       37 k
 libglvnd-gles             x86_64      1:1.3.4-1.el9       appstream       33 k
 libglvnd-glx              x86_64      1:1.3.4-1.el9       appstream      142 k
 libglvnd-opengl           x86_64      1:1.3.4-1.el9       appstream       43 k
 libpciaccess              x86_64      0.16-7.el9          baseos          27 k
 libthai                   x86_64      0.1.28-8.el9        appstream      208 k
 libwayland-client         x86_64      1.21.0-1.el9        appstream       33 k
 libwayland-cursor         x86_64      1.21.0-1.el9        appstream       19 k
 libwayland-server         x86_64      1.21.0-1.el9        appstream       42 k
 libxcb-devel              x86_64      1.13.1-9.el9        appstream      1.5 M
 libxshmfence              x86_64      1.3-10.el9          appstream       13 k
 mesa-dri-drivers          x86_64      25.0.7-2.el9        appstream      9.7 M
 mesa-filesystem           x86_64      25.0.7-2.el9        appstream       11 k
 mesa-libEGL               x86_64      25.0.7-2.el9        appstream      136 k
 mesa-libEGL-devel         x86_64      25.0.7-2.el9        appstream       14 k
 mesa-libGL                x86_64      25.0.7-2.el9        appstream      154 k
 mesa-libgbm               x86_64      25.0.7-2.el9        appstream       16 k
 pango                     x86_64      1.48.7-3.el9        appstream      302 k
 pixman                    x86_64      0.40.0-6.el9        appstream      269 k
 spirv-tools-libs          x86_64      2025.2-1.el9        appstream      1.5 M
 xorg-x11-proto-devel      noarch      2024.1-1.el9        appstream      310 k

Transaction Summary
================================================================================
Install  38 Packages

Total download size: 20 M
Installed size: 74 M
Downloading Packages:
(1/38): libpciaccess-0.16-7.el9.x86_64.rpm       84 kB/s |  27 kB     00:00    
(2/38): SDL2-2.26.0-1.el9.x86_64.rpm            1.3 MB/s | 682 kB     00:00    
(3/38): hwdata-0.348-9.20.el9.noarch.rpm        2.2 MB/s | 1.7 MB     00:00    
(4/38): SDL2-devel-2.26.0-1.el9.x86_64.rpm      885 kB/s | 402 kB     00:00    
(5/38): cairo-1.17.4-7.el9.x86_64.rpm           1.3 MB/s | 660 kB     00:00    
(6/38): fribidi-1.0.10-6.el9.2.x86_64.rpm       237 kB/s |  85 kB     00:00    
(7/38): libXau-devel-1.0.9-8.el9.x86_64.rpm      53 kB/s |  14 kB     00:00    
(8/38): libX11-devel-1.7.0-11.el9.x86_64.rpm    2.1 MB/s | 1.1 MB     00:00    
(9/38): libXext-1.3.4-8.el9.x86_64.rpm          121 kB/s |  40 kB     00:00    
(10/38): libXrender-0.9.10-16.el9.x86_64.rpm     90 kB/s |  28 kB     00:00    
(11/38): libXft-2.3.3-8.el9.x86_64.rpm          181 kB/s |  62 kB     00:00    
(12/38): libXxf86vm-1.1.4-18.el9.x86_64.rpm      69 kB/s |  19 kB     00:00    
(13/38): libdatrie-0.2.13-4.el9.x86_64.rpm      105 kB/s |  33 kB     00:00    
(14/38): libdecor-0.1.1-1.el9.x86_64.rpm        131 kB/s |  43 kB     00:00    
(15/38): libdrm-2.4.123-2.el9.x86_64.rpm        399 kB/s | 161 kB     00:00    
(16/38): libglvnd-core-devel-1.3.4-1.el9.x86_64  67 kB/s |  18 kB     00:00    
(17/38): libglvnd-1.3.4-1.el9.x86_64.rpm        344 kB/s | 135 kB     00:00    
(18/38): libglvnd-egl-1.3.4-1.el9.x86_64.rpm    114 kB/s |  37 kB     00:00    
(19/38): libglvnd-devel-1.3.4-1.el9.x86_64.rpm  391 kB/s | 161 kB     00:00    
(20/38): libglvnd-gles-1.3.4-1.el9.x86_64.rpm   105 kB/s |  33 kB     00:00    
(21/38): libglvnd-opengl-1.3.4-1.el9.x86_64.rpm 129 kB/s |  43 kB     00:00    
(22/38): libglvnd-glx-1.3.4-1.el9.x86_64.rpm    360 kB/s | 142 kB     00:00    
(23/38): libthai-0.1.28-8.el9.x86_64.rpm        502 kB/s | 208 kB     00:00    
(24/38): libwayland-client-1.21.0-1.el9.x86_64. 104 kB/s |  33 kB     00:00    
(25/38): libwayland-cursor-1.21.0-1.el9.x86_64.  70 kB/s |  19 kB     00:00    
(26/38): libwayland-server-1.21.0-1.el9.x86_64. 127 kB/s |  42 kB     00:00    
(27/38): libxshmfence-1.3-10.el9.x86_64.rpm      48 kB/s |  13 kB     00:00    
(28/38): mesa-filesystem-25.0.7-2.el9.x86_64.rp  41 kB/s |  11 kB     00:00    
(29/38): libxcb-devel-1.13.1-9.el9.x86_64.rpm   2.8 MB/s | 1.5 MB     00:00    
(30/38): mesa-libEGL-devel-25.0.7-2.el9.x86_64.  50 kB/s |  14 kB     00:00    
(31/38): mesa-dri-drivers-25.0.7-2.el9.x86_64.r  14 MB/s | 9.7 MB     00:00    
(32/38): mesa-libEGL-25.0.7-2.el9.x86_64.rpm    342 kB/s | 136 kB     00:00    
(33/38): mesa-libgbm-25.0.7-2.el9.x86_64.rpm     59 kB/s |  16 kB     00:00    
(34/38): mesa-libGL-25.0.7-2.el9.x86_64.rpm     389 kB/s | 154 kB     00:00    
(35/38): pango-1.48.7-3.el9.x86_64.rpm          683 kB/s | 302 kB     00:00    
(36/38): pixman-0.40.0-6.el9.x86_64.rpm         616 kB/s | 269 kB     00:00    
(37/38): spirv-tools-libs-2025.2-1.el9.x86_64.r 2.7 MB/s | 1.5 MB     00:00    
(38/38): xorg-x11-proto-devel-2024.1-1.el9.noar 705 kB/s | 310 kB     00:00    
--------------------------------------------------------------------------------
Total                                           3.3 MB/s |  20 MB     00:05     
Running transaction check
Transaction check succeeded.
Running transaction test
Transaction test succeeded.
Running transaction
  Preparing        :                                                        1/1 
  Installing       : libglvnd-1:1.3.4-1.el9.x86_64                         1/38 
  Installing       : libXext-1.3.4-8.el9.x86_64                            2/38 
  Installing       : libwayland-client-1.21.0-1.el9.x86_64                 3/38 
  Installing       : libXrender-0.9.10-16.el9.x86_64                       4/38 
  Installing       : xorg-x11-proto-devel-2024.1-1.el9.noarch              5/38 
  Installing       : libwayland-server-1.21.0-1.el9.x86_64                 6/38 
  Installing       : libXau-devel-1.0.9-8.el9.x86_64                       7/38 
  Installing       : libxcb-devel-1.13.1-9.el9.x86_64                      8/38 
  Installing       : libX11-devel-1.7.0-11.el9.x86_64                      9/38 
  Installing       : libXft-2.3.3-8.el9.x86_64                            10/38 
  Installing       : libwayland-cursor-1.21.0-1.el9.x86_64                11/38 
  Installing       : libXxf86vm-1.1.4-18.el9.x86_64                       12/38 
  Installing       : libglvnd-opengl-1:1.3.4-1.el9.x86_64                 13/38 
  Installing       : spirv-tools-libs-2025.2-1.el9.x86_64                 14/38 
  Installing       : pixman-0.40.0-6.el9.x86_64                           15/38 
  Installing       : cairo-1.17.4-7.el9.x86_64                            16/38 
  Installing       : mesa-filesystem-25.0.7-2.el9.x86_64                  17/38 
  Installing       : libxshmfence-1.3-10.el9.x86_64                       18/38 
  Installing       : libglvnd-core-devel-1:1.3.4-1.el9.x86_64             19/38 
  Installing       : libdatrie-0.2.13-4.el9.x86_64                        20/38 
  Installing       : libthai-0.1.28-8.el9.x86_64                          21/38 
  Installing       : fribidi-1.0.10-6.el9.2.x86_64                        22/38 
  Installing       : pango-1.48.7-3.el9.x86_64                            23/38 
  Installing       : libdecor-0.1.1-1.el9.x86_64                          24/38 
  Installing       : SDL2-2.26.0-1.el9.x86_64                             25/38 
  Installing       : hwdata-0.348-9.20.el9.noarch                         26/38 
  Installing       : libpciaccess-0.16-7.el9.x86_64                       27/38 
  Installing       : libdrm-2.4.123-2.el9.x86_64                          28/38 
  Installing       : libglvnd-egl-1:1.3.4-1.el9.x86_64                    29/38 
  Installing       : mesa-dri-drivers-25.0.7-2.el9.x86_64                 30/38 
  Installing       : mesa-libgbm-25.0.7-2.el9.x86_64                      31/38 
  Installing       : mesa-libEGL-25.0.7-2.el9.x86_64                      32/38 
  Installing       : libglvnd-gles-1:1.3.4-1.el9.x86_64                   33/38 
  Installing       : libglvnd-glx-1:1.3.4-1.el9.x86_64                    34/38 
  Installing       : mesa-libGL-25.0.7-2.el9.x86_64                       35/38 
  Installing       : libglvnd-devel-1:1.3.4-1.el9.x86_64                  36/38 
  Installing       : mesa-libEGL-devel-25.0.7-2.el9.x86_64                37/38 
  Installing       : SDL2-devel-2.26.0-1.el9.x86_64                       38/38 
  Running scriptlet: SDL2-devel-2.26.0-1.el9.x86_64                       38/38 
  Verifying        : hwdata-0.348-9.20.el9.noarch                          1/38 
  Verifying        : libpciaccess-0.16-7.el9.x86_64                        2/38 
  Verifying        : SDL2-2.26.0-1.el9.x86_64                              3/38 
  Verifying        : SDL2-devel-2.26.0-1.el9.x86_64                        4/38 
  Verifying        : cairo-1.17.4-7.el9.x86_64                             5/38 
  Verifying        : fribidi-1.0.10-6.el9.2.x86_64                         6/38 
  Verifying        : libX11-devel-1.7.0-11.el9.x86_64                      7/38 
  Verifying        : libXau-devel-1.0.9-8.el9.x86_64                       8/38 
  Verifying        : libXext-1.3.4-8.el9.x86_64                            9/38 
  Verifying        : libXft-2.3.3-8.el9.x86_64                            10/38 
  Verifying        : libXrender-0.9.10-16.el9.x86_64                      11/38 
  Verifying        : libXxf86vm-1.1.4-18.el9.x86_64                       12/38 
  Verifying        : libdatrie-0.2.13-4.el9.x86_64                        13/38 
  Verifying        : libdecor-0.1.1-1.el9.x86_64                          14/38 
  Verifying        : libdrm-2.4.123-2.el9.x86_64                          15/38 
  Verifying        : libglvnd-1:1.3.4-1.el9.x86_64                        16/38 
  Verifying        : libglvnd-core-devel-1:1.3.4-1.el9.x86_64             17/38 
  Verifying        : libglvnd-devel-1:1.3.4-1.el9.x86_64                  18/38 
  Verifying        : libglvnd-egl-1:1.3.4-1.el9.x86_64                    19/38 
  Verifying        : libglvnd-gles-1:1.3.4-1.el9.x86_64                   20/38 
  Verifying        : libglvnd-glx-1:1.3.4-1.el9.x86_64                    21/38 
  Verifying        : libglvnd-opengl-1:1.3.4-1.el9.x86_64                 22/38 
  Verifying        : libthai-0.1.28-8.el9.x86_64                          23/38 
  Verifying        : libwayland-client-1.21.0-1.el9.x86_64                24/38 
  Verifying        : libwayland-cursor-1.21.0-1.el9.x86_64                25/38 
  Verifying        : libwayland-server-1.21.0-1.el9.x86_64                26/38 
  Verifying        : libxcb-devel-1.13.1-9.el9.x86_64                     27/38 
  Verifying        : libxshmfence-1.3-10.el9.x86_64                       28/38 
  Verifying        : mesa-dri-drivers-25.0.7-2.el9.x86_64                 29/38 
  Verifying        : mesa-filesystem-25.0.7-2.el9.x86_64                  30/38 
  Verifying        : mesa-libEGL-25.0.7-2.el9.x86_64                      31/38 
  Verifying        : mesa-libEGL-devel-25.0.7-2.el9.x86_64                32/38 
  Verifying        : mesa-libGL-25.0.7-2.el9.x86_64                       33/38 
  Verifying        : mesa-libgbm-25.0.7-2.el9.x86_64                      34/38 
  Verifying        : pango-1.48.7-3.el9.x86_64                            35/38 
  Verifying        : pixman-0.40.0-6.el9.x86_64                           36/38 
  Verifying        : spirv-tools-libs-2025.2-1.el9.x86_64                 37/38 
  Verifying        : xorg-x11-proto-devel-2024.1-1.el9.noarch             38/38 

Installed:
  SDL2-2.26.0-1.el9.x86_64                                                      
  SDL2-devel-2.26.0-1.el9.x86_64                                                
  cairo-1.17.4-7.el9.x86_64                                                     
  fribidi-1.0.10-6.el9.2.x86_64                                                 
  hwdata-0.348-9.20.el9.noarch                                                  
  libX11-devel-1.7.0-11.el9.x86_64                                              
  libXau-devel-1.0.9-8.el9.x86_64                                               
  libXext-1.3.4-8.el9.x86_64                                                    
  libXft-2.3.3-8.el9.x86_64                                                     
  libXrender-0.9.10-16.el9.x86_64                                               
  libXxf86vm-1.1.4-18.el9.x86_64                                                
  libdatrie-0.2.13-4.el9.x86_64                                                 
  libdecor-0.1.1-1.el9.x86_64                                                   
  libdrm-2.4.123-2.el9.x86_64                                                   
  libglvnd-1:1.3.4-1.el9.x86_64                                                 
  libglvnd-core-devel-1:1.3.4-1.el9.x86_64                                      
  libglvnd-devel-1:1.3.4-1.el9.x86_64                                           
  libglvnd-egl-1:1.3.4-1.el9.x86_64                                             
  libglvnd-gles-1:1.3.4-1.el9.x86_64                                            
  libglvnd-glx-1:1.3.4-1.el9.x86_64                                             
  libglvnd-opengl-1:1.3.4-1.el9.x86_64                                          
  libpciaccess-0.16-7.el9.x86_64                                                
  libthai-0.1.28-8.el9.x86_64                                                   
  libwayland-client-1.21.0-1.el9.x86_64                                         
  libwayland-cursor-1.21.0-1.el9.x86_64                                         
  libwayland-server-1.21.0-1.el9.x86_64                                         
  libxcb-devel-1.13.1-9.el9.x86_64                                              
  libxshmfence-1.3-10.el9.x86_64                                                
  mesa-dri-drivers-25.0.7-2.el9.x86_64                                          
  mesa-filesystem-25.0.7-2.el9.x86_64                                           
  mesa-libEGL-25.0.7-2.el9.x86_64                                               
  mesa-libEGL-devel-25.0.7-2.el9.x86_64                                         
  mesa-libGL-25.0.7-2.el9.x86_64                                                
  mesa-libgbm-25.0.7-2.el9.x86_64                                               
  pango-1.48.7-3.el9.x86_64                                                     
  pixman-0.40.0-6.el9.x86_64                                                    
  spirv-tools-libs-2025.2-1.el9.x86_64                                          
  xorg-x11-proto-devel-2024.1-1.el9.noarch                                      

Complete!
Note: Deploying libsdl2_image=2.8.2...
The system package 'SDL2_image-devel' is about to be installed.
This action might require admin privileges and impact your system installation.
Do you want Alire to install this system package?
Using default: Yes
Last metadata expiration check: 0:19:49 ago on Tue Sep  2 12:59:31 2025.
Dependencies resolved.
================================================================================
 Package                Architecture Version              Repository       Size
================================================================================
Installing:
 SDL2_image-devel       x86_64       2.8.2-1.el9          epel             18 k
Installing dependencies:
 SDL2_image             x86_64       2.8.2-1.el9          epel            105 k
 jbigkit-libs           x86_64       2.1-23.el9           appstream        53 k
 libjpeg-turbo          x86_64       2.0.90-7.el9         appstream       175 k
 libtiff                x86_64       4.4.0-15.el9         appstream       197 k
 libtiff-devel          x86_64       4.4.0-15.el9         appstream       571 k
 libwebp                x86_64       1.2.0-8.el9          appstream       277 k
 libwebp-devel          x86_64       1.2.0-8.el9          appstream        33 k

Transaction Summary
================================================================================
Install  8 Packages

Total download size: 1.4 M
Installed size: 4.1 M
Downloading Packages:
(1/8): jbigkit-libs-2.1-23.el9.x86_64.rpm       267 kB/s |  53 kB     00:00    
(2/8): libtiff-4.4.0-15.el9.x86_64.rpm          858 kB/s | 197 kB     00:00    
(3/8): libwebp-1.2.0-8.el9.x86_64.rpm           2.5 MB/s | 277 kB     00:00    
(4/8): libjpeg-turbo-2.0.90-7.el9.x86_64.rpm    471 kB/s | 175 kB     00:00    
(5/8): libwebp-devel-1.2.0-8.el9.x86_64.rpm     566 kB/s |  33 kB     00:00    
(6/8): libtiff-devel-4.4.0-15.el9.x86_64.rpm    2.7 MB/s | 571 kB     00:00    
(7/8): SDL2_image-devel-2.8.2-1.el9.x86_64.rpm  316 kB/s |  18 kB     00:00    
(8/8): SDL2_image-2.8.2-1.el9.x86_64.rpm        819 kB/s | 105 kB     00:00    
--------------------------------------------------------------------------------
Total                                           1.1 MB/s | 1.4 MB     00:01     
Running transaction check
Transaction check succeeded.
Running transaction test
Transaction test succeeded.
Running transaction
  Preparing        :                                                        1/1 
  Installing       : libwebp-1.2.0-8.el9.x86_64                             1/8 
  Installing       : libwebp-devel-1.2.0-8.el9.x86_64                       2/8 
  Installing       : libjpeg-turbo-2.0.90-7.el9.x86_64                      3/8 
  Installing       : jbigkit-libs-2.1-23.el9.x86_64                         4/8 
  Installing       : libtiff-4.4.0-15.el9.x86_64                            5/8 
  Installing       : libtiff-devel-4.4.0-15.el9.x86_64                      6/8 
  Installing       : SDL2_image-2.8.2-1.el9.x86_64                          7/8 
  Installing       : SDL2_image-devel-2.8.2-1.el9.x86_64                    8/8 
  Running scriptlet: SDL2_image-devel-2.8.2-1.el9.x86_64                    8/8 
  Verifying        : jbigkit-libs-2.1-23.el9.x86_64                         1/8 
  Verifying        : libjpeg-turbo-2.0.90-7.el9.x86_64                      2/8 
  Verifying        : libtiff-4.4.0-15.el9.x86_64                            3/8 
  Verifying        : libtiff-devel-4.4.0-15.el9.x86_64                      4/8 
  Verifying        : libwebp-1.2.0-8.el9.x86_64                             5/8 
  Verifying        : libwebp-devel-1.2.0-8.el9.x86_64                       6/8 
  Verifying        : SDL2_image-2.8.2-1.el9.x86_64                          7/8 
  Verifying        : SDL2_image-devel-2.8.2-1.el9.x86_64                    8/8 

Installed:
  SDL2_image-2.8.2-1.el9.x86_64        SDL2_image-devel-2.8.2-1.el9.x86_64      
  jbigkit-libs-2.1-23.el9.x86_64       libjpeg-turbo-2.0.90-7.el9.x86_64        
  libtiff-4.4.0-15.el9.x86_64          libtiff-devel-4.4.0-15.el9.x86_64        
  libwebp-1.2.0-8.el9.x86_64           libwebp-devel-1.2.0-8.el9.x86_64         

Complete!
Note: Deploying libsdl2_mixer=2.8.1...
The system package 'SDL2_mixer-devel' is about to be installed.
This action might require admin privileges and impact your system installation.
Do you want Alire to install this system package?
Using default: Yes
Last metadata expiration check: 0:19:51 ago on Tue Sep  2 12:59:31 2025.
Dependencies resolved.
================================================================================
 Package                  Architecture   Version             Repository    Size
================================================================================
Installing:
 SDL2_mixer-devel         x86_64         2.8.1-1.el9         epel          36 k
Installing dependencies:
 SDL2_mixer               x86_64         2.8.1-1.el9         epel         167 k

Transaction Summary
================================================================================
Install  2 Packages

Total download size: 204 k
Installed size: 505 k
Downloading Packages:
(1/2): SDL2_mixer-devel-2.8.1-1.el9.x86_64.rpm   59 kB/s |  36 kB     00:00    
(2/2): SDL2_mixer-2.8.1-1.el9.x86_64.rpm        235 kB/s | 167 kB     00:00    
--------------------------------------------------------------------------------
Total                                           175 kB/s | 204 kB     00:01     
Running transaction check
Transaction check succeeded.
Running transaction test
Transaction test succeeded.
Running transaction
  Preparing        :                                                        1/1 
  Installing       : SDL2_mixer-2.8.1-1.el9.x86_64                          1/2 
  Installing       : SDL2_mixer-devel-2.8.1-1.el9.x86_64                    2/2 
  Running scriptlet: SDL2_mixer-devel-2.8.1-1.el9.x86_64                    2/2 
  Verifying        : SDL2_mixer-2.8.1-1.el9.x86_64                          1/2 
  Verifying        : SDL2_mixer-devel-2.8.1-1.el9.x86_64                    2/2 

Installed:
  SDL2_mixer-2.8.1-1.el9.x86_64       SDL2_mixer-devel-2.8.1-1.el9.x86_64      

Complete!
Note: Deploying libsdl2_ttf=2.20.2...
The system package 'SDL2_ttf-devel' is about to be installed.
This action might require admin privileges and impact your system installation.
Do you want Alire to install this system package?
Using default: Yes
Last metadata expiration check: 0:19:53 ago on Tue Sep  2 12:59:31 2025.
Dependencies resolved.
================================================================================
 Package                   Arch       Version               Repository     Size
================================================================================
Installing:
 SDL2_ttf-devel            x86_64     2.20.2-1.el9          epel           21 k
Installing dependencies:
 SDL2_ttf                  x86_64     2.20.2-1.el9          epel           40 k
 brotli                    x86_64     1.0.9-7.el9           appstream     312 k
 brotli-devel              x86_64     1.0.9-7.el9           appstream      31 k
 bzip2-devel               x86_64     1.0.8-10.el9          appstream     214 k
 freetype-devel            x86_64     2.10.4-11.el9         appstream     1.1 M
 glib2-devel               x86_64     2.68.4-16.el9         appstream     552 k
 graphite2-devel           x86_64     1.3.14-9.el9          appstream      22 k
 harfbuzz-devel            x86_64     2.7.4-10.el9          appstream     347 k
 harfbuzz-icu              x86_64     2.7.4-10.el9          appstream      14 k
 libblkid-devel            x86_64     2.37.4-21.el9         appstream      17 k
 libffi-devel              x86_64     3.4.2-8.el9           appstream      29 k
 libicu                    x86_64     67.1-10.el9           baseos        9.6 M
 libicu-devel              x86_64     67.1-10.el9           appstream     937 k
 libmount-devel            x86_64     2.37.4-21.el9         appstream      18 k
 libpng-devel              x86_64     2:1.6.37-12.el9       appstream     293 k
 libselinux-devel          x86_64     3.6-3.el9             appstream     159 k
 libsepol-devel            x86_64     3.6-3.el9             appstream      47 k
 pcre-cpp                  x86_64     8.44-4.el9            appstream      26 k
 pcre-devel                x86_64     8.44-4.el9            appstream     506 k
 pcre-utf16                x86_64     8.44-4.el9            appstream     184 k
 pcre-utf32                x86_64     8.44-4.el9            appstream     174 k
 pcre2-devel               x86_64     10.40-6.el9           appstream     512 k
 pcre2-utf16               x86_64     10.40-6.el9           appstream     214 k
 pcre2-utf32               x86_64     10.40-6.el9           appstream     203 k
 sysprof-capture-devel     x86_64     3.40.1-3.el9          appstream      60 k
 zlib-devel                x86_64     1.2.11-41.el9         appstream      45 k

Transaction Summary
================================================================================
Install  27 Packages

Total download size: 16 M
Installed size: 59 M
Downloading Packages:
(1/27): brotli-devel-1.0.9-7.el9.x86_64.rpm     164 kB/s |  31 kB     00:00    
(2/27): brotli-1.0.9-7.el9.x86_64.rpm           820 kB/s | 312 kB     00:00    
(3/27): bzip2-devel-1.0.8-10.el9.x86_64.rpm     956 kB/s | 214 kB     00:00    
(4/27): freetype-devel-2.10.4-11.el9.x86_64.rpm 5.9 MB/s | 1.1 MB     00:00    
(5/27): glib2-devel-2.68.4-16.el9.x86_64.rpm    3.4 MB/s | 552 kB     00:00    
(6/27): graphite2-devel-1.3.14-9.el9.x86_64.rpm 388 kB/s |  22 kB     00:00    
(7/27): harfbuzz-devel-2.7.4-10.el9.x86_64.rpm  4.2 MB/s | 347 kB     00:00    
(8/27): libicu-67.1-10.el9.x86_64.rpm            14 MB/s | 9.6 MB     00:00    
(9/27): harfbuzz-icu-2.7.4-10.el9.x86_64.rpm    231 kB/s |  14 kB     00:00    
(10/27): libblkid-devel-2.37.4-21.el9.x86_64.rp 281 kB/s |  17 kB     00:00    
(11/27): libffi-devel-3.4.2-8.el9.x86_64.rpm    516 kB/s |  29 kB     00:00    
(12/27): libmount-devel-2.37.4-21.el9.x86_64.rp 323 kB/s |  18 kB     00:00    
(13/27): libicu-devel-67.1-10.el9.x86_64.rpm     11 MB/s | 937 kB     00:00    
(14/27): libpng-devel-1.6.37-12.el9.x86_64.rpm  5.0 MB/s | 293 kB     00:00    
(15/27): libselinux-devel-3.6-3.el9.x86_64.rpm  2.6 MB/s | 159 kB     00:00    
(16/27): libsepol-devel-3.6-3.el9.x86_64.rpm    805 kB/s |  47 kB     00:00    
(17/27): pcre-cpp-8.44-4.el9.x86_64.rpm         457 kB/s |  26 kB     00:00    
(18/27): pcre-utf16-8.44-4.el9.x86_64.rpm       2.6 MB/s | 184 kB     00:00    
(19/27): pcre-devel-8.44-4.el9.x86_64.rpm       6.9 MB/s | 506 kB     00:00    
(20/27): pcre-utf32-8.44-4.el9.x86_64.rpm       3.0 MB/s | 174 kB     00:00    
(21/27): pcre2-utf16-10.40-6.el9.x86_64.rpm     3.4 MB/s | 214 kB     00:00    
(22/27): pcre2-utf32-10.40-6.el9.x86_64.rpm     3.5 MB/s | 203 kB     00:00    
(23/27): pcre2-devel-10.40-6.el9.x86_64.rpm     5.5 MB/s | 512 kB     00:00    
(24/27): sysprof-capture-devel-3.40.1-3.el9.x86 1.0 MB/s |  60 kB     00:00    
(25/27): zlib-devel-1.2.11-41.el9.x86_64.rpm    791 kB/s |  45 kB     00:00    
(26/27): SDL2_ttf-2.20.2-1.el9.x86_64.rpm       129 kB/s |  40 kB     00:00    
(27/27): SDL2_ttf-devel-2.20.2-1.el9.x86_64.rpm  73 kB/s |  21 kB     00:00    
--------------------------------------------------------------------------------
Total                                           7.1 MB/s |  16 MB     00:02     
Running transaction check
Transaction check succeeded.
Running transaction test
Transaction test succeeded.
Running transaction
  Preparing        :                                                        1/1 
  Installing       : zlib-devel-1.2.11-41.el9.x86_64                       1/27 
  Installing       : libicu-67.1-10.el9.x86_64                             2/27 
  Installing       : harfbuzz-icu-2.7.4-10.el9.x86_64                      3/27 
  Installing       : libicu-devel-67.1-10.el9.x86_64                       4/27 
  Installing       : libpng-devel-2:1.6.37-12.el9.x86_64                   5/27 
  Installing       : SDL2_ttf-2.20.2-1.el9.x86_64                          6/27 
  Installing       : sysprof-capture-devel-3.40.1-3.el9.x86_64             7/27 
  Installing       : pcre2-utf32-10.40-6.el9.x86_64                        8/27 
  Installing       : pcre2-utf16-10.40-6.el9.x86_64                        9/27 
  Installing       : pcre2-devel-10.40-6.el9.x86_64                       10/27 
  Installing       : pcre-utf32-8.44-4.el9.x86_64                         11/27 
  Installing       : pcre-utf16-8.44-4.el9.x86_64                         12/27 
  Installing       : pcre-cpp-8.44-4.el9.x86_64                           13/27 
  Installing       : pcre-devel-8.44-4.el9.x86_64                         14/27 
  Installing       : libsepol-devel-3.6-3.el9.x86_64                      15/27 
  Installing       : libselinux-devel-3.6-3.el9.x86_64                    16/27 
  Installing       : libffi-devel-3.4.2-8.el9.x86_64                      17/27 
  Installing       : libblkid-devel-2.37.4-21.el9.x86_64                  18/27 
  Installing       : libmount-devel-2.37.4-21.el9.x86_64                  19/27 
  Installing       : glib2-devel-2.68.4-16.el9.x86_64                     20/27 
  Installing       : graphite2-devel-1.3.14-9.el9.x86_64                  21/27 
  Installing       : bzip2-devel-1.0.8-10.el9.x86_64                      22/27 
  Installing       : brotli-1.0.9-7.el9.x86_64                            23/27 
  Installing       : brotli-devel-1.0.9-7.el9.x86_64                      24/27 
  Installing       : freetype-devel-2.10.4-11.el9.x86_64                  25/27 
  Installing       : harfbuzz-devel-2.7.4-10.el9.x86_64                   26/27 
  Installing       : SDL2_ttf-devel-2.20.2-1.el9.x86_64                   27/27 
  Running scriptlet: SDL2_ttf-devel-2.20.2-1.el9.x86_64                   27/27 
  Verifying        : libicu-67.1-10.el9.x86_64                             1/27 
  Verifying        : brotli-1.0.9-7.el9.x86_64                             2/27 
  Verifying        : brotli-devel-1.0.9-7.el9.x86_64                       3/27 
  Verifying        : bzip2-devel-1.0.8-10.el9.x86_64                       4/27 
  Verifying        : freetype-devel-2.10.4-11.el9.x86_64                   5/27 
  Verifying        : glib2-devel-2.68.4-16.el9.x86_64                      6/27 
  Verifying        : graphite2-devel-1.3.14-9.el9.x86_64                   7/27 
  Verifying        : harfbuzz-devel-2.7.4-10.el9.x86_64                    8/27 
  Verifying        : harfbuzz-icu-2.7.4-10.el9.x86_64                      9/27 
  Verifying        : libblkid-devel-2.37.4-21.el9.x86_64                  10/27 
  Verifying        : libffi-devel-3.4.2-8.el9.x86_64                      11/27 
  Verifying        : libicu-devel-67.1-10.el9.x86_64                      12/27 
  Verifying        : libmount-devel-2.37.4-21.el9.x86_64                  13/27 
  Verifying        : libpng-devel-2:1.6.37-12.el9.x86_64                  14/27 
  Verifying        : libselinux-devel-3.6-3.el9.x86_64                    15/27 
  Verifying        : libsepol-devel-3.6-3.el9.x86_64                      16/27 
  Verifying        : pcre-cpp-8.44-4.el9.x86_64                           17/27 
  Verifying        : pcre-devel-8.44-4.el9.x86_64                         18/27 
  Verifying        : pcre-utf16-8.44-4.el9.x86_64                         19/27 
  Verifying        : pcre-utf32-8.44-4.el9.x86_64                         20/27 
  Verifying        : pcre2-devel-10.40-6.el9.x86_64                       21/27 
  Verifying        : pcre2-utf16-10.40-6.el9.x86_64                       22/27 
  Verifying        : pcre2-utf32-10.40-6.el9.x86_64                       23/27 
  Verifying        : sysprof-capture-devel-3.40.1-3.el9.x86_64            24/27 
  Verifying        : zlib-devel-1.2.11-41.el9.x86_64                      25/27 
  Verifying        : SDL2_ttf-2.20.2-1.el9.x86_64                         26/27 
  Verifying        : SDL2_ttf-devel-2.20.2-1.el9.x86_64                   27/27 

Installed:
  SDL2_ttf-2.20.2-1.el9.x86_64        SDL2_ttf-devel-2.20.2-1.el9.x86_64       
  brotli-1.0.9-7.el9.x86_64           brotli-devel-1.0.9-7.el9.x86_64          
  bzip2-devel-1.0.8-10.el9.x86_64     freetype-devel-2.10.4-11.el9.x86_64      
  glib2-devel-2.68.4-16.el9.x86_64    graphite2-devel-1.3.14-9.el9.x86_64      
  harfbuzz-devel-2.7.4-10.el9.x86_64  harfbuzz-icu-2.7.4-10.el9.x86_64         
  libblkid-devel-2.37.4-21.el9.x86_64 libffi-devel-3.4.2-8.el9.x86_64          
  libicu-67.1-10.el9.x86_64           libicu-devel-67.1-10.el9.x86_64          
  libmount-devel-2.37.4-21.el9.x86_64 libpng-devel-2:1.6.37-12.el9.x86_64      
  libselinux-devel-3.6-3.el9.x86_64   libsepol-devel-3.6-3.el9.x86_64          
  pcre-cpp-8.44-4.el9.x86_64          pcre-devel-8.44-4.el9.x86_64             
  pcre-utf16-8.44-4.el9.x86_64        pcre-utf32-8.44-4.el9.x86_64             
  pcre2-devel-10.40-6.el9.x86_64      pcre2-utf16-10.40-6.el9.x86_64           
  pcre2-utf32-10.40-6.el9.x86_64      sysprof-capture-devel-3.40.1-3.el9.x86_64
  zlib-devel-1.2.11-41.el9.x86_64    

Complete!
Note: Deploying sdlada=2.5.20...

mage=0.6.1 successfully retrieved.
Dependencies were solved as follows:

   +b libsdl2       2.26.0 (new,indirect,system package)
   +b libsdl2_image 2.8.2  (new,indirect,system package)
   +b libsdl2_mixer 2.8.1  (new,indirect,system package)
   +b libsdl2_ttf   2.20.2 (new,indirect,system package)
   +b make          4.3.0  (new,indirect,system package)
   +  sdlada        2.5.20 (new)
[alr test] Spawning default test for remote crate: alr -d -n build --release -- -cargs:Ada -gnatwn
Note: Running pre-build actions for sdlada=2.5.20...
make: Entering directory '/root/.local/share/alire/builds/sdlada_2.5.20_cd53c280/ed337ec00e2bcb1e955554539bac47b069916dd80de8530276b3b7c3d5d6b2e7/build/gnat'
mkdir -p gen/src/
gprbuild -p -gnat2012 -XSDL_MODE=debug -XSDL_PLATFORM=linux \
	-Ptools.gpr
gprbuild: /lib64/libc.so.6: version `GLIBC_2.35' not found (required by gprbuild)
make: *** [makefile:72: gen/debug/tools/gen_keyboard] Error 1
make: Leaving directory '/root/.local/share/alire/builds/sdlada_2.5.20_cd53c280/ed337ec00e2bcb1e955554539bac47b069916dd80de8530276b3b7c3d5d6b2e7/build/gnat'
Warning: Execution failed for action: Pre_Build run: make -C ./build/gnat tools (from ${CRATE_ROOT}/.)
Warning: Exit code: 2
Warning: Action output not captured, check it above.
stderr: ALIRE.PROPERTIES.ACTIONS.ACTION_FAILED
stderr: Action failed with exit code 2
stderr: raised ALIRE.PROPERTIES.ACTIONS.ACTION_FAILED : Action failed with exit code 2
[/usr/bin/alr]
0xacc145 Alire.Properties.Actions.Executor.Execute_Actions at alire-properties-actions-executor.adb:130
0xaca6d9 Alire.Properties.Actions.Executor.Execute_Actions at alire-properties-actions-executor.adb:36
0xc72f21 Alire.Roots.Build at alire-roots.adb:243
0xc9832b Alire.Roots.Traverse at alire-roots.adb:2143
0xcfee85 Alire.Solutions.Traverse.Visit at alire-solutions.adb:1472
0xcfdca2 Alire.Solutions.Traverse at alire-solutions.adb:1539
0xc9841e Alire.Roots.Traverse at alire-roots.adb:2147
0xc984dd Alire.Roots.Traverse at alire-roots.adb:2127
0xc7359b Alire.Roots.Build at alire-roots.adb:286
0xc736d7 Alire.Roots.Build at alire-roots.adb:114
0x49aa0d Alr.Commands.Build.Execute at alr-commands-build.adb:145
0x49a36d Alr.Commands.Build.Execute at alr-commands-build.adb:113
0x49a51f Alr.Commands.Build.Execute at alr-commands-build.adb:54
0x53bbcc Alr.Commands.Sub_Cmd.Execute at clic-subcommand-instance.adb:749
0x5472be Alr.Commands.Execute at alr-commands.adb:632
0x43d48a Alr.Main at alr-main.adb:13
0x4403a3 Main at b__alr-main.adb:2445
[/lib64/libc.so.6]
0x7f69433e05ce
0x7f69433e067e
[/usr/bin/alr]
0x43d323 _start at ???
0xfffffffffffffffe

ERROR: Compilation failed.
