Test ran at 2026-09-23 13:08:57.544076+00:00

SOLUTION:
png_embed=1.0.1: convert a PNG image into an embedded Ada package
Origin: commit d2231170dbdd8137c38b1614cc1b452cfaaf779b from https://github.com/RREE/png_embed.git
Properties:
   Author: Rolf Ebert
   Description: convert a PNG image into an embedded Ada package
   Executable: png_embed
   License: MIT OR Apache-2.0 WITH LLVM-exception
   Maintainer: Rolf Ebert <rolf.ebert.gcc@gmx.de>
   Maintainers_Logins: RREE
   Name: png_embed
   Tag: image
   Tag: embedded
   Tag: png
   Version: 1.0.1
   Website: https://github.com/RREE/png_embed
Dependencies (direct):
   gid^14.0.0
Dependencies (solution):
   gid=14.0.0
Dependencies (graph):
   png_embed=1.0.1 --> gid=14.0.0 (^14.0.0)


LOG:
[alr test] Testing png_embed=1.0.1
[alr test] Spawning retrieval for remote crate: alr -d -n get png_embed=1.0.1
Note: Deploying png_embed=1.0.1...
Note: Deploying gid=14.0.0...

######################################################################## 100.0%
######################################################################## 100.0%
######################################################################## 100.0%
######################################################################## 100.0%
#=#=#                                                                          
#################                                                         24.8%
######################################################################## 100.0%

png_embed=1.0.1 successfully retrieved.
Dependencies were solved as follows:

   + gid 14.0.0 (new)
[alr test] Spawning default test for remote crate: alr -d -n build --release -- -cargs:Ada -gnatwn
Note: Building gid=14.0.0/gid.gpr...
"obj\debug" created
[Ada Compile]     all_rgb.adb
[Ada Compile]     benchmark.adb
[Ada Compile]     clusters.adb
[Ada Compile]     color_avg.adb
[Ada Compile]     color_distances.adb
[Ada Compile]     color_statistics.adb
[Ada Compile]     comp_img.adb
clusters.adb:63:03: warning: visible declaration of "Real" at line 58 hides homonym from use clause [-gnatwh]
[Ada Compile]     comp_img_fct.adb
[Ada Compile]     dumb_png.adb
[Ada Compile]     fast_io.adb
[Ada Compile]     gid-buffering.adb
[Ada Compile]     gid-color_tables.adb
[Ada Compile]     gid-decoding_bmp.adb
[Ada Compile]     gid-decoding_gif.adb
[Ada Compile]     gid-decoding_jpg.adb
[Ada Compile]     gid-decoding_png-huffman.adb
[Ada Compile]     gid-decoding_png.adb
[Ada Compile]     gid-decoding_pnm.adb
[Ada Compile]     gid-decoding_qoi.adb
[Ada Compile]     gid-decoding_tga.adb
[Ada Compile]     gid-headers.adb
[Ada Compile]     gid.adb
[Ada Compile]     is_opaque.adb
[Ada Compile]     mini.adb
[Ada Bind]        all_rgb
[Ada Bind]        clusters
[Ada Bind]        color_avg
[Ada Compile]     recurve.adb
[Ada Bind]        benchmark
[Ada Bind]        comp_img
[Ada Compile]     steg.adb
[Ada Bind]        is_opaque
[Ada Compile]     to_bmp.adb
[Ada Bind]        mini
[Ada Compile]     to_png.adb
[Ada Bind]        recurve
[Ada Post-Bind]   b__all_rgb.adb
[Link]            all_rgb.exe
[Ada Post-Bind]   b__benchmark.adb
[Link]            benchmark.exe
[Ada Post-Bind]   b__clusters.adb
[Link]            clusters.exe
[Ada Post-Bind]   b__color_avg.adb
[Ada Bind]        steg
[Link]            color_avg.exe
[Ada Post-Bind]   b__comp_img.adb
[Link]            comp_img.exe
[Ada Post-Bind]   b__is_opaque.adb
[Ada Post-Bind]   b__mini.adb
[Link]            is_opaque.exe
[Link]            mini.exe
[Ada Post-Bind]   b__recurve.adb
[Ada Post-Bind]   b__steg.adb
[Link]            recurve.exe
[Link]            steg.exe
[Ada Bind]        to_png
[Ada Bind]        to_bmp
[Ada Post-Bind]   b__to_png.adb
[Ada Post-Bind]   b__to_bmp.adb
[Link]            to_bmp.exe
[Link]            to_png.exe
Note: Building png_embed=1.0.1/png_embed.gpr...
"obj\release" created
"bin" created
[Ada Compile]     options.adb
[Ada Compile]     png_embed.adb
[Ada Bind]        png_embed
[Ada Post-Bind]   b__png_embed.adb
[Link]            png_embed.exe
Success: Build finished successfully in 96.08 seconds.
Found declared GPR file: png_embed.gpr
[alr test] Test completed SUCCESSFULLY
