Test ran at 2026-10-09 13:10:20.311770+00:00

SOLUTION:
nmea_0183=0.1.0: NMEA 0183 message decoder
Origin: commit 6f0c8b4b2d70d703881e8bda3c05c01db357501c from https://github.com/reznikmm/nmea-0183.git
Properties:
   Author: Max Reznik
   Build Switches: 
   Configuration: no modifiers
   Description: NMEA 0183 message decoder
   License: MIT OR Apache-2.0 WITH LLVM-exception
   Maintainer: Max Reznik <reznikmm@gmail.com>
   Maintainers_Logins: reznikmm
   Name: nmea_0183
   Project_File: gnat/nmea_0183.gpr
   Tag: gps
   Tag: parser
   Version: 0.1.0
   Website: https://github.com/reznikmm/nmea-0183


LOG:
[alr test] Testing nmea_0183=0.1.0
[alr test] Spawning retrieval for remote crate: alr -d -n get nmea_0183=0.1.0
Note: Deploying nmea_0183=0.1.0...

nmea_0183=0.1.0 successfully retrieved.
There are no dependencies.
[alr test] Spawning default test for remote crate: alr -d -n build --release -- -cargs:Ada -gnatwn
Note: Building nmea_0183=0.1.0/gnat/nmea_0183.gpr...
"..\.obj\release" created
"..\.lib" created
[Ada Compile]     nmea_0183-parse_message.ads
[Ada Compile]     nmea_0183.adb
gnat1: invalid switch: -gnat2022
nmea_0183.gpr: error: [Ada Compile] nmea_0183-parse_message.ads (nmea_0183.gpr) failed with status 1
gnat1: invalid switch: -gnat2022
nmea_0183.gpr: error: [Ada Compile] nmea_0183.adb (nmea_0183.gpr) failed with status 1
stderr: Command ["gprbuild", "-s", "-j0", "-p", "-P", "D:\a\alire-crates-ci\alire-crates-ci\test\7142d853-3fa6-4ad0-a24f-eba1efdf9b73\nmea_0183_0.1.0_6f0c8b4b\gnat/nmea_0183.gpr", "-cargs:Ada", "-gnatwn"] exited with code 4
ERROR: Command ["gprbuild", "-s", "-j0", "-p", "-P", "D:\a\alire-crates-ci\alire-crates-ci\test\7142d853-3fa6-4ad0-a24f-eba1efdf9b73\nmea_0183_0.1.0_6f0c8b4b\gnat/nmea_0183.gpr", "-cargs:Ada", "-gnatwn"] exited with code 4
stderr: ALIRE.CHECKED_ERROR
stderr: Command ["gprbuild", "-s", "-j0", "-p", "-P", "D:\a\alire-crates-ci\alire-crates-ci\test\7142d853-3fa6-4ad0-a24f-eba1efdf9b73\nmea_0183_0.1.0_6f0c8b4b\gnat/nmea_0183.gpr", "-cargs:Ada", "-gnatwn"] exited with code 4
stderr: raised ALIRE.CHECKED_ERROR : alire-stored-error:1
[D:\a\alire-crates-ci\alire-crates-ci\alire_install\bin\alr.exe]
0x7ff62bf9da2a Semantic_Versioning.Basic.Restrictions.First_Index at alire.adb:284
0x7ff62bb9595b Semantic_Versioning.Basic.Restrictions.First_Index at alire-os_lib-subprocess.adb:111
0x7ff62be4cba1 Semantic_Versioning.Basic.Restrictions.First_Index at alire-spawn.adb:22
0x7ff62be4dd5d Semantic_Versioning.Basic.Restrictions.First_Index at alire-spawn.adb:68
0x7ff62bd72d64 Semantic_Versioning.Basic.Restrictions.First_Index at alire-roots.adb:189
0x7ff62bd711da Semantic_Versioning.Basic.Restrictions.First_Index at alire-roots.adb:255
0x7ff62bd9912d Semantic_Versioning.Basic.Restrictions.First_Index at alire-roots.adb:2143
0x7ff62be082f9 Semantic_Versioning.Basic.Restrictions.First_Index at alire-solutions.adb:1472
0x7ff62be07424 Semantic_Versioning.Basic.Restrictions.First_Index at alire-solutions.adb:1555
0x7ff62bd9922c Semantic_Versioning.Basic.Restrictions.First_Index at alire-roots.adb:2147
0x7ff62bd992fa Semantic_Versioning.Basic.Restrictions.First_Index at alire-roots.adb:2127
0x7ff62bd717a7 Semantic_Versioning.Basic.Restrictions.First_Index at alire-roots.adb:286
0x7ff62bd71912 Semantic_Versioning.Basic.Restrictions.First_Index at alire-roots.adb:114
0x7ff62b4e3baa Semantic_Versioning.Basic.Restrictions.First_Index at alr-commands-build.adb:145
0x7ff62b4e341e Semantic_Versioning.Basic.Restrictions.First_Index at alr-commands-build.adb:113
0x7ff62b4e35ba Semantic_Versioning.Basic.Restrictions.First_Index at alr-commands-build.adb:54
0x7ff62b595dea Semantic_Versioning.Basic.Restrictions.First_Index at clic-subcommand-instance.adb:749
0x7ff62b5a2b0e Semantic_Versioning.Basic.Restrictions.First_Index at alr-commands.adb:632
0x7ff62b4716a0 Alr.Main at alr-main.adb:13
0x7ff62b475270 Main at b__alr-main.adb:2454
0x7ff62b47133e __tmainCRTStartup at ???
0x7ff62b471144 mainCRTStartup at ???
[C:\Windows\System32\KERNEL32.DLL]
0x7ffd938be985
[C:\Windows\SYSTEM32\ntdll.dll]
0x7ffd955ec53a

stderr: ALIRE.ROOTS.BUILD._WRAPPED_STATEMENTS.BUILD_FAILED
stderr: alire-roots.adb:202
stderr: raised ALIRE.ROOTS.BUILD._WRAPPED_STATEMENTS.BUILD_FAILED : alire-roots.adb:202
[D:\a\alire-crates-ci\alire-crates-ci\alire_install\bin\alr.exe]
0x7ff62bd7313c Semantic_Versioning.Basic.Restrictions.First_Index at alire-roots.adb:202
0x7ff62bd711da Semantic_Versioning.Basic.Restrictions.First_Index at alire-roots.adb:255
0x7ff62bd9912d Semantic_Versioning.Basic.Restrictions.First_Index at alire-roots.adb:2143
0x7ff62be082f9 Semantic_Versioning.Basic.Restrictions.First_Index at alire-solutions.adb:1472
0x7ff62be07424 Semantic_Versioning.Basic.Restrictions.First_Index at alire-solutions.adb:1555
0x7ff62bd9922c Semantic_Versioning.Basic.Restrictions.First_Index at alire-roots.adb:2147
0x7ff62bd992fa Semantic_Versioning.Basic.Restrictions.First_Index at alire-roots.adb:2127
0x7ff62bd717a7 Semantic_Versioning.Basic.Restrictions.First_Index at alire-roots.adb:286
0x7ff62bd71912 Semantic_Versioning.Basic.Restrictions.First_Index at alire-roots.adb:114
0x7ff62b4e3baa Semantic_Versioning.Basic.Restrictions.First_Index at alr-commands-build.adb:145
0x7ff62b4e341e Semantic_Versioning.Basic.Restrictions.First_Index at alr-commands-build.adb:113
0x7ff62b4e35ba Semantic_Versioning.Basic.Restrictions.First_Index at alr-commands-build.adb:54
0x7ff62b595dea Semantic_Versioning.Basic.Restrictions.First_Index at clic-subcommand-instance.adb:749
0x7ff62b5a2b0e Semantic_Versioning.Basic.Restrictions.First_Index at alr-commands.adb:632
0x7ff62b4716a0 Alr.Main at alr-main.adb:13
0x7ff62b475270 Main at b__alr-main.adb:2454
0x7ff62b47133e __tmainCRTStartup at ???
0x7ff62b471144 mainCRTStartup at ???
[C:\Windows\System32\KERNEL32.DLL]
0x7ffd938be985
[C:\Windows\SYSTEM32\ntdll.dll]
0x7ffd955ec53a

ERROR: Compilation failed.
