Test ran at 2026-10-05 01:41:34.791722+00:00

SOLUTION:
gnat_riscv64_elf=16.1.0: The GNAT Ada compiler - RISC-V cross-compiler
Provides: gnat=16.1.0
Origin: (case OS is Linux => (case Host_Arch is Aarch64 => binary archive gnat-riscv64-elf-linux64-aarch64-16.1.0-1.tar.gz at https://github.com/alire-project/GNAT-FSF-builds/releases/download/gnat-16.1.0-1/gnat-riscv64-elf-linux64-aarch64-16.1.0-1.tar.gz, X86_64 => binary archive gnat-riscv64-elf-linux64-x86_64-16.1.0-1.tar.gz at https://github.com/alire-project/GNAT-FSF-builds/releases/download/gnat-16.1.0-1/gnat-riscv64-elf-linux64-x86_64-16.1.0-1.tar.gz), Macos => (case Host_Arch is Aarch64 => binary archive gnat-riscv64-elf-darwin-aarch64-16.1.0-1.tar.gz at https://github.com/alire-project/GNAT-FSF-builds/releases/download/gnat-16.1.0-1/gnat-riscv64-elf-darwin-aarch64-16.1.0-1.tar.gz, X86_64 => binary archive gnat-riscv64-elf-darwin-x86_64-16.1.0-1.tar.gz at https://github.com/alire-project/GNAT-FSF-builds/releases/download/gnat-16.1.0-1/gnat-riscv64-elf-darwin-x86_64-16.1.0-1.tar.gz), Windows => (case Host_Arch is X86_64 => binary archive gnat-riscv64-elf-windows64-x86_64-16.1.0-1.tar.gz at https://github.com/alire-project/GNAT-FSF-builds/releases/download/gnat-16.1.0-1/gnat-riscv64-elf-windows64-x86_64-16.1.0-1.tar.gz)) with hash sha256:48210284ccc4ef7e5522554f3b3181299610a5af31f7542c40a649cca8ac7b73
Properties:
   Auto_Gpr_With: auto-gpr-with=false
   Configuration: no modifiers
   Description: The GNAT Ada compiler - RISC-V cross-compiler
   Environment: PATH=${CRATE_ROOT}/bin:${PATH}
   License: GPL-3.0-or-later AND GPL-3.0-or-later WITH GCC-exception-3.1
   Maintainer: chouteau@adacore.com
   Maintainer: sagaert@adacore.com
   Maintainers_Logins: Fabien-Chouteau
   Maintainers_Logins: AldanTanneo
   Name: gnat_riscv64_elf
   Version: 16.1.0
   Website: https://github.com/alire-project/GNAT-FSF-builds


LOG:
[alr test] Testing gnat_riscv64_elf=16.1.0
[alr test] Spawning retrieval for remote crate: alr -d -n get gnat_riscv64_elf=16.1.0
Note: Deploying gnat_riscv64_elf=16.1.0...

#=#=#                                                                          
                                                                           0.0%
                                                                           0.4%
##                                                                         3.5%
####                                                                       6.0%
######                                                                     8.9%
#######                                                                   11.1%
########                                                                  11.9%
##########                                                                14.7%
###########                                                               16.7%
############                                                              17.8%
##############                                                            20.8%
################                                                          22.8%
#################                                                         23.8%
#################                                                         24.0%
##################                                                        25.8%
###################                                                       27.3%
#####################                                                     29.6%
#####################                                                     29.7%
#######################                                                   32.6%
########################                                                  34.1%
#########################                                                 35.7%
###########################                                               38.6%
############################                                              40.2%
##############################                                            42.3%
################################                                          44.6%
#################################                                         46.4%
##################################                                        47.5%
###################################                                       49.6%
####################################                                      50.5%
#####################################                                     52.0%
######################################                                    53.2%
######################################                                    53.5%
########################################                                  56.4%
#########################################                                 58.2%
##########################################                                59.4%
############################################                              62.0%
#############################################                             63.0%
##############################################                            64.9%
###############################################                           65.4%
#################################################                         68.3%
###################################################                       71.3%
#####################################################                     74.3%
######################################################                    75.6%
#######################################################                   77.2%
#########################################################                 80.2%
###########################################################               82.4%
###########################################################               83.2%
##############################################################            86.1%
################################################################          89.1%
##################################################################        92.1%
####################################################################      94.7%
####################################################################      95.0%
####################################################################      95.4%
#####################################################################     96.9%
######################################################################    98.0%
######################################################################## 100.0%

gnat_riscv64_elf=16.1.0 successfully retrieved.
There are no dependencies.
[alr test] Test completed SUCCESSFULLY
