Test ran at 2026-06-13 01:45:13.781938+00:00

SOLUTION:
gnat_riscv64_elf=15.2.1: The GNAT Ada compiler - RISC-V cross-compiler
Provides: gnat=15.2.1
Origin: (case OS is Linux => (case Host_Arch is Aarch64 => binary archive gnat-riscv64-elf-linux64-aarch64-15.2.0-1.tar.gz at https://github.com/alire-project/GNAT-FSF-builds/releases/download/gnat-15.2.0-1/gnat-riscv64-elf-linux64-aarch64-15.2.0-1.tar.gz, X86_64 => binary archive gnat-riscv64-elf-linux64-x86_64-15.2.0-1.tar.gz at https://github.com/alire-project/GNAT-FSF-builds/releases/download/gnat-15.2.0-1/gnat-riscv64-elf-linux64-x86_64-15.2.0-1.tar.gz), Macos => (case Host_Arch is X86_64 => binary archive gnat-riscv64-elf-darwin-x86_64-15.2.0-1.tar.gz at https://github.com/alire-project/GNAT-FSF-builds/releases/download/gnat-15.2.0-1/gnat-riscv64-elf-darwin-x86_64-15.2.0-1.tar.gz), Windows => (case Host_Arch is X86_64 => binary archive gnat-riscv64-elf-windows64-x86_64-15.2.0-1.tar.gz at https://github.com/alire-project/GNAT-FSF-builds/releases/download/gnat-15.2.0-1/gnat-riscv64-elf-windows64-x86_64-15.2.0-1.tar.gz)) with hash sha256:833ceade297de180bb11ed4d9d0c50e587f480ce90acf6a13e6344c87725d5d4
Properties:
   Auto_Gpr_With: auto-gpr-with=false
   Configuration: no modifiers
   Description: The GNAT Ada compiler - RISC-V cross-compiler
   Environment: PATH=${CRATE_ROOT}/bin:${PATH}
   License: GPL-3.0-or-later AND GPL-3.0-or-later WITH GCC-exception-3.1
   Maintainer: chouteau@adacore.com
   Maintainer: sagaert@adacore.com
   Maintainers_Logins: Fabien-Chouteau
   Maintainers_Logins: AldanTanneo
   Name: gnat_riscv64_elf
   Version: 15.2.1
   Website: https://github.com/alire-project/GNAT-FSF-builds


LOG:
[alr test] Testing gnat_riscv64_elf=15.2.1
[alr test] Spawning retrieval for remote crate: alr -d -n get gnat_riscv64_elf=15.2.1
Note: Deploying gnat_riscv64_elf=15.2.1...
#=#=#                                                                          

                                                                           0.2%
##                                                                         3.1%
####                                                                       6.3%
#######                                                                   10.3%
#########                                                                 13.1%
###########                                                               15.7%
#############                                                             18.1%
##############                                                            19.6%
###############                                                           21.4%
###################                                                       26.8%
#####################                                                     29.9%
########################                                                  33.4%
########################                                                  34.0%
##########################                                                36.1%
#############################                                             40.5%
###############################                                           43.9%
###################################                                       49.0%
#####################################                                     51.6%
#######################################                                   54.7%
########################################                                  56.7%
###########################################                               60.3%
############################################                              62.0%
##############################################                            65.0%
#################################################                         68.2%
##################################################                        70.8%
####################################################                      73.1%
######################################################                    75.2%
########################################################                  77.8%
#########################################################                 80.0%
###########################################################               82.6%
#############################################################             84.9%
##############################################################            86.3%
################################################################          89.0%
################################################################          90.2%
##################################################################        92.8%
####################################################################      95.0%
#####################################################################     96.1%
#####################################################################     96.2%
#####################################################################     96.4%
######################################################################## 100.0%

gnat_riscv64_elf=15.2.1 successfully retrieved.
There are no dependencies.
[alr test] Test completed SUCCESSFULLY
