Test ran at 2026-05-28 14:11:57.624164+00:00

SOLUTION:
pico_ada_c01_blink_e=1.7.0: Chapter 1 Reloaded: Blinking LEDs on Both Cores
Origin: source archive pico_ada_c01_blink_e-1.7.0.tgz at https://sourceforge.net/projects/pi-ada-tutorial/files/Alire/pico_ada_c01_blink_e-1.7.0.tgz with hashes sha256:661b9c20483d47fa9d061fc41df6de5a119edba085203ece98d0b5a07c3f5cfa, sha512:eacfdfc2a2c2f2c5dfffbe3009d80d663569c74121a6f0a0c0a26f34b85aa6a61d22fb554a014fdef9dfcbce72796b7214abcc905d7131a963008411e31859ec
Properties:
   Author: Martin Krischik <krischik@users.sourceforge.net>
   Build Switches: 
   Config set: embedded_rp2040 {Board := rpi_pico, Max_CPUs := 2}
   Config set: rp2040_hal {Interrupts := bb_runtimes, Use_Startup := false}
   Configuration: no modifiers
   Description: Chapter 1 Reloaded: Blinking LEDs on Both Cores
   Executable: blink
   Executable: double_blink-main
   Executable: sketch_01_1_blink
   Executable: sketch_01_2_blink
   Executable: uart_echo
   License: GPL-3.0-or-later
   Long_Description: Blinking LEDs on Both Cores Updated Chapter 1 using the new embedded_rp2040
runtime - now with proper multi-core support, Ada.Real_Time, and delay until for accurate, slippage-free LED blinking on
Raspberry Pi Pico.

After quick community help, I rewrote Chapter 1 to use light tasking on both RP2040 cores. No more manual timers -
clean, precise dual-LED blinking with zero slippage.

Contained in Chapter 01 reloaded are:

1. blink	     - Jeremy Grosser Ada sample
2. sketch_01_1_blink - Chapter 1.1 Blink internal LED
3. sketch_01_2_blink - Chapter 1.2 Blink external LED
4. double_blink-main - double blink using both cores.

Read the full tutorial at [Chapter 1 Reloaded: Dual-Core Light Tasking - Blinking LEDs on Both
Cores](https://pi-ada-tutorial.sourceforge.io/pico_ada_c01_blink_e), [GNATdoc
documentation](https://pi-ada-tutorial.sourceforge.io/gnatdoc/pico_ada_c01_blink_e/), [SourceForge
repository](https://sourceforge.net/p/pi-ada-tutorial/code/ci/master/tree/pico2_ada_c01_blink_lt/)

   Maintainer: Martin Krischik <krischik@users.sourceforge.net>
   Maintainers_Logins: krischik
   Name: pico_ada_c01_blink_e
   Tag: raspberry
   Tag: pi
   Tag: pico
   Tag: rp2040
   Tag: tasking
   Tag: light-tasking
   Tag: ada2022
   Tag: embedded
   Version: 1.7.0
   Website: https://pi-ada-tutorial.sourceforge.io/pico_ada_c01_blink_e
Dependencies (direct):
   embedded_rp2040^15.4
   pico_bsp^2.2
   pico_xbsp^1.7
   rp2040_hal^2.7.1
Dependencies (solution):
   atomic=1.1.0
   bbqueue=1.0.0
   cortex_m=1.1.0
   embedded_rp2040=15.4.0
   gnat=15.2.1 (gnat_arm_elf)
   gnat_arm_elf=15.2.1
   hal=1.0.0
   pico_bsp=2.2.0
   pico_xbsp=1.7.0
   rp2040_hal=2.7.1
   usb_embedded=1.0.1
Dependencies (graph):
   bbqueue=1.0.0              --> atomic=1.1.0 (^1.0.0)
   bbqueue=1.0.0              --> gnat=15.2.1 (gnat_arm_elf) (>=10)
   cortex_m=1.1.0             --> gnat_arm_elf=15.2.1 (>=12)
   cortex_m=1.1.0             --> hal=1.0.0 (~0.3 | ^1.0.0)
   embedded_rp2040=15.4.0     --> gnat_arm_elf=15.2.1 (^15)
   pico_ada_c01_blink_e=1.7.0 --> embedded_rp2040=15.4.0 (^15.4)
   pico_ada_c01_blink_e=1.7.0 --> pico_bsp=2.2.0 (^2.2)
   pico_ada_c01_blink_e=1.7.0 --> pico_xbsp=1.7.0 (^1.7)
   pico_ada_c01_blink_e=1.7.0 --> rp2040_hal=2.7.1 (^2.7.1)
   pico_bsp=2.2.0             --> rp2040_hal=2.7.1 (^2)
   pico_xbsp=1.7.0            --> pico_bsp=2.2.0 (^2.2)
   rp2040_hal=2.7.1           --> atomic=1.1.0 (^1)
   rp2040_hal=2.7.1           --> cortex_m=1.1.0 (^1)
   rp2040_hal=2.7.1           --> gnat_arm_elf=15.2.1 (>=14 & /=15.1.2)
   rp2040_hal=2.7.1           --> hal=1.0.0 (^1)
   rp2040_hal=2.7.1           --> usb_embedded=1.0.1 (^1)
   usb_embedded=1.0.1         --> bbqueue=1.0.0 (^1.0.0)
   usb_embedded=1.0.1         --> hal=1.0.0 (^1.0.0)


LOG:
[alr test] Testing pico_ada_c01_blink_e=1.7.0
[alr test] Spawning retrieval for remote crate: alr -d -n get pico_ada_c01_blink_e=1.7.0
Note: Deploying pico_ada_c01_blink_e=1.7.0...

#=#=#                                                                          
######################################################################## 100.0%
######################################################################## 100.0%
######################################################################## 100.0%
######################################################################## 100.0%
##O#-#                                                                         
######################################################################## 100.0%

pico_ada_c01_blink_e=1.7.0 successfully retrieved.
Dependencies were solved as follows:

   +  atomic          1.1.0  (new,indirect)
   +  bbqueue         1.0.0  (new,indirect)
   +  cortex_m        1.1.0  (new,indirect)
   +  embedded_rp2040 15.4.0 (new)
   +b gnat            15.2.1 (new,gnat_arm_elf,indirect,binary)
   +b gnat_arm_elf    15.2.1 (new,indirect,binary)
   +  hal             1.0.0  (new,indirect)
   +  pico_bsp        2.2.0  (new)
   +  pico_xbsp       1.7.0  (new)
   +  rp2040_hal      2.7.1  (new)
   +  usb_embedded    1.0.1  (new,indirect)
[alr test] Spawning default test for remote crate: alr -d -n build --release -- -cargs:Ada -gnatwn
Note: Building pico_ada_c01_blink_e=1.7.0/pico_ada_c01_blink_e.gpr...
Setup
   [mkdir]        object directory for project Pico_Ada_C01_Blink_E
   [mkdir]        exec directory for project Pico_Ada_C01_Blink_E
Compile
   [Ada]          blink.adb
   [Ada]          double_blink-main.adb
   [Ada]          sketch_01_1_blink.adb
   [Ada]          sketch_01_2_blink.adb
   [Ada]          uart_echo.adb
   [Ada]          pico_xbsp_config.ads
   [Ada]          pico-uart_io.adb
   [Ada]          pico-tone.adb
   [Ada]          pico-analog.adb
   [Ada]          pico-analog-rgb_led.adb
   [Ada]          pico-utils.adb
   [Ada]          bbqueue_config.ads
   [Ada]          bbqueue-buffers.adb
   [Ada]          bbqueue-buffers-framed.adb
   [Ada]          bbqueue.adb
   [Ada]          usb_embedded_config.ads
   [Ada]          usb-device.adb
   [Ada]          usb-device-hid.adb
   [Ada]          usb-utils.adb
   [Ada]          usb-device-hid-keyboard.adb
   [Ada]          usb-device-midi.adb
   [Ada]          usb-hal.ads
   [Ada]          usb-lang.ads
   [Ada]          usb-logging.ads
   [Ada]          usb.adb
   [Ada]          usb-device-serial.adb
   [Ada]          usb-device-hid-mouse.adb
   [Ada]          usb-device-hid-joystick.adb
   [Ada]          usb-hal-device.ads
   [Ada]          usb-device-control.adb
   [Ada]          usb-device-hid-gamepad.adb
   [Ada]          usb-logging-device__null.adb
   [Ada]          hal-dsi.ads
   [Ada]          hal-time.ads
   [Ada]          hal-bitmap.ads
   [Ada]          hal-touch_panel.ads
   [Ada]          hal.ads
   [Ada]          hal-sdmmc.adb
   [Ada]          hal-block_drivers.ads
   [Ada]          hal-framebuffer.ads
   [Ada]          hal-real_time_clock.ads
   [Ada]          hal-gpio.ads
   [Ada]          hal-uart.ads
   [Ada]          hal-filesystem.ads
   [Ada]          hal-spi.ads
   [Ada]          hal-flash.ads
   [Ada]          hal-i2c.ads
   [Ada]          hal-audio.ads
   [Ada]          cortex_m-nvic.adb
   [Ada]          cortex_m-cache.adb
   [Ada]          cortex_m_svd-dwt.ads
   [Ada]          cortex_m_svd-scb.ads
   [Ada]          cortex_m_svd-systick.ads
   [Ada]          cortex_m_svd.ads
   [Ada]          cortex_m_svd-debug.ads
   [Ada]          cortex_m_svd-nvic.ads
   [Ada]          cortex_m_config.ads
   [Ada]          cortex_m-hints.adb
   [Ada]          cortex_m.ads
   [Ada]          semihosting.adb
   [Ada]          cortex_m-systick.adb
   [Ada]          cortex_m-reset.adb
   [Ada]          semihosting-filesystem.adb
   [Ada]          cortex_m-debug.adb
   [Ada]          memory_barriers.adb
   [Ada]          cortex_m-dwt.adb
   [Ada]          atomic-critical_section.adb
   [Ada]          atomic-signed.adb
   [Ada]          atomic-unsigned.adb
   [Ada]          atomic.adb
   [Ada]          atomic-basic_operations.adb
   [Ada]          atomic_config.ads
   [Ada]          atomic-unsigned_16.ads
   [Ada]          atomic-unsigned_32.ads
   [Ada]          atomic-signed_16.ads
   [Ada]          atomic-signed_32.ads
   [Ada]          atomic-signed_8.ads
   [Ada]          atomic-unsigned_8.ads
   [Ada]          rp2040_hal_config.ads
   [Ada]          rp-timer-interrupts.adb
   [Ada]          rp-device.ads
   [Ada]          rp2040_svd-syscfg.ads
   [Ada]          rp2040_svd-pwm.ads
   [Ada]          rp2040_svd-sysinfo.ads
   [Ada]          rp2040_svd-vreg_and_chip_reset.ads
   [Ada]          rp2040_svd-io_bank0.ads
   [Ada]          rp2040_svd-rosc.ads
   [Ada]          rp2040_svd-timer.ads
   [Ada]          rp2040_svd-usbctrl_dpram.ads
   [Ada]          rp2040_svd-io_qspi.ads
   [Ada]          rp2040_svd-resets.ads
   [Ada]          rp2040_svd-adc.ads
   [Ada]          rp2040_svd-ppb.ads
   [Ada]          rp2040_svd-pads_qspi.ads
   [Ada]          rp2040_svd-busctrl.ads
   [Ada]          rp2040_svd-pll.ads
   [Ada]          rp2040_svd-xip_ssi.ads
   [Ada]          rp2040_svd-dma.ads
   [Ada]          rp2040_svd-watchdog.ads
   [Ada]          rp2040_svd-interrupts.ads
   [Ada]          rp2040_svd-i2c.ads
   [Ada]          rp2040_svd-tbman.ads
   [Ada]          rp2040_svd.ads
   [Ada]          rp2040_svd-sio.ads
   [Ada]          rp2040_svd-uart.ads
   [Ada]          rp2040_svd-pio.ads
   [Ada]          rp2040_svd-rtc.ads
   [Ada]          rp2040_svd-spi.ads
   [Ada]          rp2040_svd-xip_ctrl.ads
   [Ada]          rp2040_svd-pads_bank0.ads
   [Ada]          rp2040_svd-usbctrl_regs.ads
   [Ada]          rp2040_svd-xosc.ads
   [Ada]          rp2040_svd-psm.ads
   [Ada]          rp2040_svd-clocks.ads
   [Ada]          rp-adc.adb
   [Ada]          rp-rom-floating_point.adb
   [Ada]          rp-pwm.adb
   [Ada]          rp-pio-audio_i2s.adb
   [Ada]          rp-i2c_master.adb
   [Ada]          rp-pio-ws2812_pio.ads
   [Ada]          rp-pio-touch_sense.adb
   [Ada]          rp-flash.adb
   [Ada]          rp-multicore.adb
   [Ada]          rp-pio-touch_sense_discharge_pio.ads
   [Ada]          rp-rtc.adb
   [Ada]          rp-spi.adb
   [Ada]          rp-timer.adb
   [Ada]          rp-rom.adb
   [Ada]          rp-dma.adb
   [Ada]          rp-pio.adb
   [Ada]          rp-watchdog.adb
   [Ada]          rp-i2c.adb
   [Ada]          rp-uart.adb
   [Ada]          rp-pio-touch_sense_charge_pio.ads
   [Ada]          rp-reset.adb
   [Ada]          rp-usb_device.adb
   [Ada]          rp-pio-encoding.ads
   [Ada]          rp-flash-cache.adb
   [Ada]          rp-pio-ws2812.adb
   [Ada]          rp-clock.adb
   [Ada]          rp-gpio.adb
   [Ada]          rp-pio-audio_i2s_pio.ads
   [Ada]          rp-multicore-spinlocks.adb
   [Ada]          rp-multicore-fifo.adb
   [Ada]          rp-interpolator.ads
   [Ada]          rp.ads
   [Ada]          pico_bsp_config.ads
   [Ada]          pico-pimoroni-audio_pack.ads
   [Ada]          pico.ads
   [Ada]          pico-pimoroni-rgb_keypad.adb
   [Ada]          pico-audio_i2s.ads
   [Ada]          pico-pimoroni.ads
   [Ada]          double_blink.adb
Build Libraries
   [gprlib]       Atomic.lexch
   [gprlib]       hal.lexch
   [gprlib]       Cortex_M.lexch
   [archive]      libAtomic.a
   [archive]      libhal.a
   [index]        libhal.a
   [index]        libAtomic.a
   [gprlib]       Bbqueue.lexch
   [gprlib]       Usb_Embedded.lexch
   [archive]      libCortex_M.a
   [archive]      libBbqueue.a
   [index]        libBbqueue.a
   [index]        libCortex_M.a
   [gprlib]       Rp2040_Hal.lexch
   [archive]      libUsb_Embedded.a
   [index]        libUsb_Embedded.a
   [gprlib]       Pico_Bsp.lexch
   [archive]      libRp2040_Hal.a
   [index]        libRp2040_Hal.a
   [gprlib]       Pico_XBSP.lexch
   [archive]      libPico_Bsp.a
   [index]        libPico_Bsp.a
   [archive]      libPico_XBSP.a
   [index]        libPico_XBSP.a
Bind
   [gprbind]      blink.bexch
   [Ada]          blink.ali
   [gprbind]      double_blink-main.bexch
   [Ada]          double_blink-main.ali
   [gprbind]      sketch_01_1_blink.bexch
   [Ada]          sketch_01_1_blink.ali
   [gprbind]      sketch_01_2_blink.bexch
   [Ada]          sketch_01_2_blink.ali
   [gprbind]      uart_echo.bexch
   [Ada]          uart_echo.ali
Link
   [link]         blink.adb
   [link]         double_blink-main.adb
   [link]         sketch_01_1_blink.adb
   [link]         sketch_01_2_blink.adb
   [link]         uart_echo.adb
Success: Build finished successfully in 8.26 seconds.
Found declared GPR file: pico_ada_c01_blink_e.gpr
[alr test] Test completed SUCCESSFULLY
