Test ran at 2025-02-13 01:18:28.910782+00:00

SOLUTION:
gfx_core=0.1.0: Modular Portable Graphics Library, Core Components
Origin: commit 0ad900030f4d80d80792c61f0a0382876a471db8 from https://github.com/godunko/gfx-core.git
Properties:
   Author: Vadim Godunko
   Configuration: no modifiers
   Description: Modular Portable Graphics Library, Core Components
   License: Apache-2.0 WITH LLVM-exception
   Maintainer: Vadim Godunko <vgodunko@gmail.com>
   Maintainers_Logins: godunko
   Name: gfx_core
   Project_File: gnat/gfx_core.gpr
   Tag: graphics
   Version: 0.1.0


LOG:
Spawning: alr -d -n get --build gfx_core=0.1.0
Note: Deploying gfx_core=0.1.0...
Note: Building gfx_core=0.1.0/gnat/gfx_core.gpr...
Setup
   [mkdir]        object directory for project GFX_Core
Compile
   [Ada]          gfx-vectors.adb
   [Ada]          gfx-implementation.ads
   [Ada]          gfx-points.adb
   [Ada]          gfx.adb

gfx_core=0.1.0 successfully retrieved and built.
There are no dependencies.
Found declared GPR file: gnat/gfx_core.gpr
