Test ran at 2026-08-12 00:50:20.295098+00:00

SOLUTION:
a0b_armv7m_systick_clock_timer=0.1.0: A0B Monotonic Clock and Timer by ARMv7M SysTick
Provides: a0b_time_platform=0.1.0, a0b_timer_platform=0.1.0
Origin: commit 825079c39f3674ca94e2fc5b015f0b8c5afda6c3 from https://github.com/godunko/a0b-armv7m-systick_clock_timer.git
Properties:
   Author: Vadim Godunko
   Configuration: no modifiers
   Description: A0B Monotonic Clock and Timer by ARMv7M SysTick
   License: Apache-2.0 WITH LLVM-exception
   Maintainer: Vadim Godunko <vgodunko@gmail.com>
   Maintainers_Logins: godunko
   Name: a0b_armv7m_systick_clock_timer
   Project_File: gnat/a0b_time_platform.gpr
   Project_File: gnat/a0b_timer_platform.gpr
   Tag: a0b
   Tag: embedded
   Tag: time
   Tag: timer
   Tag: systick
   Version: 0.1.0
Dependencies (direct):
   a0b_armv7m*
   a0b_base*
Dependencies (solution):
   a0b_armv7m=0.4.0
   a0b_base=0.5.0
   gnat_arm_elf=15.3.1
Dependencies (graph):
   a0b_armv7m=0.4.0                     --> a0b_base=0.5.0 (*)
   a0b_armv7m=0.4.0                     --> gnat_arm_elf=15.3.1 (*)
   a0b_armv7m_systick_clock_timer=0.1.0 --> a0b_armv7m=0.4.0 (*)
   a0b_armv7m_systick_clock_timer=0.1.0 --> a0b_base=0.5.0 (*)


LOG:
[alr test] Testing a0b_armv7m_systick_clock_timer=0.1.0
[alr test] Spawning retrieval for remote crate: alr -d -n get a0b_armv7m_systick_clock_timer=0.1.0
Note: Deploying a0b_armv7m_systick_clock_timer=0.1.0...
Note: Deploying a0b_base=0.5.0...
Note: Deploying gnat_arm_elf=15.3.1...
#=#=#                                                                          

                                                                           1.2%
####                                                                       5.7%
#######                                                                   10.4%
#########                                                                 12.8%
###########                                                               15.8%
#############                                                             18.6%
###############                                                           21.6%
################                                                          22.6%
################                                                          23.4%
###################                                                       26.8%
######################                                                    31.4%
#########################                                                 35.3%
###########################                                               37.8%
#############################                                             41.4%
###############################                                           43.7%
#################################                                         46.0%
##################################                                        47.4%
###################################                                       49.6%
#######################################                                   54.7%
##########################################                                58.4%
############################################                              62.3%
##############################################                            65.0%
################################################                          67.9%
##################################################                        69.4%
###################################################                       70.9%
#####################################################                     74.1%
#######################################################                   77.6%
############################################################              84.4%
##############################################################            86.1%
##################################################################        92.5%
####################################################################      95.1%
#####################################################################     97.0%
######################################################################## 100.0%
Note: gnat_arm_elf=15.3.1 installed successfully.
Note: Deploying a0b_armv7m=0.4.0...

a0b_armv7m_systick_clock_timer=0.1.0 successfully retrieved.
Dependencies were solved as follows:

   +  a0b_armv7m   0.4.0  (new)
   +  a0b_base     0.5.0  (new)
   +b gnat_arm_elf 15.3.1 (new,indirect,binary)
[alr test] Spawning default test for remote crate: alr -d -n build --release -- -cargs:Ada -gnatwn
Note: Building a0b_armv7m_systick_clock_timer=0.1.0/gnat/a0b_time_platform.gpr (1/2)...
kb: warning: can't find a toolchain for the following configuration: language 'Ada', target 'x86_64-linux', default runtime
a0b_armv7m_systick_clock_timer.gpr:10:14: imported project file "a0b_time" not found
a0b_armv7m_systick_clock_timer.gpr:10:14: imported by "/home/runner/work/alire-crates-ci/alire-crates-ci/test/1b71f7b7-0936-44b9-bf17-7cfa701246a1/a0b_armv7m_systick_clock_timer_0.1.0_825079c3/gnat/a0b_armv7m_systick_clock_timer.gpr"
a0b_armv7m_systick_clock_timer.gpr:10:14: imported by "/home/runner/work/alire-crates-ci/alire-crates-ci/test/1b71f7b7-0936-44b9-bf17-7cfa701246a1/a0b_armv7m_systick_clock_timer_0.1.0_825079c3/gnat/a0b_time_platform.gpr"
a0b_armv7m_systick_clock_timer.gpr:11:14: imported project file "a0b_timer" not found
a0b_armv7m_systick_clock_timer.gpr:11:14: imported by "/home/runner/work/alire-crates-ci/alire-crates-ci/test/1b71f7b7-0936-44b9-bf17-7cfa701246a1/a0b_armv7m_systick_clock_timer_0.1.0_825079c3/gnat/a0b_armv7m_systick_clock_timer.gpr"
a0b_armv7m_systick_clock_timer.gpr:11:14: imported by "/home/runner/work/alire-crates-ci/alire-crates-ci/test/1b71f7b7-0936-44b9-bf17-7cfa701246a1/a0b_armv7m_systick_clock_timer_0.1.0_825079c3/gnat/a0b_time_platform.gpr"
gprbuild: "/home/runner/work/alire-crates-ci/alire-crates-ci/test/1b71f7b7-0936-44b9-bf17-7cfa701246a1/a0b_armv7m_systick_clock_timer_0.1.0_825079c3/gnat/a0b_time_platform.gpr" processing failed
stderr: Command ["gprbuild", "-s", "-j0", "-p", "-P", "/home/runner/work/alire-crates-ci/alire-crates-ci/test/1b71f7b7-0936-44b9-bf17-7cfa701246a1/a0b_armv7m_systick_clock_timer_0.1.0_825079c3/gnat/a0b_time_platform.gpr", "-cargs:Ada", "-gnatwn"] exited with code 5
ERROR: Command ["gprbuild", "-s", "-j0", "-p", "-P", "/home/runner/work/alire-crates-ci/alire-crates-ci/test/1b71f7b7-0936-44b9-bf17-7cfa701246a1/a0b_armv7m_systick_clock_timer_0.1.0_825079c3/gnat/a0b_time_platform.gpr", "-cargs:Ada", "-gnatwn"] exited with code 5
stderr: ALIRE.CHECKED_ERROR
stderr: Command ["gprbuild", "-s", "-j0", "-p", "-P", "/home/runner/work/alire-crates-ci/alire-crates-ci/test/1b71f7b7-0936-44b9-bf17-7cfa701246a1/a0b_armv7m_systick_clock_timer_0.1.0_825079c3/gnat/a0b_time_platform.gpr", "-cargs:Ada", "-gnatwn"] exited with code 5
stderr: raised ALIRE.CHECKED_ERROR : alire-stored-error:1
[/home/runner/work/alire-crates-ci/alire-crates-ci/alire_install/bin/alr]
0xe75bc6 Alire.Raise_Checked_Error at alire.adb:284
0xac1a54 Alire.Os_Lib.Subprocess.Checked_Spawn at alire-os_lib-subprocess.adb:111
0xd40276 Alire.Spawn.Command at alire-spawn.adb:22
0xd412ee Alire.Spawn.Gprbuild at alire-spawn.adb:68
0xc748cb Alire.Roots.Build at alire-roots.adb:189
0xc7301a Alire.Roots.Build at alire-roots.adb:255
0xc9832b Alire.Roots.Traverse at alire-roots.adb:2143
0xcfee85 Alire.Solutions.Traverse.Visit at alire-solutions.adb:1472
0xcfdfcc Alire.Solutions.Traverse at alire-solutions.adb:1555
0xc9841e Alire.Roots.Traverse at alire-roots.adb:2147
0xc984dd Alire.Roots.Traverse at alire-roots.adb:2127
0xc7359b Alire.Roots.Build at alire-roots.adb:286
0xc736d7 Alire.Roots.Build at alire-roots.adb:114
0x49aa0d Alr.Commands.Build.Execute at alr-commands-build.adb:145
0x49a36d Alr.Commands.Build.Execute at alr-commands-build.adb:113
0x49a51f Alr.Commands.Build.Execute at alr-commands-build.adb:54
0x53bbcc Alr.Commands.Sub_Cmd.Execute at clic-subcommand-instance.adb:749
0x5472be Alr.Commands.Execute at alr-commands.adb:632
0x43d48a Alr.Main at alr-main.adb:13
0x4403a3 Main at b__alr-main.adb:2445
[/lib/x86_64-linux-gnu/libc.so.6]
0x7fceb9a2a1c8
0x7fceb9a2a289
[/home/runner/work/alire-crates-ci/alire-crates-ci/alire_install/bin/alr]
0x43d323 _start at ???
0xfffffffffffffffe

stderr: ALIRE.ROOTS.BUILD._WRAPPED_STATEMENTS.BUILD_FAILED
stderr: alire-roots.adb:202
stderr: raised ALIRE.ROOTS.BUILD._WRAPPED_STATEMENTS.BUILD_FAILED : alire-roots.adb:202
[/home/runner/work/alire-crates-ci/alire-crates-ci/alire_install/bin/alr]
0xc74cc7 Alire.Roots.Build at alire-roots.adb:202
0xc7301a Alire.Roots.Build at alire-roots.adb:255
0xc9832b Alire.Roots.Traverse at alire-roots.adb:2143
0xcfee85 Alire.Solutions.Traverse.Visit at alire-solutions.adb:1472
0xcfdfcc Alire.Solutions.Traverse at alire-solutions.adb:1555
0xc9841e Alire.Roots.Traverse at alire-roots.adb:2147
0xc984dd Alire.Roots.Traverse at alire-roots.adb:2127
0xc7359b Alire.Roots.Build at alire-roots.adb:286
0xc736d7 Alire.Roots.Build at alire-roots.adb:114
0x49aa0d Alr.Commands.Build.Execute at alr-commands-build.adb:145
0x49a36d Alr.Commands.Build.Execute at alr-commands-build.adb:113
0x49a51f Alr.Commands.Build.Execute at alr-commands-build.adb:54
0x53bbcc Alr.Commands.Sub_Cmd.Execute at clic-subcommand-instance.adb:749
0x5472be Alr.Commands.Execute at alr-commands.adb:632
0x43d48a Alr.Main at alr-main.adb:13
0x4403a3 Main at b__alr-main.adb:2445
[/lib/x86_64-linux-gnu/libc.so.6]
0x7fceb9a2a1c8
0x7fceb9a2a289
[/home/runner/work/alire-crates-ci/alire-crates-ci/alire_install/bin/alr]
0x43d323 _start at ???
0xfffffffffffffffe

ERROR: Compilation failed.
