Test ran at 2026-08-24 13:02:12.954226+00:00

SOLUTION:
sha2=2.0.0: Secure Hash Algorithm 2 implemented in Ada
Origin: commit 73c2cd73e440b1e36d1b5c8b741fcb0e3fc4046c from https://github.com/AntonMeep/sha2.git
Properties:
   Author: Anton Fediushin
   Description: Secure Hash Algorithm 2 implemented in Ada
   License: ISC
   Maintainer: Anton Fediushin <imantonmeep@gmail.com>
   Maintainers_Logins: AntonMeep
   Name: sha2
   Tag: cryptography
   Tag: security
   Tag: sha2
   Version: 2.0.0
   Website: https://github.com/AntonMeep/sha2


LOG:
[alr test] Testing sha2=2.0.0
[alr test] Spawning retrieval for remote crate: alr -d -n get sha2=2.0.0
Note: Deploying sha2=2.0.0...

sha2=2.0.0 successfully retrieved.
There are no dependencies.
[alr test] Spawning default test for remote crate: alr -d -n build --release -- -cargs:Ada -gnatwn
Note: Building sha2=2.0.0/sha2.gpr...
"obj" created
"lib" created
[Ada Compile]     sha2.ads
[Ada Compile]     sha2_generic.ads
[Ada Compile]     sha2_generic_32.adb
[Ada Compile]     sha2_generic_64.adb
[Archive]         libsha2.a
Success: Build finished successfully in 2.62 seconds.
Found declared GPR file: sha2.gpr
[alr test] Test completed SUCCESSFULLY
