Test ran at 2026-10-08 13:12:10.021471+00:00

SOLUTION:
swiss_micros_tools=1.8.12: Cross-platform tools to supercharge your Swiss Micros experience
Origin: source archive swiss_micros_tools-1.8.12.tgz at https://sourceforge.net/projects/calculator-scripts/files/Alire/swiss_micros_tools-1.8.12.tgz with hashes sha256:e23e94daaadff9e3373f8e827f8dcfe066621fc373b2fe7f61f5291db37e863d, sha512:6f5088c776cf9cb0e94b16fb0ee0ef37ca787804ef8a78bb474f876a9d41e2d4ed2435c7ab199cbd445425f032dc5cf9ecabb2b503828e97cf94e810af6a9c9f
Properties:
   Test run: alr run (from ${CRATE_ROOT}/test)
   Author: Martin Krischik <krischik@users.sourceforge.net>
   Build Switches: 
   Description: Cross-platform tools to supercharge your Swiss Micros experience
   Executable: dm_receive-main.adb
   Executable: dm_set_time-main.adb
   License: GPL-3.0-or-later
   Long_Description: ## Swiss Micros Tools

Step into the golden era of handheld computing with **swiss_micros_tools**, a versatile suite that turbocharges your
SwissMicros calculator adventures!  Unlike workflows shackled to a serial terminal, this toolkit puts the three most
important USB-serial chores on the command line - no eyeballing a watch and no precision Enter-key gymnastics.

Currently implemented is **dm_set_time**: it sets the calculator clock second-precise from the host. Planned companions
are **dm_receive** and **dm_send**, completing the trio so you can move programs and data without opening a terminal at
all.

Unlike many tools shackled to Windows, this toolkit runs flawlessly on **macOS**, **Linux**, and **Windows**. Built with
the precision of **Ada 2022** for unshakeable reliability, the tools talk to the calculator over the USB serial link
with the same care SwissMicros put into the hardware.

### Getting started

Put the calculator into **SERIAL CONSOLE** mode before starting any of the tools. All three commands accept the same two
options so you can find your feet immediately:

```
    -d Device   --device=Device       device file (unix) or name (windows)
                                      of the USB serial device.
                DM_SERIAL_DEVICE=     set via environment variable

    -?          --help                this help
```

### Key Features

* **dm_set_time** *(available now)*: Set the calculator clock to the host time, second-precise - no watching a second
  hand and stabbing Enter.
* **dm_receive** *(planned)*: Pull programs and data from the calculator without a terminal session.
* **dm_send** *(planned)*: Push programs and data to the calculator without a terminal session.
* **Cross-Platform Power**: Runs natively on macOS, Linux, and Windows - like a portable Ada generic, no OS exceptions.
* **Open Source**: Hosted on [SourceForge](https://calculator-scripts.sourceforge.io/hp41cx-tools/), ready for you to
  hack, extend, and share with the retro computing community.

### Why You'll Love It

SwissMicros calculators already feel like the best of the 1980s, rebuilt for today. **swiss_micros_tools** removes the
last awkward step: talking to them through a raw serial console when all you wanted was the time set, a dump saved, or a
program loaded. Join the retro computing revolution - on any desktop OS, and without a terminal in sight.

   Maintainer: Martin Krischik <krischik@users.sourceforge.net>
   Maintainers_Logins: krischik
   Name: swiss_micros_tools
   Tag: calculator
   Tag: tools
   Tag: retrocomputing
   Tag: ada-2022
   Tag: dm16l
   Tag: cross-platform
   Version: 1.8.12
   Website: https://calculator-scripts.sourceforge.io/hp41cx-tools/
Dependencies (direct):
   adacl_regexp^8.0
   adacl_serial^8.0.1
Dependencies (solution):
   adacl=8.0.0
   adacl_desktop=8.0.0
   adacl_regexp=8.0.0
   adacl_serial=8.0.1
Dependencies (graph):
   adacl_desktop=8.0.0       --> adacl=8.0.0 (^8.0)
   adacl_regexp=8.0.0        --> adacl_desktop=8.0.0 (^8.0)
   adacl_serial=8.0.1        --> adacl=8.0.0 (^8.0)
   swiss_micros_tools=1.8.12 --> adacl_regexp=8.0.0 (^8.0)
   swiss_micros_tools=1.8.12 --> adacl_serial=8.0.1 (^8.0.1)


LOG:
Note: Synchronizing workspace...
Dependencies automatically updated as follows:

   +  adacl              8.0.0  (new,indirect)
   +  adacl_aunit        8.0.0  (new)
   +  adacl_desktop      8.0.0  (new)
   +  adacl_regexp       8.0.0  (new,indirect)
   +  adacl_serial       8.0.1  (new,indirect)
   +  aunit              26.0.0 (new,indirect)
   +. swiss_micros_tools 1.8.12 (new,path=..)

Note: Building swiss_micros_tools=1.8.12/swiss_micros_tools.gpr...
"C:\Users\runneradmin\AppData\Local\alire\cache\builds\adacl_serial_8.0.1_a3f522f5\9af6a8ee2691ce54df0c12168919e7aff2b54f242b1ade8bd64a53d26328c200\obj\release" created
"C:\Users\runneradmin\AppData\Local\alire\cache\builds\adacl_serial_8.0.1_a3f522f5\9af6a8ee2691ce54df0c12168919e7aff2b54f242b1ade8bd64a53d26328c200\lib" created
"obj\validation" created
"bin\validation" created
C:\Users\runneradmin\AppData\Local\alire\cache\builds\adacl_desktop_8.0.0_f8165a62\cc75082017157e770bc8ee438401b9ee7b486778fb71d9622e0ddf89f90ef2d0\src\adacl-trace.ads:191:07: warning: "Exit_Cases" is not a valid aspect identifier [enabled by default]
C:\Users\runneradmin\AppData\Local\alire\cache\builds\adacl_desktop_8.0.0_f8165a62\cc75082017157e770bc8ee438401b9ee7b486778fb71d9622e0ddf89f90ef2d0\src\adacl-trace.ads:205:07: warning: "Exit_Cases" is not a valid aspect identifier [enabled by default]
C:\Users\runneradmin\AppData\Local\alire\cache\builds\adacl_desktop_8.0.0_f8165a62\cc75082017157e770bc8ee438401b9ee7b486778fb71d9622e0ddf89f90ef2d0\src\adacl-trace.ads:219:07: warning: "Exit_Cases" is not a valid aspect identifier [enabled by default]
C:\Users\runneradmin\AppData\Local\alire\cache\builds\adacl_desktop_8.0.0_f8165a62\cc75082017157e770bc8ee438401b9ee7b486778fb71d9622e0ddf89f90ef2d0\src\adacl-trace.ads:233:07: warning: "Exit_Cases" is not a valid aspect identifier [enabled by default]
C:\Users\runneradmin\AppData\Local\alire\cache\builds\adacl_desktop_8.0.0_f8165a62\cc75082017157e770bc8ee438401b9ee7b486778fb71d9622e0ddf89f90ef2d0\src\adacl-trace.ads:250:15: warning: "Exit_Cases" is not a valid aspect identifier [enabled by default]
C:\Users\runneradmin\AppData\Local\alire\cache\builds\adacl_desktop_8.0.0_f8165a62\cc75082017157e770bc8ee438401b9ee7b486778fb71d9622e0ddf89f90ef2d0\src\adacl-trace.ads:268:07: warning: "Exit_Cases" is not a valid aspect identifier [enabled by default]
[Ada Compile]     adacl-wide_strings-spitbol-patterns.adb
[Ada Compile]     adacl-wide_strings-spitbol-table_boolean.ads
[Ada Compile]     adacl-wide_strings-spitbol-table_integer.ads
[Ada Compile]     adacl-wide_strings-spitbol-table_vstring.ads
C:\Users\runneradmin\AppData\Local\alire\cache\builds\adacl_regexp_8.0.0_84ac68b8\384ea8be051b9a1cf2f4f45dcead90e93fe3c33322f2ef350ca38100708913a8\src\adacl-wide_strings-spitbol-patterns.adb:2267:33: error: prefix of "Wide_Width" attribute must be scalar type
adacl_regexp.gpr: error: [Ada Compile] adacl-wide_strings-spitbol-patterns.adb (adacl_regexp.gpr) failed with status 1
C:\Users\runneradmin\AppData\Local\alire\cache\builds\adacl_regexp_8.0.0_84ac68b8\384ea8be051b9a1cf2f4f45dcead90e93fe3c33322f2ef350ca38100708913a8\src\adacl-wide_strings-spitbol-table_boolean.ads:44:01: error: instantiation error at adacl-wide_strings-spitbol.adb:532
C:\Users\runneradmin\AppData\Local\alire\cache\builds\adacl_regexp_8.0.0_84ac68b8\384ea8be051b9a1cf2f4f45dcead90e93fe3c33322f2ef350ca38100708913a8\src\adacl-wide_strings-spitbol-table_boolean.ads:44:01: error: prefix of "Wide_Width" attribute must be scalar type
adacl_regexp.gpr: error: [Ada Compile] adacl-wide_strings-spitbol-table_boolean.ads (adacl_regexp.gpr) failed with status 1
C:\Users\runneradmin\AppData\Local\alire\cache\builds\adacl_regexp_8.0.0_84ac68b8\384ea8be051b9a1cf2f4f45dcead90e93fe3c33322f2ef350ca38100708913a8\src\adacl-wide_strings-spitbol-table_integer.ads:44:01: error: instantiation error at adacl-wide_strings-spitbol.adb:532
C:\Users\runneradmin\AppData\Local\alire\cache\builds\adacl_regexp_8.0.0_84ac68b8\384ea8be051b9a1cf2f4f45dcead90e93fe3c33322f2ef350ca38100708913a8\src\adacl-wide_strings-spitbol-table_integer.ads:44:01: error: prefix of "Wide_Width" attribute must be scalar type
adacl_regexp.gpr: error: [Ada Compile] adacl-wide_strings-spitbol-table_integer.ads (adacl_regexp.gpr) failed with status 1
C:\Users\runneradmin\AppData\Local\alire\cache\builds\adacl_regexp_8.0.0_84ac68b8\384ea8be051b9a1cf2f4f45dcead90e93fe3c33322f2ef350ca38100708913a8\src\adacl-wide_strings-spitbol-table_vstring.ads:43:01: error: instantiation error at adacl-wide_strings-spitbol.adb:532
C:\Users\runneradmin\AppData\Local\alire\cache\builds\adacl_regexp_8.0.0_84ac68b8\384ea8be051b9a1cf2f4f45dcead90e93fe3c33322f2ef350ca38100708913a8\src\adacl-wide_strings-spitbol-table_vstring.ads:43:01: error: prefix of "Wide_Width" attribute must be scalar type
adacl_regexp.gpr: error: [Ada Compile] adacl-wide_strings-spitbol-table_vstring.ads (adacl_regexp.gpr) failed with status 1
ERROR: Command ["gprbuild", "-s", "-j0", "-p", "-P", "D:\a\alire-crates-ci\alire-crates-ci\test\9e1186e4-268b-4545-bfb4-bd54dca63cac\swiss_micros_tools_1.8.12_e23e94da\swiss_micros_tools.gpr"] exited with code 4
ERROR: Build failed
[alr test] Test action exited with error code 1
