Test ran at 2026-03-11 01:33:36.140733+00:00

SOLUTION:
itsybitsy_rp2040_bsp=1.0.0: Board support package for Arduino ItsyBitsy RP2040
Origin: commit 8c38f6ef3cd2d49871d916b82fc81b7e6b7f1f1d from https://github.com/hgrodriguez/itsybitsy_rp2040_bsp.git
Properties:
   Author: Holger Rodriguez
   Config set: rp2040_hal {Flash_Chip := w25qxx}
   Configuration: no modifiers
   Description: Board support package for Arduino ItsyBitsy RP2040
   License: BSD-3-Clause
   Maintainer: Holger Rodriguez <github@roseng.ch>
   Maintainers_Logins: hgrodriguez
   Name: itsybitsy_rp2040_bsp
   Tag: embedded
   Tag: nostd
   Tag: itsybitsy
   Tag: rp2040
   Tag: bsp
   Version: 1.0.0
   Website: https://github.com/hgrodriguez/itsybitsy_rp2040_bsp
Dependencies (direct):
   gnat_arm_elf^14
   rp2040_hal^2
Dependencies (solution):
   atomic=1.0.0
   bbqueue=1.0.0
   cortex_m=1.1.0
   gnat=14.2.1 (gnat_arm_elf)
   gnat_arm_elf=14.2.1
   hal=1.0.0
   rp2040_hal=2.7.0
   usb_embedded=1.0.1
Dependencies (graph):
   bbqueue=1.0.0              --> atomic=1.0.0 (^1.0.0)
   bbqueue=1.0.0              --> gnat=14.2.1 (gnat_arm_elf) (>=10)
   cortex_m=1.1.0             --> gnat_arm_elf=14.2.1 (>=12)
   cortex_m=1.1.0             --> hal=1.0.0 (~0.3 | ^1.0.0)
   itsybitsy_rp2040_bsp=1.0.0 --> gnat_arm_elf=14.2.1 (^14)
   itsybitsy_rp2040_bsp=1.0.0 --> rp2040_hal=2.7.0 (^2)
   rp2040_hal=2.7.0           --> atomic=1.0.0 (^1)
   rp2040_hal=2.7.0           --> cortex_m=1.1.0 (^1)
   rp2040_hal=2.7.0           --> gnat_arm_elf=14.2.1 (>=14 & /=15.1.2)
   rp2040_hal=2.7.0           --> hal=1.0.0 (^1)
   rp2040_hal=2.7.0           --> usb_embedded=1.0.1 (^1)
   usb_embedded=1.0.1         --> bbqueue=1.0.0 (^1.0.0)
   usb_embedded=1.0.1         --> hal=1.0.0 (^1.0.0)


LOG:
[alr test] Testing itsybitsy_rp2040_bsp=1.0.0
[alr test] Spawning retrieval for remote crate: alr -d -n get itsybitsy_rp2040_bsp=1.0.0
Note: Deploying itsybitsy_rp2040_bsp=1.0.0...
Note: Deploying atomic=1.0.0...
Note: Deploying gnat_arm_elf=14.2.1...
#=#=#                                                                          

                                                                           0.0%
#                                                                          2.2%
####                                                                       5.9%
####                                                                       6.6%
######                                                                     9.6%
#######                                                                   11.1%
#########                                                                 13.5%
###########                                                               15.6%
############                                                              17.7%
##############                                                            20.5%
###############                                                           22.2%
#################                                                         24.5%
###################                                                       26.5%
###################                                                       27.6%
####################                                                      28.7%
######################                                                    31.0%
######################                                                    31.2%
######################                                                    31.9%
#######################                                                   33.1%
#########################                                                 34.8%
##########################                                                37.0%
###########################                                               37.6%
############################                                              39.8%
##############################                                            41.9%
###############################                                           44.1%
#################################                                         46.3%
##################################                                        47.5%
##################################                                        48.5%
#####################################                                     51.9%
#######################################                                   54.3%
#######################################                                   55.2%
#########################################                                 57.4%
##########################################                                59.7%
############################################                              61.8%
##############################################                            64.1%
###############################################                           65.7%
###############################################                           66.5%
#################################################                         68.7%
##################################################                        69.8%
####################################################                      72.4%
#####################################################                     74.5%
######################################################                    75.0%
#######################################################                   77.2%
#########################################################                 79.5%
##########################################################                81.6%
###########################################################               82.4%
############################################################              84.2%
#############################################################             84.8%
#############################################################             85.4%
##############################################################            86.5%
###############################################################           88.6%
################################################################          89.7%
################################################################          90.2%
#################################################################         90.8%
#################################################################         91.1%
#################################################################         91.5%
##################################################################        92.5%
###################################################################       93.3%
####################################################################      94.9%
#####################################################################     96.7%
######################################################################    98.2%
#######################################################################   99.5%
######################################################################## 100.0%
Note: gnat_arm_elf=14.2.1 installed successfully.
Note: Deploying hal=1.0.0...
Note: Deploying bbqueue=1.0.0...
Note: Deploying cortex_m=1.1.0...
Note: Deploying usb_embedded=1.0.1...
Note: Deploying rp2040_hal=2.7.0...

itsybitsy_rp2040_bsp=1.0.0 successfully retrieved.
Dependencies were solved as follows:

   +  atomic       1.0.0  (new,indirect)
   +  bbqueue      1.0.0  (new,indirect)
   +  cortex_m     1.1.0  (new,indirect)
   +b gnat         14.2.1 (new,gnat_arm_elf,indirect,binary)
   +b gnat_arm_elf 14.2.1 (new,binary)
   +  hal          1.0.0  (new,indirect)
   +  rp2040_hal   2.7.0  (new)
   +  usb_embedded 1.0.1  (new,indirect)
[alr test] Spawning default test for remote crate: alr -d -n build --release -- -cargs:Ada -gnatwn
Note: Building itsybitsy_rp2040_bsp=1.0.0/itsybitsy_rp2040_bsp.gpr...
Setup
   [mkdir]        object directory for project Atomic
   [mkdir]        library directory for project Atomic
   [mkdir]        object directory for project HAL
   [mkdir]        library directory for project HAL
   [mkdir]        object directory for project Cortex_M
   [mkdir]        library directory for project Cortex_M
   [mkdir]        object directory for project Bbqueue
   [mkdir]        library directory for project Bbqueue
   [mkdir]        object directory for project Usb_Embedded
   [mkdir]        library directory for project Usb_Embedded
   [mkdir]        object directory for project Rp2040_Hal
   [mkdir]        library directory for project Rp2040_Hal
   [mkdir]        object directory for project Itsybitsy_Rp2040_Bsp
   [mkdir]        library directory for project Itsybitsy_Rp2040_Bsp
Compile
   [Ada]          bbqueue_config.ads
   [Ada]          bbqueue-buffers.adb
   [Ada]          bbqueue-buffers-framed.adb
   [Ada]          bbqueue.adb
   [Ada]          usb_embedded_config.ads
   [Ada]          usb-logging.ads
   [Ada]          usb-device-hid-gamepad.adb
   [Ada]          usb-device.adb
   [Ada]          usb-device-hid.adb
   [Ada]          usb-device-hid-joystick.adb
   [Ada]          usb-utils.adb
   [Ada]          usb-device-midi.adb
   [Ada]          usb-device-control.adb
   [Ada]          usb-device-hid-mouse.adb
   [Ada]          usb-hal.ads
   [Ada]          usb-device-hid-keyboard.adb
   [Ada]          usb-hal-device.ads
   [Ada]          usb.adb
   [Ada]          usb-device-serial.adb
   [Ada]          usb-lang.ads
   [Ada]          usb-logging-device__null.adb
   [Ada]          hal-audio.ads
   [Ada]          hal-dsi.ads
   [Ada]          hal-framebuffer.ads
   [Ada]          hal-uart.ads
   [Ada]          hal-i2c.ads
   [Ada]          hal-sdmmc.adb
   [Ada]          hal-touch_panel.ads
   [Ada]          hal-bitmap.ads
   [Ada]          hal-time.ads
   [Ada]          hal-block_drivers.ads
   [Ada]          hal.ads
   [Ada]          hal-filesystem.ads
   [Ada]          hal-spi.ads
   [Ada]          hal-flash.ads
   [Ada]          hal-real_time_clock.ads
   [Ada]          hal-gpio.ads
   [Ada]          cortex_m-nvic.adb
   [Ada]          cortex_m-cache.adb
   [Ada]          cortex_m_svd-systick.ads
   [Ada]          cortex_m_svd.ads
   [Ada]          cortex_m_svd-dwt.ads
   [Ada]          cortex_m_svd-debug.ads
   [Ada]          cortex_m_svd-nvic.ads
   [Ada]          cortex_m_svd-scb.ads
   [Ada]          cortex_m_config.ads
   [Ada]          semihosting-filesystem.adb
   [Ada]          cortex_m-reset.adb
   [Ada]          cortex_m-hints.adb
   [Ada]          cortex_m-systick.adb
   [Ada]          memory_barriers.adb
   [Ada]          cortex_m-debug.adb
   [Ada]          cortex_m.ads
   [Ada]          semihosting.adb
   [Ada]          cortex_m-dwt.adb
   [Ada]          atomic-critical_section.adb
   [Ada]          atomic.adb
   [Ada]          atomic-unsigned.adb
   [Ada]          atomic-signed.adb
   [Ada]          atomic_config.ads
   [Ada]          atomic-unsigned_32.ads
   [Ada]          atomic-signed_16.ads
   [Ada]          atomic-unsigned_8.ads
   [Ada]          atomic-signed_8.ads
   [Ada]          atomic-signed_32.ads
   [Ada]          atomic-unsigned_16.ads
   [Asm_Cpp]      crt0.S
   [Ada]          rp2040_hal_config.ads
   [Ada]          rp_interrupts.adb
   [Ada]          rp-timer-interrupts.adb
   [Ada]          rp-gpio-interrupts.adb
   [Ada]          rp-pwm-interrupts.adb
   [Ada]          rp-device.ads
   [Ada]          rp2040_svd-pads_qspi.ads
   [Ada]          rp2040_svd-xip_ctrl.ads
   [Ada]          rp2040_svd-resets.ads
   [Ada]          rp2040_svd-sio.ads
   [Ada]          rp2040_svd-usbctrl_dpram.ads
   [Ada]          rp2040_svd-busctrl.ads
   [Ada]          rp2040_svd-rosc.ads
   [Ada]          rp2040_svd-clocks.ads
   [Ada]          rp2040_svd-xosc.ads
   [Ada]          rp2040_svd-tbman.ads
   [Ada]          rp2040_svd.ads
   [Ada]          rp2040_svd-pll.ads
   [Ada]          rp2040_svd-pio.ads
   [Ada]          rp2040_svd-xip_ssi.ads
   [Ada]          rp2040_svd-vreg_and_chip_reset.ads
   [Ada]          rp2040_svd-timer.ads
   [Ada]          rp2040_svd-pads_bank0.ads
   [Ada]          rp2040_svd-adc.ads
   [Ada]          rp2040_svd-interrupts.ads
   [Ada]          rp2040_svd-uart.ads
   [Ada]          rp2040_svd-sysinfo.ads
   [Ada]          rp2040_svd-dma.ads
   [Ada]          rp2040_svd-io_qspi.ads
   [Ada]          rp2040_svd-i2c.ads
   [Ada]          rp2040_svd-usbctrl_regs.ads
   [Ada]          rp2040_svd-rtc.ads
   [Ada]          rp2040_svd-watchdog.ads
   [Ada]          rp2040_svd-ppb.ads
   [Ada]          rp2040_svd-pwm.ads
   [Ada]          rp2040_svd-spi.ads
   [Ada]          rp2040_svd-io_bank0.ads
   [Ada]          rp2040_svd-syscfg.ads
   [Ada]          rp2040_svd-psm.ads
   [Ada]          rp-pio-audio_i2s.adb
   [Ada]          rp-pio-audio_i2s_pio.ads
   [Ada]          rp-i2c_master.adb
   [Ada]          rp-pio-ws2812.adb
   [Ada]          rp-watchdog.adb
   [Ada]          rp-timer.adb
   [Ada]          rp-i2c.adb
   [Ada]          rp-pio-encoding.ads
   [Ada]          rp-interpolator.ads
   [Ada]          rp-multicore-spinlocks.adb
   [Ada]          rp-dma.adb
   [Ada]          rp-adc.adb
   [Ada]          rp-rom-floating_point.adb
   [Ada]          rp-reset.adb
   [Ada]          rp-pio-touch_sense_discharge_pio.ads
   [Ada]          rp-gpio.adb
   [Ada]          rp-pio-ws2812_pio.ads
   [Ada]          rp-rom.adb
   [Ada]          rp-clock.adb
   [Ada]          rp-pwm.adb
   [Ada]          rp-pio-touch_sense.adb
   [Ada]          rp-multicore-fifo.adb
   [Ada]          rp-pio-touch_sense_charge_pio.ads
   [Ada]          rp-usb_device.adb
   [Ada]          rp-spi.adb
   [Ada]          rp-flash.adb
   [Ada]          rp-multicore.adb
   [Ada]          rp-pio.adb
   [Ada]          rp-uart.adb
   [Ada]          rp-flash-cache.adb
   [Ada]          rp-rtc.adb
   [Ada]          rp.ads
   [Ada]          itsybitsy.ads
Build Libraries
   [gprlib]       Atomic.lexch
   [gprlib]       hal.lexch
   [gprlib]       Cortex_M.lexch
   [archive]      libAtomic.a
   [archive]      libhal.a
   [index]        libAtomic.a
   [index]        libhal.a
   [gprlib]       Bbqueue.lexch
   [gprlib]       Usb_Embedded.lexch
   [archive]      libCortex_M.a
   [archive]      libBbqueue.a
   [index]        libBbqueue.a
   [index]        libCortex_M.a
   [gprlib]       Rp2040_Hal.lexch
   [archive]      libUsb_Embedded.a
   [index]        libUsb_Embedded.a
   [gprlib]       itsybitsy_rp2040_bsp.lexch
   [archive]      libRp2040_Hal.a
   [index]        libRp2040_Hal.a
   [archive]      libitsybitsy_rp2040_bsp.a
   [index]        libitsybitsy_rp2040_bsp.a
Success: Build finished successfully in 7.34 seconds.
Found declared GPR file: itsybitsy_rp2040_bsp.gpr
[alr test] Test completed SUCCESSFULLY
