Test ran at 2026-04-14 13:12:59.625898+00:00

SOLUTION:
raylib=1.0.1: Ada bindings for Raylib
Origin: commit 0fd26c4b9cbcb89fcfb8b08476aaebf16738df48 from https://github.com/Fabien-Chouteau/raylib-ada.git
Properties:
   Author: Fabien Chouteau
   Description: Ada bindings for Raylib
   License: MIT OR Apache-2.0 WITH LLVM-exception
   Long_Description: # Using raylib-ada

This project is available in the [Alire package manager](https://alire.ada.dev).
To use it, just add `raylib` in your dependencies:
```console
$ alr with raylib
```

And add the following linker switches for executable projects to link against
Raylib and libmath:
```
   package Linker is
      for Switches ("Ada") use ("-lraylib", "-lm");
   end Linker;
```

# Raylib dependencies on Ubuntu/Debian

When Raylib is available in the system distributions (Arch, Fedora, Msys2,
Macports, Brew, etc.), Alire will install it for you so there's nothing to do
here.

For Ubuntu/Debian on the other hand, you have to download a Raylib release from
GitHub (or build from source if you want).

Alire will let you know with a message like this:
```
warn: The following external dependencies are unavailable within Alire:
warn:    libraylib^5
warn: They should be made available in the environment by the user.
```

Download the 5.0 release from this address:
```
$ wget https://github.com/raysan5/raylib/releases/download/5.0/raylib-5.0_linux_amd64.tar.gz
```

Extract it:
```
$ tar xf raylib-5.0_linux_amd64.tar.gz
```

Set the environment variables like so:
```
$ export C_INCLUDE_PATH=${PWD}/raylib-5.0_linux_amd64/include/:${C_INCLUDE_PATH}
$ export LIBRARY_PATH=${PWD}/raylib-5.0_linux_amd64/lib/:${LIBRARY_PATH}
```

   Maintainer: Fabien Chouteau <fabien.chouteau@gmail.com>
   Maintainers_Logins: Fabien-Chouteau
   Name: raylib
   Tag: raylib
   Tag: gamedev
   Tag: binding
   Version: 1.0.1
   Website: 
Dependencies (direct):
   gnat>=12 & <2000
   libraylib^5
Dependencies (solution):
   gnat=14.2.1 (gnat_native)
   libraylib=5.5.0
Dependencies (graph):
   raylib=1.0.1 --> gnat=14.2.1 (gnat_native) (>=12 & <2000)
   raylib=1.0.1 --> libraylib=5.5.0 (^5)


LOG:
[alr test] Testing raylib=1.0.1
[alr test] Spawning retrieval for remote crate: alr -d -n get raylib=1.0.1
Note: Deploying raylib=1.0.1...
Note: Deploying libraylib=5.5.0...
The system package 'mingw-w64-x86_64-raylib' is about to be installed.
This action might require admin privileges and impact your system installation.
Do you want Alire to install this system package?
Using default: Yes
resolving dependencies...
looking for conflicting packages...

Packages (5) mingw-w64-x86_64-gcc-libs-15.1.0-7  mingw-w64-x86_64-glfw-3.4-1  mingw-w64-x86_64-libwinpthread-13.0.0.r72.g7010671fa-1  mingw-w64-x86_64-tzdata-2025b-2  mingw-w64-x86_64-raylib-5.5-2

Total Download Size:    2.52 MiB
Total Installed Size:  11.91 MiB

:: Proceed with installation? [Y/n] 
:: Retrieving packages...
 mingw-w64-x86_64-raylib-5.5-2-any downloading...
 mingw-w64-x86_64-gcc-libs-15.1.0-7-any downloading...
 mingw-w64-x86_64-tzdata-2025b-2-any downloading...
 mingw-w64-x86_64-glfw-3.4-1-any downloading...
 mingw-w64-x86_64-libwinpthread-13.0.0.r72.g7010671fa-1-any downloading...
checking keyring...
checking package integrity...
loading package files...
checking for file conflicts...
checking available disk space...
:: Processing package changes...
installing mingw-w64-x86_64-libwinpthread...
installing mingw-w64-x86_64-tzdata...
installing mingw-w64-x86_64-gcc-libs...
installing mingw-w64-x86_64-glfw...
installing mingw-w64-x86_64-raylib...

raylib=1.0.1 successfully retrieved.
Dependencies were solved as follows:

   +b gnat      14.2.1 (new,gnat_native,binary)
   +b libraylib 5.5.0  (new,system package)
[alr test] Spawning default test for remote crate: alr -d -n build --release -- -cargs:Ada -gnatwn
Note: Building raylib=1.0.1/raylib.gpr...
Setup
   [mkdir]        object directory for project Raylib
   [mkdir]        library directory for project Raylib
Compile
   [C]            raygui_impl.c
   [Ada]          raylib_config.ads
   [Ada]          raylib.adb
   [Ada]          raylib-gui.adb
raylib-gui.adb:5:07: warning: possible aliasing problem for type "C_String_Array_Access" [enabled by default]
raylib-gui.adb:5:07: warning: use -fno-strict-aliasing switch for references [enabled by default]
raylib-gui.adb:5:07: warning: or use "pragma No_Strict_Aliasing (C_String_Array_Access);" [enabled by default]
Build Libraries
   [gprlib]       RaylibAda.lexch
   [archive]      libRaylibAda.a
   [index]        libRaylibAda.a
Success: Build finished successfully in 2.12 seconds.
Found declared GPR file: raylib.gpr
[alr test] Test completed SUCCESSFULLY
