Test ran at 2026-07-18 01:08:04.637981+00:00

SOLUTION:
mos6502_create_led=1.5.2: Create ROM with little program
Origin: source archive mos6502_create_led-1.5.2.tgz at https://sourceforge.net/projects/tutorial-6502/files/Alire/mos6502_create_led-1.5.2.tgz with hashes sha256:a7624e0a0cdd90862b1d14dd1fecb04009c327d5d15535a9a472661d6c31bf7c, sha512:04f66a8473f2ae3bf6aa31d71feb6587088e089ed779332b376a662ef5ac67e14d5d301c23148517b0dc35f13b48ebd18e5ed4fd491f423a578830a7f3c77930
Properties:
   Test run: alr --chdir=test run (from ${CRATE_ROOT}/.)
   Author: Martin Krischik <krischik@users.sourceforge.net>
   Build Switches: 
   Description: Create ROM with little program
   Executable: create_led
   License: GPL-3.0-or-later
   Long_Description: This is a tool to create a rom image with little program.

This program can be used to create a ROM immage for the MOS 6502 tutorial from Ben Eater.

Development versions available with:

```sh
alr index --add "git+https://github.com/krischik/alire-index.git#develop" --name krischik
```

Source code and testsuite available on [SourceForge](https://git.code.sf.net/p/tutorial-6502/git)

   Maintainer: Martin Krischik <krischik@users.sourceforge.net>
   Maintainers_Logins: krischik
   Name: mos6502_create_led
   Tag: mos-6502
   Tag: tools
   Tag: retrocomputing
   Tag: ada2022
   Version: 1.5.2
   Website: https://sourceforge.net/projects/tutorial-6502
Dependencies (direct):
   adacl^7.2.0
Dependencies (solution):
   adacl=7.2.0
Dependencies (graph):
   mos6502_create_led=1.5.2 --> adacl=7.2.0 (^7.2.0)


LOG:
Note: Synchronizing workspace...
Dependencies automatically updated as follows:

   +  adacl              7.2.0  (new)
   +  adacl_aunit        7.2.0  (new)
   +  aunit              26.0.0 (new,indirect)
   +. mos6502_create_led 1.5.2  (new,path=..)

Note: Building mos6502_create_led=1.5.2/mos6502_create_led.gpr...
Setup
   [mkdir]        object directory for project AdaCL
   [mkdir]        library directory for project AdaCL
   [mkdir]        object directory for project MOS6502_Create_Led
   [mkdir]        exec directory for project MOS6502_Create_Led
Compile
   [Ada]          create_led.adb
   [Ada]          adacl_config.ads
   [Ada]          adacl-os-to_wide_wide_string.adb
   [Ada]          adacl-os-to_utf_string.adb
   [Ada]          adacl-os-low_level.ads
   [Ada]          adacl.ads
   [Ada]          adacl-wide_wide_strings.adb
   [Ada]          adacl-wide_wide_strings-vectors.ads
   [Ada]          adacl-wide_wide_strings-io.adb
   [Ada]          adacl-wide_wide_strings-hex.adb
   [Ada]          adacl-wide_wide_strings-bin.adb
   [Ada]          adacl-wide_strings.adb
   [Ada]          adacl-wide_strings-vectors.ads
   [Ada]          adacl-wide_strings-io.adb
   [Ada]          adacl-wide_strings-hex.adb
   [Ada]          adacl-wide_strings-bin.adb
   [Ada]          adacl-trace.adb
   [Ada]          adacl-strings.adb
   [Ada]          adacl-strings-vectors.ads
   [Ada]          adacl-strings-io.adb
   [Ada]          adacl-strings-hex.adb
   [Ada]          adacl-strings-bin.adb
   [Ada]          adacl-queue.adb
   [Ada]          adacl-pointer.ads
   [Ada]          adacl-pointer-unique_with_delete.adb
   [Ada]          adacl-pointer-unique.ads
   [Ada]          adacl-pointer-shared_with_delete.adb
   [Ada]          adacl-pointer-shared.ads
   [Ada]          adacl-pointer-holder.adb
   [Ada]          adacl-pointer-element.adb
   [Ada]          adacl-os.ads
   [Ada]          adacl-limited_base.ads
   [Ada]          adacl-command_line.ads
   [Ada]          adacl-command_line-getopt.adb
   [Ada]          adacl-calendar.adb
   [Ada]          adacl-base.ads
C:\Users\runneradmin\AppData\Local\alire\cache\builds\adacl_7.2.0_70f3a85c\2321208104212a19e32fce289043a1469f26d3bffabd4aea8abdbe91ba86d337\src\adacl-trace.ads:189:07: warning: "Exit_Cases" is not a valid aspect identifier [enabled by default]
C:\Users\runneradmin\AppData\Local\alire\cache\builds\adacl_7.2.0_70f3a85c\2321208104212a19e32fce289043a1469f26d3bffabd4aea8abdbe91ba86d337\src\adacl-trace.ads:203:07: warning: "Exit_Cases" is not a valid aspect identifier [enabled by default]
C:\Users\runneradmin\AppData\Local\alire\cache\builds\adacl_7.2.0_70f3a85c\2321208104212a19e32fce289043a1469f26d3bffabd4aea8abdbe91ba86d337\src\adacl-trace.ads:217:07: warning: "Exit_Cases" is not a valid aspect identifier [enabled by default]
C:\Users\runneradmin\AppData\Local\alire\cache\builds\adacl_7.2.0_70f3a85c\2321208104212a19e32fce289043a1469f26d3bffabd4aea8abdbe91ba86d337\src\adacl-trace.ads:231:07: warning: "Exit_Cases" is not a valid aspect identifier [enabled by default]
C:\Users\runneradmin\AppData\Local\alire\cache\builds\adacl_7.2.0_70f3a85c\2321208104212a19e32fce289043a1469f26d3bffabd4aea8abdbe91ba86d337\src\adacl-trace.ads:248:15: warning: "Exit_Cases" is not a valid aspect identifier [enabled by default]
C:\Users\runneradmin\AppData\Local\alire\cache\builds\adacl_7.2.0_70f3a85c\2321208104212a19e32fce289043a1469f26d3bffabd4aea8abdbe91ba86d337\src\adacl-trace.ads:266:07: warning: "Exit_Cases" is not a valid aspect identifier [enabled by default]
Build Libraries
   [gprlib]       AdaCL.lexch
   [archive]      libAdaCL.a
   [index]        libAdaCL.a
Bind
   [gprbind]      create_led.bexch
   [Ada]          create_led.ali
Link
   [link]         create_led.adb
Note: Building mos6502_create_led_test=1.5.2/mos6502_create_led_test.gpr...
Setup
   [mkdir]        object directory for project AdaCL_AUnit
   [mkdir]        library directory for project AdaCL_AUnit
   [mkdir]        object directory for project MOS6502_Create_LED_Test
   [mkdir]        exec directory for project MOS6502_Create_LED_Test
Compile
   [Ada]          create_led_test-main.adb
   [Ada]          adacl_aunit_config.ads
   [Ada]          adacl-trace-assert.ads
   [Ada]          adacl-test_cases.ads
   [Ada]          adacl-test_cases-parameters.adb
   [Ada]          adacl-assert.adb
C:\Users\runneradmin\AppData\Local\alire\cache\builds\adacl_aunit_7.2.0_fc6bfd91\3e9dd4fb456dbeb725360fb597b6bacacd8a88326711e93b184f4399594451bc\src\adacl-assert.ads:65:07: warning: "Exit_Cases" is not a valid aspect identifier [enabled by default]
C:\Users\runneradmin\AppData\Local\alire\cache\builds\adacl_aunit_7.2.0_fc6bfd91\3e9dd4fb456dbeb725360fb597b6bacacd8a88326711e93b184f4399594451bc\src\adacl-assert.ads:83:07: warning: "Exit_Cases" is not a valid aspect identifier [enabled by default]
C:\Users\runneradmin\AppData\Local\alire\cache\builds\adacl_aunit_7.2.0_fc6bfd91\3e9dd4fb456dbeb725360fb597b6bacacd8a88326711e93b184f4399594451bc\src\adacl-assert.ads:101:07: warning: "Exit_Cases" is not a valid aspect identifier [enabled by default]
C:\Users\runneradmin\AppData\Local\alire\cache\builds\adacl_aunit_7.2.0_fc6bfd91\3e9dd4fb456dbeb725360fb597b6bacacd8a88326711e93b184f4399594451bc\src\adacl-assert.ads:121:07: warning: "Exit_Cases" is not a valid aspect identifier [enabled by default]
C:\Users\runneradmin\AppData\Local\alire\cache\builds\adacl_aunit_7.2.0_fc6bfd91\3e9dd4fb456dbeb725360fb597b6bacacd8a88326711e93b184f4399594451bc\src\adacl-assert.ads:139:07: warning: "Exit_Cases" is not a valid aspect identifier [enabled by default]
C:\Users\runneradmin\AppData\Local\alire\cache\builds\adacl_aunit_7.2.0_fc6bfd91\3e9dd4fb456dbeb725360fb597b6bacacd8a88326711e93b184f4399594451bc\src\adacl-assert.ads:157:07: warning: "Exit_Cases" is not a valid aspect identifier [enabled by default]
C:\Users\runneradmin\AppData\Local\alire\cache\builds\adacl_aunit_7.2.0_fc6bfd91\3e9dd4fb456dbeb725360fb597b6bacacd8a88326711e93b184f4399594451bc\src\adacl-assert.ads:177:07: warning: "Exit_Cases" is not a valid aspect identifier [enabled by default]
C:\Users\runneradmin\AppData\Local\alire\cache\builds\adacl_aunit_7.2.0_fc6bfd91\3e9dd4fb456dbeb725360fb597b6bacacd8a88326711e93b184f4399594451bc\src\adacl-assert.ads:195:07: warning: "Exit_Cases" is not a valid aspect identifier [enabled by default]
C:\Users\runneradmin\AppData\Local\alire\cache\builds\adacl_aunit_7.2.0_fc6bfd91\3e9dd4fb456dbeb725360fb597b6bacacd8a88326711e93b184f4399594451bc\src\adacl-assert.ads:213:07: warning: "Exit_Cases" is not a valid aspect identifier [enabled by default]
C:\Users\runneradmin\AppData\Local\alire\cache\builds\adacl_aunit_7.2.0_fc6bfd91\3e9dd4fb456dbeb725360fb597b6bacacd8a88326711e93b184f4399594451bc\src\adacl-assert.ads:231:07: warning: "Exit_Cases" is not a valid aspect identifier [enabled by default]
C:\Users\runneradmin\AppData\Local\alire\cache\builds\adacl_aunit_7.2.0_fc6bfd91\3e9dd4fb456dbeb725360fb597b6bacacd8a88326711e93b184f4399594451bc\src\adacl-assert.ads:247:07: warning: "Exit_Cases" is not a valid aspect identifier [enabled by default]
C:\Users\runneradmin\AppData\Local\alire\cache\builds\adacl_aunit_7.2.0_fc6bfd91\3e9dd4fb456dbeb725360fb597b6bacacd8a88326711e93b184f4399594451bc\src\adacl-assert.ads:267:07: warning: "Exit_Cases" is not a valid aspect identifier [enabled by default]
C:\Users\runneradmin\AppData\Local\alire\cache\builds\adacl_aunit_7.2.0_fc6bfd91\3e9dd4fb456dbeb725360fb597b6bacacd8a88326711e93b184f4399594451bc\src\adacl-assert.ads:287:07: warning: "Exit_Cases" is not a valid aspect identifier [enabled by default]
C:\Users\runneradmin\AppData\Local\alire\cache\builds\adacl_aunit_7.2.0_fc6bfd91\3e9dd4fb456dbeb725360fb597b6bacacd8a88326711e93b184f4399594451bc\src\adacl-assert.ads:305:07: warning: "Exit_Cases" is not a valid aspect identifier [enabled by default]
C:\Users\runneradmin\AppData\Local\alire\cache\builds\adacl_aunit_7.2.0_fc6bfd91\3e9dd4fb456dbeb725360fb597b6bacacd8a88326711e93b184f4399594451bc\src\adacl-assert.ads:323:07: warning: "Exit_Cases" is not a valid aspect identifier [enabled by default]
   [Ada]          adacl-assert-vectors.adb
   [Ada]          adacl-assert-pointer.adb
C:\Users\runneradmin\AppData\Local\alire\cache\builds\adacl_aunit_7.2.0_fc6bfd91\3e9dd4fb456dbeb725360fb597b6bacacd8a88326711e93b184f4399594451bc\src\adacl-assert-vectors.ads:38:04: warning: use clause for private type "Ada.Containers.Vectors.Vector" from instance at line 36 has no effect [-gnatwu]
C:\Users\runneradmin\AppData\Local\alire\cache\builds\adacl_aunit_7.2.0_fc6bfd91\3e9dd4fb456dbeb725360fb597b6bacacd8a88326711e93b184f4399594451bc\src\adacl-assert-vectors.ads:58:07: warning: "Exit_Cases" is not a valid aspect identifier [enabled by default]
C:\Users\runneradmin\AppData\Local\alire\cache\builds\adacl_aunit_7.2.0_fc6bfd91\3e9dd4fb456dbeb725360fb597b6bacacd8a88326711e93b184f4399594451bc\src\adacl-assert-vectors.ads:76:07: warning: "Exit_Cases" is not a valid aspect identifier [enabled by default]
   [Ada]          adacl-assert-indefinite_vectors.adb
C:\Users\runneradmin\AppData\Local\alire\cache\builds\adacl_aunit_7.2.0_fc6bfd91\3e9dd4fb456dbeb725360fb597b6bacacd8a88326711e93b184f4399594451bc\src\adacl-assert-pointer.ads:51:07: warning: "Exit_Cases" is not a valid aspect identifier [enabled by default]
C:\Users\runneradmin\AppData\Local\alire\cache\builds\adacl_aunit_7.2.0_fc6bfd91\3e9dd4fb456dbeb725360fb597b6bacacd8a88326711e93b184f4399594451bc\src\adacl-assert-pointer.ads:69:07: warning: "Exit_Cases" is not a valid aspect identifier [enabled by default]
C:\Users\runneradmin\AppData\Local\alire\cache\builds\adacl_aunit_7.2.0_fc6bfd91\3e9dd4fb456dbeb725360fb597b6bacacd8a88326711e93b184f4399594451bc\src\adacl-assert-pointer.ads:85:07: warning: "Exit_Cases" is not a valid aspect identifier [enabled by default]
C:\Users\runneradmin\AppData\Local\alire\cache\builds\adacl_aunit_7.2.0_fc6bfd91\3e9dd4fb456dbeb725360fb597b6bacacd8a88326711e93b184f4399594451bc\src\adacl-assert-pointer.ads:101:07: warning: "Exit_Cases" is not a valid aspect identifier [enabled by default]
   [Ada]          adacl-assert-float.adb
C:\Users\runneradmin\AppData\Local\alire\cache\builds\adacl_aunit_7.2.0_fc6bfd91\3e9dd4fb456dbeb725360fb597b6bacacd8a88326711e93b184f4399594451bc\src\adacl-assert-indefinite_vectors.ads:38:04: warning: use clause for private type "Ada.Containers.Indefinite_Vectors.Vector" from instance at line 36 has no effect [-gnatwu]
C:\Users\runneradmin\AppData\Local\alire\cache\builds\adacl_aunit_7.2.0_fc6bfd91\3e9dd4fb456dbeb725360fb597b6bacacd8a88326711e93b184f4399594451bc\src\adacl-assert-indefinite_vectors.ads:58:07: warning: "Exit_Cases" is not a valid aspect identifier [enabled by default]
C:\Users\runneradmin\AppData\Local\alire\cache\builds\adacl_aunit_7.2.0_fc6bfd91\3e9dd4fb456dbeb725360fb597b6bacacd8a88326711e93b184f4399594451bc\src\adacl-assert-indefinite_vectors.ads:76:07: warning: "Exit_Cases" is not a valid aspect identifier [enabled by default]
   [Ada]          adacl-assert-fixed.adb
   [Ada]          adacl-assert-discrete.adb
C:\Users\runneradmin\AppData\Local\alire\cache\builds\adacl_aunit_7.2.0_fc6bfd91\3e9dd4fb456dbeb725360fb597b6bacacd8a88326711e93b184f4399594451bc\src\adacl-assert-float.ads:51:07: warning: "Exit_Cases" is not a valid aspect identifier [enabled by default]
C:\Users\runneradmin\AppData\Local\alire\cache\builds\adacl_aunit_7.2.0_fc6bfd91\3e9dd4fb456dbeb725360fb597b6bacacd8a88326711e93b184f4399594451bc\src\adacl-assert-float.ads:69:07: warning: "Exit_Cases" is not a valid aspect identifier [enabled by default]
C:\Users\runneradmin\AppData\Local\alire\cache\builds\adacl_aunit_7.2.0_fc6bfd91\3e9dd4fb456dbeb725360fb597b6bacacd8a88326711e93b184f4399594451bc\src\adacl-assert-float.ads:87:07: warning: "Exit_Cases" is not a valid aspect identifier [enabled by default]
C:\Users\runneradmin\AppData\Local\alire\cache\builds\adacl_aunit_7.2.0_fc6bfd91\3e9dd4fb456dbeb725360fb597b6bacacd8a88326711e93b184f4399594451bc\src\adacl-assert-float.ads:105:07: warning: "Exit_Cases" is not a valid aspect identifier [enabled by default]
C:\Users\runneradmin\AppData\Local\alire\cache\builds\adacl_aunit_7.2.0_fc6bfd91\3e9dd4fb456dbeb725360fb597b6bacacd8a88326711e93b184f4399594451bc\src\adacl-assert-float.ads:123:07: warning: "Exit_Cases" is not a valid aspect identifier [enabled by default]
C:\Users\runneradmin\AppData\Local\alire\cache\builds\adacl_aunit_7.2.0_fc6bfd91\3e9dd4fb456dbeb725360fb597b6bacacd8a88326711e93b184f4399594451bc\src\adacl-assert-float.ads:141:07: warning: "Exit_Cases" is not a valid aspect identifier [enabled by default]
C:\Users\runneradmin\AppData\Local\alire\cache\builds\adacl_aunit_7.2.0_fc6bfd91\3e9dd4fb456dbeb725360fb597b6bacacd8a88326711e93b184f4399594451bc\src\adacl-assert-float.ads:161:07: warning: "Exit_Cases" is not a valid aspect identifier [enabled by default]
   [Ada]          adacl-assert-decimal.adb
C:\Users\runneradmin\AppData\Local\alire\cache\builds\adacl_aunit_7.2.0_fc6bfd91\3e9dd4fb456dbeb725360fb597b6bacacd8a88326711e93b184f4399594451bc\src\adacl-assert-fixed.ads:50:07: warning: "Exit_Cases" is not a valid aspect identifier [enabled by default]
C:\Users\runneradmin\AppData\Local\alire\cache\builds\adacl_aunit_7.2.0_fc6bfd91\3e9dd4fb456dbeb725360fb597b6bacacd8a88326711e93b184f4399594451bc\src\adacl-assert-fixed.ads:68:07: warning: "Exit_Cases" is not a valid aspect identifier [enabled by default]
C:\Users\runneradmin\AppData\Local\alire\cache\builds\adacl_aunit_7.2.0_fc6bfd91\3e9dd4fb456dbeb725360fb597b6bacacd8a88326711e93b184f4399594451bc\src\adacl-assert-fixed.ads:86:07: warning: "Exit_Cases" is not a valid aspect identifier [enabled by default]
C:\Users\runneradmin\AppData\Local\alire\cache\builds\adacl_aunit_7.2.0_fc6bfd91\3e9dd4fb456dbeb725360fb597b6bacacd8a88326711e93b184f4399594451bc\src\adacl-assert-fixed.ads:104:07: warning: "Exit_Cases" is not a valid aspect identifier [enabled by default]
C:\Users\runneradmin\AppData\Local\alire\cache\builds\adacl_aunit_7.2.0_fc6bfd91\3e9dd4fb456dbeb725360fb597b6bacacd8a88326711e93b184f4399594451bc\src\adacl-assert-fixed.ads:122:07: warning: "Exit_Cases" is not a valid aspect identifier [enabled by default]
C:\Users\runneradmin\AppData\Local\alire\cache\builds\adacl_aunit_7.2.0_fc6bfd91\3e9dd4fb456dbeb725360fb597b6bacacd8a88326711e93b184f4399594451bc\src\adacl-assert-fixed.ads:140:07: warning: "Exit_Cases" is not a valid aspect identifier [enabled by default]
C:\Users\runneradmin\AppData\Local\alire\cache\builds\adacl_aunit_7.2.0_fc6bfd91\3e9dd4fb456dbeb725360fb597b6bacacd8a88326711e93b184f4399594451bc\src\adacl-assert-fixed.ads:160:07: warning: "Exit_Cases" is not a valid aspect identifier [enabled by default]
   [Ada]          adacl-assert-arrays.adb
C:\Users\runneradmin\AppData\Local\alire\cache\builds\adacl_aunit_7.2.0_fc6bfd91\3e9dd4fb456dbeb725360fb597b6bacacd8a88326711e93b184f4399594451bc\src\adacl-assert-discrete.ads:50:07: warning: "Exit_Cases" is not a valid aspect identifier [enabled by default]
C:\Users\runneradmin\AppData\Local\alire\cache\builds\adacl_aunit_7.2.0_fc6bfd91\3e9dd4fb456dbeb725360fb597b6bacacd8a88326711e93b184f4399594451bc\src\adacl-assert-discrete.ads:68:07: warning: "Exit_Cases" is not a valid aspect identifier [enabled by default]
C:\Users\runneradmin\AppData\Local\alire\cache\builds\adacl_aunit_7.2.0_fc6bfd91\3e9dd4fb456dbeb725360fb597b6bacacd8a88326711e93b184f4399594451bc\src\adacl-assert-discrete.ads:86:07: warning: "Exit_Cases" is not a valid aspect identifier [enabled by default]
C:\Users\runneradmin\AppData\Local\alire\cache\builds\adacl_aunit_7.2.0_fc6bfd91\3e9dd4fb456dbeb725360fb597b6bacacd8a88326711e93b184f4399594451bc\src\adacl-assert-discrete.ads:104:07: warning: "Exit_Cases" is not a valid aspect identifier [enabled by default]
C:\Users\runneradmin\AppData\Local\alire\cache\builds\adacl_aunit_7.2.0_fc6bfd91\3e9dd4fb456dbeb725360fb597b6bacacd8a88326711e93b184f4399594451bc\src\adacl-assert-discrete.ads:122:07: warning: "Exit_Cases" is not a valid aspect identifier [enabled by default]
C:\Users\runneradmin\AppData\Local\alire\cache\builds\adacl_aunit_7.2.0_fc6bfd91\3e9dd4fb456dbeb725360fb597b6bacacd8a88326711e93b184f4399594451bc\src\adacl-assert-discrete.ads:140:07: warning: "Exit_Cases" is not a valid aspect identifier [enabled by default]
C:\Users\runneradmin\AppData\Local\alire\cache\builds\adacl_aunit_7.2.0_fc6bfd91\3e9dd4fb456dbeb725360fb597b6bacacd8a88326711e93b184f4399594451bc\src\adacl-assert-discrete.ads:160:07: warning: "Exit_Cases" is not a valid aspect identifier [enabled by default]
   [Ada]          create_led_test.ads
C:\Users\runneradmin\AppData\Local\alire\cache\builds\adacl_aunit_7.2.0_fc6bfd91\3e9dd4fb456dbeb725360fb597b6bacacd8a88326711e93b184f4399594451bc\src\adacl-assert-decimal.ads:50:07: warning: "Exit_Cases" is not a valid aspect identifier [enabled by default]
C:\Users\runneradmin\AppData\Local\alire\cache\builds\adacl_aunit_7.2.0_fc6bfd91\3e9dd4fb456dbeb725360fb597b6bacacd8a88326711e93b184f4399594451bc\src\adacl-assert-decimal.ads:68:07: warning: "Exit_Cases" is not a valid aspect identifier [enabled by default]
C:\Users\runneradmin\AppData\Local\alire\cache\builds\adacl_aunit_7.2.0_fc6bfd91\3e9dd4fb456dbeb725360fb597b6bacacd8a88326711e93b184f4399594451bc\src\adacl-assert-decimal.ads:86:07: warning: "Exit_Cases" is not a valid aspect identifier [enabled by default]
C:\Users\runneradmin\AppData\Local\alire\cache\builds\adacl_aunit_7.2.0_fc6bfd91\3e9dd4fb456dbeb725360fb597b6bacacd8a88326711e93b184f4399594451bc\src\adacl-assert-decimal.ads:104:07: warning: "Exit_Cases" is not a valid aspect identifier [enabled by default]
C:\Users\runneradmin\AppData\Local\alire\cache\builds\adacl_aunit_7.2.0_fc6bfd91\3e9dd4fb456dbeb725360fb597b6bacacd8a88326711e93b184f4399594451bc\src\adacl-assert-decimal.ads:122:07: warning: "Exit_Cases" is not a valid aspect identifier [enabled by default]
C:\Users\runneradmin\AppData\Local\alire\cache\builds\adacl_aunit_7.2.0_fc6bfd91\3e9dd4fb456dbeb725360fb597b6bacacd8a88326711e93b184f4399594451bc\src\adacl-assert-decimal.ads:140:07: warning: "Exit_Cases" is not a valid aspect identifier [enabled by default]
C:\Users\runneradmin\AppData\Local\alire\cache\builds\adacl_aunit_7.2.0_fc6bfd91\3e9dd4fb456dbeb725360fb597b6bacacd8a88326711e93b184f4399594451bc\src\adacl-assert-decimal.ads:160:07: warning: "Exit_Cases" is not a valid aspect identifier [enabled by default]
   [Ada]          create_led_test-suite.adb
C:\Users\runneradmin\AppData\Local\alire\cache\builds\adacl_aunit_7.2.0_fc6bfd91\3e9dd4fb456dbeb725360fb597b6bacacd8a88326711e93b184f4399594451bc\src\adacl-assert-arrays.ads:56:07: warning: "Exit_Cases" is not a valid aspect identifier [enabled by default]
C:\Users\runneradmin\AppData\Local\alire\cache\builds\adacl_aunit_7.2.0_fc6bfd91\3e9dd4fb456dbeb725360fb597b6bacacd8a88326711e93b184f4399594451bc\src\adacl-assert-arrays.ads:74:07: warning: "Exit_Cases" is not a valid aspect identifier [enabled by default]
   [Ada]          create_led_test-call.adb
Build Libraries
   [gprlib]       AdaCL_AUnit.lexch
   [archive]      libAdaCL_AUnit.a
   [index]        libAdaCL_AUnit.a
Bind
   [gprbind]      create_led_test-main.bexch
   [Ada]          create_led_test-main.ali
Link
   [link]         create_led_test-main.adb
Success: Build finished successfully in 17.67 seconds.

OK Call Create_LED : Create ROM file

Total Tests Run:   1
Successful Tests:  1
Failed Assertions: 0
Unexpected Errors: 0
[alr test] Test completed SUCCESSFULLY
