Test ran at 2026-07-01 01:44:27.134346+00:00

SOLUTION:
muntsos_raspberrypi1=11.0.1: MuntsOS Embedded Linux support for ARMv6 Raspberry Pi 1 targets
Origin: source archive muntsos_raspberrypi1-11.0.1.tbz2 at https://raw.githubusercontent.com/pmunts/alire-crates/80adb384fcf8bf936abd65f098a180183117a41a/muntsos_raspberrypi1/muntsos_raspberrypi1-11.0.1.tbz2 with hashes sha256:59d4848b25302a58f82e1f25ada77542c183bebcb03c6d1484bcbd1b6b16b472, sha512:b5ab32cc1d6ed2eb2be740840a694f07fc4b723d50f44d83b8921e0c76ddcd3e2a4126c84b44c8342659504e1aafd60b9cf33c271ea250edac180adb99584b4b
Available when: (case OS is Linux => True, Windows => True, others => False)
Properties:
   case OS is
      when Linux => Post_Fetch run: sh -c ./postfetch.linux (from ${CRATE_ROOT}/.)
      when Windows => Post_Fetch run: sh -c ./postfetch.windows (from ${CRATE_ROOT}/.)
   Author: Philip Munts
   Configuration: no modifiers
   Description: MuntsOS Embedded Linux support for ARMv6 Raspberry Pi 1 targets
   License: BSD-1-Clause
   Long_Description: # Introduction

This crate modifies an Alire program project to build a cross-compiled
program for a **[MuntsOS Embedded
Linux](https://github.com/pmunts/muntsos)** ARMv6 Raspberry Pi 1 target
computer.

The **MuntsOS Embedded Linux** cross toolchain packages must be
installed on your development computer before you can use this crate.
See:

[Application Note
#1](https://repo.munts.com/muntsos/doc/AppNote1-Setup-Debian.pdf) for
Debian Linux distributions  
[Application Note
#2](https://repo.munts.com/muntsos/doc/AppNote2-Setup-RPM.pdf) for RPM
Linux distributions  
[Application Note
#24](https://repo.munts.com/muntsos/doc/AppNote24-Setup-RPM.pdf) for
x86-64 Windows 10 or 11.

# Environment Variables

If **`ALIRE_DISABLESTYLECHECKS`** is set to **`yes`**, the postfetch
script will disable style checking in the project **`.gpr`** file.

If **`ALIRE_INSTALLMAKEFILE`** is set to **`yes`**, the postfetch script
will install an optional but useful **`Makefile`** to the project
directory.

You can add the following to **`~/.bashrc`** or its equivalent to
permanently define these environment variables:

    export ALIRE_DISABLESTYLECHECKS=yes
    export ALIRE_INSTALLMAKEFILE=yes

# Example

The following commands illustrate how to create an Alire program project
that will cross-compile a program to run on a **MuntsOS Embedded Linux**
target computer. The result is a pristine (*i.e.* all temporary, working
and deliverable files removed) project, suitable for checking into a
source code control repository.

    alr -n init --bin myexample
    cd myexample
    alr -n with muntsos_raspberrypi1
    ALIRE_DISABLESTYLECHECKS=yes ALIRE_INSTALLMAKEFILE=yes alr action -r post-fetch
    make reallyclean

See also [Application Note
#7](https://repo.munts.com/muntsos/doc/AppNote7-Flash-LED-Ada-Alire.pdf).

   Maintainer: Philip Munts <phil@munts.net>
   Maintainers_Logins: pmunts
   Name: muntsos_raspberrypi1
   Project_File: aws.gpr
   Project_File: libsimpleio.gpr
   Tag: muntsos
   Tag: embedded
   Tag: linux
   Tag: arm
   Tag: raspberrypi1
   Version: 11.0.1
   Website: https://github.com/pmunts/muntsos
Dependencies (direct):
   case OS is
      when Linux => muntsos_dev_raspberrypi1*


LOG:
[alr test] Testing muntsos_raspberrypi1=11.0.1
[alr test] Spawning retrieval for remote crate: alr -d -n get muntsos_raspberrypi1=11.0.1
Note: Deploying muntsos_raspberrypi1=11.0.1...

######################################################################## 100.0%

muntsos_raspberrypi1=11.0.1 successfully retrieved.
There are no dependencies.
[alr test] Spawning default test for remote crate: alr -d -n build --release -- -cargs:Ada -gnatwn
Note: Running post-fetch actions for muntsos_raspberrypi1=11.0.1...
Note: Building muntsos_raspberrypi1=11.0.1/aws.gpr (1/2)...
gprbuild.exe: project file "D:\a\alire-crates-ci\alire-crates-ci\test\fdddb903-3a09-4992-a18f-ce268ea2c083\muntsos_raspberrypi1_11.0.1_59d4848b\aws.gpr" not found in .;D:\a\alire-crates-ci\alire-crates-ci\test\fdddb903-3a09-4992-a18f-ce268ea2c083\muntsos_raspberrypi1_11.0.1_59d4848b
stderr: Command ["gprbuild", "-s", "-j0", "-p", "-P", "D:\a\alire-crates-ci\alire-crates-ci\test\fdddb903-3a09-4992-a18f-ce268ea2c083\muntsos_raspberrypi1_11.0.1_59d4848b\aws.gpr", "-cargs:Ada", "-gnatwn"] exited with code 4
ERROR: Command ["gprbuild", "-s", "-j0", "-p", "-P", "D:\a\alire-crates-ci\alire-crates-ci\test\fdddb903-3a09-4992-a18f-ce268ea2c083\muntsos_raspberrypi1_11.0.1_59d4848b\aws.gpr", "-cargs:Ada", "-gnatwn"] exited with code 4
stderr: ALIRE.CHECKED_ERROR
stderr: Command ["gprbuild", "-s", "-j0", "-p", "-P", "D:\a\alire-crates-ci\alire-crates-ci\test\fdddb903-3a09-4992-a18f-ce268ea2c083\muntsos_raspberrypi1_11.0.1_59d4848b\aws.gpr", "-cargs:Ada", "-gnatwn"] exited with code 4
stderr: raised ALIRE.CHECKED_ERROR : alire-stored-error:1
[D:\a\alire-crates-ci\alire-crates-ci\alire_install\bin\alr.exe]
0x7ff68226da2a Semantic_Versioning.Basic.Restrictions.First_Index at alire.adb:284
0x7ff681e6595b Semantic_Versioning.Basic.Restrictions.First_Index at alire-os_lib-subprocess.adb:111
0x7ff68211cba1 Semantic_Versioning.Basic.Restrictions.First_Index at alire-spawn.adb:22
0x7ff68211dd5d Semantic_Versioning.Basic.Restrictions.First_Index at alire-spawn.adb:68
0x7ff682042d64 Semantic_Versioning.Basic.Restrictions.First_Index at alire-roots.adb:189
0x7ff6820411da Semantic_Versioning.Basic.Restrictions.First_Index at alire-roots.adb:255
0x7ff68206912d Semantic_Versioning.Basic.Restrictions.First_Index at alire-roots.adb:2143
0x7ff6820d82f9 Semantic_Versioning.Basic.Restrictions.First_Index at alire-solutions.adb:1472
0x7ff6820d7424 Semantic_Versioning.Basic.Restrictions.First_Index at alire-solutions.adb:1555
0x7ff68206922c Semantic_Versioning.Basic.Restrictions.First_Index at alire-roots.adb:2147
0x7ff6820692fa Semantic_Versioning.Basic.Restrictions.First_Index at alire-roots.adb:2127
0x7ff6820417a7 Semantic_Versioning.Basic.Restrictions.First_Index at alire-roots.adb:286
0x7ff682041912 Semantic_Versioning.Basic.Restrictions.First_Index at alire-roots.adb:114
0x7ff6817b3baa Semantic_Versioning.Basic.Restrictions.First_Index at alr-commands-build.adb:145
0x7ff6817b341e Semantic_Versioning.Basic.Restrictions.First_Index at alr-commands-build.adb:113
0x7ff6817b35ba Semantic_Versioning.Basic.Restrictions.First_Index at alr-commands-build.adb:54
0x7ff681865dea Semantic_Versioning.Basic.Restrictions.First_Index at clic-subcommand-instance.adb:749
0x7ff681872b0e Semantic_Versioning.Basic.Restrictions.First_Index at alr-commands.adb:632
0x7ff6817416a0 Alr.Main at alr-main.adb:13
0x7ff681745270 Main at b__alr-main.adb:2454
0x7ff68174133e __tmainCRTStartup at ???
0x7ff681741144 mainCRTStartup at ???
[C:\Windows\System32\KERNEL32.DLL]
0x7ffbc492e8d5
[C:\Windows\SYSTEM32\ntdll.dll]
0x7ffbc5acc53a

stderr: ALIRE.ROOTS.BUILD._WRAPPED_STATEMENTS.BUILD_FAILED
stderr: alire-roots.adb:202
stderr: raised ALIRE.ROOTS.BUILD._WRAPPED_STATEMENTS.BUILD_FAILED : alire-roots.adb:202
[D:\a\alire-crates-ci\alire-crates-ci\alire_install\bin\alr.exe]
0x7ff68204313c Semantic_Versioning.Basic.Restrictions.First_Index at alire-roots.adb:202
0x7ff6820411da Semantic_Versioning.Basic.Restrictions.First_Index at alire-roots.adb:255
0x7ff68206912d Semantic_Versioning.Basic.Restrictions.First_Index at alire-roots.adb:2143
0x7ff6820d82f9 Semantic_Versioning.Basic.Restrictions.First_Index at alire-solutions.adb:1472
0x7ff6820d7424 Semantic_Versioning.Basic.Restrictions.First_Index at alire-solutions.adb:1555
0x7ff68206922c Semantic_Versioning.Basic.Restrictions.First_Index at alire-roots.adb:2147
0x7ff6820692fa Semantic_Versioning.Basic.Restrictions.First_Index at alire-roots.adb:2127
0x7ff6820417a7 Semantic_Versioning.Basic.Restrictions.First_Index at alire-roots.adb:286
0x7ff682041912 Semantic_Versioning.Basic.Restrictions.First_Index at alire-roots.adb:114
0x7ff6817b3baa Semantic_Versioning.Basic.Restrictions.First_Index at alr-commands-build.adb:145
0x7ff6817b341e Semantic_Versioning.Basic.Restrictions.First_Index at alr-commands-build.adb:113
0x7ff6817b35ba Semantic_Versioning.Basic.Restrictions.First_Index at alr-commands-build.adb:54
0x7ff681865dea Semantic_Versioning.Basic.Restrictions.First_Index at clic-subcommand-instance.adb:749
0x7ff681872b0e Semantic_Versioning.Basic.Restrictions.First_Index at alr-commands.adb:632
0x7ff6817416a0 Alr.Main at alr-main.adb:13
0x7ff681745270 Main at b__alr-main.adb:2454
0x7ff68174133e __tmainCRTStartup at ???
0x7ff681741144 mainCRTStartup at ???
[C:\Windows\System32\KERNEL32.DLL]
0x7ffbc492e8d5
[C:\Windows\SYSTEM32\ntdll.dll]
0x7ffbc5acc53a

ERROR: Compilation failed.
