Test ran at 2026-09-23 12:58:19.068438+00:00

SOLUTION:
mcp9808_i2c=1.0.0: MCP9808 I2C library
Origin: commit 0e2aa58eff3f26b364601bdc4dbfbefc321cfb39 from https://github.com/hgrodriguez/mcp9808_i2c.git
Properties:
   Author: Holger Rodriguez
   Description: MCP9808 I2C library
   License: BSD-3-Clause
   Maintainer: Holger Rodriguez <github@roseng.ch>
   Maintainers_Logins: hgrodriguez
   Name: mcp9808_i2c
   Tag: mcp9808
   Tag: sensor
   Tag: temperature
   Tag: i2c
   Version: 1.0.0
   Website: https://github.com/hgrodriguez/mcp9808_i2c
Dependencies (direct):
   hal^1
Dependencies (solution):
   hal=1.0.0
Dependencies (graph):
   mcp9808_i2c=1.0.0 --> hal=1.0.0 (^1)


LOG:
[alr test] Testing mcp9808_i2c=1.0.0
[alr test] Spawning retrieval for remote crate: alr -d -n get mcp9808_i2c=1.0.0
Note: Deploying mcp9808_i2c=1.0.0...
Note: Deploying hal=1.0.0...

mcp9808_i2c=1.0.0 successfully retrieved.
Dependencies were solved as follows:

   + hal 1.0.0 (new)
[alr test] Spawning default test for remote crate: alr -d -n build --release -- -cargs:Ada -gnatwn
Note: Building mcp9808_i2c=1.0.0/mcp9808_i2c.gpr...
"C:\Users\runneradmin\AppData\Local\alire\cache\builds\hal_1.0.0_084c6412\80c667a14c0bbb0e2f7f185d159ae83222559bacb1087172cc6e81c0134d5570\obj" created
"C:\Users\runneradmin\AppData\Local\alire\cache\builds\hal_1.0.0_084c6412\80c667a14c0bbb0e2f7f185d159ae83222559bacb1087172cc6e81c0134d5570\lib" created
"obj\release" created
"lib" created
[Ada Compile]     hal-audio.ads
[Ada Compile]     hal-bitmap.ads
[Ada Compile]     hal-block_drivers.ads
[Ada Compile]     hal-dsi.ads
[Ada Compile]     hal-filesystem.ads
[Ada Compile]     hal-flash.ads
[Ada Compile]     hal-framebuffer.ads
[Ada Compile]     hal-gpio.ads
[Ada Compile]     hal-i2c.ads
[Ada Compile]     hal-real_time_clock.ads
[Ada Compile]     hal-sdmmc.adb
[Ada Compile]     hal-spi.ads
[Ada Compile]     hal-time.ads
[Ada Compile]     hal-touch_panel.ads
[Ada Compile]     hal-uart.ads
[Ada Compile]     hal.ads
[Ada Compile]     mcp9808_i2c-fahrenheit.adb
[Ada Compile]     mcp9808_i2c.adb
[Ada Compile]     mcp9808_i2c_config.ads
[Archive]         libhal.a
[Archive]         libMcp9808_I2c.a
Success: Build finished successfully in 2.98 seconds.
Found declared GPR file: mcp9808_i2c.gpr
[alr test] Test completed SUCCESSFULLY
