Test ran at 2026-09-23 12:49:56.907431+00:00

SOLUTION:
gnat_aarch64_elf=16.1.0: The GNAT Ada compiler - aarch64 cross-compiler
Provides: gnat=16.1.0
Origin: (case OS is Linux => (case Host_Arch is Aarch64 => binary archive gnat-aarch64-elf-linux64-aarch64-16.1.0-1.tar.gz at https://github.com/alire-project/GNAT-FSF-builds/releases/download/gnat-16.1.0-1/gnat-aarch64-elf-linux64-aarch64-16.1.0-1.tar.gz, X86_64 => binary archive gnat-aarch64-elf-linux64-x86_64-16.1.0-1.tar.gz at https://github.com/alire-project/GNAT-FSF-builds/releases/download/gnat-16.1.0-1/gnat-aarch64-elf-linux64-x86_64-16.1.0-1.tar.gz), Macos => (case Host_Arch is Aarch64 => binary archive gnat-aarch64-elf-darwin-aarch64-16.1.0-1.tar.gz at https://github.com/alire-project/GNAT-FSF-builds/releases/download/gnat-16.1.0-1/gnat-aarch64-elf-darwin-aarch64-16.1.0-1.tar.gz, X86_64 => binary archive gnat-aarch64-elf-darwin-x86_64-16.1.0-1.tar.gz at https://github.com/alire-project/GNAT-FSF-builds/releases/download/gnat-16.1.0-1/gnat-aarch64-elf-darwin-x86_64-16.1.0-1.tar.gz), Windows => (case Host_Arch is X86_64 => binary archive gnat-aarch64-elf-windows64-x86_64-16.1.0-1.tar.gz at https://github.com/alire-project/GNAT-FSF-builds/releases/download/gnat-16.1.0-1/gnat-aarch64-elf-windows64-x86_64-16.1.0-1.tar.gz)) with hash sha256:576e710d442882f6a85db0b5c36847d930d80124b7f2551771d32c3e9eac8052
Properties:
   Auto_Gpr_With: auto-gpr-with=false
   Configuration: no modifiers
   Description: The GNAT Ada compiler - aarch64 cross-compiler
   Environment: PATH=${CRATE_ROOT}/bin:${PATH}
   License: GPL-3.0-or-later AND GPL-3.0-or-later WITH GCC-exception-3.1
   Maintainer: chouteau@adacore.com
   Maintainer: sagaert@adacore.com
   Maintainers_Logins: Fabien-Chouteau
   Maintainers_Logins: AldanTanneo
   Name: gnat_aarch64_elf
   Version: 16.1.0
   Website: https://github.com/alire-project/GNAT-FSF-builds


LOG:
[alr test] Testing gnat_aarch64_elf=16.1.0
[alr test] Spawning retrieval for remote crate: alr -d -n get gnat_aarch64_elf=16.1.0
Note: Deploying gnat_aarch64_elf=16.1.0...
#=#=#                                                                          
##O#-#                                                                         

                                                                           0.1%
#                                                                          1.8%
#######                                                                   10.8%
##########                                                                14.6%
###############                                                           21.7%
####################                                                      29.0%
##########################                                                36.2%
###############################                                           43.4%
####################################                                      50.6%
#########################################                                 57.9%
################################################                          67.5%
#####################################################                     74.7%
###########################################################               82.1%
###########################################################               83.2%
#################################################################         90.4%
######################################################################    97.7%
######################################################################## 100.0%

gnat_aarch64_elf=16.1.0 successfully retrieved.
There are no dependencies.
[alr test] Test completed SUCCESSFULLY
