Test ran at 2025-09-25 12:35:28.021806+00:00

SOLUTION:
a0b_i2c=0.1.0: A0B I2C API
Origin: commit 67a3e9f5443bdaf500ce46beab1414c73ea4ed8e from https://github.com/godunko/a0b-i2c.git
Properties:
   Test run: alr build (from ${CRATE_ROOT}/selftest)
   Author: Vadim Godunko
   Configuration: no modifiers
   Description: A0B I2C API
   License: Apache-2.0 WITH LLVM-exception
   Maintainer: Vadim Godunko <vgodunko@gmail.com>
   Maintainers_Logins: godunko
   Name: a0b_i2c
   Project_File: gnat/a0b_i2c.gpr
   Tag: a0b
   Tag: embedded
   Tag: i2c
   Version: 0.1.0
Dependencies (direct):
   a0b_base*
   a0b_callbacks*
Dependencies (solution):
   a0b_base=0.4.0
   a0b_callbacks=0.2.0
Dependencies (graph):
   a0b_callbacks=0.2.0 --> a0b_base=0.4.0 (*)
   a0b_i2c=0.1.0       --> a0b_base=0.4.0 (*)
   a0b_i2c=0.1.0       --> a0b_callbacks=0.2.0 (*)


LOG:
Note: Synchronizing workspace...
Dependencies automatically updated as follows:

   +  a0b_base      0.4.0  (new,indirect)
   +  a0b_callbacks 0.2.0  (new,indirect)
   +. a0b_i2c       0.1.0  (new,path=..)
   +b gnat_arm_elf  15.2.1 (new,binary)
   
   i  The solution requires a toolchain that is
      not yet installed. Accepting the solution
      will download and install this toolchain.
Note: Deploying gnat_arm_elf=15.2.1...

#=#=#                                                                          
##                                                                         3.4%
#####                                                                      8.0%
#########                                                                 13.1%
############                                                              17.9%
################                                                          22.8%
###################                                                       27.3%
#######################                                                   32.4%
##########################                                                37.5%
##############################                                            42.1%
##################################                                        47.8%
######################################                                    53.5%
##########################################                                59.3%
##############################################                            64.2%
##################################################                        70.4%
######################################################                    76.1%
###########################################################               82.5%
###############################################################           87.7%
###################################################################       93.4%
#######################################################################   99.1%
######################################################################## 100.0%
Note: gnat_arm_elf=15.2.1 installed successfully.

Note: Building a0b_i2c_selftest=0.1.0-dev/a0b_i2c_selftest.gpr...
Setup
   [mkdir]        object directory for project A0B_Base
   [mkdir]        library directory for project A0B_Base
   [mkdir]        object directory for project A0B_Callbacks
   [mkdir]        object directory for project A0B_I2C
a0b_i2c_selftest.gpr:9:09: warning: there are no sources of language "Ada" in this project
Compile
   [Ada]          a0b-callbacks.adb
   [Ada]          a0b-callbacks-generic_subprogram.adb
   [Ada]          a0b-callbacks-generic_parameterless.adb
   [Ada]          a0b-callbacks-generic_non_dispatching.adb
   [Ada]          a0b-callbacks-generic_dispatching.adb
   [Ada]          a0b-callbacks-generic_discrete.adb
   [Ada]          a0b.ads
   [Ada]          a0b-types.ads
   [Ada]          a0b-types-svd.ads
   [Ada]          a0b-types-gcc_builtins.ads
   [Ada]          a0b-types-big_endian.adb
   [Ada]          a0b-types-arrays.ads
   [Ada]          a0b-peripherals.ads
   [Ada]          a0b-i2c.ads
   [Ada]          a0b-i2c-device_drivers_8.adb
   [Ada]          a0b-i2c-device_drivers.adb
Build Libraries
   [gprlib]       a0b_base.lexch
   [archive]      liba0b_base.a
   [index]        liba0b_base.a
Success: Build finished successfully in 1.83 seconds.
[alr test] Test completed SUCCESSFULLY
