Test ran at 2025-08-02 12:42:14.845390+00:00

SOLUTION:
gnatcoll_sqlite=25.0.0: GNAT Components Collection - sqlite
Origin: source archive gnatcoll-db-25.0.0.zip at https://github.com/adacore/gnatcoll-db/archive/v25.0.0/gnatcoll-db-25.0.0.zip with hash sha512:99777a001ed8ab1cd9318da7b98c629e62cb83e223d5c0140b79c1cc686bf81c6e373e8de2d1d7b4d8b876a56c100c6c1443a8f61d6228ca31f2d033e0606b3d
Properties:
   Author: AdaCore
   Configuration: no modifiers
   Description: GNAT Components Collection - sqlite
   GPR Scenario: GNATCOLL_BUILD_MODE := DEBUG | PROD
   GPR Scenario: LIBRARY_TYPE := static | relocatable | static-pic
   License: GPL-3.0-or-later WITH GCC-exception-3.1
   Maintainer: chouteau@adacore.com
   Maintainers_Logins: Fabien-Chouteau
   Name: gnatcoll_sqlite
   Project_File: sqlite/gnatcoll_sqlite.gpr
   Tag: gnatcoll
   Tag: gnatcoll-db
   Tag: sqlite
   Tag: sql
   Tag: database
   Version: 25.0.0
   Website: https://github.com/adacore/gnatcoll-db
Dependencies (direct):
   gnatcoll_sql~25.0.0
   gnatcoll~25.0.0
Dependencies (solution):
   gnat=15.1.2 (gnat_native)
   gnatcoll=25.0.0
   gnatcoll_sql=25.0.0
   libgpr=25.0.0
   xmlada=25.0.0
Dependencies (graph):
   gnatcoll=25.0.0        --> gnat=15.1.2 (gnat_native) (>=13)
   gnatcoll=25.0.0        --> libgpr=25.0.0 (~25.0.0)
   gnatcoll_sql=25.0.0    --> gnatcoll=25.0.0 (~25.0.0)
   gnatcoll_sqlite=25.0.0 --> gnatcoll=25.0.0 (~25.0.0)
   gnatcoll_sqlite=25.0.0 --> gnatcoll_sql=25.0.0 (~25.0.0)
   libgpr=25.0.0          --> gnat=15.1.2 (gnat_native) (/=2020)
   libgpr=25.0.0          --> xmlada=25.0.0 (~25.0.0)
   xmlada=25.0.0          --> gnat=15.1.2 (gnat_native) (>=11)


LOG:
[alr test] Testing gnatcoll_sqlite=25.0.0
[alr test] Spawning retrieval for remote crate: alr -d -n get gnatcoll_sqlite=25.0.0
Note: Deploying gnatcoll_sqlite=25.0.0...
#=#=#                                                                          
##O#-#                                                                         
##O=#  #                                                                       

                                                                           0.5%
##                                                                         3.4%
########                                                                  11.2%
#########################                                                 35.2%
######################################################################## 100.0%
Note: Deploying gnatcoll_sql=25.0.0...
#=#=#                                                                          
##O#-#                                                                         
##O=#  #                                                                       

                                                                           1.3%
#####                                                                      7.2%
#################                                                         23.8%
############################################################              83.8%
######################################################################## 100.0%

gnatcoll_sqlite=25.0.0 successfully retrieved.
Dependencies were solved as follows:

   +b gnat         15.1.2 (new,gnat_native,indirect,binary)
   +  gnatcoll     25.0.0 (new)
   +  gnatcoll_sql 25.0.0 (new)
   +  libgpr       25.0.0 (new,indirect)
   +  xmlada       25.0.0 (new,indirect)
[alr test] Spawning default test for remote crate: alr -d -n build --release -- -cargs:Ada -gnatwn
Note: Building gnatcoll_sqlite=25.0.0/sqlite/gnatcoll_sqlite.gpr...
Setup
   [mkdir]        object directory for project GnatColl_SQL
   [mkdir]        library directory for project GnatColl_SQL
   [mkdir]        object directory for project GnatColl_Sqlite
   [mkdir]        library directory for project GnatColl_Sqlite
Compile
   [Ada]          gnatcoll-sql-exec-tasking.adb
   [Ada]          gnatcoll-sql-inspect.adb
   [Ada]          gnatcoll-sql_fields.adb
   [Ada]          gnatcoll-sql_impl.adb
   [Ada]          gnatcoll-sql-orm-impl.adb
   [Ada]          gnatcoll-sql.adb
   [Ada]          gnatcoll-sql-exec_private.adb
   [Ada]          gnatcoll-sql-exec.adb
   [Ada]          gnatcoll-sql-sessions.adb
   [Ada]          gnatcoll-sql-orm.adb
   [Ada]          gnatcoll-scripts-files.adb
   [Ada]          gnatcoll-projects-normalize.adb
   [Ada]          gnatcoll-scripts-projects.adb
   [Ada]          gnatcoll-projects-krunch.adb
   [Ada]          gnatcoll-projects-aux.adb
   [Ada]          gnatcoll-projects.adb
   [Ada]          gnatcoll-memory.adb
   [Ada]          gnatcoll-tribooleans.adb
   [Ada]          gnatcoll-coders.adb
   [Ada]          gnatcoll-refcount-weakref.adb
   [Ada]          gnatcoll-storage_pools-alignment.adb
   [Ada]          gnatcoll-damerau_levenshtein_distance.ads
   [Ada]          gnatcoll.ads
   [Ada]          gnatcoll-promises.adb
   [Ada]          gnatcoll-coders-streams.adb
   [Ada]          gnatcoll-storage_pools.ads
   [Ada]          gnatcoll-atomic.adb
   [Ada]          gnatcoll-coders-base64.adb
   [Ada]          gnatcoll-refcount.adb
gnatcoll-refcount.ads:90:04: warning: in instantiation at gnatcoll-storage_pools-headers.adb:57 [enabled by default]
gnatcoll-refcount.ads:90:04: warning: possible aliasing problem for type "Header_Access" [enabled by default]
gnatcoll-refcount.ads:90:04: warning: use -fno-strict-aliasing switch for references [enabled by default]
gnatcoll-refcount.ads:90:04: warning: or use "pragma No_Strict_Aliasing (Header_Access);" [enabled by default]
   [Ada]          gnatcoll-locks.adb
   [Ada]          gnatcoll-boyer_moore.adb
   [Ada]          gnatcoll-storage_pools-headers.adb
   [Ada]          gnatcoll-asserts.adb
   [Ada]          gnatcoll-damerau_levenshtein_generic.adb
   [Ada]          gnatcoll-any_types.adb
   [Ada]          gnatcoll-os-libc.ads
   [Ada]          gnatcoll-os-libc-dirent.ads
   [Ada]          gnatcoll-os-libc-spawn.ads
   [Ada]          gnatcoll-os-libc-utime.ads
   [Ada]          gnatcoll-os-libc-stat.ads
   [Ada]          gnatcoll-hash-blake3.adb
   [Ada]          gnatcoll-hash.ads
   [Ada]          gnatcoll-paragraph_filling-words.adb
   [Ada]          gnatcoll-paragraph_filling-badnesses.adb
   [Ada]          gnatcoll-paragraph_filling.adb
   [Ada]          gnatcoll-os-fs.adb
   [Ada]          gnatcoll-os-dir.adb
   [Ada]          gnatcoll-os-process.adb
   [Ada]          gnatcoll-os.ads
   [Ada]          gnatcoll-os-fsutil.adb
   [Ada]          gnatcoll-os-stat.adb
   [Ada]          gnatcoll-email-parser.adb
   [Ada]          gnatcoll-vfs_utils.adb
   [Ada]          gnatcoll-vfs.adb
   [Ada]          gnatcoll-json.adb
   [Ada]          gnatcoll-symbols.adb
   [Ada]          gnatcoll-io-remote-windows.adb
   [Ada]          gnatcoll-io-remote-unix.adb
   [Ada]          gnatcoll-remote.ads
   [Ada]          gnatcoll-opt_parse.adb
   [Ada]          gnatcoll-directed_graph.adb
   [Ada]          gnatcoll-format_columns_vertical.ads
   [Ada]          gnatcoll-file_paths.adb
   [Ada]          gnatcoll-utils.adb
   [Ada]          gnatcoll-pools.adb
   [Ada]          gnatcoll-path.adb
   [Ada]          gnatcoll-strings.ads
   [Ada]          gnatcoll-io.adb
   [Ada]          gnatcoll-buffer.adb
   [Ada]          gnatcoll-io-remote.adb
   [Ada]          gnatcoll-email-utils.adb
   [Ada]          gnatcoll-io-native.adb
   [Ada]          gnatcoll-scripts.adb
   [Ada]          gnatcoll-json-utility.adb
   [Ada]          gnatcoll-random.adb
   [Ada]          gnatcoll-templates.adb
   [Ada]          gnatcoll-terminal.adb
   [Ada]          gnatcoll-config.adb
   [Ada]          gnatcoll-wstring_builders.adb
   [Ada]          gnatcoll-remote-db.adb
   [Ada]          gnatcoll-vfs_types.ads
   [Ada]          gnatcoll-email-mailboxes.adb
   [Ada]          gnatcoll-formatters.adb
   [Ada]          gnatcoll-mmap.adb
   [Ada]          gnatcoll-file_indexes.adb
   [Ada]          gnatcoll-scripts-impl.adb
   [Ada]          gnatcoll-scripts-utils.adb
   [Ada]          gnatcoll-wstring_list_builders.adb
   [Ada]          gnatcoll-strings_impl.adb
   [Ada]          gnatcoll-string_list_builders.adb
   [Ada]          gnatcoll-arg_lists.adb
   [Ada]          gnatcoll-string_builders.adb
   [Ada]          gnatcoll-email.adb
   [Ada]          gnatcoll-traces.adb
   [Ada]          gnatcoll-hash-xxhash__generic.adb
   [Ada]          gnatcoll-mmap-system__unix.adb
   [Ada]          gnatcoll-plugins__unix.adb
   [Ada]          gnatcoll-os-process_types__unix.adb
   [Ada]          gnatcoll-os-random__unix.adb
   [Ada]          gnatcoll-os-constants__osx.ads
   [Ada]          gnatcoll-os-dir_types__unix.ads
   [Ada]          gnatcoll-os-libc_constants__osx.ads
   [C]            shell.c
   [C]            sqlite3.c
   [Ada]          gnatcoll-sql-sqlite-builder.adb
   [Ada]          gnatcoll-sql-sqlite-gnade.adb
   [Ada]          gnatcoll-sql-sqlite.adb
/Users/runner/work/alire-crates-ci/alire-crates-ci/test/d95435ee-60e5-4135-86ac-ea3849213834/gnatcoll_sqlite_25.0.0_99777a00/sqlite/amalgamation/sqlite3.c: In function 'sqlite3SelectNew':
/Users/runner/work/alire-crates-ci/alire-crates-ci/test/d95435ee-60e5-4135-86ac-ea3849213834/gnatcoll_sqlite_25.0.0_99777a00/sqlite/amalgamation/sqlite3.c:117842:10: warning: function may return address of local variable [-Wreturn-local-addr]
117842 |   return pNew;
       |          ^~~~
/Users/runner/work/alire-crates-ci/alire-crates-ci/test/d95435ee-60e5-4135-86ac-ea3849213834/gnatcoll_sqlite_25.0.0_99777a00/sqlite/amalgamation/sqlite3.c:117801:10: note: declared here
117801 |   Select standin;
       |          ^~~~~~~
/Users/runner/work/alire-crates-ci/alire-crates-ci/test/d95435ee-60e5-4135-86ac-ea3849213834/gnatcoll_sqlite_25.0.0_99777a00/sqlite/amalgamation/sqlite3.c:117801:10: note: declared here
/Users/runner/work/alire-crates-ci/alire-crates-ci/test/d95435ee-60e5-4135-86ac-ea3849213834/gnatcoll_sqlite_25.0.0_99777a00/sqlite/amalgamation/sqlite3.c: In function 'sqlite3VdbeExpandSql':
/Users/runner/work/alire-crates-ci/alire-crates-ci/test/d95435ee-60e5-4135-86ac-ea3849213834/gnatcoll_sqlite_25.0.0_99777a00/sqlite/amalgamation/sqlite3.c:79063:10: warning: function may return address of local variable [-Wreturn-local-addr]
79063 |   return sqlite3StrAccumFinish(&out);
      |          ^~~~~~~~~~~~~~~~~~~~~~~~~~~
/Users/runner/work/alire-crates-ci/alire-crates-ci/test/d95435ee-60e5-4135-86ac-ea3849213834/gnatcoll_sqlite_25.0.0_99777a00/sqlite/amalgamation/sqlite3.c:78959:8: note: declared here
78959 |   char zBase[100];         /* Initial working space */
      |        ^~~~~
/Users/runner/work/alire-crates-ci/alire-crates-ci/test/d95435ee-60e5-4135-86ac-ea3849213834/gnatcoll_sqlite_25.0.0_99777a00/sqlite/amalgamation/sqlite3.c:79063:10: warning: function may return address of local variable [-Wreturn-local-addr]
79063 |   return sqlite3StrAccumFinish(&out);
      |          ^~~~~~~~~~~~~~~~~~~~~~~~~~~
/Users/runner/work/alire-crates-ci/alire-crates-ci/test/d95435ee-60e5-4135-86ac-ea3849213834/gnatcoll_sqlite_25.0.0_99777a00/sqlite/amalgamation/sqlite3.c:78959:8: note: declared here
78959 |   char zBase[100];         /* Initial working space */
      |        ^~~~~
/Users/runner/work/alire-crates-ci/alire-crates-ci/test/d95435ee-60e5-4135-86ac-ea3849213834/gnatcoll_sqlite_25.0.0_99777a00/sqlite/amalgamation/sqlite3.c:78959:8: note: declared here
/Users/runner/work/alire-crates-ci/alire-crates-ci/test/d95435ee-60e5-4135-86ac-ea3849213834/gnatcoll_sqlite_25.0.0_99777a00/sqlite/amalgamation/sqlite3.c:78959:8: note: declared here
/Users/runner/work/alire-crates-ci/alire-crates-ci/test/d95435ee-60e5-4135-86ac-ea3849213834/gnatcoll_sqlite_25.0.0_99777a00/sqlite/amalgamation/sqlite3.c:78959:8: note: declared here
Build Libraries
   [gprlib]       gnatcoll_minimal.lexch
   [gprlib]       gnatcoll_core.lexch
   [archive]      libgnatcoll_minimal.a
   [index]        libgnatcoll_minimal.a
   [gprlib]       gnatcoll_projects.lexch
   [archive]      libgnatcoll_core.a
   [index]        libgnatcoll_core.a
   [gprlib]       gnatcoll_sql.lexch
   [archive]      libgnatcoll_projects.a
   [index]        libgnatcoll_projects.a
   [gprlib]       gnatcoll_sqlite.lexch
   [archive]      libgnatcoll_sql.a
   [index]        libgnatcoll_sql.a
   [archive]      libgnatcoll_sqlite.a
   [index]        libgnatcoll_sqlite.a
Success: Build finished successfully in 69.23 seconds.
Found declared GPR file: sqlite/gnatcoll_sqlite.gpr
[alr test] Test completed SUCCESSFULLY
