Test ran at 2025-08-01 00:52:36.617848+00:00

SOLUTION:
a0b_stm32f2_generic_gpio=0.1.0: A0B: STM32F2+ Generic GPIO
Origin: commit 8f38aacb92d84b69bcc702b740bad5eeb366631b from https://github.com/godunko/a0b-stm32f2-generic_gpio.git
Properties:
   Test run: alr build (from ${CRATE_ROOT}/selftest)
   Author: Vadim Godunko
   Configuration: no modifiers
   Description: A0B: STM32F2+ Generic GPIO
   License: Apache-2.0 WITH LLVM-exception
   Maintainer: Vadim Godunko <vgodunko@gmail.com>
   Maintainers_Logins: godunko
   Name: a0b_stm32f2_generic_gpio
   Project_File: gnat/a0b_stm32f2_generic_gpio.gpr
   Tag: a0b
   Tag: embedded
   Tag: stm32
   Tag: gpio
   Version: 0.1.0
Dependencies (direct):
   a0b_gpio*
Dependencies (solution):
   a0b_base=0.4.0
   a0b_gpio=0.1.0
Dependencies (graph):
   a0b_gpio=0.1.0                 --> a0b_base=0.4.0 (*)
   a0b_stm32f2_generic_gpio=0.1.0 --> a0b_gpio=0.1.0 (*)


LOG:
Note: Synchronizing workspace...
Dependencies automatically updated as follows:

   +  a0b_base                 0.4.0  (new,indirect)
   +  a0b_gpio                 0.1.0  (new,indirect)
   +. a0b_stm32f2_generic_gpio 0.1.0  (new,path=..)
   +b gnat_arm_elf             15.1.2 (new,binary)
   
   i  The solution requires a toolchain that is
      not yet installed. Accepting the solution
      will download and install this toolchain.
Note: Deploying gnat_arm_elf=15.1.2...
#=#=#                                                                          

###                                                                        4.9%
#######                                                                   10.1%
############                                                              17.7%
################                                                          23.4%
##################                                                        25.0%
###################                                                       27.6%
######################                                                    31.0%
##########################                                                36.8%
###########################                                               38.4%
###############################                                           43.4%
##################################                                        47.8%
#####################################                                     51.8%
#######################################                                   55.4%
############################################                              61.5%
#################################################                         68.5%
######################################################                    76.1%
########################################################                  79.1%
#########################################################                 79.9%
###########################################################               82.8%
################################################################          88.9%
####################################################################      95.0%
######################################################################    98.6%
######################################################################## 100.0%
Note: gnat_arm_elf=15.1.2 installed successfully.

Note: Building a0b_stm32f2_generic_gpio_selftest=0.1.0-dev/a0b_stm32f2_generic_gpio_selftest.gpr...
Setup
   [mkdir]        object directory for project A0B_Base
   [mkdir]        library directory for project A0B_Base
   [mkdir]        object directory for project A0B_GPIO
   [mkdir]        object directory for project A0B_STM32F2_Generic_GPIO
   [mkdir]        library directory for project A0B_STM32F2_Generic_GPIO
a0b_stm32f2_generic_gpio_selftest.gpr:9:09: warning: there are no sources of language "Ada" in this project
Compile
   [Ada]          a0b-types.ads
   [Ada]          a0b-types-gcc_builtins.ads
   [Ada]          a0b.ads
   [Ada]          a0b-types-svd.ads
   [Ada]          a0b-types-arrays.ads
   [Ada]          a0b-types-big_endian.adb
   [Ada]          a0b-peripherals.ads
   [Ada]          a0b-gpio.ads
   [Ada]          a0b-peripherals-gpio.ads
   [Ada]          a0b-stm32.ads
   [Ada]          a0b-stm32-generic_gpio.adb
a0b-stm32-generic_gpio.ads:20:19: warning: procedure "Disable_GPIO_Clock" is not referenced [-gnatwu]
Build Libraries
   [gprlib]       a0b_base.lexch
   [gprlib]       a0b_stm32f2_generic_gpio.lexch
   [archive]      liba0b_base.a
   [index]        liba0b_base.a
   [archive]      liba0b_stm32f2_generic_gpio.a
   [index]        liba0b_stm32f2_generic_gpio.a
Success: Build finished successfully in 0.39 seconds.
[alr test] Test completed SUCCESSFULLY
