Test ran at 2026-09-26 01:21:59.804536+00:00

SOLUTION:
gnatcoll_python3=23.0.0: GNAT Components Collection - python3 binding
Origin: source archive gnatcoll-bindings-23.0.0.zip at https://github.com/AdaCore/gnatcoll-bindings/archive/v23.0.0/gnatcoll-bindings-23.0.0.zip with hash sha512:57de4a1ad9e6741e11227e767334a00b6e71a0f2887eda7a4887d8a4c7728676476332c2a77d48a30b80ed3e50e4e0552d07a34ad75e33b716f619a363291bfe
Available when: (case Distribution is Debian => True, Msys2 => True, Ubuntu => True, others => False)
Properties:
   Author: AdaCore
   Description: GNAT Components Collection - python3 binding
   case Distribution is
      when Debian => Environment: C_INCLUDE_PATH=${C_INCLUDE_PATH}:${DISTRIB_ROOT}/usr/include/python3.7/:${DISTRIB_ROOT}/usr/include/python3.8/
      when Msys2 => Environment: C_INCLUDE_PATH=${C_INCLUDE_PATH}:${DISTRIB_ROOT}/mingw64/include/python3.10/
      when Ubuntu => Environment: C_INCLUDE_PATH=${C_INCLUDE_PATH}:${DISTRIB_ROOT}/usr/include/python3.7/:${DISTRIB_ROOT}/usr/include/python3.8/
   GPR Scenario: GNATCOLL_BUILD_MODE := DEBUG | PROD
   GPR Scenario: LIBRARY_TYPE := static | relocatable | static-pic
   License: GPL-3.0-only WITH GCC-exception-3.1
   Maintainer: chouteau@adacore.com
   Maintainers_Logins: Fabien-Chouteau
   Name: gnatcoll_python3
   Project_File: python3/gnatcoll_python.gpr
   Tag: gnatcoll
   Tag: bindings
   Tag: python
   Tag: python3
   Version: 23.0.0
   Website: https://github.com/adacore/gnatcoll-bindings
Dependencies (direct):
   gnatcoll~23.0.0
   libpython3dev^3.10
Dependencies (solution):
   gnat=16.1.0 (gnat_native)
   gnatcoll=23.0.0
   libgpr=23.0.0
   libpython3dev=3.14.7
   xmlada=23.0.0
Dependencies (graph):
   gnatcoll=23.0.0         --> libgpr=23.0.0 (~23.0.0)
   gnatcoll_python3=23.0.0 --> gnatcoll=23.0.0 (~23.0.0)
   gnatcoll_python3=23.0.0 --> libpython3dev=3.14.7 (^3.10)
   libgpr=23.0.0           --> gnat=16.1.0 (gnat_native) (/=2020)
   libgpr=23.0.0           --> xmlada=23.0.0 (~23.0.0)
   xmlada=23.0.0           --> gnat=16.1.0 (gnat_native) (>=11)


LOG:
[alr test] Testing gnatcoll_python3=23.0.0
[alr test] Spawning retrieval for remote crate: alr -d -n get gnatcoll_python3=23.0.0
Note: Deploying gnatcoll_python3=23.0.0...

#=#=#                                                                          
##O#-#                                                                         
Note: Deploying libpython3dev=3.14.7...
The system package 'mingw-w64-x86_64-python' is about to be installed.
This action might require admin privileges and impact your system installation.
Do you want Alire to install this system package?
Using default: Yes
resolving dependencies...
looking for conflicting packages...

Packages (26) mingw-w64-x86_64-bzip2-1.0.8-4  mingw-w64-x86_64-cc-libs-16.2.0-4  mingw-w64-x86_64-expat-2.8.5-1  mingw-w64-x86_64-gettext-runtime-1.0-1  mingw-w64-x86_64-libatomic-16.2.0-4  mingw-w64-x86_64-libb2-0.98.1-3  mingw-w64-x86_64-libffi-3.8.0-1  mingw-w64-x86_64-libgcc-16.2.0-4  mingw-w64-x86_64-libiconv-1.19-1  mingw-w64-x86_64-libquadmath-16.2.0-4  mingw-w64-x86_64-libstdc++-16.2.0-4  mingw-w64-x86_64-libsystre-1.0.2-3  mingw-w64-x86_64-libtre-0.9.0-2  mingw-w64-x86_64-libwinpthread-14.0.0.r426.g4564ee4b5-1  mingw-w64-x86_64-mpdecimal-4.0.1-3  mingw-w64-x86_64-ncurses-6.6-4  mingw-w64-x86_64-openssl-3.6.4-1  mingw-w64-x86_64-pcre2-10.48-3  mingw-w64-x86_64-sqlite3-3.53.4-1  mingw-w64-x86_64-tcl-8.6.18-1  mingw-w64-x86_64-tk-8.6.18-1  mingw-w64-x86_64-tzdata-2026d-1  mingw-w64-x86_64-wineditline-2.208-1  mingw-w64-x86_64-xz-5.8.4-1  mingw-w64-x86_64-zlib-1.3.2-2  mingw-w64-x86_64-python-3.14.7-1

Total Download Size:    47.79 MiB
Total Installed Size:  349.57 MiB

:: Proceed with installation? [Y/n] 
:: Retrieving packages...
 mingw-w64-x86_64-python-3.14.7-1-any downloading...
 mingw-w64-x86_64-openssl-3.6.4-1-any downloading...
 mingw-w64-x86_64-tcl-8.6.18-1-any downloading...
 mingw-w64-x86_64-sqlite3-3.53.4-1-any downloading...
 mingw-w64-x86_64-tk-8.6.18-1-any downloading...
 mingw-w64-x86_64-ncurses-6.6-4-any downloading...
 mingw-w64-x86_64-pcre2-10.48-3-any downloading...
 mingw-w64-x86_64-libstdc++-16.2.0-4-any downloading...
 mingw-w64-x86_64-libiconv-1.19-1-any downloading...
 mingw-w64-x86_64-xz-5.8.4-1-any downloading...
 mingw-w64-x86_64-gettext-runtime-1.0-1-any downloading...
 mingw-w64-x86_64-tzdata-2026d-1-any downloading...
 mingw-w64-x86_64-expat-2.8.5-1-any downloading...
 mingw-w64-x86_64-libquadmath-16.2.0-4-any downloading...
 mingw-w64-x86_64-mpdecimal-4.0.1-3-any downloading...
 mingw-w64-x86_64-zlib-1.3.2-2-any downloading...
 mingw-w64-x86_64-bzip2-1.0.8-4-any downloading...
 mingw-w64-x86_64-libtre-0.9.0-2-any downloading...
 mingw-w64-x86_64-libgcc-16.2.0-4-any downloading...
 mingw-w64-x86_64-wineditline-2.208-1-any downloading...
 mingw-w64-x86_64-libffi-3.8.0-1-any downloading...
 mingw-w64-x86_64-libwinpthread-14.0.0.r426.g4564ee4b5-1-any downloading...
 mingw-w64-x86_64-libatomic-16.2.0-4-any downloading...
 mingw-w64-x86_64-libb2-0.98.1-3-any downloading...
 mingw-w64-x86_64-libsystre-1.0.2-3-any downloading...
 mingw-w64-x86_64-cc-libs-16.2.0-4-any downloading...
checking keyring...
checking package integrity...
loading package files...
checking for file conflicts...
checking available disk space...
:: Processing package changes...
installing mingw-w64-x86_64-libwinpthread...
installing mingw-w64-x86_64-libatomic...
installing mingw-w64-x86_64-libgcc...
installing mingw-w64-x86_64-tzdata...
installing mingw-w64-x86_64-libstdc++...
installing mingw-w64-x86_64-libquadmath...
installing mingw-w64-x86_64-cc-libs...
installing mingw-w64-x86_64-expat...
installing mingw-w64-x86_64-bzip2...
installing mingw-w64-x86_64-libffi...
installing mingw-w64-x86_64-mpdecimal...
installing mingw-w64-x86_64-wineditline...
installing mingw-w64-x86_64-zlib...
installing mingw-w64-x86_64-pcre2...
installing mingw-w64-x86_64-libiconv...
installing mingw-w64-x86_64-gettext-runtime...
installing mingw-w64-x86_64-libtre...
installing mingw-w64-x86_64-libsystre...
installing mingw-w64-x86_64-ncurses...
installing mingw-w64-x86_64-openssl...
Optional dependencies for mingw-w64-x86_64-openssl
    mingw-w64-x86_64-ca-certificates
installing mingw-w64-x86_64-tcl...
installing mingw-w64-x86_64-sqlite3...
installing mingw-w64-x86_64-tk...
installing mingw-w64-x86_64-libb2...
installing mingw-w64-x86_64-xz...
installing mingw-w64-x86_64-python...
Note: Deploying xmlada=23.0.0...

#=#=#                                                                          
##O#-#                                                                         
##=O#- #                                                                       
Note: Deploying libgpr=23.0.0...

#=#=#                                                                          
##O#-#                                                                         
##O=#  #                                                                       
#-#O=#  #                                                                      
Note: Deploying gnatcoll=23.0.0...

#=#=#                                                                          
##O#-#                                                                         
##=O#- #                                                                       

gnatcoll_python3=23.0.0 successfully retrieved.
Dependencies were solved as follows:

   +b gnat          16.1.0 (new,gnat_native,indirect,binary)
   +  gnatcoll      23.0.0 (new)
   +  libgpr        23.0.0 (new,indirect)
   +b libpython3dev 3.14.7 (new,system package)
   +  xmlada        23.0.0 (new,indirect)
[alr test] Spawning default test for remote crate: alr -d -n build --release -- -cargs:Ada -gnatwn
Note: Running post-fetch actions for xmlada=23.0.0...
configure: loading site script /usr/local/etc/config.site
checking build system type... x86_64-pc-mingw64
checking host system type... x86_64-pc-mingw64
checking target system type... x86_64-pc-mingw64
checking whether gnat can build shared libs... yes
checking for a BSD-compatible install... /usr/bin/install -c
checking whether ln -s works... no, using cp -pR
configure: creating ./config.status
config.status: creating xmlada_shared.gpr
config.status: creating Makefile
config.status: creating tests/dom/default.gpr
Note: Building gnatcoll_python3=23.0.0/python3/gnatcoll_python.gpr...
"C:\Users\runneradmin\AppData\Local\alire\cache\builds\xmlada_23.0.0_70494123\203717355baa29ae6df321c0e5fe208e221ec4ffd0b5c962070039c4a9ab04c4\sax\obj\static" created
"C:\Users\runneradmin\AppData\Local\alire\cache\builds\xmlada_23.0.0_70494123\203717355baa29ae6df321c0e5fe208e221ec4ffd0b5c962070039c4a9ab04c4\sax\lib\static" created
"C:\Users\runneradmin\AppData\Local\alire\cache\builds\xmlada_23.0.0_70494123\203717355baa29ae6df321c0e5fe208e221ec4ffd0b5c962070039c4a9ab04c4\schema\obj\static" created
"C:\Users\runneradmin\AppData\Local\alire\cache\builds\libgpr_23.0.0_34e332b9\a3268d2d5fb8f45557411e745bc95e0ed8818aac2ffa1a7ef12dc818f9b96b45\gpr\libobj\production\static" created
"C:\Users\runneradmin\AppData\Local\alire\cache\builds\libgpr_23.0.0_34e332b9\a3268d2d5fb8f45557411e745bc95e0ed8818aac2ffa1a7ef12dc818f9b96b45\gpr\lib\production\static" created
"C:\Users\runneradmin\AppData\Local\alire\cache\builds\gnatcoll_23.0.0_29478a20\8d98cc99d1d3bb3cbdd84c6728415cd09c32ea68d4ee54bdece292292080c825\obj\gnatcoll\all" created
"C:\Users\runneradmin\AppData\Local\alire\cache\builds\gnatcoll_23.0.0_29478a20\8d98cc99d1d3bb3cbdd84c6728415cd09c32ea68d4ee54bdece292292080c825\lib\gnatcoll\static" created
"obj\static" created
"lib\static" created
[Ada Compile]     gnatcoll-any_types.adb
[Ada Compile]     gnatcoll-arg_lists.adb
[Ada Compile]     gnatcoll-asserts.adb
[Ada Compile]     gnatcoll-atomic.adb
[Ada Compile]     gnatcoll-boyer_moore.adb
[Ada Compile]     gnatcoll-coders-base64.adb
[Ada Compile]     gnatcoll-coders-streams.adb
[Ada Compile]     gnatcoll-coders.adb
[Ada Compile]     gnatcoll-config.adb
[Ada Compile]     gnatcoll-damerau_levenshtein_distance.ads
[Ada Compile]     gnatcoll-damerau_levenshtein_generic.adb
[Ada Compile]     gnatcoll-email-mailboxes.adb
[Ada Compile]     gnatcoll-email-parser.adb
[Ada Compile]     gnatcoll-email-utils.adb
[Ada Compile]     gnatcoll-email.adb
[Ada Compile]     gnatcoll-file_paths.adb
[Ada Compile]     gnatcoll-format_columns_vertical.ads
[Ada Compile]     gnatcoll-formatters.adb
[Ada Compile]     gnatcoll-geometry.adb
[Ada Compile]     gnatcoll-io-native.adb
[Ada Compile]     gnatcoll-io-remote-unix.adb
[Ada Compile]     gnatcoll-io-remote-windows.adb
[Ada Compile]     gnatcoll-io-remote.adb
[Ada Compile]     gnatcoll-io.adb
[Ada Compile]     gnatcoll-json-utility.adb
[Ada Compile]     gnatcoll-json.adb
[Ada Compile]     gnatcoll-locks.adb
[Ada Compile]     gnatcoll-memory.adb
[Ada Compile]     gnatcoll-mmap-system__win32.adb
[Ada Compile]     gnatcoll-mmap.adb
[Ada Compile]     gnatcoll-opt_parse.adb
[Ada Compile]     gnatcoll-os-constants__windows.ads
[Ada Compile]     gnatcoll-os-dir.adb
gnatcoll-opt_parse.adb:251:17: error: (Ada 2005) cannot copy object of a limited type (RM-2005 6.5(5.5/2))
gnatcoll-opt_parse.adb:251:17: error: consider switching to return of access type
gnatcoll.gpr: error: [Ada Compile] gnatcoll-opt_parse.adb (gnatcoll.gpr) failed with status 1
stderr: Command ["gprbuild", "-s", "-j0", "-p", "-P", "D:\a\alire-crates-ci\alire-crates-ci\test\7437cbbb-e58b-4ec1-9fa5-cbf5b2dcaaa6\gnatcoll_python3_23.0.0_57de4a1a\python3/gnatcoll_python.gpr", "-cargs:Ada", "-gnatwn"] exited with code 4
ERROR: Command ["gprbuild", "-s", "-j0", "-p", "-P", "D:\a\alire-crates-ci\alire-crates-ci\test\7437cbbb-e58b-4ec1-9fa5-cbf5b2dcaaa6\gnatcoll_python3_23.0.0_57de4a1a\python3/gnatcoll_python.gpr", "-cargs:Ada", "-gnatwn"] exited with code 4
stderr: ALIRE.CHECKED_ERROR
stderr: Command ["gprbuild", "-s", "-j0", "-p", "-P", "D:\a\alire-crates-ci\alire-crates-ci\test\7437cbbb-e58b-4ec1-9fa5-cbf5b2dcaaa6\gnatcoll_python3_23.0.0_57de4a1a\python3/gnatcoll_python.gpr", "-cargs:Ada", "-gnatwn"] exited with code 4
stderr: raised ALIRE.CHECKED_ERROR : alire-stored-error:1
[D:\a\alire-crates-ci\alire-crates-ci\alire_install\bin\alr.exe]
0x7ff6c474da2a Semantic_Versioning.Basic.Restrictions.First_Index at alire.adb:284
0x7ff6c434595b Semantic_Versioning.Basic.Restrictions.First_Index at alire-os_lib-subprocess.adb:111
0x7ff6c45fcba1 Semantic_Versioning.Basic.Restrictions.First_Index at alire-spawn.adb:22
0x7ff6c45fdd5d Semantic_Versioning.Basic.Restrictions.First_Index at alire-spawn.adb:68
0x7ff6c4522d64 Semantic_Versioning.Basic.Restrictions.First_Index at alire-roots.adb:189
0x7ff6c45211da Semantic_Versioning.Basic.Restrictions.First_Index at alire-roots.adb:255
0x7ff6c454912d Semantic_Versioning.Basic.Restrictions.First_Index at alire-roots.adb:2143
0x7ff6c45b82f9 Semantic_Versioning.Basic.Restrictions.First_Index at alire-solutions.adb:1472
0x7ff6c45b7424 Semantic_Versioning.Basic.Restrictions.First_Index at alire-solutions.adb:1555
0x7ff6c454922c Semantic_Versioning.Basic.Restrictions.First_Index at alire-roots.adb:2147
0x7ff6c45492fa Semantic_Versioning.Basic.Restrictions.First_Index at alire-roots.adb:2127
0x7ff6c45217a7 Semantic_Versioning.Basic.Restrictions.First_Index at alire-roots.adb:286
0x7ff6c4521912 Semantic_Versioning.Basic.Restrictions.First_Index at alire-roots.adb:114
0x7ff6c3c93baa Semantic_Versioning.Basic.Restrictions.First_Index at alr-commands-build.adb:145
0x7ff6c3c9341e Semantic_Versioning.Basic.Restrictions.First_Index at alr-commands-build.adb:113
0x7ff6c3c935ba Semantic_Versioning.Basic.Restrictions.First_Index at alr-commands-build.adb:54
0x7ff6c3d45dea Semantic_Versioning.Basic.Restrictions.First_Index at clic-subcommand-instance.adb:749
0x7ff6c3d52b0e Semantic_Versioning.Basic.Restrictions.First_Index at alr-commands.adb:632
0x7ff6c3c216a0 Alr.Main at alr-main.adb:13
0x7ff6c3c25270 Main at b__alr-main.adb:2454
0x7ff6c3c2133e __tmainCRTStartup at ???
0x7ff6c3c21144 mainCRTStartup at ???
[C:\Windows\System32\KERNEL32.DLL]
0x7ff96198e985
[C:\Windows\SYSTEM32\ntdll.dll]
0x7ff962a4c53a

stderr: ALIRE.ROOTS.BUILD._WRAPPED_STATEMENTS.BUILD_FAILED
stderr: alire-roots.adb:202
stderr: raised ALIRE.ROOTS.BUILD._WRAPPED_STATEMENTS.BUILD_FAILED : alire-roots.adb:202
[D:\a\alire-crates-ci\alire-crates-ci\alire_install\bin\alr.exe]
0x7ff6c452313c Semantic_Versioning.Basic.Restrictions.First_Index at alire-roots.adb:202
0x7ff6c45211da Semantic_Versioning.Basic.Restrictions.First_Index at alire-roots.adb:255
0x7ff6c454912d Semantic_Versioning.Basic.Restrictions.First_Index at alire-roots.adb:2143
0x7ff6c45b82f9 Semantic_Versioning.Basic.Restrictions.First_Index at alire-solutions.adb:1472
0x7ff6c45b7424 Semantic_Versioning.Basic.Restrictions.First_Index at alire-solutions.adb:1555
0x7ff6c454922c Semantic_Versioning.Basic.Restrictions.First_Index at alire-roots.adb:2147
0x7ff6c45492fa Semantic_Versioning.Basic.Restrictions.First_Index at alire-roots.adb:2127
0x7ff6c45217a7 Semantic_Versioning.Basic.Restrictions.First_Index at alire-roots.adb:286
0x7ff6c4521912 Semantic_Versioning.Basic.Restrictions.First_Index at alire-roots.adb:114
0x7ff6c3c93baa Semantic_Versioning.Basic.Restrictions.First_Index at alr-commands-build.adb:145
0x7ff6c3c9341e Semantic_Versioning.Basic.Restrictions.First_Index at alr-commands-build.adb:113
0x7ff6c3c935ba Semantic_Versioning.Basic.Restrictions.First_Index at alr-commands-build.adb:54
0x7ff6c3d45dea Semantic_Versioning.Basic.Restrictions.First_Index at clic-subcommand-instance.adb:749
0x7ff6c3d52b0e Semantic_Versioning.Basic.Restrictions.First_Index at alr-commands.adb:632
0x7ff6c3c216a0 Alr.Main at alr-main.adb:13
0x7ff6c3c25270 Main at b__alr-main.adb:2454
0x7ff6c3c2133e __tmainCRTStartup at ???
0x7ff6c3c21144 mainCRTStartup at ???
[C:\Windows\System32\KERNEL32.DLL]
0x7ff96198e985
[C:\Windows\SYSTEM32\ntdll.dll]
0x7ff962a4c53a

ERROR: Compilation failed.
