Test ran at 2025-07-24 13:07:35.708571+00:00

SOLUTION:
eeprom_i2c=7.0.0: EEPROM I2C drivers library for embedded platforms
Origin: commit 9a19f959efd69583fa6889543f6a12a946745fb5 from https://github.com/hgrodriguez/eeprom_i2c.git
Properties:
   Author: Holger Rodriguez
   Description: EEPROM I2C drivers library for embedded platforms
   License: BSD-3-Clause
   Maintainer: Holger Rodriguez <github@roseng.ch>
   Maintainers_Logins: hgrodriguez
   Name: eeprom_i2c
   Tag: embedded
   Tag: nostd
   Tag: eeprom
   Tag: rp2040
   Tag: i2c
   Version: 7.0.0
   Website: https://github.com/hgrodriguez/eeprom_i2c
Dependencies (direct):
   hal^1
Dependencies (solution):
   hal=1.0.0
Dependencies (graph):
   eeprom_i2c=7.0.0 --> hal=1.0.0 (^1)


LOG:
[alr test] Testing eeprom_i2c=7.0.0
[alr test] Spawning retrieval for remote crate: alr -d -n get eeprom_i2c=7.0.0
Note: Deploying eeprom_i2c=7.0.0...
Note: Deploying hal=1.0.0...

eeprom_i2c=7.0.0 successfully retrieved.
Dependencies were solved as follows:

   + hal 1.0.0 (new)
[alr test] Spawning default test for remote crate: alr -d -n build --release -- -cargs:Ada -gnatwn
Note: Alire has selected automatically this toolchain:
   gprbuild=25.0.1
   gnat_native=15.1.2
You can select a different toolchain at any time with `alr toolchain --select`
Download will start now:
Note: Deploying gprbuild=25.0.1...
#=#=#                                                                          

########                                                                  11.7%
############################################                              62.3%
######################################################################## 100.0%
Note: gprbuild=25.0.1 installed successfully.
Note: Deploying gnat_native=15.1.2...
#=#=#                                                                          

##                                                                         3.8%
#########                                                                 13.0%
###############                                                           22.2%
######################                                                    30.7%
#############################                                             40.9%
####################################                                      50.3%
###########################################                               59.8%
#############################################                             63.7%
##################################################                        69.7%
#######################################################                   77.7%
##############################################################            86.4%
####################################################################      95.3%
######################################################################## 100.0%
Note: gnat_native=15.1.2 installed successfully.
Note: Building eeprom_i2c=7.0.0/eeprom_i2c.gpr...
Setup
   [mkdir]        object directory for project HAL
   [mkdir]        library directory for project HAL
   [mkdir]        object directory for project Eeprom_I2c
   [mkdir]        library directory for project Eeprom_I2c
Compile
   [Ada]          hal-uart.ads
   [Ada]          hal-audio.ads
   [Ada]          hal-flash.ads
   [Ada]          hal-i2c.ads
   [Ada]          hal-block_drivers.ads
   [Ada]          hal-gpio.ads
   [Ada]          hal-spi.ads
   [Ada]          hal-real_time_clock.ads
   [Ada]          hal-dsi.ads
   [Ada]          hal.ads
   [Ada]          hal-filesystem.ads
   [Ada]          hal-time.ads
   [Ada]          hal-touch_panel.ads
   [Ada]          hal-sdmmc.adb
   [Ada]          hal-framebuffer.ads
   [Ada]          hal-bitmap.ads
   [Ada]          eeprom_i2c-mc24xx1024.ads
   [Ada]          eeprom_i2c-mc24xx256.ads
   [Ada]          eeprom_i2c-mc24xx01.ads
   [Ada]          eeprom_i2c.adb
   [Ada]          eeprom_i2c-mc24xx16.ads
   [Ada]          eeprom_i2c-mc24xx02.ads
   [Ada]          eeprom_i2c-mc24xx64.ads
   [Ada]          eeprom_i2c-mc24xx512.ads
Build Libraries
   [gprlib]       hal.lexch
   [gprlib]       Eeprom_I2c.lexch
   [archive]      libhal.a
   [index]        libhal.a
   [archive]      libEeprom_I2c.a
   [index]        libEeprom_I2c.a
Success: Build finished successfully in 1.02 seconds.
Found declared GPR file: eeprom_i2c.gpr
[alr test] Test completed SUCCESSFULLY
