Test ran at 2026-02-17 01:28:17.442676+00:00

SOLUTION:
blink_led_weact_stm32g474=0.1.0: Blink LED demo for WeAct STM32G474
Origin: commit 2583a20ac65e44e8941a4b96c0a28f988790eadb from https://github.com/godunko/a0b-examples.git
Properties:
   Author: Vadim Godunko
   Configuration: no modifiers
   Description: Blink LED demo for WeAct STM32G474
   License: Apache-2.0 WITH LLVM-exception
   Maintainer: Vadim Godunko <vgodunko@gmail.com>
   Maintainers_Logins: godunko
   Name: blink_led_weact_stm32g474
   Project_File: ../gnat/weact_stm32g474.gpr
   Tag: a0b
   Tag: embedded
   Tag: demo
   Tag: weact
   Tag: stm32g474
   Version: 0.1.0
   Website: https://github.com/godunko/a0b-examples
Dependencies (direct):
   a0b_armv7m_systick_clock_timer*
   a0b_stm32g474_gpio*
   a0b_timer*
   light_weact_stm32g474*
Dependencies (solution):
   a0b_armv7m=0.4.0
   a0b_armv7m_systick_clock_timer=0.1.0
   a0b_base=0.4.0
   a0b_callbacks=0.2.0
   a0b_exti=0.1.0
   a0b_gpio=0.1.0
   a0b_stm32f2_generic_exti=0.1.0
   a0b_stm32f2_generic_gpio=0.1.0
   a0b_stm32g4=0.1.0
   a0b_stm32g474=0.2.0
   a0b_stm32g474_gpio=0.1.0
   a0b_stm32g4_gpio=0.1.0
   a0b_time=0.2.0
   a0b_time_platform=0.1.0 (a0b_armv7m_systick_clock_timer)
   a0b_timer=0.1.0
   a0b_timer_platform=0.1.0 (a0b_armv7m_systick_clock_timer)
   gnat_arm_elf=15.2.1
   light_weact_stm32g474=0.1.0
Dependencies (graph):
   a0b_armv7m=0.4.0                     --> a0b_base=0.4.0 (*)
   a0b_armv7m=0.4.0                     --> gnat_arm_elf=15.2.1 (*)
   a0b_armv7m_systick_clock_timer=0.1.0 --> a0b_armv7m=0.4.0 (*)
   a0b_armv7m_systick_clock_timer=0.1.0 --> a0b_base=0.4.0 (*)
   a0b_callbacks=0.2.0                  --> a0b_base=0.4.0 (*)
   a0b_exti=0.1.0                       --> a0b_base=0.4.0 (*)
   a0b_exti=0.1.0                       --> a0b_callbacks=0.2.0 (*)
   a0b_gpio=0.1.0                       --> a0b_base=0.4.0 (*)
   a0b_stm32f2_generic_exti=0.1.0       --> a0b_exti=0.1.0 (*)
   a0b_stm32f2_generic_exti=0.1.0       --> a0b_stm32f2_generic_gpio=0.1.0 (*)
   a0b_stm32f2_generic_gpio=0.1.0       --> a0b_gpio=0.1.0 (*)
   a0b_stm32g4=0.1.0                    --> a0b_armv7m=0.4.0 (*)
   a0b_stm32g474=0.2.0                  --> a0b_stm32g4=0.1.0 (*)
   a0b_stm32g474_gpio=0.1.0             --> a0b_stm32g474=0.2.0 (*)
   a0b_stm32g474_gpio=0.1.0             --> a0b_stm32g4_gpio=0.1.0 (*)
   a0b_stm32g4_gpio=0.1.0               --> a0b_stm32f2_generic_exti=0.1.0 (*)
   a0b_stm32g4_gpio=0.1.0               --> a0b_stm32g4=0.1.0 (*)
   a0b_time=0.2.0                       --> a0b_base=0.4.0 (*)
   a0b_time=0.2.0                       --> a0b_time_platform=0.1.0 (a0b_armv7m_systick_clock_timer) (0.1.0)
   a0b_timer=0.1.0                      --> a0b_base=0.4.0 (*)
   a0b_timer=0.1.0                      --> a0b_callbacks=0.2.0 (*)
   a0b_timer=0.1.0                      --> a0b_time=0.2.0 (*)
   a0b_timer=0.1.0                      --> a0b_timer_platform=0.1.0 (a0b_armv7m_systick_clock_timer) (0.1.0)
   blink_led_weact_stm32g474=0.1.0      --> a0b_armv7m_systick_clock_timer=0.1.0 (*)
   blink_led_weact_stm32g474=0.1.0      --> a0b_stm32g474_gpio=0.1.0 (*)
   blink_led_weact_stm32g474=0.1.0      --> a0b_timer=0.1.0 (*)
   blink_led_weact_stm32g474=0.1.0      --> light_weact_stm32g474=0.1.0 (*)
   light_weact_stm32g474=0.1.0          --> a0b_stm32g474=0.2.0 (*)


LOG:
Failed to locate log
