Test ran at 2026-09-04 01:29:36.578644+00:00

SOLUTION:
cgk=0.1.0: Computational Geometry Kernel
Origin: commit 0b19efcd983adfdc704a9ed870f36f2efb5f40d3 from https://github.com/godunko/cgk.git
Properties:
   Author: Vadim Godunko
   Config type: Float_Size : Enum (32, 64) default: '64'
   Config type: SIMD : Enum (nosimd, gcc) default: 'gcc'
   Configuration: no modifiers
   Description: Computational Geometry Kernel
   License: Apache-2.0 WITH LLVM-exception
   Maintainer: Vadim Godunko <vgodunko@gmail.com>
   Maintainers_Logins: godunko
   Name: cgk
   Project_File: gnat/cgk_primitives.gpr
   Tag: computational
   Tag: geometry
   Version: 0.1.0
   Website: https://github.com/godunko/cgk


LOG:
[alr test] Testing cgk=0.1.0
[alr test] Spawning retrieval for remote crate: alr -d -n get cgk=0.1.0
Note: Deploying cgk=0.1.0...

cgk=0.1.0 successfully retrieved.
There are no dependencies.
[alr test] Spawning default test for remote crate: alr -d -n build --release -- -cargs:Ada -gnatwn
Note: Building cgk=0.1.0/gnat/cgk_primitives.gpr...
"..\.objs\x86_64-windows" created
[Ada Compile]     cgk-internals-generic_sequences.adb
[Ada Compile]     cgk-internals-mersenne_twister_64.adb
[Ada Compile]     cgk-internals-shewchuk.adb
[Ada Compile]     cgk-internals-shewchuk_arithmetic.adb
[Ada Compile]     cgk-internals.ads
[Ada Compile]     cgk-mathematics-matrices_2x2.adb
[Ada Compile]     cgk-mathematics-vectors_2.adb
[Ada Compile]     cgk-mathematics.ads
[Ada Compile]     cgk-primitives-analytical_intersections_2d.adb
[Ada Compile]     cgk-primitives-axes_2d.adb
[Ada Compile]     cgk-primitives-circles_2d.adb
[Ada Compile]     cgk-primitives-directions_2d-builders.adb
[Ada Compile]     cgk-primitives-directions_2d.adb
[Ada Compile]     cgk-primitives-directions_3d-builders.adb
[Ada Compile]     cgk-primitives-directions_3d.adb
[Ada Compile]     cgk-primitives-line_segments_2d-builders.adb
[Ada Compile]     cgk-primitives-line_segments_2d.adb
[Ada Compile]     cgk-primitives-lines_2d-builders.adb
[Ada Compile]     cgk-primitives-lines_2d.adb
[Ada Compile]     cgk-primitives-points_2d-containers.ads
[Ada Compile]     cgk-primitives-points_2d.adb
[Ada Compile]     cgk-primitives-points_3d-containers.ads
[Ada Compile]     cgk-primitives-points_3d.adb
[Ada Compile]     cgk-primitives-transformations_2d.adb
[Ada Compile]     cgk-primitives-triangulators_2d.adb
[Ada Compile]     cgk-primitives-triangulators_3d.adb
[Ada Compile]     cgk-primitives-vectors_2d.adb
[Ada Compile]     cgk-primitives-vectors_3d.adb
[Ada Compile]     cgk-primitives-xys-internals.adb
[Ada Compile]     cgk-primitives-xys.adb
[Ada Compile]     cgk-primitives-xyzs.adb
[Ada Compile]     cgk-primitives.ads
[Ada Compile]     cgk-reals-elementary_functions.ads
[Ada Compile]     cgk-reals__64.adb
[Ada Compile]     cgk.adb
Success: Build finished successfully in 3.32 seconds.
Found declared GPR file: gnat/cgk_primitives.gpr
[alr test] Test completed SUCCESSFULLY
