Test ran at 2026-07-11 13:03:20.764805+00:00

SOLUTION:
aion=1.0.0: Structured Asynchronous Runtime for Ada
Origin: commit 9a6f2dd913294de6df8ed23292375320e7df0e98 from https://github.com/MaheshChandraTeja/Aion.git
Properties:
   Author: Mahesh Chandra Teja Garnepudi
   Author: Kairais Tech Solutions Pvt. Ltd.
   Build Switches: 
   Description: Structured Asynchronous Runtime for Ada
   License: MIT
   Long_Description: Aion is a structured asynchronous runtime for Ada, built for reliable
networking, deterministic concurrency, cancellation-safe tasks, futures,
timers, channels, supervision, observability, and production-grade systems
software.

   Maintainer: Kairais Tech Solutions Pvt. Ltd. <maheshchandrateja@gmail.com>
   Maintainers_Logins: MaheshChandraTeja
   Name: aion
   Project_File: aion.gpr
   Tag: async
   Tag: runtime
   Tag: concurrency
   Tag: networking
   Tag: ada
   Tag: futures
   Tag: reactor
   Tag: observability
   Version: 1.0.0
   Website: https://www.kairais.com


LOG:
[alr test] Testing aion=1.0.0
[alr test] Spawning retrieval for remote crate: alr -d -n get aion=1.0.0
Note: Deploying aion=1.0.0...

aion=1.0.0 successfully retrieved.
There are no dependencies.
[alr test] Spawning default test for remote crate: alr -d -n build --release -- -cargs:Ada -gnatwn
Note: Building aion=1.0.0/aion.gpr...
Setup
   [mkdir]        object directory for project Aion
   [mkdir]        library directory for project Aion
Compile
   [Ada]          aion.adb
   [Ada]          aion-yield.adb
   [Ada]          aion-waker.adb
   [Ada]          aion-version.adb
   [Ada]          aion-types.adb
   [Ada]          aion-tracing.adb
   [Ada]          aion-timer_queue.adb
   [Ada]          aion-timeout.adb
   [Ada]          aion-time.adb
   [Ada]          aion-test_support.adb
   [Ada]          aion-task_id.adb
   [Ada]          aion-task_handle.adb
   [Ada]          aion-task_group.adb
   [Ada]          aion-sync.adb
   [Ada]          aion-sync-semaphore.adb
   [Ada]          aion-sync-rwlock.adb
   [Ada]          aion-sync-once.adb
   [Ada]          aion-sync-mutex.adb
   [Ada]          aion-sync-event.adb
   [Ada]          aion-sync-condvar.adb
   [Ada]          aion-sync-barrier.adb
   [Ada]          aion-supervisor.adb
   [Ada]          aion-stream.adb
   [Ada]          aion-sleep.adb
   [Ada]          aion-shutdown.adb
   [Ada]          aion-selector.adb
   [Ada]          aion-selection.adb
   [Ada]          aion-scope.adb
   [Ada]          aion-scheduler.adb
   [Ada]          aion-runtime.adb
   [Ada]          aion-runtime-builder.adb
   [Ada]          aion-retry.adb
   [Ada]          aion-result.adb
   [Ada]          aion-readiness.adb
   [Ada]          aion-reactor_backend.adb
   [Ada]          aion-reactor.adb
   [Ada]          aion-promise.adb
   [Ada]          aion-poll.adb
   [Ada]          aion-platform.adb
   [Ada]          aion-platform-windows.adb
   [Ada]          aion-platform-linux.adb
   [Ada]          aion-platform-darwin.adb
   [Ada]          aion-net.adb
   [Ada]          aion-net-udp.adb
   [Ada]          aion-net-tcp_stream.adb
   [Ada]          aion-net-tcp_listener.adb
   [Ada]          aion-net-tcp.adb
   [Ada]          aion-net-socket_options.adb
   [Ada]          aion-net-address.adb
   [Ada]          aion-metrics.adb
   [Ada]          aion-join_set.adb
   [Ada]          aion-io_token.adb
   [Ada]          aion-io_resource.adb
   [Ada]          aion-interval.adb
   [Ada]          aion-internal.adb
   [Ada]          aion-future.adb
   [Ada]          aion-errors.adb
   [Ada]          aion-diagnostics.adb
   [Ada]          aion-deadline.adb
   [Ada]          aion-config.adb
   [Ada]          aion-completion.adb
   [Ada]          aion-clock_fake.adb
   [Ada]          aion-clock.adb
   [Ada]          aion-channel.adb
   [Ada]          aion-channel-watch.adb
   [Ada]          aion-channel-unbounded.adb
   [Ada]          aion-channel-oneshot.adb
   [Ada]          aion-channel-broadcast.adb
   [Ada]          aion-channel-bounded.adb
   [Ada]          aion-cancel_token.adb
   [Ada]          aion-cancel_source.adb
   [Ada]          aion-cancel.adb
   [Ada]          aion-block_on.adb
   [Ada]          aion-benchmark_support.adb
   [Ada]          aion-awaitable.adb
   [Ada]          aion-actor.adb
Build Libraries
   [gprlib]       aion.lexch
   [archive]      libaion.a
   [index]        libaion.a
Success: Build finished successfully in 15.79 seconds.
Found declared GPR file: aion.gpr
[alr test] Test completed SUCCESSFULLY
