Test ran at 2025-07-13 12:34:53.027874+00:00

SOLUTION:
gnat_arm_elf=14.2.1: The GNAT Ada compiler - ARM cross-compiler
Provides: gnat=14.2.1
Origin: (case OS is Linux => (case Host_Arch is X86_64 => binary archive gnat-arm-elf-linux64-x86_64-14.2.0-1.tar.gz at https://github.com/alire-project/GNAT-FSF-builds/releases/download/gnat-14.2.0-1/gnat-arm-elf-linux64-x86_64-14.2.0-1.tar.gz), Macos => (case Host_Arch is Aarch64 => binary archive gnat-arm-elf-darwin-aarch64-14.2.0-1.tar.gz at https://github.com/alire-project/GNAT-FSF-builds/releases/download/gnat-14.2.0-1/gnat-arm-elf-darwin-aarch64-14.2.0-1.tar.gz, X86_64 => binary archive gnat-arm-elf-darwin-x86_64-14.2.0-1.tar.gz at https://github.com/alire-project/GNAT-FSF-builds/releases/download/gnat-14.2.0-1/gnat-arm-elf-darwin-x86_64-14.2.0-1.tar.gz), Windows => (case Host_Arch is X86_64 => binary archive gnat-arm-elf-windows64-x86_64-14.2.0-1.tar.gz at https://github.com/alire-project/GNAT-FSF-builds/releases/download/gnat-14.2.0-1/gnat-arm-elf-windows64-x86_64-14.2.0-1.tar.gz)) with hash sha256:524d4d413837443b9ec34103a092b389c61f795a90229d25208350f262f9df14
Properties:
   Auto_Gpr_With: auto-gpr-with=false
   Configuration: no modifiers
   Description: The GNAT Ada compiler - ARM cross-compiler
   Environment: PATH=${CRATE_ROOT}/bin:${PATH}
   License: GPL-3.0-or-later AND GPL-3.0-or-later WITH GCC-exception-3.1
   Maintainer: chouteau@adacore.com
   Maintainers_Logins: Fabien-Chouteau
   Name: gnat_arm_elf
   Version: 14.2.1


LOG:
Spawning: alr -d -n get gnat_arm_elf=14.2.1
Note: Deploying gnat_arm_elf=14.2.1...
#=#=#                                                                          

                                                                           0.0%
                                                                           1.3%
###                                                                        4.5%
####                                                                       6.6%
######                                                                     8.8%
#######                                                                   11.0%
#########                                                                 13.3%
###########                                                               16.3%
###########                                                               16.4%
#############                                                             19.4%
##############                                                            19.9%
###############                                                           22.1%
#################                                                         24.3%
##################                                                        25.2%
##################                                                        25.2%
###################                                                       27.4%
###################                                                       27.4%
####################                                                      28.7%
######################                                                    30.9%
#########################                                                 34.8%
###########################                                               37.5%
#############################                                             40.9%
###############################                                           43.7%
###############################                                           44.3%
#################################                                         46.3%
####################################                                      50.8%
######################################                                    53.0%
######################################                                    53.9%
######################################                                    53.9%
########################################                                  56.1%
##########################################                                58.5%
##########################################                                59.6%
############################################                              61.8%
###############################################                           65.6%
###############################################                           66.2%
#################################################                         68.4%
##################################################                        70.6%
###################################################                       71.0%
###################################################                       71.0%
###################################################                       71.3%
####################################################                      72.8%
#####################################################                     73.7%
#####################################################                     74.6%
######################################################                    75.0%
########################################################                  78.1%
#########################################################                 79.4%
##########################################################                81.6%
############################################################              83.8%
##############################################################            86.9%
################################################################          89.2%
##################################################################        92.7%
#####################################################################     96.1%
######################################################################    98.0%
######################################################################    98.0%
######################################################################## 100.0%

gnat_arm_elf=14.2.1 successfully retrieved.
There are no dependencies.
