Test ran at 2025-09-02 13:17:37.310331+00:00

SOLUTION:
a0b_gpio=0.1.0: A0B GIOP API
Origin: commit 011067c7f5fae261ec4b30e015b324b895e2948b from https://github.com/godunko/a0b-gpio.git
Properties:
   Test run: alr build (from ${CRATE_ROOT}/selftest)
   Author: Vadim Godunko
   Configuration: no modifiers
   Description: A0B GIOP API
   License: Apache-2.0 WITH LLVM-exception
   Maintainer: Vadim Godunko <vgodunko@gmail.com>
   Maintainers_Logins: godunko
   Name: a0b_gpio
   Project_File: gnat/a0b_gpio.gpr
   Tag: embedded
   Tag: gpio
   Version: 0.1.0
Dependencies (direct):
   a0b_base*
Dependencies (solution):
   a0b_base=0.4.0
Dependencies (graph):
   a0b_gpio=0.1.0 --> a0b_base=0.4.0 (*)


LOG:
Note: Synchronizing workspace...
Dependencies automatically updated as follows:

   +  a0b_base     0.4.0  (new,indirect)
   +. a0b_gpio     0.1.0  (new,path=..)
   +b gnat_arm_elf 15.1.2 (new,binary)
   
   i  The solution requires a toolchain that is
      not yet installed. Accepting the solution
      will download and install this toolchain.
Note: Deploying gnat_arm_elf=15.1.2...
#=#=#                                                                         

##                                                                         3.9%
######                                                                     8.7%
########                                                                  12.4%
############                                                              17.7%
################                                                          23.1%
###################                                                       26.8%
######################                                                    31.0%
#######################                                                   32.7%
##########################                                                37.2%
##############################                                            42.8%
#################################                                         47.0%
#####################################                                     52.1%
########################################                                  56.1%
###########################################                               60.4%
###############################################                           66.1%
###############################################                           66.2%
###################################################                       71.7%
####################################################                      72.5%
#####################################################                     73.9%
#######################################################                   77.3%
###########################################################               82.1%
#############################################################             86.0%
#################################################################         90.9%
####################################################################      94.7%
######################################################################## 100.0%
Note: gnat_arm_elf=15.1.2 installed successfully.

Note: Building a0b_gpio_selftest=0.1.0-dev/a0b_gpio_selftest.gpr...
/root/.local/share/alire/toolchains/gprbuild_25.0.1_9a2e6cfb/bin/gprbuild: /lib64/libc.so.6: version `GLIBC_2.35' not found (required by /root/.local/share/alire/toolchains/gprbuild_25.0.1_9a2e6cfb/bin/gprbuild)
ERROR: Command ["gprbuild", "-s", "-j0", "-p", "-P", "/home/runner/work/alire-crates-ci/alire-crates-ci/test/90fb0b57-b80c-4128-84e3-2d48d7999d55/a0b_gpio_0.1.0_011067c7/selftest/a0b_gpio_selftest.gpr"] exited with code 1
ERROR: Compilation failed.
[alr test] Test action exited with error code 1
