Test ran at 2026-02-19 12:39:41.196166+00:00

SOLUTION:
lace_bullet=0.1.0: Provides a thin Ada binding to the 'bullet' C++ project.
Origin: source archive lace_bullet-0.1.0.tgz at https://github.com/charlie5/lace-alire/releases/download/v0.1.0/lace_bullet-0.1.0.tgz with hashes sha256:2c009b790f92ee15fd63bde07bb3ba0747d3fd0d7465be28c12e22b9b3dc3475, sha512:cec42c7241bca4ca854d5dbe93df5ad4615a4d5b092fc79ac1cac2caf691e6f223e50bf10434d51731e78f051c9a252306dbe2f4e267c61a5af8a7c7d7ea5dd6
Properties:
   Author: Rod Kay
   Description: Provides a thin Ada binding to the 'bullet' C++ project.
   case Distribution is
      when Msys2 => Environment: C_INCLUDE_PATH=${C_INCLUDE_PATH}:${DISTRIB_ROOT}/mingw64/include/bullet
   License: ISC
   Maintainer: Rod Kay <rodakay5@gmail.com>
   Maintainers_Logins: charlie5
   Name: lace_bullet
   Project_File: library/bullet_thin.gpr
   Version: 0.1.0
Dependencies (direct):
   lace_c_math~0.1
   libbullet*
Dependencies (solution):
   lace_c_math=0.1.0
   lace_math=0.1.0
   lace_shared=0.1.0
   lace_swig=0.1.0
   libbullet=3.25.0
Dependencies (graph):
   lace_bullet=0.1.0 --> lace_c_math=0.1.0 (~0.1)
   lace_bullet=0.1.0 --> libbullet=3.25.0 (*)
   lace_c_math=0.1.0 --> lace_math=0.1.0 (~0.1)
   lace_c_math=0.1.0 --> lace_swig=0.1.0 (~0.1)
   lace_math=0.1.0   --> lace_shared=0.1.0 (~0.1)


LOG:
[alr test] Testing lace_bullet=0.1.0
[alr test] Spawning retrieval for remote crate: alr -d -n get lace_bullet=0.1.0
Note: Deploying lace_bullet=0.1.0...

#=#=#                                                                          
######################################################################## 100.0%
Note: Deploying lace_shared=0.1.0...

#=#=#                                                                          
######################################################################## 100.0%
Note: Deploying lace_swig=0.1.0...

#=#=#                                                                          
######################################################################## 100.0%
Note: Deploying libbullet=3.25.0...
The system package 'mingw-w64-x86_64-bullet' is about to be installed.
This action might require admin privileges and impact your system installation.
Do you want Alire to install this system package?
Using default: Yes
resolving dependencies...
looking for conflicting packages...

Packages (3) mingw-w64-x86_64-freeglut-3.6.0-1  mingw-w64-x86_64-openvr-2.5.1-1  mingw-w64-x86_64-bullet-3.25-7

Total Download Size:    37.28 MiB
Total Installed Size:  154.56 MiB

:: Proceed with installation? [Y/n] 
:: Retrieving packages...
 mingw-w64-x86_64-bullet-3.25-7-any downloading...
 mingw-w64-x86_64-openvr-2.5.1-1-any downloading...
 mingw-w64-x86_64-freeglut-3.6.0-1-any downloading...
checking keyring...
checking package integrity...
loading package files...
checking for file conflicts...
checking available disk space...
:: Processing package changes...
installing mingw-w64-x86_64-freeglut...
installing mingw-w64-x86_64-openvr...
installing mingw-w64-x86_64-bullet...
/
Optional dependencies for mingw-w64-x86_64-bullet
    mingw-w64-x86_64-python-pybullet=3.25-7: python binding
Note: Deploying lace_math=0.1.0...

#=#=#                                                                          
######################################################################## 100.0%
Note: Deploying lace_c_math=0.1.0...

#=#=#                                                                          
######################################################################## 100.0%

lace_bullet=0.1.0 successfully retrieved.
Dependencies were solved as follows:

   +  lace_c_math 0.1.0  (new)
   +  lace_math   0.1.0  (new,indirect)
   +  lace_shared 0.1.0  (new,indirect)
   +  lace_swig   0.1.0  (new,indirect)
   +b libbullet   3.25.0 (new,system package)
[alr test] Spawning default test for remote crate: alr -d -n build --release -- -cargs:Ada -gnatwn
Note: Building lace_bullet=0.1.0/library/bullet_thin.gpr...
Setup
   [mkdir]        object directory for project c_Math_Thin_C
   [mkdir]        object directory for project Bullet_Thin_C
   [mkdir]        object directory for project Swig
   [mkdir]        object directory for project Math
Compile
   [Ada]          long_math.ads
   [Ada]          float_math-random.ads
   [Ada]          float_math-fast_trigonometry.ads
   [Ada]          float_math-fast_rotation.ads
float_math-fast_rotation.ads:5:01: warning: in instantiation at cached_rotation.ads:20 [enabled by default]
float_math-fast_rotation.ads:5:01: warning: in instantiation at any_math-any_fast_rotation.adb:17 [enabled by default]
float_math-fast_rotation.ads:5:01: warning: insufficient -O value [enabled by default]
   [Ada]          float_math-geometry.ads
   [Ada]          float_math-geometry-d3.ads
float_math-fast_trigonometry.ads:5:01: warning: in instantiation at cached_trigonometry.ads:11 [enabled by default]
float_math-fast_trigonometry.ads:5:01: warning: in instantiation at any_math-any_fast_trigonometry.ads:8 [enabled by default]
float_math-fast_trigonometry.ads:5:01: warning: insufficient -O value [enabled by default]
   [Ada]          float_math-geometry-d3-modeller.ads
   [Ada]          float_math-geometry-d3-modeller-forge.ads
   [Ada]          float_math-geometry-d2.ads
   [Ada]          float_math-arithmetic.ads
   [Ada]          float_math-analysis.ads
float_math-arithmetic.ads:5:01: warning: in instantiation at any_math-any_arithmetic.ads:6 [enabled by default]
float_math-arithmetic.ads:5:01: warning: insufficient -O value [enabled by default]
   [Ada]          float_math-algebra.ads
float_math-analysis.ads:5:01: warning: in instantiation at any_math-any_analysis.ads:6 [enabled by default]
float_math-analysis.ads:5:01: warning: insufficient -O value [enabled by default]
   [Ada]          float_math-algebra-linear.ads
   [Ada]          float_math-algebra-linear-d3.ads
   [Ada]          float_math-algebra-linear-d2.ads
   [Ada]          float_math-statistics.ads
   [Ada]          float_math-computational.ads
float_math-computational.ads:4:01: warning: in instantiation at any_math-any_computational.ads:6 [enabled by default]
float_math-computational.ads:4:01: warning: insufficient -O value [enabled by default]
   [Ada]          float_math.ads
float_math-statistics.ads:4:01: warning: in instantiation at any_math-any_statistics.ads:6 [enabled by default]
float_math-statistics.ads:4:01: warning: insufficient -O value [enabled by default]
   [Ada]          short_math.ads
   [Ada]          any_math-any_computational.ads
   [Ada]          any_math-any_statistics.ads
   [Ada]          cached_trigonometry.adb
   [Ada]          cached_rotation.adb
   [Ada]          any_math-any_fast_trigonometry.ads
   [Ada]          any_math-any_fast_rotation.adb
   [Ada]          any_math-any_geometry.adb
   [Ada]          any_math-any_geometry-any_d3.adb
any_math-any_geometry.ads:64:62: warning: "others" choice is redundant [-gnatwr]
any_math-any_geometry.ads:64:62: warning: previous choices cover all components [-gnatwr]
   [Ada]          any_math-any_geometry-any_d3-any_modeller.adb
   [Ada]          any_math-any_geometry-any_d3-any_modeller-any_forge.adb
   [Ada]          any_math-any_geometry-any_d2.adb
   [Ada]          any_math-any_arithmetic.ads
   [Ada]          any_math-any_analysis.ads
   [Ada]          any_math-any_algebra.ads
   [Ada]          any_math-any_algebra-any_linear.adb
   [Ada]          any_math-any_algebra-any_linear-any_d3.adb
   [Ada]          any_math-any_algebra-any_linear-any_d2.adb
   [Ada]          any_math.adb
   [Ada]          any_math-any_random.adb
   [Ada]          swig.ads
   [Ada]          swig-pointers.ads
   [c++]          c_math_c_wrap.cxx
   [Ada]          c_math_c.ads
   [Ada]          c_math_c-vector_3.ads
   [Ada]          c_math_c-vector_2.ads
   [Ada]          c_math_c-triangle.ads
   [Ada]          c_math_c-pointer_pointers.ads
   [Ada]          c_math_c-pointers.ads
   [Ada]          c_math_c-matrix_4x4.ads
   [Ada]          c_math_c-matrix_3x3.ads
   [Ada]          c_math_c-binding.ads
   [Ada]          c_math_c-conversion.adb
   [c++]          c_math.cpp
   [c++]          bullet-space.cpp
In file included from D:\a\alire-crates-ci\alire-crates-ci\test\e6ba4dde-7511-46f9-9268-7363169e6620\lace_bullet_0.1.0_2c009b79\source\c\bullet-space.cpp:2:
D:\a\alire-crates-ci\alire-crates-ci\test\e6ba4dde-7511-46f9-9268-7363169e6620\lace_bullet_0.1.0_2c009b79\source\c\bullet-conversions.h:5:10: fatal error: BulletDynamics/ConstraintSolver/btHingeConstraint.h: No such file or directory
    5 | #include <BulletDynamics/ConstraintSolver/btHingeConstraint.h>
      |          ^~~~~~~~~~~~~~~~~~~~~~~~~~~~~~~~~~~~~~~~~~~~~~~~~~~~~
compilation terminated.

   compilation of bullet-space.cpp failed

gprbuild: *** compilation phase failed
stderr: Command ["gprbuild", "-s", "-j0", "-p", "-P", "D:\a\alire-crates-ci\alire-crates-ci\test\e6ba4dde-7511-46f9-9268-7363169e6620\lace_bullet_0.1.0_2c009b79\library/bullet_thin.gpr", "-cargs:Ada", "-gnatwn"] exited with code 4
ERROR: Command ["gprbuild", "-s", "-j0", "-p", "-P", "D:\a\alire-crates-ci\alire-crates-ci\test\e6ba4dde-7511-46f9-9268-7363169e6620\lace_bullet_0.1.0_2c009b79\library/bullet_thin.gpr", "-cargs:Ada", "-gnatwn"] exited with code 4
stderr: ALIRE.CHECKED_ERROR
stderr: Command ["gprbuild", "-s", "-j0", "-p", "-P", "D:\a\alire-crates-ci\alire-crates-ci\test\e6ba4dde-7511-46f9-9268-7363169e6620\lace_bullet_0.1.0_2c009b79\library/bullet_thin.gpr", "-cargs:Ada", "-gnatwn"] exited with code 4
stderr: raised ALIRE.CHECKED_ERROR : alire-stored-error:1
[D:\a\alire-crates-ci\alire-crates-ci\alire_install\bin\alr.exe]
0x7ff7f656da2a Semantic_Versioning.Basic.Restrictions.First_Index at alire.adb:284
0x7ff7f616595b Semantic_Versioning.Basic.Restrictions.First_Index at alire-os_lib-subprocess.adb:111
0x7ff7f641cba1 Semantic_Versioning.Basic.Restrictions.First_Index at alire-spawn.adb:22
0x7ff7f641dd5d Semantic_Versioning.Basic.Restrictions.First_Index at alire-spawn.adb:68
0x7ff7f6342d64 Semantic_Versioning.Basic.Restrictions.First_Index at alire-roots.adb:189
0x7ff7f63411da Semantic_Versioning.Basic.Restrictions.First_Index at alire-roots.adb:255
0x7ff7f636912d Semantic_Versioning.Basic.Restrictions.First_Index at alire-roots.adb:2143
0x7ff7f63d82f9 Semantic_Versioning.Basic.Restrictions.First_Index at alire-solutions.adb:1472
0x7ff7f63d7424 Semantic_Versioning.Basic.Restrictions.First_Index at alire-solutions.adb:1555
0x7ff7f636922c Semantic_Versioning.Basic.Restrictions.First_Index at alire-roots.adb:2147
0x7ff7f63692fa Semantic_Versioning.Basic.Restrictions.First_Index at alire-roots.adb:2127
0x7ff7f63417a7 Semantic_Versioning.Basic.Restrictions.First_Index at alire-roots.adb:286
0x7ff7f6341912 Semantic_Versioning.Basic.Restrictions.First_Index at alire-roots.adb:114
0x7ff7f5ab3baa Semantic_Versioning.Basic.Restrictions.First_Index at alr-commands-build.adb:145
0x7ff7f5ab341e Semantic_Versioning.Basic.Restrictions.First_Index at alr-commands-build.adb:113
0x7ff7f5ab35ba Semantic_Versioning.Basic.Restrictions.First_Index at alr-commands-build.adb:54
0x7ff7f5b65dea Semantic_Versioning.Basic.Restrictions.First_Index at clic-subcommand-instance.adb:749
0x7ff7f5b72b0e Semantic_Versioning.Basic.Restrictions.First_Index at alr-commands.adb:632
0x7ff7f5a416a0 Alr.Main at alr-main.adb:13
0x7ff7f5a45270 Main at b__alr-main.adb:2454
0x7ff7f5a4133e __tmainCRTStartup at ???
0x7ff7f5a41144 mainCRTStartup at ???
[C:\Windows\System32\KERNEL32.DLL]
0x7ffce0fae8d5
[C:\Windows\SYSTEM32\ntdll.dll]
0x7ffce2fac53a

stderr: ALIRE.ROOTS.BUILD._WRAPPED_STATEMENTS.BUILD_FAILED
stderr: alire-roots.adb:202
stderr: raised ALIRE.ROOTS.BUILD._WRAPPED_STATEMENTS.BUILD_FAILED : alire-roots.adb:202
[D:\a\alire-crates-ci\alire-crates-ci\alire_install\bin\alr.exe]
0x7ff7f634313c Semantic_Versioning.Basic.Restrictions.First_Index at alire-roots.adb:202
0x7ff7f63411da Semantic_Versioning.Basic.Restrictions.First_Index at alire-roots.adb:255
0x7ff7f636912d Semantic_Versioning.Basic.Restrictions.First_Index at alire-roots.adb:2143
0x7ff7f63d82f9 Semantic_Versioning.Basic.Restrictions.First_Index at alire-solutions.adb:1472
0x7ff7f63d7424 Semantic_Versioning.Basic.Restrictions.First_Index at alire-solutions.adb:1555
0x7ff7f636922c Semantic_Versioning.Basic.Restrictions.First_Index at alire-roots.adb:2147
0x7ff7f63692fa Semantic_Versioning.Basic.Restrictions.First_Index at alire-roots.adb:2127
0x7ff7f63417a7 Semantic_Versioning.Basic.Restrictions.First_Index at alire-roots.adb:286
0x7ff7f6341912 Semantic_Versioning.Basic.Restrictions.First_Index at alire-roots.adb:114
0x7ff7f5ab3baa Semantic_Versioning.Basic.Restrictions.First_Index at alr-commands-build.adb:145
0x7ff7f5ab341e Semantic_Versioning.Basic.Restrictions.First_Index at alr-commands-build.adb:113
0x7ff7f5ab35ba Semantic_Versioning.Basic.Restrictions.First_Index at alr-commands-build.adb:54
0x7ff7f5b65dea Semantic_Versioning.Basic.Restrictions.First_Index at clic-subcommand-instance.adb:749
0x7ff7f5b72b0e Semantic_Versioning.Basic.Restrictions.First_Index at alr-commands.adb:632
0x7ff7f5a416a0 Alr.Main at alr-main.adb:13
0x7ff7f5a45270 Main at b__alr-main.adb:2454
0x7ff7f5a4133e __tmainCRTStartup at ???
0x7ff7f5a41144 mainCRTStartup at ???
[C:\Windows\System32\KERNEL32.DLL]
0x7ffce0fae8d5
[C:\Windows\SYSTEM32\ntdll.dll]
0x7ffce2fac53a

ERROR: Compilation failed.
