Test ran at 2025-10-01 12:33:14.086965+00:00

SOLUTION:
aicwl=3.24.1: Ada Industrial Control Widgets Library
Origin: commit 73939c9ed0be13a994728d1c362b945e5d131f19 from https://github.com/HeisenbugLtd/aicwl.git
Properties:
   Author: Dmitry A. Kazakov <mailbox@dmitry-kazakov.de>
   Description: Ada Industrial Control Widgets Library
   GPR Scenario: Development := Debug | Release | Profile
   GPR Scenario: Legacy := Ada95 | Ada2005 | Ada2012
   License: GPL-2.0-or-later WITH GCC-exception-2.0
   Long_Description: This crate provides a library for designing high-quality industrial control
widgets for Ada applications. The software is based on
[GtkAda](https://docs.adacore.com/live/wave/gtkada/html/gtkada_rm/index.html),
Ada bindings to [Gtk+](https://www.gtk.org/), and
[cairo](https://www.cairographics.org/manual/index.html).

The key features of the library are:

* Widgets composed of transparent layers drawn by cairo
* Fully scalable graphics
* Support of time controlled refresh policy for real-time and heavy-duty applications
* Caching graphical operations
* Stream I/O support for serialization and deserialization
* Ready-to-use gauge, meter, oscilloscope widgets
* Editor widget for WYSIWYG design of complex dashboards

For further information, visit the
[AICWL website](http://www.dmitry-kazakov.de/ada/aicwl.htm).

Maintainer's note:

This Alire crate is packaged in a rather minimalistic way to keep dependencies
on external libraries at a minimum. The crate's definition covers the core
functionality of AICWL, though, so it should be sufficient for most needs.

For example, the original distribution has references to
[Simple Components](http://www.dmitry-kazakov.de/ada/components.htm) which are
not strictly necessary for the core functionality of the library.

   Maintainer: Vinzent "Jellix" Saranen <vinzent@heisenbug.eu>
   Maintainers_Logins: Jellix
   Name: aicwl
   Project_File: sources/aicwl.gpr
   Project_File: sources/aicwl-editor.gpr
   Tag: widgets
   Tag: gauge
   Tag: graphics
   Tag: ui
   Tag: gtk
   Version: 3.24.1
   Website: http://www.dmitry-kazakov.de/ada/aicwl.htm
Dependencies (direct):
   gtkada>=17
Dependencies (solution):
   gtkada=25.0.1
   libgtk3=3.24.41
   make=4.3.0
   pkg_config=1.8.1
Dependencies (graph):
   aicwl=3.24.1  --> gtkada=25.0.1 (>=17)
   gtkada=25.0.1 --> libgtk3=3.24.41 (>=3.24.24)
   gtkada=25.0.1 --> make=4.3.0 (*)
   gtkada=25.0.1 --> pkg_config=1.8.1 (*)


LOG:
[alr test] Testing aicwl=3.24.1
[alr test] Spawning retrieval for remote crate: alr -d -n get aicwl=3.24.1
Note: Deploying aicwl=3.24.1...
Note: Migrating lockfile from /home/runner/work/alire-crates-ci/alire-crates-ci/test/15502bad-2754-401a-91fe-89844a179eb1/aicwl_3.24.1_73939c9e/alire.lock to /home/runner/work/alire-crates-ci/alire-crates-ci/test/15502bad-2754-401a-91fe-89844a179eb1/aicwl_3.24.1_73939c9e/alire/alire.lock
Note: Deploying libgtk3=3.24.41...
The system package 'libgtk-3-dev' is about to be installed.
This action might require admin privileges and impact your system installation.
Do you want Alire to install this system package?
Using default: Yes
Selecting previously unselected package bzip2-doc.
(Reading database ... 
(Reading database ... 5%
(Reading database ... 10%
(Reading database ... 15%
(Reading database ... 20%
(Reading database ... 25%
(Reading database ... 30%
(Reading database ... 35%
(Reading database ... 40%
(Reading database ... 45%
(Reading database ... 50%
(Reading database ... 55%
(Reading database ... 60%
(Reading database ... 65%
(Reading database ... 70%
(Reading database ... 75%
(Reading database ... 80%
(Reading database ... 85%
(Reading database ... 90%
(Reading database ... 95%
(Reading database ... 100%
(Reading database ... 214797 files and directories currently installed.)
Preparing to unpack .../00-bzip2-doc_1.0.8-5.1build0.1_all.deb ...
Unpacking bzip2-doc (1.0.8-5.1build0.1) ...
Selecting previously unselected package gir1.2-atk-1.0:amd64.
Preparing to unpack .../01-gir1.2-atk-1.0_2.52.0-1build1_amd64.deb ...
Unpacking gir1.2-atk-1.0:amd64 (2.52.0-1build1) ...
Selecting previously unselected package gir1.2-freedesktop:amd64.
Preparing to unpack .../02-gir1.2-freedesktop_1.80.1-1_amd64.deb ...
Unpacking gir1.2-freedesktop:amd64 (1.80.1-1) ...
Selecting previously unselected package gir1.2-atspi-2.0:amd64.
Preparing to unpack .../03-gir1.2-atspi-2.0_2.52.0-1build1_amd64.deb ...
Unpacking gir1.2-atspi-2.0:amd64 (2.52.0-1build1) ...
Selecting previously unselected package gir1.2-glib-2.0-dev:amd64.
Preparing to unpack .../04-gir1.2-glib-2.0-dev_2.80.0-6ubuntu3.4_amd64.deb ...
Unpacking gir1.2-glib-2.0-dev:amd64 (2.80.0-6ubuntu3.4) ...
Selecting previously unselected package gir1.2-freedesktop-dev:amd64.
Preparing to unpack .../05-gir1.2-freedesktop-dev_1.80.1-1_amd64.deb ...
Unpacking gir1.2-freedesktop-dev:amd64 (1.80.1-1) ...
Selecting previously unselected package gir1.2-gdkpixbuf-2.0:amd64.
Preparing to unpack .../06-gir1.2-gdkpixbuf-2.0_2.42.10+dfsg-3ubuntu3.2_amd64.deb ...
Unpacking gir1.2-gdkpixbuf-2.0:amd64 (2.42.10+dfsg-3ubuntu3.2) ...
Selecting previously unselected package libharfbuzz-gobject0:amd64.
Preparing to unpack .../07-libharfbuzz-gobject0_8.3.0-2build2_amd64.deb ...
Unpacking libharfbuzz-gobject0:amd64 (8.3.0-2build2) ...
Selecting previously unselected package gir1.2-harfbuzz-0.0:amd64.
Preparing to unpack .../08-gir1.2-harfbuzz-0.0_8.3.0-2build2_amd64.deb ...
Unpacking gir1.2-harfbuzz-0.0:amd64 (8.3.0-2build2) ...
Selecting previously unselected package libpangoxft-1.0-0:amd64.
Preparing to unpack .../09-libpangoxft-1.0-0_1.52.1+ds-1build1_amd64.deb ...
Unpacking libpangoxft-1.0-0:amd64 (1.52.1+ds-1build1) ...
Selecting previously unselected package gir1.2-pango-1.0:amd64.
Preparing to unpack .../10-gir1.2-pango-1.0_1.52.1+ds-1build1_amd64.deb ...
Unpacking gir1.2-pango-1.0:amd64 (1.52.1+ds-1build1) ...
Selecting previously unselected package gir1.2-gtk-3.0:amd64.
Preparing to unpack .../11-gir1.2-gtk-3.0_3.24.41-4ubuntu1.3_amd64.deb ...
Unpacking gir1.2-gtk-3.0:amd64 (3.24.41-4ubuntu1.3) ...
Selecting previously unselected package libglib2.0-dev-bin.
Preparing to unpack .../12-libglib2.0-dev-bin_2.80.0-6ubuntu3.4_amd64.deb ...
Unpacking libglib2.0-dev-bin (2.80.0-6ubuntu3.4) ...
Selecting previously unselected package uuid-dev:amd64.
Preparing to unpack .../13-uuid-dev_2.39.3-9ubuntu6.3_amd64.deb ...
Unpacking uuid-dev:amd64 (2.39.3-9ubuntu6.3) ...
Selecting previously unselected package libblkid-dev:amd64.
Preparing to unpack .../14-libblkid-dev_2.39.3-9ubuntu6.3_amd64.deb ...
Unpacking libblkid-dev:amd64 (2.39.3-9ubuntu6.3) ...
Selecting previously unselected package libsepol-dev:amd64.
Preparing to unpack .../15-libsepol-dev_3.5-2build1_amd64.deb ...
Unpacking libsepol-dev:amd64 (3.5-2build1) ...
Selecting previously unselected package libselinux1-dev:amd64.
Preparing to unpack .../16-libselinux1-dev_3.5-2ubuntu2.1_amd64.deb ...
Unpacking libselinux1-dev:amd64 (3.5-2ubuntu2.1) ...
Selecting previously unselected package libmount-dev:amd64.
Preparing to unpack .../17-libmount-dev_2.39.3-9ubuntu6.3_amd64.deb ...
Unpacking libmount-dev:amd64 (2.39.3-9ubuntu6.3) ...
Selecting previously unselected package libgirepository-2.0-0:amd64.
Preparing to unpack .../18-libgirepository-2.0-0_2.80.0-6ubuntu3.4_amd64.deb ...
Unpacking libgirepository-2.0-0:amd64 (2.80.0-6ubuntu3.4) ...
Selecting previously unselected package libglib2.0-dev:amd64.
Preparing to unpack .../19-libglib2.0-dev_2.80.0-6ubuntu3.4_amd64.deb ...
Unpacking libglib2.0-dev:amd64 (2.80.0-6ubuntu3.4) ...
Selecting previously unselected package libatk1.0-dev:amd64.
Preparing to unpack .../20-libatk1.0-dev_2.52.0-1build1_amd64.deb ...
Unpacking libatk1.0-dev:amd64 (2.52.0-1build1) ...
Selecting previously unselected package xorg-sgml-doctools.
Preparing to unpack .../21-xorg-sgml-doctools_1%3a1.11-1.1_all.deb ...
Unpacking xorg-sgml-doctools (1:1.11-1.1) ...
Selecting previously unselected package x11proto-dev.
Preparing to unpack .../22-x11proto-dev_2023.2-1_all.deb ...
Unpacking x11proto-dev (2023.2-1) ...
Selecting previously unselected package libxau-dev:amd64.
Preparing to unpack .../23-libxau-dev_1%3a1.0.9-1build6_amd64.deb ...
Unpacking libxau-dev:amd64 (1:1.0.9-1build6) ...
Selecting previously unselected package libxdmcp-dev:amd64.
Preparing to unpack .../24-libxdmcp-dev_1%3a1.1.3-0ubuntu6_amd64.deb ...
Unpacking libxdmcp-dev:amd64 (1:1.1.3-0ubuntu6) ...
Selecting previously unselected package xtrans-dev.
Preparing to unpack .../25-xtrans-dev_1.4.0-1_all.deb ...
Unpacking xtrans-dev (1.4.0-1) ...
Selecting previously unselected package libpthread-stubs0-dev:amd64.
Preparing to unpack .../26-libpthread-stubs0-dev_0.4-1build3_amd64.deb ...
Unpacking libpthread-stubs0-dev:amd64 (0.4-1build3) ...
Selecting previously unselected package libxcb1-dev:amd64.
Preparing to unpack .../27-libxcb1-dev_1.15-1ubuntu2_amd64.deb ...
Unpacking libxcb1-dev:amd64 (1.15-1ubuntu2) ...
Selecting previously unselected package libx11-dev:amd64.
Preparing to unpack .../28-libx11-dev_2%3a1.8.7-1build1_amd64.deb ...
Unpacking libx11-dev:amd64 (2:1.8.7-1build1) ...
Selecting previously unselected package libxext-dev:amd64.
Preparing to unpack .../29-libxext-dev_2%3a1.3.4-1build2_amd64.deb ...
Unpacking libxext-dev:amd64 (2:1.3.4-1build2) ...
Selecting previously unselected package libxfixes-dev:amd64.
Preparing to unpack .../30-libxfixes-dev_1%3a6.0.0-2build1_amd64.deb ...
Unpacking libxfixes-dev:amd64 (1:6.0.0-2build1) ...
Selecting previously unselected package libxi-dev:amd64.
Preparing to unpack .../31-libxi-dev_2%3a1.8.1-1build1_amd64.deb ...
Unpacking libxi-dev:amd64 (2:1.8.1-1build1) ...
Selecting previously unselected package libxtst-dev:amd64.
Preparing to unpack .../32-libxtst-dev_2%3a1.2.3-1.1build1_amd64.deb ...
Unpacking libxtst-dev:amd64 (2:1.2.3-1.1build1) ...
Selecting previously unselected package libatspi2.0-dev:amd64.
Preparing to unpack .../33-libatspi2.0-dev_2.52.0-1build1_amd64.deb ...
Unpacking libatspi2.0-dev:amd64 (2.52.0-1build1) ...
Selecting previously unselected package libatk-bridge2.0-dev:amd64.
Preparing to unpack .../34-libatk-bridge2.0-dev_2.52.0-1build1_amd64.deb ...
Unpacking libatk-bridge2.0-dev:amd64 (2.52.0-1build1) ...
Selecting previously unselected package libbrotli-dev:amd64.
Preparing to unpack .../35-libbrotli-dev_1.1.0-2build2_amd64.deb ...
Unpacking libbrotli-dev:amd64 (1.1.0-2build2) ...
Selecting previously unselected package libbz2-dev:amd64.
Preparing to unpack .../36-libbz2-dev_1.0.8-5.1build0.1_amd64.deb ...
Unpacking libbz2-dev:amd64 (1.0.8-5.1build0.1) ...
Selecting previously unselected package libcairo-script-interpreter2:amd64.
Preparing to unpack .../37-libcairo-script-interpreter2_1.18.0-3build1_amd64.deb ...
Unpacking libcairo-script-interpreter2:amd64 (1.18.0-3build1) ...
Selecting previously unselected package libpng-dev:amd64.
Preparing to unpack .../38-libpng-dev_1.6.43-5build1_amd64.deb ...
Unpacking libpng-dev:amd64 (1.6.43-5build1) ...
Selecting previously unselected package libfreetype-dev:amd64.
Preparing to unpack .../39-libfreetype-dev_2.13.2+dfsg-1build3_amd64.deb ...
Unpacking libfreetype-dev:amd64 (2.13.2+dfsg-1build3) ...
Selecting previously unselected package libfontconfig-dev:amd64.
Preparing to unpack .../40-libfontconfig-dev_2.15.0-1.1ubuntu2_amd64.deb ...
Unpacking libfontconfig-dev:amd64 (2.15.0-1.1ubuntu2) ...
Selecting previously unselected package libpixman-1-dev:amd64.
Preparing to unpack .../41-libpixman-1-dev_0.42.2-1build1_amd64.deb ...
Unpacking libpixman-1-dev:amd64 (0.42.2-1build1) ...
Selecting previously unselected package libice-dev:amd64.
Preparing to unpack .../42-libice-dev_2%3a1.0.10-1build3_amd64.deb ...
Unpacking libice-dev:amd64 (2:1.0.10-1build3) ...
Selecting previously unselected package libsm-dev:amd64.
Preparing to unpack .../43-libsm-dev_2%3a1.2.3-1build3_amd64.deb ...
Unpacking libsm-dev:amd64 (2:1.2.3-1build3) ...
Selecting previously unselected package libxcb-render0-dev:amd64.
Preparing to unpack .../44-libxcb-render0-dev_1.15-1ubuntu2_amd64.deb ...
Unpacking libxcb-render0-dev:amd64 (1.15-1ubuntu2) ...
Selecting previously unselected package libxcb-shm0-dev:amd64.
Preparing to unpack .../45-libxcb-shm0-dev_1.15-1ubuntu2_amd64.deb ...
Unpacking libxcb-shm0-dev:amd64 (1.15-1ubuntu2) ...
Selecting previously unselected package libxrender-dev:amd64.
Preparing to unpack .../46-libxrender-dev_1%3a0.9.10-1.1build1_amd64.deb ...
Unpacking libxrender-dev:amd64 (1:0.9.10-1.1build1) ...
Selecting previously unselected package libcairo2-dev:amd64.
Preparing to unpack .../47-libcairo2-dev_1.18.0-3build1_amd64.deb ...
Unpacking libcairo2-dev:amd64 (1.18.0-3build1) ...
Selecting previously unselected package libdatrie-dev:amd64.
Preparing to unpack .../48-libdatrie-dev_0.2.13-3build1_amd64.deb ...
Unpacking libdatrie-dev:amd64 (0.2.13-3build1) ...
Selecting previously unselected package libdeflate-dev:amd64.
Preparing to unpack .../49-libdeflate-dev_1.19-1build1.1_amd64.deb ...
Unpacking libdeflate-dev:amd64 (1.19-1build1.1) ...
Selecting previously unselected package libegl-mesa0:amd64.
Preparing to unpack .../50-libegl-mesa0_25.0.7-0ubuntu0.24.04.2_amd64.deb ...
Unpacking libegl-mesa0:amd64 (25.0.7-0ubuntu0.24.04.2) ...
Selecting previously unselected package libegl1:amd64.
Preparing to unpack .../51-libegl1_1.7.0-1build1_amd64.deb ...
Unpacking libegl1:amd64 (1.7.0-1build1) ...
Selecting previously unselected package libglx-dev:amd64.
Preparing to unpack .../52-libglx-dev_1.7.0-1build1_amd64.deb ...
Unpacking libglx-dev:amd64 (1.7.0-1build1) ...
Selecting previously unselected package libgl-dev:amd64.
Preparing to unpack .../53-libgl-dev_1.7.0-1build1_amd64.deb ...
Unpacking libgl-dev:amd64 (1.7.0-1build1) ...
Selecting previously unselected package libegl-dev:amd64.
Preparing to unpack .../54-libegl-dev_1.7.0-1build1_amd64.deb ...
Unpacking libegl-dev:amd64 (1.7.0-1build1) ...
Selecting previously unselected package libglvnd-core-dev:amd64.
Preparing to unpack .../55-libglvnd-core-dev_1.7.0-1build1_amd64.deb ...
Unpacking libglvnd-core-dev:amd64 (1.7.0-1build1) ...
Selecting previously unselected package libgles1:amd64.
Preparing to unpack .../56-libgles1_1.7.0-1build1_amd64.deb ...
Unpacking libgles1:amd64 (1.7.0-1build1) ...
Selecting previously unselected package libgles2:amd64.
Preparing to unpack .../57-libgles2_1.7.0-1build1_amd64.deb ...
Unpacking libgles2:amd64 (1.7.0-1build1) ...
Selecting previously unselected package libgles-dev:amd64.
Preparing to unpack .../58-libgles-dev_1.7.0-1build1_amd64.deb ...
Unpacking libgles-dev:amd64 (1.7.0-1build1) ...
Selecting previously unselected package libopengl0:amd64.
Preparing to unpack .../59-libopengl0_1.7.0-1build1_amd64.deb ...
Unpacking libopengl0:amd64 (1.7.0-1build1) ...
Selecting previously unselected package libopengl-dev:amd64.
Preparing to unpack .../60-libopengl-dev_1.7.0-1build1_amd64.deb ...
Unpacking libopengl-dev:amd64 (1.7.0-1build1) ...
Selecting previously unselected package libglvnd-dev:amd64.
Preparing to unpack .../61-libglvnd-dev_1.7.0-1build1_amd64.deb ...
Unpacking libglvnd-dev:amd64 (1.7.0-1build1) ...
Selecting previously unselected package libegl1-mesa-dev:amd64.
Preparing to unpack .../62-libegl1-mesa-dev_25.0.7-0ubuntu0.24.04.2_amd64.deb ...
Unpacking libegl1-mesa-dev:amd64 (25.0.7-0ubuntu0.24.04.2) ...
Selecting previously unselected package libepoxy-dev:amd64.
Preparing to unpack .../63-libepoxy-dev_1.5.10-1build1_amd64.deb ...
Unpacking libepoxy-dev:amd64 (1.5.10-1build1) ...
Selecting previously unselected package libfribidi-dev:amd64.
Preparing to unpack .../64-libfribidi-dev_1.0.13-3build1_amd64.deb ...
Unpacking libfribidi-dev:amd64 (1.0.13-3build1) ...
Selecting previously unselected package libgdk-pixbuf2.0-bin.
Preparing to unpack .../65-libgdk-pixbuf2.0-bin_2.42.10+dfsg-3ubuntu3.2_amd64.deb ...
Unpacking libgdk-pixbuf2.0-bin (2.42.10+dfsg-3ubuntu3.2) ...
Selecting previously unselected package libjpeg-turbo8-dev:amd64.
Preparing to unpack .../66-libjpeg-turbo8-dev_2.1.5-2ubuntu2_amd64.deb ...
Unpacking libjpeg-turbo8-dev:amd64 (2.1.5-2ubuntu2) ...
Selecting previously unselected package libjpeg8-dev:amd64.
Preparing to unpack .../67-libjpeg8-dev_8c-2ubuntu11_amd64.deb ...
Unpacking libjpeg8-dev:amd64 (8c-2ubuntu11) ...
Selecting previously unselected package libjpeg-dev:amd64.
Preparing to unpack .../68-libjpeg-dev_8c-2ubuntu11_amd64.deb ...
Unpacking libjpeg-dev:amd64 (8c-2ubuntu11) ...
Selecting previously unselected package libjbig-dev:amd64.
Preparing to unpack .../69-libjbig-dev_2.1-6.1ubuntu2_amd64.deb ...
Unpacking libjbig-dev:amd64 (2.1-6.1ubuntu2) ...
Selecting previously unselected package liblzma-dev:amd64.
Preparing to unpack .../70-liblzma-dev_5.6.1+really5.4.5-1ubuntu0.2_amd64.deb ...
Unpacking liblzma-dev:amd64 (5.6.1+really5.4.5-1ubuntu0.2) ...
Selecting previously unselected package libwebpdecoder3:amd64.
Preparing to unpack .../71-libwebpdecoder3_1.3.2-0.4build3_amd64.deb ...
Unpacking libwebpdecoder3:amd64 (1.3.2-0.4build3) ...
Selecting previously unselected package libsharpyuv-dev:amd64.
Preparing to unpack .../72-libsharpyuv-dev_1.3.2-0.4build3_amd64.deb ...
Unpacking libsharpyuv-dev:amd64 (1.3.2-0.4build3) ...
Selecting previously unselected package libwebp-dev:amd64.
Preparing to unpack .../73-libwebp-dev_1.3.2-0.4build3_amd64.deb ...
Unpacking libwebp-dev:amd64 (1.3.2-0.4build3) ...
Preparing to unpack .../74-libtiff6_4.5.1+git230720-4ubuntu2.4_amd64.deb ...
Unpacking libtiff6:amd64 (4.5.1+git230720-4ubuntu2.4) over (4.5.1+git230720-4ubuntu2.3) ...
Selecting previously unselected package libtiffxx6:amd64.
Preparing to unpack .../75-libtiffxx6_4.5.1+git230720-4ubuntu2.4_amd64.deb ...
Unpacking libtiffxx6:amd64 (4.5.1+git230720-4ubuntu2.4) ...
Selecting previously unselected package liblerc-dev:amd64.
Preparing to unpack .../76-liblerc-dev_4.0.0+ds-4ubuntu2_amd64.deb ...
Unpacking liblerc-dev:amd64 (4.0.0+ds-4ubuntu2) ...
Selecting previously unselected package libtiff-dev:amd64.
Preparing to unpack .../77-libtiff-dev_4.5.1+git230720-4ubuntu2.4_amd64.deb ...
Unpacking libtiff-dev:amd64 (4.5.1+git230720-4ubuntu2.4) ...
Selecting previously unselected package libgdk-pixbuf-2.0-dev:amd64.
Preparing to unpack .../78-libgdk-pixbuf-2.0-dev_2.42.10+dfsg-3ubuntu3.2_amd64.deb ...
Unpacking libgdk-pixbuf-2.0-dev:amd64 (2.42.10+dfsg-3ubuntu3.2) ...
Selecting previously unselected package libgraphite2-dev:amd64.
Preparing to unpack .../79-libgraphite2-dev_1.3.14-2build1_amd64.deb ...
Unpacking libgraphite2-dev:amd64 (1.3.14-2build1) ...
Selecting previously unselected package libharfbuzz-icu0:amd64.
Preparing to unpack .../80-libharfbuzz-icu0_8.3.0-2build2_amd64.deb ...
Unpacking libharfbuzz-icu0:amd64 (8.3.0-2build2) ...
Selecting previously unselected package libharfbuzz-subset0:amd64.
Preparing to unpack .../81-libharfbuzz-subset0_8.3.0-2build2_amd64.deb ...
Unpacking libharfbuzz-subset0:amd64 (8.3.0-2build2) ...
Selecting previously unselected package libharfbuzz-cairo0:amd64.
Preparing to unpack .../82-libharfbuzz-cairo0_8.3.0-2build2_amd64.deb ...
Unpacking libharfbuzz-cairo0:amd64 (8.3.0-2build2) ...
Selecting previously unselected package libharfbuzz-dev:amd64.
Preparing to unpack .../83-libharfbuzz-dev_8.3.0-2build2_amd64.deb ...
Unpacking libharfbuzz-dev:amd64 (8.3.0-2build2) ...
Selecting previously unselected package libthai-dev:amd64.
Preparing to unpack .../84-libthai-dev_0.1.29-2build1_amd64.deb ...
Unpacking libthai-dev:amd64 (0.1.29-2build1) ...
Selecting previously unselected package libxft-dev:amd64.
Preparing to unpack .../85-libxft-dev_2.3.6-1build1_amd64.deb ...
Unpacking libxft-dev:amd64 (2.3.6-1build1) ...
Selecting previously unselected package pango1.0-tools.
Preparing to unpack .../86-pango1.0-tools_1.52.1+ds-1build1_amd64.deb ...
Unpacking pango1.0-tools (1.52.1+ds-1build1) ...
Selecting previously unselected package libpango1.0-dev:amd64.
Preparing to unpack .../87-libpango1.0-dev_1.52.1+ds-1build1_amd64.deb ...
Unpacking libpango1.0-dev:amd64 (1.52.1+ds-1build1) ...
Selecting previously unselected package libwayland-bin.
Preparing to unpack .../88-libwayland-bin_1.22.0-2.1build1_amd64.deb ...
Unpacking libwayland-bin (1.22.0-2.1build1) ...
Selecting previously unselected package libwayland-dev:amd64.
Preparing to unpack .../89-libwayland-dev_1.22.0-2.1build1_amd64.deb ...
Unpacking libwayland-dev:amd64 (1.22.0-2.1build1) ...
Selecting previously unselected package libxcomposite-dev:amd64.
Preparing to unpack .../90-libxcomposite-dev_1%3a0.4.5-1build3_amd64.deb ...
Unpacking libxcomposite-dev:amd64 (1:0.4.5-1build3) ...
Selecting previously unselected package libxcursor-dev:amd64.
Preparing to unpack .../91-libxcursor-dev_1%3a1.2.1-1build1_amd64.deb ...
Unpacking libxcursor-dev:amd64 (1:1.2.1-1build1) ...
Selecting previously unselected package libxdamage-dev:amd64.
Preparing to unpack .../92-libxdamage-dev_1%3a1.1.6-1build1_amd64.deb ...
Unpacking libxdamage-dev:amd64 (1:1.1.6-1build1) ...
Selecting previously unselected package libxinerama-dev:amd64.
Preparing to unpack .../93-libxinerama-dev_2%3a1.1.4-3build1_amd64.deb ...
Unpacking libxinerama-dev:amd64 (2:1.1.4-3build1) ...
Selecting previously unselected package libxkbcommon-dev:amd64.
Preparing to unpack .../94-libxkbcommon-dev_1.6.0-1build1_amd64.deb ...
Unpacking libxkbcommon-dev:amd64 (1.6.0-1build1) ...
Selecting previously unselected package libxrandr-dev:amd64.
Preparing to unpack .../95-libxrandr-dev_2%3a1.5.2-2build1_amd64.deb ...
Unpacking libxrandr-dev:amd64 (2:1.5.2-2build1) ...
Selecting previously unselected package wayland-protocols.
Preparing to unpack .../96-wayland-protocols_1.38-1~ubuntu0.24.04.1_all.deb ...
Unpacking wayland-protocols (1.38-1~ubuntu0.24.04.1) ...
Selecting previously unselected package libgtk-3-dev:amd64.
Preparing to unpack .../97-libgtk-3-dev_3.24.41-4ubuntu1.3_amd64.deb ...
Unpacking libgtk-3-dev:amd64 (3.24.41-4ubuntu1.3) ...
Selecting previously unselected package libpng-tools.
Preparing to unpack .../98-libpng-tools_1.6.43-5build1_amd64.deb ...
Unpacking libpng-tools (1.6.43-5build1) ...
Setting up libcairo-script-interpreter2:amd64 (1.18.0-3build1) ...
Setting up libglib2.0-dev-bin (2.80.0-6ubuntu3.4) ...
Setting up bzip2-doc (1.0.8-5.1build0.1) ...
Setting up libjpeg-turbo8-dev:amd64 (2.1.5-2ubuntu2) ...
Setting up gir1.2-freedesktop:amd64 (1.80.1-1) ...
Setting up libharfbuzz-icu0:amd64 (8.3.0-2build2) ...
Setting up libpixman-1-dev:amd64 (0.42.2-1build1) ...
Setting up libpangoxft-1.0-0:amd64 (1.52.1+ds-1build1) ...
Setting up libglvnd-core-dev:amd64 (1.7.0-1build1) ...
Setting up gir1.2-gdkpixbuf-2.0:amd64 (2.42.10+dfsg-3ubuntu3.2) ...
Setting up libpng-tools (1.6.43-5build1) ...
Setting up libgirepository-2.0-0:amd64 (2.80.0-6ubuntu3.4) ...
Setting up gir1.2-atk-1.0:amd64 (2.52.0-1build1) ...
Setting up libfribidi-dev:amd64 (1.0.13-3build1) ...
Setting up libxkbcommon-dev:amd64 (1.6.0-1build1) ...
Setting up libpng-dev:amd64 (1.6.43-5build1) ...
Setting up pango1.0-tools (1.52.1+ds-1build1) ...
Setting up libjbig-dev:amd64 (2.1-6.1ubuntu2) ...
Setting up libwebpdecoder3:amd64 (1.3.2-0.4build3) ...
Setting up libharfbuzz-gobject0:amd64 (8.3.0-2build2) ...
Setting up gir1.2-atspi-2.0:amd64 (2.52.0-1build1) ...
Setting up gir1.2-harfbuzz-0.0:amd64 (8.3.0-2build2) ...
Setting up libpthread-stubs0-dev:amd64 (0.4-1build3) ...
Setting up libopengl0:amd64 (1.7.0-1build1) ...
Setting up xtrans-dev (1.4.0-1) ...
Setting up libwayland-bin (1.22.0-2.1build1) ...
Setting up libgraphite2-dev:amd64 (1.3.14-2build1) ...
Setting up gir1.2-pango-1.0:amd64 (1.52.1+ds-1build1) ...
Setting up libegl-mesa0:amd64 (25.0.7-0ubuntu0.24.04.2) ...
Setting up libgles2:amd64 (1.7.0-1build1) ...
Setting up libharfbuzz-cairo0:amd64 (8.3.0-2build2) ...
Setting up uuid-dev:amd64 (2.39.3-9ubuntu6.3) ...
Setting up libgles1:amd64 (1.7.0-1build1) ...
Setting up libsepol-dev:amd64 (3.5-2build1) ...
Setting up liblerc-dev:amd64 (4.0.0+ds-4ubuntu2) ...
Setting up liblzma-dev:amd64 (5.6.1+really5.4.5-1ubuntu0.2) ...
Setting up wayland-protocols (1.38-1~ubuntu0.24.04.1) ...
Setting up libdatrie-dev:amd64 (0.2.13-3build1) ...
Setting up gir1.2-glib-2.0-dev:amd64 (2.80.0-6ubuntu3.4) ...
Setting up libgdk-pixbuf2.0-bin (2.42.10+dfsg-3ubuntu3.2) ...
Setting up libtiff6:amd64 (4.5.1+git230720-4ubuntu2.4) ...
Setting up libegl1:amd64 (1.7.0-1build1) ...
Setting up libharfbuzz-subset0:amd64 (8.3.0-2build2) ...
Setting up xorg-sgml-doctools (1:1.11-1.1) ...
Setting up libopengl-dev:amd64 (1.7.0-1build1) ...
Setting up libjpeg8-dev:amd64 (8c-2ubuntu11) ...
Setting up libsharpyuv-dev:amd64 (1.3.2-0.4build3) ...
Setting up libtiffxx6:amd64 (4.5.1+git230720-4ubuntu2.4) ...
Setting up libdeflate-dev:amd64 (1.19-1build1.1) ...
Setting up libbrotli-dev:amd64 (1.1.0-2build2) ...
Setting up libbz2-dev:amd64 (1.0.8-5.1build0.1) ...
Setting up libblkid-dev:amd64 (2.39.3-9ubuntu6.3) ...
Setting up libselinux1-dev:amd64 (3.5-2ubuntu2.1) ...
Setting up gir1.2-gtk-3.0:amd64 (3.24.41-4ubuntu1.3) ...
Setting up libjpeg-dev:amd64 (8c-2ubuntu11) ...
Setting up libwayland-dev:amd64 (1.22.0-2.1build1) ...
Setting up libfreetype-dev:amd64 (2.13.2+dfsg-1build3) ...
Setting up libwebp-dev:amd64 (1.3.2-0.4build3) ...
Setting up libtiff-dev:amd64 (4.5.1+git230720-4ubuntu2.4) ...
Setting up gir1.2-freedesktop-dev:amd64 (1.80.1-1) ...
Setting up libthai-dev:amd64 (0.1.29-2build1) ...
Setting up libmount-dev:amd64 (2.39.3-9ubuntu6.3) ...
Setting up libfontconfig-dev:amd64 (2.15.0-1.1ubuntu2) ...
Setting up libglib2.0-dev:amd64 (2.80.0-6ubuntu3.4) ...
Processing triggers for libc-bin (2.39-0ubuntu8.6) ...
Processing triggers for man-db (2.12.0-4build2) ...
Processing triggers for libglib2.0-0t64:amd64 (2.80.0-6ubuntu3.4) ...
Processing triggers for sgml-base (1.31) ...
Processing triggers for install-info (7.1-3build2) ...
Setting up libatk1.0-dev:amd64 (2.52.0-1build1) ...
Setting up x11proto-dev (2023.2-1) ...
Setting up libgdk-pixbuf-2.0-dev:amd64 (2.42.10+dfsg-3ubuntu3.2) ...
Setting up libharfbuzz-dev:amd64 (8.3.0-2build2) ...
Setting up libxau-dev:amd64 (1:1.0.9-1build6) ...
Setting up libice-dev:amd64 (2:1.0.10-1build3) ...
Setting up libsm-dev:amd64 (2:1.2.3-1build3) ...
Setting up libxdmcp-dev:amd64 (1:1.1.3-0ubuntu6) ...
Setting up libxcb1-dev:amd64 (1.15-1ubuntu2) ...
Setting up libx11-dev:amd64 (2:1.8.7-1build1) ...
Setting up libxfixes-dev:amd64 (1:6.0.0-2build1) ...
Setting up libxcb-shm0-dev:amd64 (1.15-1ubuntu2) ...
Setting up libxcb-render0-dev:amd64 (1.15-1ubuntu2) ...
Setting up libxext-dev:amd64 (2:1.3.4-1build2) ...
Setting up libglx-dev:amd64 (1.7.0-1build1) ...
Setting up libxi-dev:amd64 (2:1.8.1-1build1) ...
Setting up libxrender-dev:amd64 (1:0.9.10-1.1build1) ...
Setting up libgl-dev:amd64 (1.7.0-1build1) ...
Setting up libxft-dev:amd64 (2.3.6-1build1) ...
Setting up libxtst-dev:amd64 (2:1.2.3-1.1build1) ...
Setting up libxdamage-dev:amd64 (1:1.1.6-1build1) ...
Setting up libatspi2.0-dev:amd64 (2.52.0-1build1) ...
Setting up libegl-dev:amd64 (1.7.0-1build1) ...
Setting up libxcomposite-dev:amd64 (1:0.4.5-1build3) ...
Setting up libxcursor-dev:amd64 (1:1.2.1-1build1) ...
Setting up libepoxy-dev:amd64 (1.5.10-1build1) ...
Setting up libatk-bridge2.0-dev:amd64 (2.52.0-1build1) ...
Setting up libxrandr-dev:amd64 (2:1.5.2-2build1) ...
Setting up libxinerama-dev:amd64 (2:1.1.4-3build1) ...
Setting up libcairo2-dev:amd64 (1.18.0-3build1) ...
Setting up libgles-dev:amd64 (1.7.0-1build1) ...
Setting up libglvnd-dev:amd64 (1.7.0-1build1) ...
Setting up libpango1.0-dev:amd64 (1.52.1+ds-1build1) ...
Setting up libegl1-mesa-dev:amd64 (25.0.7-0ubuntu0.24.04.2) ...
Setting up libgtk-3-dev:amd64 (3.24.41-4ubuntu1.3) ...

Running kernel seems to be up-to-date.

Restarting services...
 systemctl restart php8.3-fpm.service

Service restarts being deferred:
 systemctl restart hosted-compute-agent.service

No containers need to be restarted.

No user sessions are running outdated binaries.

No VM guests are running outdated hypervisor (qemu) binaries on this host.
Note: Deploying gtkada=25.0.1...
#=#=#                                                                          
##O#-#                                                                         
##=O#- #                                                                       
# #=O#- #                                                                      
 # #=O#-  #                                                                    
  # #=O=#   #                                                                  
   # #=O=#   #                                                                 
    # -#O=-#   #                                                               
     # -#O=- #   #                                                             

aicwl=3.24.1 successfully retrieved.
Dependencies were solved as follows:

   +  gtkada     25.0.1  (new)
   +b libgtk3    3.24.41 (new,indirect,system package)
   +b make       4.3.0   (new,indirect,system package)
   +b pkg_config 1.8.1   (new,indirect,system package)
[alr test] Spawning default test for remote crate: alr -d -n build --release -- -cargs:Ada -gnatwn
Note: Running post-fetch actions for gtkada=25.0.1...
checking build system type... x86_64-pc-linux-gnu
checking host system type... x86_64-pc-linux-gnu
checking target system type... x86_64-pc-linux-gnu
checking for pkg-config... /usr/bin/pkg-config
checking pkg-config is at least version 0.9.0... yes
checking for gcc... gcc
checking whether the C compiler works... yes
checking for C compiler default output file name... a.out
checking for suffix of executables... 
checking whether we are cross compiling... no
checking for suffix of object files... o
checking whether we are using the GNU C compiler... yes
checking whether gcc accepts -g... yes
checking for gcc option to accept ISO C89... none needed
checking for gprbuild... /home/runner/.local/share/alire/toolchains/gprbuild_25.0.1_9a2e6cfb/bin/gprbuild
checking for gprinstall... /home/runner/.local/share/alire/toolchains/gprbuild_25.0.1_9a2e6cfb/bin/gprinstall
checking that your gnat compiler works with a simple example... yes
checking whether NLS is requested... yes
checking for gettext in libc... yes
checking for GTK... yes
checking for pkg-config... (cached) /usr/bin/pkg-config
checking pkg-config is at least version 0.16... yes
checking for GTK+ - version >= 3.24.24... yes (version 3.24.41)
checking for GMODULE... yes
checking for FONTCONFIG... yes
configure: creating ./config.status
config.status: creating Makefile
config.status: creating gtkada_shared.gpr
config.status: creating po/Makefile
config.status: creating docs/gtkada_rm/html/static/index.html
configure: --------- Summary for Gtkada 18.0w -----------------
configure:   Shared libraries:       yes (default: static)
configure: --------------------------------------------
gnatprep -DGETTEXT_INTL=False -DHAVE_GETTEXT=True src/gtkada-intl.gpb src/gtkada-intl.adb
Note: Building aicwl=3.24.1/sources/aicwl.gpr (1/2)...
Setup
   [mkdir]        object directory for project GtkAda
   [mkdir]        library directory for project GtkAda
Compile
   [Ada]          strings_edit-utf8-koi8.adb
   [Ada]          strings_edit-streams-unsigneds_64.ads
   [Ada]          strings_edit-integer_edit.adb
   [Ada]          strings_edit-integers-subscript.ads
   [Ada]          strings_edit-streams-integers_64.ads
   [Ada]          strings_edit-utf8-superscript.adb
   [Ada]          strings_edit-utf8-windows_1255.adb
   [Ada]          strings_edit-utf8-iso_8859_6.adb
   [Ada]          strings_edit-utf8-windows_1252.adb
   [Ada]          strings_edit-integers.ads
   [Ada]          strings_edit-long_floats.ads
   [Ada]          strings_edit-utf8-categorization.adb
   [Ada]          strings_edit-streams-unsigneds_32.ads
   [Ada]          strings_edit-utf8-maps.adb
   [Ada]          strings_edit-streams-integers.ads
   [Ada]          strings_edit-chacha20-aead.adb
   [Ada]          strings_edit-utf8-iso_8859_9.adb
   [Ada]          strings_edit-lexicographical_order.adb
   [Ada]          strings_edit-floats.ads
   [Ada]          strings_edit-utf8-subscript.adb
   [Ada]          strings_edit-utf8-windows_1257.adb
   [Ada]          strings_edit-streams.adb
   [Ada]          strings_edit-utf8-superscript-integer_edit.ads
   [Ada]          strings_edit-utf8-wildcards.adb
   [Ada]          strings_edit-float_edit.adb
   [Ada]          strings_edit-utf8-iso_8859_3.adb
strings_edit-float_edit.adb:264:18: warning: Numeric_Error is an obsolescent feature (RM J.6(1)) [-gnatwj]
strings_edit-float_edit.adb:264:18: warning: use Constraint_Error instead [-gnatwj]
   [Ada]          strings_edit-utf8-integer_edit.adb
   [Ada]          strings_edit-roman_edit.adb
   [Ada]          strings_edit-utf8-itu_t61.adb
   [Ada]          strings_edit-utf8-iso_8859_8.adb
   [Ada]          strings_edit-iso_8601.adb
   [Ada]          strings_edit-utf8-blocks.ads
   [Ada]          strings_edit.adb
   [Ada]          strings_edit-utf8-windows_1256.adb
   [Ada]          strings_edit-utf8-handling.adb
   [Ada]          strings_edit-utf8-iso_8859_2.adb
   [Ada]          strings_edit-utf8-windows_1253.adb
   [Ada]          strings_edit-integers-superscript.ads
   [Ada]          strings_edit-utf8-radix50.adb
   [Ada]          strings_edit-utf8-macos_roman.adb
   [Ada]          strings_edit-utf8-mapping.adb
   [Ada]          strings_edit-utf8-recoding_streams.adb
   [Ada]          strings_edit-chacha20-poly1305.adb
   [Ada]          strings_edit-utf8-iso_8859_4.adb
   [Ada]          strings_edit-utf8-windows_1258.adb
   [Ada]          strings_edit-utf8-windows_1254.adb
strings_edit-chacha20-poly1305.adb:278:07: warning: variable "Carry" is not referenced [-gnatwu]
   [Ada]          strings_edit-chacha20.adb
   [Ada]          strings_edit-utf8.adb
   [Ada]          strings_edit-streams-generic_unsigned.adb
   [Ada]          strings_edit-streams-generic_modular.adb
   [Ada]          strings_edit-object_identifiers.adb
   [Ada]          strings_edit-fields.adb
   [Ada]          strings_edit-generic_scale.adb
   [Ada]          strings_edit-utf8-iso_8859_10.adb
strings_edit-object_identifiers.adb:29:06: warning: unnecessary with of ancestor [-gnatwr]
   [Ada]          strings_edit-utf8-subscript-integer_edit.ads
   [Ada]          strings_edit-utf8-iso_8859_5.adb
strings_edit-chacha20.adb:281:07: warning: renamed variable "Count" is not referenced [-gnatwu]
strings_edit-chacha20.adb:305:07: warning: renamed variable "Count" is not referenced [-gnatwu]
strings_edit-chacha20.adb:333:07: warning: renamed variable "Count" is not referenced [-gnatwu]
strings_edit-chacha20.adb:361:07: warning: renamed variable "Count" is not referenced [-gnatwu]
strings_edit-chacha20.adb:389:07: warning: renamed variable "Count" is not referenced [-gnatwu]
strings_edit-chacha20.adb:405:07: warning: renamed variable "Count" is not referenced [-gnatwu]
   [Ada]          strings_edit-base64.adb
   [Ada]          strings_edit-streams-generic_integer.adb
strings_edit-streams-generic_integer.adb:109:07: warning: variable "Old" is not referenced [-gnatwu]
   [Ada]          strings_edit-utf8-windows_1250.adb
   [Ada]          strings_edit-utf8-maps-constants.ads
   [Ada]          strings_edit-distinguished_names.adb
   [Ada]          strings_edit-streams-integers_32.ads
   [Ada]          strings_edit-utf8-wildcards-case_insensitive.adb
   [Ada]          strings_edit-streams-naturals.ads
   [Ada]          strings_edit-quoted.adb
   [Ada]          strings_edit-utf8-windows_1251.adb
   [Ada]          strings_edit-utf8-iso_8859_7.adb
   [Ada]          rsvg-handle.adb
   [Ada]          rsvg.ads
   [Ada]          gdk-pixbuf.adb
   [Ada]          glib-convert.adb
   [Ada]          gdk-property.adb
strings_edit-distinguished_names.adb:31:06: warning: unnecessary with of ancestor [-gnatwr]
   [Ada]          gdk-window_attr.adb
   [Ada]          cairo-region.adb
   [Ada]          gdk-color.adb
   [Ada]          gtkada-dialogs.adb
   [Ada]          gdk-threads.ads
   [Ada]          fontconfig.adb
   [Ada]          cairo-font_options.adb
   [Ada]          glib-enums.ads
   [Ada]          gtkada-abstract_list_model.adb
   [Ada]          cairo-font_face.ads
   [Ada]          gtkada-builder.adb
   [Ada]          gtkada-stock_icons.ads
   [Ada]          glib-object.adb
   [Ada]          glib-module.adb
   [Ada]          glib-gslist.adb
   [Ada]          glib-key_file.adb
   [Ada]          glib-gnodes.adb
   [Ada]          gtkada-canvas_view-models.adb
   [Ada]          gtkada-file_selection.adb
   [Ada]          gdk-types.ads
   [Ada]          gtkada-pixmaps.ads
   [Ada]          glib-graphs-layouts.adb
   [Ada]          gtkada.ads
   [Ada]          cairo-matrix.ads
   [Ada]          glib-glist.adb
   [Ada]          cairo-pdf.adb
   [Ada]          gdk-types-keysyms.ads
   [Ada]          gtkada-intl.adb
   [Ada]          gdk-rectangle.adb
   [Ada]          cairo.adb
   [Ada]          gtkada-c.adb
   [Ada]          gtk-arguments.adb
   [Ada]          gtk-dnd.adb
   [Ada]          gtkada-abstract_tree_model.adb
   [Ada]          gtkada-canvas_view-views.adb
   [Ada]          gtkada-mdi.adb
   [Ada]          gtkada-style.adb
   [Ada]          glib-properties-creation.adb
   [Ada]          gtk-handlers.adb
   [Ada]          gdk-keyval.adb
   [Ada]          gtkada-canvas_view-astar.adb
   [Ada]          gtk-marshallers.adb
   [Ada]          gtkada-canvas_view-objects.adb
   [Ada]          gtkada-canvas_view-rtrees.adb
   [Ada]          gtk-tree_model-utils.adb
   [Ada]          cairo-scaled_font.ads
   [Ada]          glib-graphs.adb
   [Ada]          gtkada-types.adb
   [Ada]          gtkada-printing.adb
   [Ada]          cairo-surface.adb
   [Ada]          pango-cairo.adb
   [Ada]          cairo-svg.adb
   [Ada]          gtk-bindings.adb
   [Ada]          glib-xml_int.ads
   [Ada]          gtkada-stock_labels.ads
   [Ada]          gtkada-bindings.adb
   [Ada]          glib-messages.adb
   [Ada]          glib-unicode.adb
   [Ada]          cairo-pattern.ads
   [Ada]          gtkada-handlers.ads
   [Ada]          glib-values.adb
   [Ada]          gtkada-canvas_view-links.adb
   [Ada]          gtkada-multi_paned.adb
   [Ada]          glib.adb
   [Ada]          cairo-image_surface.adb
   [Ada]          cairo-png.adb
   [Ada]          glib-main.adb
   [Ada]          glib-xml.adb
   [Ada]          gtkada-canvas_view-models-layers.adb
   [Ada]          gdk-dnd.adb
   [Ada]          glib-properties.adb
   [Ada]          gdk-input.ads
   [Ada]          gdk-visual.adb
   [Ada]          gtk-type_conversion.adb
   [Ada]          glib-error.adb
   [Ada]          gtkada-canvas.adb
   [Ada]          gtkada-application.adb
   [Ada]          glib-types.adb
   [Ada]          gdk-main.adb
   [Ada]          glib-type_conversion_hooks.adb
   [Ada]          gtk-rc.adb
   [Ada]          gdk.ads
   [Ada]          pango.ads
   [Ada]          gdk-display_manager.adb
   [Ada]          gtk.ads
   [Ada]          gtkada-canvas_view.adb
   [Ada]          gtkada-multiline_entry.adb
   [Ada]          glib-generic_properties.adb
   [Ada]          gdk-cairo.adb
   [Ada]          gtk-text_child.adb
   [Ada]          gtk-scrollable.adb
   [Ada]          gtk-flow_box.adb
   [Ada]          glib-spawn.adb
   [Ada]          gtk-search_bar.adb
   [Ada]          glib-utils.adb
   [Ada]          gtk-gesture_single.adb
   [Ada]          pango-tabs.adb
   [Ada]          gtk-check_button.adb
   [Ada]          gtk-arrow.adb
   [Ada]          gtk-recent_action.adb
   [Ada]          gdk-seat.adb
   [Ada]          gtk-adjustment.adb
   [Ada]          gtk-handle_box.adb
   [Ada]          gtk-image.adb
   [Ada]          gdk-drag_contexts.adb
   [Ada]          gtk-level_bar.adb
   [Ada]          gtk-tree_model.adb
   [Ada]          gtk-grid.adb
   [Ada]          gtk-icon_factory.adb
   [Ada]          gtk-font_chooser.adb
   [Ada]          gtk-assistant.adb
   [Ada]          gtk-action_group.adb
   [Ada]          gtk-color_chooser_widget.adb
   [Ada]          gtk-spin_button.adb
   [Ada]          gtk-event_controller.adb
   [Ada]          gtk-stack.adb
   [Ada]          gtk-radio_action.adb
   [Ada]          gtk-gesture_rotate.adb
   [Ada]          gtk-cell_view.adb
   [Ada]          gtk-text_mark.adb
   [Ada]          gtk-misc.adb
   [Ada]          gtk-text_child_anchor.adb
   [Ada]          gtk-builder.adb
   [Ada]          gtk-icon_view.adb
   [Ada]          gtk-cell_layout.adb
   [Ada]          pango-fontset.adb
   [Ada]          gtk-link_button.adb
   [Ada]          gtk-font_chooser_widget.adb
   [Ada]          glib-action_map.adb
   [Ada]          pango-enums.adb
   [Ada]          gtk-recent_info.adb
   [Ada]          gtk-alignment.adb
   [Ada]          gtk-cell_editable.adb
   [Ada]          gtk-file_chooser_widget.adb
   [Ada]          gtk-font_selection_dialog.adb
   [Ada]          pango-attributes.adb
   [Ada]          gtk-file_chooser.adb
   [Ada]          gtk-tree_row_reference.adb
   [Ada]          gtk-calendar.adb
   [Ada]          gtk-file_filter.adb
   [Ada]          gtk-cell_renderer_combo.adb
   [Ada]          gtk-gesture_swipe.adb
   [Ada]          gtk-container.adb
   [Ada]          glib-poll.adb
   [Ada]          pango-font_metrics.adb
   [Ada]          gtk-search_entry.adb
   [Ada]          glib-option.adb
   [Ada]          gtk-tree_selection.adb
   [Ada]          gtk-popover.adb
   [Ada]          gtk-color_selection_dialog.adb
   [Ada]          gtk-tool_item_group.adb
   [Ada]          gtk-tree_model_sort.adb
   [Ada]          gtk-accel_group.adb
   [Ada]          gtk-tree_drag_source.adb
   [Ada]          gtk-color_selection.adb
   [Ada]          pango-font_map.adb
   [Ada]          gtk-tool_palette.adb
   [Ada]          gtk-tool_shell.adb
   [Ada]          gtk-scale_button.adb
   [Ada]          pango-matrix.adb
   [Ada]          pango-font_family.adb
   [Ada]          gtk-viewport.adb
   [Ada]          gtk-file_chooser_dialog.adb
   [Ada]          gtk-drawing_area.adb
   [Ada]          gtk-list_store.adb
   [Ada]          gtk-tree_view.adb
   [Ada]          gtk-tearoff_menu_item.adb
   [Ada]          gtk-font_selection.adb
   [Ada]          gtk-bin.adb
   [Ada]          gtk-header_bar.adb
   [Ada]          gtk-combo_box.adb
   [Ada]          gdk-frame_timings.adb
   [Ada]          gtk-spinner.adb
   [Ada]          gtk-recent_chooser_widget.adb
   [Ada]          gtk-widget.adb
   [Ada]          gtk-print_operation_preview.adb
   [Ada]          gtk-action.adb
   [Ada]          gtk-separator_menu_item.adb
   [Ada]          gdk-device.adb
   [Ada]          gtk-fixed.adb
   [Ada]          gtk-paned.adb
   [Ada]          glib-action.adb
   [Ada]          gtk-css_provider.adb
   [Ada]          gtk-toggle_tool_button.adb
   [Ada]          glib-list_model.adb
   [Ada]          gdk-monitor.adb
   [Ada]          glib-string.adb
   [Ada]          gtk-recent_filter.adb
   [Ada]          gtk-stack_switcher.adb
   [Ada]          glib-variant.adb
   [Ada]          glib-g_icon.adb
   [Ada]          glib-simple_action.adb
   [Ada]          gtk-button.adb
   [Ada]          gtk-switch.adb
   [Ada]          gtk-cell_renderer_progress.adb
   [Ada]          gtk-text_iter.adb
   [Ada]          gtk-shortcuts_window.adb
   [Ada]          pango-font.adb
   [Ada]          gtk-size_group.adb
   [Ada]          gtk-text_tag_table.adb
   [Ada]          gtk-menu.adb
   [Ada]          gtk-main.adb
   [Ada]          gtk-text_attributes.adb
   [Ada]          gtk-cell_renderer_accel.adb
   [Ada]          glib-action_group.adb
   [Ada]          gtk-cell_area.adb
   [Ada]          gtk-icon_theme.adb
   [Ada]          gtk-hbutton_box.adb
   [Ada]          pango-coverage.adb
   [Ada]          gtk-gesture.adb
   [Ada]          gtk-stock.adb
   [Ada]          gdk-device_tool.adb
   [Ada]          gtk-entry_buffer.adb
   [Ada]          gtk-actionable.adb
   [Ada]          gdk-drawing_context.adb
   [Ada]          gtk-gesture_zoom.adb
   [Ada]          gtk-target_entry.adb
   [Ada]          gtk-cell_renderer_pixbuf.adb
   [Ada]          gtk-revealer.adb
   [Ada]          gtk-status_icon.adb
   [Ada]          gdk-cursor.adb
   [Ada]          gtk-color_chooser.adb
   [Ada]          gtk-text_view.adb
   [Ada]          gtk-aspect_frame.adb
   [Ada]          gtk-symbolic_color.adb
   [Ada]          gtk-gradient.adb
   [Ada]          gtk-clipboard.adb
   [Ada]          gtk-print_operation.adb
   [Ada]          gtk-button_box.adb
   [Ada]          gtk-cell_area_box.adb
   [Ada]          gtk-menu_tool_button.adb
   [Ada]          gtk-text_buffer.adb
   [Ada]          gtk-im_context_simple.adb
   [Ada]          gtk-toggle_button.adb
   [Ada]          gtk-box.adb
   [Ada]          gdk-screen.adb
   [Ada]          gtk-tree_store.adb
   [Ada]          gtk-cell_renderer_toggle.adb
   [Ada]          gdk-glcontext.adb
   [Ada]          pango-language.adb
   [Ada]          gtk-list_box.adb
   [Ada]          gtk-scale.adb
   [Ada]          gtk-settings.adb
   [Ada]          gtk-enums.adb
   [Ada]          gtk-text_tag.adb
   [Ada]          gtk-glarea.adb
   [Ada]          gdk-rgba.adb
   [Ada]          gtk-cell_renderer.adb
gtk-enums.adb:38:04: warning: possible aliasing problem for type "Chars_Ptr" [enabled by default]
gtk-enums.adb:38:04: warning: use -fno-strict-aliasing switch for references [enabled by default]
gtk-enums.adb:38:04: warning: or use "pragma No_Strict_Aliasing (Chars_Ptr);" [enabled by default]
   [Ada]          glib-iochannel.adb
   [Ada]          gtk-application.adb
   [Ada]          glib-cancellable.adb
   [Ada]          gtk-color_button.adb
   [Ada]          gtk-tree_drag_dest.adb
   [Ada]          gtk-tool_button.adb
   [Ada]          gtk-gesture_drag.adb
   [Ada]          pango-context.adb
   [Ada]          glib-notification.adb
   [Ada]          gtk-event_box.adb
   [Ada]          gtk-recent_chooser_menu.adb
   [Ada]          gtk-file_chooser_button.adb
   [Ada]          gtk-font_chooser_dialog.adb
   [Ada]          gtk-table.adb
   [Ada]          gtk-frame.adb
   [Ada]          gtk-selection_data.adb
   [Ada]          gtk-theming_engine.adb
   [Ada]          gtk-offscreen_window.adb
   [Ada]          gtk-dialog.adb
   [Ada]          gtk-orientable.adb
   [Ada]          gtk-style_properties.adb
   [Ada]          gtk-list_box_row.adb
   [Ada]          gtk-status_bar.adb
   [Ada]          gtk-tooltip.adb
   [Ada]          gtk-image_menu_item.adb
   [Ada]          gtk-info_bar.adb
   [Ada]          gdk-display.adb
   [Ada]          gtk-flow_box_child.adb
   [Ada]          gtk-entry_completion.adb
   [Ada]          gtk-css_section.adb
   [Ada]          gtk-recent_chooser_dialog.adb
   [Ada]          gtk-editable.adb
   [Ada]          gtk-gesture_multi_press.adb
   [Ada]          gtk-tree_model_filter.adb
   [Ada]          gdk-event.adb
   [Ada]          gtk-scrollbar.adb
   [Ada]          gtk-style_context.adb
   [Ada]          gtk-gesture_long_press.adb
   [Ada]          gtk-invisible.adb
   [Ada]          gtk-target_list.adb
   [Ada]          gtk-paper_size.adb
   [Ada]          gtk-gentry.adb
   [Ada]          gtk-font_button.adb
   [Ada]          gtk-print_settings.adb
   [Ada]          gtk-tree_sortable.adb
   [Ada]          pango-font_face.adb
   [Ada]          glib-simple_action_group.adb
   [Ada]          gtk-cell_renderer_text.adb
   [Ada]          gtk-cell_renderer_spinner.adb
   [Ada]          gtk-icon_set.adb
   [Ada]          gtk-overlay.adb
   [Ada]          gtk-menu_shell.adb
   [Ada]          gtk-recent_manager.adb
   [Ada]          gdk-window.adb
   [Ada]          gtk-action_bar.adb
   [Ada]          gtk-style.adb
   [Ada]          gtk-style_provider.adb
   [Ada]          gtk-menu_item.adb
   [Ada]          gtk-volume_button.adb
   [Ada]          gtk-label.adb
   [Ada]          gtk-hsv.adb
   [Ada]          gtk-page_setup.adb
   [Ada]          gtk-toggle_action.adb
   [Ada]          gdk-device_manager.adb
   [Ada]          gtk-expander.adb
   [Ada]          gtk-menu_button.adb
   [Ada]          gtk-print_context.adb
   [Ada]          glib-menu_model.adb
   [Ada]          gtk-binding_set.adb
   [Ada]          glib-application.adb
   [Ada]          gtk-cell_area_context.adb
   [Ada]          gtk-radio_button.adb
   [Ada]          gtk-application_window.adb
   [Ada]          glib-menu.adb
   [Ada]          gtk-color_chooser_dialog.adb
   [Ada]          gtk-window.adb
   [Ada]          gtk-separator.adb
   [Ada]          gtk-scrolled_window.adb
   [Ada]          gtk-ui_manager.adb
   [Ada]          gtk-message_dialog.adb
   [Ada]          gtk-progress_bar.adb
   [Ada]          gtk-im_context.adb
   [Ada]          gtk-radio_menu_item.adb
   [Ada]          gtk-buildable.adb
   [Ada]          gtk-toolbar.adb
   [Ada]          gtk-cell_renderer_spin.adb
   [Ada]          gtk-vbutton_box.adb
   [Ada]          gtk-accel_map.adb
   [Ada]          gtk-recent_chooser.adb
   [Ada]          gtk-check_menu_item.adb
   [Ada]          gtk-icon_source.adb
   [Ada]          gtk-notebook.adb
   [Ada]          gtk-separator_tool_item.adb
   [Ada]          gtk-menu_bar.adb
   [Ada]          gtk-gesture_pan.adb
   [Ada]          gtk-radio_tool_button.adb
   [Ada]          gdk-frame_clock.adb
   [Ada]          gtk-about_dialog.adb
   [Ada]          gtk-layout.adb
   [Ada]          gtk-combo_box_text.adb
   [Ada]          pango-layout.adb
   [Ada]          gtk-tool_item.adb
   [Ada]          gtk-tree_view_column.adb
   [Ada]          gtk-accel_label.adb
   [Ada]          gtk-grange.adb
   [Ada]          gtk-im_multi_context.adb
   [Ada]          gtk-activatable.adb
   [C]            misc.c
   [C]            misc_generated.c
   [Ada]          gdk-pixbuf-conversions.ads
   [Ada]          glib-spawn_alt-asynchronous.adb
   [Ada]          gdk-color-ihls.adb
/home/runner/.local/share/alire/builds/gtkada_25.0.1_d3787772/36a864b79a646c62398e27ea1952bd5cab47a1b28a254214e8618a5c5b53bcc9/src/misc.c: In function 'ada_g_module_build_path':
/home/runner/.local/share/alire/builds/gtkada_25.0.1_d3787772/36a864b79a646c62398e27ea1952bd5cab47a1b28a254214e8618a5c5b53bcc9/src/misc.c:161:3: warning: 'g_module_build_path' is deprecated [-Wdeprecated-declarations]
  161 |   return g_module_build_path (directory, module_name);
      |   ^~~~~~
In file included from /usr/include/glib-2.0/gio/giomodule.h:31,
                 from /usr/include/glib-2.0/gio/gio.h:102,
                 from /usr/include/gtk-3.0/gdk/gdkapplaunchcontext.h:28,
                 from /usr/include/gtk-3.0/gdk/gdk.h:32,
                 from /home/runner/.local/share/alire/builds/gtkada_25.0.1_d3787772/36a864b79a646c62398e27ea1952bd5cab47a1b28a254214e8618a5c5b53bcc9/src/misc.c:38:
/usr/include/glib-2.0/gmodule.h:142:23: note: declared here
  142 | gchar*                g_module_build_path    (const gchar  *directory,
      |                       ^~~~~~~~~~~~~~~~~~~
   [Ada]          gtk-enums-string_lists.adb
gdk-pixbuf-conversions.ads:33:06: warning: unnecessary with of ancestor [-gnatwr]
   [Ada]          gtk-tree_model-extension_store.adb
   [Ada]          gtk-cell_renderer-abstract_renderer.adb
gdk-color-ihls.adb:232:32: warning: condition can only be True if invalid values present [-gnatwc]
gdk-color-ihls.adb:232:32: warning: condition is always False [-gnatwc]
   [Ada]          gtk-widget-styles-css_store.adb
glib-spawn_alt-asynchronous.adb:212:17: warning: formal parameter "Process" is not referenced [-gnatwf]
glib-spawn_alt-asynchronous.adb:213:17: warning: formal parameter "Data" is not referenced [-gnatwf]
glib-spawn_alt-asynchronous.adb:221:17: warning: formal parameter "PID" is not referenced [-gnatwf]
glib-spawn_alt-asynchronous.ads:43:16: warning: no entities of "Interfaces.C" are referenced in spec [-gnatwu]
glib-spawn_alt-asynchronous.ads:43:16: warning: with clause might be moved to body [-gnatwu]
gtk-main-router.adb:1012:22: error: no selector "Get_Iter_At_Location" for type "Gtk_Text_View_Record'Class" defined at gtk-text_view.ads:73
gtk-tree_model-extension_store.adb:34:09: warning: unit "Ada.Unchecked_Conversion" is never instantiated [-gnatwu]
gtk-tree_model-extension_store.adb:466:17: warning: formal parameter "Reference" is not referenced [-gnatwf]
gtk-tree_model-extension_store.adb:499:17: warning: formal parameter "Reference" is not referenced [-gnatwf]
gtk-tree_model-extension_store.adb:528:17: warning: formal parameter "Reference" is not referenced [-gnatwf]
gtk-tree_model-extension_store.adb:572:17: warning: formal parameter "Reference" is not referenced [-gnatwf]
gtk-cell_renderer-abstract_renderer.adb:637:17: warning: formal parameter "Return_Value" is not referenced [-gnatwf]
gtk-cell_renderer-abstract_renderer.adb:638:17: warning: formal parameter "N_Params" is not referenced [-gnatwf]
gtk-cell_renderer-abstract_renderer.adb:640:17: warning: formal parameter "Invocation_Hint" is not referenced [-gnatwf]
gtk-cell_renderer-abstract_renderer.adb:641:17: warning: formal parameter "User_Data" is not referenced [-gnatwf]
gtk-cell_renderer-abstract_renderer.adb:1014:07: warning: variable "Commit_ID" is assigned but never read [-gnatwm]
gtk-cell_renderer-abstract_renderer.adb:1015:07: warning: variable "Parent" is not referenced [-gnatwu]
gtk-cell_renderer-abstract_renderer.adb:1036:16: warning: use of an anonymous access type allocator [-gnatw_a]

   compilation of glib-spawn_alt-asynchronous.adb failed

gprbuild: *** compilation phase failed
stderr: Command ["gprbuild", "-s", "-j0", "-p", "-P", "/home/runner/work/alire-crates-ci/alire-crates-ci/test/15502bad-2754-401a-91fe-89844a179eb1/aicwl_3.24.1_73939c9e/sources/aicwl.gpr", "-cargs:Ada", "-gnatwn"] exited with code 4
ERROR: Command ["gprbuild", "-s", "-j0", "-p", "-P", "/home/runner/work/alire-crates-ci/alire-crates-ci/test/15502bad-2754-401a-91fe-89844a179eb1/aicwl_3.24.1_73939c9e/sources/aicwl.gpr", "-cargs:Ada", "-gnatwn"] exited with code 4
stderr: ALIRE.CHECKED_ERROR
stderr: Command ["gprbuild", "-s", "-j0", "-p", "-P", "/home/runner/work/alire-crates-ci/alire-crates-ci/test/15502bad-2754-401a-91fe-89844a179eb1/aicwl_3.24.1_73939c9e/sources/aicwl.gpr", "-cargs:Ada", "-gnatwn"] exited with code 4
stderr: raised ALIRE.CHECKED_ERROR : alire-stored-error:1
[/home/runner/work/alire-crates-ci/alire-crates-ci/alire_install/bin/alr]
0xe75bc6 Alire.Raise_Checked_Error at alire.adb:284
0xac1a54 Alire.Os_Lib.Subprocess.Checked_Spawn at alire-os_lib-subprocess.adb:111
0xd40276 Alire.Spawn.Command at alire-spawn.adb:22
0xd412ee Alire.Spawn.Gprbuild at alire-spawn.adb:68
0xc748cb Alire.Roots.Build at alire-roots.adb:189
0xc7301a Alire.Roots.Build at alire-roots.adb:255
0xc9832b Alire.Roots.Traverse at alire-roots.adb:2143
0xcfee85 Alire.Solutions.Traverse.Visit at alire-solutions.adb:1472
0xcfdfcc Alire.Solutions.Traverse at alire-solutions.adb:1555
0xc9841e Alire.Roots.Traverse at alire-roots.adb:2147
0xc984dd Alire.Roots.Traverse at alire-roots.adb:2127
0xc7359b Alire.Roots.Build at alire-roots.adb:286
0xc736d7 Alire.Roots.Build at alire-roots.adb:114
0x49aa0d Alr.Commands.Build.Execute at alr-commands-build.adb:145
0x49a36d Alr.Commands.Build.Execute at alr-commands-build.adb:113
0x49a51f Alr.Commands.Build.Execute at alr-commands-build.adb:54
0x53bbcc Alr.Commands.Sub_Cmd.Execute at clic-subcommand-instance.adb:749
0x5472be Alr.Commands.Execute at alr-commands.adb:632
0x43d48a Alr.Main at alr-main.adb:13
0x4403a3 Main at b__alr-main.adb:2445
[/lib/x86_64-linux-gnu/libc.so.6]
0x7fcea842a1c8
0x7fcea842a289
[/home/runner/work/alire-crates-ci/alire-crates-ci/alire_install/bin/alr]
0x43d323 _start at ???
0xfffffffffffffffe

stderr: ALIRE.ROOTS.BUILD._WRAPPED_STATEMENTS.BUILD_FAILED
stderr: alire-roots.adb:202
stderr: raised ALIRE.ROOTS.BUILD._WRAPPED_STATEMENTS.BUILD_FAILED : alire-roots.adb:202
[/home/runner/work/alire-crates-ci/alire-crates-ci/alire_install/bin/alr]
0xc74cc7 Alire.Roots.Build at alire-roots.adb:202
0xc7301a Alire.Roots.Build at alire-roots.adb:255
0xc9832b Alire.Roots.Traverse at alire-roots.adb:2143
0xcfee85 Alire.Solutions.Traverse.Visit at alire-solutions.adb:1472
0xcfdfcc Alire.Solutions.Traverse at alire-solutions.adb:1555
0xc9841e Alire.Roots.Traverse at alire-roots.adb:2147
0xc984dd Alire.Roots.Traverse at alire-roots.adb:2127
0xc7359b Alire.Roots.Build at alire-roots.adb:286
0xc736d7 Alire.Roots.Build at alire-roots.adb:114
0x49aa0d Alr.Commands.Build.Execute at alr-commands-build.adb:145
0x49a36d Alr.Commands.Build.Execute at alr-commands-build.adb:113
0x49a51f Alr.Commands.Build.Execute at alr-commands-build.adb:54
0x53bbcc Alr.Commands.Sub_Cmd.Execute at clic-subcommand-instance.adb:749
0x5472be Alr.Commands.Execute at alr-commands.adb:632
0x43d48a Alr.Main at alr-main.adb:13
0x4403a3 Main at b__alr-main.adb:2445
[/lib/x86_64-linux-gnu/libc.so.6]
0x7fcea842a1c8
0x7fcea842a289
[/home/runner/work/alire-crates-ci/alire-crates-ci/alire_install/bin/alr]
0x43d323 _start at ???
0xfffffffffffffffe

ERROR: Compilation failed.
