Test ran at 2026-08-11 12:31:33.152916+00:00

SOLUTION:
admpfr=4.2.0: Ada bindings for MPFR
Origin: commit 4e18fa8db9e15ce2c36ccec10b4e60aa12710229 from https://github.com/thvnx/admpfr.git
Available when: (case OS is Linux => True, Macos => True, Windows => True, others => False)
Properties:
   Author: Laurent Thévenoux
   Description: Ada bindings for MPFR
   License: GPL-3.0-only
   Maintainer: Laurent Thévenoux <laurent@thevenoux.net>
   Maintainers_Logins: thvnx
   Name: admpfr
   Tag: mpfr
   Tag: floating-point
   Tag: bindings
   Version: 4.2.0
   Website: https://github.com/thvnx/admpfr
Dependencies (direct):
   gnat>=12 & <2000
   libmpfr^4.2.0
Dependencies (solution):
   gnat=15.1.2 (gnat_native)
   libmpfr=4.2.2
Dependencies (graph):
   admpfr=4.2.0 --> gnat=15.1.2 (gnat_native) (>=12 & <2000)
   admpfr=4.2.0 --> libmpfr=4.2.2 (^4.2.0)


LOG:
[alr test] Testing admpfr=4.2.0
[alr test] Spawning retrieval for remote crate: alr -d -n get admpfr=4.2.0
Note: Deploying admpfr=4.2.0...
Note: Deploying libmpfr=4.2.2...
The system package 'mingw-w64-x86_64-mpfr' is about to be installed.
This action might require admin privileges and impact your system installation.
Do you want Alire to install this system package?
Using default: Yes
resolving dependencies...
looking for conflicting packages...

Packages (5) mingw-w64-x86_64-gcc-libs-15.1.0-7  mingw-w64-x86_64-gmp-6.3.0-2  mingw-w64-x86_64-libwinpthread-13.0.0.r72.g7010671fa-1  mingw-w64-x86_64-tzdata-2025b-2  mingw-w64-x86_64-mpfr-4.2.2-1

Total Download Size:    2.36 MiB
Total Installed Size:  10.05 MiB

:: Proceed with installation? [Y/n] 
:: Retrieving packages...
 mingw-w64-x86_64-gcc-libs-15.1.0-7-any downloading...
 mingw-w64-x86_64-gmp-6.3.0-2-any downloading...
 mingw-w64-x86_64-mpfr-4.2.2-1-any downloading...
 mingw-w64-x86_64-tzdata-2025b-2-any downloading...
 mingw-w64-x86_64-libwinpthread-13.0.0.r72.g7010671fa-1-any downloading...
checking keyring...
checking package integrity...
loading package files...
checking for file conflicts...
checking available disk space...
:: Processing package changes...
installing mingw-w64-x86_64-libwinpthread...
installing mingw-w64-x86_64-tzdata...
installing mingw-w64-x86_64-gcc-libs...
installing mingw-w64-x86_64-gmp...
installing mingw-w64-x86_64-mpfr...

admpfr=4.2.0 successfully retrieved.
Dependencies were solved as follows:

   +b gnat    15.1.2 (new,gnat_native,binary)
   +b libmpfr 4.2.2  (new,system package)
[alr test] Spawning default test for remote crate: alr -d -n build --release -- -cargs:Ada -gnatwn
Note: Building admpfr=4.2.0/admpfr.gpr...
Setup
   [mkdir]        object directory for project Admpfr
   [mkdir]        library directory for project Admpfr
Compile
   [C]            admpfr_stubs.c
   [Ada]          admpfr.adb
   [Ada]          admpfr-custom_bindings.ads
   [Ada]          admpfr-bindings.ads
Build Libraries
   [gprlib]       admpfr.lexch
   [archive]      libadmpfr.a
   [index]        libadmpfr.a
Success: Build finished successfully in 2.21 seconds.
Found declared GPR file: admpfr.gpr
[alr test] Test completed SUCCESSFULLY
