Test ran at 2026-01-09 01:06:28.142118+00:00

SOLUTION:
gnatcoll_lzma=26.0.0: GNAT Components Collection - lzma binding
Origin: source archive v26.0.0.zip at https://github.com/AdaCore/gnatcoll-bindings/archive/refs/tags/v26.0.0.zip with hash sha512:dacec6f3f87c5ba7b197db9d3df4f7547019583d0c440c9cd572a458a736e1a59c165df6148848fd574bef16cf69a7fb19b66f46d963addfc343c3ff10bf649b
Properties:
   Author: AdaCore
   Configuration: no modifiers
   Description: GNAT Components Collection - lzma binding
   License: GPL-3.0-or-later WITH GCC-exception-3.1
   Maintainer: chouteau@adacore.com
   Maintainer: sagaert@adacore.com
   Maintainers_Logins: Fabien-Chouteau
   Maintainers_Logins: AldanTanneo
   Name: gnatcoll_lzma
   Project_File: lzma/gnatcoll_lzma.gpr
   Tag: gnatcoll
   Tag: bindings
   Tag: lzma
   Tag: compression
   Tag: 7z
   Tag: 7zip
   Version: 26.0.0
   Website: https://github.com/adacore/gnatcoll-bindings
Dependencies (direct):
   gnatcoll_minimal~26.0.0
   liblzma*
Dependencies (solution):
   gnat=14.2.1 (gnat_native)
   gnatcoll_minimal=26.0.0
Dependencies (missing):
   liblzma* (direct,hinted)
Dependencies (graph):
   gnatcoll_lzma=26.0.0    --> gnatcoll_minimal=26.0.0 (~26.0.0)
   gnatcoll_lzma=26.0.0    --> liblzma*
   gnatcoll_minimal=26.0.0 --> gnat=14.2.1 (gnat_native) (>=14)
Dependencies cannot be met


LOG:
