Test ran at 2026-05-08 01:16:19.847730+00:00

SOLUTION:
optional=0.2.0: Optional values a la java.lang.Optional
Origin: commit 3b6d741c320608579419db9871fe3fd02356d9b6 from https://github.com/mosteo/optional.git
Properties:
   Author: Alejandro R. Mosteo
   Description: Optional values a la java.lang.Optional
   License: LGPL-3.0-only
   Maintainer: Alejandro R. Mosteo <alejandro@mosteo.com>
   Maintainers_Logins: mosteo
   Name: optional
   Tag: optional
   Tag: functional
   Version: 0.2.0
   Website: https://github.com/mosteo/optional/


LOG:
[alr test] Testing optional=0.2.0
[alr test] Spawning retrieval for remote crate: alr -d -n get optional=0.2.0
Note: Deploying optional=0.2.0...

optional=0.2.0 successfully retrieved.
There are no dependencies.
[alr test] Spawning default test for remote crate: alr -d -n build --release -- -cargs:Ada -gnatwn
Note: Building optional=0.2.0/optional.gpr...
Setup
   [mkdir]        object directory for project Optional
   [mkdir]        library directory for project Optional
Compile
   [Ada]          optional.ads
   [Ada]          optional-values.adb
   [Ada]          optional-strings.ads
Build Libraries
   [gprlib]       optional.lexch
   [archive]      liboptional.a
   [index]        liboptional.a
Success: Build finished successfully in 1.84 seconds.
Found declared GPR file: optional.gpr
[alr test] Test completed SUCCESSFULLY
