Test ran at 2026-05-17 12:41:18.941784+00:00

SOLUTION:
adacl_regexp=7.1.0: AdaCL: Regex and SPITBOL Patterns with Wide Character Support
Origin: source archive adacl_regexp-7.1.0.tgz at https://sourceforge.net/projects/adacl/files/Alire/adacl_regexp-7.1.0.tgz with hashes sha256:666d1d77d3c60d9de789c0e185fc14e2ed1d0637dfac8d3733d9baeb86cfe871, sha512:ed7e1d537edf6013a37126ae7973f2f6d483c73733362f8e49fe02af945864f55590d6439c2ca8435b809da0ecc613eaccd95e49e6a53fbe364bb8523965c993
Properties:
   Author: Martin Krischik <krischik@users.sourceforge.net>
   Build Switches: 
   Description: AdaCL: Regex and SPITBOL Patterns with Wide Character Support
   License: GPL-3.0-or-later
   Long_Description: Regular expression and SPITBOL pattern matching for Ada 2022, with wide character support.

Features:
- Regular Expressions:
  - Generic implementation for any discrete element array
  - Instantiations for String, Wide_String, and Wide_Wide_String
- SPITBOL Patterns:
  - Pattern construction and matching, inspired by Macro-SPITBOL (Robert Dewar)
  - Supports String, Wide_String, and Wide_Wide_String
- Forked from GNAT.Regexp and GNAT.Spitbol with enhanced wide and wide-wide character support

Licensed under GPL-3.0-or-later. Integrates with the Ada Class Library (AdaCL).

Source: [SourceForge](https://sourceforge.net/p/adacl/git/ci/master/tree/adacl_regexp/src/)
Documentation: [GNATdoc](https://adacl.sourceforge.net/gnatdoc/adacl_regexp/index.html)

   Maintainer: Martin Krischik <krischik@users.sourceforge.net>
   Maintainers_Logins: krischik
   Name: adacl_regexp
   Tag: library
   Tag: strings
   Tag: wide-strings
   Tag: search
   Tag: regexp
   Tag: unicode
   Tag: ada2022
   Version: 7.1.0
   Website: https://sourceforge.net/projects/adacl/
Dependencies (direct):
   adacl^7.0.0
Dependencies (solution):
   adacl=7.1.0
Dependencies (graph):
   adacl_regexp=7.1.0 --> adacl=7.1.0 (^7.0.0)


LOG:
[alr test] Testing adacl_regexp=7.1.0
[alr test] Spawning retrieval for remote crate: alr -d -n get adacl_regexp=7.1.0
Note: Deploying adacl_regexp=7.1.0...
#=#=#                                                                          

######################################################################## 100.0%
######################################################################## 100.0%
######################################################################## 100.0%##O#-#                                                                         

######################################################################## 100.0%##=O#- #                                                                       
# #=O#- #                                                                      
 #-#O=#   #                                                                    

####                                                                       5.9%
############################################################              83.6%
######################################################################## 100.0%
Note: Deploying adacl=7.1.0...

######################################################################## 100.0%
######################################################################## 100.0%
######################################################################## 100.0%
######################################################################## 100.0%#=#=#                                                                          

######################################################################## 100.0%

adacl_regexp=7.1.0 successfully retrieved.
Dependencies were solved as follows:

   + adacl 7.1.0 (new)
[alr test] Spawning default test for remote crate: alr -d -n build --release -- -cargs:Ada -gnatwn
Note: Building adacl_regexp=7.1.0/adacl_regexp.gpr...
Setup
   [mkdir]        object directory for project AdaCL
   [mkdir]        library directory for project AdaCL
   [mkdir]        object directory for project AdaCL_RegExp
   [mkdir]        library directory for project AdaCL_RegExp
Compile
   [Ada]          adacl_config.ads
   [Ada]          adacl-os-low_level.ads
   [Ada]          adacl-os-to_wide_wide_string.adb
   [Ada]          adacl-os-to_utf_string.adb
   [Ada]          adacl-pointer-shared_with_delete.adb
   [Ada]          adacl-wide_strings-hex.adb
   [Ada]          adacl-strings-vectors.ads
   [Ada]          adacl-strings-hex.adb
   [Ada]          adacl-strings.adb
   [Ada]          adacl-wide_strings.adb
   [Ada]          adacl-pointer-element.adb
   [Ada]          adacl-strings-io.adb
   [Ada]          adacl-wide_strings-vectors.ads
   [Ada]          adacl-command_line-getopt.adb
   [Ada]          adacl-wide_strings-io.adb
   [Ada]          adacl-wide_wide_strings-vectors.ads
   [Ada]          adacl-os.ads
   [Ada]          adacl-pointer-unique_with_delete.adb
   [Ada]          adacl-wide_wide_strings.adb
   [Ada]          adacl-wide_wide_strings-hex.adb
   [Ada]          adacl-pointer-shared.ads
   [Ada]          adacl-pointer-holder.adb
   [Ada]          adacl.ads
   [Ada]          adacl-base.ads
   [Ada]          adacl-calendar.adb
   [Ada]          adacl-pointer-unique.ads
   [Ada]          adacl-wide_strings-bin.adb
   [Ada]          adacl-strings-bin.adb
   [Ada]          adacl-queue.adb
   [Ada]          adacl-wide_wide_strings-bin.adb
   [Ada]          adacl-command_line.ads
   [Ada]          adacl-limited_base.ads
   [Ada]          adacl-wide_wide_strings-io.adb
   [Ada]          adacl-trace.adb
   [Ada]          adacl-pointer.ads
   [Ada]          adacl_regexp_config.ads
   [Ada]          adacl-wide_wide_strings-regexp.ads
   [Ada]          adacl-strings-spitbol.adb
   [Ada]          adacl-wide_wide_strings-spitbol-table_integer.ads
   [Ada]          adacl-generic_strings-regexp.adb
   [Ada]          adacl-wide_wide_strings-spitbol.adb
   [Ada]          adacl-generic_strings-hash.adb
   [Ada]          adacl-wide_strings-spitbol-table_boolean.ads
   [Ada]          adacl-strings-spitbol-table_integer.ads
   [Ada]          adacl-wide_strings-spitbol-table_integer.ads
   [Ada]          adacl-wide_strings-spitbol-table_vstring.ads
   [Ada]          adacl-wide_strings-regexp.ads
   [Ada]          adacl-strings-spitbol-table_boolean.ads
   [Ada]          adacl-wide_wide_strings-spitbol-table_boolean.ads
   [Ada]          adacl-strings-regexp.ads
   [Ada]          adacl-wide_wide_strings-spitbol-table_vstring.ads
   [Ada]          adacl-strings-spitbol-patterns.adb
   [Ada]          adacl-wide_strings-spitbol-patterns.adb
   [Ada]          adacl-generic_strings.ads
   [Ada]          adacl-wide_wide_strings-spitbol-patterns.adb
   [Ada]          adacl-strings-spitbol-table_vstring.ads
   [Ada]          adacl-wide_strings-spitbol.adb
Build Libraries
   [gprlib]       AdaCL.lexch
   [gprlib]       AdaCL_RegExp.lexch
   [archive]      libAdaCL.a
   [index]        libAdaCL.a
   [archive]      libAdaCL_RegExp.a
   [index]        libAdaCL_RegExp.a
Success: Build finished successfully in 27.45 seconds.
Found declared GPR file: adacl_regexp.gpr
[alr test] Test completed SUCCESSFULLY
