Test ran at 2025-10-15 01:12:32.602423+00:00

SOLUTION:
gnatcoll_lzma=25.0.0: GNAT Components Collection - lzma binding
Origin: source archive gnatcoll-bindings-25.0.0.zip at https://github.com/adacore/gnatcoll-bindings/archive/v25.0.0/gnatcoll-bindings-25.0.0.zip with hash sha512:0848cc59092c9ef66645f113762beb049554fa58371e062a90a2a432e6a1d6d08c8f3f162b1de1033d77fb62c0f85257fe96abb8129feef67967f6eb6b52f1ce
Properties:
   Author: AdaCore
   Configuration: no modifiers
   Description: GNAT Components Collection - lzma binding
   GPR Scenario: GNATCOLL_BUILD_MODE := DEBUG | PROD
   GPR Scenario: LIBRARY_TYPE := static | relocatable | static-pic
   License: GPL-3.0-or-later WITH GCC-exception-3.1
   Maintainer: chouteau@adacore.com
   Maintainers_Logins: Fabien-Chouteau
   Name: gnatcoll_lzma
   Project_File: lzma/gnatcoll_lzma.gpr
   Tag: gnatcoll
   Tag: bindings
   Tag: lzma
   Tag: compression
   Tag: 7z
   Tag: 7zip
   Version: 25.0.0
   Website: https://github.com/adacore/gnatcoll-bindings
Dependencies (direct):
   gnatcoll~25.0.0
   liblzma*
Dependencies (solution):
   gnat=14.2.0 (gnat_external)
   gnatcoll=25.0.0
   libgpr=25.0.0
   liblzma=5.8.1
   xmlada=25.0.0
Dependencies (graph):
   gnatcoll=25.0.0      --> gnat=14.2.0 (gnat_external) (>=13)
   gnatcoll=25.0.0      --> libgpr=25.0.0 (~25.0.0)
   gnatcoll_lzma=25.0.0 --> gnatcoll=25.0.0 (~25.0.0)
   gnatcoll_lzma=25.0.0 --> liblzma=5.8.1 (*)
   libgpr=25.0.0        --> gnat=14.2.0 (gnat_external) (/=2020)
   libgpr=25.0.0        --> xmlada=25.0.0 (~25.0.0)
   xmlada=25.0.0        --> gnat=14.2.0 (gnat_external) (>=11)


LOG:
[alr test] Testing gnatcoll_lzma=25.0.0
[alr test] Spawning retrieval for remote crate: alr -d -n get gnatcoll_lzma=25.0.0
Note: Deploying gnatcoll_lzma=25.0.0...

#=#=#                                                                          
##O#-#                                                                         
Note: Deploying liblzma=5.8.1...
The system package 'liblzma-dev' is about to be installed.
This action might require admin privileges and impact your system installation.
Do you want Alire to install this system package?
Using default: Yes
debconf: unable to initialize frontend: Dialog
debconf: (Dialog frontend will not work on a dumb terminal, an emacs shell buffer, or without a controlling terminal.)
debconf: falling back to frontend: Readline
debconf: unable to initialize frontend: Readline
debconf: (This frontend requires a controlling tty.)
debconf: falling back to frontend: Teletype
debconf: unable to initialize frontend: Teletype
debconf: (This frontend requires a controlling tty.)
debconf: falling back to frontend: Noninteractive
Selecting previously unselected package liblzma-dev:amd64.
(Reading database ... 
(Reading database ... 5%
(Reading database ... 10%
(Reading database ... 15%
(Reading database ... 20%
(Reading database ... 25%
(Reading database ... 30%
(Reading database ... 35%
(Reading database ... 40%
(Reading database ... 45%
(Reading database ... 50%
(Reading database ... 55%
(Reading database ... 60%
(Reading database ... 65%
(Reading database ... 70%
(Reading database ... 75%
(Reading database ... 80%
(Reading database ... 85%
(Reading database ... 90%
(Reading database ... 95%
(Reading database ... 100%
(Reading database ... 25914 files and directories currently installed.)
Preparing to unpack .../liblzma-dev_5.8.1-1_amd64.deb ...
Unpacking liblzma-dev:amd64 (5.8.1-1) ...
Setting up liblzma-dev:amd64 (5.8.1-1) ...
Note: Deploying xmlada=25.0.0...

#=#=#                                                                          
##O#-#                                                                         
##=O#- #                                                                       
Note: Deploying libgpr=25.0.0...

#=#=#                                                                          
                                                                           1.1%
######################################################################## 100.0%
Note: Deploying gnatcoll=25.0.0...

#=#=#                                                                          
##O#-#                                                                         
##=O#- #                                                                       
# #=O#- #                                                                      
 # #=O#-  #                                                                    
  # #=O=#   #                                                                  
   # #=O=#   #                                                                 

gnatcoll_lzma=25.0.0 successfully retrieved.
Dependencies were solved as follows:

   +b gnat     14.2.0 (new,gnat_external,indirect,executable in path)
   +  gnatcoll 25.0.0 (new)
   +  libgpr   25.0.0 (new,indirect)
   +b liblzma  5.8.1  (new,system package)
   +  xmlada   25.0.0 (new,indirect)
[alr test] Spawning default test for remote crate: alr -d -n build --release -- -cargs:Ada -gnatwn
Note: Alire has selected automatically this toolchain:
   gprbuild=25.0.1
   gnat_native=15.2.1
You can select a different toolchain at any time with `alr toolchain --select`
Download will start now:
Note: Deploying gprbuild=25.0.1...

#=#=#                                                                          
##                                                                         2.9%
#############                                                             18.1%
##########################                                                37.3%
#######################################                                   55.1%
######################################################                    75.9%
#################################################################         91.2%
###################################################################       94.2%
######################################################################    98.4%
######################################################################## 100.0%
Note: gprbuild=25.0.1 installed successfully.
Note: Deploying gnat_native=15.2.1...

#=#=#                                                                          
#                                                                          2.5%
####                                                                       5.7%
#######                                                                   10.8%
###########                                                               15.8%
###############                                                           22.1%
###################                                                       27.5%
######################                                                    31.5%
##########################                                                36.3%
#############################                                             41.3%
################################                                          44.7%
#################################                                         45.9%
##################################                                        48.3%
####################################                                      51.2%
#######################################                                   54.3%
#########################################                                 57.5%
###########################################                               61.1%
#############################################                             63.6%
##############################################                            65.3%
###############################################                           65.9%
##################################################                        70.1%
######################################################                    75.3%
########################################################                  78.8%
#########################################################                 80.0%
##########################################################                81.2%
##############################################################            86.2%
################################################################          89.3%
###################################################################       93.5%
######################################################################    97.4%
#######################################################################   99.5%
######################################################################## 100.0%
Note: gnat_native=15.2.1 installed successfully.
Note: Running post-fetch actions for xmlada=25.0.0...
checking build system type... x86_64-pc-linux-gnu
checking host system type... x86_64-pc-linux-gnu
checking target system type... x86_64-pc-linux-gnu
checking whether gnat can build shared libs... yes
checking for a BSD-compatible install... /usr/bin/install -c
checking whether ln -s works... yes
configure: creating ./config.status
config.status: creating xmlada_shared.gpr
config.status: creating Makefile
config.status: creating tests/dom/default.gpr
Note: Building gnatcoll_lzma=25.0.0/lzma/gnatcoll_lzma.gpr...
Setup
   [mkdir]        object directory for project GNATCOLL_Minimal
   [mkdir]        library directory for project GNATCOLL_Minimal
   [mkdir]        object directory for project GNATCOLL_Core
   [mkdir]        library directory for project GNATCOLL_Core
   [mkdir]        object directory for project GnatColl_LZMA
   [mkdir]        library directory for project GnatColl_LZMA
Compile
   [C]            getRSS.c
   [C]            gnatcoll_support.c
   [Ada]          gnatcoll.ads
   [Ada]          gnatcoll-storage_pools.ads
   [Ada]          gnatcoll-promises.adb
   [Ada]          gnatcoll-refcount-weakref.adb
   [Ada]          gnatcoll-storage_pools-alignment.adb
   [Ada]          gnatcoll-memory.adb
   [Ada]          gnatcoll-refcount.adb
   [Ada]          gnatcoll-damerau_levenshtein_generic.adb
   [Ada]          gnatcoll-coders-streams.adb
gnatcoll-refcount.ads:90:04: warning: in instantiation at gnatcoll-storage_pools-headers.adb:57 [enabled by default]
gnatcoll-refcount.ads:90:04: warning: possible aliasing problem for type "Header_Access" [enabled by default]
gnatcoll-refcount.ads:90:04: warning: use -fno-strict-aliasing switch for references [enabled by default]
gnatcoll-refcount.ads:90:04: warning: or use "pragma No_Strict_Aliasing (Header_Access);" [enabled by default]
   [Ada]          gnatcoll-coders.adb
   [Ada]          gnatcoll-locks.adb
   [Ada]          gnatcoll-any_types.adb
   [Ada]          gnatcoll-coders-base64.adb
   [Ada]          gnatcoll-storage_pools-headers.adb
   [Ada]          gnatcoll-damerau_levenshtein_distance.ads
   [Ada]          gnatcoll-boyer_moore.adb
   [Ada]          gnatcoll-atomic.adb
   [Ada]          gnatcoll-asserts.adb
   [Ada]          gnatcoll-tribooleans.adb
   [C]            process-wrappers.c
   [C]            libc-wrappers.c
   [C]            xxhash.c
   [C]            blake3_dispatch.c
   [C]            blake3.c
   [C]            blake3_portable.c
   [C]            set_std_prefix.c
   [C]            separate_run_path_option.c
   [C]            update_path.c
   [C]            gnatcoll_support.c
   [C]            terminals.c
   [C]            run_path_option.c
   [C]            executable_path.c
   [C]            objlist_file.c
   [C]            link_max.c
   [Ada]          gnatcoll-os-libc-spawn.ads
   [Ada]          gnatcoll-os-libc.ads
   [Ada]          gnatcoll-os-libc-dirent.ads
   [Ada]          gnatcoll-os-libc-stat.ads
   [Ada]          gnatcoll-os-libc-utime.ads
   [Ada]          gnatcoll-hash-blake3.adb
   [Ada]          gnatcoll-hash.ads
   [Ada]          gnatcoll-paragraph_filling-badnesses.adb
   [Ada]          gnatcoll-paragraph_filling-words.adb
   [Ada]          gnatcoll-paragraph_filling.adb
   [Ada]          gnatcoll-os-process.adb
   [Ada]          gnatcoll-os.ads
   [Ada]          gnatcoll-os-fs.adb
   [Ada]          gnatcoll-os-dir.adb
   [Ada]          gnatcoll-os-fsutil.adb
   [Ada]          gnatcoll-os-stat.adb
   [Ada]          gnatcoll-io-remote-windows.adb
   [Ada]          gnatcoll-strings_impl.adb
   [Ada]          gnatcoll-string_builders.adb
   [Ada]          gnatcoll-format_columns_vertical.ads
   [Ada]          gnatcoll-file_paths.adb
   [Ada]          gnatcoll-email-utils.adb
   [Ada]          gnatcoll-random.adb
   [Ada]          gnatcoll-symbols.adb
   [Ada]          gnatcoll-pools.adb
   [Ada]          gnatcoll-strings.ads
   [Ada]          gnatcoll-wstring_list_builders.adb
   [Ada]          gnatcoll-io-native.adb
   [Ada]          gnatcoll-remote.ads
   [Ada]          gnatcoll-wstring_builders.adb
   [Ada]          gnatcoll-io.adb
   [Ada]          gnatcoll-traces.adb
   [Ada]          gnatcoll-buffer.adb
   [Ada]          gnatcoll-formatters.adb
   [Ada]          gnatcoll-vfs_types.ads
   [Ada]          gnatcoll-mmap.adb
   [Ada]          gnatcoll-email-mailboxes.adb
   [Ada]          gnatcoll-vfs_utils.adb
   [Ada]          gnatcoll-email-parser.adb
   [Ada]          gnatcoll-io-remote-unix.adb
   [Ada]          gnatcoll-terminal.adb
   [Ada]          gnatcoll-io-remote.adb
   [Ada]          gnatcoll-scripts.adb
   [Ada]          gnatcoll-scripts-impl.adb
   [Ada]          gnatcoll-file_indexes.adb
   [Ada]          gnatcoll-email.adb
   [Ada]          gnatcoll-templates.adb
   [Ada]          gnatcoll-json-utility.adb
   [Ada]          gnatcoll-path.adb
   [Ada]          gnatcoll-remote-db.adb
   [Ada]          gnatcoll-directed_graph.adb
   [Ada]          gnatcoll-scripts-utils.adb
   [Ada]          gnatcoll-arg_lists.adb
   [Ada]          gnatcoll-vfs.adb
   [Ada]          gnatcoll-json.adb
   [Ada]          gnatcoll-utils.adb
   [Ada]          gnatcoll-string_list_builders.adb
   [Ada]          gnatcoll-config.adb
   [Ada]          gnatcoll-opt_parse.adb
   [Ada]          gnatcoll-hash-xxhash__generic.adb
   [Ada]          gnatcoll-mmap-system__unix.adb
   [Ada]          gnatcoll-plugins__unix.adb
   [Ada]          gnatcoll-os-process_types__unix.adb
   [Ada]          gnatcoll-os-random__unix.adb
   [Ada]          gnatcoll-os-constants__unix.ads
   [Ada]          gnatcoll-os-dir_types__unix.ads
   [Ada]          gnatcoll-os-libc_constants__linux.ads
   [Ada]          gnatcoll-coders-lzma.adb
   [Ada]          gnatcoll-coders-lzma-thin.ads
Build Libraries
   [gprlib]       gnatcoll_minimal.lexch
   [gprlib]       gnatcoll_core.lexch
   [archive]      libgnatcoll_minimal.a
   [index]        libgnatcoll_minimal.a
   [gprlib]       gnatcoll_lzma.lexch
   [archive]      libgnatcoll_core.a
   [index]        libgnatcoll_core.a
   [archive]      libgnatcoll_lzma.a
   [index]        libgnatcoll_lzma.a
Success: Build finished successfully in 28.02 seconds.
Found declared GPR file: lzma/gnatcoll_lzma.gpr
[alr test] Test completed SUCCESSFULLY
