Test ran at 2025-08-26 00:50:27.883421+00:00

SOLUTION:
cbsg=0.0.1: Corporate Bullshit Generator library
Origin: commit afef1379f890ad1a367526779b469d7cd5e35874 from https://github.com/FredPraca/cbsg.git
Properties:
   Author: Gautier de Montmollin
   Description: Corporate Bullshit Generator library
   License: Apache-2.0
   Maintainer: Frédéric Praca <frederic.praca@free.fr>
   Maintainers_Logins: FredPraca
   Name: cbsg
   Tag: text
   Tag: console
   Version: 0.0.1
   Website: http://cbsg.sf.net/


LOG:
[alr test] Testing cbsg=0.0.1
[alr test] Spawning retrieval for remote crate: alr -d -n get cbsg=0.0.1
Note: Deploying cbsg=0.0.1...

cbsg=0.0.1 successfully retrieved.
There are no dependencies.
[alr test] Spawning default test for remote crate: alr -d -n build --release -- -cargs:Ada -gnatwn
Note: Building cbsg=0.0.1/cbsg.gpr...
Setup
   [mkdir]        object directory for project Cbsg
   [mkdir]        library directory for project Cbsg
Compile
   [Ada]          corporate_bullshit.adb
   [Ada]          delirium.adb
Build Libraries
   [gprlib]       Cbsg.lexch
   [archive]      libCbsg.a
   [index]        libCbsg.a
Success: Build finished successfully in 1.65 seconds.
Found declared GPR file: cbsg.gpr
[alr test] Test completed SUCCESSFULLY
