Test ran at 2026-08-21 00:56:44.835276+00:00

SOLUTION:
wordle=0.1.1: Wordle for the terminal
Origin: commit e2a960d82bce0914d3ed7ac5e4b0a6cd13d41b21 from https://github.com/mosteo/wordle_ada.git
Properties:
   Author: Alejandro R. Mosteo
   Description: Wordle for the terminal
   Executable: wordle
   License: MIT
   Maintainer: Alejandro R. Mosteo <alejandro@mosteo.com>
   Maintainers_Logins: mosteo
   Name: wordle
   Tag: wordle
   Tag: console
   Tag: terminal
   Tag: game
   Version: 0.1.1
Dependencies (direct):
   aaa~0.2.6
   ansiada^1.0.0
   wordlelib~0.1.0
   wordlist~0.1.2
Dependencies (solution):
   aaa=0.2.6
   ada_toml=0.3.0
   ansiada=1.1.0
   gnat=11.2.4 (gnat_native)
   resources=0.1.0
   wordlelib=0.1.0
   wordlist=0.1.3
Dependencies (graph):
   wordle=0.1.1    --> aaa=0.2.6 (~0.2.6)
   wordle=0.1.1    --> ansiada=1.1.0 (^1.0.0)
   wordle=0.1.1    --> wordlelib=0.1.0 (~0.1.0)
   wordle=0.1.1    --> wordlist=0.1.3 (~0.1.2)
   wordlelib=0.1.0 --> aaa=0.2.6 (~0.2.5)
   wordlist=0.1.3  --> aaa=0.2.6 (~0.2.5)
   wordlist=0.1.3  --> ada_toml=0.3.0 (~0.3.0)
   wordlist=0.1.3  --> gnat=11.2.4 (gnat_native) (>=11 & <2000)
   wordlist=0.1.3  --> resources=0.1.0 (~0.1.0)


LOG:
[alr test] Testing wordle=0.1.1
[alr test] Spawning retrieval for remote crate: alr -d -n get wordle=0.1.1
Note: Deploying wordle=0.1.1...
Note: Deploying aaa=0.2.6...
Note: Deploying ada_toml=0.3.0...

#=#=#                                                                          
##O#-#                                                                         
Note: Deploying ansiada=1.1.0...
Note: Deploying resources=0.1.0...
Note: Deploying wordlelib=0.1.0...
Note: Deploying wordlist=0.1.3...

wordle=0.1.1 successfully retrieved.
Dependencies were solved as follows:

   +  aaa       0.2.6  (new)
   +  ada_toml  0.3.0  (new,indirect)
   +  ansiada   1.1.0  (new)
   +b gnat      11.2.4 (new,gnat_native,indirect,binary)
   +  resources 0.1.0  (new,indirect)
   +  wordlelib 0.1.0  (new)
   +  wordlist  0.1.3  (new)
[alr test] Spawning default test for remote crate: alr -d -n build --release -- -cargs:Ada -gnatwn
Note: Building wordle=0.1.1/wordle.gpr...
"C:\Users\runneradmin\AppData\Local\alire\cache\builds\ada_toml_0.3.0_862d230b\a1fac06583dd04675c0b537880feb8d270c0f9f426e2eb1006df755cc69fd997\obj\static\prod" created
"C:\Users\runneradmin\AppData\Local\alire\cache\builds\ada_toml_0.3.0_862d230b\a1fac06583dd04675c0b537880feb8d270c0f9f426e2eb1006df755cc69fd997\lib\static\prod" created
"C:\Users\runneradmin\AppData\Local\alire\cache\builds\aaa_0.2.6_dfd6339b\280cbc6222ad4939c0f812cfc95f67ff75b9f76f2119ad92b013e2ae8d5e8e05\obj\release" created
"C:\Users\runneradmin\AppData\Local\alire\cache\builds\aaa_0.2.6_dfd6339b\280cbc6222ad4939c0f812cfc95f67ff75b9f76f2119ad92b013e2ae8d5e8e05\lib" created
"C:\Users\runneradmin\AppData\Local\alire\cache\builds\ansiada_1.1.0_405f110b\c84018a987174e788b137a54e081319fc37223337a05f8a408859183bb997afd\obj\release" created
"C:\Users\runneradmin\AppData\Local\alire\cache\builds\ansiada_1.1.0_405f110b\c84018a987174e788b137a54e081319fc37223337a05f8a408859183bb997afd\lib" created
"C:\Users\runneradmin\AppData\Local\alire\cache\builds\resources_0.1.0_a418da62\96c29b6ac9aac430cfb15e8bce837e1e956267ff9c919a649910761f4522eef9\obj" created
"C:\Users\runneradmin\AppData\Local\alire\cache\builds\resources_0.1.0_a418da62\96c29b6ac9aac430cfb15e8bce837e1e956267ff9c919a649910761f4522eef9\lib" created
"C:\Users\runneradmin\AppData\Local\alire\cache\builds\wordlelib_0.1.0_5f907b3b\fbb1737190ee8eb96840f1980e59f12977e829d32545eedb0ae46a31d54becb5\obj\release" created
"C:\Users\runneradmin\AppData\Local\alire\cache\builds\wordlelib_0.1.0_5f907b3b\fbb1737190ee8eb96840f1980e59f12977e829d32545eedb0ae46a31d54becb5\lib" created
"C:\Users\runneradmin\AppData\Local\alire\cache\builds\wordlist_0.1.3_fad16afc\6bd5357d791a3c2e90d51fd67b69fcee98b921567a18cff214d6ad2e16b68289\obj\release" created
"C:\Users\runneradmin\AppData\Local\alire\cache\builds\wordlist_0.1.3_fad16afc\6bd5357d791a3c2e90d51fd67b69fcee98b921567a18cff214d6ad2e16b68289\lib" created
"obj\release" created
"bin" created
[Ada Compile]     aaa-ansi.adb
[Ada Compile]     aaa-caches-files.adb
[Ada Compile]     aaa-caches.ads
[Ada Compile]     aaa-containers-indefinite_holders.adb
[Ada Compile]     aaa-containers.ads
[Ada Compile]     aaa-debug.adb
[Ada Compile]     aaa-directories.ads
[Ada Compile]     aaa-enum_tools.adb
[Ada Compile]     aaa-filesystem.adb
[Ada Compile]     aaa-processes.adb
[Ada Compile]     aaa-strings.adb
[Ada Compile]     aaa-table_io.adb
[Ada Compile]     aaa-tests.ads
[Ada Compile]     aaa-text_io.adb
[Ada Compile]     aaa-traits-containers.ads
[Ada Compile]     aaa-traits-types.ads
[Ada Compile]     aaa-traits.ads
[Ada Compile]     aaa.ads
[Ada Compile]     aaa_config.ads
[Ada Compile]     toml-file_io.adb
[Ada Compile]     toml-generic_dump.adb
[Ada Compile]     toml-generic_parse.adb
[Ada Compile]     toml.adb
[Ada Compile]     ansiada.ads
[Ada Compile]     ansiada_config.ads
[Archive]         libAnsiada.a
[Ada Compile]     resources.adb
[C Compile]       whereami.c
[Ada Compile]     wordlelib.adb
[Ada Compile]     wordlelib_config.ads
[Archive]         libWordlelib.a
[Ada Compile]     wordlist.adb
[Archive]         libResources.a
[Ada Compile]     wordlist_config.ads
[Ada Compile]     wordle.adb
[Archive]         libWordlist.a
[Archive]         libaaa.a
[Archive]         libada_toml.a
[Ada Bind]        wordle
[Ada Post-Bind]   b__wordle.adb
[Link]            wordle.exe
Success: Build finished successfully in 14.60 seconds.
Found declared GPR file: wordle.gpr
[alr test] Test completed SUCCESSFULLY
