Test ran at 2025-09-10 12:31:52.696292+00:00

SOLUTION:
gnat_arm_elf=15.2.1: The GNAT Ada compiler - ARM cross-compiler
Provides: gnat=15.2.1
Origin: (case OS is Linux => (case Host_Arch is Aarch64 => binary archive gnat-arm-elf-linux64-aarch64-15.2.0-1.tar.gz at https://github.com/alire-project/GNAT-FSF-builds/releases/download/gnat-15.2.0-1/gnat-arm-elf-linux64-aarch64-15.2.0-1.tar.gz, X86_64 => binary archive gnat-arm-elf-linux64-x86_64-15.2.0-1.tar.gz at https://github.com/alire-project/GNAT-FSF-builds/releases/download/gnat-15.2.0-1/gnat-arm-elf-linux64-x86_64-15.2.0-1.tar.gz), Macos => (case Host_Arch is X86_64 => binary archive gnat-arm-elf-darwin-x86_64-15.2.0-1.tar.gz at https://github.com/alire-project/GNAT-FSF-builds/releases/download/gnat-15.2.0-1/gnat-arm-elf-darwin-x86_64-15.2.0-1.tar.gz), Windows => (case Host_Arch is X86_64 => binary archive gnat-arm-elf-windows64-x86_64-15.2.0-1.tar.gz at https://github.com/alire-project/GNAT-FSF-builds/releases/download/gnat-15.2.0-1/gnat-arm-elf-windows64-x86_64-15.2.0-1.tar.gz)) with hash sha256:a5e9cfb14ffa1ad48af2ed86b47a2e756925b2dd57aed55aba78d34431a45404
Properties:
   Auto_Gpr_With: auto-gpr-with=false
   Configuration: no modifiers
   Description: The GNAT Ada compiler - ARM cross-compiler
   Environment: PATH=${CRATE_ROOT}/bin:${PATH}
   License: GPL-3.0-or-later AND GPL-3.0-or-later WITH GCC-exception-3.1
   Maintainer: chouteau@adacore.com
   Maintainer: sagaert@adacore.com
   Maintainers_Logins: Fabien-Chouteau
   Maintainers_Logins: AldanTanneo
   Name: gnat_arm_elf
   Version: 15.2.1
   Website: https://github.com/alire-project/GNAT-FSF-builds


LOG:
[alr test] Testing gnat_arm_elf=15.2.1
[alr test] Spawning retrieval for remote crate: alr -d -n get gnat_arm_elf=15.2.1
Note: Deploying gnat_arm_elf=15.2.1...
#=#=#                                                                          
##O#-#                                                                         

                                                                           0.0%
                                                                           0.8%
                                                                           0.8%
#                                                                          2.1%
##                                                                         3.7%
###                                                                        5.0%
###                                                                        5.0%
####                                                                       6.2%
#####                                                                      7.8%
######                                                                     8.6%
#######                                                                   10.2%
#######                                                                   10.4%
#######                                                                   10.6%
########                                                                  11.5%
########                                                                  12.4%
##########                                                                14.1%
##########                                                                15.3%
###########                                                               15.3%
###########                                                               16.1%
############                                                              17.4%
############                                                              17.4%
#############                                                             18.6%
##############                                                            20.3%
###############                                                           21.5%
################                                                          22.7%
#################                                                         24.4%
##################                                                        25.6%
###################                                                       26.8%
####################                                                      28.5%
#####################                                                     29.5%
######################                                                    31.0%
#######################                                                   32.6%
########################                                                  33.6%
#########################                                                 35.1%
##########################                                                36.7%
##########################                                                37.4%
###########################                                               38.0%
###########################                                               38.8%
############################                                              40.0%
#############################                                             41.3%
##############################                                            43.0%
###############################                                           44.0%
################################                                          45.4%
#################################                                         47.1%
##################################                                        48.1%
###################################                                       49.5%
####################################                                      50.8%
#####################################                                     52.2%
######################################                                    53.7%
#######################################                                   55.3%
########################################                                  56.3%
#########################################                                 57.8%
##########################################                                58.6%
##########################################                                58.6%
###########################################                               59.8%
############################################                              61.5%
############################################                              62.5%
##############################################                            64.0%
###############################################                           65.6%
################################################                          66.9%
#################################################                         68.1%
##################################################                        69.6%
##################################################                        70.2%
###################################################                       71.8%
####################################################                      72.8%
#####################################################                     74.0%
#####################################################                     75.0%
######################################################                    76.4%
#######################################################                   76.6%
#######################################################                   77.4%
########################################################                  78.4%
#########################################################                 80.1%
##########################################################                81.0%
###########################################################               82.6%
############################################################              84.2%
#############################################################             85.5%
##############################################################            86.7%
###############################################################           88.4%
################################################################          89.4%
#################################################################         90.8%
##################################################################        92.5%
###################################################################       93.7%
####################################################################      95.0%
#####################################################################     96.6%
######################################################################    97.8%
#######################################################################   99.1%
#######################################################################   99.1%
#######################################################################   99.3%
######################################################################## 100.0%

gnat_arm_elf=15.2.1 successfully retrieved.
There are no dependencies.
[alr test] Test completed SUCCESSFULLY
