Test ran at 2026-08-10 13:04:54.496489+00:00

SOLUTION:
ansiada=1.1.0: ANSI escape sequences
Origin: commit 405f110b571d0a9abba465aa6b933d2a7a7634bf from https://github.com/mosteo/ansi-ada.git
Properties:
   Author: Alejandro R. Mosteo
   Description: ANSI escape sequences
   License: MIT
   Maintainer: Alejandro R. Mosteo <alejandro@mosteo.com>
   Maintainers_Logins: mosteo
   Name: ansiada
   Tag: ansi
   Tag: terminal
   Tag: escape
   Version: 1.1.0


LOG:
[alr test] Testing ansiada=1.1.0
[alr test] Spawning retrieval for remote crate: alr -d -n get ansiada=1.1.0
Note: Deploying ansiada=1.1.0...

ansiada=1.1.0 successfully retrieved.
There are no dependencies.
[alr test] Spawning default test for remote crate: alr -d -n build --release -- -cargs:Ada -gnatwn
Note: Building ansiada=1.1.0/ansiada.gpr...
Setup
   [mkdir]        object directory for project Ansiada
   [mkdir]        library directory for project Ansiada
Compile
   [Ada]          ansiada_config.ads
   [Ada]          ansiada.ads
Build Libraries
   [gprlib]       Ansiada.lexch
   [archive]      libAnsiada.a
   [index]        libAnsiada.a
Success: Build finished successfully in 1.83 seconds.
Found declared GPR file: ansiada.gpr
[alr test] Test completed SUCCESSFULLY
