Test ran at 2026-09-02 12:49:09.623245+00:00

SOLUTION:
msg_pack=0.1.0: Ada implementation of MessagePack serialization
Origin: commit 30c5bb53c36ffdcfb4bc3a849b6b847788965147 from https://github.com/mlorek/msgpack.git
Properties:
   Test run: alr build (from ${CRATE_ROOT}/.)
   Test run: alr exec -- gprbuild -p -P tests/tests.gpr (from ${CRATE_ROOT}/.)
   Test run: ./tests/bin/test_main (from ${CRATE_ROOT}/.)
   Author: mlorek
   Description: Ada implementation of MessagePack serialization
   License: MIT
   Maintainer: MLorek <michal.lorek@gmail.com>
   Maintainers_Logins: mlorek
   Name: msg_pack
   Tag: serialization
   Tag: msgpack
   Tag: messagepack
   Tag: msg-pack
   Version: 0.1.0
   Website: https://github.com/mlorek/msgpack


LOG:
Note: Building msg_pack=0.1.0/msg_pack.gpr...
Setup
   [mkdir]        object directory for project Msg_Pack
   [mkdir]        library directory for project Msg_Pack
Compile
   [Ada]          msg_pack_config.ads
   [Ada]          msg_pack-unpacker.adb
   [Ada]          msg_pack.adb
   [Ada]          msg_pack-packer.adb
Build Libraries
   [gprlib]       Msg_Pack.lexch
   [archive]      libMsg_Pack.a
   [index]        libMsg_Pack.a
Success: Build finished successfully in 0.93 seconds.
Setup
   [mkdir]        object directory for project Tests
   [mkdir]        exec directory for project Tests
Compile
   [Ada]          test_main.adb
   [Ada]          sample_types.adb
Bind
   [gprbind]      test_main.bexch
   [Ada]          test_main.ali
Link
   [link]         test_main.adb
booleans and nil:
  ok  nil byte
  ok  true byte
  ok  false byte
  ok  unpacked true
  ok  unpacked false
integers:
  ok  small int-33
  ok  small int-32
  ok  small int-31
  ok  small int-30
  ok  small int-29
  ok  small int-28
  ok  small int-27
  ok  small int-26
  ok  small int-25
  ok  small int-24
  ok  small int-23
  ok  small int-22
  ok  small int-21
  ok  small int-20
  ok  small int-19
  ok  small int-18
  ok  small int-17
  ok  small int-16
  ok  small int-15
  ok  small int-14
  ok  small int-13
  ok  small int-12
  ok  small int-11
  ok  small int-10
  ok  small int-9
  ok  small int-8
  ok  small int-7
  ok  small int-6
  ok  small int-5
  ok  small int-4
  ok  small int-3
  ok  small int-2
  ok  small int-1
  ok  small int 0
  ok  small int 1
  ok  small int 2
  ok  small int 3
  ok  small int 4
  ok  small int 5
  ok  small int 6
  ok  small int 7
  ok  small int 8
  ok  small int 9
  ok  small int 10
  ok  small int 11
  ok  small int 12
  ok  small int 13
  ok  small int 14
  ok  small int 15
  ok  small int 16
  ok  small int 17
  ok  small int 18
  ok  small int 19
  ok  small int 20
  ok  small int 21
  ok  small int 22
  ok  small int 23
  ok  small int 24
  ok  small int 25
  ok  small int 26
  ok  small int 27
  ok  small int 28
  ok  small int 29
  ok  small int 30
  ok  small int 31
  ok  small int 32
  ok  small int 33
  ok  small int 34
  ok  small int 35
  ok  small int 36
  ok  small int 37
  ok  small int 38
  ok  small int 39
  ok  small int 40
  ok  small int 41
  ok  small int 42
  ok  small int 43
  ok  small int 44
  ok  small int 45
  ok  small int 46
  ok  small int 47
  ok  small int 48
  ok  small int 49
  ok  small int 50
  ok  small int 51
  ok  small int 52
  ok  small int 53
  ok  small int 54
  ok  small int 55
  ok  small int 56
  ok  small int 57
  ok  small int 58
  ok  small int 59
  ok  small int 60
  ok  small int 61
  ok  small int 62
  ok  small int 63
  ok  small int 64
  ok  small int 65
  ok  small int 66
  ok  small int 67
  ok  small int 68
  ok  small int 69
  ok  small int 70
  ok  small int 71
  ok  small int 72
  ok  small int 73
  ok  small int 74
  ok  small int 75
  ok  small int 76
  ok  small int 77
  ok  small int 78
  ok  small int 79
  ok  small int 80
  ok  small int 81
  ok  small int 82
  ok  small int 83
  ok  small int 84
  ok  small int 85
  ok  small int 86
  ok  small int 87
  ok  small int 88
  ok  small int 89
  ok  small int 90
  ok  small int 91
  ok  small int 92
  ok  small int 93
  ok  small int 94
  ok  small int 95
  ok  small int 96
  ok  small int 97
  ok  small int 98
  ok  small int 99
  ok  small int 100
  ok  small int 101
  ok  small int 102
  ok  small int 103
  ok  small int 104
  ok  small int 105
  ok  small int 106
  ok  small int 107
  ok  small int 108
  ok  small int 109
  ok  small int 110
  ok  small int 111
  ok  small int 112
  ok  small int 113
  ok  small int 114
  ok  small int 115
  ok  small int 116
  ok  small int 117
  ok  small int 118
  ok  small int 119
  ok  small int 120
  ok  small int 121
  ok  small int 122
  ok  small int 123
  ok  small int 124
  ok  small int 125
  ok  small int 126
  ok  small int 127
  ok  wide int-1
  ok  wide int 0
  ok  wide int 1
  ok  wide int 127
  ok  wide int 128
  ok  wide int 255
  ok  wide int 256
  ok  wide int 65535
  ok  wide int 65536
  ok  wide int-32
  ok  wide int-33
  ok  wide int-128
  ok  wide int-129
  ok  wide int-32768
  ok  wide int-32769
  ok  wide int 4294967295
  ok  wide int 4294967296
  ok  wide int-9223372036854775808
  ok  wide int 9223372036854775807
floats:
  ok  float32 round-trip
  ok  float64 round-trip
string and binary:
  ok  fixstr round-trip
  ok  str8 round-trip
  ok  bin8 round-trip
extensions:
  ok  fixext1
  ok  fixext2
  ok  fixext4
  ok  fixext8
  ok  fixext16
  ok  ext8 (odd len)
  ok  ext8 (empty)
  ok  ext8
  ok  ext16
  ok  fixext4 header byte
  ok  fixext4 type byte
  ok  ext8 header byte
  ok  ext8 length byte
  ok  ext8 type byte (-1 sign-encoded)
  ok  Peek_Kind on extension
array and map:
  ok  array header length
  ok  array elem 0
  ok  array elem 1
  ok  array elem 2
  ok  map header length
  ok  map key
  ok  map value
sample classes:
  ok  Point round-trip
  ok  Person round-trip
  ok  Empty Person round-trip
  ok  Array of Points header
  ok  Array of Points elem 0
  ok  Array of Points elem 1

All tests passed.
[alr test] Test completed SUCCESSFULLY
