Test ran at 2026-06-28 12:45:52.162356+00:00

SOLUTION:
adacl_embedded=7.1.2: Ada Embedded Library
Origin: source archive adacl_embedded-7.1.2.tgz at https://sourceforge.net/projects/adacl/files/Alire/adacl_embedded-7.1.2.tgz with hashes sha256:fe91db4f952655498fd733d3f4132d55f33e5286a296c1e9b9a62d03afa98d6c, sha512:a0fc7fe07d29e8e26d2a16f8664297d1359be2ea4a0ba6d9dd9944162dea1f6b220263133707a52e305a0c7026f4824ac5c6167a96e70946249f7412fdc16279
Properties:
   Author: Martin Krischik <krischik@users.sourceforge.net>
   Build Switches: 
   Config type: Event_Log_Buffer_Length : Integer range 1 .. 1024 default: '200'
   Config type: Event_Log_Buffer_Size : Integer range 0 .. 1024 default: '0'
   Config type: Variant : Enum (tasking, no_tasking) default: 'no_tasking'
   Configuration: no modifiers
   Description: Ada Embedded Library
   License: GPL-3.0-or-later
   Long_Description: ## AdaCL Embedded - Lightweight Embedded Ada Library

AdaCL-Embedded focuses on embedded and real-time programming on the Raspberry Pi and similar platforms.

It favours predictability, minimal runtime overhead, and static data structures. Object-oriented programming, unbounded
strings, and wide strings are avoided or kept to an absolute minimum.

### Current Features

* **AdaCL.Embedded.Trace** - Interrupt-safe, lightweight tracing facility using a ring buffer.
* **AdaCL.Embedded.Text_IO** - Extended Ada.Text_IO.

### Configuration Options

* `Variant`
  * `no_tasking`  - for the lightest runtimes (no protected objects). Also works well with interrupt-driven runtimes.
  * `tasking`	  - for runtimes with tasking support.
* `Event_Log_Buffer_Length` - maximum length of each trace line (default: 200, min: 1, max: 1024)
* `Event_Log_Buffer_Size`   - number of entries in the ring buffer (default: 0, max: 1024, min: 0 (buffer disabled))

A text length of 200 is the standart minimum used in the Ada Standart (i.E. `Ada.Text_IO.Get_Line`, exception messages,
etc.pp).

Memory needed is approximately `(Event_Log_Buffer_Length + 4) * Event_Log_Buffer_Size` bytes, plus some overhead for the
buffer management. For example: 1024 buffer size with 200 line lenght is about the maximum size that can be used with
the static memory of Raspberry Pi Pico. The buffer size can be set to 0 to disable the trace buffer and the related code
completely.

Source: [SourceForge](https://sourceforge.net/p/adacl/git/ci/master/tree/adacl-embedded/src/)
Documentation: [GNATdoc](https://adacl-embedded.sourceforge.net/gnatdoc/adael/index.html)

   Maintainer: Martin Krischik <krischik@users.sourceforge.net>
   Maintainers_Logins: krischik
   Name: adacl_embedded
   Tag: library
   Tag: embedded
   Tag: trace
   Tag: logging
   Tag: raspberry-pi
   Tag: ada2022
   Version: 7.1.2
   Website: https://sourceforge.net/projects/adacl/


LOG:
[alr test] Testing adacl_embedded=7.1.2
[alr test] Spawning retrieval for remote crate: alr -d -n get adacl_embedded=7.1.2
Note: Deploying adacl_embedded=7.1.2...

#=#=#                                                                          
######################################################################## 100.0%
######################################################################## 100.0%
######################################################################## 100.0%
######################################################################## 100.0%
######################################################################## 100.0%

adacl_embedded=7.1.2 successfully retrieved.
There are no dependencies.
[alr test] Spawning default test for remote crate: alr -d -n build --release -- -cargs:Ada -gnatwn
Note: Building adacl_embedded=7.1.2/adacl_embedded.gpr...
Setup
   [mkdir]        object directory for project AdaCL_Embedded
   [mkdir]        library directory for project AdaCL_Embedded
Compile
   [Ada]          adacl_embedded_config.ads
   [Ada]          adacl-trace.adb
   [Ada]          adacl.ads
   [Ada]          adacl-text_io.adb
gnat1: invalid switch: -gnat2022
gnat1: invalid switch: -gnat2022
gnat1: invalid switch: -gnat2022
gnat1: invalid switch: -gnat2022

   compilation of adacl-text_io.adb failed
   compilation of adacl.ads failed
   compilation of adacl-trace.adb failed
   compilation of adacl_embedded_config.ads failed

gprbuild: *** compilation phase failed
stderr: Command ["gprbuild", "-s", "-j0", "-p", "-P", "D:\a\alire-crates-ci\alire-crates-ci\test\d03a56f0-b308-4ca0-9d73-cf05b86846b3\adacl_embedded_7.1.2_fe91db4f\adacl_embedded.gpr", "-cargs:Ada", "-gnatwn"] exited with code 4
ERROR: Command ["gprbuild", "-s", "-j0", "-p", "-P", "D:\a\alire-crates-ci\alire-crates-ci\test\d03a56f0-b308-4ca0-9d73-cf05b86846b3\adacl_embedded_7.1.2_fe91db4f\adacl_embedded.gpr", "-cargs:Ada", "-gnatwn"] exited with code 4
stderr: ALIRE.CHECKED_ERROR
stderr: Command ["gprbuild", "-s", "-j0", "-p", "-P", "D:\a\alire-crates-ci\alire-crates-ci\test\d03a56f0-b308-4ca0-9d73-cf05b86846b3\adacl_embedded_7.1.2_fe91db4f\adacl_embedded.gpr", "-cargs:Ada", "-gnatwn"] exited with code 4
stderr: raised ALIRE.CHECKED_ERROR : alire-stored-error:1
[D:\a\alire-crates-ci\alire-crates-ci\alire_install\bin\alr.exe]
0x7ff6f96ada2a Semantic_Versioning.Basic.Restrictions.First_Index at alire.adb:284
0x7ff6f92a595b Semantic_Versioning.Basic.Restrictions.First_Index at alire-os_lib-subprocess.adb:111
0x7ff6f955cba1 Semantic_Versioning.Basic.Restrictions.First_Index at alire-spawn.adb:22
0x7ff6f955dd5d Semantic_Versioning.Basic.Restrictions.First_Index at alire-spawn.adb:68
0x7ff6f9482d64 Semantic_Versioning.Basic.Restrictions.First_Index at alire-roots.adb:189
0x7ff6f94811da Semantic_Versioning.Basic.Restrictions.First_Index at alire-roots.adb:255
0x7ff6f94a912d Semantic_Versioning.Basic.Restrictions.First_Index at alire-roots.adb:2143
0x7ff6f95182f9 Semantic_Versioning.Basic.Restrictions.First_Index at alire-solutions.adb:1472
0x7ff6f9517424 Semantic_Versioning.Basic.Restrictions.First_Index at alire-solutions.adb:1555
0x7ff6f94a922c Semantic_Versioning.Basic.Restrictions.First_Index at alire-roots.adb:2147
0x7ff6f94a92fa Semantic_Versioning.Basic.Restrictions.First_Index at alire-roots.adb:2127
0x7ff6f94817a7 Semantic_Versioning.Basic.Restrictions.First_Index at alire-roots.adb:286
0x7ff6f9481912 Semantic_Versioning.Basic.Restrictions.First_Index at alire-roots.adb:114
0x7ff6f8bf3baa Semantic_Versioning.Basic.Restrictions.First_Index at alr-commands-build.adb:145
0x7ff6f8bf341e Semantic_Versioning.Basic.Restrictions.First_Index at alr-commands-build.adb:113
0x7ff6f8bf35ba Semantic_Versioning.Basic.Restrictions.First_Index at alr-commands-build.adb:54
0x7ff6f8ca5dea Semantic_Versioning.Basic.Restrictions.First_Index at clic-subcommand-instance.adb:749
0x7ff6f8cb2b0e Semantic_Versioning.Basic.Restrictions.First_Index at alr-commands.adb:632
0x7ff6f8b816a0 Alr.Main at alr-main.adb:13
0x7ff6f8b85270 Main at b__alr-main.adb:2454
0x7ff6f8b8133e __tmainCRTStartup at ???
0x7ff6f8b81144 mainCRTStartup at ???
[C:\Windows\System32\KERNEL32.DLL]
0x7ffc113de8d5
[C:\Windows\SYSTEM32\ntdll.dll]
0x7ffc12cec53a

stderr: ALIRE.ROOTS.BUILD._WRAPPED_STATEMENTS.BUILD_FAILED
stderr: alire-roots.adb:202
stderr: raised ALIRE.ROOTS.BUILD._WRAPPED_STATEMENTS.BUILD_FAILED : alire-roots.adb:202
[D:\a\alire-crates-ci\alire-crates-ci\alire_install\bin\alr.exe]
0x7ff6f948313c Semantic_Versioning.Basic.Restrictions.First_Index at alire-roots.adb:202
0x7ff6f94811da Semantic_Versioning.Basic.Restrictions.First_Index at alire-roots.adb:255
0x7ff6f94a912d Semantic_Versioning.Basic.Restrictions.First_Index at alire-roots.adb:2143
0x7ff6f95182f9 Semantic_Versioning.Basic.Restrictions.First_Index at alire-solutions.adb:1472
0x7ff6f9517424 Semantic_Versioning.Basic.Restrictions.First_Index at alire-solutions.adb:1555
0x7ff6f94a922c Semantic_Versioning.Basic.Restrictions.First_Index at alire-roots.adb:2147
0x7ff6f94a92fa Semantic_Versioning.Basic.Restrictions.First_Index at alire-roots.adb:2127
0x7ff6f94817a7 Semantic_Versioning.Basic.Restrictions.First_Index at alire-roots.adb:286
0x7ff6f9481912 Semantic_Versioning.Basic.Restrictions.First_Index at alire-roots.adb:114
0x7ff6f8bf3baa Semantic_Versioning.Basic.Restrictions.First_Index at alr-commands-build.adb:145
0x7ff6f8bf341e Semantic_Versioning.Basic.Restrictions.First_Index at alr-commands-build.adb:113
0x7ff6f8bf35ba Semantic_Versioning.Basic.Restrictions.First_Index at alr-commands-build.adb:54
0x7ff6f8ca5dea Semantic_Versioning.Basic.Restrictions.First_Index at clic-subcommand-instance.adb:749
0x7ff6f8cb2b0e Semantic_Versioning.Basic.Restrictions.First_Index at alr-commands.adb:632
0x7ff6f8b816a0 Alr.Main at alr-main.adb:13
0x7ff6f8b85270 Main at b__alr-main.adb:2454
0x7ff6f8b8133e __tmainCRTStartup at ???
0x7ff6f8b81144 mainCRTStartup at ???
[C:\Windows\System32\KERNEL32.DLL]
0x7ffc113de8d5
[C:\Windows\SYSTEM32\ntdll.dll]
0x7ffc12cec53a

ERROR: Compilation failed.
