Test ran at 2026-10-06 13:11:29.902208+00:00

SOLUTION:
a0b_sensirion=0.1.0: A0B: Utilities for various Sensirion's sensors
Origin: commit 0f120a3a998db83e1966aa70efe0ce94b38318d9 from https://github.com/godunko/a0b-sensirion.git
Properties:
   Test run: alr build (from ${CRATE_ROOT}/selftest)
   Author: Vadim Godunko
   Configuration: no modifiers
   Description: A0B: Utilities for various Sensirion's sensors
   License: Apache-2.0 WITH LLVM-exception
   Long_Description: The a0b-sensirion crate provides essential low-level utilities for interfacing with Sensirion sensors, specifically focusing on the data integrity requirements of their communication protocols.
It offers specialized routines for CRC calculation and provides automated packet encoding and decoding logic that handles the insertion and deletion of CRC bytes.
By abstracting these boilerplate tasks, the crate ensures reliable data transmission and simplifies the implementation of drivers for any Sensirion hardware utilizing checksum-protected packets.

   Maintainer: Vadim Godunko <vgodunko@gmail.com>
   Maintainers_Logins: godunko
   Name: a0b_sensirion
   Tag: a0b
   Tag: embedded
   Tag: sensirion
   Tag: sensor
   Version: 0.1.0
   Website: https://github.com/godunko/a0b-sensirion
Dependencies (direct):
   a0b_base*
Dependencies (solution):
   a0b_base=0.5.0
Dependencies (graph):
   a0b_sensirion=0.1.0 --> a0b_base=0.5.0 (*)


LOG:
Note: Synchronizing workspace...
Dependencies automatically updated as follows:

   +  a0b_base      0.5.0 (new,indirect)
   +. a0b_sensirion 0.1.0 (new,path=..)

Note: Building a0b_sensirion_selftest=0.1.0-dev/a0b_sensirion_selftest.gpr...
"C:\Users\runneradmin\AppData\Local\alire\cache\builds\a0b_base_0.5.0_882bbc92\d4b9a665cd65e53512d7299f09faa80adc8cb0717486a18cc1c06b266dd5f534\.objs\x86_64-windows\none" created
"C:\Users\runneradmin\AppData\Local\alire\cache\builds\a0b_base_0.5.0_882bbc92\d4b9a665cd65e53512d7299f09faa80adc8cb0717486a18cc1c06b266dd5f534\.libs\x86_64-windows\none" created
"..\.objs\x86_64-windows\none" created
"..\.libs\x86_64-windows\none" created
".objs\x86_64-windows\none" created
"bin" created
[Ada Compile]     a0b-peripherals.ads
[Ada Compile]     a0b-types-arrays.ads
[Ada Compile]     a0b-types-big_endian.adb
[Ada Compile]     a0b-types-enumerable.ads
[Ada Compile]     a0b-types-gcc_builtins.ads
[Ada Compile]     a0b-types-svd.ads
a0b-types-big_endian.adb:10:22: warning: "Unsigned_64" is already use-visible through previous use_type_clause
[Ada Compile]     a0b-types.ads
[Ada Compile]     a0b.ads
[Ada Compile]     a0b-sensirion.adb
[Ada Compile]     selftest.adb
a0b-sensirion.adb:119:20: target_name is an Ada 2020 feature
a0b-sensirion.adb:125:20: target_name is an Ada 2020 feature
a0b-sensirion.adb:154:20: target_name is an Ada 2020 feature
a0b-sensirion.adb:160:20: target_name is an Ada 2020 feature
a0b-sensirion.adb:167:20: target_name is an Ada 2020 feature
a0b-sensirion.adb:177:20: target_name is an Ada 2020 feature
a0b-sensirion.adb:183:20: target_name is an Ada 2020 feature
a0b-sensirion.adb:190:20: target_name is an Ada 2020 feature
a0b_sensirion.gpr: error: [Ada Compile] a0b-sensirion.adb (a0b_sensirion.gpr) failed with status 1
selftest.adb:94:11: illegal character, replaced by "("
selftest.adb:96:34: illegal character, replaced by ")"
selftest.adb:99:11: illegal character, replaced by "("
selftest.adb:101:26: illegal character, replaced by ")"
selftest.adb:105:11: illegal character, replaced by "("
selftest.adb:108:11: illegal character, replaced by "("
selftest.adb:112:11: illegal character, replaced by "("
selftest.adb:115:11: illegal character, replaced by "("
selftest.adb:119:11: illegal character, replaced by "("
selftest.adb:122:11: illegal character, replaced by "("
selftest.adb:126:11: illegal character, replaced by "("
selftest.adb:129:11: illegal character, replaced by "("
selftest.adb:133:11: illegal character, replaced by "("
selftest.adb:136:11: illegal character, replaced by "("
selftest.adb:140:11: illegal character, replaced by "("
selftest.adb:143:11: illegal character, replaced by "("
selftest.adb:147:11: illegal character, replaced by "("
selftest.adb:150:11: illegal character, replaced by "("
selftest.adb:154:11: illegal character, replaced by "("
selftest.adb:157:11: illegal character, replaced by "("
selftest.adb:161:11: illegal character, replaced by "("
selftest.adb:164:11: illegal character, replaced by "("
selftest.adb:168:11: illegal character, replaced by "("
selftest.adb:171:11: illegal character, replaced by "("
selftest.adb:175:11: illegal character, replaced by "("
selftest.adb:178:11: illegal character, replaced by "("
selftest.adb:182:11: illegal character, replaced by "("
selftest.adb:185:11: illegal character, replaced by "("
selftest.adb:189:11: illegal character, replaced by "("
selftest.adb:191:34: illegal character, replaced by ")"
selftest.adb:194:11: illegal character, replaced by "("
selftest.adb:196:26: illegal character, replaced by ")"
selftest.adb:200:11: illegal character, replaced by "("
selftest.adb:203:11: illegal character, replaced by "("
selftest.adb:206:11: illegal character, replaced by "("
selftest.adb:209:11: illegal character, replaced by "("
selftest.adb:212:11: illegal character, replaced by "("
selftest.adb:215:11: illegal character, replaced by "("
selftest.adb:219:11: illegal character, replaced by "("
selftest.adb:222:11: illegal character, replaced by "("
selftest.adb:226:11: illegal character, replaced by "("
selftest.adb:229:11: illegal character, replaced by "("
a0b_sensirion_selftest.gpr: error: [Ada Compile] selftest.adb (a0b_sensirion_selftest.gpr) failed with status 1
ERROR: Command ["gprbuild", "-s", "-j0", "-p", "-P", "D:\a\alire-crates-ci\alire-crates-ci\test\68b75166-fc73-4360-b706-328dddeba729\a0b_sensirion_0.1.0_0f120a3a\selftest\a0b_sensirion_selftest.gpr"] exited with code 4
ERROR: Compilation failed.
[alr test] Test action exited with error code 1
