Test ran at 2026-03-08 13:25:11.625705+00:00

SOLUTION:
mage_hat=0.3.0: A hat that jumps around and behaves magically
Origin: commit 255dc3724001a82c1b8f619f971663a8b67e5def from https://gitlab.com/leogermond/mage_hat.git
Properties:
   Author: Léo Germond
   Description: A hat that jumps around and behaves magically
   Executable: mage_hat
   License: Apache-2.0
   Maintainer: Léo Germond <germond@adacore.com>
   Maintainers_Logins: leogermond
   Name: mage_hat
   Tag: game
   Tag: demo
   Tag: magic
   Version: 0.3.0
   Website: https://gitlab.com/leogermond/mage_hat
Dependencies (direct):
   mage~0.6.0
Dependencies (solution):
   libsdl2=2.32.64
   libsdl2_image=2.8.8
   libsdl2_mixer=2.8.1
   libsdl2_ttf=2.24.0
   mage=0.6.1
   make=4.4.1
   sdlada=2.5.20
Dependencies (graph):
   mage=0.6.1     --> sdlada=2.5.20 (^2.5.4-1)
   mage_hat=0.3.0 --> mage=0.6.1 (~0.6.0)
   sdlada=2.5.20  --> libsdl2=2.32.64 (^2.0.0)
   sdlada=2.5.20  --> libsdl2_image=2.8.8 (^2.0.0)
   sdlada=2.5.20  --> libsdl2_mixer=2.8.1 (^2.0.0)
   sdlada=2.5.20  --> libsdl2_ttf=2.24.0 (^2.0.0)
   sdlada=2.5.20  --> make=4.4.1 (*)


LOG:
[alr test] Testing mage_hat=0.3.0
[alr test] Spawning retrieval for remote crate: alr -d -n get mage_hat=0.3.0
Note: Deploying mage_hat=0.3.0...
Note: Deploying libsdl2=2.32.64...
The system package 'sdl2' is about to be installed.
This action might require admin privileges and impact your system installation.
Do you want Alire to install this system package?
Using default: Yes
resolving dependencies...
looking for conflicting packages...
warning: dependency cycle detected:
warning: mesa will be installed before its libglvnd dependency

Package (26)           New Version                  Net Change  Download Size

extra/default-cursors  3-1                            0.00 MiB       0.00 MiB
extra/libdrm           2.4.131-1                      1.28 MiB       0.35 MiB
core/libedit           20250104_3.1-1                 0.26 MiB       0.11 MiB
core/libgcc            15.2.1+r604+g0b99615a8aef-1    0.17 MiB       0.08 MiB
extra/libglvnd         1.7.0-3                        3.34 MiB       0.32 MiB
extra/libpciaccess     0.18.1-2                       0.06 MiB       0.02 MiB
core/libstdc++         15.2.1+r604+g0b99615a8aef-1    2.57 MiB       0.75 MiB
extra/libx11           1.8.13-1                       9.78 MiB       2.00 MiB
extra/libxau           1.0.12-1                       0.02 MiB       0.01 MiB
extra/libxcb           1.17.0-1                       3.87 MiB       0.97 MiB
extra/libxcursor       1.2.3-1                        0.07 MiB       0.03 MiB
extra/libxdmcp         1.1.5-1                        0.13 MiB       0.03 MiB
extra/libxext          1.3.7-1                        0.30 MiB       0.10 MiB
extra/libxfixes        6.0.2-1                        0.04 MiB       0.01 MiB
extra/libxrender       0.9.12-1                       0.09 MiB       0.03 MiB
extra/libxshmfence     1.3.3-1                        0.02 MiB       0.01 MiB
extra/libxxf86vm       1.1.7-1                        0.03 MiB       0.02 MiB
extra/llvm-libs        21.1.8-1                     150.01 MiB      38.45 MiB
extra/lm_sensors       1:3.6.2-1                      0.48 MiB       0.13 MiB
extra/mesa             1:26.0.1-1                    50.68 MiB      12.72 MiB
extra/sdl3             3.4.2-1                        6.75 MiB       1.61 MiB
extra/spirv-tools      1:1.4.341.0-2                  7.59 MiB       1.91 MiB
extra/wayland          1.24.0-1                       0.82 MiB       0.14 MiB
extra/xcb-proto        1.17.0-4                       1.03 MiB       0.13 MiB
extra/xorgproto        2025.1-1                       1.47 MiB       0.24 MiB
extra/sdl2-compat      2.32.64-1                      3.08 MiB       0.45 MiB

Total Download Size:    60.61 MiB
Total Installed Size:  243.93 MiB

:: Proceed with installation? [Y/n] 
:: Retrieving packages...
 llvm-libs-21.1.8-1-x86_64 downloading...
 mesa-1:26.0.1-1-x86_64 downloading...
 libx11-1.8.13-1-x86_64 downloading...
 spirv-tools-1:1.4.341.0-2-x86_64 downloading...
 sdl3-3.4.2-1-x86_64 downloading...
 libxcb-1.17.0-1-x86_64 downloading...
 libstdc++-15.2.1+r604+g0b99615a8aef-1-x86_64 downloading...
 sdl2-compat-2.32.64-1-x86_64 downloading...
 libdrm-2.4.131-1-x86_64 downloading...
 libglvnd-1.7.0-3-x86_64 downloading...
 xorgproto-2025.1-1-any downloading...
 wayland-1.24.0-1-x86_64 downloading...
 lm_sensors-1:3.6.2-1-x86_64 downloading...
 xcb-proto-1.17.0-4-any downloading...
 libedit-20250104_3.1-1-x86_64 downloading...
 libxext-1.3.7-1-x86_64 downloading...
 libgcc-15.2.1+r604+g0b99615a8aef-1-x86_64 downloading...
 libxcursor-1.2.3-1-x86_64 downloading...
 libxrender-0.9.12-1-x86_64 downloading...
 libxdmcp-1.1.5-1-x86_64 downloading...
 libpciaccess-0.18.1-2-x86_64 downloading...
 libxxf86vm-1.1.7-1-x86_64 downloading...
 libxfixes-6.0.2-1-x86_64 downloading...
 libxau-1.0.12-1-x86_64 downloading...
 libxshmfence-1.3.3-1-x86_64 downloading...
 default-cursors-3-1-any downloading...
checking keyring...
checking package integrity...
error: spirv-tools: signature from "Robin Candau <antiz@archlinux.org>" is unknown trust
:: File /var/cache/pacman/pkg/spirv-tools-1:1.4.341.0-2-x86_64.pkg.tar.zst is corrupted (invalid or corrupted package (PGP signature)).
Do you want to delete it? [Y/n] error: failed to commit transaction (invalid or corrupted package)

Errors occurred, no packages were upgraded.
stderr: Command ["pacman", "--needed", "--noconfirm", "-S", "sdl2"] exited with code 1
stderr: Generating Outcome_Failure with message: Command ["pacman", "--needed", "--noconfirm", "-S", "sdl2"] exited with code 1
stderr: Generating Outcome_Failure with call stack:
stderr: raised AAA.DEBUG.STACK_TRACE.DEBUG_EXCEPTION : aaa-debug.adb:44
[/usr/sbin/alr]
0xfcfcdb Aaa.Debug.Stack_Trace at aaa-debug.adb:44
0xe744f2 Alire.Outcome_Failure at alire.adb:226
0xe74c7f Alire.Outcome_Failure at alire.adb:223
0x824b63 Alire.Errors.Get at alire-errors.adb:106
0x824c24 Alire.Errors.Get at alire-errors.adb:104
0xa04e54 Alire.Origins.Deployers.System.Pacman.Install at alire-origins-deployers-system-pacman.adb:125
0xa10dc3 Alire.Origins.Deployers.System.Deploy at alire-origins-deployers-system.adb:37
0xa1909b Alire.Origins.Deployers.Deploy_Steps at alire-origins-deployers.adb:123
0xa1a528 Alire.Origins.Deployers.Deploy at alire-origins-deployers.adb:170
0xc4528a Alire.Releases.Deploy at alire-releases.adb:341
0xc7ea93 Alire.Roots.Deploy_Dependencies at alire-roots.adb:812
0xc9832b Alire.Roots.Traverse at alire-roots.adb:2143
0xcfee85 Alire.Solutions.Traverse.Visit at alire-solutions.adb:1472
0xcfdca2 Alire.Solutions.Traverse at alire-solutions.adb:1539
0xc9841e Alire.Roots.Traverse at alire-roots.adb:2147
0xc984dd Alire.Roots.Traverse at alire-roots.adb:2127
0xc7ed61 Alire.Roots.Deploy_Dependencies at alire-roots.adb:843
0xc7ef09 Alire.Roots.Deploy_Dependencies at alire-roots.adb:766
0x4aaec4 Alr.Commands.Get.Retrieve at alr-commands-get.adb:179
0x4ae94f Alr.Commands.Get.Execute at alr-commands-get.adb:380
0x4aeafd Alr.Commands.Get.Execute at alr-commands-get.adb:256
0x53bbcc Alr.Commands.Sub_Cmd.Execute at clic-subcommand-instance.adb:749
0x5472be Alr.Commands.Execute at alr-commands.adb:632
0x43d48a Alr.Main at alr-main.adb:13
0x4403a3 Main at b__alr-main.adb:2445
[/usr/bin/..//lib/libc.so.6]
0x7f13de913673
0x7f13de913727
[/usr/sbin/alr]
0x43d323 _start at ???
0xfffffffffffffffe

stderr: ALIRE.CHECKED_ERROR
stderr: Command ["pacman", "--needed", "--noconfirm", "-S", "sdl2"] exited with code 1
stderr: raised ALIRE.CHECKED_ERROR : alire-stored-error:2
[/usr/sbin/alr]
0xe72ea3 Alire.Assert at alire.adb:158
0xa190c3 Alire.Origins.Deployers.Deploy_Steps at alire-origins-deployers.adb:123
0xa1a528 Alire.Origins.Deployers.Deploy at alire-origins-deployers.adb:170
0xc4528a Alire.Releases.Deploy at alire-releases.adb:341
0xc7ea93 Alire.Roots.Deploy_Dependencies at alire-roots.adb:812
0xc9832b Alire.Roots.Traverse at alire-roots.adb:2143
0xcfee85 Alire.Solutions.Traverse.Visit at alire-solutions.adb:1472
0xcfdca2 Alire.Solutions.Traverse at alire-solutions.adb:1539
0xc9841e Alire.Roots.Traverse at alire-roots.adb:2147
0xc984dd Alire.Roots.Traverse at alire-roots.adb:2127
0xc7ed61 Alire.Roots.Deploy_Dependencies at alire-roots.adb:843
0xc7ef09 Alire.Roots.Deploy_Dependencies at alire-roots.adb:766
0x4aaec4 Alr.Commands.Get.Retrieve at alr-commands-get.adb:179
0x4ae94f Alr.Commands.Get.Execute at alr-commands-get.adb:380
0x4aeafd Alr.Commands.Get.Execute at alr-commands-get.adb:256
0x53bbcc Alr.Commands.Sub_Cmd.Execute at clic-subcommand-instance.adb:749
0x5472be Alr.Commands.Execute at alr-commands.adb:632
0x43d48a Alr.Main at alr-main.adb:13
0x4403a3 Main at b__alr-main.adb:2445
[/usr/bin/..//lib/libc.so.6]
0x7f13de913673
0x7f13de913727
[/usr/sbin/alr]
0x43d323 _start at ???
0xfffffffffffffffe

stderr: Generating Outcome_Failure with message: Deployment of system package from platform software manager: sdl2 from system packages failed
stderr: Generating Outcome_Failure with call stack:
stderr: raised AAA.DEBUG.STACK_TRACE.DEBUG_EXCEPTION : aaa-debug.adb:44
[/usr/sbin/alr]
0xfcfcdb Aaa.Debug.Stack_Trace at aaa-debug.adb:44
0xe744f2 Alire.Outcome_Failure at alire.adb:226
0xe74c7f Alire.Outcome_Failure at alire.adb:223
0xa19c66 Alire.Origins.Deployers.Deploy_Steps at alire-origins-deployers.adb:155
0xa1a528 Alire.Origins.Deployers.Deploy at alire-origins-deployers.adb:170
0xc4528a Alire.Releases.Deploy at alire-releases.adb:341
0xc7ea93 Alire.Roots.Deploy_Dependencies at alire-roots.adb:812
0xc9832b Alire.Roots.Traverse at alire-roots.adb:2143
0xcfee85 Alire.Solutions.Traverse.Visit at alire-solutions.adb:1472
0xcfdca2 Alire.Solutions.Traverse at alire-solutions.adb:1539
0xc9841e Alire.Roots.Traverse at alire-roots.adb:2147
0xc984dd Alire.Roots.Traverse at alire-roots.adb:2127
0xc7ed61 Alire.Roots.Deploy_Dependencies at alire-roots.adb:843
0xc7ef09 Alire.Roots.Deploy_Dependencies at alire-roots.adb:766
0x4aaec4 Alr.Commands.Get.Retrieve at alr-commands-get.adb:179
0x4ae94f Alr.Commands.Get.Execute at alr-commands-get.adb:380
0x4aeafd Alr.Commands.Get.Execute at alr-commands-get.adb:256
0x53bbcc Alr.Commands.Sub_Cmd.Execute at clic-subcommand-instance.adb:749
0x5472be Alr.Commands.Execute at alr-commands.adb:632
0x43d48a Alr.Main at alr-main.adb:13
0x4403a3 Main at b__alr-main.adb:2445
[/usr/bin/..//lib/libc.so.6]
0x7f13de913673
0x7f13de913727
[/usr/sbin/alr]
0x43d323 _start at ???
0xfffffffffffffffe

stderr: ALIRE.CHECKED_ERROR
stderr: Deployment of system package from platform software manager: sdl2 from system packages failed
stderr: raised ALIRE.CHECKED_ERROR : alire-stored-error:3
[/usr/sbin/alr]
0xe72ea3 Alire.Assert at alire.adb:158
0xc452b2 Alire.Releases.Deploy at alire-releases.adb:341
0xc7ea93 Alire.Roots.Deploy_Dependencies at alire-roots.adb:812
0xc9832b Alire.Roots.Traverse at alire-roots.adb:2143
0xcfee85 Alire.Solutions.Traverse.Visit at alire-solutions.adb:1472
0xcfdca2 Alire.Solutions.Traverse at alire-solutions.adb:1539
0xc9841e Alire.Roots.Traverse at alire-roots.adb:2147
0xc984dd Alire.Roots.Traverse at alire-roots.adb:2127
0xc7ed61 Alire.Roots.Deploy_Dependencies at alire-roots.adb:843
0xc7ef09 Alire.Roots.Deploy_Dependencies at alire-roots.adb:766
0x4aaec4 Alr.Commands.Get.Retrieve at alr-commands-get.adb:179
0x4ae94f Alr.Commands.Get.Execute at alr-commands-get.adb:380
0x4aeafd Alr.Commands.Get.Execute at alr-commands-get.adb:256
0x53bbcc Alr.Commands.Sub_Cmd.Execute at clic-subcommand-instance.adb:749
0x5472be Alr.Commands.Execute at alr-commands.adb:632
0x43d48a Alr.Main at alr-main.adb:13
0x4403a3 Main at b__alr-main.adb:2445
[/usr/bin/..//lib/libc.so.6]
0x7f13de913673
0x7f13de913727
[/usr/sbin/alr]
0x43d323 _start at ???
0xfffffffffffffffe

ERROR: Deployment of system package from platform software manager: sdl2 from system packages failed
[alr test] Spawning default test for remote crate: alr -d -n build --release -- -cargs:Ada -gnatwn
Note: Deploying libsdl2=2.32.64...
The system package 'sdl2' is about to be installed.
This action might require admin privileges and impact your system installation.
Do you want Alire to install this system package?
Using default: Yes
resolving dependencies...
looking for conflicting packages...
warning: dependency cycle detected:
warning: mesa will be installed before its libglvnd dependency

Package (26)           New Version                  Net Change  Download Size

extra/default-cursors  3-1                            0.00 MiB               
extra/libdrm           2.4.131-1                      1.28 MiB               
core/libedit           20250104_3.1-1                 0.26 MiB               
core/libgcc            15.2.1+r604+g0b99615a8aef-1    0.17 MiB               
extra/libglvnd         1.7.0-3                        3.34 MiB               
extra/libpciaccess     0.18.1-2                       0.06 MiB               
core/libstdc++         15.2.1+r604+g0b99615a8aef-1    2.57 MiB               
extra/libx11           1.8.13-1                       9.78 MiB               
extra/libxau           1.0.12-1                       0.02 MiB               
extra/libxcb           1.17.0-1                       3.87 MiB               
extra/libxcursor       1.2.3-1                        0.07 MiB               
extra/libxdmcp         1.1.5-1                        0.13 MiB               
extra/libxext          1.3.7-1                        0.30 MiB               
extra/libxfixes        6.0.2-1                        0.04 MiB               
extra/libxrender       0.9.12-1                       0.09 MiB               
extra/libxshmfence     1.3.3-1                        0.02 MiB               
extra/libxxf86vm       1.1.7-1                        0.03 MiB               
extra/llvm-libs        21.1.8-1                     150.01 MiB               
extra/lm_sensors       1:3.6.2-1                      0.48 MiB               
extra/mesa             1:26.0.1-1                    50.68 MiB               
extra/sdl3             3.4.2-1                        6.75 MiB               
extra/spirv-tools      1:1.4.341.0-2                  7.59 MiB       1.91 MiB
extra/wayland          1.24.0-1                       0.82 MiB               
extra/xcb-proto        1.17.0-4                       1.03 MiB               
extra/xorgproto        2025.1-1                       1.47 MiB               
extra/sdl2-compat      2.32.64-1                      3.08 MiB               

Total Download Size:     1.91 MiB
Total Installed Size:  243.93 MiB

:: Proceed with installation? [Y/n] 
:: Retrieving packages...
 spirv-tools-1:1.4.341.0-2-x86_64 downloading...
checking keyring...
checking package integrity...
error: spirv-tools: signature from "Robin Candau <antiz@archlinux.org>" is unknown trust
:: File /var/cache/pacman/pkg/spirv-tools-1:1.4.341.0-2-x86_64.pkg.tar.zst is corrupted (invalid or corrupted package (PGP signature)).
Do you want to delete it? [Y/n] error: failed to commit transaction (invalid or corrupted package)

Errors occurred, no packages were upgraded.
stderr: Command ["pacman", "--needed", "--noconfirm", "-S", "sdl2"] exited with code 1
stderr: Generating Outcome_Failure with message: Command ["pacman", "--needed", "--noconfirm", "-S", "sdl2"] exited with code 1
stderr: Generating Outcome_Failure with call stack:
stderr: raised AAA.DEBUG.STACK_TRACE.DEBUG_EXCEPTION : aaa-debug.adb:44
[/usr/sbin/alr]
0xfcfcdb Aaa.Debug.Stack_Trace at aaa-debug.adb:44
0xe744f2 Alire.Outcome_Failure at alire.adb:226
0xe74c7f Alire.Outcome_Failure at alire.adb:223
0x824b63 Alire.Errors.Get at alire-errors.adb:106
0x824c24 Alire.Errors.Get at alire-errors.adb:104
0xa04e54 Alire.Origins.Deployers.System.Pacman.Install at alire-origins-deployers-system-pacman.adb:125
0xa10dc3 Alire.Origins.Deployers.System.Deploy at alire-origins-deployers-system.adb:37
0xa1909b Alire.Origins.Deployers.Deploy_Steps at alire-origins-deployers.adb:123
0xa1a528 Alire.Origins.Deployers.Deploy at alire-origins-deployers.adb:170
0xc4528a Alire.Releases.Deploy at alire-releases.adb:341
0xc7ea93 Alire.Roots.Deploy_Dependencies at alire-roots.adb:812
0xc9832b Alire.Roots.Traverse at alire-roots.adb:2143
0xcfee85 Alire.Solutions.Traverse.Visit at alire-solutions.adb:1472
0xcfdca2 Alire.Solutions.Traverse at alire-solutions.adb:1539
0xc9841e Alire.Roots.Traverse at alire-roots.adb:2147
0xc984dd Alire.Roots.Traverse at alire-roots.adb:2127
0xc7ed61 Alire.Roots.Deploy_Dependencies at alire-roots.adb:843
0xc7ef09 Alire.Roots.Deploy_Dependencies at alire-roots.adb:766
0xc934f2 Alire.Roots.Sync_From_Manifest at alire-roots.adb:1836
0xc93715 Alire.Roots.Sync_From_Manifest at alire-roots.adb:1781
0x545499 Alr.Commands.Requires_Workspace at alr-commands.adb:413
0x49a20c Alr.Commands.Build.Execute at alr-commands-build.adb:87
0x49a51f Alr.Commands.Build.Execute at alr-commands-build.adb:54
0x53bbcc Alr.Commands.Sub_Cmd.Execute at clic-subcommand-instance.adb:749
0x5472be Alr.Commands.Execute at alr-commands.adb:632
0x43d48a Alr.Main at alr-main.adb:13
0x4403a3 Main at b__alr-main.adb:2445
[/usr/bin/..//lib/libc.so.6]
0x7f136bf04673
0x7f136bf04727
[/usr/sbin/alr]
0x43d323 _start at ???
0xfffffffffffffffe

stderr: ALIRE.CHECKED_ERROR
stderr: Command ["pacman", "--needed", "--noconfirm", "-S", "sdl2"] exited with code 1
stderr: raised ALIRE.CHECKED_ERROR : alire-stored-error:2
[/usr/sbin/alr]
0xe72ea3 Alire.Assert at alire.adb:158
0xa190c3 Alire.Origins.Deployers.Deploy_Steps at alire-origins-deployers.adb:123
0xa1a528 Alire.Origins.Deployers.Deploy at alire-origins-deployers.adb:170
0xc4528a Alire.Releases.Deploy at alire-releases.adb:341
0xc7ea93 Alire.Roots.Deploy_Dependencies at alire-roots.adb:812
0xc9832b Alire.Roots.Traverse at alire-roots.adb:2143
0xcfee85 Alire.Solutions.Traverse.Visit at alire-solutions.adb:1472
0xcfdca2 Alire.Solutions.Traverse at alire-solutions.adb:1539
0xc9841e Alire.Roots.Traverse at alire-roots.adb:2147
0xc984dd Alire.Roots.Traverse at alire-roots.adb:2127
0xc7ed61 Alire.Roots.Deploy_Dependencies at alire-roots.adb:843
0xc7ef09 Alire.Roots.Deploy_Dependencies at alire-roots.adb:766
0xc934f2 Alire.Roots.Sync_From_Manifest at alire-roots.adb:1836
0xc93715 Alire.Roots.Sync_From_Manifest at alire-roots.adb:1781
0x545499 Alr.Commands.Requires_Workspace at alr-commands.adb:413
0x49a20c Alr.Commands.Build.Execute at alr-commands-build.adb:87
0x49a51f Alr.Commands.Build.Execute at alr-commands-build.adb:54
0x53bbcc Alr.Commands.Sub_Cmd.Execute at clic-subcommand-instance.adb:749
0x5472be Alr.Commands.Execute at alr-commands.adb:632
0x43d48a Alr.Main at alr-main.adb:13
0x4403a3 Main at b__alr-main.adb:2445
[/usr/bin/..//lib/libc.so.6]
0x7f136bf04673
0x7f136bf04727
[/usr/sbin/alr]
0x43d323 _start at ???
0xfffffffffffffffe

stderr: Generating Outcome_Failure with message: Deployment of system package from platform software manager: sdl2 from system packages failed
stderr: Generating Outcome_Failure with call stack:
stderr: raised AAA.DEBUG.STACK_TRACE.DEBUG_EXCEPTION : aaa-debug.adb:44
[/usr/sbin/alr]
0xfcfcdb Aaa.Debug.Stack_Trace at aaa-debug.adb:44
0xe744f2 Alire.Outcome_Failure at alire.adb:226
0xe74c7f Alire.Outcome_Failure at alire.adb:223
0xa19c66 Alire.Origins.Deployers.Deploy_Steps at alire-origins-deployers.adb:155
0xa1a528 Alire.Origins.Deployers.Deploy at alire-origins-deployers.adb:170
0xc4528a Alire.Releases.Deploy at alire-releases.adb:341
0xc7ea93 Alire.Roots.Deploy_Dependencies at alire-roots.adb:812
0xc9832b Alire.Roots.Traverse at alire-roots.adb:2143
0xcfee85 Alire.Solutions.Traverse.Visit at alire-solutions.adb:1472
0xcfdca2 Alire.Solutions.Traverse at alire-solutions.adb:1539
0xc9841e Alire.Roots.Traverse at alire-roots.adb:2147
0xc984dd Alire.Roots.Traverse at alire-roots.adb:2127
0xc7ed61 Alire.Roots.Deploy_Dependencies at alire-roots.adb:843
0xc7ef09 Alire.Roots.Deploy_Dependencies at alire-roots.adb:766
0xc934f2 Alire.Roots.Sync_From_Manifest at alire-roots.adb:1836
0xc93715 Alire.Roots.Sync_From_Manifest at alire-roots.adb:1781
0x545499 Alr.Commands.Requires_Workspace at alr-commands.adb:413
0x49a20c Alr.Commands.Build.Execute at alr-commands-build.adb:87
0x49a51f Alr.Commands.Build.Execute at alr-commands-build.adb:54
0x53bbcc Alr.Commands.Sub_Cmd.Execute at clic-subcommand-instance.adb:749
0x5472be Alr.Commands.Execute at alr-commands.adb:632
0x43d48a Alr.Main at alr-main.adb:13
0x4403a3 Main at b__alr-main.adb:2445
[/usr/bin/..//lib/libc.so.6]
0x7f136bf04673
0x7f136bf04727
[/usr/sbin/alr]
0x43d323 _start at ???
0xfffffffffffffffe

stderr: ALIRE.CHECKED_ERROR
stderr: Deployment of system package from platform software manager: sdl2 from system packages failed
stderr: raised ALIRE.CHECKED_ERROR : alire-stored-error:3
[/usr/sbin/alr]
0xe72ea3 Alire.Assert at alire.adb:158
0xc452b2 Alire.Releases.Deploy at alire-releases.adb:341
0xc7ea93 Alire.Roots.Deploy_Dependencies at alire-roots.adb:812
0xc9832b Alire.Roots.Traverse at alire-roots.adb:2143
0xcfee85 Alire.Solutions.Traverse.Visit at alire-solutions.adb:1472
0xcfdca2 Alire.Solutions.Traverse at alire-solutions.adb:1539
0xc9841e Alire.Roots.Traverse at alire-roots.adb:2147
0xc984dd Alire.Roots.Traverse at alire-roots.adb:2127
0xc7ed61 Alire.Roots.Deploy_Dependencies at alire-roots.adb:843
0xc7ef09 Alire.Roots.Deploy_Dependencies at alire-roots.adb:766
0xc934f2 Alire.Roots.Sync_From_Manifest at alire-roots.adb:1836
0xc93715 Alire.Roots.Sync_From_Manifest at alire-roots.adb:1781
0x545499 Alr.Commands.Requires_Workspace at alr-commands.adb:413
0x49a20c Alr.Commands.Build.Execute at alr-commands-build.adb:87
0x49a51f Alr.Commands.Build.Execute at alr-commands-build.adb:54
0x53bbcc Alr.Commands.Sub_Cmd.Execute at clic-subcommand-instance.adb:749
0x5472be Alr.Commands.Execute at alr-commands.adb:632
0x43d48a Alr.Main at alr-main.adb:13
0x4403a3 Main at b__alr-main.adb:2445
[/usr/bin/..//lib/libc.so.6]
0x7f136bf04673
0x7f136bf04727
[/usr/sbin/alr]
0x43d323 _start at ???
0xfffffffffffffffe

ERROR: Deployment of system package from platform software manager: sdl2 from system packages failed
