Test ran at 2025-06-14 01:27:36.138206+00:00

SOLUTION:
rtmidi=0.1.0: Ada "middleweight" binding for the rtMIDI library
Origin: commit bae317e44152832eb0e4b6883a34cddb19a6107a from https://github.com/Fabien-Chouteau/rtmidi_ada.git
Properties:
   Author: Fabien Chouteau
   Description: Ada "middleweight" binding for the rtMIDI library
   License: MIT
   Maintainer: Fabien Chouteau <fabien.chouteau@gmail.com>
   Maintainers_Logins: Fabien-Chouteau
   Name: rtmidi
   Tag: midi
   Tag: rtmidi
   Tag: music
   Version: 0.1.0
   Website: https://github.com/Fabien-Chouteau/rtmidi_ada
Dependencies (direct):
   librtmidi*
Dependencies (solution):
   librtmidi=5.0.0
Dependencies (graph):
   rtmidi=0.1.0 --> librtmidi=5.0.0 (*)


LOG:
Spawning: alr -d -n get --build rtmidi=0.1.0
Note: Deploying rtmidi=0.1.0...
Note: Deploying librtmidi=5.0.0...
The system package 'rtmidi' is about to be installed.
This action might require admin privileges and impact your system installation.
Do you want Alire to install this system package?
Using default: Yes
Last metadata expiration check: 0:19:45 ago on Sat Jun 14 01:07:49 2025.
Dependencies resolved.
================================================================================
 Package         Architecture    Version                  Repository       Size
================================================================================
Installing:
 rtmidi          x86_64          5.0.0-4.fc40             fedora           48 k

Transaction Summary
================================================================================
Install  1 Package

Total download size: 48 k
Installed size: 115 k
Downloading Packages:
rtmidi-5.0.0-4.fc40.x86_64.rpm                   88 kB/s |  48 kB     00:00    
--------------------------------------------------------------------------------
Total                                            53 kB/s |  48 kB     00:00     
Running transaction check
Transaction check succeeded.
Running transaction test
Transaction test succeeded.
Running transaction
  Preparing        :                                                        1/1 
  Installing       : rtmidi-5.0.0-4.fc40.x86_64                             1/1 
  Running scriptlet: rtmidi-5.0.0-4.fc40.x86_64                             1/1 

Installed:
  rtmidi-5.0.0-4.fc40.x86_64                                                    

Complete!
Note: Building rtmidi=0.1.0/rtmidi.gpr...
Setup
   [mkdir]        object directory for project Rtmidi
   [mkdir]        library directory for project Rtmidi
Compile
   [Ada]          rtmidi_config.ads
   [Ada]          rtmidi.adb
Build Libraries
   [gprlib]       Rtmidi_Ada.lexch
   [archive]      libRtmidi_Ada.a
   [index]        libRtmidi_Ada.a

rtmidi=0.1.0 successfully retrieved and built.
Dependencies were solved as follows:

   +b librtmidi 5.0.0 (new,system package)
Found declared GPR file: rtmidi.gpr
