Test ran at 2026-08-30 01:08:18.062766+00:00

SOLUTION:
a0b_stm32f2_generic_exti=0.1.0: A0B: STM32F2+ Generic EXTI
Origin: commit 462715064e668a486d4ee4b09819f6f33709941b from https://github.com/godunko/a0b-stm32f2-generic_exti.git
Properties:
   Test run: alr build (from ${CRATE_ROOT}/selftest)
   Author: Vadim Godunko
   Configuration: no modifiers
   Description: A0B: STM32F2+ Generic EXTI
   License: Apache-2.0 WITH LLVM-exception
   Maintainer: Vadim Godunko <vgodunko@gmail.com>
   Maintainers_Logins: godunko
   Name: a0b_stm32f2_generic_exti
   Project_File: gnat/a0b_stm32f2_generic_exti.gpr
   Tag: a0b
   Tag: embedded
   Tag: stm32
   Tag: exti
   Version: 0.1.0
   Website: https://github.com/godunko/a0b-stm32f2-generic_exti
Dependencies (direct):
   a0b_exti*
   a0b_stm32f2_generic_gpio*
Dependencies (solution):
   a0b_base=0.5.0
   a0b_callbacks=0.2.0
   a0b_exti=0.1.0
   a0b_gpio=0.1.0
   a0b_stm32f2_generic_gpio=0.1.0
Dependencies (graph):
   a0b_callbacks=0.2.0            --> a0b_base=0.5.0 (*)
   a0b_exti=0.1.0                 --> a0b_base=0.5.0 (*)
   a0b_exti=0.1.0                 --> a0b_callbacks=0.2.0 (*)
   a0b_gpio=0.1.0                 --> a0b_base=0.5.0 (*)
   a0b_stm32f2_generic_exti=0.1.0 --> a0b_exti=0.1.0 (*)
   a0b_stm32f2_generic_exti=0.1.0 --> a0b_stm32f2_generic_gpio=0.1.0 (*)
   a0b_stm32f2_generic_gpio=0.1.0 --> a0b_gpio=0.1.0 (*)


LOG:
Note: Synchronizing workspace...
Dependencies automatically updated as follows:

   +  a0b_base                 0.5.0  (new,indirect)
   +  a0b_callbacks            0.2.0  (new,indirect)
   +  a0b_exti                 0.1.0  (new,indirect)
   +  a0b_gpio                 0.1.0  (new,indirect)
   +. a0b_stm32f2_generic_exti 0.1.0  (new,path=..)
   +  a0b_stm32f2_generic_gpio 0.1.0  (new,indirect)
   +b gnat_arm_elf             16.1.0 (new,binary)
   
   i  The solution requires a toolchain that is
      not yet installed. Accepting the solution
      will download and install this toolchain.
Note: Deploying gnat_arm_elf=16.1.0...
#=#=#                                                                          
##O#-#                                                                         

                                                                           0.0%
                                                                           1.1%
#                                                                          2.0%
#                                                                          2.0%
##                                                                         3.4%
##                                                                         4.1%
###                                                                        4.9%
####                                                                       5.6%
####                                                                       6.1%
#####                                                                      7.5%
#####                                                                      8.1%
#######                                                                   10.0%
########                                                                  11.3%
########                                                                  12.4%
#########                                                                 13.5%
##########                                                                14.2%
##########                                                                14.3%
##########                                                                14.6%
###########                                                               15.3%
###########                                                               16.3%
############                                                              17.3%
#############                                                             18.1%
#############                                                             19.0%
##############                                                            20.4%
###############                                                           21.1%
###############                                                           21.6%
################                                                          22.4%
#################                                                         24.1%
#################                                                         24.7%
##################                                                        25.7%
###################                                                       26.5%
####################                                                      28.4%
####################                                                      28.9%
#####################                                                     30.5%
######################                                                    31.9%
#######################                                                   32.5%
########################                                                  34.6%
########################                                                  34.6%
##########################                                                36.6%
##########################                                                37.0%
###########################                                               38.3%
###########################                                               38.8%
#############################                                             40.7%
##############################                                            42.4%
##############################                                            42.9%
###############################                                           44.1%
################################                                          44.7%
#################################                                         46.8%
##################################                                        47.9%
###################################                                       48.8%
###################################                                       48.9%
###################################                                       49.0%
###################################                                       49.8%
####################################                                      50.9%
######################################                                    52.9%
######################################                                    52.9%
######################################                                    53.1%
######################################                                    53.7%
#######################################                                   54.9%
#########################################                                 57.0%
#########################################                                 58.1%
##########################################                                59.0%
###########################################                               61.0%
############################################                              61.9%
############################################                              62.5%
#############################################                             63.1%
##############################################                            64.1%
##############################################                            64.8%
##############################################                            65.1%
##############################################                            65.1%
###############################################                           65.3%
###############################################                           66.0%
################################################                          67.1%
################################################                          67.2%
################################################                          67.7%
#################################################                         68.9%
#################################################                         69.2%
#################################################                         69.3%
##################################################                        69.7%
###################################################                       70.8%
###################################################                       71.2%
####################################################                      72.2%
####################################################                      73.2%
#####################################################                     74.4%
######################################################                    75.3%
#######################################################                   77.0%
########################################################                  77.9%
#########################################################                 79.3%
#########################################################                 79.3%
#########################################################                 80.1%
#########################################################                 80.4%
##########################################################                81.3%
##########################################################                81.8%
###########################################################               82.9%
############################################################              83.4%
############################################################              84.3%
#############################################################             85.3%
#############################################################             86.0%
##############################################################            87.2%
###############################################################           88.5%
################################################################          89.5%
#################################################################         90.7%
#################################################################         91.5%
##################################################################        92.3%
###################################################################       93.6%
####################################################################      95.6%
#####################################################################     96.8%
######################################################################    97.6%
#######################################################################   98.8%
#######################################################################   99.7%
######################################################################## 100.0%
Note: gnat_arm_elf=16.1.0 installed successfully.

Note: Building a0b_stm32f2_generic_exti_selftest=0.1.0-dev/a0b_stm32f2_generic_exti_selftest.gpr...
Setup
   [mkdir]        object directory for project A0B_Base
   [mkdir]        library directory for project A0B_Base
   [mkdir]        object directory for project A0B_Callbacks
   [mkdir]        object directory for project A0B_EXTI
   [mkdir]        object directory for project A0B_GPIO
   [mkdir]        object directory for project A0B_STM32F2_Generic_GPIO
   [mkdir]        library directory for project A0B_STM32F2_Generic_GPIO
   [mkdir]        object directory for project A0B_STM32F2_Generic_EXTI
   [mkdir]        library directory for project A0B_STM32F2_Generic_EXTI
a0b_stm32f2_generic_exti_selftest.gpr:9:09: warning: there are no sources of language "Ada" in this project
Compile
   [Ada]          a0b-gpio.ads
   [Ada]          a0b-peripherals-gpio.ads
   [Ada]          a0b-stm32-generic_gpio.adb
   [Ada]          a0b-stm32.ads
   [Ada]          a0b-callbacks-generic_non_dispatching.adb
a0b-stm32-generic_gpio.ads:20:19: warning: procedure "Disable_GPIO_Clock" is not referenced [-gnatwu]
   [Ada]          a0b-callbacks-generic_discrete.adb
   [Ada]          a0b-callbacks-generic_parameterless.adb
   [Ada]          a0b-callbacks.adb
   [Ada]          a0b-callbacks-generic_dispatching.adb
   [Ada]          a0b-callbacks-generic_subprogram.adb
   [Ada]          a0b-peripherals.ads
   [Ada]          a0b-types-big_endian.adb
   [Ada]          a0b-types.ads
   [Ada]          a0b-types-gcc_builtins.ads
   [Ada]          a0b-types-arrays.ads
   [Ada]          a0b-types-svd.ads
a0b-types-big_endian.adb:10:04: warning: "Unsigned_64" is already use-visible through previous use_type_clause at a0b-types.ads:297 [-gnatwr]
a0b-types-big_endian.adb:10:04: warning: use clause for type "Unsigned_64" defined at a0b-types.ads:88 has no effect [-gnatwu]
   [Ada]          a0b-types-enumerable.ads
   [Ada]          a0b.ads
   [Ada]          a0b-exti.ads
   [Ada]          a0b-peripherals-syscfg_exti.ads
   [Ada]          a0b-peripherals-exti.ads
   [Ada]          a0b-stm32-generic_gpio-generic_exti.adb
   [Ada]          a0b-stm32-generic_gpio-generic_exti-generic_interrupts__none.adb
a0b-stm32-generic_gpio-generic_exti.ads:30:19: warning: procedure "Disable_EXTI_Clock" is not referenced [-gnatwu]
a0b-stm32-generic_gpio-generic_exti-generic_interrupts__none.adb:14:11: warning: all instances of "EXTI0_Handler" will have the same external name [-gnatwx]
a0b-stm32-generic_gpio-generic_exti-generic_interrupts__none.adb:16:11: warning: all instances of "EXTI1_Handler" will have the same external name [-gnatwx]
a0b-stm32-generic_gpio-generic_exti-generic_interrupts__none.adb:18:11: warning: all instances of "EXTI2_Handler" will have the same external name [-gnatwx]
a0b-stm32-generic_gpio-generic_exti-generic_interrupts__none.adb:20:11: warning: all instances of "EXTI3_Handler" will have the same external name [-gnatwx]
a0b-stm32-generic_gpio-generic_exti-generic_interrupts__none.adb:22:11: warning: all instances of "EXTI4_Handler" will have the same external name [-gnatwx]
a0b-stm32-generic_gpio-generic_exti-generic_interrupts__none.adb:24:11: warning: all instances of "EXTI9_5_Handler" will have the same external name [-gnatwx]
a0b-stm32-generic_gpio-generic_exti-generic_interrupts__none.adb:26:11: warning: all instances of "EXTI15_10_Handler" will have the same external name [-gnatwx]
Build Libraries
   [gprlib]       a0b_base.lexch
   [gprlib]       a0b_stm32f2_generic_gpio.lexch
   [archive]      liba0b_base.a
   [index]        liba0b_base.a
   [gprlib]       a0b_stm32f2_exti.lexch
   [archive]      liba0b_stm32f2_generic_gpio.a
   [index]        liba0b_stm32f2_generic_gpio.a
   [archive]      liba0b_stm32f2_exti.a
   [index]        liba0b_stm32f2_exti.a
Success: Build finished successfully in 1.12 seconds.
[alr test] Test completed SUCCESSFULLY
