Test ran at 2025-08-29 00:53:46.453803+00:00

SOLUTION:
blink_led_arduino_due=0.1.0: Blink LED demo for Arduino Due
Origin: commit 7b0efe107be60ea6bcb71f82046008fe3828ba29 from https://github.com/godunko/a0b-examples.git
Properties:
   Author: Vadim Godunko
   Configuration: no modifiers
   Description: Blink LED demo for Arduino Due
   License: Apache-2.0 WITH LLVM-exception
   Maintainer: Vadim Godunko <vgodunko@gmail.com>
   Maintainers_Logins: godunko
   Name: blink_led_arduino_due
   Project_File: ../gnat/arduino_due.gpr
   Tag: a0b
   Tag: embedded
   Tag: demo
   Tag: arduino
   Tag: due
   Version: 0.1.0
   Website: https://github.com/godunko/a0b-examples
Dependencies (direct):
   a0b_armv7m_systick_clock_timer*
   a0b_atsam3x8e_gpio*
   a0b_timer*
   light_arduino_due*
Dependencies (solution):
   a0b_armv7m=0.4.0
   a0b_armv7m_systick_clock_timer=0.1.0
   a0b_atsam3x8e=0.4.0
   a0b_atsam3x8e_gpio=0.1.0
   a0b_base=0.4.0
   a0b_callbacks=0.2.0
   a0b_exti=0.1.0
   a0b_gpio=0.1.0
   a0b_time=0.2.0
   a0b_time_platform=0.1.0 (a0b_armv7m_systick_clock_timer)
   a0b_timer=0.1.0
   a0b_timer_platform=0.1.0 (a0b_armv7m_systick_clock_timer)
   gnat_arm_elf=15.1.2
   light_arduino_due=0.3.0
Dependencies (graph):
   a0b_armv7m=0.4.0                     --> a0b_base=0.4.0 (*)
   a0b_armv7m=0.4.0                     --> gnat_arm_elf=15.1.2 (*)
   a0b_armv7m_systick_clock_timer=0.1.0 --> a0b_armv7m=0.4.0 (*)
   a0b_armv7m_systick_clock_timer=0.1.0 --> a0b_base=0.4.0 (*)
   a0b_atsam3x8e=0.4.0                  --> a0b_armv7m=0.4.0 (*)
   a0b_atsam3x8e_gpio=0.1.0             --> a0b_atsam3x8e=0.4.0 (*)
   a0b_atsam3x8e_gpio=0.1.0             --> a0b_exti=0.1.0 (*)
   a0b_atsam3x8e_gpio=0.1.0             --> a0b_gpio=0.1.0 (*)
   a0b_callbacks=0.2.0                  --> a0b_base=0.4.0 (*)
   a0b_exti=0.1.0                       --> a0b_base=0.4.0 (*)
   a0b_exti=0.1.0                       --> a0b_callbacks=0.2.0 (*)
   a0b_gpio=0.1.0                       --> a0b_base=0.4.0 (*)
   a0b_time=0.2.0                       --> a0b_base=0.4.0 (*)
   a0b_time=0.2.0                       --> a0b_time_platform=0.1.0 (a0b_armv7m_systick_clock_timer) (0.1.0)
   a0b_timer=0.1.0                      --> a0b_base=0.4.0 (*)
   a0b_timer=0.1.0                      --> a0b_callbacks=0.2.0 (*)
   a0b_timer=0.1.0                      --> a0b_time=0.2.0 (*)
   a0b_timer=0.1.0                      --> a0b_timer_platform=0.1.0 (a0b_armv7m_systick_clock_timer) (0.1.0)
   blink_led_arduino_due=0.1.0          --> a0b_armv7m_systick_clock_timer=0.1.0 (*)
   blink_led_arduino_due=0.1.0          --> a0b_atsam3x8e_gpio=0.1.0 (*)
   blink_led_arduino_due=0.1.0          --> a0b_timer=0.1.0 (*)
   blink_led_arduino_due=0.1.0          --> light_arduino_due=0.3.0 (*)
   light_arduino_due=0.3.0              --> a0b_atsam3x8e=0.4.0 (*)


LOG:
Failed to locate log
