Test ran at 2026-01-13 13:23:34.865616+00:00

SOLUTION:
anteforth=0.1.1: A Forth virtual machine
Origin: commit 6f6d3d289edb88d1ab361e0c4f5d2094491bb9e6 from https://github.com/pyjarrett/anteforth.git
Properties:
   Author: Paul Jarrett
   Build Switches: 
   Description: A Forth virtual machine
   Executable: anteforth
   License: GPL-3.0-or-later
   Maintainer: Paul Jarrett <jarrett.paul.young@gmail.com>
   Maintainers_Logins: pyjarrett
   Name: anteforth
   Tag: forth
   Tag: vm
   Tag: spark
   Version: 0.1.1
   Website: 
Dependencies (direct):
   gnatprove^15.1.0
Dependencies (solution):
   gnatprove=15.1.0
Dependencies (graph):
   anteforth=0.1.1 --> gnatprove=15.1.0 (^15.1.0)


LOG:
[alr test] Testing anteforth=0.1.1
[alr test] Spawning retrieval for remote crate: alr -d -n get anteforth=0.1.1
Note: Deploying anteforth=0.1.1...
Note: Deploying gnatprove=15.1.0...
#=#=#                                                                          

###                                                                        4.8%
#########                                                                 13.4%
###########                                                               15.6%
###############                                                           21.7%
######################                                                    31.6%
###############################                                           43.8%
########################################                                  55.7%
###############################################                           65.4%
######################################################                    76.3%
##############################################################            86.6%
#####################################################################     96.7%
######################################################################## 100.0%

anteforth=0.1.1 successfully retrieved.
Dependencies were solved as follows:

   +b gnatprove 15.1.0 (new,binary)
[alr test] Spawning default test for remote crate: alr -d -n build --release -- -cargs:Ada -gnatwn
Note: Building anteforth=0.1.1/anteforth.gpr...
Setup
   [mkdir]        object directory for project Anteforth
   [mkdir]        exec directory for project Anteforth
Compile
   [Ada]          anteforth.adb
   [Ada]          terminal_input_buffers.adb
   [Ada]          vms.adb
   [Ada]          vms-builtins.adb
Bind
   [gprbind]      anteforth.bexch
   [Ada]          anteforth.ali
Link
   [link]         anteforth.adb
Success: Build finished successfully in 1.46 seconds.
Found declared GPR file: anteforth.gpr
[alr test] Test completed SUCCESSFULLY
