Test ran at 2025-08-25 13:04:13.541363+00:00

SOLUTION:
list_image=1.0.0: helper to dump iterable containers with customizable style
Origin: commit 329dd78b6d2097e22c5917a0d8ad56d9399b18b8 from https://github.com/LionelDraghi/List_Image.git
Properties:
   Author: Lionel Draghi
   Configuration: no modifiers
   Description: helper to dump iterable containers with customizable style
   Executable: test_list_image
   License: Apache-2.0
   Maintainer: Lionel Draghi <lionel.draghi@free.fr>
   Maintainers_Logins: LionelDraghi
   Name: list_image
   Tag: list
   Tag: iterator
   Tag: container
   Tag: markdown
   Tag: html
   Version: 1.0.0
   Website: https://github.com/LionelDraghi/List_Image


LOG:
[alr test] Testing list_image=1.0.0
[alr test] Spawning retrieval for remote crate: alr -d -n get list_image=1.0.0
Note: Deploying list_image=1.0.0...

list_image=1.0.0 successfully retrieved.
There are no dependencies.
[alr test] Spawning default test for remote crate: alr -d -n build --release -- -cargs:Ada -gnatwn
Note: Alire has selected automatically this toolchain:
   gprbuild=25.0.1
   gnat_native=15.1.2
You can select a different toolchain at any time with `alr toolchain --select`
Download will start now:
Note: Deploying gprbuild=25.0.1...

#=#=#                                                                          
#                                                                          1.5%
################                                                          23.1%
###################################                                       49.4%
################################################                          67.5%
#################################################################         91.0%
######################################################################## 100.0%
Note: gprbuild=25.0.1 installed successfully.
Note: Deploying gnat_native=15.1.2...

#=#=#                                                                          
##O#-#                                                                         
                                                                           0.0%
#                                                                          2.7%
###                                                                        5.4%
#####                                                                      8.2%
########                                                                  11.5%
########                                                                  12.2%
#########                                                                 12.9%
#########                                                                 13.6%
###########                                                               15.8%
##############                                                            19.9%
#################                                                         24.2%
###################                                                       27.6%
#####################                                                     30.2%
#########################                                                 35.7%
#############################                                             41.2%
#################################                                         46.7%
#####################################                                     51.5%
#######################################                                   55.3%
#########################################                                 57.7%
#############################################                             62.7%
###############################################                           66.3%
###################################################                       72.2%
######################################################                    75.7%
########################################################                  78.7%
###########################################################               82.5%
#############################################################             85.2%
################################################################          90.0%
###################################################################       93.4%
#######################################################################   98.9%
######################################################################## 100.0%
Note: gnat_native=15.1.2 installed successfully.
Note: Building list_image=1.0.0/list_image.gpr...
Setup
   [mkdir]        object directory for project List_Image
Compile
   [Ada]          test_list_image.adb
   [Ada]          list_image.adb
   [Ada]          list_image-unix_predefined_styles.ads
   [Ada]          list_image-windows_predefined_styles.ads
Bind
   [gprbind]      test_list_image.bexch
   [Ada]          test_list_image.ali
Link
   [link]         test_list_image.adb
Success: Build finished successfully in 2.74 seconds.
Found declared GPR file: list_image.gpr
[alr test] Test completed SUCCESSFULLY
