Test ran at 2025-07-06 00:49:15.538115+00:00

SOLUTION:
adare_hqc256=0.2.3: Post Quantum Computer Resistant Cryptograph KEM, HQC 256 Ada bind.
Origin: commit bbba67491702dff110606508f1832140f049381f from https://github.com/danieagle/adare_hqc256.git
Properties:
   Author: Daniel Norte de Moraes
   Build Switches: 
   Description: Post Quantum Computer Resistant Cryptograph KEM, HQC 256 Ada bind.
   License: Unlicense
   Long_Description: HQC (Hamming Quasi-Cyclic) is a code-based public key encryption scheme
      designed to provide security against attacks by
      both classical and quantum computers. HQC has been submitted
      to the NIST's Post-Quantum Cryptography Standardization Project.

      Adare_HQC256 is a Ada 2012 bind to HQC-256 C.

      Adare_HQC256 has a 512 bits Shared Secret size.

      (C version at https://github.com/PQClean/PQClean)

      How a Bonus all Ada packages in this lib is "Ada Pure"! :-)

                   
   Maintainer: Daniel Norte de Moraes <danieagle@zohomail.com>
   Maintainers_Logins: danieagle
   Name: adare_hqc256
   Tag: kem
   Tag: pqc
   Tag: ss512bits
   Version: 0.2.3
   Website: 


LOG:
Spawning: alr -d -n get --build adare_hqc256=0.2.3
Note: Deploying adare_hqc256=0.2.3...
Note: Building adare_hqc256=0.2.3/adare_hqc256.gpr...
Setup
   [mkdir]        object directory for project Adare_Hqc256
   [mkdir]        library directory for project Adare_Hqc256
Compile
   [C]            fft.c
   [C]            reed_solomon.c
   [C]            shake_ds.c
   [C]            code.c
   [C]            shake_prng.c
   [C]            vector.c
   [C]            gf.c
   [C]            gf2x.c
   [C]            parsing.c
   [C]            hqc.c
   [C]            reed_muller.c
   [C]            kem.c
   [C]            fips202.c
   [C]            randombytes.c
   [Ada]          adare_hqc256-inners.ads
   [Ada]          adare_hqc256-hqc.adb
   [Ada]          adare_hqc256.ads
Build Libraries
   [gprlib]       adare_hqc256.lexch
   [link library] libadare_hqc256.so
/home/runner/.local/share/alire/toolchains/gnat_native_11.2.4_2f37a10b/bin/../lib/gcc/x86_64-pc-linux-gnu/11.2.0/../../../../x86_64-pc-linux-gnu/bin/ld: /lib/x86_64-linux-gnu/libc.so.6: unknown type [0x13] section `.relr.dyn'
/home/runner/.local/share/alire/toolchains/gnat_native_11.2.4_2f37a10b/bin/../lib/gcc/x86_64-pc-linux-gnu/11.2.0/../../../../x86_64-pc-linux-gnu/bin/ld: skipping incompatible /lib/x86_64-linux-gnu/libc.so.6 when searching for /lib/x86_64-linux-gnu/libc.so.6
/home/runner/.local/share/alire/toolchains/gnat_native_11.2.4_2f37a10b/bin/../lib/gcc/x86_64-pc-linux-gnu/11.2.0/../../../../x86_64-pc-linux-gnu/bin/ld: cannot find /lib/x86_64-linux-gnu/libc.so.6
/home/runner/.local/share/alire/toolchains/gnat_native_11.2.4_2f37a10b/bin/../lib/gcc/x86_64-pc-linux-gnu/11.2.0/../../../../x86_64-pc-linux-gnu/bin/ld: /lib/x86_64-linux-gnu/libc.so.6: unknown type [0x13] section `.relr.dyn'
/home/runner/.local/share/alire/toolchains/gnat_native_11.2.4_2f37a10b/bin/../lib/gcc/x86_64-pc-linux-gnu/11.2.0/../../../../x86_64-pc-linux-gnu/bin/ld: skipping incompatible /lib/x86_64-linux-gnu/libc.so.6 when searching for /lib/x86_64-linux-gnu/libc.so.6
/home/runner/.local/share/alire/toolchains/gnat_native_11.2.4_2f37a10b/bin/../lib/gcc/x86_64-pc-linux-gnu/11.2.0/../../../../x86_64-pc-linux-gnu/bin/ld: /lib64/ld-linux-x86-64.so.2: unknown type [0x13] section `.relr.dyn'
/home/runner/.local/share/alire/toolchains/gnat_native_11.2.4_2f37a10b/bin/../lib/gcc/x86_64-pc-linux-gnu/11.2.0/../../../../x86_64-pc-linux-gnu/bin/ld: skipping incompatible /lib64/ld-linux-x86-64.so.2 when searching for /lib64/ld-linux-x86-64.so.2
/home/runner/.local/share/alire/toolchains/gnat_native_11.2.4_2f37a10b/bin/../lib/gcc/x86_64-pc-linux-gnu/11.2.0/../../../../x86_64-pc-linux-gnu/bin/ld: cannot find /lib64/ld-linux-x86-64.so.2
/home/runner/.local/share/alire/toolchains/gnat_native_11.2.4_2f37a10b/bin/../lib/gcc/x86_64-pc-linux-gnu/11.2.0/../../../../x86_64-pc-linux-gnu/bin/ld: /lib64/ld-linux-x86-64.so.2: unknown type [0x13] section `.relr.dyn'
/home/runner/.local/share/alire/toolchains/gnat_native_11.2.4_2f37a10b/bin/../lib/gcc/x86_64-pc-linux-gnu/11.2.0/../../../../x86_64-pc-linux-gnu/bin/ld: skipping incompatible /lib64/ld-linux-x86-64.so.2 when searching for /lib64/ld-linux-x86-64.so.2
collect2: error: ld returned 1 exit status
gprlib: /home/runner/.local/share/alire/toolchains/gnat_native_11.2.4_2f37a10b/bin/gcc execution error
gprbuild: could not build library for project adare_hqc256
stderr: Command ["gprbuild", "-s", "-j0", "-p", "-P", "/home/runner/work/alire-crates-ci/alire-crates-ci/test/ab1d3919-29fc-4b49-8f74-cee0e4104fe5/adare_hqc256_0.2.3_bbba6749/adare_hqc256.gpr"] exited with code 4
ERROR: Command ["gprbuild", "-s", "-j0", "-p", "-P", "/home/runner/work/alire-crates-ci/alire-crates-ci/test/ab1d3919-29fc-4b49-8f74-cee0e4104fe5/adare_hqc256_0.2.3_bbba6749/adare_hqc256.gpr"] exited with code 4
stderr: ALIRE.CHECKED_ERROR
stderr: Command ["gprbuild", "-s", "-j0", "-p", "-P", "/home/runner/work/alire-crates-ci/alire-crates-ci/test/ab1d3919-29fc-4b49-8f74-cee0e4104fe5/adare_hqc256_0.2.3_bbba6749/adare_hqc256.gpr"] exited with code 4
stderr: raised ALIRE.CHECKED_ERROR : alire-stored-error:1
[/home/runner/work/alire-crates-ci/alire-crates-ci/alire_install/bin/alr]
0xe16f5e Alire.Raise_Checked_Error at alire.adb:284
0xa845be Alire.Os_Lib.Subprocess.Checked_Spawn at alire-os_lib-subprocess.adb:111
0xcef7be Alire.Spawn.Command at alire-spawn.adb:21
0xcefdde Alire.Spawn.Gprbuild at alire-spawn.adb:41
0xc31d1f Alire.Roots.Build at alire-roots.adb:186
0xc304da Alire.Roots.Build at alire-roots.adb:252
0xc53d6f Alire.Roots.Traverse at alire-roots.adb:2075
0xcba1fd Alire.Solutions.Traverse.Visit at alire-solutions.adb:1480
0xcb9344 Alire.Solutions.Traverse at alire-solutions.adb:1563
0xc53e62 Alire.Roots.Traverse at alire-roots.adb:2079
0xc53f21 Alire.Roots.Traverse at alire-roots.adb:2059
0xc30a46 Alire.Roots.Build at alire-roots.adb:283
0xc30b2b Alire.Roots.Build at alire-roots.adb:111
0x4a5e38 Alr.Commands.Get.Retrieve at alr-commands-get.adb:205
0x4a94f3 Alr.Commands.Get.Execute at alr-commands-get.adb:378
0x4a96a1 Alr.Commands.Get.Execute at alr-commands-get.adb:256
0x533c96 Alr.Commands.Sub_Cmd.Execute at clic-subcommand-instance.adb:749
0x53eff7 Alr.Commands.Execute at alr-commands.adb:561
0x43953a Alr.Main at alr-main.adb:13
0x43c1d3 Main at b__alr-main.adb:2299
[/lib/x86_64-linux-gnu/libc.so.6]
0x7f86cea2a1c8
0x7f86cea2a289
[/home/runner/work/alire-crates-ci/alire-crates-ci/alire_install/bin/alr]
0x4393dc _start at ???
0xfffffffffffffffe


Warning: adare_hqc256=0.2.3 successfully retrieved but its build failed.
There are no dependencies.
ERROR: Build ended with errors
