Test ran at 2025-12-29 01:59:55.980227+00:00

SOLUTION:
ada_language_server=25.0.0: An implementation of the Microsoft's Language Server Protocol for Ada
Origin: source archive ada_language_server-25.0.0.tar.gz at https://github.com/AdaCore/ada_language_server/archive/refs/tags/v25.0.0.tar.gz with hash sha512:72b68d6be46b8b9b6572f71b5c46ed6c53c218a0d40fb4531300a1014e62512ed19f86352dafaa86f83960d3d3c6c5d10d96e939674546cd94e782451cad89c9
Properties:
   Author: AdaCore
   Configuration: no modifiers
   Description: An implementation of the Microsoft's Language Server Protocol for Ada
   Environment: ADA_PROJECT_PATH=${CRATE_ROOT}/subprojects/stubs
   License: GPL-3.0-only
   Maintainer: Maxim Reznik <reznikmm@gmail.com>
   Maintainers_Logins: reznikmm
   Name: ada_language_server
   Project_File: gnat/lsp_server.gpr
   Tag: lsp
   Tag: vscode
   Version: 25.0.0
   Website: https://github.com/AdaCore/ada_language_server
Dependencies (direct):
   gnatcoll25.0.0
   libadalang25.0.0
   libadalang_tools25.0.0
   libgnatdoc25.0.0
   libgnatformat25.0.0
   liblal_refactor25.0.0
   prettier_ada25.0.0
   spawn25.0.0
   vss25.0.0
Dependencies (solution):
   adasat=25.0.0
   gnat=15.1.2 (gnat_native)
   gnatcoll=25.0.0
   gnatcoll_gmp=25.0.0
   gnatcoll_iconv=25.0.0
   langkit_support=25.0.0
   libadalang=25.0.0
   libadalang_tools=25.0.0
   libgmp=6.3.0
   libgnatdoc=25.0.0
   libgnatformat=25.0.0
   libgpr=25.0.0
   libgpr2=25.0.0
   liblal_refactor=25.0.0
   markdown=25.0.0
   prettier_ada=25.0.0
   spawn=25.0.0
   templates_parser=25.0.0
   vss=25.0.0
   xmlada=25.0.0
Dependencies (forbidden):
   gnatformat*
   lal_refactor*
Dependencies (graph):
   ada_language_server=25.0.0 --> gnatcoll=25.0.0 (25.0.0)
   ada_language_server=25.0.0 --> libadalang=25.0.0 (25.0.0)
   ada_language_server=25.0.0 --> libadalang_tools=25.0.0 (25.0.0)
   ada_language_server=25.0.0 --> libgnatdoc=25.0.0 (25.0.0)
   ada_language_server=25.0.0 --> libgnatformat=25.0.0 (25.0.0)
   ada_language_server=25.0.0 --> liblal_refactor=25.0.0 (25.0.0)
   ada_language_server=25.0.0 --> prettier_ada=25.0.0 (25.0.0)
   ada_language_server=25.0.0 --> spawn=25.0.0 (25.0.0)
   ada_language_server=25.0.0 --> vss=25.0.0 (25.0.0)
   gnatcoll=25.0.0            --> gnat=15.1.2 (gnat_native) (>=13)
   gnatcoll=25.0.0            --> libgpr=25.0.0 (~25.0.0)
   gnatcoll_gmp=25.0.0        --> gnatcoll=25.0.0 (~25.0.0)
   gnatcoll_gmp=25.0.0        --> libgmp=6.3.0 (*)
   gnatcoll_iconv=25.0.0      --> gnatcoll=25.0.0 (~25.0.0)
   langkit_support=25.0.0     --> adasat=25.0.0 (^25)
   langkit_support=25.0.0     --> gnatcoll=25.0.0 (^25)
   langkit_support=25.0.0     --> gnatcoll_gmp=25.0.0 (^25)
   langkit_support=25.0.0     --> gnatcoll_iconv=25.0.0 (^25)
   langkit_support=25.0.0     --> prettier_ada=25.0.0 (^25)
   libadalang=25.0.0          --> gnatcoll=25.0.0 (^25)
   libadalang=25.0.0          --> gnatcoll_gmp=25.0.0 (^25)
   libadalang=25.0.0          --> gnatcoll_iconv=25.0.0 (^25)
   libadalang=25.0.0          --> langkit_support=25.0.0 (^25)
   libadalang=25.0.0          --> libgpr2=25.0.0 (^25)
   libadalang_tools=25.0.0    --> libadalang=25.0.0 (^25.0.0)
   libadalang_tools=25.0.0    --> templates_parser=25.0.0 (^25.0.0)
   libadalang_tools=25.0.0    --> vss=25.0.0 (^25.0.0)
   libgnatdoc=25.0.0          --> libadalang=25.0.0 (^25)
   libgnatdoc=25.0.0          --> libgpr2=25.0.0 (^25)
   libgnatdoc=25.0.0          --> markdown=25.0.0 (^25)
   libgnatdoc=25.0.0          --> vss=25.0.0 (^25)
   libgnatformat=25.0.0       --> adasat=25.0.0 (^25)
   libgnatformat=25.0.0       --> gnatcoll=25.0.0 (^25)
   libgnatformat=25.0.0       --> libadalang=25.0.0 (^25)
   libgnatformat=25.0.0       --> prettier_ada=25.0.0 (^25)
   libgpr=25.0.0              --> gnat=15.1.2 (gnat_native) (/=2020)
   libgpr=25.0.0              --> xmlada=25.0.0 (~25.0.0)
   libgpr2=25.0.0             --> gnat=15.1.2 (gnat_native) (>=14)
   libgpr2=25.0.0             --> gnatcoll=25.0.0 (~25.0.0)
   libgpr2=25.0.0             --> gnatcoll_gmp=25.0.0 (~25.0.0)
   libgpr2=25.0.0             --> gnatcoll_iconv=25.0.0 (~25.0.0)
   liblal_refactor=25.0.0     --> libadalang_tools=25.0.0 (^25)
   liblal_refactor=25.0.0     --> vss=25.0.0 (^25)
   markdown=25.0.0            --> vss=25.0.0 (~25.0.0)
   prettier_ada=25.0.0        --> gnatcoll=25.0.0 (^25)
   prettier_ada=25.0.0        --> vss=25.0.0 (^25)
   templates_parser=25.0.0    --> xmlada=25.0.0 (~25.0.0)
   vss=25.0.0                 --> gnat=15.1.2 (gnat_native) (>=11 & <2000)
   xmlada=25.0.0              --> gnat=15.1.2 (gnat_native) (>=11)


LOG:
[alr test] Testing ada_language_server=25.0.0
[alr test] Spawning retrieval for remote crate: alr -d -n get ada_language_server=25.0.0
Note: Deploying ada_language_server=25.0.0...
#=#=#                                                                          
##O#-#                                                                         
##O=#  #                                                                       
#=#=-#  #                                                                      
 #=#=-#   #                                                                    
  #=#=- #   #                                                                  
   #=#=- #   #                                                                 
    #=O#-  #   #                                                               
Note: Deploying spawn=25.0.0...
#=#=#                                                                          
##O#-#                                                                         
##O=#  #                                                                       
#=#=-#  #                                                                      
 #=#=-#   #                                                                    
Note: Deploying templates_parser=25.0.0...
#=#=#                                                                          
##O#-#                                                                         
##O=#  #                                                                       
#=#=-#  #                                                                      
 #=#=-#   #                                                                    
  #=#=- #   #                                                                  
   #=#=- #   #                                                                 
    #=O#-  #   #                                                               
Note: Deploying libadalang_tools=25.0.0...
#=#=#                                                                          
##O#-#                                                                         
##O=#  #                                                                       
#=#=-#  #                                                                      
 #=#=-#   #                                                                    
  #=#=- #   #                                                                  
   #=#=- #   #                                                                 
Note: Deploying libgnatdoc=25.0.0...
#=#=#                                                                          
##O#-#                                                                         
##O=#  #                                                                       
#=#=-#  #                                                                      
 #=#=-#   #                                                                    
  #=#=- #   #                                                                  
Note: Deploying libgnatformat=25.0.0...
#=#=#                                                                          
##O#-#                                                                         
##O=#  #                                                                       
#=#=-#  #                                                                      
 #=#=-#   #                                                                    
  #=#=- #   #                                                                  
Note: Deploying liblal_refactor=25.0.0...
#=#=#                                                                          
##O#-#                                                                         
##O=#  #                                                                       
#=#=-#  #                                                                      
 #=#=-#   #                                                                    
  #=#=- #   #                                                                  

ada_language_server=25.0.0 successfully retrieved.
Dependencies were solved as follows:

   +  adasat           25.0.0 (new,indirect)
   +b gnat             15.1.2 (new,gnat_native,indirect,binary)
   +  gnatcoll         25.0.0 (new)
   +  gnatcoll_gmp     25.0.0 (new,indirect)
   +  gnatcoll_iconv   25.0.0 (new,indirect)
   +  langkit_support  25.0.0 (new,indirect)
   +  libadalang       25.0.0 (new)
   +  libadalang_tools 25.0.0 (new)
   +b libgmp           6.3.0  (new,indirect,system package)
   +  libgnatdoc       25.0.0 (new)
   +  libgnatformat    25.0.0 (new)
   +  libgpr           25.0.0 (new,indirect)
   +  libgpr2          25.0.0 (new,indirect)
   +  liblal_refactor  25.0.0 (new)
   +  markdown         25.0.0 (new,indirect)
   +  prettier_ada     25.0.0 (new)
   +  spawn            25.0.0 (new)
   +  templates_parser 25.0.0 (new,indirect)
   +  vss              25.0.0 (new)
   +  xmlada           25.0.0 (new,indirect)
[alr test] Spawning default test for remote crate: alr -d -n build --release -- -cargs:Ada -gnatwn
Note: Running post-fetch actions for templates_parser=25.0.0...
Note: Building libadalang_tools=25.0.0/src/lal_tools.gpr (1/2)...
Setup
   [mkdir]        object directory for project Templates_Parser
   [mkdir]        library directory for project Templates_Parser
   [mkdir]        object directory for project LAL_Tools
   [mkdir]        library directory for project LAL_Tools
Compile
   [Ada]          templates_parser-xml.adb
   [Ada]          templates_parser.adb
   [Ada]          templates_parser-debug.adb
   [Ada]          templates_parser-utils.adb
   [Ada]          templates_parser-query.adb
   [Ada]          templates_parser-input__standalone.adb
   [Ada]          templates_parser_tasking__standard_tasking.adb
   [Ada]          templates_parser-configuration__standalone.ads
   [Ada]          vss-implementation-ucd_core.ads
   [Ada]          vss-implementation-ucd_normalization_utf8.ads
   [Ada]          vss-implementation-ucd_casing_utf8.ads
   [Ada]          vss-implementation-ucd_normalization_common.ads
   [Ada]          vss-string_vectors-internals.adb
   [Ada]          vss-implementation-text_handlers-utf8-dynamic.adb
   [Ada]          vss-strings-cursors-iterators-characters.adb
   [Ada]          vss-strings-templates.adb
   [Ada]          vss-strings-converters-decoders-eucjp.adb
   [Ada]          vss-characters.adb
   [Ada]          vss-strings-cursors-internals.adb
   [Ada]          vss-strings-formatters-strings.adb
   [Ada]          vss-strings-converters-decoders-gb18030-indices.ads
   [Ada]          vss-implementation-fnv_hash.adb
   [Ada]          vss-implementation-ucd_casing.adb
   [Ada]          vss-implementation-line_iterators.adb
   [Ada]          vss-implementation-strings.adb
   [Ada]          vss-strings-converters-encoders.adb
   [Ada]          vss-locales.adb
   [Ada]          vss-strings-formatters-generic_integers.adb
   [Ada]          vss-strings-cursors-markers-internals.adb
   [Ada]          vss-strings-converters-decoders-gb18030.adb
   [Ada]          vss-strings-converters-decoders-utf8.adb
   [Ada]          vss-strings-converters-decoders-iso88592.adb
   [Ada]          vss-strings-cursors-iterators-words.adb
   [Ada]          vss-strings-converters-decoders-iso88591.adb
   [Ada]          vss-strings-converters-decoders-iso88595.adb
   [Ada]          vss-strings-converters-decoders-iso885915.adb
   [Ada]          vss-implementation.ads
   [Ada]          vss-implementation-utf8_normalization.adb
   [Ada]          vss-strings-formatters-generic_modulars.adb
   [Ada]          vss-strings-converters-encoders-utf8.adb
   [Ada]          vss-strings-converters-decoders-iso88596.adb
   [Ada]          vss-strings-converters-decoders-iso88597.adb
   [Ada]          vss-implementation-utf8_casing.adb
   [Ada]          vss-strings-utilities.adb
   [Ada]          vss-strings-converters-decoders-gb18030-ranges.ads
   [Ada]          vss-strings-formatters-generic_enumerations.adb
   [Ada]          vss-strings-converters-decoders-iso88599.adb
   [Ada]          vss-transformers-normalization.adb
   [Ada]          vss-implementation-utf8_encoding.adb
   [Ada]          vss-strings-converters-decoders-eucjp-jis0212.ads
   [Ada]          vss-strings-converters-decoders-iso88598.adb
   [Ada]          vss-strings-cursors-iterators-grapheme_clusters.adb
   [Ada]          vss-strings-converters.adb
   [Ada]          vss-strings-converters-decoders.adb
   [Ada]          vss-strings-hash.adb
   [Ada]          vss-string_vectors.adb
   [Ada]          vss-strings.adb
   [Ada]          vss-transformers-caseless.adb
   [Ada]          vss-strings-cursors-markers.adb
   [Ada]          vss-strings-cursors-iterators-lines.adb
   [Ada]          vss-implementation-character_codes.ads
   [Ada]          vss-strings-converters-decoders-koi8r.adb
   [Ada]          vss-transformers-casing.adb
   [Ada]          vss-strings-converters-decoders-index_jis0208.ads
   [Ada]          vss-strings-cursors.adb
   [Ada]          vss-implementation-text_handlers-utf8-static.adb
   [Ada]          vss-strings-converters-decoders-shiftjis.adb
   [Ada]          vss-implementation-text_handlers-nul.adb
   [Ada]          vss-strings-conversions.adb
   [Ada]          vss-implementation-text_handlers-utf8.adb
   [Ada]          vss-implementation-referrers.adb
   [Ada]          vss-strings-internals.adb
   [Ada]          vss-implementation-text_handlers.adb
   [Ada]          vss-implementation-string_vectors.adb
   [Ada]          vss-strings-formatters.ads
   [Ada]          vss-characters-specials.ads
   [Ada]          vss-characters-latin.ads
   [Ada]          vss-strings-cursors-iterators.ads
   [Ada]          vss-characters-punctuations.ads
   [Ada]          vss-strings-grapheme_cluster_iterators.ads
   [Ada]          vss-strings-markers.ads
   [Ada]          vss-strings-formatters-booleans.ads
   [Ada]          vss-unicode.ads
   [Ada]          vss-strings-word_iterators.ads
   [Ada]          vss.ads
   [Ada]          vss-strings-formatters-integers.ads
   [Ada]          vss-strings-character_iterators.ads
   [Ada]          vss-strings-line_iterators.ads
   [Ada]          vss-transformers.ads
   [Ada]          vss-text_streams-file_output.adb
   [Ada]          vss-text_streams-file_input.adb
   [Ada]          vss-implementation-line_terminator.adb
   [Ada]          vss-stream_element_vectors-internals.adb
   [Ada]          vss-text_streams-memory_utf8_output.adb
   [Ada]          vss-text_streams-memory_utf8_input.adb
   [Ada]          vss-text_streams-standards.adb
   [Ada]          vss-stream_element_vectors.adb
   [Ada]          vss-stream_element_vectors-conversions.adb
   [Ada]          vss-text_streams.ads
   [Ada]          vss-environments.adb
   [Ada]          vss-application.adb
   [Ada]          vss-command_line-parsers.adb
   [Ada]          vss-command_line.adb
   [Ada]          vss-implementation-gcc.ads
   [Ada]          vss-implementation-environment_utilities__posix.adb
   [Ada]          vss-standard_paths__posix.adb
   [Ada]          gnatcoll-iconv.adb
   [Ada]          gnatcoll-gmp-integers.adb
   [Ada]          gnatcoll-gmp.ads
   [Ada]          gnatcoll-gmp-integers-misc.adb
   [Ada]          gnatcoll-gmp-random_state.adb
   [Ada]          gnatcoll-gmp-integers-root_extraction.adb
   [Ada]          gnatcoll-gmp-rational_numbers.adb
   [Ada]          gnatcoll-gmp-integers-number_theoretic.adb
   [Ada]          gnatcoll-gmp-integers-io.adb
   [Ada]          gnatcoll-gmp-lib.ads
   [Ada]          gnatcoll-gmp-integers-random.adb
   [Ada]          gnatcoll-scripts-files.adb
   [Ada]          gnatcoll-projects-normalize.adb
   [Ada]          gnatcoll-scripts-projects.adb
   [Ada]          gnatcoll-projects-krunch.adb
   [Ada]          gnatcoll-projects-aux.adb
   [Ada]          gnatcoll-projects.adb
   [Ada]          gnatcoll-memory.adb
   [Ada]          gnatcoll-tribooleans.adb
   [Ada]          gnatcoll-coders.adb
   [Ada]          gnatcoll-refcount-weakref.adb
   [Ada]          gnatcoll-storage_pools-alignment.adb
   [Ada]          gnatcoll-damerau_levenshtein_distance.ads
   [Ada]          gnatcoll.ads
   [Ada]          gnatcoll-promises.adb
   [Ada]          gnatcoll-coders-streams.adb
   [Ada]          gnatcoll-storage_pools.ads
   [Ada]          gnatcoll-atomic.adb
   [Ada]          gnatcoll-coders-base64.adb
   [Ada]          gnatcoll-refcount.adb
gnatcoll-refcount.ads:90:04: warning: in instantiation at gnatcoll-storage_pools-headers.adb:57 [enabled by default]
gnatcoll-refcount.ads:90:04: warning: possible aliasing problem for type "Header_Access" [enabled by default]
gnatcoll-refcount.ads:90:04: warning: use -fno-strict-aliasing switch for references [enabled by default]
gnatcoll-refcount.ads:90:04: warning: or use "pragma No_Strict_Aliasing (Header_Access);" [enabled by default]
   [Ada]          gnatcoll-locks.adb
   [Ada]          gnatcoll-boyer_moore.adb
   [Ada]          gnatcoll-storage_pools-headers.adb
   [Ada]          gnatcoll-asserts.adb
   [Ada]          gnatcoll-damerau_levenshtein_generic.adb
   [Ada]          gnatcoll-any_types.adb
   [Ada]          gnatcoll-os-libc.ads
   [Ada]          gnatcoll-os-libc-dirent.ads
   [Ada]          gnatcoll-os-libc-spawn.ads
   [Ada]          gnatcoll-os-libc-utime.ads
   [Ada]          gnatcoll-os-libc-stat.ads
   [Ada]          gnatcoll-hash-blake3.adb
   [Ada]          gnatcoll-hash.ads
   [Ada]          gnatcoll-paragraph_filling-words.adb
   [Ada]          gnatcoll-paragraph_filling-badnesses.adb
   [Ada]          gnatcoll-paragraph_filling.adb
   [Ada]          gnatcoll-os-fs.adb
   [Ada]          gnatcoll-os-dir.adb
   [Ada]          gnatcoll-os-process.adb
   [Ada]          gnatcoll-os.ads
   [Ada]          gnatcoll-os-fsutil.adb
   [Ada]          gnatcoll-os-stat.adb
   [Ada]          gnatcoll-email-parser.adb
   [Ada]          gnatcoll-vfs_utils.adb
   [Ada]          gnatcoll-vfs.adb
   [Ada]          gnatcoll-json.adb
   [Ada]          gnatcoll-symbols.adb
   [Ada]          gnatcoll-io-remote-windows.adb
   [Ada]          gnatcoll-io-remote-unix.adb
   [Ada]          gnatcoll-remote.ads
   [Ada]          gnatcoll-opt_parse.adb
   [Ada]          gnatcoll-directed_graph.adb
   [Ada]          gnatcoll-format_columns_vertical.ads
   [Ada]          gnatcoll-file_paths.adb
   [Ada]          gnatcoll-utils.adb
   [Ada]          gnatcoll-pools.adb
   [Ada]          gnatcoll-path.adb
   [Ada]          gnatcoll-strings.ads
   [Ada]          gnatcoll-io.adb
   [Ada]          gnatcoll-buffer.adb
   [Ada]          gnatcoll-io-remote.adb
   [Ada]          gnatcoll-email-utils.adb
   [Ada]          gnatcoll-io-native.adb
   [Ada]          gnatcoll-scripts.adb
   [Ada]          gnatcoll-json-utility.adb
   [Ada]          gnatcoll-random.adb
   [Ada]          gnatcoll-templates.adb
   [Ada]          gnatcoll-terminal.adb
   [Ada]          gnatcoll-config.adb
   [Ada]          gnatcoll-wstring_builders.adb
   [Ada]          gnatcoll-remote-db.adb
   [Ada]          gnatcoll-vfs_types.ads
   [Ada]          gnatcoll-email-mailboxes.adb
   [Ada]          gnatcoll-formatters.adb
   [Ada]          gnatcoll-mmap.adb
   [Ada]          gnatcoll-file_indexes.adb
   [Ada]          gnatcoll-scripts-impl.adb
   [Ada]          gnatcoll-scripts-utils.adb
   [Ada]          gnatcoll-wstring_list_builders.adb
   [Ada]          gnatcoll-strings_impl.adb
   [Ada]          gnatcoll-string_list_builders.adb
   [Ada]          gnatcoll-arg_lists.adb
   [Ada]          gnatcoll-string_builders.adb
   [Ada]          gnatcoll-email.adb
   [Ada]          gnatcoll-traces.adb
   [Ada]          gnatcoll-hash-xxhash__generic.adb
   [Ada]          gnatcoll-mmap-system__unix.adb
   [Ada]          gnatcoll-plugins__unix.adb
   [Ada]          gnatcoll-os-process_types__unix.adb
   [Ada]          gnatcoll-os-random__unix.adb
   [Ada]          gnatcoll-os-constants__osx.ads
   [Ada]          gnatcoll-os-dir_types__unix.ads
   [Ada]          gnatcoll-os-libc_constants__osx.ads
   [Ada]          tgen-logging.adb
   [Ada]          tgen-types-record_types.adb
   [Ada]          tgen-types.adb
   [Ada]          tgen.ads
   [Ada]          tgen-instr_support.adb
   [Ada]          tgen-types-int_types.adb
   [Ada]          tgen-json.adb
   [Ada]          tgen-big_int.ads
   [Ada]          tgen-types-discrete_types.adb
   [Ada]          tgen-strings.adb
   [Ada]          tgen-types-array_types.adb
   [Ada]          tgen-big_reals.ads
   [Ada]          tgen-marshalling_lib.adb
tgen-marshalling_lib.adb:741:19: warning: types for unchecked conversion have different sizes [-gnatwz]
tgen-marshalling_lib.adb:846:19: warning: types for unchecked conversion have different sizes [-gnatwz]
   [Ada]          tgen-numerics.ads
   [Ada]          tgen-types-real_types.adb
   [Ada]          tgen-big_reals_aux.adb
   [Ada]          tgen-types-constraints.adb
   [Ada]          tgen-types-enum_types.adb
   [Ada]          tgen-random.adb
tgen-random.adb:355:40: (style) redundant parentheses [-gnatyz]
tgen-random.adb:431:04: warning: types for unchecked conversion have different sizes [-gnatwz]
tgen-random.adb:434:04: warning: types for unchecked conversion have different sizes [-gnatwz]
   [Ada]          tgen-strategies.adb
   [Ada]          tgen-subprograms.adb
   [Ada]          tgen-marshalling-json_marshallers.adb
   [Ada]          tgen-wrappers.adb
   [Ada]          tgen-marshalling-binary_marshallers.adb
   [Ada]          tgen-marshalling.adb
   [Ada]          tgen-lal_utils.adb
   [Ada]          tgen-parse_strategy.adb
   [Ada]          tgen-templates.ads
   [Ada]          tgen-types-translation.adb
   [Ada]          tgen-files.adb
   [Ada]          tgen-type_representation.adb
   [Ada]          tgen-libgen.adb
   [Ada]          tgen-json-unparse.adb
   [Ada]          tgen-dependency_graph.adb
   [Ada]          tgen-context.ads
   [Ada]          test.ads
   [Ada]          test-mapping.adb
   [Ada]          test-instrument.adb
   [Ada]          test-aggregator.adb
   [Ada]          pp-actions.adb
   [Ada]          pp-buffers.adb
   [Ada]          utils-var_length_ints.adb
   [Ada]          utils-generic_formatted_output.adb
   [Ada]          utils-slow_vectors.adb
   [Ada]          utils-strings.adb
   [Ada]          utils-command_lines.adb
   [Ada]          metrics-line_counting.adb
   [Ada]          metrics.ads
   [Ada]          utils-fast_vectors.adb
   [Ada]          utils-drivers.adb
   [Ada]          utils-symbols.ads
   [Ada]          stub.ads
   [Ada]          pp-formatting-dictionaries.adb
   [Ada]          pp-error_slocs.ads
   [Ada]          test-suite_min.adb
   [Ada]          pp-command_lines.ads
   [Ada]          utils-predefined_symbols.ads
   [Ada]          pp-scanner-lines.adb
   [Ada]          laltools-subprogram_hierarchy.adb
   [Ada]          utils-err_out.ads
   [Ada]          utils-tool_names.adb
   [Ada]          utils-test_pkg.ads
   [Ada]          laltools-common.adb
   [Ada]          laltools.ads
   [Ada]          utils_debug.adb
   [Ada]          laltools-partial_gnatpp.adb
   [Ada]          test-actions.adb
   [Ada]          pp-scanner.adb
pp-scanner.adb:801:26: (style) redundant parentheses [-gnatyz]
   [Ada]          pp.adb
   [Ada]          utils-formatted_output.ads
   [Ada]          laltools-call_hierarchy.adb
   [Ada]          test-subprocess.adb
   [Ada]          test-skeleton.adb
   [Ada]          utils-tools.adb
   [Ada]          test-generation.adb
   [Ada]          test-harness.adb
   [Ada]          utils-char_vectors.ads
   [Ada]          utils-environment.adb
   [Ada]          stub-actions.adb
   [Ada]          stub-command_lines.ads
   [Ada]          utils-projects.adb
   [Ada]          utils-projects-aggregate.adb
   [Ada]          test-command_lines.ads
   [Ada]          utils.adb
   [Ada]          pp-formatting.adb
   [Ada]          metrics-command_lines.ads
   [Ada]          utils-command_lines-common.adb
   [Ada]          test-stub.adb
   [Ada]          utils-dbg_out.ads
   [Ada]          utils-string_utilities.adb
   [Ada]          utils-generic_symbols.adb
   [Ada]          test-skeleton-source_table.adb
   [Ada]          utils-vectors.ads
   [Ada]          metrics-actions.adb
   [Ada]          utils-versions.adb
   [Ada]          test-common.adb
   [Ada]          utils-formatted_stderr.ads
   [Ada]          test-harness-source_table.adb
   [Ada]          lal_extensions.adb
Build Libraries
   [gprlib]       gnatcoll_minimal.lexch
   [gprlib]       gnatcoll_core.lexch
   [archive]      libgnatcoll_minimal.a
   [index]        libgnatcoll_minimal.a
   [archive]      libgnatcoll_core.a
   [gprlib]       gnatcoll_projects.lexch
   [index]        libgnatcoll_core.a
   [gprlib]       gnatcoll_gmp.lexch
   [gprlib]       gnatcoll_iconv.lexch
   [archive]      libgnatcoll_projects.a
   [gprlib]       vss.lexch
   [archive]      libgnatcoll_gmp.a
   [archive]      libgnatcoll_iconv.a
   [index]        libgnatcoll_iconv.a
   [index]        libgnatcoll_gmp.a
   [index]        libgnatcoll_projects.a
   [archive]      libvss.a
   [index]        libvss.a
   [gprlib]       prettier_ada.lexch
   [archive]      libprettier_ada.a
   [index]        libprettier_ada.a
   [gprlib]       langkit_support.lexch
   [gprlib]       gpr2.lexch
   [bind SAL]     langkit_support
   [archive]      libgpr2.a
   [Ada]          b__langkit_support.adb
   [index]        libgpr2.a
   [objcopy]      p__langkit_support_1.o
   [archive]      liblangkit_support.a
   [index]        liblangkit_support.a
   [gprlib]       adalang.lexch
   [gprlib]       templates_parser.lexch
   [gprlib]       lal_tools.lexch
   [bind SAL]     adalang
   [archive]      libtemplates_parser.a
   [index]        libtemplates_parser.a
   [Ada]          b__adalang.adb
   [objcopy]      p__adalang_0.o
   [archive]      libadalang.a
   [index]        libadalang.a
   [archive]      liblal_tools.a
   [index]        liblal_tools.a
Note: Building libadalang_tools=25.0.0/src/build.gpr (2/2)...
Setup
   [mkdir]        exec directory for project Build
Compile
   [Ada]          pp-main.adb
   [Ada]          metrics-main.adb
   [Ada]          stub-main.adb
   [Ada]          test-main.adb
   [Ada]          utils-var_length_ints-test.adb
Bind
   [gprbind]      pp-main.bexch
   [gprbind]      metrics-main.bexch
   [gprbind]      stub-main.bexch
   [Ada]          metrics-main.ali
   [Ada]          stub-main.ali
   [Ada]          pp-main.ali
   [gprbind]      test-main.bexch
   [Ada]          test-main.ali
   [gprbind]      utils-var_length_ints-test.bexch
   [Ada]          utils-var_length_ints-test.ali
Link
   [link]         pp-main.adb
   [link]         metrics-main.adb
   [link]         stub-main.adb
   [link]         test-main.adb
   [link]         utils-var_length_ints-test.adb
Note: Building ada_language_server=25.0.0/gnat/lsp_server.gpr...
Setup
   [mkdir]        object directory for project LAL_Refactor
   [mkdir]        library directory for project LAL_Refactor
   [mkdir]        object directory for project LibGNATdoc
   [mkdir]        object directory for project Spawn
   [mkdir]        library directory for project Spawn
   [mkdir]        object directory for project Gnatformat
   [mkdir]        library directory for project Gnatformat
   [mkdir]        object directory for project LSP_Base
   [mkdir]        object directory for project LSP_3_17
   [mkdir]        object directory for project LSP_Server
lsp_server.gpr:19:09: warning: there are no sources of language "C++" in this project
Compile
   [Ada]          lsp-ada_driver.adb
   [Ada]          gnatformat.ads
   [Ada]          gnatformat-formatting.adb
   [Ada]          gnatformat-utils.ads
   [Ada]          gnatformat-configuration.adb
   [c]            pipe2.c
   [c]            posix_const.c
   [Ada]          spawn-process_listeners.ads
   [Ada]          spawn-processes.adb
   [Ada]          spawn.ads
   [Ada]          spawn-polls-posix_polls.adb
   [Ada]          spawn-common.adb
   [Ada]          spawn-posix.ads
   [Ada]          spawn-string_vectors.ads
   [Ada]          spawn-environments.adb
   [Ada]          spawn-processes-monitor_loop.adb
   [Ada]          spawn-polls.ads
   [Ada]          spawn-channels__posix.adb
   [Ada]          spawn-internal__posix.adb
   [Ada]          spawn-environments-internal__posix.adb
   [Ada]          spawn-internal-monitor__posix.adb
   [Ada]          vss-regular_expressions-engines.adb
   [Ada]          vss-regular_expressions.adb
   [Ada]          vss-regular_expressions-name_sets.adb
   [Ada]          vss-regular_expressions-category_maps.adb
   [Ada]          vss-regular_expressions-ecma_parser.adb
   [Ada]          vss-regular_expressions-utilities.adb
   [Ada]          vss-regular_expressions-pike_engines.adb
   [Ada]          vss-regular_expressions-matches.adb
   [Ada]          vss-json-implementation-numbers-clinger.adb
   [Ada]          vss-json-implementation-big_integers.adb
   [Ada]          vss-json-pull_readers-simple.adb
   [Ada]          vss-json-streams-cursors.adb
   [Ada]          vss-json-pull_readers.adb
   [Ada]          vss-json-implementation-packed_decimals.adb
   [Ada]          vss-json-pull_readers-buffered.adb
   [Ada]          vss-json-implementation-parsers-json.adb
   [Ada]          vss-json-implementation-numbers-eisel_lemire.adb
   [Ada]          vss-json-implementation.ads
   [Ada]          vss-json.adb
   [Ada]          vss-json-implementation-numbers.adb
   [Ada]          vss-json-push_writers.adb
   [Ada]          vss-json-implementation-parsers-json5.adb
   [Ada]          vss-json-implementation-numbers-tables.ads
   [Ada]          vss-json-implementation-parsers.adb
   [Ada]          vss-json-push_readers-simple.adb
   [Ada]          vss-json-pull_readers-json5.adb
   [Ada]          vss-json-content_handlers.adb
   [Ada]          vss-json-push_readers.ads
   [Ada]          vss-json-streams.ads
   [Ada]          vss-json-implementation-arithmetic_64__128.adb
   [Ada]          lal_refactor-tools.adb
   [Ada]          lal_refactor-tools-array_aggregates_tool.adb
   [Ada]          lal_refactor-suppress_separate.adb
   [Ada]          lal_refactor-auto_import.adb
   [Ada]          lal_refactor-subprogram_signature-change_parameters_type.adb
   [Ada]          lal_refactor-sort_dependencies.adb
   [Ada]          lal_refactor-output.adb
   [Ada]          lal_refactor-replace_type.adb
   [Ada]          lal_refactor-pull_up_declaration.adb
   [Ada]          lal_refactor-tools-scope_declarations_tool.adb
   [Ada]          lal_refactor-command_line.ads
lal_refactor-pull_up_declaration.adb:456:27: (style) redundant parentheses [-gnatyz]
lal_refactor-pull_up_declaration.adb:1050:31: (style) redundant parentheses [-gnatyz]
lal_refactor-pull_up_declaration.adb:1051:31: (style) redundant parentheses [-gnatyz]
   [Ada]          lal_refactor-safe_rename.adb
   [Ada]          lal_refactor-extract_subprogram.adb
   [Ada]          lal_refactor-subprogram_signature.adb
   [Ada]          lal_refactor-introduce_parameter.adb
   [Ada]          lal_refactor-file_edits.adb
   [Ada]          lal_refactor-tools-record_components_tool.adb
   [Ada]          lal_refactor-utils.adb
   [Ada]          lal_refactor-tools-relocate_decls_tool.adb
   [Ada]          lal_refactor-subprogram_signature-remove_parameter.adb
   [Ada]          lal_refactor-tools-suppress_dead_params_tool.adb
   [Ada]          lal_refactor-subprogram_signature-change_parameters_default_value.adb
   [Ada]          lal_refactor.adb
   [Ada]          lsp.ads
   [Ada]          lsp-ada_commands.adb
   [Ada]          lsp-ada_declaration.adb
   [Ada]          lsp-ada_definition.adb
   [Ada]          lsp-ada_did_change_configurations.adb
   [Ada]          lsp-ada_did_change_document.adb
   [Ada]          lsp-ada_document_symbol.adb
   [Ada]          lsp-ada_execute_command.adb
   [Ada]          lsp-ada_folding_range.adb
   [Ada]          lsp-ada_handlers.adb
   [Ada]          lsp-ada_handlers-executables_commands.adb
   [Ada]          lsp-ada_handlers-mains_commands.adb
   [Ada]          lsp-ada_handlers-named_parameters_commands.adb
   [Ada]          lsp-ada_handlers-object_dir_commands.adb
   [Ada]          lsp-ada_handlers-other_file_commands.adb
   [Ada]          lsp-ada_handlers-project_file_commands.adb
   [Ada]          lsp-ada_handlers-project_reload_commands.adb
   [Ada]          lsp-ada_handlers-refactor.adb
   [Ada]          lsp-ada_handlers-refactor-add_parameter.adb
   [Ada]          lsp-ada_handlers-refactor-auto_import.adb
   [Ada]          lsp-ada_handlers-refactor-change_parameter_mode.adb
   [Ada]          lsp-ada_handlers-refactor-change_parameters_default_value.adb
   [Ada]          lsp-ada_handlers-refactor-change_parameters_type.adb
   [Ada]          lsp-ada_handlers-refactor-extract_subprogram.adb
   [Ada]          lsp-ada_handlers-refactor-introduce_parameter.adb
   [Ada]          lsp-ada_handlers-refactor-move_parameter.adb
   [Ada]          lsp-ada_handlers-refactor-pull_up_declaration.adb
   [Ada]          lsp-ada_handlers-refactor-remove_parameter.adb
   [Ada]          lsp-ada_handlers-refactor-replace_type.adb
   [Ada]          lsp-ada_handlers-refactor-sort_dependencies.adb
   [Ada]          lsp-ada_handlers-refactor-suppress_seperate.adb
   [Ada]          lsp-ada_handlers-show_dependencies_commands.adb
   [Ada]          lsp-ada_handlers-source_dirs_commands.adb
   [Ada]          lsp-ada_handlers-suspend_executions.adb
   [Ada]          lsp-ada_hover.adb
   [Ada]          lsp-ada_prepare_type_hierarchy.adb
   [Ada]          lsp-ada_references.adb
   [Ada]          lsp-ada_tokens_full.adb
   [Ada]          lsp-ada_tokens_range.adb
   [Ada]          lsp-ada_type_hierarchy_subtypes.adb
   [Ada]          lsp-ada_type_hierarchy_supertypes.adb
   [Ada]          lsp-default_message_handlers.adb
   [Ada]          lsp-gnatcoll_trace_streams.adb
   [Ada]          lsp-gnatcoll_tracers.adb
   [Ada]          lsp-gpr_did_change_document.adb
   [Ada]          lsp-gpr_external_tools.adb
   [Ada]          lsp-gpr_handlers.adb
   [Ada]          lsp-memory_statistics.adb
   [Ada]          lsp-predefined_completion.adb
   [Ada]          lsp-secure_message_loggers.adb
   [Ada]          lsp-server_jobs.ads
   [Ada]          lsp-server_notifications.adb
   [Ada]          lsp-server_notifications-didchange.adb
   [Ada]          lsp-server_notifications-didchangeconfiguration.adb
   [Ada]          lsp-server_notifications-didchangeworkspacefolders.adb
   [Ada]          lsp-server_notifications-didclose.adb
   [Ada]          lsp-server_notifications-didopen.adb
   [Ada]          lsp-server_notifications-exits.adb
   [Ada]          lsp-server_requests.adb
   [Ada]          lsp-server_requests-declaration.adb
   [Ada]          lsp-server_requests-definition.adb
   [Ada]          lsp-server_requests-documentsymbol.adb
   [Ada]          lsp-server_requests-executecommand.adb
   [Ada]          lsp-server_requests-foldingrange.adb
   [Ada]          lsp-server_requests-hover.adb
   [Ada]          lsp-server_requests-initialize.adb
   [Ada]          lsp-server_requests-preparetypehierarchy.adb
   [Ada]          lsp-server_requests-references.adb
   [Ada]          lsp-server_requests-subtypes.adb
   [Ada]          lsp-server_requests-supertypes.adb
   [Ada]          lsp-server_requests-tokens_full.adb
   [Ada]          lsp-server_requests-tokens_range.adb
   [Ada]          lsp-servers.adb
   [Ada]          lsp-stdio_streams.adb
   [Ada]          s-memory.adb
   [Ada]          lsp-errors.ads
   [Ada]          lsp-structures.adb
   [Ada]          lsp-ada_context_sets.adb
   [Ada]          lsp-ada_handlers-locations.adb
   [Ada]          lsp-ada_request_jobs.adb
   [Ada]          lsp-client_message_receivers.ads
   [Ada]          lsp-enumerations.ads
   [Ada]          lsp-locations.ads
   [Ada]          lsp-ada_job_contexts.ads
   [Ada]          lsp-server_message_handlers.ads
   [Ada]          lsp-server_messages.ads
   [Ada]          lsp-ada_configurations.adb
   [Ada]          lsp-ada_documents.adb
   [Ada]          lsp-constants.ads
   [Ada]          lsp-search.adb
   [Ada]          lsp-utils.adb
   [Ada]          lsp-ada_completions.adb
   [Ada]          lsp-ada_completions-aspects.adb
   [Ada]          lsp-ada_completions-attributes.adb
   [Ada]          lsp-ada_completions-end_names.adb
   [Ada]          lsp-ada_completions-keywords.adb
   [Ada]          lsp-ada_completions-names.adb
   [Ada]          lsp-ada_completions-parameters.adb
   [Ada]          lsp-ada_completions-pragmas.adb
   [Ada]          lsp-ada_completions-use_clauses.adb
   [Ada]          lsp-ada_documentation.adb
   [Ada]          lsp-ada_empty_handlers.adb
   [Ada]          lsp-ada_handlers-call_hierarchy.adb
   [Ada]          lsp-ada_handlers-formatting.adb
   [Ada]          lsp-ada_handlers-invisibles.adb
   [Ada]          lsp-ada_handlers-project_diagnostics.adb
   [Ada]          lsp-ada_handlers-project_loading.adb
   [Ada]          lsp-ada_handlers-renaming.adb
   [Ada]          lsp-ada_handlers-symbols.adb
   [Ada]          lsp-client_side_file_monitors.adb
   [Ada]          lsp-diagnostic_sources.ads
   [Ada]          lsp-formatters.ads
   [Ada]          lsp-formatters-texts.adb
   [Ada]          lsp-generic_cancel_check.adb
   [Ada]          lsp-gnatcoll_tracers-handle.adb
   [Ada]          lsp-servers-fs_watch.adb
   [Ada]          lsp-structures-lspany_vectors.adb
   [Ada]          lsp-ada_client_capabilities.adb
   [Ada]          lsp-ada_contexts.adb
   [Ada]          lsp-ada_file_sets.adb
   [Ada]          lsp-ada_highlighters.adb
   [Ada]          lsp-ada_project_loading.adb
   [Ada]          lsp-file_monitors.ads
   [Ada]          lsp-server_message_visitors.ads
   [Ada]          lsp-server_notification_receivers.ads
   [Ada]          lsp-server_request_receivers.ads
   [Ada]          lsp-tracers.ads
   [Ada]          lsp-unimplemented_handlers.adb
   [Ada]          uris.adb
   [Ada]          lsp-server_request_jobs.adb
   [Ada]          lsp-ada_id_iterators.adb
   [Ada]          lsp-gpr_documents.adb
   [Ada]          lsp-gpr_files.adb
   [Ada]          lsp-gpr_job_contexts.ads
   [Ada]          lsp-client_message_visitors.ads
   [Ada]          lsp-client_notification_loggers.adb
   [Ada]          lsp-client_notifications.adb
   [Ada]          lsp-client_request_loggers.adb
   [Ada]          lsp-client_requests.adb
   [Ada]          lsp-client_response_loggers.adb
   [Ada]          lsp-client_responses.adb
   [Ada]          lsp-server_notification_loggers.adb
   [Ada]          lsp-server_request_loggers.adb
   [Ada]          lsp-server_response_loggers.adb
   [Ada]          lsp-server_responses.adb
   [Ada]          lsp-predefined_completion-ada2012.ads
   [Ada]          lsp-gpr_completions.adb
   [Ada]          lsp-gpr_documentation.adb
   [Ada]          lsp-gpr_file_readers.adb
   [Ada]          lsp-gpr_files-references.adb
   [Ada]          lsp-gpr_files-symbols.adb
   [Ada]          lsp-text_documents.adb
   [Ada]          lsp-text_documents-langkit_documents.adb
   [Ada]          lsp-client_message_writers.adb
   [Ada]          lsp-known_requests.adb
   [Ada]          lsp-lifecycle_checkers.adb
   [Ada]          lsp-register_fallbacks.adb
   [Ada]          lsp-server_notification_readers.adb
   [Ada]          lsp-server_request_readers.adb
   [Ada]          lsp-client_message_factories.adb
   [Ada]          lsp-client_messages.ads
   [Ada]          lsp-job_schedulers.adb
   [Ada]          lsp-client_notification_receivers.ads
   [Ada]          lsp-client_request_receivers.ads
   [Ada]          lsp-client_response_receivers.ads
   [Ada]          lsp-progress_report_receivers.ads
   [Ada]          gnatdoc.ads
   [Ada]          gnatdoc-comments.adb
   [Ada]          gnatdoc-comments-options.ads
   [Ada]          lsp-ada_completions-filters.adb
   [Ada]          lsp-ada_documents-lal_diagnostics.adb
   [Ada]          lsp-formatters-file_names.adb
   [Ada]          lsp-gnatformat_utils.adb
   [Ada]          lsp-predicates.adb
   [Ada]          lsp-search-approximate.adb
   [Ada]          lsp-search-empty.adb
   [Ada]          lsp-search-full_text.adb
   [Ada]          lsp-search-fuzzy.adb
   [Ada]          lsp-search-regexp.adb
   [Ada]          lsp-search-start_word.adb
   [Ada]          lsp-ada_completions-generic_assoc.adb
   [Ada]          lsp-ada_completions-generic_assoc_utils.ads
   [Ada]          gnatdoc-comments-helpers.adb
   [Ada]          lsp-ada_handlers-file_readers.adb
   [Ada]          lsp-ada_indexing.adb
   [Ada]          lsp-alire.adb
   [Ada]          libfswatch.ads
   [Ada]          lsp-server_notifications-didchangewatchedfiles.adb
   [Ada]          lsp-structures-unwrap.ads
   [Ada]          lsp-ada_projects.adb
   [Ada]          lsp-base_notification_receivers.ads
   [Ada]          lsp-progress_reports.adb
   [Ada]          lsp-base_notification_loggers.adb
   [Ada]          lsp-server_response_receivers.ads
   [Ada]          lsp-client_notification_writers.adb
   [Ada]          lsp-client_request_writers.adb
   [Ada]          lsp-client_response_writers.adb
   [Ada]          lsp-progress_report_writers.adb
   [Ada]          lsp-structures-hashes.ads
   [Ada]          lsp-input_tools.adb
   [Ada]          lsp-inputs.adb
   [Ada]          lsp-server_notifications-cancel.adb
   [Ada]          lsp-server_notifications-cancelrequest.adb
   [Ada]          lsp-server_notifications-didchangenotebook.adb
   [Ada]          lsp-server_notifications-didclosenotebook.adb
   [Ada]          lsp-server_notifications-didcreatefiles.adb
   [Ada]          lsp-server_notifications-diddeletefiles.adb
   [Ada]          lsp-server_notifications-didopennotebook.adb
   [Ada]          lsp-server_notifications-didrenamefiles.adb
   [Ada]          lsp-server_notifications-didsave.adb
   [Ada]          lsp-server_notifications-didsavenotebook.adb
   [Ada]          lsp-server_notifications-initialized.adb
   [Ada]          lsp-server_notifications-progress.adb
   [Ada]          lsp-server_notifications-settrace.adb
   [Ada]          lsp-server_notifications-willsave.adb
   [Ada]          minimal_perfect_hash.adb
   [Ada]          lsp-server_requests-alschecksyntax.adb
   [Ada]          lsp-server_requests-code_action_resolve.adb
   [Ada]          lsp-server_requests-code_lens_resolve.adb
   [Ada]          lsp-server_requests-codeaction.adb
   [Ada]          lsp-server_requests-codelens.adb
   [Ada]          lsp-server_requests-colorpresentation.adb
   [Ada]          lsp-server_requests-completion.adb
   [Ada]          lsp-server_requests-completion_resolve.adb
   [Ada]          lsp-server_requests-diagnostic.adb
   [Ada]          lsp-server_requests-documentcolor.adb
   [Ada]          lsp-server_requests-documenthighlight.adb
   [Ada]          lsp-server_requests-documentlink.adb
   [Ada]          lsp-server_requests-formatting.adb
   [Ada]          lsp-server_requests-implementation.adb
   [Ada]          lsp-server_requests-incomingcalls.adb
   [Ada]          lsp-server_requests-inlay_resolve.adb
   [Ada]          lsp-server_requests-inlayhint.adb
   [Ada]          lsp-server_requests-inlinevalue.adb
   [Ada]          lsp-server_requests-link_resolve.adb
   [Ada]          lsp-server_requests-linkededitingrange.adb
   [Ada]          lsp-server_requests-moniker.adb
   [Ada]          lsp-server_requests-ontypeformatting.adb
   [Ada]          lsp-server_requests-outgoingcalls.adb
   [Ada]          lsp-server_requests-preparecallhierarchy.adb
   [Ada]          lsp-server_requests-preparerename.adb
   [Ada]          lsp-server_requests-rangeformatting.adb
   [Ada]          lsp-server_requests-rename.adb
   [Ada]          lsp-server_requests-selectionrange.adb
   [Ada]          lsp-server_requests-shutdown.adb
   [Ada]          lsp-server_requests-signaturehelp.adb
   [Ada]          lsp-server_requests-symbol.adb
   [Ada]          lsp-server_requests-symbol_resolve.adb
   [Ada]          lsp-server_requests-tokens_delta.adb
   [Ada]          lsp-server_requests-typedefinition.adb
   [Ada]          lsp-server_requests-willcreatefiles.adb
   [Ada]          lsp-server_requests-willdeletefiles.adb
   [Ada]          lsp-server_requests-willrenamefiles.adb
   [Ada]          lsp-server_requests-willsavewaituntil.adb
   [Ada]          lsp-server_requests-workspace_diagnostic.adb
   [Ada]          lsp-client_notifications-event.adb
   [Ada]          lsp-client_notifications-logmessage.adb
   [Ada]          lsp-client_notifications-logtrace.adb
   [Ada]          lsp-client_notifications-publishdiagnostics.adb
   [Ada]          lsp-client_notifications-showmessage.adb
   [Ada]          lsp-client_requests-applyedit.adb
   [Ada]          lsp-client_requests-code_lens_refresh.adb
   [Ada]          lsp-client_requests-configuration.adb
   [Ada]          lsp-client_requests-diagnostic_refresh.adb
   [Ada]          lsp-client_requests-inlay_refresh.adb
   [Ada]          lsp-client_requests-inline_refresh.adb
   [Ada]          lsp-client_requests-progress_create.adb
   [Ada]          lsp-client_requests-registercapability.adb
   [Ada]          lsp-client_requests-showdocument.adb
   [Ada]          lsp-client_requests-showmessagerequest.adb
   [Ada]          lsp-client_requests-tokens_refresh.adb
   [Ada]          lsp-client_requests-unregistercapability.adb
   [Ada]          lsp-client_requests-workspacefolders.adb
   [Ada]          lsp-client_responses-alschecksyntax.adb
   [Ada]          lsp-client_responses-code_action_resolve.adb
   [Ada]          lsp-client_responses-code_lens_resolve.adb
   [Ada]          lsp-client_responses-codeaction.adb
   [Ada]          lsp-client_responses-codelens.adb
   [Ada]          lsp-client_responses-colorpresentation.adb
   [Ada]          lsp-client_responses-completion.adb
   [Ada]          lsp-client_responses-completion_resolve.adb
   [Ada]          lsp-client_responses-declaration.adb
   [Ada]          lsp-client_responses-definition.adb
   [Ada]          lsp-client_responses-diagnostic.adb
   [Ada]          lsp-client_responses-documentcolor.adb
   [Ada]          lsp-client_responses-documenthighlight.adb
   [Ada]          lsp-client_responses-documentlink.adb
   [Ada]          lsp-client_responses-documentsymbol.adb
   [Ada]          lsp-client_responses-errors.adb
   [Ada]          lsp-client_responses-executecommand.adb
   [Ada]          lsp-client_responses-foldingrange.adb
   [Ada]          lsp-client_responses-formatting.adb
   [Ada]          lsp-client_responses-hover.adb
   [Ada]          lsp-client_responses-implementation.adb
   [Ada]          lsp-client_responses-incomingcalls.adb
   [Ada]          lsp-client_responses-initialize.adb
   [Ada]          lsp-client_responses-inlay_resolve.adb
   [Ada]          lsp-client_responses-inlayhint.adb
   [Ada]          lsp-client_responses-inlinevalue.adb
   [Ada]          lsp-client_responses-link_resolve.adb
   [Ada]          lsp-client_responses-linkededitingrange.adb
   [Ada]          lsp-client_responses-moniker.adb
   [Ada]          lsp-client_responses-ontypeformatting.adb
   [Ada]          lsp-client_responses-outgoingcalls.adb
   [Ada]          lsp-client_responses-preparecallhierarchy.adb
   [Ada]          lsp-client_responses-preparerename.adb
   [Ada]          lsp-client_responses-preparetypehierarchy.adb
   [Ada]          lsp-client_responses-rangeformatting.adb
   [Ada]          lsp-client_responses-references.adb
   [Ada]          lsp-client_responses-rename.adb
   [Ada]          lsp-client_responses-selectionrange.adb
   [Ada]          lsp-client_responses-shutdown.adb
   [Ada]          lsp-client_responses-signaturehelp.adb
   [Ada]          lsp-client_responses-subtypes.adb
   [Ada]          lsp-client_responses-supertypes.adb
   [Ada]          lsp-client_responses-symbol.adb
   [Ada]          lsp-client_responses-symbol_resolve.adb
   [Ada]          lsp-client_responses-tokens_delta.adb
   [Ada]          lsp-client_responses-tokens_full.adb
   [Ada]          lsp-client_responses-tokens_range.adb
   [Ada]          lsp-client_responses-typedefinition.adb
   [Ada]          lsp-client_responses-willcreatefiles.adb
   [Ada]          lsp-client_responses-willdeletefiles.adb
   [Ada]          lsp-client_responses-willrenamefiles.adb
   [Ada]          lsp-client_responses-willsavewaituntil.adb
   [Ada]          lsp-client_responses-workspace_diagnostic.adb
   [Ada]          lsp-progress_reports-codeaction.adb
   [Ada]          lsp-progress_reports-codelens.adb
   [Ada]          lsp-progress_reports-colorpresentation.adb
   [Ada]          lsp-progress_reports-completion.adb
   [Ada]          lsp-progress_reports-declaration.adb
   [Ada]          lsp-progress_reports-definition.adb
   [Ada]          lsp-progress_reports-diagnostic.adb
   [Ada]          lsp-progress_reports-documentcolor.adb
   [Ada]          lsp-progress_reports-documenthighlight.adb
   [Ada]          lsp-progress_reports-documentlink.adb
   [Ada]          lsp-progress_reports-documentsymbol.adb
   [Ada]          lsp-progress_reports-foldingrange.adb
   [Ada]          lsp-progress_reports-implementation.adb
   [Ada]          lsp-progress_reports-incomingcalls.adb
   [Ada]          lsp-progress_reports-inlayhint.adb
   [Ada]          lsp-progress_reports-inlinevalue.adb
   [Ada]          lsp-progress_reports-moniker.adb
   [Ada]          lsp-progress_reports-outgoingcalls.adb
   [Ada]          lsp-progress_reports-progressbegin.adb
   [Ada]          lsp-progress_reports-progressend.adb
   [Ada]          lsp-progress_reports-progressreport.adb
   [Ada]          lsp-progress_reports-references.adb
   [Ada]          lsp-progress_reports-selectionrange.adb
   [Ada]          lsp-progress_reports-subtypes.adb
   [Ada]          lsp-progress_reports-supertypes.adb
   [Ada]          lsp-progress_reports-symbol.adb
   [Ada]          lsp-progress_reports-tokens_delta.adb
   [Ada]          lsp-progress_reports-tokens_full.adb
   [Ada]          lsp-progress_reports-tokens_range.adb
   [Ada]          lsp-progress_reports-typedefinition.adb
   [Ada]          lsp-progress_reports-workspace_diagnostic.adb
   [Ada]          lsp-server_responses-applyedit.adb
   [Ada]          lsp-server_responses-code_lens_refresh.adb
   [Ada]          lsp-server_responses-configuration.adb
   [Ada]          lsp-server_responses-diagnostic_refresh.adb
   [Ada]          lsp-server_responses-inlay_refresh.adb
   [Ada]          lsp-server_responses-inline_refresh.adb
   [Ada]          lsp-server_responses-progress_create.adb
   [Ada]          lsp-server_responses-registercapability.adb
   [Ada]          lsp-server_responses-showdocument.adb
   [Ada]          lsp-server_responses-showmessagerequest.adb
   [Ada]          lsp-server_responses-tokens_refresh.adb
   [Ada]          lsp-server_responses-unregistercapability.adb
   [Ada]          lsp-server_responses-workspacefolders.adb
   [Ada]          gnatdoc-comments-extractor.adb
   [Ada]          gnatdoc-comments-utilities.adb
   [Ada]          lsp-output_tools.adb
   [Ada]          lsp-outputs.adb
   [Ada]          lsp-base_notification_writers.adb
   [Ada]          lsp-inputs-part_1.adb
   [Ada]          lsp-inputs-part_10.adb
   [Ada]          lsp-inputs-part_11.adb
   [Ada]          lsp-inputs-part_12.adb
   [Ada]          lsp-inputs-part_13.adb
   [Ada]          lsp-inputs-part_14.adb
   [Ada]          lsp-inputs-part_15.adb
   [Ada]          lsp-inputs-part_16.adb
   [Ada]          lsp-inputs-part_17.adb
   [Ada]          lsp-inputs-part_18.adb
   [Ada]          lsp-inputs-part_19.adb
   [Ada]          lsp-inputs-part_2.adb
   [Ada]          lsp-inputs-part_20.adb
   [Ada]          lsp-inputs-part_21.adb
   [Ada]          lsp-inputs-part_22.adb
   [Ada]          lsp-inputs-part_23.adb
   [Ada]          lsp-inputs-part_24.adb
   [Ada]          lsp-inputs-part_25.adb
   [Ada]          lsp-inputs-part_26.adb
   [Ada]          lsp-inputs-part_27.adb
   [Ada]          lsp-inputs-part_28.adb
   [Ada]          lsp-inputs-part_29.adb
   [Ada]          lsp-inputs-part_3.adb
   [Ada]          lsp-inputs-part_30.adb
   [Ada]          lsp-inputs-part_31.adb
   [Ada]          lsp-inputs-part_32.adb
   [Ada]          lsp-inputs-part_4.adb
   [Ada]          lsp-inputs-part_5.adb
   [Ada]          lsp-inputs-part_6.adb
   [Ada]          lsp-inputs-part_7.adb
   [Ada]          lsp-inputs-part_8.adb
   [Ada]          lsp-inputs-part_9.adb
   [Ada]          gnatdoc-comments-builders.adb
   [Ada]          gnatdoc-comments-builders-enumerations.adb
   [Ada]          gnatdoc-comments-builders-generics.adb
   [Ada]          gnatdoc-comments-builders-private_types.adb
   [Ada]          gnatdoc-comments-builders-protecteds.adb
   [Ada]          gnatdoc-comments-builders-records.adb
   [Ada]          gnatdoc-comments-builders-subprograms.adb
   [Ada]          gnatdoc-messages.adb
Build Libraries
   [gprlib]       vss-json.lexch
   [gprlib]       lal-refactor.lexch
   [archive]      libvss-json.a
   [index]        libvss-json.a
   [gprlib]       vss-regexp.lexch
   [gprlib]       spawn.lexch
   [archive]      liblal-refactor.a
   [gprlib]       gnatformat.lexch
   [archive]      libvss-regexp.a
   [archive]      libspawn.a
   [index]        libvss-regexp.a
   [index]        libspawn.a
   [archive]      libgnatformat.a
   [index]        libgnatformat.a
   [index]        liblal-refactor.a
Bind
   [gprbind]      lsp-ada_driver.bexch
   [Ada]          lsp-ada_driver.ali
Link
   [link]         lsp-ada_driver.adb
Success: Build finished successfully in 3474.17 seconds.
Found declared GPR file: gnat/lsp_server.gpr
[alr test] Test completed SUCCESSFULLY
