Test ran at 2025-09-30 01:28:28.576127+00:00

SOLUTION:
gnat_xtensa_esp32_elf=15.2.1: The GNAT Ada compiler - ESP32 cross-compiler
Provides: gnat=15.2.1
Origin: (case OS is Linux => (case Host_Arch is Aarch64 => binary archive gnat-xtensa-esp32-elf-linux64-aarch64-15.2.0-1.tar.gz at https://github.com/alire-project/GNAT-FSF-builds/releases/download/gnat-15.2.0-1/gnat-xtensa-esp32-elf-linux64-aarch64-15.2.0-1.tar.gz, X86_64 => binary archive gnat-xtensa-esp32-elf-linux64-x86_64-15.2.0-1.tar.gz at https://github.com/alire-project/GNAT-FSF-builds/releases/download/gnat-15.2.0-1/gnat-xtensa-esp32-elf-linux64-x86_64-15.2.0-1.tar.gz), Macos => (case Host_Arch is X86_64 => binary archive gnat-xtensa-esp32-elf-darwin-x86_64-15.2.0-1.tar.gz at https://github.com/alire-project/GNAT-FSF-builds/releases/download/gnat-15.2.0-1/gnat-xtensa-esp32-elf-darwin-x86_64-15.2.0-1.tar.gz), Windows => (case Host_Arch is X86_64 => binary archive gnat-xtensa-esp32-elf-windows64-x86_64-15.2.0-1.tar.gz at https://github.com/alire-project/GNAT-FSF-builds/releases/download/gnat-15.2.0-1/gnat-xtensa-esp32-elf-windows64-x86_64-15.2.0-1.tar.gz)) with hash sha256:0eebc758a991a0500f1f878c4b7ee1eab6cb9e18737914efd1d8ef87831a54a7
Properties:
   Auto_Gpr_With: auto-gpr-with=false
   Configuration: no modifiers
   Description: The GNAT Ada compiler - ESP32 cross-compiler
   Environment: PATH=${CRATE_ROOT}/bin:${PATH}
   License: GPL-3.0-or-later AND GPL-3.0-or-later WITH GCC-exception-3.1
   Maintainer: chouteau@adacore.com
   Maintainer: sagaert@adacore.com
   Maintainers_Logins: Fabien-Chouteau
   Maintainers_Logins: AldanTanneo
   Name: gnat_xtensa_esp32_elf
   Version: 15.2.1
   Website: https://github.com/alire-project/GNAT-FSF-builds


LOG:
[alr test] Testing gnat_xtensa_esp32_elf=15.2.1
[alr test] Spawning retrieval for remote crate: alr -d -n get gnat_xtensa_esp32_elf=15.2.1
Note: Deploying gnat_xtensa_esp32_elf=15.2.1...
#=#=#                                                                         

                                                                           0.0%
###                                                                        4.5%
######                                                                     9.0%
#########                                                                 13.6%
############                                                              17.7%
##############                                                            20.0%
################                                                          22.6%
###################                                                       27.2%
######################                                                    31.7%
##########################                                                36.2%
##############################                                            42.5%
################################                                          45.2%
###################################                                       49.1%
####################################                                      50.7%
#######################################                                   54.3%
##########################################                                58.8%
#############################################                             63.4%
################################################                          67.9%
##################################################                        69.9%
####################################################                      72.4%
#######################################################                   76.9%
##########################################################                81.4%
#############################################################             86.0%
#################################################################         90.5%
####################################################################      95.0%
#######################################################################   99.5%
######################################################################## 100.0%

gnat_xtensa_esp32_elf=15.2.1 successfully retrieved.
There are no dependencies.
[alr test] Test completed SUCCESSFULLY
