Test ran at 2025-09-22 12:35:40.672460+00:00

SOLUTION:
hmac=2.0.0: HMAC implemented in Ada
Origin: commit d8046c212cc27744710cfa075462ac4ff766f1c6 from https://github.com/AntonMeep/hmac.git
Properties:
   Author: Anton Fediushin
   Description: HMAC implemented in Ada
   License: ISC
   Maintainer: Anton Fediushin <imantonmeep@gmail.com>
   Maintainers_Logins: AntonMeep
   Name: hmac
   Tag: cryptography
   Tag: security
   Tag: hmac
   Version: 2.0.0
   Website: https://github.com/AntonMeep/hmac
Dependencies (direct):
   sha1^2.0.0
   sha2^2.0.0
Dependencies (solution):
   sha1=2.0.0
   sha2=2.0.0
Dependencies (graph):
   hmac=2.0.0 --> sha1=2.0.0 (^2.0.0)
   hmac=2.0.0 --> sha2=2.0.0 (^2.0.0)


LOG:
[alr test] Testing hmac=2.0.0
[alr test] Spawning retrieval for remote crate: alr -d -n get hmac=2.0.0
Note: Deploying hmac=2.0.0...

hmac=2.0.0 successfully retrieved.
Dependencies were solved as follows:

   + sha1 2.0.0 (new)
   + sha2 2.0.0 (new)
[alr test] Spawning default test for remote crate: alr -d -n build --release -- -cargs:Ada -gnatwn
Note: Building hmac=2.0.0/hmac.gpr...
Setup
   [mkdir]        object directory for project HMAC
   [mkdir]        library directory for project HMAC
Compile
   [Ada]          hmac_generic.adb
   [Ada]          hmac.ads
Build Libraries
   [gprlib]       hmac.lexch
   [archive]      libhmac.a
   [index]        libhmac.a
Success: Build finished successfully in 1.18 seconds.
Found declared GPR file: hmac.gpr
[alr test] Test completed SUCCESSFULLY
