Test ran at 2026-09-27 01:21:47.446673+00:00

SOLUTION:
gnat_native=16.1.0: The GNAT Ada compiler - Native
Provides: gnat=16.1.0
Origin: (case OS is Linux => (case Host_Arch is Aarch64 => binary archive gnat-aarch64-linux-16.1.0-1.tar.gz at https://github.com/alire-project/GNAT-FSF-builds/releases/download/gnat-16.1.0-1/gnat-aarch64-linux-16.1.0-1.tar.gz, X86_64 => binary archive gnat-x86_64-linux-16.1.0-1.tar.gz at https://github.com/alire-project/GNAT-FSF-builds/releases/download/gnat-16.1.0-1/gnat-x86_64-linux-16.1.0-1.tar.gz), Macos => (case Host_Arch is Aarch64 => binary archive gnat-aarch64-darwin-16.1.0-1.tar.gz at https://github.com/alire-project/GNAT-FSF-builds/releases/download/gnat-16.1.0-1/gnat-aarch64-darwin-16.1.0-1.tar.gz, X86_64 => binary archive gnat-x86_64-darwin-16.1.0-1.tar.gz at https://github.com/alire-project/GNAT-FSF-builds/releases/download/gnat-16.1.0-1/gnat-x86_64-darwin-16.1.0-1.tar.gz), Windows => (case Host_Arch is X86_64 => binary archive gnat-x86_64-windows64-16.1.0-1.tar.gz at https://github.com/alire-project/GNAT-FSF-builds/releases/download/gnat-16.1.0-1/gnat-x86_64-windows64-16.1.0-1.tar.gz)) with hash sha256:9f74f58a827a2ad40dd84c72a413e75ea52888e0d8f7e252fba4d26762402703
Properties:
   Auto_Gpr_With: auto-gpr-with=false
   Configuration: no modifiers
   Description: The GNAT Ada compiler - Native
   case OS is
      when Linux => (Environment: LD_LIBRARY_PATH=${CRATE_ROOT}/lib64:${LD_LIBRARY_PATH} and Environment: LD_RUN_PATH=${CRATE_ROOT}/lib64:${LD_RUN_PATH} and Environment: LIBRARY_PATH=${CRATE_ROOT}/lib64:${LIBRARY_PATH} and Environment: PATH=${CRATE_ROOT}/bin:${PATH})
      when Macos => (Environment: LD_LIBRARY_PATH=${CRATE_ROOT}/lib:${LD_LIBRARY_PATH} and Environment: LD_RUN_PATH=${CRATE_ROOT}/lib:${LD_RUN_PATH} and Environment: PATH=${CRATE_ROOT}/bin:${PATH})
      when Windows => (case Host_Arch is X86_64 => (Environment: LD_LIBRARY_PATH=${CRATE_ROOT}/lib:${LD_LIBRARY_PATH} and Environment: LD_RUN_PATH=${CRATE_ROOT}/lib:${LD_RUN_PATH} and Environment: LIBRARY_PATH=${CRATE_ROOT}/lib:${LIBRARY_PATH} and Environment: PATH=${CRATE_ROOT}/bin:${PATH}))
   License: GPL-3.0-or-later AND GPL-3.0-or-later WITH GCC-exception-3.1
   Maintainer: Fabien Chouteau <chouteau@adacore.com>
   Maintainer: César Sagaert <sagaert@adacore.com>
   Maintainers_Logins: Fabien-Chouteau
   Maintainers_Logins: AldanTanneo
   Name: gnat_native
   Version: 16.1.0
   Website: https://github.com/alire-project/GNAT-FSF-builds


LOG:
[alr test] Testing gnat_native=16.1.0
[alr test] Spawning retrieval for remote crate: alr -d -n get gnat_native=16.1.0
Note: Deploying gnat_native=16.1.0...
#=#=#                                                                          

                                                                           1.3%
##                                                                         3.8%
####                                                                       6.5%
######                                                                     8.9%
#######                                                                   10.4%
#########                                                                 13.1%
##########                                                                14.3%
###########                                                               15.7%
#############                                                             18.3%
###############                                                           20.9%
#################                                                         23.7%
###################                                                       26.7%
####################                                                      28.8%
######################                                                    31.3%
########################                                                  33.9%
##########################                                                36.5%
############################                                              39.1%
##############################                                            42.3%
###############################                                           44.3%
#################################                                         47.0%
###################################                                       49.6%
#####################################                                     52.1%
#######################################                                   54.8%
#########################################                                 57.4%
###########################################                               60.0%
#############################################                             62.6%
##############################################                            65.2%
################################################                          67.8%
##################################################                        70.4%
####################################################                      73.0%
######################################################                    75.6%
##########################################################                80.7%
###########################################################               82.4%
############################################################              83.8%
#############################################################             85.3%
#############################################################             86.1%
################################################################          89.1%
#################################################################         91.6%
###################################################################       93.9%
#####################################################################     96.5%
#######################################################################   99.1%
######################################################################## 100.0%

gnat_native=16.1.0 successfully retrieved.
There are no dependencies.
[alr test] Test completed SUCCESSFULLY
