Test ran at 2025-09-09 01:16:40.791713+00:00

SOLUTION:
gnatcoll_readline=25.0.0: GNAT Components Collection - readline binding
Origin: source archive gnatcoll-bindings-25.0.0.zip at https://github.com/adacore/gnatcoll-bindings/archive/v25.0.0/gnatcoll-bindings-25.0.0.zip with hash sha512:0848cc59092c9ef66645f113762beb049554fa58371e062a90a2a432e6a1d6d08c8f3f162b1de1033d77fb62c0f85257fe96abb8129feef67967f6eb6b52f1ce
Properties:
   Author: AdaCore
   Configuration: no modifiers
   Description: GNAT Components Collection - readline binding
   GPR Scenario: GNATCOLL_BUILD_MODE := DEBUG | PROD
   GPR Scenario: LIBRARY_TYPE := static | relocatable | static-pic
   License: GPL-3.0-or-later WITH GCC-exception-3.1
   Maintainer: chouteau@adacore.com
   Maintainers_Logins: Fabien-Chouteau
   Name: gnatcoll_readline
   Project_File: readline/gnatcoll_readline.gpr
   Tag: gnatcoll
   Tag: bindings
   Tag: readline
   Tag: cli
   Version: 25.0.0
   Website: https://github.com/adacore/gnatcoll-bindings
Dependencies (direct):
   gnatcoll~25.0.0
   libreadline*
Dependencies (solution):
   gnat=14.2.0 (gnat_external)
   gnatcoll=25.0.0
   libgpr=25.0.0
   libreadline=8.1.0
   xmlada=25.0.0
Dependencies (graph):
   gnatcoll=25.0.0          --> gnat=14.2.0 (gnat_external) (>=13)
   gnatcoll=25.0.0          --> libgpr=25.0.0 (~25.0.0)
   gnatcoll_readline=25.0.0 --> gnatcoll=25.0.0 (~25.0.0)
   gnatcoll_readline=25.0.0 --> libreadline=8.1.0 (*)
   libgpr=25.0.0            --> gnat=14.2.0 (gnat_external) (/=2020)
   libgpr=25.0.0            --> xmlada=25.0.0 (~25.0.0)
   xmlada=25.0.0            --> gnat=14.2.0 (gnat_external) (>=11)


LOG:
[alr test] Testing gnatcoll_readline=25.0.0
[alr test] Spawning retrieval for remote crate: alr -d -n get gnatcoll_readline=25.0.0
Note: Deploying gnatcoll_readline=25.0.0...
#=#=#                                                                         
##O#-#                                                                        
##O=#  #                                                                      
Note: Deploying libreadline=8.1.0...
The system package 'readline-devel' is about to be installed.
This action might require admin privileges and impact your system installation.
Do you want Alire to install this system package?
Using default: Yes
Last metadata expiration check: 0:07:01 ago on Tue Sep  9 01:08:41 2025.
Dependencies resolved.
================================================================================
 Package              Arch       Version                    Repository     Size
================================================================================
Installing:
 readline-devel       x86_64     8.1-4.el9                  appstream     202 k
Installing dependencies:
 ncurses-c++-libs     x86_64     6.2-12.20210508.el9        appstream      37 k
 ncurses-devel        x86_64     6.2-12.20210508.el9        appstream     728 k

Transaction Summary
================================================================================
Install  3 Packages

Total download size: 967 k
Installed size: 1.5 M
Downloading Packages:
(1/3): ncurses-c++-libs-6.2-12.20210508.el9.x86 335 kB/s |  37 kB     00:00    
(2/3): ncurses-devel-6.2-12.20210508.el9.x86_64 3.9 MB/s | 728 kB     00:00    
(3/3): readline-devel-8.1-4.el9.x86_64.rpm      1.0 MB/s | 202 kB     00:00    
--------------------------------------------------------------------------------
Total                                           672 kB/s | 967 kB     00:01     
Running transaction check
Transaction check succeeded.
Running transaction test
Transaction test succeeded.
Running transaction
  Preparing        :                                                        1/1 
  Installing       : ncurses-c++-libs-6.2-12.20210508.el9.x86_64            1/3 
  Installing       : ncurses-devel-6.2-12.20210508.el9.x86_64               2/3 
  Installing       : readline-devel-8.1-4.el9.x86_64                        3/3 
  Running scriptlet: readline-devel-8.1-4.el9.x86_64                        3/3 
  Verifying        : ncurses-c++-libs-6.2-12.20210508.el9.x86_64            1/3 
  Verifying        : ncurses-devel-6.2-12.20210508.el9.x86_64               2/3 
  Verifying        : readline-devel-8.1-4.el9.x86_64                        3/3 

Installed:
  ncurses-c++-libs-6.2-12.20210508.el9.x86_64                                   
  ncurses-devel-6.2-12.20210508.el9.x86_64                                      
  readline-devel-8.1-4.el9.x86_64                                               

Complete!
Note: Deploying xmlada=25.0.0...
#=#=#                                                                         
##O#-#                                                                        
##O=#  #                                                                      
#-#O=#  #                                                                     
Note: Deploying libgpr=25.0.0...
#=#=#                                                                         
##O#-#                                                                        
##=O#- #                                                                      
Note: Deploying gnatcoll=25.0.0...
#=#=#                                                                         
##O#-#                                                                        
##=O#- #                                                                      
# #=O#- #                                                                     
 # #=O#-  #                                                                   
  # #=O=#   #                                                                 

gnatcoll_readline=25.0.0 successfully retrieved.
Dependencies were solved as follows:

   +b gnat        14.2.0 (new,gnat_external,indirect,executable in path)
   +  gnatcoll    25.0.0 (new)
   +  libgpr      25.0.0 (new,indirect)
   +b libreadline 8.1.0  (new,system package)
   +  xmlada      25.0.0 (new,indirect)
[alr test] Spawning default test for remote crate: alr -d -n build --release -- -cargs:Ada -gnatwn
Note: Alire has selected automatically this toolchain:
   gprbuild=25.0.1
   gnat_native=15.1.2
You can select a different toolchain at any time with `alr toolchain --select`
Download will start now:
Note: Deploying gprbuild=25.0.1...
#=#=#                                                                         

                                                                           0.6%
##############                                                            20.4%
##########################                                                36.9%
############################################                              62.4%
#########################################################                 79.6%
##########################################################                81.9%
##############################################################            86.2%
###################################################################       94.0%
######################################################################## 100.0%
Note: gprbuild=25.0.1 installed successfully.
Note: Deploying gnat_native=15.1.2...
#=#=#                                                                         

                                                                           0.0%
                                                                           0.3%
                                                                           0.7%
#                                                                          1.7%
##                                                                         3.6%
###                                                                        4.8%
####                                                                       6.5%
#####                                                                      8.3%
#######                                                                   11.0%
#########                                                                 13.8%
##########                                                                14.5%
##########                                                                15.2%
###########                                                               15.7%
###########                                                               16.2%
############                                                              16.7%
##############                                                            20.1%
#################                                                         23.6%
###################                                                       27.5%
######################                                                    31.7%
########################                                                  34.5%
###########################                                               38.3%
############################                                              39.9%
##############################                                            42.1%
################################                                          45.8%
##################################                                        48.5%
###################################                                       49.5%
###################################                                       49.7%
###################################                                       49.9%
####################################                                      50.2%
####################################                                      51.3%
#####################################                                     51.6%
#####################################                                     52.2%
#######################################                                   55.0%
#########################################                                 57.7%
###########################################                               60.6%
#############################################                             63.2%
################################################                          67.8%
#################################################                         68.9%
##################################################                        69.9%
###################################################                       71.4%
#####################################################                     74.2%
######################################################                    75.4%
######################################################                    76.1%
######################################################                    76.2%
######################################################                    76.3%
#######################################################                   77.0%
#########################################################                 79.8%
###########################################################               82.9%
#############################################################             85.7%
################################################################          89.7%
##################################################################        92.3%
####################################################################      95.2%
######################################################################    97.8%
######################################################################## 100.0%
Note: gnat_native=15.1.2 installed successfully.
Note: Running post-fetch actions for xmlada=25.0.0...
checking build system type... x86_64-pc-linux-gnu
checking host system type... x86_64-pc-linux-gnu
checking target system type... x86_64-pc-linux-gnu
checking whether gnat can build shared libs... yes
checking for a BSD-compatible install... /usr/bin/install -c
checking whether ln -s works... yes
configure: creating ./config.status
config.status: creating xmlada_shared.gpr
config.status: creating Makefile
config.status: creating tests/dom/default.gpr
Note: Building gnatcoll_readline=25.0.0/readline/gnatcoll_readline.gpr...
Setup
   [mkdir]        object directory for project GNATCOLL_Minimal
   [mkdir]        library directory for project GNATCOLL_Minimal
   [mkdir]        object directory for project GNATCOLL_Core
   [mkdir]        library directory for project GNATCOLL_Core
   [mkdir]        object directory for project GnatColl_Readline
   [mkdir]        library directory for project GnatColl_Readline
Compile
   [C]            getRSS.c
   [C]            gnatcoll_support.c
   [Ada]          gnatcoll-asserts.adb
   [Ada]          gnatcoll-storage_pools-headers.adb
   [Ada]          gnatcoll-refcount.adb
   [Ada]          gnatcoll-coders.adb
   [Ada]          gnatcoll-refcount-weakref.adb
   [Ada]          gnatcoll-storage_pools-alignment.adb
   [Ada]          gnatcoll-boyer_moore.adb
   [Ada]          gnatcoll-tribooleans.adb
gnatcoll-refcount.ads:90:04: warning: in instantiation at gnatcoll-storage_pools-headers.adb:57 [enabled by default]
gnatcoll-refcount.ads:90:04: warning: possible aliasing problem for type "Header_Access" [enabled by default]
gnatcoll-refcount.ads:90:04: warning: use -fno-strict-aliasing switch for references [enabled by default]
gnatcoll-refcount.ads:90:04: warning: or use "pragma No_Strict_Aliasing (Header_Access);" [enabled by default]
   [Ada]          gnatcoll-any_types.adb
   [Ada]          gnatcoll-storage_pools.ads
   [Ada]          gnatcoll.ads
   [Ada]          gnatcoll-memory.adb
   [Ada]          gnatcoll-damerau_levenshtein_distance.ads
   [Ada]          gnatcoll-locks.adb
   [Ada]          gnatcoll-damerau_levenshtein_generic.adb
   [Ada]          gnatcoll-atomic.adb
   [Ada]          gnatcoll-promises.adb
   [Ada]          gnatcoll-coders-base64.adb
   [Ada]          gnatcoll-coders-streams.adb
   [C]            libc-wrappers.c
   [C]            process-wrappers.c
   [C]            xxhash.c
   [C]            blake3.c
   [C]            blake3_portable.c
   [C]            blake3_dispatch.c
   [C]            run_path_option.c
   [C]            link_max.c
   [C]            gnatcoll_support.c
   [C]            set_std_prefix.c
   [C]            terminals.c
   [C]            update_path.c
   [C]            separate_run_path_option.c
   [C]            executable_path.c
   [C]            objlist_file.c
   [Ada]          gnatcoll-os-libc-utime.ads
   [Ada]          gnatcoll-os-libc.ads
   [Ada]          gnatcoll-os-libc-dirent.ads
   [Ada]          gnatcoll-os-libc-spawn.ads
   [Ada]          gnatcoll-os-libc-stat.ads
   [Ada]          gnatcoll-hash-blake3.adb
   [Ada]          gnatcoll-hash.ads
   [Ada]          gnatcoll-paragraph_filling.adb
   [Ada]          gnatcoll-paragraph_filling-badnesses.adb
   [Ada]          gnatcoll-paragraph_filling-words.adb
   [Ada]          gnatcoll-os-process.adb
   [Ada]          gnatcoll-os-dir.adb
   [Ada]          gnatcoll-os-fs.adb
   [Ada]          gnatcoll-os.ads
   [Ada]          gnatcoll-os-stat.adb
   [Ada]          gnatcoll-os-fsutil.adb
   [Ada]          gnatcoll-terminal.adb
   [Ada]          gnatcoll-mmap.adb
   [Ada]          gnatcoll-scripts-utils.adb
   [Ada]          gnatcoll-io-remote.adb
   [Ada]          gnatcoll-io-remote-windows.adb
   [Ada]          gnatcoll-directed_graph.adb
   [Ada]          gnatcoll-format_columns_vertical.ads
   [Ada]          gnatcoll-file_indexes.adb
   [Ada]          gnatcoll-opt_parse.adb
   [Ada]          gnatcoll-utils.adb
   [Ada]          gnatcoll-wstring_builders.adb
   [Ada]          gnatcoll-io-native.adb
   [Ada]          gnatcoll-json-utility.adb
   [Ada]          gnatcoll-email.adb
   [Ada]          gnatcoll-string_list_builders.adb
   [Ada]          gnatcoll-templates.adb
   [Ada]          gnatcoll-formatters.adb
   [Ada]          gnatcoll-random.adb
   [Ada]          gnatcoll-vfs_types.ads
   [Ada]          gnatcoll-strings.ads
   [Ada]          gnatcoll-scripts-impl.adb
   [Ada]          gnatcoll-config.adb
   [Ada]          gnatcoll-arg_lists.adb
   [Ada]          gnatcoll-io.adb
   [Ada]          gnatcoll-traces.adb
   [Ada]          gnatcoll-vfs.adb
   [Ada]          gnatcoll-remote.ads
   [Ada]          gnatcoll-wstring_list_builders.adb
   [Ada]          gnatcoll-path.adb
   [Ada]          gnatcoll-remote-db.adb
   [Ada]          gnatcoll-vfs_utils.adb
   [Ada]          gnatcoll-io-remote-unix.adb
   [Ada]          gnatcoll-json.adb
   [Ada]          gnatcoll-pools.adb
   [Ada]          gnatcoll-email-parser.adb
   [Ada]          gnatcoll-email-utils.adb
   [Ada]          gnatcoll-symbols.adb
   [Ada]          gnatcoll-buffer.adb
   [Ada]          gnatcoll-file_paths.adb
   [Ada]          gnatcoll-string_builders.adb
   [Ada]          gnatcoll-strings_impl.adb
   [Ada]          gnatcoll-scripts.adb
   [Ada]          gnatcoll-email-mailboxes.adb
   [Ada]          gnatcoll-hash-xxhash__generic.adb
   [Ada]          gnatcoll-mmap-system__unix.adb
   [Ada]          gnatcoll-plugins__unix.adb
   [Ada]          gnatcoll-os-process_types__unix.adb
   [Ada]          gnatcoll-os-random__unix.adb
   [Ada]          gnatcoll-os-constants__unix.ads
   [Ada]          gnatcoll-os-dir_types__unix.ads
   [Ada]          gnatcoll-os-libc_constants__linux.ads
   [Ada]          gnatcoll-readline.adb
Build Libraries
   [gprlib]       gnatcoll_minimal.lexch
   [gprlib]       gnatcoll_core.lexch
   [archive]      libgnatcoll_minimal.a
   [index]        libgnatcoll_minimal.a
   [gprlib]       gnatcoll_readline.lexch
   [archive]      libgnatcoll_core.a
   [index]        libgnatcoll_core.a
   [archive]      libgnatcoll_readline.a
   [index]        libgnatcoll_readline.a
Success: Build finished successfully in 35.40 seconds.
Found declared GPR file: readline/gnatcoll_readline.gpr
[alr test] Test completed SUCCESSFULLY
