Test ran at 2025-05-14 01:17:50.579953+00:00

SOLUTION:
gnat_riscv64_elf=14.2.1: The GNAT Ada compiler - RISC-V cross-compiler
Provides: gnat=14.2.1
Origin: (case OS is Linux => (case Host_Arch is X86_64 => binary archive gnat-riscv64-elf-linux64-x86_64-14.2.0-1.tar.gz at https://github.com/alire-project/GNAT-FSF-builds/releases/download/gnat-14.2.0-1/gnat-riscv64-elf-linux64-x86_64-14.2.0-1.tar.gz), Macos => (case Host_Arch is Aarch64 => binary archive gnat-riscv64-elf-darwin-aarch64-14.2.0-1.tar.gz at https://github.com/alire-project/GNAT-FSF-builds/releases/download/gnat-14.2.0-1/gnat-riscv64-elf-darwin-aarch64-14.2.0-1.tar.gz, X86_64 => binary archive gnat-riscv64-elf-darwin-x86_64-14.2.0-1.tar.gz at https://github.com/alire-project/GNAT-FSF-builds/releases/download/gnat-14.2.0-1/gnat-riscv64-elf-darwin-x86_64-14.2.0-1.tar.gz), Windows => (case Host_Arch is X86_64 => binary archive gnat-riscv64-elf-windows64-x86_64-14.2.0-1.tar.gz at https://github.com/alire-project/GNAT-FSF-builds/releases/download/gnat-14.2.0-1/gnat-riscv64-elf-windows64-x86_64-14.2.0-1.tar.gz)) with hash sha256:4f7383108b971801ece9f24efed02cd918202da22107739996843415ee72522b
Properties:
   Auto_Gpr_With: auto-gpr-with=false
   Configuration: no modifiers
   Description: The GNAT Ada compiler - RISC-V cross-compiler
   Environment: PATH=${CRATE_ROOT}/bin:${PATH}
   License: GPL-3.0-or-later AND GPL-3.0-or-later WITH GCC-exception-3.1
   Maintainer: chouteau@adacore.com
   Maintainers_Logins: Fabien-Chouteau
   Name: gnat_riscv64_elf
   Version: 14.2.1


LOG:
Spawning: alr -d -n get gnat_riscv64_elf=14.2.1
Note: Deploying gnat_riscv64_elf=14.2.1...
#=#=#                                                                         

                                                                           0.0%
##                                                                         2.9%
#####                                                                      8.1%
########                                                                  11.6%
##########                                                                14.5%
##############                                                            20.3%
##################                                                        26.1%
####################                                                      29.1%
######################                                                    31.9%
###########################                                               37.7%
###############################                                           43.1%
#################################                                         47.1%
####################################                                      50.2%
######################################                                    54.0%
########################################                                  56.6%
###########################################                               60.8%
##############################################                            64.9%
###############################################                           66.6%
##################################################                        70.6%
#####################################################                     74.1%
########################################################                  77.9%
##########################################################                81.1%
#############################################################             85.6%
###############################################################           88.2%
################################################################          90.2%
####################################################################      95.6%
######################################################################## 100.0%

gnat_riscv64_elf=14.2.1 successfully retrieved.
There are no dependencies.
