Test ran at 2026-08-30 12:53:35.409412+00:00

SOLUTION:
zbinfo=2.0.1: Display localization information for ZanyBlue Ada Localization
Origin: commit 4a7549b1f497d27a3d2984258941cc51d55561d6 from https://github.com/Blady-Com/zanyblue.git
Properties:
   Author: Michael Rohan
   Description: Display localization information for ZanyBlue Ada Localization
   Executable: zbinfo
   License: custom-zanyblue
   Maintainer: Pascal Pignard <blady.net@orange.fr>
   Maintainers_Logins: Blady-Com
   Name: zbinfo
   Tag: localization
   Tag: l10n
   Tag: international
   Tag: i18n
   Version: 2.0.1
   Website: https://sourceforge.net/projects/zanyblue
Dependencies (direct):
   uxstrings>=0.9.4
   zblib^2.0.1
Dependencies (solution):
   gnat=16.1.0 (gnat_native)
   simple_components=4.81.1
   uxstrings=0.9.4+alpha-20260718
   zblib=2.0.1
Dependencies (missing):
   libgnutls^3.7 (indirect,hinted)
   unixodbc^2.3 (indirect,hinted)
Dependencies (graph):
   simple_components=4.81.1       --> libgnutls^3.7
   simple_components=4.81.1       --> unixodbc^2.3
   uxstrings=0.9.4+alpha-20260718 --> gnat=16.1.0 (gnat_native) (>=13)
   uxstrings=0.9.4+alpha-20260718 --> simple_components=4.81.1 (^4.62)
   zbinfo=2.0.1                   --> uxstrings=0.9.4+alpha-20260718 (>=0.9.4)
   zbinfo=2.0.1                   --> zblib=2.0.1 (^2.0.1)
   zblib=2.0.1                    --> uxstrings=0.9.4+alpha-20260718 (>=0.9.4)
Dependencies cannot be met


LOG:
Failed to locate log
