Test ran at 2025-02-14 01:22:14.113253+00:00

SOLUTION:
nmea_0183=0.1.0: NMEA 0183 message decoder
Origin: commit 6f0c8b4b2d70d703881e8bda3c05c01db357501c from https://github.com/reznikmm/nmea-0183.git
Properties:
   Author: Max Reznik
   Build Switches: 
   Configuration: no modifiers
   Description: NMEA 0183 message decoder
   License: MIT OR Apache-2.0 WITH LLVM-exception
   Maintainer: Max Reznik <reznikmm@gmail.com>
   Maintainers_Logins: reznikmm
   Name: nmea_0183
   Project_File: gnat/nmea_0183.gpr
   Tag: gps
   Tag: parser
   Version: 0.1.0
   Website: https://github.com/reznikmm/nmea-0183


LOG:
Spawning: alr -d -n get --build nmea_0183=0.1.0
Note: Deploying nmea_0183=0.1.0...
Note: Building nmea_0183=0.1.0/gnat/nmea_0183.gpr...
Setup
   [mkdir]        object directory for project Nmea_0183
   [mkdir]        library directory for project Nmea_0183
Compile
   [Ada]          nmea_0183-parse_message.ads
   [Ada]          nmea_0183.adb
Build Libraries
   [gprlib]       Nmea_0183.lexch
   [archive]      libNmea_0183.a
   [index]        libNmea_0183.a

nmea_0183=0.1.0 successfully retrieved and built.
There are no dependencies.
Found declared GPR file: gnat/nmea_0183.gpr
