Test ran at 2026-08-09 00:51:46.608835+00:00

SOLUTION:
pager2=2.0.1: Manipulate "paged files" found on the Ada Software Repository
Origin: source archive pager2-98275eae74.tar.gz at https://chiselapp.com/user/dbane/repository/pager2/tarball/98275eae74/pager2-98275eae74.tar.gz with hashes sha256:937c306e3fa800f156c5aea142898f17fe2ee18481267eccc5db8ecfbacb6bd5, sha512:5b904ca8d2fe609b3d99dcaaeb354211a90964a2c4e5dda9f93bcdee6b157f3cf90535a0557b91803d8ee016e0cc877389b9e8beba2223a025371497f4f896f8
Properties:
   Author: Richard Conn
   Description: Manipulate "paged files" found on the Ada Software Repository
   License: custom-CC-PDM-1.0
   Maintainer: Darren Bane <darren.bane.ac@posteo.net>
   Maintainers_Logins: poldy
   Name: pager2
   Tag: application
   Tag: archive
   Version: 2.0.1
   Website: https://chiselapp.com/user/dbane/repository/pager2


LOG:
[alr test] Testing pager2=2.0.1
[alr test] Spawning retrieval for remote crate: alr -d -n get pager2=2.0.1
Note: Deploying pager2=2.0.1...
#=#=#                                                                          

######################################################################## 100.0%

pager2=2.0.1 successfully retrieved.
There are no dependencies.
[alr test] Spawning default test for remote crate: alr -d -n build --release -- -cargs:Ada -gnatwn
Note: Building pager2=2.0.1/pager2.gpr...
Setup
   [mkdir]        object directory for project Pager2
   [mkdir]        exec directory for project Pager2
Compile
   [Ada]          pager2.adb
   [Ada]          line_definition.adb
   [Ada]          paged_file.adb
   [Ada]          parser.adb
   [Ada]          include_file.adb
   [Ada]          input_file.adb
   [Ada]          output_file.adb
include_file.adb:8:04: warning: variable "NEXT_LINE" is never read and never assigned
Bind
   [gprbind]      pager2.bexch
   [Ada]          pager2.ali
Link
   [link]         pager2.adb
/home/runner/.local/share/alire/toolchains/gnat_native_10.3.2_d7078088/bin/../lib/gcc/x86_64-pc-linux-gnu/10.3.0/../../../../x86_64-pc-linux-gnu/bin/ld: /lib/x86_64-linux-gnu/libc.so.6: unknown type [0x13] section `.relr.dyn'
/home/runner/.local/share/alire/toolchains/gnat_native_10.3.2_d7078088/bin/../lib/gcc/x86_64-pc-linux-gnu/10.3.0/../../../../x86_64-pc-linux-gnu/bin/ld: skipping incompatible /lib/x86_64-linux-gnu/libc.so.6 when searching for /lib/x86_64-linux-gnu/libc.so.6
/home/runner/.local/share/alire/toolchains/gnat_native_10.3.2_d7078088/bin/../lib/gcc/x86_64-pc-linux-gnu/10.3.0/../../../../x86_64-pc-linux-gnu/bin/ld: cannot find /lib/x86_64-linux-gnu/libc.so.6
/home/runner/.local/share/alire/toolchains/gnat_native_10.3.2_d7078088/bin/../lib/gcc/x86_64-pc-linux-gnu/10.3.0/../../../../x86_64-pc-linux-gnu/bin/ld: /lib/x86_64-linux-gnu/libc.so.6: unknown type [0x13] section `.relr.dyn'
/home/runner/.local/share/alire/toolchains/gnat_native_10.3.2_d7078088/bin/../lib/gcc/x86_64-pc-linux-gnu/10.3.0/../../../../x86_64-pc-linux-gnu/bin/ld: skipping incompatible /lib/x86_64-linux-gnu/libc.so.6 when searching for /lib/x86_64-linux-gnu/libc.so.6
/home/runner/.local/share/alire/toolchains/gnat_native_10.3.2_d7078088/bin/../lib/gcc/x86_64-pc-linux-gnu/10.3.0/../../../../x86_64-pc-linux-gnu/bin/ld: /lib64/ld-linux-x86-64.so.2: unknown type [0x13] section `.relr.dyn'
/home/runner/.local/share/alire/toolchains/gnat_native_10.3.2_d7078088/bin/../lib/gcc/x86_64-pc-linux-gnu/10.3.0/../../../../x86_64-pc-linux-gnu/bin/ld: skipping incompatible /lib64/ld-linux-x86-64.so.2 when searching for /lib64/ld-linux-x86-64.so.2
/home/runner/.local/share/alire/toolchains/gnat_native_10.3.2_d7078088/bin/../lib/gcc/x86_64-pc-linux-gnu/10.3.0/../../../../x86_64-pc-linux-gnu/bin/ld: cannot find /lib64/ld-linux-x86-64.so.2
/home/runner/.local/share/alire/toolchains/gnat_native_10.3.2_d7078088/bin/../lib/gcc/x86_64-pc-linux-gnu/10.3.0/../../../../x86_64-pc-linux-gnu/bin/ld: /lib64/ld-linux-x86-64.so.2: unknown type [0x13] section `.relr.dyn'
/home/runner/.local/share/alire/toolchains/gnat_native_10.3.2_d7078088/bin/../lib/gcc/x86_64-pc-linux-gnu/10.3.0/../../../../x86_64-pc-linux-gnu/bin/ld: skipping incompatible /lib64/ld-linux-x86-64.so.2 when searching for /lib64/ld-linux-x86-64.so.2
collect2: error: ld returned 1 exit status
gprbuild: link of pager2.adb failed
gprbuild: failed command was: /home/runner/.local/share/alire/toolchains/gnat_native_10.3.2_d7078088/bin/gcc pager2.o b__pager2.o /home/runner/work/alire-crates-ci/alire-crates-ci/test/a1254054-4408-4f85-ab9e-cf34308a1a54/pager2_2.0.1_937c306e/obj/release/line_definition.o /home/runner/work/alire-crates-ci/alire-crates-ci/test/a1254054-4408-4f85-ab9e-cf34308a1a54/pager2_2.0.1_937c306e/obj/release/include_file.o /home/runner/work/alire-crates-ci/alire-crates-ci/test/a1254054-4408-4f85-ab9e-cf34308a1a54/pager2_2.0.1_937c306e/obj/release/input_file.o /home/runner/work/alire-crates-ci/alire-crates-ci/test/a1254054-4408-4f85-ab9e-cf34308a1a54/pager2_2.0.1_937c306e/obj/release/output_file.o /home/runner/work/alire-crates-ci/alire-crates-ci/test/a1254054-4408-4f85-ab9e-cf34308a1a54/pager2_2.0.1_937c306e/obj/release/parser.o /home/runner/work/alire-crates-ci/alire-crates-ci/test/a1254054-4408-4f85-ab9e-cf34308a1a54/pager2_2.0.1_937c306e/obj/release/paged_file.o -L/home/runner/work/alire-crates-ci/alire-crates-ci/test/a1254054-4408-4f85-ab9e-cf34308a1a54/pager2_2.0.1_937c306e/obj/release/ -L/home/runner/work/alire-crates-ci/alire-crates-ci/test/a1254054-4408-4f85-ab9e-cf34308a1a54/pager2_2.0.1_937c306e/obj/release/ -L/home/runner/.local/share/alire/toolchains/gnat_native_10.3.2_d7078088/lib/gcc/x86_64-pc-linux-gnu/10.3.0/adalib/ -static-libgcc /home/runner/.local/share/alire/toolchains/gnat_native_10.3.2_d7078088/lib/gcc/x86_64-pc-linux-gnu/10.3.0/adalib/libgnat.a -ldl -Wl,-rpath-link,/home/runner/.local/share/alire/toolchains/gnat_native_10.3.2_d7078088/lib/gcc/x86_64-pc-linux-gnu/10.3.0//adalib -Wl,-z,origin,-rpath,$ORIGIN/..//obj/release:$ORIGIN/../../../../../../..//.local/share/alire/toolchains/gnat_native_10.3.2_d7078088/lib/gcc/x86_64-pc-linux-gnu/10.3.0/adalib -o /home/runner/work/alire-crates-ci/alire-crates-ci/test/a1254054-4408-4f85-ab9e-cf34308a1a54/pager2_2.0.1_937c306e/bin//pager2
stderr: Command ["gprbuild", "-s", "-j0", "-p", "-P", "/home/runner/work/alire-crates-ci/alire-crates-ci/test/a1254054-4408-4f85-ab9e-cf34308a1a54/pager2_2.0.1_937c306e/pager2.gpr", "-cargs:Ada", "-gnatwn"] exited with code 4
ERROR: Command ["gprbuild", "-s", "-j0", "-p", "-P", "/home/runner/work/alire-crates-ci/alire-crates-ci/test/a1254054-4408-4f85-ab9e-cf34308a1a54/pager2_2.0.1_937c306e/pager2.gpr", "-cargs:Ada", "-gnatwn"] exited with code 4
stderr: ALIRE.CHECKED_ERROR
stderr: Command ["gprbuild", "-s", "-j0", "-p", "-P", "/home/runner/work/alire-crates-ci/alire-crates-ci/test/a1254054-4408-4f85-ab9e-cf34308a1a54/pager2_2.0.1_937c306e/pager2.gpr", "-cargs:Ada", "-gnatwn"] exited with code 4
stderr: raised ALIRE.CHECKED_ERROR : alire-stored-error:1
[/home/runner/work/alire-crates-ci/alire-crates-ci/alire_install/bin/alr]
0xe75bc6 Alire.Raise_Checked_Error at alire.adb:284
0xac1a54 Alire.Os_Lib.Subprocess.Checked_Spawn at alire-os_lib-subprocess.adb:111
0xd40276 Alire.Spawn.Command at alire-spawn.adb:22
0xd412ee Alire.Spawn.Gprbuild at alire-spawn.adb:68
0xc748cb Alire.Roots.Build at alire-roots.adb:189
0xc7301a Alire.Roots.Build at alire-roots.adb:255
0xc9832b Alire.Roots.Traverse at alire-roots.adb:2143
0xcfee85 Alire.Solutions.Traverse.Visit at alire-solutions.adb:1472
0xcfdfcc Alire.Solutions.Traverse at alire-solutions.adb:1555
0xc9841e Alire.Roots.Traverse at alire-roots.adb:2147
0xc984dd Alire.Roots.Traverse at alire-roots.adb:2127
0xc7359b Alire.Roots.Build at alire-roots.adb:286
0xc736d7 Alire.Roots.Build at alire-roots.adb:114
0x49aa0d Alr.Commands.Build.Execute at alr-commands-build.adb:145
0x49a36d Alr.Commands.Build.Execute at alr-commands-build.adb:113
0x49a51f Alr.Commands.Build.Execute at alr-commands-build.adb:54
0x53bbcc Alr.Commands.Sub_Cmd.Execute at clic-subcommand-instance.adb:749
0x5472be Alr.Commands.Execute at alr-commands.adb:632
0x43d48a Alr.Main at alr-main.adb:13
0x4403a3 Main at b__alr-main.adb:2445
[/lib/x86_64-linux-gnu/libc.so.6]
0x7f3ac222a1c8
0x7f3ac222a289
[/home/runner/work/alire-crates-ci/alire-crates-ci/alire_install/bin/alr]
0x43d323 _start at ???
0xfffffffffffffffe

stderr: ALIRE.ROOTS.BUILD._WRAPPED_STATEMENTS.BUILD_FAILED
stderr: alire-roots.adb:202
stderr: raised ALIRE.ROOTS.BUILD._WRAPPED_STATEMENTS.BUILD_FAILED : alire-roots.adb:202
[/home/runner/work/alire-crates-ci/alire-crates-ci/alire_install/bin/alr]
0xc74cc7 Alire.Roots.Build at alire-roots.adb:202
0xc7301a Alire.Roots.Build at alire-roots.adb:255
0xc9832b Alire.Roots.Traverse at alire-roots.adb:2143
0xcfee85 Alire.Solutions.Traverse.Visit at alire-solutions.adb:1472
0xcfdfcc Alire.Solutions.Traverse at alire-solutions.adb:1555
0xc9841e Alire.Roots.Traverse at alire-roots.adb:2147
0xc984dd Alire.Roots.Traverse at alire-roots.adb:2127
0xc7359b Alire.Roots.Build at alire-roots.adb:286
0xc736d7 Alire.Roots.Build at alire-roots.adb:114
0x49aa0d Alr.Commands.Build.Execute at alr-commands-build.adb:145
0x49a36d Alr.Commands.Build.Execute at alr-commands-build.adb:113
0x49a51f Alr.Commands.Build.Execute at alr-commands-build.adb:54
0x53bbcc Alr.Commands.Sub_Cmd.Execute at clic-subcommand-instance.adb:749
0x5472be Alr.Commands.Execute at alr-commands.adb:632
0x43d48a Alr.Main at alr-main.adb:13
0x4403a3 Main at b__alr-main.adb:2445
[/lib/x86_64-linux-gnu/libc.so.6]
0x7f3ac222a1c8
0x7f3ac222a289
[/home/runner/work/alire-crates-ci/alire-crates-ci/alire_install/bin/alr]
0x43d323 _start at ???
0xfffffffffffffffe

ERROR: Compilation failed.
