Test ran at 2025-11-22 01:15:47.383248+00:00

SOLUTION:
easy_graphics=0.1.0: Very Simple Graphics Package
Origin: commit 6284e085724ed963700ffb0810e55953196e7f49 from https://github.com/SMerrony/easy_graphics.git
Properties:
   Author: Stephen Merrony
   Description: Very Simple Graphics Package
   License: MIT OR Apache-2.0 WITH LLVM-exception
   Long_Description: # Overview

Easy_Graphics is a simple library for generating graphical output from your Ada program.

Typical use cases might be educational projects, prototyping, programming challenges,
or simply when you want to visualise something quickly in a larger system.

   Maintainer: Stephen Merrony <merrony@gmail.com>
   Maintainers_Logins: SMerrony
   Name: easy_graphics
   Tag: graphics
   Tag: image
   Tag: ppm
   Tag: pam
   Tag: gif
   Tag: turtle
   Version: 0.1.0
   Website: https://github.com/SMerrony/easy_graphic
Dependencies (direct):
   gnat>=13.0
Dependencies (solution):
   gnat=15.2.1 (gnat_native)
Dependencies (graph):
   easy_graphics=0.1.0 --> gnat=15.2.1 (gnat_native) (>=13.0)


LOG:
[alr test] Testing easy_graphics=0.1.0
[alr test] Spawning retrieval for remote crate: alr -d -n get easy_graphics=0.1.0
Note: Deploying easy_graphics=0.1.0...

easy_graphics=0.1.0 successfully retrieved.
Dependencies were solved as follows:

   +b gnat 15.2.1 (new,gnat_native,binary)
[alr test] Spawning default test for remote crate: alr -d -n build --release -- -cargs:Ada -gnatwn
Note: Building easy_graphics=0.1.0/easy_graphics.gpr...
Setup
   [mkdir]        object directory for project Easy_Graphics
   [mkdir]        library directory for project Easy_Graphics
Compile
   [Ada]          easy_graphics_config.ads
   [Ada]          easy_graphics.adb
Build Libraries
   [gprlib]       Easy_Graphics.lexch
   [archive]      libEasy_Graphics.a
   [index]        libEasy_Graphics.a
Success: Build finished successfully in 2.75 seconds.
Found declared GPR file: easy_graphics.gpr
[alr test] Test completed SUCCESSFULLY
