Test ran at 2025-09-10 00:40:47.650660+00:00

SOLUTION:
spat=1.3.0: SPAT - SPARK Proof Analysis Tool
Origin: commit 4ad4ab14447ac8cbbedcb8d47f026a66a73551d7 from https://github.com/HeisenbugLtd/spat.git
Properties:
   Author: Vinzent "Jellix" Saranen
   Description: SPAT - SPARK Proof Analysis Tool
   Executable: run_spat
   License: WTFPL
   Long_Description: SPAT - SPARK Proof Analysis Tools

Helper tool to obtain, analyse, sort, and filter timing information about
`gnatprove` runs (`SPARK` tools).

   Maintainer: vinzent@heisenbug.eu
   Maintainers_Logins: Jellix
   Name: spat
   Project_File: spat.gpr
   Tag: spark
   Version: 1.3.0
   Website: https://github.heisenbug.eu/spat
Dependencies (direct):
   case Toolchain is
      when System => gnatcoll>=19
   si_units~0.2
Dependencies (solution):
   si_units=0.2.0
Dependencies (graph):
   spat=1.3.0 --> si_units=0.2.0 (~0.2)


LOG:
[alr test] Testing spat=1.3.0
[alr test] Spawning retrieval for remote crate: alr -d -n get spat=1.3.0
Note: Deploying spat=1.3.0...
Note: Migrating lockfile from /Users/runner/work/alire-crates-ci/alire-crates-ci/test/5059df94-5942-4f5d-b100-a43b662d99b9/spat_1.3.0_4ad4ab14/alire.lock to /Users/runner/work/alire-crates-ci/alire-crates-ci/test/5059df94-5942-4f5d-b100-a43b662d99b9/spat_1.3.0_4ad4ab14/alire/alire.lock
Note: Deploying si_units=0.2.0...

spat=1.3.0 successfully retrieved.
Dependencies were solved as follows:

   + si_units 0.2.0 (new)
[alr test] Spawning default test for remote crate: alr -d -n build --release -- -cargs:Ada -gnatwn
Note: Building spat=1.3.0/spat.gpr...
spat.gpr:1:06: imported project file "gnatcoll" not found
gprbuild: "/Users/runner/work/alire-crates-ci/alire-crates-ci/test/5059df94-5942-4f5d-b100-a43b662d99b9/spat_1.3.0_4ad4ab14/spat.gpr" processing failed
stderr: Command ["gprbuild", "-s", "-j0", "-p", "-P", "/Users/runner/work/alire-crates-ci/alire-crates-ci/test/5059df94-5942-4f5d-b100-a43b662d99b9/spat_1.3.0_4ad4ab14/spat.gpr", "-cargs:Ada", "-gnatwn"] exited with code 5
ERROR: Command ["gprbuild", "-s", "-j0", "-p", "-P", "/Users/runner/work/alire-crates-ci/alire-crates-ci/test/5059df94-5942-4f5d-b100-a43b662d99b9/spat_1.3.0_4ad4ab14/spat.gpr", "-cargs:Ada", "-gnatwn"] exited with code 5
stderr: ALIRE.CHECKED_ERROR
stderr: Command ["gprbuild", "-s", "-j0", "-p", "-P", "/Users/runner/work/alire-crates-ci/alire-crates-ci/test/5059df94-5942-4f5d-b100-a43b662d99b9/spat_1.3.0_4ad4ab14/spat.gpr", "-cargs:Ada", "-gnatwn"] exited with code 5
stderr: raised ALIRE.CHECKED_ERROR : alire-stored-error:1
Load address: 0x102c78000
Call stack traceback locations:
0x1039840cc 0x10398412c 0x1036d866c 0x10331d568 0x1035a2594 0x1035a34f4 0x1034e133c 0x1034dfb08 0x10350378c 0x10356356c 0x10356299c 0x103503868 0x103503950 0x1034e000c 0x1034e0174 0x102ce9730 0x102ce9070 0x102ce91e4 0x102d86b38 0x102d91c78 0x102c7a9f8 0x102c7fa2c

stderr: ALIRE.ROOTS.BUILD._WRAPPED_STATEMENTS.BUILD_FAILED
stderr: alire-roots.adb:202
stderr: raised ALIRE.ROOTS.BUILD._WRAPPED_STATEMENTS.BUILD_FAILED : alire-roots.adb:202
Load address: 0x102c78000
Call stack traceback locations:
0x1039840cc 0x10398412c 0x1034e1640 0x1034dfb08 0x10350378c 0x10356356c 0x10356299c 0x103503868 0x103503950 0x1034e000c 0x1034e0174 0x102ce9730 0x102ce9070 0x102ce91e4 0x102d86b38 0x102d91c78 0x102c7a9f8 0x102c7fa2c

ERROR: Compilation failed.
