Test ran at 2025-09-03 00:35:34.165737+00:00

SOLUTION:
iso=2.0.0: ISO Standard references for Ada such as 1366 & 4217 (Country & Currency)
Origin: commit abd8a59c80ac32f42afc2e912a4b2c5d5654e253 from https://github.com/ada-iso/ada_iso.git
Properties:
   Author: AJ Ianozi
   Description: ISO Standard references for Ada such as 1366 & 4217 (Country & Currency)
   License: MIT
   Maintainer: AJ Ianozi <aj@ianozi.com>
   Maintainers_Logins: AJ-Ianozi
   Name: iso
   Tag: countries
   Tag: currencies
   Tag: iso-1366
   Tag: iso-4217
   Version: 2.0.0
   Website: https://github.com/ada-iso/ada_iso/


LOG:
[alr test] Testing iso=2.0.0
[alr test] Spawning retrieval for remote crate: alr -d -n get iso=2.0.0
Note: Deploying iso=2.0.0...

iso=2.0.0 successfully retrieved.
There are no dependencies.
[alr test] Spawning default test for remote crate: alr -d -n build --release -- -cargs:Ada -gnatwn
Note: Building iso=2.0.0/iso.gpr...
Setup
   [mkdir]        object directory for project ISO
   [mkdir]        library directory for project ISO
Compile
   [Ada]          iso_config.ads
   [Ada]          iso-countries.adb
   [Ada]          iso.ads
   [Ada]          iso-currencies.adb
iso-currencies.adb:244:34: error: literal out of range of type Standard.Character

   compilation of iso-currencies.adb failed

gprbuild: *** compilation phase failed
stderr: Command ["gprbuild", "-s", "-j0", "-p", "-P", "/Users/runner/work/alire-crates-ci/alire-crates-ci/test/812e29cc-e14a-4881-b2f7-9c05a88b16eb/iso_2.0.0_abd8a59c/iso.gpr", "-cargs:Ada", "-gnatwn"] exited with code 4
ERROR: Command ["gprbuild", "-s", "-j0", "-p", "-P", "/Users/runner/work/alire-crates-ci/alire-crates-ci/test/812e29cc-e14a-4881-b2f7-9c05a88b16eb/iso_2.0.0_abd8a59c/iso.gpr", "-cargs:Ada", "-gnatwn"] exited with code 4
stderr: ALIRE.CHECKED_ERROR
stderr: Command ["gprbuild", "-s", "-j0", "-p", "-P", "/Users/runner/work/alire-crates-ci/alire-crates-ci/test/812e29cc-e14a-4881-b2f7-9c05a88b16eb/iso_2.0.0_abd8a59c/iso.gpr", "-cargs:Ada", "-gnatwn"] exited with code 4
stderr: raised ALIRE.CHECKED_ERROR : alire-stored-error:1
Load address: 0x10476c000
Call stack traceback locations:
0x1054780cc 0x10547812c 0x1051cc66c 0x104e11568 0x105096594 0x1050974f4 0x104fd533c 0x104fd3b08 0x104ff778c 0x10505756c 0x10505699c 0x104ff7868 0x104ff7950 0x104fd400c 0x104fd4174 0x1047dd730 0x1047dd070 0x1047dd1e4 0x10487ab38 0x104885c78 0x10476e9f8 0x104773a2c

stderr: ALIRE.ROOTS.BUILD._WRAPPED_STATEMENTS.BUILD_FAILED
stderr: alire-roots.adb:202
stderr: raised ALIRE.ROOTS.BUILD._WRAPPED_STATEMENTS.BUILD_FAILED : alire-roots.adb:202
Load address: 0x10476c000
Call stack traceback locations:
0x1054780cc 0x10547812c 0x104fd5640 0x104fd3b08 0x104ff778c 0x10505756c 0x10505699c 0x104ff7868 0x104ff7950 0x104fd400c 0x104fd4174 0x1047dd730 0x1047dd070 0x1047dd1e4 0x10487ab38 0x104885c78 0x10476e9f8 0x104773a2c

ERROR: Compilation failed.
