Test ran at 2026-03-11 13:12:01.082873+00:00

SOLUTION:
cre8or_generic_image_handling=1.0.0: Generic image file and data handling using stb_images
Origin: commit c01495f03fc8332fd8581e64ac96d3b5233f1dea from https://github.com/Cre8or/Generic-Image-Handling-Ada.git
Properties:
   Author: Cre8or
   Configuration: no modifiers
   Description: Generic image file and data handling using stb_images
   License: Apache-2.0
   Maintainer: Cre8or <cre8or@tuta.io>
   Maintainers_Logins: Cre8or
   Name: cre8or_generic_image_handling
   Tag: cre8or
   Tag: images
   Tag: pictures
   Tag: binding
   Tag: stb
   Tag: stb-images
   Tag: gamedev
   Tag: graphics
   Version: 1.0.0
   Website: https://github.com/Cre8or/Generic-Image-Handling-Ada


LOG:
[alr test] Testing cre8or_generic_image_handling=1.0.0
[alr test] Spawning retrieval for remote crate: alr -d -n get cre8or_generic_image_handling=1.0.0
Note: Deploying cre8or_generic_image_handling=1.0.0...

cre8or_generic_image_handling=1.0.0 successfully retrieved.
There are no dependencies.
[alr test] Spawning default test for remote crate: alr -d -n build --release -- -cargs:Ada -gnatwn
Note: Alire has selected automatically this toolchain:
   gprbuild=25.0.1
   gnat_native=15.2.1
You can select a different toolchain at any time with `alr toolchain --select`
Download will start now:
Note: Deploying gprbuild=25.0.1...
#=#=#                                                                          

################                                                          23.6%
###########################################                               60.7%
######################################################################## 100.0%
Note: gprbuild=25.0.1 installed successfully.
Note: Deploying gnat_native=15.2.1...
#=#=#                                                                          

###                                                                        5.5%
#########                                                                 13.7%
##############                                                            19.5%
####################                                                      27.9%
#########################                                                 36.1%
################################                                          45.4%
#######################################                                   54.2%
###########################################                               60.9%
#################################################                         68.6%
#######################################################                   77.2%
#############################################################             85.4%
####################################################################      94.4%
######################################################################## 100.0%
Note: gnat_native=15.2.1 installed successfully.
Note: Building cre8or_generic_image_handling=1.0.0/cre8or_generic_image_handling.gpr...
Setup
   [mkdir]        object directory for project Cre8or_Generic_Image_Handling
   [mkdir]        library directory for project Cre8or_Generic_Image_Handling
Compile
   [C]            stb_c.c
   [Ada]          cre8or_stb-images.adb
   [Ada]          cre8or_stb-api.ads
   [Ada]          cre8or_stb.ads
   [Ada]          cre8or_generic_image_handling.adb
Build Libraries
   [gprlib]       Cre8or_Generic_Image_Handling.lexch
   [archive]      libCre8or_Generic_Image_Handling.a
   [index]        libCre8or_Generic_Image_Handling.a
Success: Build finished successfully in 0.81 seconds.
Found declared GPR file: cre8or_generic_image_handling.gpr
[alr test] Test completed SUCCESSFULLY
