Test ran at 2025-08-18 00:57:42.009975+00:00

SOLUTION:
light_nrf52832=15.0.0: light runtime for the nRF52832 SoC
Origin: source archive light-nrf52832-15.0.0.tar.gz at https://github.com/damaki/nrf52-runtimes/releases/download/v15.0.0/light-nrf52832-15.0.0.tar.gz with hashes sha256:7f8f9a956bead05ae91f51c540359c532dd3d110a4968be562471456c7cb3b5a, sha512:302c28b5bb69150ab33f069a7ab46fc418fb9085a0029f24e914179dff2afb7145161033b82f7ab5eb75afa6b80e7ac8f96b043fe9a4ea6e0619ed1e3caaa738
Properties:
   Author: AdaCore
   Author: Daniel King
   Config type: LFCLK_Src : Enum (Xtal, RC, Synth) default: 'Xtal'
   Config type: Time_Base : Enum (RTC0, RTC1, RTC2) default: 'RTC2'
   Config type: Use_Reset_Pin : Boolean default: 'true'
   Config type: Use_SWO_Trace : Boolean default: 'true'
   Configuration: no modifiers
   Description: light runtime for the nRF52832 SoC
   License: GPL-3.0-or-later WITH GCC-exception-3.1
   Long_Description: ## Usage

First edit your `alire.toml` file and add the following elements:
 - Add `light_nrf52832` in the dependency list:
   ```toml
   [[depends-on]]
   light_nrf52832 = "*"
   ```

Then edit your project file to add the following elements:
 - "with" the run-time project file. With this, gprbuild will compile the run-time before your application
   ```ada
   with "runtime_build.gpr";
   ```
 - Specify the `Target` and `Runtime` attributes:
   ```ada
      for Target use runtime_build'Target;
      for Runtime ("Ada") use runtime_build'Runtime ("Ada");
   ```

   Maintainer: Daniel King <damaki.gh@gmail.com>
   Maintainers_Logins: damaki
   Name: light_nrf52832
   Project_File: runtime_build.gpr
   Tag: embedded
   Tag: runtime
   Version: 15.0.0
   Website: https://github.com/damaki/nrf52-runtimes
Dependencies (direct):
   gnat_arm_elf^15
Dependencies (solution):
   gnat_arm_elf=15.1.2
Dependencies (graph):
   light_nrf52832=15.0.0 --> gnat_arm_elf=15.1.2 (^15)


LOG:
[alr test] Testing light_nrf52832=15.0.0
[alr test] Spawning retrieval for remote crate: alr -d -n get light_nrf52832=15.0.0
Note: Deploying light_nrf52832=15.0.0...
#=#=#                                                                          

######################################################################## 100.0%

light_nrf52832=15.0.0 successfully retrieved.
Dependencies were solved as follows:

   +b gnat_arm_elf 15.1.2 (new,binary)
[alr test] Spawning default test for remote crate: alr -d -n build --release -- -cargs:Ada -gnatwn
Note: Building light_nrf52832=15.0.0/runtime_build.gpr...
Setup
   [mkdir]        object directory for project Runtime_Build
   [mkdir]        library directory for project Runtime_Build
Compile
   [Asm_Cpp]      breakpoint_handler-cortexm.S
   [Asm_Cpp]      start-common.S
   [Asm_Cpp]      start-rom.S
   [Ada]          s-imde32.ads
   [Ada]          s-memtyp.ads
   [Ada]          s-imglli.ads
   [Ada]          s-exnflt.ads
   [Ada]          s-memory.adb
   [Ada]          s-sssita.adb
   [Ada]          s-widthi.adb
   [Ada]          s-imgflt.ads
   [Ada]          s-imen16.ads
   [Ada]          s-fatllf.ads
   [Ada]          a-stmaco.ads
   [Ada]          s-macres.adb
   [Ada]          s-imager.adb
   [Ada]          s-pack22.adb
   [Ada]          s-valint.ads
   [Ada]          a-uncdea.ads
   [Ada]          s-exnlli.ads
   [Ada]          text_io.ads
   [Ada]          i-nrf52-ficr.ads
   [Ada]          s-imfi64.ads
   [Ada]          s-pack09.adb
   [Ada]          s-fatflt.ads
   [Ada]          s-carun8.adb
   [Ada]          s-imaged.adb
   [Ada]          s-boarop.ads
   [Ada]          s-aridou.adb
   [Ada]          s-bitops.adb
   [Ada]          s-vauspe.adb
   [Ada]          s-exnlfl.ads
   [Ada]          s-valcha.adb
   [Ada]          s-dourea.adb
   [Ada]          a-chlat1.ads
   [Ada]          s-pack59.adb
   [Ada]          i-nrf52.ads
   [Ada]          s-caun64.adb
   [Ada]          s-vaen32.ads
   [Ada]          s-expuns.ads
   [Ada]          s-pack38.adb
   [Ada]          s-exponu.adb
   [Ada]          s-casi64.adb
   [Ada]          s-pack11.adb
   [Ada]          a-except.adb
   [Ada]          s-geveop.adb
   [Ada]          s-powllf.ads
   [Ada]          s-addope.adb
   [Ada]          s-imenu8.ads
   [Ada]          s-imagef.adb
   [Ada]          s-pack19.adb
   [Ada]          s-memset.adb
   [Ada]          s-libdou.adb
   [Ada]          i-nrf52-gpio.ads
   [Ada]          s-pack15.adb
   [Ada]          s-pack51.adb
   [Ada]          s-exnllf.ads
   [Ada]          a-unccon.ads
   [Ada]          s-pack58.adb
   [Ada]          i-cpoint.adb
   [Ada]          ada.ads
   [Ada]          s-valspe.adb
   [Ada]          s-caun32.adb
   [Ada]          s-pack17.adb
   [Ada]          a-elchha.adb
   [Ada]          s-imgboo.adb
   [Ada]          s-pack41.adb
   [Ada]          s-vallli.ads
   [Ada]          s-libm.adb
   [Ada]          machcode.ads
   [Ada]          s-arit32.adb
   [Ada]          a-strfix.adb
   [Ada]          s-pack27.adb
   [Ada]          a-strsea.adb
   [Ada]          s-vallfl.ads
   [Ada]          s-pack13.adb
   [Ada]          s-fatgen.adb
   [Ada]          s-vector.ads
   [Ada]          s-exnint.ads
   [Ada]          s-widlli.ads
   [Ada]          s-imen32.ads
   [Ada]          s-pack47.adb
   [Ada]          s-vafi64.ads
   [Ada]          i-nrf52-uicr.ads
   [Ada]          s-spcuop.adb
   [Ada]          s-stoele.adb
   [Ada]          i-cexten.ads
   [Ada]          s-assert.adb
   [Ada]          s-casi32.adb
   [Ada]          s-pack23.adb
   [Ada]          s-pack49.adb
   [Ada]          s-pack35.adb
   [Ada]          s-imgllw.ads
   [Ada]          g-souinf.ads
   [Ada]          s-widthu.adb
   [Ada]          s-pack62.adb
   [Ada]          s-valrea.adb
   [Ada]          s-textio.adb
   [Ada]          s-widint.ads
   [Ada]          s-stache.adb
   [Ada]          s-pack14.adb
   [Ada]          a-nlelfu.ads
   [Ada]          s-atopri.adb
   [Ada]          s-pack28.adb
   [Ada]          a-textio.adb
   [Ada]          s-pack52.adb
   [Ada]          s-pack55.adb
   [Ada]          s-vaen16.ads
   [Ada]          s-semiho.adb
   [Ada]          s-pack36.adb
   [Ada]          s-imde64.ads
   [Ada]          s-imguti.adb
   [Ada]          s-widuns.ads
   [Ada]          s-pack46.adb
   [Ada]          s-pack20.adb
   [Ada]          s-valuer.adb
   [Ada]          s-gcmain.adb
   [Ada]          s-valuei.adb
   [Ada]          s-pack61.adb
   [Ada]          s-bbarat.adb
   [Ada]          s-libsin.adb
   [Ada]          s-imgint.ads
   [Ada]          s-pack26.adb
   [Ada]          g-io.adb
   [Ada]          a-nllefu.ads
   [Ada]          s-pack44.adb
   [Ada]          s-flocon.adb
   [Ada]          s-arit64.adb
   [Ada]          a-charac.ads
   [Ada]          a-nbnbig.adb
   [Ada]          s-vs_lli.ads
   [Ada]          s-retsta.ads
   [Ada]          i-nrf52-nvmc.ads
   [Ada]          s-libpre.ads
   [Ada]          s-expont.adb
   [Ada]          s-pack42.adb
   [Ada]          a-ngelfu.adb
   [Ada]          a-numaux.ads
   [Ada]          s-valued.adb
   [Ada]          unchconv.ads
   [Ada]          s-caun16.adb
   [Ada]          a-nubinu.ads
   [Ada]          s-spark.ads
   [Ada]          a-nselfu.ads
   [Ada]          s-atacco.adb
   [Ada]          s-imagew.adb
   [Ada]          s-imageu.adb
   [Ada]          i-nrf52-clock.ads
   [Ada]          s-pack34.adb
   [Ada]          s-valuef.adb
   [Ada]          s-vs_llu.ads
   [Ada]          s-valboo.adb
   [Ada]          s-veboop.adb
   [Ada]          s-valllf.ads
   [Ada]          s-pack57.adb
   [Ada]          i-cstrin.adb
   [Ada]          s-pack31.adb
   [Ada]          g-debuti.adb
   [Ada]          s-explli.ads
   [Ada]          s-pack53.adb
   [Ada]          s-valueu.adb
   [Ada]          s-pack21.adb
   [Ada]          s-secsta.adb
   [Ada]          a-strmap.adb
   [Ada]          a-string.ads
   [Ada]          s-imgllf.ads
   [Ada]          s-pack18.adb
   [Ada]          i-nrf52-rtc.ads
   [Ada]          s-pack60.adb
   [Ada]          a-numeri.ads
   [Ada]          s-vaenu8.ads
   [Ada]          s-bb.ads
   [Ada]          s-bbbopa.ads
   [Ada]          s-memcop.adb
   [Ada]          a-assert.adb
   [Ada]          s-memcom.adb
   [Ada]          s-casuti.adb
   [Ada]          s-atocou.adb
   [Ada]          s-vs_uns.ads
   [Ada]          s-pack45.adb
   [Ada]          a-chahan.adb
   [Ada]          s-imgwiu.ads
   [Ada]          s-pack06.adb
   [Ada]          s-imagei.adb
   [Ada]          s-widllu.ads
   [Ada]          s-imgllu.ads
   [Ada]          i-nrf52-temp.ads
   [Ada]          s-imgcha.adb
   [Ada]          s-expint.ads
   [Ada]          s-parame.ads
   [Ada]          gnat.ads
   [Ada]          s-imglfl.ads
   [Ada]          s-expllu.ads
   [Ada]          s-pack10.adb
   [Ada]          s-pack37.adb
   [Ada]          s-exponn.adb
   [Ada]          i-c.adb
   [Ada]          interfac.ads
   [Ada]          s-pack54.adb
   [Ada]          s-pack30.adb
   [Ada]          s-casi16.adb
   [Ada]          system.ads
   [Ada]          s-lisisq.adb
   [Ada]          s-powlfl.ads
   [Ada]          s-imguns.ads
   [Ada]          s-bytswa.ads
   [Ada]          s-pack03.adb
   [Ada]          a-tags.adb
   [Ada]          s-pack05.adb
   [Ada]          s-pack39.adb
   [Ada]          s-pack63.adb
   [Ada]          s-valuns.ads
   [Ada]          s-vafi32.ads
   [Ada]          s-bbmcpa.ads
   [Ada]          s-vaispe.adb
   [Ada]          s-pack12.adb
   [Ada]          s-pack50.adb
   [Ada]          s-pack33.adb
   [Ada]          s-imagen.adb
   [Ada]          s-vade32.ads
   [Ada]          s-lidosq.adb
   [Ada]          s-memmov.adb
   [Ada]          setup_board.adb
   [Ada]          s-valflt.ads
   [Ada]          s-valuen.adb
   [Ada]          s-vade64.ads
   [Ada]          s-maccod.ads
   [Ada]          s-powflt.ads
   [Ada]          g-sestin.ads
   [Ada]          s-exponr.adb
   [Ada]          s-imfi32.ads
   [Ada]          s-pack43.adb
   [Ada]          s-fatlfl.ads
   [Ada]          s-valuti.adb
   [Ada]          s-unstyp.ads
   [Ada]          a-strbou.adb
   [Ada]          unchdeal.ads
   [Ada]          s-pack29.adb
   [Ada]          s-pack25.adb
   [Ada]          a-nuelfu.ads
   [Ada]          s-pack07.adb
   [Ada]          s-vs_int.ads
   [Ada]          a-strsup.adb
   [Ada]          s-valllu.ads
   [Ada]          s-carsi8.adb
   [Ada]          s-expmod.adb
   [Ada]          light_nrf52832_config.ads
   [Ada]          nrf52_runtime_config.ads
Build Libraries
   [gprlib]       gnat.lexch
   [archive]      libgnat.a
   [index]        libgnat.a
Success: Build finished successfully in 7.70 seconds.
Found declared GPR file: runtime_build.gpr
[alr test] Test completed SUCCESSFULLY
