Test ran at 2025-09-28 12:47:48.754012+00:00

SOLUTION:
ada_caser=0.1.0: Applies casing rules to Ada source code.
Origin: commit ca30fd1328e91e9c07bbfa85265174c9ca9936ed from https://github.com/simonjwright/ada_caser.git
Properties:
   Author: Simon Wright
   Description: Applies casing rules to Ada source code.
   Executable: ada_caser
   License: Apache-2.0
   Maintainer: Simon Wright <simon@pushface.org>
   Maintainers_Logins: simonjwright
   Name: ada_caser
   Tag: ada
   Tag: source
   Tag: editor
   Tag: casing
   Version: 0.1.0
   Website: https://github.com/simonjwright/ada_caser
Dependencies (direct):
   case OS is
      when Macos => exsytrawo^1.2.0
   gnatcoll^25.0.0
   langkit_support^25.0.0
   libadalang^25.0.0
   vss^25.0.0
Dependencies (solution):
   adasat=25.0.0
   gnat=15.1.2 (gnat_native)
   gnatcoll=25.0.0
   gnatcoll_gmp=25.0.0
   gnatcoll_iconv=25.0.0
   langkit_support=25.0.0
   libadalang=25.0.0
   libgmp=6.3.0
   libgpr=25.0.0
   libgpr2=25.0.0
   prettier_ada=25.0.0
   vss=25.0.0
   xmlada=25.0.0
Dependencies (graph):
   ada_caser=0.1.0        --> gnatcoll=25.0.0 (^25.0.0)
   ada_caser=0.1.0        --> langkit_support=25.0.0 (^25.0.0)
   ada_caser=0.1.0        --> libadalang=25.0.0 (^25.0.0)
   ada_caser=0.1.0        --> vss=25.0.0 (^25.0.0)
   gnatcoll=25.0.0        --> gnat=15.1.2 (gnat_native) (>=13)
   gnatcoll=25.0.0        --> libgpr=25.0.0 (~25.0.0)
   gnatcoll_gmp=25.0.0    --> gnatcoll=25.0.0 (~25.0.0)
   gnatcoll_gmp=25.0.0    --> libgmp=6.3.0 (*)
   gnatcoll_iconv=25.0.0  --> gnatcoll=25.0.0 (~25.0.0)
   langkit_support=25.0.0 --> adasat=25.0.0 (^25)
   langkit_support=25.0.0 --> gnatcoll=25.0.0 (^25)
   langkit_support=25.0.0 --> gnatcoll_gmp=25.0.0 (^25)
   langkit_support=25.0.0 --> gnatcoll_iconv=25.0.0 (^25)
   langkit_support=25.0.0 --> prettier_ada=25.0.0 (^25)
   libadalang=25.0.0      --> gnatcoll=25.0.0 (^25)
   libadalang=25.0.0      --> gnatcoll_gmp=25.0.0 (^25)
   libadalang=25.0.0      --> gnatcoll_iconv=25.0.0 (^25)
   libadalang=25.0.0      --> langkit_support=25.0.0 (^25)
   libadalang=25.0.0      --> libgpr2=25.0.0 (^25)
   libgpr=25.0.0          --> gnat=15.1.2 (gnat_native) (/=2020)
   libgpr=25.0.0          --> xmlada=25.0.0 (~25.0.0)
   libgpr2=25.0.0         --> gnat=15.1.2 (gnat_native) (>=14)
   libgpr2=25.0.0         --> gnatcoll=25.0.0 (~25.0.0)
   libgpr2=25.0.0         --> gnatcoll_gmp=25.0.0 (~25.0.0)
   libgpr2=25.0.0         --> gnatcoll_iconv=25.0.0 (~25.0.0)
   prettier_ada=25.0.0    --> gnatcoll=25.0.0 (^25)
   prettier_ada=25.0.0    --> vss=25.0.0 (^25)
   vss=25.0.0             --> gnat=15.1.2 (gnat_native) (>=11 & <2000)
   xmlada=25.0.0          --> gnat=15.1.2 (gnat_native) (>=11)


LOG:
[alr test] Testing ada_caser=0.1.0
[alr test] Spawning retrieval for remote crate: alr -d -n get ada_caser=0.1.0
Note: Deploying ada_caser=0.1.0...
Note: Deploying adasat=25.0.0...
#=#=#                                                                          
##O#-#                                                                         
Note: Deploying vss=25.0.0...
#=#=#                                                                          
##O#-#                                                                         
##=O#- #                                                                       
# #=O#- #                                                                      
Note: Deploying gnatcoll_gmp=25.0.0...
#=#=#                                                                          
##O#-#                                                                         
Note: Deploying gnatcoll_iconv=25.0.0...
#=#=#                                                                          
Note: Deploying prettier_ada=25.0.0...
#=#=#                                                                          
##O#-#                                                                         
Note: Deploying langkit_support=25.0.0...
#=#=#                                                                          
##O#-#                                                                         
##=O#- #                                                                       
# #=O#- #                                                                      
 # #=O#-  #                                                                    
Note: Deploying libgpr2=25.0.0...
#=#=#                                                                          

######################################################################## 100.0%
Note: Deploying libadalang=25.0.0...
#=#=#                                                                          

######################################################################## 100.0%

ada_caser=0.1.0 successfully retrieved.
Dependencies were solved as follows:

   +  adasat          25.0.0 (new,indirect)
   +b gnat            15.1.2 (new,gnat_native,indirect,binary)
   +  gnatcoll        25.0.0 (new)
   +  gnatcoll_gmp    25.0.0 (new,indirect)
   +  gnatcoll_iconv  25.0.0 (new,indirect)
   +  langkit_support 25.0.0 (new)
   +  libadalang      25.0.0 (new)
   +b libgmp          6.3.0  (new,indirect,system package)
   +  libgpr          25.0.0 (new,indirect)
   +  libgpr2         25.0.0 (new,indirect)
   +  prettier_ada    25.0.0 (new,indirect)
   +  vss             25.0.0 (new)
   +  xmlada          25.0.0 (new,indirect)
[alr test] Spawning default test for remote crate: alr -d -n build --release -- -cargs:Ada -gnatwn
Note: Building ada_caser=0.1.0/ada_caser.gpr...
Setup
   [mkdir]        object directory for project AdaSAT
   [mkdir]        exec directory for project AdaSAT
   [mkdir]        library directory for project AdaSAT
   [mkdir]        object directory for project GnatColl_GMP
   [mkdir]        library directory for project GnatColl_GMP
   [mkdir]        object directory for project GnatColl_Iconv
   [mkdir]        library directory for project GnatColl_Iconv
   [mkdir]        object directory for project VSS_GNAT
   [mkdir]        library directory for project VSS_GNAT
   [mkdir]        object directory for project Prettier_Ada
   [mkdir]        library directory for project Prettier_Ada
   [mkdir]        object directory for project Langkit_Support
   [mkdir]        library directory for project Langkit_Support
   [mkdir]        object directory for project GPR2
   [mkdir]        library directory for project GPR2
   [mkdir]        object directory for project Libadalang
   [mkdir]        library directory for project Libadalang
   [mkdir]        object directory for project Ada_Caser
   [mkdir]        exec directory for project Ada_Caser
Compile
   [Ada]          ada_caser-main.adb
   [Ada]          vss-xml-implementation-template_evaluators.adb
   [Ada]          vss-xml-implementation-template_programs.ads
   [Ada]          vss-xml-templates-processors.adb
   [Ada]          vss-xml-templates-proxies-strings.adb
   [Ada]          vss-xml-implementation-template_namespaces.adb
   [Ada]          vss-xml-templates-proxies-booleans.adb
   [Ada]          vss-xml-implementation-template_parsers.adb
   [Ada]          vss-xml-templates-values.ads
   [Ada]          vss-xml-templates-proxies.ads
   [Ada]          vss-xml-templates.ads
   [Ada]          vss-iris.adb
   [Ada]          vss-xml-implementation-error_handlers.adb
   [Ada]          vss-xml-implementation.ads
   [Ada]          vss-xml-attributes-containers.adb
   [Ada]          vss-xml-implementation-parse_errors.adb
   [Ada]          vss-xml-event_vectors.ads
   [Ada]          vss-xml-readers.ads
   [Ada]          vss-xml-error_handlers.ads
   [Ada]          vss-xml-parse_errors.ads
   [Ada]          vss-xml-lexical_handlers.ads
   [Ada]          vss-xml-content_handlers.ads
   [Ada]          vss-xml-namespaces.ads
   [Ada]          vss-xml-attributes.ads
   [Ada]          vss-xml-locators.ads
   [Ada]          vss-xml.ads
   [Ada]          vss-xml-events.ads
   [Ada]          vss-html-writers.adb
   [Ada]          vss-xml-implementation-html_writer_data.adb
   [Ada]          vss-html.ads
   [Ada]          vss-regular_expressions-engines.adb
   [Ada]          vss-regular_expressions-utilities.adb
   [Ada]          vss-regular_expressions-category_maps.adb
   [Ada]          vss-regular_expressions-pike_engines.adb
   [Ada]          vss-regular_expressions.adb
   [Ada]          vss-regular_expressions-ecma_parser.adb
   [Ada]          vss-regular_expressions-name_sets.adb
   [Ada]          vss-regular_expressions-matches.adb
   [Ada]          vss-json-implementation-parsers-json5.adb
   [Ada]          vss-json-pull_readers-simple.adb
   [Ada]          vss-json.adb
   [Ada]          vss-json-implementation-parsers-json.adb
   [Ada]          vss-json-implementation-parsers.adb
   [Ada]          vss-json-implementation-numbers-tables.ads
   [Ada]          vss-json-implementation-numbers-eisel_lemire.adb
   [Ada]          vss-json-implementation-big_integers.adb
   [Ada]          vss-json-pull_readers-json5.adb
   [Ada]          vss-json-implementation-numbers-clinger.adb
   [Ada]          vss-json-push_writers.adb
   [Ada]          vss-json-implementation-numbers.adb
   [Ada]          vss-json-content_handlers.adb
   [Ada]          vss-json-implementation.ads
   [Ada]          vss-json-implementation-packed_decimals.adb
   [Ada]          vss-json-pull_readers-buffered.adb
   [Ada]          vss-json-push_readers-simple.adb
   [Ada]          vss-json-pull_readers.adb
   [Ada]          vss-json-streams-cursors.adb
   [Ada]          vss-json-push_readers.ads
   [Ada]          vss-json-streams.ads
   [Ada]          vss-json-implementation-arithmetic_64__128.adb
   [C]            gpr_parser-gdb.c
   [Ada]          gpr_parser-rewriting_implementation.adb
   [Ada]          gpr_parser_support-vectors.adb
   [Ada]          gpr_parser_support-names.adb
   [Ada]          gpr_parser-common.adb
   [Ada]          gpr_parser_support-token_data_handlers.adb
   [Ada]          gpr_parser_support-adalog-generic_main_support.adb
   [Ada]          gpr_parser-implementation-c.adb
   [Ada]          gpr_parser_support-names-maps.adb
   [Ada]          gpr_parser_support-iterators.adb
   [Ada]          gpr_parser_support-array_utils.adb
   [Ada]          gpr_parser_support-generic_api-introspection.adb
   [Ada]          gpr_parser_support-adalog-main_support.ads
   [Ada]          gpr_parser_support-internal.ads
   [Ada]          gpr_parser-c.adb
   [Ada]          gpr_parser_support-lexical_envs.ads
   [Ada]          gpr_parser_adasat.adb
   [Ada]          gpr_parser_support-text.adb
   [Ada]          gpr_parser_support-generic_api-analysis.adb
   [Ada]          gpr_parser-rewriting.adb
   [Ada]          gpr_parser_support-adalog-debug.adb
   [Ada]          gpr_parser_support-internal-descriptor.ads
   [Ada]          gpr_parser_support-internal-analysis.adb
   [Ada]          gpr_parser_support-boxes.adb
   [Ada]          gpr_parser_adasat-internals.ads
   [Ada]          gpr_parser-parsers.adb
   [Ada]          gpr_parser-lexer.adb
   [Ada]          gpr_parser_support-images.adb
   [Ada]          gpr_parser_support-adalog-solver_interface.adb
   [Ada]          gpr_parser_adasat-decisions.adb
   [Ada]          gpr_parser_support-adalog-logic_var.adb
   [Ada]          gpr_parser-lexer_state_machine.adb
   [Ada]          gpr_parser_support-internal-introspection.adb
   [Ada]          gpr_parser_adasat-dpll.adb
   [Ada]          gpr_parser_support-diagnostics.adb
   [Ada]          gpr_parser-generic_introspection.adb
   [Ada]          gpr_parser_support-cheap_sets.adb
   [Ada]          gpr_parser_support-types.ads
   [Ada]          gpr_parser-unparsing_implementation.adb
   [Ada]          gpr_parser_support-file_readers.adb
   [Ada]          gpr_parser.ads
   [Ada]          gpr_parser-generic_api.adb
   [Ada]          gpr_parser_support-lexical_envs_impl.adb
   [Ada]          gpr_parser_adasat-formulas.adb
   [Ada]          gpr_parser_support-packrat.adb
   [Ada]          gpr_parser_support-slocs.adb
   [Ada]          gpr_parser_support-errors.ads
   [Ada]          gpr_parser-private_converters.adb
   [Ada]          gpr_parser-implementation.adb
   [Ada]          gpr_parser_adasat-builders.adb
   [Ada]          gpr_parser_support-bump_ptr.ads
   [Ada]          gpr_parser_support-bump_ptr_vectors.adb
   [Ada]          gpr_parser-public_converters.adb
   [Ada]          gpr_parser-generic_api-introspection.ads
   [Ada]          gpr_parser_support-generic_api.adb
   [Ada]          gpr_parser_support-symbols-precomputed.adb
   [Ada]          gpr_parser_support.ads
   [Ada]          gpr_parser_support-adalog-solver.adb
   [Ada]          gpr_parser-debug.adb
   [Ada]          gpr_parser_support-tree_traversal_iterator.adb
   [Ada]          gpr_parser-iterators.adb
   [Ada]          gpr_parser-analysis.adb
   [Ada]          gpr_parser-unparsing.adb
   [Ada]          gpr_parser_support-hashes.adb
   [Ada]          gpr_parser_adasat-vectors.adb
   [Ada]          gpr_parser_support-relative_get.adb
   [Ada]          gpr_parser_support-diagnostics-output.adb
   [Ada]          gpr_parser_adasat-theory.ads
   [Ada]          gpr_parser_support-generic_bump_ptr.adb
   [Ada]          gpr_parser-generic_impl.adb
   [Ada]          gpr_parser_support-symbols.adb
   [Ada]          gpr_parser_adasat-helpers.adb
   [Ada]          gpr_parser_support-adalog.ads
   [Ada]          gpr_parser-lexer_implementation.adb
   [Ada]          gpr_parser_support-internal-conversions.ads
   [Ada]          gpr2-kb-embedded.adb
   [Ada]          gpr2-build-view_tables.adb
   [Ada]          gpr2-project_parser-set.ads
   [Ada]          gpr2-tree_internal.adb
   [Ada]          gpr2-pack_internal.ads
   [Ada]          gpr2-project_parser-registry.adb
   [Ada]          gpr2-view_internal.adb
   [Ada]          gpr2-project_parser-create.adb
   [Ada]          gpr2-tree_internal-view_builder.adb
   [Ada]          gpr2-view_base_internal.ads
   [Ada]          gpr2-project_parser.adb
   [Ada]          gpr2-build-ali_parser.adb
   [Ada]          gpr2-build-source-sets.adb
   [Ada]          gpr2-build-actions-link.adb
   [Ada]          gpr2-build-unit_info.adb
   [Ada]          gpr2-build-artifacts-files.adb
   [Ada]          gpr2-build.ads
   [Ada]          gpr2-build-compilation_unit-maps.ads
   [Ada]          gpr2-build-view_db.adb
   [Ada]          gpr2-build-process_manager-json.adb
   [Ada]          gpr2-build-actions-post_bind.adb
   [Ada]          gpr2-build-artifacts.adb
   [Ada]          gpr2-build-source.ads
   [Ada]          gpr2-build-unit_info-list.adb
   [Ada]          gpr2-build-actions-ada_bind.adb
   [Ada]          gpr2-build-source_base.adb
   [Ada]          gpr2-build-compilation_unit.adb
   [Ada]          gpr2-build-actions-compile-ada.adb
gpr2-build-source_base.adb:88:49: warning: reference to obsolescent entity "To_Unix_Time" declared at a-calcon.ads:130 [-gnatwj]
gpr2-build-source_base.adb:88:49: warning: This function may be removed in a future version [-gnatwj]
gpr2-build-source_base.adb:88:49: warning: call to obsolescent function "To_Unix_Time" declared at a-calcon.ads:130 [-gnatwj]
gpr2-build-source_base.adb:88:49: warning: This function may be removed in a future version [-gnatwj]
gpr2-build-source_base.adb:91:25: warning: call to obsolescent function "To_Ada_Time" declared at a-calcon.ads:39 [-gnatwj]
gpr2-build-source_base.adb:91:25: warning: This function may be removed in a future version [-gnatwj]
   [Ada]          gpr2-build-process_manager.adb
   [Ada]          gpr2-build-signature.adb
   [Ada]          gpr2-build-artifacts-file_part.adb
   [Ada]          gpr2-build-source_base-ada_parser.adb
   [Ada]          gpr2-build-tree_db.adb
   [Ada]          gpr2-build-artifacts-library.ads
   [Ada]          gpr2-build-actions-compile.adb
   [Ada]          gpr2-build-actions.adb
   [Ada]          gpr2-message-reporter.adb
   [Ada]          gpr2-message.adb
   [Ada]          gpr2-kb-compiler_iterator.adb
   [Ada]          gpr2-project-tree.adb
   [Ada]          gpr2-project-registry.ads
   [Ada]          gpr2-context.adb
   [Ada]          gpr_parser-basic_ada_parser.adb
   [Ada]          gpr2-view_ids-vector.ads
   [Ada]          gpr2-source_reference-scalar_value.ads
   [Ada]          gpr2-project-external.adb
   [Ada]          gpr2-project-import-set.adb
   [Ada]          gpr2-source_reference-text_value.adb
   [Ada]          gpr2.adb
   [Ada]          gpr2-project-tree-view_builder.adb
   [Ada]          gpr2-utils.ads
   [Ada]          gpr2-project-attribute.adb
   [Ada]          gpr2-project-typ.adb
   [Ada]          gpr2-builtin.adb
   [Ada]          gpr2-project-attribute_index.adb
   [Ada]          gpr2-source_reference.adb
   [Ada]          gpr2-project-variable.adb
   [Ada]          gpr2-view_ids-dags.adb
   [Ada]          gpr2-project-registry-pack.adb
   [Ada]          gpr2-project-configuration.adb
   [Ada]          gpr2-project-registry-attribute-description.adb
   [Ada]          gpr2-kb.adb
   [Ada]          gpr2-project-view.adb
   [Ada]          gpr2-path_name.adb
   [Ada]          gpr2-project-typ-set.ads
   [Ada]          gpr2-path_name-set.adb
   [Ada]          gpr2-project-pretty_printer.adb
   [Ada]          gpr2-project-variable-set.ads
   [Ada]          gpr2-project-registry-attribute.adb
   [Ada]          gpr2-project-view-vector.ads
gpr2-project-view.adb:54:19: (style) bad casing of "View_Db" declared at gpr2-project-view.ads:359 [-gnatyr]
   [Ada]          gpr2-log.adb
   [Ada]          gpr2-project-name_values.adb
   [Ada]          gpr2-project-attribute_cache.adb
   [Ada]          gpr2-view_ids.adb
   [Ada]          gpr2-project.adb
   [Ada]          gpr2-project-import.adb
   [Ada]          gpr2-source_reference-pack.ads
   [Ada]          gpr2-view_ids-set.ads
   [Ada]          gpr2-source_reference-attribute.ads
   [Ada]          gpr2-project-registry-pack-description.adb
   [Ada]          gpr2-project-external-set.ads
   [Ada]          gpr2-source_reference-identifier-set.ads
   [Ada]          gpr2-containers.adb
   [Ada]          gpr2-project-attr_values.adb
   [Ada]          gpr2-environment.adb
   [Ada]          gpr2-project-registry-exchange.adb
   [Ada]          gpr2-project-attribute-set.adb
   [Ada]          gpr2-utils-hash.adb
   [Ada]          gpr2-file_readers.adb
   [Ada]          gpr2-source_reference-text_value-g_set.ads
   [Ada]          gpr2-kb-parsing.adb
   [Ada]          gpr2-project-view-set.ads
   [Ada]          gpr2-options.adb
   [Ada]          gpr2-version.adb
   [Ada]          gpr2-source_reference-identifier.ads
   [Ada]          gpr2-source_reference-value.ads
   [C]            libadalang-gdb.c
   [Ada]          libadalang-lexer.adb
   [Ada]          libadalang-common.adb
   [Ada]          libadalang-analysis.adb
   [Ada]          libadalang-implementation.adb
   [Ada]          libadalang-data_decomposition.adb
   [Ada]          libadalang.ads
   [Ada]          libadalang-rewriting.adb
   [Ada]          libadalang-auto_provider.adb
   [Ada]          libadalang-semantic_diagnostics.adb
   [Ada]          libadalang-implementation-c-extensions.adb
   [Ada]          libadalang-unit_files.adb
   [Ada]          libadalang-implementation-extensions.adb
   [Ada]          libadalang-implementation-c.adb
   [Ada]          libadalang-generic_api.adb
   [Ada]          libadalang-doc_utils.adb
   [Ada]          libadalang-iterators.adb
   [Ada]          libadalang-env_hooks.adb
   [Ada]          libadalang-iterators-extensions.adb
   [Ada]          libadalang-public_converters.adb
   [Ada]          libadalang-debug.adb
   [Ada]          libadalang-rewriting_implementation.adb
   [Ada]          libadalang-generic_api-introspection.ads
   [Ada]          libadalang-lexer_state_machine.adb
   [Ada]          libadalang-pp_lexer.adb
   [Ada]          libadalang-lexer_implementation.adb
   [Ada]          libadalang-c.adb
   [Ada]          libadalang-gpr_impl.adb
   [Ada]          libadalang-pp_impl.adb
   [Ada]          libadalang-internal_default_provider.adb
   [Ada]          libadalang-sources.adb
   [Ada]          libadalang-gpr_utils.adb
   [Ada]          libadalang-config_pragmas.adb
   [Ada]          libadalang-preprocessing.adb
   [Ada]          libadalang-project_provider.adb
   [Ada]          libadalang-private_converters.adb
   [Ada]          libadalang-parsers.adb
   [Ada]          libadalang-expr_eval.adb
   [Ada]          libadalang-config_pragmas_impl.adb
   [Ada]          libadalang-helpers.adb
   [Ada]          libadalang-unparsing.adb
   [Ada]          a-suvsau.adb
   [Ada]          a-szuvau.adb
   [Ada]          vss-implementation-ucd_normalization_common.ads
   [Ada]          vss-implementation-ucd_casing_utf8.ads
   [Ada]          vss-implementation-ucd_core.ads
   [Ada]          vss-implementation-ucd_normalization_utf8.ads
   [Ada]          vss-transformers-normalization.adb
   [Ada]          vss-strings-formatters-generic_integers.adb
   [Ada]          vss-strings-converters-decoders-iso88595.adb
   [Ada]          vss-strings-cursors.adb
   [Ada]          vss-strings-converters-decoders-iso88592.adb
   [Ada]          vss-strings-formatters-generic_modulars.adb
   [Ada]          vss-transformers-casing.adb
   [Ada]          vss-strings-converters-decoders-eucjp-jis0212.ads
   [Ada]          vss-strings-cursors-markers.adb
   [Ada]          vss-strings-converters-encoders.adb
   [Ada]          vss-implementation-strings.adb
   [Ada]          vss-strings-converters-decoders-utf8.adb
   [Ada]          vss-strings-cursors-markers-internals.adb
   [Ada]          vss-implementation-line_iterators.adb
   [Ada]          vss-transformers-caseless.adb
   [Ada]          vss-strings-converters-encoders-utf8.adb
   [Ada]          vss-strings-internals.adb
   [Ada]          vss-strings-converters-decoders-iso88597.adb
   [Ada]          vss-implementation-ucd_casing.adb
   [Ada]          vss-implementation-text_handlers-utf8-dynamic.adb
   [Ada]          vss-strings-cursors-iterators-words.adb
   [Ada]          vss-strings-converters-decoders-eucjp.adb
   [Ada]          vss-strings-converters-decoders.adb
   [Ada]          vss-string_vectors.adb
   [Ada]          vss-implementation-utf8_normalization.adb
   [Ada]          vss-characters.adb
   [Ada]          vss-implementation.ads
   [Ada]          vss-strings-formatters-strings.adb
   [Ada]          vss-strings-conversions.adb
   [Ada]          vss-implementation-utf8_casing.adb
   [Ada]          vss-strings-converters-decoders-index_jis0208.ads
   [Ada]          vss-strings-converters-decoders-iso88596.adb
   [Ada]          vss-strings-hash.adb
   [Ada]          vss-implementation-text_handlers-utf8.adb
   [Ada]          vss-strings-converters-decoders-iso885915.adb
   [Ada]          vss-strings-converters-decoders-gb18030-indices.ads
   [Ada]          vss-strings-utilities.adb
   [Ada]          vss-strings-converters-decoders-shiftjis.adb
   [Ada]          vss-strings-converters-decoders-koi8r.adb
   [Ada]          vss-implementation-fnv_hash.adb
   [Ada]          vss-strings-cursors-internals.adb
   [Ada]          vss-strings-templates.adb
   [Ada]          vss-strings-converters-decoders-iso88598.adb
   [Ada]          vss-strings-formatters-generic_enumerations.adb
   [Ada]          vss-locales.adb
   [Ada]          vss-implementation-referrers.adb
   [Ada]          vss-strings-cursors-iterators-characters.adb
   [Ada]          vss-strings-converters-decoders-gb18030-ranges.ads
   [Ada]          vss-implementation-text_handlers-utf8-static.adb
   [Ada]          vss-implementation-text_handlers-nul.adb
   [Ada]          vss-strings-cursors-iterators-lines.adb
   [Ada]          vss-strings.adb
   [Ada]          vss-strings-cursors-iterators-grapheme_clusters.adb
   [Ada]          vss-implementation-character_codes.ads
   [Ada]          vss-strings-converters-decoders-gb18030.adb
   [Ada]          vss-strings-converters-decoders-iso88591.adb
   [Ada]          vss-implementation-string_vectors.adb
   [Ada]          vss-strings-converters.adb
   [Ada]          vss-string_vectors-internals.adb
   [Ada]          vss-implementation-text_handlers.adb
   [Ada]          vss-strings-converters-decoders-iso88599.adb
   [Ada]          vss-implementation-utf8_encoding.adb
   [Ada]          vss-strings-character_iterators.ads
   [Ada]          vss-characters-punctuations.ads
   [Ada]          vss-strings-line_iterators.ads
   [Ada]          vss-characters-specials.ads
   [Ada]          vss-strings-cursors-iterators.ads
   [Ada]          vss-transformers.ads
   [Ada]          vss-characters-latin.ads
   [Ada]          vss.ads
   [Ada]          vss-strings-formatters-booleans.ads
   [Ada]          vss-strings-formatters-integers.ads
   [Ada]          vss-strings-grapheme_cluster_iterators.ads
   [Ada]          vss-strings-word_iterators.ads
   [Ada]          vss-strings-markers.ads
   [Ada]          vss-unicode.ads
   [Ada]          vss-strings-formatters.ads
   [Ada]          vss-stream_element_vectors-conversions.adb
   [Ada]          vss-text_streams-memory_utf8_output.adb
   [Ada]          vss-text_streams-file_input.adb
   [Ada]          vss-text_streams-file_output.adb
   [Ada]          vss-text_streams-memory_utf8_input.adb
   [Ada]          vss-text_streams-standards.adb
   [Ada]          vss-stream_element_vectors.adb
   [Ada]          vss-implementation-line_terminator.adb
   [Ada]          vss-stream_element_vectors-internals.adb
   [Ada]          vss-text_streams.ads
   [Ada]          vss-command_line.adb
   [Ada]          vss-application.adb
   [Ada]          vss-command_line-parsers.adb
   [Ada]          vss-environments.adb
   [Ada]          vss-implementation-gcc.ads
   [Ada]          vss-implementation-environment_utilities__posix.adb
   [Ada]          vss-standard_paths__posix.adb
   [Ada]          prettier_ada-documents-implementation.adb
   [Ada]          prettier_ada-optionals.ads
   [Ada]          prettier_ada-generic_formatters.adb
   [Ada]          prettier_ada-documents-builders.adb
   [Ada]          prettier_ada.ads
   [Ada]          prettier_ada-document_vector_vectors.ads
   [Ada]          prettier_ada-documents-json.adb
   [Ada]          prettier_ada-document_vectors.ads
   [Ada]          prettier_ada-documents.adb
   [C]            iconv_support.c
   [Ada]          gnatcoll-iconv.adb
   [C]            gmp_support.c
   [C]            gnatcoll-gmp-mpz_odd_p.c
   [C]            gnatcoll-gmp-mpz_sign.c
   [C]            gnatcoll-gmp-mpz_even_p.c
   [Ada]          gnatcoll-gmp-integers-root_extraction.adb
   [Ada]          gnatcoll-gmp-lib.ads
   [Ada]          gnatcoll-gmp-integers-random.adb
   [Ada]          gnatcoll-gmp-integers-io.adb
   [Ada]          gnatcoll-gmp-random_state.adb
   [Ada]          gnatcoll-gmp-integers-misc.adb
   [Ada]          gnatcoll-gmp-integers-number_theoretic.adb
   [Ada]          gnatcoll-gmp-rational_numbers.adb
   [Ada]          gnatcoll-gmp-integers.adb
   [Ada]          gnatcoll-gmp.ads
   [Ada]          adasat-formulas.adb
   [Ada]          adasat-vectors.adb
   [Ada]          adasat-internals.ads
   [Ada]          adasat.adb
   [Ada]          adasat-helpers.adb
   [Ada]          adasat-dpll.adb
   [Ada]          adasat-theory.ads
   [Ada]          adasat-decisions.adb
   [Ada]          adasat-builders.adb
   [Ada]          langkit_support-diagnostics-output.adb
   [Ada]          langkit_support-internal.ads
   [Ada]          langkit_support-vectors.adb
   [Ada]          langkit_support-names.adb
   [Ada]          langkit_support-text.adb
   [Ada]          langkit_support-generic_bump_ptr.adb
   [Ada]          langkit_support-types.ads
   [Ada]          langkit_support-adalog-generic_main_support.adb
   [Ada]          langkit_support-adalog-solver.adb
   [Ada]          langkit_support-diagnostics.adb
   [Ada]          langkit_support-generic_api.adb
   [Ada]          langkit_support-symbols.adb
   [Ada]          langkit_support-adalog-logic_var.adb
   [Ada]          langkit_support-lexical_envs_impl.adb
   [Ada]          langkit_support-adalog-solver-diagnostics.adb
   [Ada]          langkit_support-bump_ptr_vectors.adb
   [Ada]          langkit_support-array_utils.adb
   [Ada]          langkit_support-internal-introspection.adb
   [Ada]          langkit_support-images.adb
   [Ada]          langkit_support-boxes.adb
   [Ada]          langkit_support-hashes.adb
   [Ada]          langkit_support-generic_api-unparsing.adb
   [Ada]          langkit_support-generic_api-introspection.adb
   [Ada]          langkit_support-file_readers.adb
   [Ada]          langkit_support-tree_traversal_iterator.adb
   [Ada]          langkit_support-adalog.ads
   [Ada]          langkit_support-lexical_envs.ads
   [Ada]          langkit_support-internal-analysis.adb
   [Ada]          langkit_support-token_data_handlers.adb
   [Ada]          langkit_support-bump_ptr.ads
   [Ada]          langkit_support.ads
   [Ada]          langkit_support-errors.ads
   [Ada]          langkit_support-iterators.adb
   [Ada]          langkit_support-cheap_sets.adb
   [Ada]          langkit_support-slocs.adb
   [Ada]          langkit_support-packrat.adb
   [Ada]          langkit_support-adalog-solver_interface.adb
   [Ada]          langkit_support-names-maps.adb
   [Ada]          langkit_support-adalog-main_support.ads
   [Ada]          langkit_support-internal-unparsing.ads
   [Ada]          langkit_support-adalog-debug.adb
   [Ada]          langkit_support-internal-descriptor.ads
   [Ada]          langkit_support-relative_get.adb
   [Ada]          langkit_support-generic_api-analysis.adb
   [Ada]          langkit_support-internal-conversions.ads
   [Ada]          langkit_support-symbols-precomputed.adb
   [Ada]          ada_caser.ads
   [Ada]          ada_caser-dictionaries.adb
   [Ada]          ada_caser-exception_reporting--other.adb
   [Ada]          ada_caser-messages.adb
   [Ada]          ada_caser-options.adb
   [Ada]          ada_caser-processing.adb
   [Ada]          ada_caser-utilities.adb
   [Ada]          ada_caser-version.adb
   [Ada]          libadalang-generic_impl.adb
   [Ada]          libadalang-unparsing_implementation.adb
   [Ada]          libadalang-parsers_impl.adb
   [Ada]          langkit_support-prettier_utils.adb
   [Ada]          ada_caser_config.ads
   [Ada]          libadalang-generic_introspection.adb
   [Ada]          libadalang-unparsers.ads
Build Libraries
   [gprlib]       adasat.lexch
   [gprlib]       gnatcoll_gmp.lexch
   [gprlib]       gnatcoll_iconv.lexch
   [gprlib]       vss-gnat.lexch
   [archive]      libadasat.a
   [archive]      libgnatcoll_gmp.a
   [archive]      libgnatcoll_iconv.a
   [index]        libgnatcoll_iconv.a
   [archive]      libvss-gnat.a
   [index]        libadasat.a
   [gprlib]       vss.lexch
   [index]        libgnatcoll_gmp.a
   [index]        libvss-gnat.a
   [gprlib]       prettier_ada.lexch
   [archive]      libvss.a
   [index]        libvss.a
   [archive]      libprettier_ada.a
   [index]        libprettier_ada.a
   [gprlib]       langkit_support.lexch
   [gprlib]       gpr2.lexch
   [bind SAL]     langkit_support
   [archive]      libgpr2.a
   [Ada]          b__langkit_support.adb
   [gprlib]       adalang.lexch
   [objcopy]      p__langkit_support_1.o
   [archive]      liblangkit_support.a
   [index]        liblangkit_support.a
   [index]        libgpr2.a
   [gprlib]       vss-json.lexch
   [gprlib]       vss-regexp.lexch
   [gprlib]       vss-xml.lexch
   [gprlib]       vss-xml-templates.lexch
   [archive]      libvss-json.a
   [archive]      libvss-regexp.a
   [archive]      libvss-xml.a
   [bind SAL]     adalang
   [index]        libvss-json.a
   [index]        libvss-regexp.a
   [index]        libvss-xml.a
   [archive]      libvss-xml-templates.a
   [index]        libvss-xml-templates.a
   [Ada]          b__adalang.adb
   [objcopy]      p__adalang_0.o
   [archive]      libadalang.a
   [index]        libadalang.a
Bind
   [gprbind]      ada_caser-main.bexch
   [Ada]          ada_caser-main.ali
Link
   [link]         ada_caser-main.adb
Using built-in specs.
COLLECT_GCC=/home/runner/.local/share/alire/toolchains/gnat_native_15.1.2_f0e902c0/bin/gcc
COLLECT_LTO_WRAPPER=/home/runner/.local/share/alire/toolchains/gnat_native_15.1.2_f0e902c0/bin/../libexec/gcc/x86_64-pc-linux-gnu/15.1.0/lto-wrapper
Target: x86_64-pc-linux-gnu
Configured with: ../src/configure --prefix=/home/runner/work/GNAT-FSF-builds/GNAT-FSF-builds/sbx/x86_64-linux/gcc/install --with-build-time-tools=/home/runner/work/GNAT-FSF-builds/GNAT-FSF-builds/sbx/x86_64-linux/binutils/install/bin --enable-languages=c,ada,c++ --enable-libstdcxx --enable-libstdcxx-threads --enable-libada --disable-nls --without-libiconv-prefix --disable-libstdcxx-pch --enable-lto --disable-multilib --enable-threads=posix --enable-default-pie --with-gnu-ld --with-gnu-as --with-mpfr=/home/runner/work/GNAT-FSF-builds/GNAT-FSF-builds/sbx/x86_64-linux/mpfr/install --with-gmp=/home/runner/work/GNAT-FSF-builds/GNAT-FSF-builds/sbx/x86_64-linux/gmp/install --with-mpc=/home/runner/work/GNAT-FSF-builds/GNAT-FSF-builds/sbx/x86_64-linux/mpc/install --with-isl=/home/runner/work/GNAT-FSF-builds/GNAT-FSF-builds/sbx/x86_64-linux/isl/install --build=x86_64-pc-linux-gnu
Thread model: posix
Supported LTO compression algorithms: zlib zstd
gcc version 15.1.0 (GCC) 
COMPILER_PATH=/home/runner/.local/share/alire/toolchains/gnat_native_15.1.2_f0e902c0/bin/../libexec/gcc/x86_64-pc-linux-gnu/15.1.0/:/home/runner/.local/share/alire/toolchains/gnat_native_15.1.2_f0e902c0/bin/../libexec/gcc/:/home/runner/.local/share/alire/toolchains/gnat_native_15.1.2_f0e902c0/bin/../lib/gcc/x86_64-pc-linux-gnu/15.1.0/../../../../x86_64-pc-linux-gnu/bin/
LIBRARY_PATH=/home/runner/.local/share/alire/toolchains/gnat_native_15.1.2_f0e902c0/bin/../lib/gcc/x86_64-pc-linux-gnu/15.1.0/:/home/runner/.local/share/alire/toolchains/gnat_native_15.1.2_f0e902c0/bin/../lib/gcc/:/home/runner/.local/share/alire/toolchains/gnat_native_15.1.2_f0e902c0/lib64/../lib64/:/home/runner/.local/share/alire/toolchains/gnat_native_15.1.2_f0e902c0/bin/../lib/gcc/x86_64-pc-linux-gnu/15.1.0/../../../../lib64/:/lib/x86_64-linux-gnu/:/lib/../lib64/:/usr/lib/x86_64-linux-gnu/:/usr/lib/../lib64/:/home/runner/.local/share/alire/toolchains/gnat_native_15.1.2_f0e902c0/lib64/:/home/runner/.local/share/alire/toolchains/gnat_native_15.1.2_f0e902c0/bin/../lib/gcc/x86_64-pc-linux-gnu/15.1.0/../../../../x86_64-pc-linux-gnu/lib/:/home/runner/.local/share/alire/toolchains/gnat_native_15.1.2_f0e902c0/bin/../lib/gcc/x86_64-pc-linux-gnu/15.1.0/../../../:/lib/:/usr/lib/
COLLECT_GCC_OPTIONS='-v' '-L/home/runner/work/alire-crates-ci/alire-crates-ci/test/f9489c69-4ec3-4c94-b93f-9756fbe48c7a/ada_caser_0.1.0_ca30fd13/obj/release/' '-L/home/runner/work/alire-crates-ci/alire-crates-ci/test/f9489c69-4ec3-4c94-b93f-9756fbe48c7a/ada_caser_0.1.0_ca30fd13/obj/release/' '-L/home/runner/.local/share/alire/builds/gnatcoll_25.0.0_d7d84483/afe1d37b3912cb2430b7bec6b7232acab3d59fadad1a335f208c68d88c1e1490/core/lib/gnatcoll_core/static/' '-L/home/runner/.local/share/alire/builds/gnatcoll_25.0.0_d7d84483/afe1d37b3912cb2430b7bec6b7232acab3d59fadad1a335f208c68d88c1e1490/minimal/lib/gnatcoll_core/static/' '-L/home/runner/.local/share/alire/builds/gnatcoll_25.0.0_d7d84483/afe1d37b3912cb2430b7bec6b7232acab3d59fadad1a335f208c68d88c1e1490/projects/lib/gnatcoll_projects/static/' '-L/home/runner/.local/share/alire/builds/libgpr_25.0.0_17669998/1ed2696a127bc6a53003b103b2bc1308835283030b675b0fc0e5b9afbbeae17f/gpr/lib/production/static/' '-L/home/runner/.local/share/alire/builds/xmlada_25.0.0_7f12fe3a/2c685fbbe90fb771819f94cc764dac7676ebd3b7f2099ad5473bca59b5043510/unicode/lib/static/' '-L/home/runner/.local/share/alire/builds/xmlada_25.0.0_7f12fe3a/2c685fbbe90fb771819f94cc764dac7676ebd3b7f2099ad5473bca59b5043510/sax/lib/static/' '-L/home/runner/.local/share/alire/builds/xmlada_25.0.0_7f12fe3a/2c685fbbe90fb771819f94cc764dac7676ebd3b7f2099ad5473bca59b5043510/input_sources/lib/static/' '-L/home/runner/.local/share/alire/builds/xmlada_25.0.0_7f12fe3a/2c685fbbe90fb771819f94cc764dac7676ebd3b7f2099ad5473bca59b5043510/dom/lib/static/' '-L/home/runner/.local/share/alire/builds/xmlada_25.0.0_7f12fe3a/2c685fbbe90fb771819f94cc764dac7676ebd3b7f2099ad5473bca59b5043510/schema/lib/static/' '-L/home/runner/.local/share/alire/builds/langkit_support_25.0.0_7c5f4981/70ce2234a660ac346fafa58983faae36aa527b40ec24e4c973c76f0270e00d92/langkit/support/lib/static/dev/' '-L/home/runner/.local/share/alire/builds/adasat_25.0.0_0618d8c6/01f785e2a59f2e10328ea1e04dcf8dba98386d497748b7994ae3d3d58d550927/lib/static/dev/' '-L/home/runner/.local/share/alire/builds/gnatcoll_gmp_25.0.0_0848cc59/21ecd37c0e6f041c5bedeb2e553baf72763cdab118ee86c66feb0229aa9c7e7d/gmp/lib/static/' '-L/home/runner/.local/share/alire/builds/gnatcoll_iconv_25.0.0_0848cc59/d0cef04acc8a0dff657ff14790c87f9540d655b2c3f4841f0f43ae3943cecf69/iconv/lib/static/' '-L/home/runner/.local/share/alire/builds/prettier_ada_25.0.0_a67a3337/4529866cb925eccb6c28d4c5a0dfbe355fb25e993f3e59e3c71614c23e66b8ba/lib/static/prod/' '-L/home/runner/.local/share/alire/builds/vss_25.0.0_1ddbb26c/c6c45e680b001058e2c114059d304cf73c806c50afdbd9f1a936f68661dbc0bf/.libs/static/' '-L/home/runner/.local/share/alire/builds/libadalang_25.0.0_0303cb0f/30325c059cbbf2a547d18cf700574eec8b650123bcfbe374c0ebedb4f06fce07/lib/static/dev/' '-L/home/runner/.local/share/alire/builds/libgpr2_25.0.0_70fe0fcf/f05b039fc0bbc0de8b592fff661263fb4b22f0fafd0bc689fa408d2cadd964f7/.build/release/lib-static/' '-L/home/runner/.local/share/alire/toolchains/gnat_native_15.1.2_f0e902c0/lib/gcc/x86_64-pc-linux-gnu/15.1.0/adalib/' '-static-libgcc' '-L/home/runner/.local/share/alire/builds/libadalang_25.0.0_0303cb0f/30325c059cbbf2a547d18cf700574eec8b650123bcfbe374c0ebedb4f06fce07/obj/dev/' '-L/home/runner/.local/share/alire/builds/libgpr2_25.0.0_70fe0fcf/f05b039fc0bbc0de8b592fff661263fb4b22f0fafd0bc689fa408d2cadd964f7/.build/release/lib-static/' '-L/home/runner/.local/share/alire/builds/adasat_25.0.0_0618d8c6/01f785e2a59f2e10328ea1e04dcf8dba98386d497748b7994ae3d3d58d550927/lib/static/dev/' '-L/home/runner/.local/share/alire/builds/langkit_support_25.0.0_7c5f4981/70ce2234a660ac346fafa58983faae36aa527b40ec24e4c973c76f0270e00d92/langkit/support/lib/static/dev/' '-L/home/runner/.local/share/alire/builds/vss_25.0.0_1ddbb26c/c6c45e680b001058e2c114059d304cf73c806c50afdbd9f1a936f68661dbc0bf/.libs/static/' '-L/home/runner/.local/share/alire/builds/prettier_ada_25.0.0_a67a3337/4529866cb925eccb6c28d4c5a0dfbe355fb25e993f3e59e3c71614c23e66b8ba/lib/static/prod/' '-L/home/runner/.local/share/alire/builds/gnatcoll_iconv_25.0.0_0848cc59/d0cef04acc8a0dff657ff14790c87f9540d655b2c3f4841f0f43ae3943cecf69/iconv/lib/static/' '-L/home/runner/.local/share/alire/builds/gnatcoll_gmp_25.0.0_0848cc59/21ecd37c0e6f041c5bedeb2e553baf72763cdab118ee86c66feb0229aa9c7e7d/gmp/lib/static/' '-L/home/runner/.local/share/alire/builds/xmlada_25.0.0_7f12fe3a/2c685fbbe90fb771819f94cc764dac7676ebd3b7f2099ad5473bca59b5043510/schema/lib/static/' '-L/home/runner/.local/share/alire/builds/xmlada_25.0.0_7f12fe3a/2c685fbbe90fb771819f94cc764dac7676ebd3b7f2099ad5473bca59b5043510/dom/lib/static/' '-L/home/runner/.local/share/alire/builds/xmlada_25.0.0_7f12fe3a/2c685fbbe90fb771819f94cc764dac7676ebd3b7f2099ad5473bca59b5043510/input_sources/lib/static/' '-L/home/runner/.local/share/alire/builds/xmlada_25.0.0_7f12fe3a/2c685fbbe90fb771819f94cc764dac7676ebd3b7f2099ad5473bca59b5043510/sax/lib/static/' '-L/home/runner/.local/share/alire/builds/xmlada_25.0.0_7f12fe3a/2c685fbbe90fb771819f94cc764dac7676ebd3b7f2099ad5473bca59b5043510/unicode/lib/static/' '-L/home/runner/.local/share/alire/builds/libgpr_25.0.0_17669998/1ed2696a127bc6a53003b103b2bc1308835283030b675b0fc0e5b9afbbeae17f/gpr/lib/production/static/' '-L/home/runner/.local/share/alire/builds/gnatcoll_25.0.0_d7d84483/afe1d37b3912cb2430b7bec6b7232acab3d59fadad1a335f208c68d88c1e1490/projects/lib/gnatcoll_projects/static/' '-L/home/runner/.local/share/alire/builds/gnatcoll_25.0.0_d7d84483/afe1d37b3912cb2430b7bec6b7232acab3d59fadad1a335f208c68d88c1e1490/minimal/lib/gnatcoll_core/static/' '-L/home/runner/.local/share/alire/builds/gnatcoll_25.0.0_d7d84483/afe1d37b3912cb2430b7bec6b7232acab3d59fadad1a335f208c68d88c1e1490/core/lib/gnatcoll_core/static/' '-L/home/runner/.local/share/alire/toolchains/gnat_native_15.1.2_f0e902c0/lib/gcc/x86_64-pc-linux-gnu/15.1.0/adalib/' '-L/home/runner/.local/share/alire/builds/langkit_support_25.0.0_7c5f4981/70ce2234a660ac346fafa58983faae36aa527b40ec24e4c973c76f0270e00d92/langkit/support/obj/dev/' '-o' '/home/runner/work/alire-crates-ci/alire-crates-ci/test/f9489c69-4ec3-4c94-b93f-9756fbe48c7a/ada_caser_0.1.0_ca30fd13/bin//ada_caser' '-mtune=generic' '-march=x86-64' '-dumpdir' '/home/runner/work/alire-crates-ci/alire-crates-ci/test/f9489c69-4ec3-4c94-b93f-9756fbe48c7a/ada_caser_0.1.0_ca30fd13/bin//ada_caser.'
 /home/runner/.local/share/alire/toolchains/gnat_native_15.1.2_f0e902c0/bin/../libexec/gcc/x86_64-pc-linux-gnu/15.1.0/collect2 -plugin /home/runner/.local/share/alire/toolchains/gnat_native_15.1.2_f0e902c0/bin/../libexec/gcc/x86_64-pc-linux-gnu/15.1.0/liblto_plugin.so -plugin-opt=/home/runner/.local/share/alire/toolchains/gnat_native_15.1.2_f0e902c0/bin/../libexec/gcc/x86_64-pc-linux-gnu/15.1.0/lto-wrapper -plugin-opt=-fresolution=/tmp/ccDrlI8J.res -plugin-opt=-pass-through=-lgcc -plugin-opt=-pass-through=-lgcc_eh -plugin-opt=-pass-through=-lc -plugin-opt=-pass-through=-lgcc -plugin-opt=-pass-through=-lgcc_eh --eh-frame-hdr -m elf_x86_64 -dynamic-linker /lib64/ld-linux-x86-64.so.2 -pie -o /home/runner/work/alire-crates-ci/alire-crates-ci/test/f9489c69-4ec3-4c94-b93f-9756fbe48c7a/ada_caser_0.1.0_ca30fd13/bin//ada_caser /lib/x86_64-linux-gnu/Scrt1.o /lib/x86_64-linux-gnu/crti.o /home/runner/.local/share/alire/toolchains/gnat_native_15.1.2_f0e902c0/bin/../lib/gcc/x86_64-pc-linux-gnu/15.1.0/crtbeginS.o @/tmp/cckx2qOF -L/home/runner/.local/share/alire/toolchains/gnat_native_15.1.2_f0e902c0/bin/../lib/gcc/x86_64-pc-linux-gnu/15.1.0 -L/home/runner/.local/share/alire/toolchains/gnat_native_15.1.2_f0e902c0/bin/../lib/gcc -L/home/runner/.local/share/alire/toolchains/gnat_native_15.1.2_f0e902c0/lib64/../lib64 -L/home/runner/.local/share/alire/toolchains/gnat_native_15.1.2_f0e902c0/bin/../lib/gcc/x86_64-pc-linux-gnu/15.1.0/../../../../lib64 -L/lib/x86_64-linux-gnu -L/lib/../lib64 -L/usr/lib/x86_64-linux-gnu -L/usr/lib/../lib64 -L/home/runner/.local/share/alire/toolchains/gnat_native_15.1.2_f0e902c0/lib64 -L/home/runner/.local/share/alire/toolchains/gnat_native_15.1.2_f0e902c0/bin/../lib/gcc/x86_64-pc-linux-gnu/15.1.0/../../../../x86_64-pc-linux-gnu/lib -L/home/runner/.local/share/alire/toolchains/gnat_native_15.1.2_f0e902c0/bin/../lib/gcc/x86_64-pc-linux-gnu/15.1.0/../../.. -L/lib -L/usr/lib @/tmp/ccQk73Fo -lgcc -lgcc_eh -lc -lgcc -lgcc_eh /home/runner/.local/share/alire/toolchains/gnat_native_15.1.2_f0e902c0/bin/../lib/gcc/x86_64-pc-linux-gnu/15.1.0/crtendS.o /lib/x86_64-linux-gnu/crtn.o
COLLECT_GCC_OPTIONS='-v' '-L/home/runner/work/alire-crates-ci/alire-crates-ci/test/f9489c69-4ec3-4c94-b93f-9756fbe48c7a/ada_caser_0.1.0_ca30fd13/obj/release/' '-L/home/runner/work/alire-crates-ci/alire-crates-ci/test/f9489c69-4ec3-4c94-b93f-9756fbe48c7a/ada_caser_0.1.0_ca30fd13/obj/release/' '-L/home/runner/.local/share/alire/builds/gnatcoll_25.0.0_d7d84483/afe1d37b3912cb2430b7bec6b7232acab3d59fadad1a335f208c68d88c1e1490/core/lib/gnatcoll_core/static/' '-L/home/runner/.local/share/alire/builds/gnatcoll_25.0.0_d7d84483/afe1d37b3912cb2430b7bec6b7232acab3d59fadad1a335f208c68d88c1e1490/minimal/lib/gnatcoll_core/static/' '-L/home/runner/.local/share/alire/builds/gnatcoll_25.0.0_d7d84483/afe1d37b3912cb2430b7bec6b7232acab3d59fadad1a335f208c68d88c1e1490/projects/lib/gnatcoll_projects/static/' '-L/home/runner/.local/share/alire/builds/libgpr_25.0.0_17669998/1ed2696a127bc6a53003b103b2bc1308835283030b675b0fc0e5b9afbbeae17f/gpr/lib/production/static/' '-L/home/runner/.local/share/alire/builds/xmlada_25.0.0_7f12fe3a/2c685fbbe90fb771819f94cc764dac7676ebd3b7f2099ad5473bca59b5043510/unicode/lib/static/' '-L/home/runner/.local/share/alire/builds/xmlada_25.0.0_7f12fe3a/2c685fbbe90fb771819f94cc764dac7676ebd3b7f2099ad5473bca59b5043510/sax/lib/static/' '-L/home/runner/.local/share/alire/builds/xmlada_25.0.0_7f12fe3a/2c685fbbe90fb771819f94cc764dac7676ebd3b7f2099ad5473bca59b5043510/input_sources/lib/static/' '-L/home/runner/.local/share/alire/builds/xmlada_25.0.0_7f12fe3a/2c685fbbe90fb771819f94cc764dac7676ebd3b7f2099ad5473bca59b5043510/dom/lib/static/' '-L/home/runner/.local/share/alire/builds/xmlada_25.0.0_7f12fe3a/2c685fbbe90fb771819f94cc764dac7676ebd3b7f2099ad5473bca59b5043510/schema/lib/static/' '-L/home/runner/.local/share/alire/builds/langkit_support_25.0.0_7c5f4981/70ce2234a660ac346fafa58983faae36aa527b40ec24e4c973c76f0270e00d92/langkit/support/lib/static/dev/' '-L/home/runner/.local/share/alire/builds/adasat_25.0.0_0618d8c6/01f785e2a59f2e10328ea1e04dcf8dba98386d497748b7994ae3d3d58d550927/lib/static/dev/' '-L/home/runner/.local/share/alire/builds/gnatcoll_gmp_25.0.0_0848cc59/21ecd37c0e6f041c5bedeb2e553baf72763cdab118ee86c66feb0229aa9c7e7d/gmp/lib/static/' '-L/home/runner/.local/share/alire/builds/gnatcoll_iconv_25.0.0_0848cc59/d0cef04acc8a0dff657ff14790c87f9540d655b2c3f4841f0f43ae3943cecf69/iconv/lib/static/' '-L/home/runner/.local/share/alire/builds/prettier_ada_25.0.0_a67a3337/4529866cb925eccb6c28d4c5a0dfbe355fb25e993f3e59e3c71614c23e66b8ba/lib/static/prod/' '-L/home/runner/.local/share/alire/builds/vss_25.0.0_1ddbb26c/c6c45e680b001058e2c114059d304cf73c806c50afdbd9f1a936f68661dbc0bf/.libs/static/' '-L/home/runner/.local/share/alire/builds/libadalang_25.0.0_0303cb0f/30325c059cbbf2a547d18cf700574eec8b650123bcfbe374c0ebedb4f06fce07/lib/static/dev/' '-L/home/runner/.local/share/alire/builds/libgpr2_25.0.0_70fe0fcf/f05b039fc0bbc0de8b592fff661263fb4b22f0fafd0bc689fa408d2cadd964f7/.build/release/lib-static/' '-L/home/runner/.local/share/alire/toolchains/gnat_native_15.1.2_f0e902c0/lib/gcc/x86_64-pc-linux-gnu/15.1.0/adalib/' '-static-libgcc' '-L/home/runner/.local/share/alire/builds/libadalang_25.0.0_0303cb0f/30325c059cbbf2a547d18cf700574eec8b650123bcfbe374c0ebedb4f06fce07/obj/dev/' '-L/home/runner/.local/share/alire/builds/libgpr2_25.0.0_70fe0fcf/f05b039fc0bbc0de8b592fff661263fb4b22f0fafd0bc689fa408d2cadd964f7/.build/release/lib-static/' '-L/home/runner/.local/share/alire/builds/adasat_25.0.0_0618d8c6/01f785e2a59f2e10328ea1e04dcf8dba98386d497748b7994ae3d3d58d550927/lib/static/dev/' '-L/home/runner/.local/share/alire/builds/langkit_support_25.0.0_7c5f4981/70ce2234a660ac346fafa58983faae36aa527b40ec24e4c973c76f0270e00d92/langkit/support/lib/static/dev/' '-L/home/runner/.local/share/alire/builds/vss_25.0.0_1ddbb26c/c6c45e680b001058e2c114059d304cf73c806c50afdbd9f1a936f68661dbc0bf/.libs/static/' '-L/home/runner/.local/share/alire/builds/prettier_ada_25.0.0_a67a3337/4529866cb925eccb6c28d4c5a0dfbe355fb25e993f3e59e3c71614c23e66b8ba/lib/static/prod/' '-L/home/runner/.local/share/alire/builds/gnatcoll_iconv_25.0.0_0848cc59/d0cef04acc8a0dff657ff14790c87f9540d655b2c3f4841f0f43ae3943cecf69/iconv/lib/static/' '-L/home/runner/.local/share/alire/builds/gnatcoll_gmp_25.0.0_0848cc59/21ecd37c0e6f041c5bedeb2e553baf72763cdab118ee86c66feb0229aa9c7e7d/gmp/lib/static/' '-L/home/runner/.local/share/alire/builds/xmlada_25.0.0_7f12fe3a/2c685fbbe90fb771819f94cc764dac7676ebd3b7f2099ad5473bca59b5043510/schema/lib/static/' '-L/home/runner/.local/share/alire/builds/xmlada_25.0.0_7f12fe3a/2c685fbbe90fb771819f94cc764dac7676ebd3b7f2099ad5473bca59b5043510/dom/lib/static/' '-L/home/runner/.local/share/alire/builds/xmlada_25.0.0_7f12fe3a/2c685fbbe90fb771819f94cc764dac7676ebd3b7f2099ad5473bca59b5043510/input_sources/lib/static/' '-L/home/runner/.local/share/alire/builds/xmlada_25.0.0_7f12fe3a/2c685fbbe90fb771819f94cc764dac7676ebd3b7f2099ad5473bca59b5043510/sax/lib/static/' '-L/home/runner/.local/share/alire/builds/xmlada_25.0.0_7f12fe3a/2c685fbbe90fb771819f94cc764dac7676ebd3b7f2099ad5473bca59b5043510/unicode/lib/static/' '-L/home/runner/.local/share/alire/builds/libgpr_25.0.0_17669998/1ed2696a127bc6a53003b103b2bc1308835283030b675b0fc0e5b9afbbeae17f/gpr/lib/production/static/' '-L/home/runner/.local/share/alire/builds/gnatcoll_25.0.0_d7d84483/afe1d37b3912cb2430b7bec6b7232acab3d59fadad1a335f208c68d88c1e1490/projects/lib/gnatcoll_projects/static/' '-L/home/runner/.local/share/alire/builds/gnatcoll_25.0.0_d7d84483/afe1d37b3912cb2430b7bec6b7232acab3d59fadad1a335f208c68d88c1e1490/minimal/lib/gnatcoll_core/static/' '-L/home/runner/.local/share/alire/builds/gnatcoll_25.0.0_d7d84483/afe1d37b3912cb2430b7bec6b7232acab3d59fadad1a335f208c68d88c1e1490/core/lib/gnatcoll_core/static/' '-L/home/runner/.local/share/alire/toolchains/gnat_native_15.1.2_f0e902c0/lib/gcc/x86_64-pc-linux-gnu/15.1.0/adalib/' '-L/home/runner/.local/share/alire/builds/langkit_support_25.0.0_7c5f4981/70ce2234a660ac346fafa58983faae36aa527b40ec24e4c973c76f0270e00d92/langkit/support/obj/dev/' '-o' '/home/runner/work/alire-crates-ci/alire-crates-ci/test/f9489c69-4ec3-4c94-b93f-9756fbe48c7a/ada_caser_0.1.0_ca30fd13/bin//ada_caser' '-mtune=generic' '-march=x86-64' '-dumpdir' '/home/runner/work/alire-crates-ci/alire-crates-ci/test/f9489c69-4ec3-4c94-b93f-9756fbe48c7a/ada_caser_0.1.0_ca30fd13/bin//ada_caser.'
Success: Build finished successfully in 451.02 seconds.
Found declared GPR file: ada_caser.gpr
[alr test] Test completed SUCCESSFULLY
