Test ran at 2026-07-15 00:53:46.990133+00:00

SOLUTION:
aoa_22=20220720.0.0: Advent of Ada 22 Solutions
Origin: commit 6d9ebd7195e134dbece445ca7eecd1c66fdc1775 from https://github.com/bracke/AoA_22.git
Properties:
   Author: Jeff Carter
   Build Switches: 
   Description: Advent of Ada 22 Solutions
   Executable: aoa_22
   Executable: day01_2
   Executable: day02_2
   Executable: day03_2
   Executable: day04_2
   Executable: day05_2
   Executable: day06_2
   Executable: day08_2
   Executable: day09_2
   Executable: day10_2
   Executable: day11_2
   Executable: day14_2
   Executable: day01_1
   Executable: day02_1
   Executable: day03_1
   Executable: day04_1
   Executable: day05_1
   Executable: day06_1
   Executable: day08_1
   Executable: day09_1
   Executable: day10_1
   Executable: day11_1
   Executable: day14_1
   Executable: day15_1
   License: BSD-3-Clause
   Maintainer: Bent Bracke <bent@bracke.dk>
   Maintainers_Logins: bracke
   Name: aoa_22
   Tag: adventofada
   Tag: 2022
   Version: 20220720
   Website: https://github.com/bracke/AoA_22
Dependencies (direct):
   gnat<13.0 | >=13.3
   pragmarc^20240323.0.0
Dependencies (solution):
   gnat=15.1.2 (gnat_native)
   pragmarc=20240323.0.0
Dependencies (graph):
   aoa_22=20220720.0.0   --> gnat=15.1.2 (gnat_native) (<13.0 | >=13.3)
   aoa_22=20220720.0.0   --> pragmarc=20240323.0.0 (^20240323.0.0)
   pragmarc=20240323.0.0 --> gnat=15.1.2 (gnat_native) (<13.0 | >=13.3)


LOG:
[alr test] Testing aoa_22=20220720.0.0
[alr test] Spawning retrieval for remote crate: alr -d -n get aoa_22=20220720.0.0
Note: Deploying aoa_22=20220720.0.0...
Note: Deploying pragmarc=20240323.0.0...

aoa_22=20220720.0.0 successfully retrieved.
Dependencies were solved as follows:

   +b gnat     15.1.2       (new,gnat_native,binary)
   +  pragmarc 20240323.0.0 (new)
[alr test] Spawning default test for remote crate: alr -d -n build --release -- -cargs:Ada -gnatwn
Note: Building aoa_22=20220720.0.0/aoa_22.gpr...
Setup
   [mkdir]        object directory for project PragmARC
   [mkdir]        library directory for project PragmARC
   [mkdir]        object directory for project AoA_22
   [mkdir]        exec directory for project AoA_22
Compile
   [Ada]          aoa_22.adb
   [Ada]          day01_2.adb
   [Ada]          day02_2.adb
clang: warning: overriding deployment version from '16.0' to '26.0' [-Woverriding-deployment-version]
   [Ada]          day03_2.adb
clang: warning: overriding deployment version from '16.0' to '26.0' [-Woverriding-deployment-version]
   [Ada]          day04_2.adb
clang: warning: overriding deployment version from '16.0' to '26.0' [-Woverriding-deployment-version]
   [Ada]          day05_2.adb
clang: warning: overriding deployment version from '16.0' to '26.0' [-Woverriding-deployment-version]
   [Ada]          day06_2.adb
clang: warning: overriding deployment version from '16.0' to '26.0' [-Woverriding-deployment-version]
   [Ada]          day08_2.adb
clang: warning: overriding deployment version from '16.0' to '26.0' [-Woverriding-deployment-version]
   [Ada]          day09_2.adb
clang: warning: overriding deployment version from '16.0' to '26.0' [-Woverriding-deployment-version]
   [Ada]          day10_2.adb
clang: warning: overriding deployment version from '16.0' to '26.0' [-Woverriding-deployment-version]
   [Ada]          day11_2.adb
clang: warning: overriding deployment version from '16.0' to '26.0' [-Woverriding-deployment-version]
   [Ada]          day14_2.adb
clang: warning: overriding deployment version from '16.0' to '26.0' [-Woverriding-deployment-version]
   [Ada]          day01_1.adb
clang: warning: overriding deployment version from '16.0' to '26.0' [-Woverriding-deployment-version]
   [Ada]          day02_1.adb
clang: warning: overriding deployment version from '16.0' to '26.0' [-Woverriding-deployment-version]
   [Ada]          day03_1.adb
clang: warning: overriding deployment version from '16.0' to '26.0' [-Woverriding-deployment-version]
   [Ada]          day04_1.adb
clang: warning: overriding deployment version from '16.0' to '26.0' [-Woverriding-deployment-version]
   [Ada]          day05_1.adb
clang: warning: overriding deployment version from '16.0' to '26.0' [-Woverriding-deployment-version]
   [Ada]          day06_1.adb
day05_2.adb:51:60: warning: "Index" may be referenced before it has a value [enabled by default]
clang: warning: overriding deployment version from '16.0' to '26.0' [-Woverriding-deployment-version]
   [Ada]          day08_1.adb
clang: warning: overriding deployment version from '16.0' to '26.0' [-Woverriding-deployment-version]
   [Ada]          day09_1.adb
clang: warning: overriding deployment version from '16.0' to '26.0' [-Woverriding-deployment-version]
   [Ada]          day10_1.adb
clang: warning: overriding deployment version from '16.0' to '26.0' [-Woverriding-deployment-version]
   [Ada]          day11_1.adb
clang: warning: overriding deployment version from '16.0' to '26.0' [-Woverriding-deployment-version]
   [Ada]          day14_1.adb
clang: warning: overriding deployment version from '16.0' to '26.0' [-Woverriding-deployment-version]
   [Ada]          day15_1.adb
day05_1.adb:51:60: warning: "Index" may be referenced before it has a value [enabled by default]
clang: warning: overriding deployment version from '16.0' to '26.0' [-Woverriding-deployment-version]
   [Ada]          pragmarc_config.ads
clang: warning: overriding deployment version from '16.0' to '26.0' [-Woverriding-deployment-version]
   [Ada]          pragmarc-matching-quick_string.adb
clang: warning: overriding deployment version from '16.0' to '26.0' [-Woverriding-deployment-version]
   [Ada]          pragmarc-data_structures-queues-bounded-protection-blocking.ads
clang: warning: overriding deployment version from '16.0' to '26.0' [-Woverriding-deployment-version]
   [Ada]          pragmarc-matching.ads
clang: warning: overriding deployment version from '16.0' to '26.0' [-Woverriding-deployment-version]
   [Ada]          pragmarc-genetic_algorithm.adb
clang: warning: overriding deployment version from '16.0' to '26.0' [-Woverriding-deployment-version]
   [Ada]          pragmarc-text_io.adb
clang: warning: overriding deployment version from '16.0' to '26.0' [-Woverriding-deployment-version]
   [Ada]          pragmarc-data_structures-bags-unbounded-unprotected.adb
clang: warning: overriding deployment version from '16.0' to '26.0' [-Woverriding-deployment-version]
   [Ada]          pragmarc-unbounded_numbers.ads
clang: warning: overriding deployment version from '16.0' to '26.0' [-Woverriding-deployment-version]
   [Ada]          pragmarc-reflection.ads
clang: warning: overriding deployment version from '16.0' to '26.0' [-Woverriding-deployment-version]
   [Ada]          pragmarc-data_structures-lists-bounded-protection.adb
clang: warning: overriding deployment version from '16.0' to '26.0' [-Woverriding-deployment-version]
   [Ada]          pragmarc-ansi_tty_control.adb
clang: warning: overriding deployment version from '16.0' to '26.0' [-Woverriding-deployment-version]
   [Ada]          pragmarc-encryption-threefish.adb
clang: warning: overriding deployment version from '16.0' to '26.0' [-Woverriding-deployment-version]
   [Ada]          pragmarc-math.adb
clang: warning: overriding deployment version from '16.0' to '26.0' [-Woverriding-deployment-version]
   [Ada]          pragmarc-comparisons.ads
clang: warning: overriding deployment version from '16.0' to '26.0' [-Woverriding-deployment-version]
   [Ada]          pragmarc-encryption-threefish-block_256.adb
clang: warning: overriding deployment version from '16.0' to '26.0' [-Woverriding-deployment-version]
   [Ada]          pragmarc-safety-pointers.adb
clang: warning: overriding deployment version from '16.0' to '26.0' [-Woverriding-deployment-version]
   [Ada]          pragmarc-least_squares_fitting.adb
clang: warning: overriding deployment version from '16.0' to '26.0' [-Woverriding-deployment-version]
   [Ada]          pragmarc-safety-semaphores.adb
clang: warning: overriding deployment version from '16.0' to '26.0' [-Woverriding-deployment-version]
   [Ada]          pragmarc-conversions-vectors.adb
clang: warning: overriding deployment version from '16.0' to '26.0' [-Woverriding-deployment-version]
   [Ada]          pragmarc-data_structures-queues-unbounded-unprotected.adb
clang: warning: overriding deployment version from '16.0' to '26.0' [-Woverriding-deployment-version]
   [Ada]          pragmarc-matching-regular_expression.adb
clang: warning: overriding deployment version from '16.0' to '26.0' [-Woverriding-deployment-version]
   [Ada]          pragmarc-data_structures-queues.ads
clang: warning: overriding deployment version from '16.0' to '26.0' [-Woverriding-deployment-version]
   [Ada]          pragmarc-data_structures-queues-bounded-unprotected.adb
clang: warning: overriding deployment version from '16.0' to '26.0' [-Woverriding-deployment-version]
   [Ada]          pragmarc-data_structures-skip_lists-unbounded.adb
clang: warning: overriding deployment version from '16.0' to '26.0' [-Woverriding-deployment-version]
   [Ada]          pragmarc-data_structures-stacks-unbounded.ads
clang: warning: overriding deployment version from '16.0' to '26.0' [-Woverriding-deployment-version]
   [Ada]          pragmarc-binary_semaphore_handler.adb
clang: warning: overriding deployment version from '16.0' to '26.0' [-Woverriding-deployment-version]
   [Ada]          pragmarc-sorting-radix.adb
clang: warning: overriding deployment version from '16.0' to '26.0' [-Woverriding-deployment-version]
   [Ada]          pragmarc-randomness-universal.adb
clang: warning: overriding deployment version from '16.0' to '26.0' [-Woverriding-deployment-version]
   [Ada]          pragmarc-cards-decks.ads
clang: warning: overriding deployment version from '16.0' to '26.0' [-Woverriding-deployment-version]
   [Ada]          pragmarc-wrapping.ads
clang: warning: overriding deployment version from '16.0' to '26.0' [-Woverriding-deployment-version]
   [Ada]          pragmarc-data_structures-lists-unbounded-protection.adb
clang: warning: overriding deployment version from '16.0' to '26.0' [-Woverriding-deployment-version]
   [Ada]          pragmarc-task_communication.ads
clang: warning: overriding deployment version from '16.0' to '26.0' [-Woverriding-deployment-version]
   [Ada]          pragmarc-data_structures-lists-unbounded.ads
clang: warning: overriding deployment version from '16.0' to '26.0' [-Woverriding-deployment-version]
   [Ada]          pragmarc-job_pools.adb
clang: warning: overriding deployment version from '16.0' to '26.0' [-Woverriding-deployment-version]
   [Ada]          pragmarc-data_structures-sets.ads
clang: warning: overriding deployment version from '16.0' to '26.0' [-Woverriding-deployment-version]
   [Ada]          pragmarc-data_structures.ads
clang: warning: overriding deployment version from '16.0' to '26.0' [-Woverriding-deployment-version]
   [Ada]          pragmarc-conversions-unbounded_strings.ads
clang: warning: overriding deployment version from '16.0' to '26.0' [-Woverriding-deployment-version]
   [Ada]          pragmarc-min_max.ads
clang: warning: overriding deployment version from '16.0' to '26.0' [-Woverriding-deployment-version]
   [Ada]          pragmarc-word_input.adb
clang: warning: overriding deployment version from '16.0' to '26.0' [-Woverriding-deployment-version]
   [Ada]          pragmarc-postfix_calculator.adb
clang: warning: overriding deployment version from '16.0' to '26.0' [-Woverriding-deployment-version]
   [Ada]          pragmarc-line_fields.adb
clang: warning: overriding deployment version from '16.0' to '26.0' [-Woverriding-deployment-version]
   [Ada]          pragmarc-data_structures-queues-unbounded-protection-non_blocking.adb
clang: warning: overriding deployment version from '16.0' to '26.0' [-Woverriding-deployment-version]
   [Ada]          pragmarc-encryption-threefish-block_1024.adb
clang: warning: overriding deployment version from '16.0' to '26.0' [-Woverriding-deployment-version]
   [Ada]          pragmarc-data_structures-lists-bounded.ads
clang: warning: overriding deployment version from '16.0' to '26.0' [-Woverriding-deployment-version]
   [Ada]          pragmarc-encryption.ads
clang: warning: overriding deployment version from '16.0' to '26.0' [-Woverriding-deployment-version]
   [Ada]          pragmarc-cards.ads
clang: warning: overriding deployment version from '16.0' to '26.0' [-Woverriding-deployment-version]
   [Ada]          pragmarc-rem_nn_wrapper.adb
clang: warning: overriding deployment version from '16.0' to '26.0' [-Woverriding-deployment-version]
   [Ada]          pragmarc-data_structures-queues-bounded.ads
clang: warning: overriding deployment version from '16.0' to '26.0' [-Woverriding-deployment-version]
   [Ada]          pragmarc-three_way.adb
clang: warning: overriding deployment version from '16.0' to '26.0' [-Woverriding-deployment-version]
   [Ada]          pragmarc-randomness-real_values.ads
clang: warning: overriding deployment version from '16.0' to '26.0' [-Woverriding-deployment-version]
   [Ada]          pragmarc-randomness-combined.adb
clang: warning: overriding deployment version from '16.0' to '26.0' [-Woverriding-deployment-version]
   [Ada]          pragmarc-data_structures-lists.ads
clang: warning: overriding deployment version from '16.0' to '26.0' [-Woverriding-deployment-version]
   [Ada]          pragmarc-data_structures-queues-bounded-protection.ads
clang: warning: overriding deployment version from '16.0' to '26.0' [-Woverriding-deployment-version]
   [Ada]          pragmarc-randomness.ads
clang: warning: overriding deployment version from '16.0' to '26.0' [-Woverriding-deployment-version]
   [Ada]          pragmarc-cards-decks-us.adb
clang: warning: overriding deployment version from '16.0' to '26.0' [-Woverriding-deployment-version]
   [Ada]          pragmarc-concurrent_pipeline.adb
clang: warning: overriding deployment version from '16.0' to '26.0' [-Woverriding-deployment-version]
   [Ada]          pragmarc-data_structures-queues-unbounded.ads
clang: warning: overriding deployment version from '16.0' to '26.0' [-Woverriding-deployment-version]
   [Ada]          pragmarc-date_handler.adb
clang: warning: overriding deployment version from '16.0' to '26.0' [-Woverriding-deployment-version]
   [Ada]          pragmarc-data_structures-bags-unbounded.ads
clang: warning: overriding deployment version from '16.0' to '26.0' [-Woverriding-deployment-version]
   [Ada]          pragmarc-unbounded_numbers-integers.adb
clang: warning: overriding deployment version from '16.0' to '26.0' [-Woverriding-deployment-version]
   [Ada]          pragmarc-encryption-simple_xor.adb
clang: warning: overriding deployment version from '16.0' to '26.0' [-Woverriding-deployment-version]
   [Ada]          pragmarc-task_communication-forwarders.adb
clang: warning: overriding deployment version from '16.0' to '26.0' [-Woverriding-deployment-version]
   [Ada]          pragmarc-randomness-kiss.adb
clang: warning: overriding deployment version from '16.0' to '26.0' [-Woverriding-deployment-version]
   [Ada]          pragmarc-randomness-real_ranges.adb
clang: warning: overriding deployment version from '16.0' to '26.0' [-Woverriding-deployment-version]
   [Ada]          pragmarc-permutations.adb
clang: warning: overriding deployment version from '16.0' to '26.0' [-Woverriding-deployment-version]
   [Ada]          pragmarc-randomness-isaac.adb
clang: warning: overriding deployment version from '16.0' to '26.0' [-Woverriding-deployment-version]
   [Ada]          pragmarc-sorting-insertion.adb
clang: warning: overriding deployment version from '16.0' to '26.0' [-Woverriding-deployment-version]
   [Ada]          pragmarc-randomness-u32_ranges.adb
clang: warning: overriding deployment version from '16.0' to '26.0' [-Woverriding-deployment-version]
   [Ada]          pragmarc-protected_option.adb
clang: warning: overriding deployment version from '16.0' to '26.0' [-Woverriding-deployment-version]
   [Ada]          pragmarc-safety-suspension_objects.adb
clang: warning: overriding deployment version from '16.0' to '26.0' [-Woverriding-deployment-version]
   [Ada]          pragmarc-data_structures-queues-unbounded-protection-blocking.ads
clang: warning: overriding deployment version from '16.0' to '26.0' [-Woverriding-deployment-version]
   [Ada]          pragmarc-sorting.ads
clang: warning: overriding deployment version from '16.0' to '26.0' [-Woverriding-deployment-version]
   [Ada]          pragmarc-conversions.ads
clang: warning: overriding deployment version from '16.0' to '26.0' [-Woverriding-deployment-version]
   [Ada]          pragmarc-b_strings.adb
clang: warning: overriding deployment version from '16.0' to '26.0' [-Woverriding-deployment-version]
   [Ada]          pragmarc-data_structures-stacks.ads
clang: warning: overriding deployment version from '16.0' to '26.0' [-Woverriding-deployment-version]
   [Ada]          pragmarc-unbounded_numbers-rationals.adb
clang: warning: overriding deployment version from '16.0' to '26.0' [-Woverriding-deployment-version]
   [Ada]          pragmarc.ads
clang: warning: overriding deployment version from '16.0' to '26.0' [-Woverriding-deployment-version]
   [Ada]          pragmarc-data_structures-bags-unbounded-protection.adb
clang: warning: overriding deployment version from '16.0' to '26.0' [-Woverriding-deployment-version]
   [Ada]          pragmarc-persistent_skip_list_unbounded.adb
clang: warning: overriding deployment version from '16.0' to '26.0' [-Woverriding-deployment-version]
   [Ada]          pragmarc-luhn_generation.adb
clang: warning: overriding deployment version from '16.0' to '26.0' [-Woverriding-deployment-version]
   [Ada]          pragmarc-hash.adb
clang: warning: overriding deployment version from '16.0' to '26.0' [-Woverriding-deployment-version]
   [Ada]          pragmarc-sorting-quick.adb
clang: warning: overriding deployment version from '16.0' to '26.0' [-Woverriding-deployment-version]
   [Ada]          pragmarc-task_communication-transporters.adb
clang: warning: overriding deployment version from '16.0' to '26.0' [-Woverriding-deployment-version]
   [Ada]          pragmarc-matching-character_regular_expression.adb
clang: warning: overriding deployment version from '16.0' to '26.0' [-Woverriding-deployment-version]
   [Ada]          pragmarc-title_comparisons.adb
clang: warning: overriding deployment version from '16.0' to '26.0' [-Woverriding-deployment-version]
   [Ada]          pragmarc-encryption-bifid.adb
clang: warning: overriding deployment version from '16.0' to '26.0' [-Woverriding-deployment-version]
   [Ada]          pragmarc-data_structures-queues-unbounded-protection.ads
clang: warning: overriding deployment version from '16.0' to '26.0' [-Woverriding-deployment-version]
   [Ada]          pragmarc-data_structures-bags.ads
clang: warning: overriding deployment version from '16.0' to '26.0' [-Woverriding-deployment-version]
   [Ada]          pragmarc-data_structures-sets-discrete.adb
clang: warning: overriding deployment version from '16.0' to '26.0' [-Woverriding-deployment-version]
   [Ada]          pragmarc-data_structures-stacks-unbounded-unprotected.adb
clang: warning: overriding deployment version from '16.0' to '26.0' [-Woverriding-deployment-version]
   [Ada]          pragmarc-rational_postfix_calculator.adb
clang: warning: overriding deployment version from '16.0' to '26.0' [-Woverriding-deployment-version]
   [Ada]          pragmarc-data_structures-skip_lists.ads
clang: warning: overriding deployment version from '16.0' to '26.0' [-Woverriding-deployment-version]
   [Ada]          pragmarc-images-image.ads
clang: warning: overriding deployment version from '16.0' to '26.0' [-Woverriding-deployment-version]
   [Ada]          compile_all.adb
clang: warning: overriding deployment version from '16.0' to '26.0' [-Woverriding-deployment-version]
   [Ada]          pragmarc-menu_handler.adb
clang: warning: overriding deployment version from '16.0' to '26.0' [-Woverriding-deployment-version]
   [Ada]          pragmarc-safety.ads
clang: warning: overriding deployment version from '16.0' to '26.0' [-Woverriding-deployment-version]
   [Ada]          pragmarc-binary_searcher.adb
clang: warning: overriding deployment version from '16.0' to '26.0' [-Woverriding-deployment-version]
   [Ada]          pragmarc-data_structures-stacks-unbounded-protection.adb
clang: warning: overriding deployment version from '16.0' to '26.0' [-Woverriding-deployment-version]
   [Ada]          pragmarc-cards-decks-general.adb
clang: warning: overriding deployment version from '16.0' to '26.0' [-Woverriding-deployment-version]
   [Ada]          pragmarc-cards-us.adb
clang: warning: overriding deployment version from '16.0' to '26.0' [-Woverriding-deployment-version]
   [Ada]          pragmarc-data_structures-queues-bounded-protection-non_blocking.adb
clang: warning: overriding deployment version from '16.0' to '26.0' [-Woverriding-deployment-version]
   [Ada]          pragmarc-encryption-threefish-block_512.adb
clang: warning: overriding deployment version from '16.0' to '26.0' [-Woverriding-deployment-version]
   [Ada]          pragmarc-images.adb
clang: warning: overriding deployment version from '16.0' to '26.0' [-Woverriding-deployment-version]
   [Ada]          pragmarc-sorting-heap.adb
clang: warning: overriding deployment version from '16.0' to '26.0' [-Woverriding-deployment-version]
   [Ada]          pragmarc-task_communication-monitors.adb
clang: warning: overriding deployment version from '16.0' to '26.0' [-Woverriding-deployment-version]
   [Ada]          pragmarc-randomness-threefry.adb
clang: warning: overriding deployment version from '16.0' to '26.0' [-Woverriding-deployment-version]
   [Ada]          pragmarc-mixed_case.adb
pragmarc-matching-character_regular_expression.ads:31:04: warning: in instantiation at pragmarc-matching-regular_expression.adb:30 [-gnatwv]
pragmarc-matching-character_regular_expression.ads:31:04: warning: aggregate not fully initialized [-gnatwv]
clang: warning: overriding deployment version from '16.0' to '26.0' [-Woverriding-deployment-version]
   [Ada]          pragmarc-hash_fast_variable_length.adb
clang: warning: overriding deployment version from '16.0' to '26.0' [-Woverriding-deployment-version]
clang: warning: overriding deployment version from '16.0' to '26.0' [-Woverriding-deployment-version]
clang: warning: overriding deployment version from '16.0' to '26.0' [-Woverriding-deployment-version]
Build Libraries
   [gprlib]       PragmARC.lexch
   [archive]      libPragmARC.a
   [index]        libPragmARC.a
Bind
   [gprbind]      aoa_22.bexch
   [gprbind]      day01_2.bexch
   [gprbind]      day02_2.bexch
   [Ada]          aoa_22.ali
   [Ada]          day02_2.ali
   [Ada]          day01_2.ali
clang: warning: overriding deployment version from '16.0' to '26.0' [-Woverriding-deployment-version]
   [gprbind]      day03_2.bexch
   [Ada]          day03_2.ali
clang: warning: overriding deployment version from '16.0' to '26.0' [-Woverriding-deployment-version]
clang: warning: overriding deployment version from '16.0' to '26.0' [-Woverriding-deployment-version]
   [gprbind]      day04_2.bexch
   [Ada]          day04_2.ali
   [gprbind]      day05_2.bexch
   [Ada]          day05_2.ali
clang: warning: overriding deployment version from '16.0' to '26.0' [-Woverriding-deployment-version]
clang: warning: overriding deployment version from '16.0' to '26.0' [-Woverriding-deployment-version]
   [gprbind]      day06_2.bexch
   [Ada]          day06_2.ali
   [gprbind]      day08_2.bexch
   [Ada]          day08_2.ali
clang: warning: overriding deployment version from '16.0' to '26.0' [-Woverriding-deployment-version]
   [gprbind]      day09_2.bexch
   [Ada]          day09_2.ali
clang: warning: overriding deployment version from '16.0' to '26.0' [-Woverriding-deployment-version]
clang: warning: overriding deployment version from '16.0' to '26.0' [-Woverriding-deployment-version]
   [gprbind]      day10_2.bexch
   [Ada]          day10_2.ali
clang: warning: overriding deployment version from '16.0' to '26.0' [-Woverriding-deployment-version]
   [gprbind]      day11_2.bexch
   [Ada]          day11_2.ali
clang: warning: overriding deployment version from '16.0' to '26.0' [-Woverriding-deployment-version]
   [gprbind]      day14_2.bexch
   [Ada]          day14_2.ali
clang: warning: overriding deployment version from '16.0' to '26.0' [-Woverriding-deployment-version]
   [gprbind]      day01_1.bexch
   [Ada]          day01_1.ali
   [gprbind]      day02_1.bexch
   [Ada]          day02_1.ali
clang: warning: overriding deployment version from '16.0' to '26.0' [-Woverriding-deployment-version]
clang: warning: overriding deployment version from '16.0' to '26.0' [-Woverriding-deployment-version]
clang: warning: overriding deployment version from '16.0' to '26.0' [-Woverriding-deployment-version]
   [gprbind]      day03_1.bexch
   [Ada]          day03_1.ali
   [gprbind]      day04_1.bexch
   [Ada]          day04_1.ali
   [gprbind]      day05_1.bexch
   [Ada]          day05_1.ali
clang: warning: overriding deployment version from '16.0' to '26.0' [-Woverriding-deployment-version]
   [gprbind]      day06_1.bexch
clang: warning: overriding deployment version from '16.0' to '26.0' [-Woverriding-deployment-version]
   [Ada]          day06_1.ali
clang: warning: overriding deployment version from '16.0' to '26.0' [-Woverriding-deployment-version]
   [gprbind]      day08_1.bexch
   [gprbind]      day09_1.bexch
   [Ada]          day08_1.ali
   [Ada]          day09_1.ali
clang: warning: overriding deployment version from '16.0' to '26.0' [-Woverriding-deployment-version]
   [gprbind]      day10_1.bexch
   [Ada]          day10_1.ali
clang: warning: overriding deployment version from '16.0' to '26.0' [-Woverriding-deployment-version]
clang: warning: overriding deployment version from '16.0' to '26.0' [-Woverriding-deployment-version]
   [gprbind]      day11_1.bexch
   [gprbind]      day14_1.bexch
   [Ada]          day11_1.ali
   [Ada]          day14_1.ali
clang: warning: overriding deployment version from '16.0' to '26.0' [-Woverriding-deployment-version]
   [gprbind]      day15_1.bexch
   [Ada]          day15_1.ali
clang: warning: overriding deployment version from '16.0' to '26.0' [-Woverriding-deployment-version]
clang: warning: overriding deployment version from '16.0' to '26.0' [-Woverriding-deployment-version]
clang: warning: overriding deployment version from '16.0' to '26.0' [-Woverriding-deployment-version]
Link
   [link]         aoa_22.adb
   [link]         day01_2.adb
   [link]         day02_2.adb
ld: library not found for -lSystem
ld: library not found for -lSystem
ld: library not found for -lSystem
collect2: error: ld returned 1 exit status
collect2: error: ld returned 1 exit status
collect2: error: ld returned 1 exit status
   link of day02_2.adb failed
   failed command was: /users/runner/.local/share/alire/toolchains/gnat_native_15.1.2_60748c54/bin/gcc day02_2.o b__day02_2.o /Users/runner/.local/share/alire/builds/pragmarc_20240323.0.0_31d8919a/c9ac234e4b2935d952dd80e9b76a802e5c179009e74c1c9b3792c8babc2038d0/lib/libPragmARC.a -L/Users/runner/work/alire-crates-ci/alire-crates-ci/test/5ed45311-e921-4505-ade2-6aa13fd0b5b4/aoa_22_20220720.0.0_6d9ebd71/obj/release/ -L/Users/runner/work/alire-crates-ci/alire-crates-ci/test/5ed45311-e921-4505-ade2-6aa13fd0b5b4/aoa_22_20220720.0.0_6d9ebd71/obj/release/ -L/Users/runner/.local/share/alire/builds/pragmarc_20240323.0.0_31d8919a/c9ac234e4b2935d952dd80e9b76a802e5c179009e74c1c9b3792c8babc2038d0/lib/ -L/users/runner/.local/share/alire/toolchains/gnat_native_15.1.2_60748c54/lib/gcc/aarch64-apple-darwin23.6.0/15.0.1/adalib/ -static-libgcc /users/runner/.local/share/alire/toolchains/gnat_native_15.1.2_60748c54/lib/gcc/aarch64-apple-darwin23.6.0/15.0.1/adalib/libgnat.a -Wl,-rpath,@executable_path/..//obj/release -Wl,-rpath,@executable_path/../../../../../../..//.local/share/alire/builds/pragmarc_20240323.0.0_31d8919a/c9ac234e4b2935d952dd80e9b76a802e5c179009e74c1c9b3792c8babc2038d0/lib -Wl,-rpath,@executable_path/../../../../../../..//.local/share/alire/toolchains/gnat_native_15.1.2_60748c54/lib/gcc/aarch64-apple-darwin23.6.0/15.0.1/adalib -o /Users/runner/work/alire-crates-ci/alire-crates-ci/test/5ed45311-e921-4505-ade2-6aa13fd0b5b4/aoa_22_20220720.0.0_6d9ebd71/bin//day02_2 
   link of day01_2.adb failed
   failed command was: /users/runner/.local/share/alire/toolchains/gnat_native_15.1.2_60748c54/bin/gcc day01_2.o b__day01_2.o /Users/runner/.local/share/alire/builds/pragmarc_20240323.0.0_31d8919a/c9ac234e4b2935d952dd80e9b76a802e5c179009e74c1c9b3792c8babc2038d0/lib/libPragmARC.a -L/Users/runner/work/alire-crates-ci/alire-crates-ci/test/5ed45311-e921-4505-ade2-6aa13fd0b5b4/aoa_22_20220720.0.0_6d9ebd71/obj/release/ -L/Users/runner/work/alire-crates-ci/alire-crates-ci/test/5ed45311-e921-4505-ade2-6aa13fd0b5b4/aoa_22_20220720.0.0_6d9ebd71/obj/release/ -L/Users/runner/.local/share/alire/builds/pragmarc_20240323.0.0_31d8919a/c9ac234e4b2935d952dd80e9b76a802e5c179009e74c1c9b3792c8babc2038d0/lib/ -L/users/runner/.local/share/alire/toolchains/gnat_native_15.1.2_60748c54/lib/gcc/aarch64-apple-darwin23.6.0/15.0.1/adalib/ -static-libgcc /users/runner/.local/share/alire/toolchains/gnat_native_15.1.2_60748c54/lib/gcc/aarch64-apple-darwin23.6.0/15.0.1/adalib/libgnat.a -Wl,-rpath,@executable_path/..//obj/release -Wl,-rpath,@executable_path/../../../../../../..//.local/share/alire/builds/pragmarc_20240323.0.0_31d8919a/c9ac234e4b2935d952dd80e9b76a802e5c179009e74c1c9b3792c8babc2038d0/lib -Wl,-rpath,@executable_path/../../../../../../..//.local/share/alire/toolchains/gnat_native_15.1.2_60748c54/lib/gcc/aarch64-apple-darwin23.6.0/15.0.1/adalib -o /Users/runner/work/alire-crates-ci/alire-crates-ci/test/5ed45311-e921-4505-ade2-6aa13fd0b5b4/aoa_22_20220720.0.0_6d9ebd71/bin//day01_2 
   link of aoa_22.adb failed
   failed command was: /users/runner/.local/share/alire/toolchains/gnat_native_15.1.2_60748c54/bin/gcc aoa_22.o b__aoa_22.o /Users/runner/.local/share/alire/builds/pragmarc_20240323.0.0_31d8919a/c9ac234e4b2935d952dd80e9b76a802e5c179009e74c1c9b3792c8babc2038d0/lib/libPragmARC.a -L/Users/runner/work/alire-crates-ci/alire-crates-ci/test/5ed45311-e921-4505-ade2-6aa13fd0b5b4/aoa_22_20220720.0.0_6d9ebd71/obj/release/ -L/Users/runner/work/alire-crates-ci/alire-crates-ci/test/5ed45311-e921-4505-ade2-6aa13fd0b5b4/aoa_22_20220720.0.0_6d9ebd71/obj/release/ -L/Users/runner/.local/share/alire/builds/pragmarc_20240323.0.0_31d8919a/c9ac234e4b2935d952dd80e9b76a802e5c179009e74c1c9b3792c8babc2038d0/lib/ -L/users/runner/.local/share/alire/toolchains/gnat_native_15.1.2_60748c54/lib/gcc/aarch64-apple-darwin23.6.0/15.0.1/adalib/ -static-libgcc /users/runner/.local/share/alire/toolchains/gnat_native_15.1.2_60748c54/lib/gcc/aarch64-apple-darwin23.6.0/15.0.1/adalib/libgnat.a -Wl,-rpath,@executable_path/..//obj/release -Wl,-rpath,@executable_path/../../../../../../..//.local/share/alire/builds/pragmarc_20240323.0.0_31d8919a/c9ac234e4b2935d952dd80e9b76a802e5c179009e74c1c9b3792c8babc2038d0/lib -Wl,-rpath,@executable_path/../../../../../../..//.local/share/alire/toolchains/gnat_native_15.1.2_60748c54/lib/gcc/aarch64-apple-darwin23.6.0/15.0.1/adalib -o /Users/runner/work/alire-crates-ci/alire-crates-ci/test/5ed45311-e921-4505-ade2-6aa13fd0b5b4/aoa_22_20220720.0.0_6d9ebd71/bin//aoa_22 
gprbuild: *** link phase failed
stderr: Command ["gprbuild", "-s", "-j0", "-p", "-P", "/Users/runner/work/alire-crates-ci/alire-crates-ci/test/5ed45311-e921-4505-ade2-6aa13fd0b5b4/aoa_22_20220720.0.0_6d9ebd71/aoa_22.gpr", "-cargs:Ada", "-gnatwn"] exited with code 4
ERROR: Command ["gprbuild", "-s", "-j0", "-p", "-P", "/Users/runner/work/alire-crates-ci/alire-crates-ci/test/5ed45311-e921-4505-ade2-6aa13fd0b5b4/aoa_22_20220720.0.0_6d9ebd71/aoa_22.gpr", "-cargs:Ada", "-gnatwn"] exited with code 4
stderr: ALIRE.CHECKED_ERROR
stderr: Command ["gprbuild", "-s", "-j0", "-p", "-P", "/Users/runner/work/alire-crates-ci/alire-crates-ci/test/5ed45311-e921-4505-ade2-6aa13fd0b5b4/aoa_22_20220720.0.0_6d9ebd71/aoa_22.gpr", "-cargs:Ada", "-gnatwn"] exited with code 4
stderr: raised ALIRE.CHECKED_ERROR : alire-stored-error:1
Load address: 0x104248000
Call stack traceback locations:
0x104f540cc 0x104f5412c 0x104ca866c 0x1048ed568 0x104b72594 0x104b734f4 0x104ab133c 0x104aafb08 0x104ad378c 0x104b3356c 0x104b3299c 0x104ad3868 0x104ad3950 0x104ab000c 0x104ab0174 0x1042b9730 0x1042b9070 0x1042b91e4 0x104356b38 0x104361c78 0x10424a9f8 0x10424fa2c

stderr: ALIRE.ROOTS.BUILD._WRAPPED_STATEMENTS.BUILD_FAILED
stderr: alire-roots.adb:202
stderr: raised ALIRE.ROOTS.BUILD._WRAPPED_STATEMENTS.BUILD_FAILED : alire-roots.adb:202
Load address: 0x104248000
Call stack traceback locations:
0x104f540cc 0x104f5412c 0x104ab1640 0x104aafb08 0x104ad378c 0x104b3356c 0x104b3299c 0x104ad3868 0x104ad3950 0x104ab000c 0x104ab0174 0x1042b9730 0x1042b9070 0x1042b91e4 0x104356b38 0x104361c78 0x10424a9f8 0x10424fa2c

ERROR: Compilation failed.
