Test ran at 2026-08-26 00:45:46.884198+00:00

SOLUTION:
labs_solar_system=1.2.0: A set of SDL-based exercises to learn Ada
Origin: commit 41b041801e30f38f4af8c8bca2c1f88c9eb9710d from https://github.com/adacore/training_labs_solar_system.git
Properties:
   Author: Léo Germond
   Description: A set of SDL-based exercises to learn Ada
   Executable: getting_started_main
   License: GPL-3.0-or-later
   Maintainer: Léo Germond <germond@adacore.com>
   Maintainers_Logins: leogermond
   Name: labs_solar_system
   Tag: training
   Tag: labs
   Tag: graphics
   Tag: windowed
   Version: 1.2.0
   Website: https://public-training.adacore.com/doc/labs/solar_system/index.html
Dependencies (direct):
   mage~0.6.1
Dependencies (solution):
   libsdl2=2.32.10
   libsdl2_image=2.8.12
   libsdl2_mixer=2.8.2
   libsdl2_ttf=2.24.0
   mage=0.6.1
   sdlada=2.5.20
Dependencies (missing):
   make* (indirect,missed:skipped)
Dependencies (graph):
   labs_solar_system=1.2.0 --> mage=0.6.1 (~0.6.1)
   mage=0.6.1              --> sdlada=2.5.20 (^2.5.4-1)
   sdlada=2.5.20           --> libsdl2=2.32.10 (^2.0.0)
   sdlada=2.5.20           --> libsdl2_image=2.8.12 (^2.0.0)
   sdlada=2.5.20           --> libsdl2_mixer=2.8.2 (^2.0.0)
   sdlada=2.5.20           --> libsdl2_ttf=2.24.0 (^2.0.0)
   sdlada=2.5.20           --> make*
Dependencies cannot be met


LOG:
