Test ran at 2025-05-12 00:48:21.584890+00:00

SOLUTION:
matreshka_sql=21.0.0: Common SQL Database API
Origin: commit 64f17b82f6b542fbe1790c7c3f207721969f939b from https://github.com/reznikmm/matreshka-alire
Properties:
   Author: Vadim Godunko
   Description: Common SQL Database API
   License: BSD-3-Clause
   Maintainer: Vadim Godunko <vgodunko@gmail.com>
   Maintainer: Maxim Reznik <reznikmm@gmail.com>
   Maintainers_Logins: godunko
   Maintainers_Logins: reznikmm
   Name: matreshka_sql
   Project_File: build_matreshka_sql.gpr
   Tag: sql
   Tag: database
   Tag: db
   Version: 21.0.0
   Website: https://github.com/godunko/matreshka
Dependencies (direct):
   matreshka_league21.0.0
Dependencies (solution):
   make=4.4.1
   matreshka_league=21.0.0
Dependencies (graph):
   matreshka_league=21.0.0 --> make=4.4.1 (*)
   matreshka_sql=21.0.0    --> matreshka_league=21.0.0 (21.0.0)


LOG:
Spawning: alr -d -n get --build matreshka_sql=21.0.0
Note: Deploying matreshka_sql=21.0.0...
Note: Deploying make=4.4.1...
The system package 'make' is about to be installed.
This action might require admin privileges and impact your system installation.
Do you want Alire to install this system package?
Using default: Yes
resolving dependencies...
looking for conflicting packages...

Packages (1) make-4.4.1-2

Total Download Size:   0.50 MiB
Total Installed Size:  1.61 MiB

:: Proceed with installation? [Y/n] 
:: Retrieving packages...
 make-4.4.1-2-x86_64 downloading...
checking keyring...
checking package integrity...
loading package files...
checking for file conflicts...
checking available disk space...
:: Processing package changes...
installing make...
:: Running post-transaction hooks...
(1/1) Updating the info directory file...
Note: Deploying matreshka_league=21.0.0...

                                                                           0.3%
#####################################                                     51.9%
######################################################################## 100.0%
stderr: Could not sync build dir from C:\Users\runneradmin\AppData\Local\alire\cache\releases\matreshka_league_21.0.0_0c8f4d47 to C:\Users\runneradmin\AppData\Local\alire\cache\builds\matreshka_league_21.0.0_0c8f4d47\4a9fd099b69a30623a653ea1ff1f8ba43d6ede1a3efd15d2690e613b7b2b8b35
ERROR: Could not sync build dir from C:\Users\runneradmin\AppData\Local\alire\cache\releases\matreshka_league_21.0.0_0c8f4d47 to C:\Users\runneradmin\AppData\Local\alire\cache\builds\matreshka_league_21.0.0_0c8f4d47\4a9fd099b69a30623a653ea1ff1f8ba43d6ede1a3efd15d2690e613b7b2b8b35
