Test ran at 2026-10-01 01:34:50.776940+00:00

SOLUTION:
espidf_http_server=0.1.0: Ada/ESP-IDF: HTTP Server bindings
Origin: commit 7b94e6a89b40fb9ee418ada042fcfb2a2fa90a2f from https://github.com/godunko/espidf_http_server.git
Properties:
   Author: Vadim Godunko
   Configuration: no modifiers
   Description: Ada/ESP-IDF: HTTP Server bindings
   License: Apache-2.0 WITH LLVM-exception
   Long_Description: Ada bindings for the ESP-IDF HTTP Server component (`esp_http_server`).

Covers:
- starting and stopping the server;
- registration of URI and error handlers;
- reading request body and URL query parameters;
- sending responses: status, headers, content type, complete and chunked bodies, errors.

   Maintainer: Vadim Godunko <vgodunko@gmail.com>
   Maintainers_Logins: godunko
   Name: espidf_http_server
   Tag: a0b
   Tag: embedded
   Tag: esp
   Tag: esp32
   Tag: espidf
   Tag: http-server
   Version: 0.1.0
   Website: https://github.com/godunko/espidf_http_server
Dependencies (direct):
   a0b_buffers^0.1.0
   espidf^0.2.0
Dependencies (solution):
   a0b_base=0.5.0
   a0b_buffers=0.1.0
   espidf=0.2.0
Dependencies (graph):
   a0b_buffers=0.1.0        --> a0b_base=0.5.0 (*)
   espidf=0.2.0             --> a0b_base=0.5.0 (^0.5.0)
   espidf_http_server=0.1.0 --> a0b_buffers=0.1.0 (^0.1.0)
   espidf_http_server=0.1.0 --> espidf=0.2.0 (^0.2.0)


LOG:
[alr test] Testing espidf_http_server=0.1.0
[alr test] Spawning retrieval for remote crate: alr -d -n get espidf_http_server=0.1.0
Note: Deploying espidf_http_server=0.1.0...
Note: Deploying a0b_buffers=0.1.0...
Warning: Possible tilde intended instead of caret for a 0.x version.
   Alire does not change the meaning of caret and tilde for pre/post-1.0 versions.
   The suspicious dependency is: a0b_buffers^0.1.0
   You can disable this warning by setting the option warning.caret to false.

espidf_http_server=0.1.0 successfully retrieved.
Dependencies were solved as follows:

   + a0b_base    0.5.0 (new,indirect)
   + a0b_buffers 0.1.0 (new)
   + espidf      0.2.0 (new)
[alr test] Spawning default test for remote crate: alr -d -n build --release -- -cargs:Ada -gnatwn
Note: Building espidf_http_server=0.1.0/espidf_http_server.gpr...
"C:\Users\runneradmin\AppData\Local\alire\cache\builds\a0b_buffers_0.1.0_280d5d3d\c5d727d1d6f9963a7ebdb058f44f59207ac69de274912dfd797345b7309e9f13\.objs\x86_64-windows\none" created
"C:\Users\runneradmin\AppData\Local\alire\cache\builds\a0b_buffers_0.1.0_280d5d3d\c5d727d1d6f9963a7ebdb058f44f59207ac69de274912dfd797345b7309e9f13\.libs\x86_64-windows\none" created
".objs\x86_64-windows\none" created
".libs\x86_64-windows\none" created
a0b-types-big_endian.adb:10:04: warning: "Unsigned_64" is already use-visible through previous use_type_clause at a0b-types.ads:297 [-gnatwr]
a0b-types-big_endian.adb:10:04: warning: use clause for type "Unsigned_64" defined at a0b-types.ads:88 has no effect [-gnatwu]
[Ada Compile]     a0b-buffers-static.adb
[Ada Compile]     a0b-buffers.ads
espidf-c_strings.ads:130:54: (style) bad casing of "NUL" declared in Standard [-gnatyn]
[Ada Compile]     espidf-http_server.adb
[Archive]         liba0b_buffers.a
espidf-http_server.ads:1054:11: warning: "Finalizable" is not a valid aspect identifier [enabled by default]
[Archive]         libadaespidf_http_server.a
Success: Build finished successfully in 2.05 seconds.
Found declared GPR file: espidf_http_server.gpr
[alr test] Test completed SUCCESSFULLY
