Test ran at 2025-09-21 00:55:17.461537+00:00

SOLUTION:
gpr_unit_provider=23.0.0: GNAT Project File Library
Origin: source archive gpr-unit-provider-23.0.0.zip at https://github.com/AdaCore/gpr-unit-provider/archive/v23.0.0/gpr-unit-provider-23.0.0.zip with hash sha512:87c3b1c4e9da6b57e1ea14fb612d8fcfd19cbc6ec00eb6b1d9675599377860b257018e5c3c153544fe471745552bb38b7839002611d31991d10f3a3848611f3c
Properties:
   Author: AdaCore
   Configuration: no modifiers
   Description: GNAT Project File Library
   GPR Scenario: GPR_UNIT_PROVIDER_BUILD := debug | release | release_checks
   GPR External: GPR_UNIT_PROVIDER_BUILD := release
   License: GPL-3.0-or-later WITH GCC-exception-3.1
   Maintainer: chouteau@adacore.com
   Maintainers_Logins: Fabien-Chouteau
   Name: gpr_unit_provider
   Version: 23.0.0
Dependencies (direct):
   libadalang~23.0.0
   libgpr2~23.0.0
Dependencies (solution):
   gnat=14.2.1 (gnat_native)
   gnatcoll=23.0.0
   gnatcoll_gmp=23.0.0
   gnatcoll_iconv=23.0.0
   langkit_support=23.0.0
   libadalang=23.0.0
   libgmp=6.3.0
   libgpr=23.0.0
   libgpr2=23.0.0
   libiconv=1.18.0
   xmlada=23.0.0
Dependencies (graph):
   gnatcoll=23.0.0          --> libgpr=23.0.0 (~23.0.0)
   gnatcoll_gmp=23.0.0      --> gnatcoll=23.0.0 (~23.0.0)
   gnatcoll_gmp=23.0.0      --> libgmp=6.3.0 (*)
   gnatcoll_iconv=23.0.0    --> gnatcoll=23.0.0 (~23.0.0)
   gnatcoll_iconv=23.0.0    --> libiconv=1.18.0 (*)
   gpr_unit_provider=23.0.0 --> libadalang=23.0.0 (~23.0.0)
   gpr_unit_provider=23.0.0 --> libgpr2=23.0.0 (~23.0.0)
   langkit_support=23.0.0   --> gnatcoll=23.0.0 (^23)
   langkit_support=23.0.0   --> gnatcoll_gmp=23.0.0 (^23)
   langkit_support=23.0.0   --> gnatcoll_iconv=23.0.0 (^23)
   libadalang=23.0.0        --> gnatcoll=23.0.0 (^23)
   libadalang=23.0.0        --> gnatcoll_gmp=23.0.0 (^23)
   libadalang=23.0.0        --> gnatcoll_iconv=23.0.0 (^23)
   libadalang=23.0.0        --> langkit_support=23.0.0 (^23)
   libgpr=23.0.0            --> gnat=14.2.1 (gnat_native) (/=2020)
   libgpr=23.0.0            --> xmlada=23.0.0 (~23.0.0)
   libgpr2=23.0.0           --> gnatcoll=23.0.0 (~23.0.0)
   libgpr2=23.0.0           --> gnatcoll_gmp=23.0.0 (~23.0.0)
   libgpr2=23.0.0           --> gnatcoll_iconv=23.0.0 (~23.0.0)
   xmlada=23.0.0            --> gnat=14.2.1 (gnat_native) (>=11)


LOG:
[alr test] Testing gpr_unit_provider=23.0.0
[alr test] Spawning retrieval for remote crate: alr -d -n get gpr_unit_provider=23.0.0
Note: Deploying gpr_unit_provider=23.0.0...

#=#=#                                                                          
##O#-#                                                                         
Note: Deploying xmlada=23.0.0...

#=#=#                                                                          
##O#-#                                                                         
##=O#- #                                                                       
Note: Deploying libgpr=23.0.0...

#=#=#                                                                          
##O#-#                                                                         
##=O#- #                                                                       
Note: Deploying gnatcoll=23.0.0...

#=#=#                                                                          
##O#-#                                                                         
##=O#- #                                                                       
Note: Deploying gnatcoll_gmp=23.0.0...

#=#=#                                                                          
##O#-#                                                                         
Note: Deploying gnatcoll_iconv=23.0.0...

#=#=#                                                                          
Note: Deploying langkit_support=23.0.0...

#=#=#                                                                          
######################################################################## 100.0%
Note: Deploying libgpr2=23.0.0...

#=#=#                                                                          
###                                                                        4.9%
######################################################################## 100.0%
Note: Deploying libadalang=23.0.0...

#=#=#                                                                          
######################################################################## 100.0%

gpr_unit_provider=23.0.0 successfully retrieved.
Dependencies were solved as follows:

   +b gnat            14.2.1 (new,gnat_native,indirect,binary)
   +  gnatcoll        23.0.0 (new,indirect)
   +  gnatcoll_gmp    23.0.0 (new,indirect)
   +  gnatcoll_iconv  23.0.0 (new,indirect)
   +  langkit_support 23.0.0 (new,indirect)
   +  libadalang      23.0.0 (new)
   +b libgmp          6.3.0  (new,indirect,system package)
   +  libgpr          23.0.0 (new,indirect)
   +  libgpr2         23.0.0 (new)
   +b libiconv        1.18.0 (new,indirect,system package)
   +  xmlada          23.0.0 (new,indirect)
[alr test] Spawning default test for remote crate: alr -d -n build --release -- -cargs:Ada -gnatwn
stderr: ADA.IO_EXCEPTIONS.NAME_ERROR
stderr: invalid target path name "C:\Users\runneradmin\AppData\Local\alire\cache\builds\libgpr2_23.0.0_3b2d7483\00b000a803b81a734b59c4717ecb2eb6f74ce8bb2c3a7cf4e8c0633bcb8dcb4c\testsuite\tests\gprname-very-lo
stderr: raised ADA.IO_EXCEPTIONS.NAME_ERROR : invalid target path name "C:\Users\runneradmin\AppData\Local\alire\cache\builds\libgpr2_23.0.0_3b2d7483\00b000a803b81a734b59c4717ecb2eb6f74ce8bb2c3a7cf4e8c0633bcb8dcb4c\testsuite\tests\gprname-very-lo
[D:\a\alire-crates-ci\alire-crates-ci\alire_install\bin\alr.exe]
0x7ff6bae76ac1 Semantic_Versioning.Basic.Restrictions.First_Index at a-direct.adb:301
0x7ff6bafe8296 Semantic_Versioning.Basic.Restrictions.First_Index at den-filesystem.adb:81
0x7ff6bafe6d68 Semantic_Versioning.Basic.Restrictions.First_Index at den-filesystem.adb:215
0x7ff6bafe8390 Semantic_Versioning.Basic.Restrictions.First_Index at den-filesystem.adb:86
0x7ff6bafe6d68 Semantic_Versioning.Basic.Restrictions.First_Index at den-filesystem.adb:215
0x7ff6bafe7f48 Semantic_Versioning.Basic.Restrictions.First_Index at den-filesystem.adb:140
0x7ff6bafe6b4d Semantic_Versioning.Basic.Restrictions.First_Index at den-filesystem.adb:217
0x7ff6bafe7f26 Semantic_Versioning.Basic.Restrictions.First_Index at den-filesystem.adb:137
0x7ff6bafe6b4d Semantic_Versioning.Basic.Restrictions.First_Index at den-filesystem.adb:217
0x7ff6bafe7f26 Semantic_Versioning.Basic.Restrictions.First_Index at den-filesystem.adb:137
0x7ff6bafe6b4d Semantic_Versioning.Basic.Restrictions.First_Index at den-filesystem.adb:217
0x7ff6bafe7f26 Semantic_Versioning.Basic.Restrictions.First_Index at den-filesystem.adb:137
0x7ff6bafe6b4d Semantic_Versioning.Basic.Restrictions.First_Index at den-filesystem.adb:217
0x7ff6ba345fd8 Semantic_Versioning.Basic.Restrictions.First_Index at alire-builds.adb:61
0x7ff6baadee46 Semantic_Versioning.Basic.Restrictions.First_Index at alire-roots.adb:907
0x7ff6baaf912d Semantic_Versioning.Basic.Restrictions.First_Index at alire-roots.adb:2143
0x7ff6bab682f9 Semantic_Versioning.Basic.Restrictions.First_Index at alire-solutions.adb:1472
0x7ff6bab670ef Semantic_Versioning.Basic.Restrictions.First_Index at alire-solutions.adb:1539
0x7ff6baaf922c Semantic_Versioning.Basic.Restrictions.First_Index at alire-roots.adb:2147
0x7ff6baaf92fa Semantic_Versioning.Basic.Restrictions.First_Index at alire-roots.adb:2127
0x7ff6baade3d4 Semantic_Versioning.Basic.Restrictions.First_Index at alire-roots.adb:919
0x7ff6baad03e8 Semantic_Versioning.Basic.Restrictions.First_Index at alire-roots.adb:90
0x7ff6baad0588 Semantic_Versioning.Basic.Restrictions.First_Index at alire-roots.adb:59
0x7ff6baad173b Semantic_Versioning.Basic.Restrictions.First_Index at alire-roots.adb:278
0x7ff6baad1912 Semantic_Versioning.Basic.Restrictions.First_Index at alire-roots.adb:114
0x7ff6ba243baa Semantic_Versioning.Basic.Restrictions.First_Index at alr-commands-build.adb:145
0x7ff6ba24341e Semantic_Versioning.Basic.Restrictions.First_Index at alr-commands-build.adb:113
0x7ff6ba2435ba Semantic_Versioning.Basic.Restrictions.First_Index at alr-commands-build.adb:54
0x7ff6ba2f5dea Semantic_Versioning.Basic.Restrictions.First_Index at clic-subcommand-instance.adb:749
0x7ff6ba302b0e Semantic_Versioning.Basic.Restrictions.First_Index at alr-commands.adb:632
0x7ff6ba1d16a0 Alr.Main at alr-main.adb:13
0x7ff6ba1d5270 Main at b__alr-main.adb:2454
0x7ff6ba1d133e __tmainCRTStartup at ???
0x7ff6ba1d1144 mainCRTStartup at ???
[C:\Windows\System32\KERNEL32.DLL]
0x7ffdb06ce8d5
[C:\Windows\SYSTEM32\ntdll.dll]
0x7ffdb1dfc34a

stderr: Could not sync build dir from C:\Users\runneradmin\AppData\Local\alire\cache\releases\libgpr2_23.0.0_3b2d7483 to C:\Users\runneradmin\AppData\Local\alire\cache\builds\libgpr2_23.0.0_3b2d7483\00b000a803b81a734b59c4717ecb2eb6f74ce8bb2c3a7cf4e8c0633bcb8dcb4c
ERROR: Could not sync build dir from C:\Users\runneradmin\AppData\Local\alire\cache\releases\libgpr2_23.0.0_3b2d7483 to C:\Users\runneradmin\AppData\Local\alire\cache\builds\libgpr2_23.0.0_3b2d7483\00b000a803b81a734b59c4717ecb2eb6f74ce8bb2c3a7cf4e8c0633bcb8dcb4c
