Test ran at 2025-09-28 13:08:34.684193+00:00

SOLUTION:
sh1107=1.2.2: Driver for the SH1107/OLED 128x128 monochrome display
Origin: commit 57e4354c248ce43c29553733b2a3046edf7deb72 from https://github.com/hgrodriguez/sh1107.git
Properties:
   Author: Holger Rodriguez
   Description: Driver for the SH1107/OLED 128x128 monochrome display
   License: BSD-3-Clause
   Maintainer: Holger Rodriguez <github@roseng.ch>
   Maintainers_Logins: hgrodriguez
   Name: sh1107
   Tag: embedded
   Tag: rp2040
   Version: 1.2.2
   Website: https://github.com/hgrodriguez/sh1107
Dependencies (direct):
   embedded_components~0.1.0
Dependencies (solution):
   adl_middleware=0.2.0
   embedded_components=0.1.0
   hal=0.3.1
Dependencies (graph):
   adl_middleware=0.2.0      --> hal=0.3.1 (~0.3.0)
   embedded_components=0.1.0 --> adl_middleware=0.2.0 (^0.1.0)
   embedded_components=0.1.0 --> hal=0.3.1 (^0.1.0)
   sh1107=1.2.2              --> embedded_components=0.1.0 (~0.1.0)


LOG:
[alr test] Testing sh1107=1.2.2
[alr test] Spawning retrieval for remote crate: alr -d -n get sh1107=1.2.2
Note: Deploying sh1107=1.2.2...

sh1107=1.2.2 successfully retrieved.
Dependencies were solved as follows:

   + adl_middleware      0.2.0 (new,indirect)
   + embedded_components 0.1.0 (new)
   + hal                 0.3.1 (new,indirect)
[alr test] Spawning default test for remote crate: alr -d -n build --release -- -cargs:Ada -gnatwn
Note: Building sh1107=1.2.2/sh1107.gpr...
Setup
   [mkdir]        object directory for project Sh1107
   [mkdir]        library directory for project Sh1107
Compile
   [Ada]          sh1107-i2c.adb
   [Ada]          sh1107-transformer.adb
   [Ada]          sh1107.adb
   [Ada]          sh1107-spi.adb
Build Libraries
   [gprlib]       Sh1107.lexch
   [archive]      libSh1107.a
   [index]        libSh1107.a
Success: Build finished successfully in 0.66 seconds.
Found declared GPR file: sh1107.gpr
[alr test] Test completed SUCCESSFULLY
