Test ran at 2025-11-08 00:52:40.168325+00:00

SOLUTION:
gnatcoll_iconv=25.0.0: GNAT Components Collection - iconv binding
Origin: source archive gnatcoll-bindings-25.0.0.zip at https://github.com/adacore/gnatcoll-bindings/archive/v25.0.0/gnatcoll-bindings-25.0.0.zip with hash sha512:0848cc59092c9ef66645f113762beb049554fa58371e062a90a2a432e6a1d6d08c8f3f162b1de1033d77fb62c0f85257fe96abb8129feef67967f6eb6b52f1ce
Properties:
   Author: AdaCore
   Configuration: no modifiers
   Description: GNAT Components Collection - iconv binding
   GPR Scenario: GNATCOLL_BUILD_MODE := DEBUG | PROD
   GPR Scenario: LIBRARY_TYPE := static | relocatable | static-pic
   case OS is
      when Linux => GPR External: GNATCOLL_ICONV_OPT := -v
   License: GPL-3.0-or-later WITH GCC-exception-3.1
   Maintainer: chouteau@adacore.com
   Maintainers_Logins: Fabien-Chouteau
   Name: gnatcoll_iconv
   Project_File: iconv/gnatcoll_iconv.gpr
   Tag: gnatcoll
   Tag: bindings
   Tag: iconv
   Tag: i18n
   Version: 25.0.0
   Website: https://github.com/adacore/gnatcoll-bindings
Dependencies (direct):
   case OS is
      when Windows => libiconv*
   gnatcoll~25.0.0
Dependencies (solution):
   gnat=14.2.1 (gnat_native)
   gnatcoll=25.0.0
   libgpr=25.0.0
   xmlada=25.0.0
Dependencies (graph):
   gnatcoll=25.0.0       --> gnat=14.2.1 (gnat_native) (>=13)
   gnatcoll=25.0.0       --> libgpr=25.0.0 (~25.0.0)
   gnatcoll_iconv=25.0.0 --> gnatcoll=25.0.0 (~25.0.0)
   libgpr=25.0.0         --> gnat=14.2.1 (gnat_native) (/=2020)
   libgpr=25.0.0         --> xmlada=25.0.0 (~25.0.0)
   xmlada=25.0.0         --> gnat=14.2.1 (gnat_native) (>=11)


LOG:
[alr test] Testing gnatcoll_iconv=25.0.0
[alr test] Spawning retrieval for remote crate: alr -d -n get gnatcoll_iconv=25.0.0
Note: Deploying gnatcoll_iconv=25.0.0...
#=#=#                                                                          

##                                                                         3.0%
######################################################################## 100.0%

gnatcoll_iconv=25.0.0 successfully retrieved.
Dependencies were solved as follows:

   +b gnat     14.2.1 (new,gnat_native,indirect,binary)
   +  gnatcoll 25.0.0 (new)
   +  libgpr   25.0.0 (new,indirect)
   +  xmlada   25.0.0 (new,indirect)
[alr test] Spawning default test for remote crate: alr -d -n build --release -- -cargs:Ada -gnatwn
Note: Building gnatcoll_iconv=25.0.0/iconv/gnatcoll_iconv.gpr...
Setup
   [mkdir]        object directory for project GnatColl_Iconv
   [mkdir]        library directory for project GnatColl_Iconv
Compile
   [C]            iconv_support.c
   [Ada]          gnatcoll-iconv.adb
Build Libraries
   [gprlib]       gnatcoll_iconv.lexch
   [archive]      libgnatcoll_iconv.a
   [index]        libgnatcoll_iconv.a
Success: Build finished successfully in 0.77 seconds.
Found declared GPR file: iconv/gnatcoll_iconv.gpr
[alr test] Test completed SUCCESSFULLY
