Test ran at 2025-10-01 13:18:23.020790+00:00

SOLUTION:
play_2048=1.0.0: 2048 game: merge tiles with the same number until you add up to 2048
Origin: commit ddfe6faa729006cf78c6ceaa597e0a517a1f5aac from https://github.com/mgrojo/play_2048.git
Properties:
   Author: Manuel Gomez
   Description: 2048 game: merge tiles with the same number until you add up to 2048
   Executable: play_2048
   License: GPL-3.0-or-later
   Maintainer: Manuel Gomez <mgrojo@gmail.com>
   Maintainers_Logins: mgrojo
   Name: play_2048
   Tag: game
   Tag: puzzle
   Tag: cross-platform
   Tag: sfml
   Version: 1.0.0
   Website: https://github.com/mgrojo/play_2048/
Dependencies (direct):
   ada_toml~0.2.0
   asfml^2.5.0
Dependencies (solution):
   ada_toml=0.2.0
   asfml=2.6.1
   libcsfml=2.6.1
Dependencies (graph):
   asfml=2.6.1     --> libcsfml=2.6.1 (^2.6.1)
   play_2048=1.0.0 --> ada_toml=0.2.0 (~0.2.0)
   play_2048=1.0.0 --> asfml=2.6.1 (^2.5.0)


LOG:
[alr test] Testing play_2048=1.0.0
[alr test] Spawning retrieval for remote crate: alr -d -n get play_2048=1.0.0
Note: Deploying play_2048=1.0.0...
Note: Deploying ada_toml=0.2.0...

#=#=#                                                                          
##O#-#                                                                         
Note: Deploying libcsfml=2.6.1...
The system package 'libcsfml-dev' is about to be installed.
This action might require admin privileges and impact your system installation.
Do you want Alire to install this system package?
Using default: Yes
debconf: unable to initialize frontend: Dialog
debconf: (Dialog frontend will not work on a dumb terminal, an emacs shell buffer, or without a controlling terminal.)
debconf: falling back to frontend: Readline
debconf: unable to initialize frontend: Readline
debconf: (This frontend requires a controlling tty.)
debconf: falling back to frontend: Teletype
debconf: unable to initialize frontend: Teletype
debconf: (This frontend requires a controlling tty.)
debconf: falling back to frontend: Noninteractive
Selecting previously unselected package libasyncns0:amd64.
(Reading database ... 
(Reading database ... 5%
(Reading database ... 10%
(Reading database ... 15%
(Reading database ... 20%
(Reading database ... 25%
(Reading database ... 30%
(Reading database ... 35%
(Reading database ... 40%
(Reading database ... 45%
(Reading database ... 50%
(Reading database ... 55%
(Reading database ... 60%
(Reading database ... 65%
(Reading database ... 70%
(Reading database ... 75%
(Reading database ... 80%
(Reading database ... 85%
(Reading database ... 90%
(Reading database ... 95%
(Reading database ... 100%
(Reading database ... 36995 files and directories currently installed.)
Preparing to unpack .../00-libasyncns0_0.8-6+b5_amd64.deb ...
Unpacking libasyncns0:amd64 (0.8-6+b5) ...
Selecting previously unselected package libsfml-system2.6:amd64.
Preparing to unpack .../01-libsfml-system2.6_2.6.2+dfsg-2+b1_amd64.deb ...
Unpacking libsfml-system2.6:amd64 (2.6.2+dfsg-2+b1) ...
Selecting previously unselected package libflac14:amd64.
Preparing to unpack .../02-libflac14_1.5.0+ds-2_amd64.deb ...
Unpacking libflac14:amd64 (1.5.0+ds-2) ...
Selecting previously unselected package libopenal-data.
Preparing to unpack .../03-libopenal-data_1%3a1.24.2-1_all.deb ...
Unpacking libopenal-data (1:1.24.2-1) ...
Selecting previously unselected package libopenal1:amd64.
Preparing to unpack .../04-libopenal1_1%3a1.24.2-1_amd64.deb ...
Unpacking libopenal1:amd64 (1:1.24.2-1) ...
Selecting previously unselected package libvorbisenc2:amd64.
Preparing to unpack .../05-libvorbisenc2_1.3.7-3_amd64.deb ...
Unpacking libvorbisenc2:amd64 (1.3.7-3) ...
Selecting previously unselected package libsfml-audio2.6:amd64.
Preparing to unpack .../06-libsfml-audio2.6_2.6.2+dfsg-2+b1_amd64.deb ...
Unpacking libsfml-audio2.6:amd64 (2.6.2+dfsg-2+b1) ...
Selecting previously unselected package libcsfml-audio2.6:amd64.
Preparing to unpack .../07-libcsfml-audio2.6_2.6.1-1_amd64.deb ...
Unpacking libcsfml-audio2.6:amd64 (2.6.1-1) ...
Selecting previously unselected package libsfml-window2.6:amd64.
Preparing to unpack .../08-libsfml-window2.6_2.6.2+dfsg-2+b1_amd64.deb ...
Unpacking libsfml-window2.6:amd64 (2.6.2+dfsg-2+b1) ...
Selecting previously unselected package libstb0t64:amd64.
Preparing to unpack .../09-libstb0t64_0.0~git20241109.5c20573+ds-1_amd64.deb ...
Unpacking libstb0t64:amd64 (0.0~git20241109.5c20573+ds-1) ...
Selecting previously unselected package libsfml-graphics2.6:amd64.
Preparing to unpack .../10-libsfml-graphics2.6_2.6.2+dfsg-2+b1_amd64.deb ...
Unpacking libsfml-graphics2.6:amd64 (2.6.2+dfsg-2+b1) ...
Selecting previously unselected package libcsfml-graphics2.6:amd64.
Preparing to unpack .../11-libcsfml-graphics2.6_2.6.1-1_amd64.deb ...
Unpacking libcsfml-graphics2.6:amd64 (2.6.1-1) ...
Selecting previously unselected package libsfml-network2.6:amd64.
Preparing to unpack .../12-libsfml-network2.6_2.6.2+dfsg-2+b1_amd64.deb ...
Unpacking libsfml-network2.6:amd64 (2.6.2+dfsg-2+b1) ...
Selecting previously unselected package libcsfml-network2.6:amd64.
Preparing to unpack .../13-libcsfml-network2.6_2.6.1-1_amd64.deb ...
Unpacking libcsfml-network2.6:amd64 (2.6.1-1) ...
Selecting previously unselected package libcsfml-system2.6:amd64.
Preparing to unpack .../14-libcsfml-system2.6_2.6.1-1_amd64.deb ...
Unpacking libcsfml-system2.6:amd64 (2.6.1-1) ...
Selecting previously unselected package libcsfml-window2.6:amd64.
Preparing to unpack .../15-libcsfml-window2.6_2.6.1-1_amd64.deb ...
Unpacking libcsfml-window2.6:amd64 (2.6.1-1) ...
Selecting previously unselected package libglu1-mesa:amd64.
Preparing to unpack .../16-libglu1-mesa_9.0.2-1.1+b3_amd64.deb ...
Unpacking libglu1-mesa:amd64 (9.0.2-1.1+b3) ...
Selecting previously unselected package libglu1-mesa-dev:amd64.
Preparing to unpack .../17-libglu1-mesa-dev_9.0.2-1.1+b3_amd64.deb ...
Unpacking libglu1-mesa-dev:amd64 (9.0.2-1.1+b3) ...
Selecting previously unselected package libsfml-dev:amd64.
Preparing to unpack .../18-libsfml-dev_2.6.2+dfsg-2+b1_amd64.deb ...
Unpacking libsfml-dev:amd64 (2.6.2+dfsg-2+b1) ...
Selecting previously unselected package libcsfml-dev:amd64.
Preparing to unpack .../19-libcsfml-dev_2.6.1-1_amd64.deb ...
Unpacking libcsfml-dev:amd64 (2.6.1-1) ...
Selecting previously unselected package libmp3lame0:amd64.
Preparing to unpack .../20-libmp3lame0_3.100-6+b3_amd64.deb ...
Unpacking libmp3lame0:amd64 (3.100-6+b3) ...
Selecting previously unselected package libmpg123-0t64:amd64.
Preparing to unpack .../21-libmpg123-0t64_1.32.10-1_amd64.deb ...
Unpacking libmpg123-0t64:amd64 (1.32.10-1) ...
Selecting previously unselected package libopus0:amd64.
Preparing to unpack .../22-libopus0_1.5.2-2_amd64.deb ...
Unpacking libopus0:amd64 (1.5.2-2) ...
Selecting previously unselected package libsndfile1:amd64.
Preparing to unpack .../23-libsndfile1_1.2.2-2+b1_amd64.deb ...
Unpacking libsndfile1:amd64 (1.2.2-2+b1) ...
Selecting previously unselected package libpulse0:amd64.
Preparing to unpack .../24-libpulse0_17.0+dfsg1-2+b1_amd64.deb ...
Unpacking libpulse0:amd64 (17.0+dfsg1-2+b1) ...
Setting up libmpg123-0t64:amd64 (1.32.10-1) ...
Setting up libsfml-system2.6:amd64 (2.6.2+dfsg-2+b1) ...
Setting up libopus0:amd64 (1.5.2-2) ...
Setting up libflac14:amd64 (1.5.0+ds-2) ...
Setting up libasyncns0:amd64 (0.8-6+b5) ...
Setting up libopenal-data (1:1.24.2-1) ...
Setting up libglu1-mesa:amd64 (9.0.2-1.1+b3) ...
Setting up libstb0t64:amd64 (0.0~git20241109.5c20573+ds-1) ...
Setting up libsfml-network2.6:amd64 (2.6.2+dfsg-2+b1) ...
Setting up libmp3lame0:amd64 (3.100-6+b3) ...
Setting up libvorbisenc2:amd64 (1.3.7-3) ...
Setting up libcsfml-system2.6:amd64 (2.6.1-1) ...
Setting up libopenal1:amd64 (1:1.24.2-1) ...
Setting up libsfml-window2.6:amd64 (2.6.2+dfsg-2+b1) ...
Setting up libcsfml-network2.6:amd64 (2.6.1-1) ...
Setting up libglu1-mesa-dev:amd64 (9.0.2-1.1+b3) ...
Setting up libsfml-audio2.6:amd64 (2.6.2+dfsg-2+b1) ...
Setting up libcsfml-audio2.6:amd64 (2.6.1-1) ...
Setting up libsndfile1:amd64 (1.2.2-2+b1) ...
Setting up libsfml-graphics2.6:amd64 (2.6.2+dfsg-2+b1) ...
Setting up libcsfml-window2.6:amd64 (2.6.1-1) ...
Setting up libpulse0:amd64 (17.0+dfsg1-2+b1) ...
Setting up libsfml-dev:amd64 (2.6.2+dfsg-2+b1) ...
Setting up libcsfml-graphics2.6:amd64 (2.6.1-1) ...
Setting up libcsfml-dev:amd64 (2.6.1-1) ...
Processing triggers for libc-bin (2.41-12) ...
Note: Deploying asfml=2.6.1...

play_2048=1.0.0 successfully retrieved.
Dependencies were solved as follows:

   +  ada_toml 0.2.0 (new)
   +  asfml    2.6.1 (new)
   +b libcsfml 2.6.1 (new,indirect,system package)
[alr test] Spawning default test for remote crate: alr -d -n build --release -- -cargs:Ada -gnatwn
Note: Building play_2048=1.0.0/play_2048.gpr...
Setup
   [mkdir]        object directory for project Ada_TOML
   [mkdir]        library directory for project Ada_TOML
   [mkdir]        object directory for project ASFML
   [mkdir]        library directory for project ASFML
   [mkdir]        object directory for project Play_2048
Compile
   [Ada]          play_2048.adb
   [Ada]          sf-window-clipboard.adb
   [Ada]          sf-window-gl.ads
   [Ada]          sf-graphics-transformable.ads
   [Ada]          sf-audio-soundstream.ads
   [Ada]          sf-system.ads
   [Ada]          sf-graphics-circleshape.ads
   [Ada]          sf-window-window.adb
   [Ada]          sf-graphics-vertex.ads
   [Ada]          sf-window-cursor.ads
   [Ada]          sf-graphics-blendmode.ads
   [Ada]          sf-graphics-rectangleshape.ads
   [Ada]          sf-window-event.ads
   [Ada]          sf-graphics-text.adb
   [Ada]          sf-graphics-primitivetype.ads
play_2048.adb:214:07: warning: constant "Elapsed_Time" is not referenced [-gnatwu]
play_2048.adb:216:07: warning: constant "Best_Time_Image" is not referenced [-gnatwu]
   [Ada]          sf-graphics-transform.ads
   [Ada]          sf-window-keyboard.adb
   [Ada]          sf-network-packet.adb
   [Ada]          sf-system-thread.ads
   [Ada]          sf-system-vector2.ads
   [Ada]          sf-network-ipaddress.adb
   [Ada]          sf-audio-soundbufferrecorder.adb
   [Ada]          sf-network-socketselector.ads
   [Ada]          sf-network-tcpsocket.ads
   [Ada]          sf-graphics-rendertexture.ads
   [Ada]          sf-graphics-image.adb
   [Ada]          sf-window-joystick.ads
   [Ada]          sf-audio-soundstatus.ads
   [Ada]          sf-system-inputstream.ads
   [Ada]          sf-graphics-vertexbuffer.ads
   [Ada]          sf-system-time.ads
   [Ada]          sf-graphics-vertexarray.ads
   [Ada]          sf-audio-soundrecorder.adb
   [Ada]          sf-window-sensor.ads
   [Ada]          sf-graphics-texture.adb
   [Ada]          sf-system-buffer.ads
   [Ada]          sf-system-mutex.ads
   [Ada]          sf-graphics.ads
   [Ada]          sf-graphics-shader.adb
   [Ada]          sf-window-context.adb
   [Ada]          sf-window-glu.ads
   [Ada]          sf-graphics-renderwindow.adb
   [Ada]          sf-graphics-color.ads
   [Ada]          sf-graphics-convexshape.ads
   [Ada]          sf-graphics-glsl.ads
   [Ada]          sf-audio-music.adb
   [Ada]          sf-graphics-renderstates.ads
   [Ada]          sf-window-touch.ads
   [Ada]          sf-window.ads
   [Ada]          sf-graphics-fontinfo.ads
   [Ada]          sf-network-tcplistener.ads
   [Ada]          sf-system-clock.ads
   [Ada]          sf-network-udpsocket.ads
   [Ada]          sf-graphics-shape.ads
   [Ada]          sf-window-windowhandle.ads
   [Ada]          sf-network-http.adb
   [Ada]          sf-window-vulkan.adb
   [Ada]          sf-audio-listener.ads
   [Ada]          sf-network-ftp.adb
   [Ada]          sf-window-videomode.ads
   [Ada]          sf-audio-soundbuffer.adb
   [Ada]          sf-system-sleep.adb
   [Ada]          sf-graphics-glyph.ads
   [Ada]          sf-window-windowbase.adb
   [Ada]          sf-system-vector3.ads
   [Ada]          sf-window-joystickidentification.ads
   [Ada]          sf-graphics-font.adb
   [Ada]          sf-graphics-view.ads
   [Ada]          sf-graphics-rect.ads
   [Ada]          sf-network-socketstatus.ads
   [Ada]          sf-window-mouse.ads
   [Ada]          sf.ads
   [Ada]          sf-audio.ads
   [Ada]          sf-audio-sound.ads
   [Ada]          sf-network.ads
   [Ada]          sf-graphics-sprite.ads
   [Ada]          toml.adb
   [Ada]          toml-generic_parse.adb
   [Ada]          toml-generic_dump.adb
   [Ada]          toml-file_io.adb
   [Ada]          game.adb
   [Ada]          storage.adb
game.adb:5:06: warning: "System.Random_Numbers" is an internal GNAT unit [-gnatwi]
game.adb:5:06: warning: use of this unit is non-portable and version-dependent [-gnatwi]
Build Libraries
   [gprlib]       ada_toml.lexch
   [gprlib]       asfml.lexch
   [archive]      libada_toml.a
   [archive]      libasfml.a
   [index]        libada_toml.a
   [index]        libasfml.a
Bind
   [gprbind]      play_2048.bexch
   [Ada]          play_2048.ali
Link
   [link]         play_2048.adb
Success: Build finished successfully in 9.98 seconds.
Found declared GPR file: play_2048.gpr
[alr test] Test completed SUCCESSFULLY
