Test ran at 2025-09-27 01:20:53.662395+00:00

SOLUTION:
braillart=0.1.0: Use Braille patterns as a dot-matrix printer
Origin: commit 8b93b1d8652062429b173cb1a6509112d1d41f5b from https://github.com/mosteo/braillart.git
Properties:
   Author: Alejandro R. Mosteo
   Description: Use Braille patterns as a dot-matrix printer
   License: LGPL-3.0-or-later
   Maintainer: Alejandro R. Mosteo <alejandro@mosteo.com>
   Maintainers_Logins: mosteo
   Name: braillart
   Tag: braille
   Tag: art
   Tag: ascii
   Tag: unicode
   Version: 0.1.0
   Website: https://github.com/mosteo/braillart


LOG:
[alr test] Testing braillart=0.1.0
[alr test] Spawning retrieval for remote crate: alr -d -n get braillart=0.1.0
Note: Deploying braillart=0.1.0...

braillart=0.1.0 successfully retrieved.
There are no dependencies.
[alr test] Spawning default test for remote crate: alr -d -n build --release -- -cargs:Ada -gnatwn
Note: Building braillart=0.1.0/braillart.gpr...
Setup
   [mkdir]        object directory for project Braillart
   [mkdir]        library directory for project Braillart
Compile
   [Ada]          braillart_config.ads
   [Ada]          braillart.adb
Build Libraries
   [gprlib]       Braillart.lexch
   [archive]      libBraillart.a
   [index]        libBraillart.a
Success: Build finished successfully in 1.68 seconds.
Found declared GPR file: braillart.gpr
[alr test] Test completed SUCCESSFULLY
