Test ran at 2026-08-23 00:52:00.050158+00:00

SOLUTION:
mos6502_create_nop=1.5.2: Create NOP ROM
Origin: source archive mos6502_create_nop-1.5.2.tgz at https://sourceforge.net/projects/tutorial-6502/files/Alire/mos6502_create_nop-1.5.2.tgz with hashes sha256:7b0eba04553de9d87d3227454a8ea6d09df668700c66d833c0728dd45ab8f627, sha512:b242ccdcb341902118a266cb4ed5015b5c2a0a9882e6fe6e713f5d630963e7662a1ab391dcc7241fa1df8b0cd91af8253e5853815821f86f7225f1b9b0b1bdc3
Properties:
   Test run: alr --chdir=test run (from ${CRATE_ROOT}/.)
   Author: Martin Krischik <krischik@users.sourceforge.net>
   Build Switches: 
   Description: Create NOP ROM
   Executable: create_nop
   License: GPL-3.0-or-later
   Long_Description: This is a tool to create a rom image with NOP commands.

This program can be used to create a ROM immage for the MOS 6502 tutorial from Ben Eater.

Development versions available with:

```sh
alr index --add "git+https://github.com/krischik/alire-index.git#develop" --name krischik
``` 

Source code and testsuite available on [SourceForge](https://git.code.sf.net/p/tutorial-6502/git)

   Maintainer: Martin Krischik <krischik@users.sourceforge.net>
   Maintainers_Logins: krischik
   Name: mos6502_create_nop
   Tag: mos-6502
   Tag: tools
   Tag: retrocomputing
   Tag: ada2022
   Version: 1.5.2
   Website: https://sourceforge.net/projects/tutorial-6502
Dependencies (direct):
   adacl^7.2.0
Dependencies (solution):
   adacl=7.2.0
Dependencies (graph):
   mos6502_create_nop=1.5.2 --> adacl=7.2.0 (^7.2.0)


LOG:
Note: Synchronizing workspace...
Dependencies automatically updated as follows:

   +  adacl              7.2.0  (new)
   +  adacl_aunit        7.2.0  (new)
   +  aunit              26.0.0 (new,indirect)
   +. mos6502_create_nop 1.5.2  (new,path=..)
Note: Deploying aunit=26.0.0...

#=#=#                                                                          
##O#-#                                                                         
Note: Deploying adacl_aunit=7.2.0...

######################################################################## 100.0%
######################################################################## 100.0%
######################################################################## 100.0%
######################################################################## 100.0%
#=#=#                                                                          
##=#=#                                                                         
######################################################################## 100.0%
Note: Found 1 nested crate in C:\Users\runneradmin\AppData\Local\alire\cache\releases\adacl_aunit_7.2.0_fc6bfd91:
   test/adacl_aunit_test=7.2.0: AdaCL: AUnit Test Suite for AdaCL AUnit

Note: Building mos6502_create_nop=1.5.2/mos6502_create_nop.gpr...
"C:\Users\runneradmin\AppData\Local\alire\cache\builds\adacl_7.2.0_70f3a85c\4119229a9ff4bad71980f590ae48fb12632deea39f46b05853685bfce65e9075\obj\release" created
"C:\Users\runneradmin\AppData\Local\alire\cache\builds\adacl_7.2.0_70f3a85c\4119229a9ff4bad71980f590ae48fb12632deea39f46b05853685bfce65e9075\lib" created
"obj\validation" created
"bin" created
[Ada Compile]     adacl-base.ads
[Ada Compile]     adacl-calendar.adb
[Ada Compile]     adacl-command_line-getopt.adb
[Ada Compile]     adacl-command_line.ads
[Ada Compile]     adacl-limited_base.ads
[Ada Compile]     adacl-os-low_level.ads
[Ada Compile]     adacl-os-to_utf_string.adb
[Ada Compile]     adacl-os-to_wide_wide_string.adb
[Ada Compile]     adacl-os.ads
[Ada Compile]     adacl-pointer-element.adb
[Ada Compile]     adacl-pointer-holder.adb
[Ada Compile]     adacl-pointer-shared.ads
[Ada Compile]     adacl-pointer-shared_with_delete.adb
[Ada Compile]     adacl-pointer-unique.ads
[Ada Compile]     adacl-pointer-unique_with_delete.adb
[Ada Compile]     adacl-pointer.ads
[Ada Compile]     adacl-queue.adb
[Ada Compile]     adacl-strings-bin.adb
[Ada Compile]     adacl-strings-hex.adb
[Ada Compile]     adacl-strings-io.adb
[Ada Compile]     adacl-strings-vectors.ads
[Ada Compile]     adacl-strings.adb
[Ada Compile]     adacl-trace.adb
[Ada Compile]     adacl-wide_strings-bin.adb
[Ada Compile]     adacl-wide_strings-hex.adb
[Ada Compile]     adacl-wide_strings-io.adb
[Ada Compile]     adacl-wide_strings-vectors.ads
[Ada Compile]     adacl-wide_strings.adb
[Ada Compile]     adacl-wide_wide_strings-bin.adb
[Ada Compile]     adacl-wide_wide_strings-hex.adb
[Ada Compile]     adacl-wide_wide_strings-io.adb
[Ada Compile]     adacl-wide_wide_strings-vectors.ads
[Ada Compile]     adacl-wide_wide_strings.adb
[Ada Compile]     adacl.ads
[Ada Compile]     adacl_config.ads
[Ada Compile]     create_nop.adb
C:\Users\runneradmin\AppData\Local\alire\cache\builds\adacl_7.2.0_70f3a85c\4119229a9ff4bad71980f590ae48fb12632deea39f46b05853685bfce65e9075\src\adacl-trace.ads:189:07: warning: "Exit_Cases" is not a valid aspect identifier [enabled by default]
C:\Users\runneradmin\AppData\Local\alire\cache\builds\adacl_7.2.0_70f3a85c\4119229a9ff4bad71980f590ae48fb12632deea39f46b05853685bfce65e9075\src\adacl-trace.ads:203:07: warning: "Exit_Cases" is not a valid aspect identifier [enabled by default]
C:\Users\runneradmin\AppData\Local\alire\cache\builds\adacl_7.2.0_70f3a85c\4119229a9ff4bad71980f590ae48fb12632deea39f46b05853685bfce65e9075\src\adacl-trace.ads:217:07: warning: "Exit_Cases" is not a valid aspect identifier [enabled by default]
C:\Users\runneradmin\AppData\Local\alire\cache\builds\adacl_7.2.0_70f3a85c\4119229a9ff4bad71980f590ae48fb12632deea39f46b05853685bfce65e9075\src\adacl-trace.ads:231:07: warning: "Exit_Cases" is not a valid aspect identifier [enabled by default]
C:\Users\runneradmin\AppData\Local\alire\cache\builds\adacl_7.2.0_70f3a85c\4119229a9ff4bad71980f590ae48fb12632deea39f46b05853685bfce65e9075\src\adacl-trace.ads:248:15: warning: "Exit_Cases" is not a valid aspect identifier [enabled by default]
C:\Users\runneradmin\AppData\Local\alire\cache\builds\adacl_7.2.0_70f3a85c\4119229a9ff4bad71980f590ae48fb12632deea39f46b05853685bfce65e9075\src\adacl-trace.ads:266:07: warning: "Exit_Cases" is not a valid aspect identifier [enabled by default]
[Archive]         libAdaCL.a
[Ada Bind]        create_nop
[Ada Post-Bind]   b__create_nop.adb
[Link]            create_nop.exe
Note: Building mos6502_create_nop_test=1.5.2/mos6502_create_nop_test.gpr...
"C:\Users\runneradmin\AppData\Local\alire\cache\builds\aunit_26.0.0_b882e96a\27dded81728eccbe7ce25c2248b21865cd40af87dcb977d9f3ea65021a57b867\lib\aunit-obj\native-full" created
"C:\Users\runneradmin\AppData\Local\alire\cache\builds\aunit_26.0.0_b882e96a\27dded81728eccbe7ce25c2248b21865cd40af87dcb977d9f3ea65021a57b867\lib\aunit\native-full" created
"C:\Users\runneradmin\AppData\Local\alire\cache\builds\adacl_aunit_7.2.0_fc6bfd91\5526cd99f8afd37de0bcfc0abf6198ef23027c23d475bb880daa2130ec8132cc\obj\release" created
"C:\Users\runneradmin\AppData\Local\alire\cache\builds\adacl_aunit_7.2.0_fc6bfd91\5526cd99f8afd37de0bcfc0abf6198ef23027c23d475bb880daa2130ec8132cc\lib" created
"obj\validation" created
"bin" created
C:\Users\runneradmin\AppData\Local\alire\cache\builds\adacl_7.2.0_70f3a85c\4119229a9ff4bad71980f590ae48fb12632deea39f46b05853685bfce65e9075\src\adacl-trace.ads:189:07: warning: "Exit_Cases" is not a valid aspect identifier [enabled by default]
C:\Users\runneradmin\AppData\Local\alire\cache\builds\adacl_7.2.0_70f3a85c\4119229a9ff4bad71980f590ae48fb12632deea39f46b05853685bfce65e9075\src\adacl-trace.ads:203:07: warning: "Exit_Cases" is not a valid aspect identifier [enabled by default]
C:\Users\runneradmin\AppData\Local\alire\cache\builds\adacl_7.2.0_70f3a85c\4119229a9ff4bad71980f590ae48fb12632deea39f46b05853685bfce65e9075\src\adacl-trace.ads:217:07: warning: "Exit_Cases" is not a valid aspect identifier [enabled by default]
C:\Users\runneradmin\AppData\Local\alire\cache\builds\adacl_7.2.0_70f3a85c\4119229a9ff4bad71980f590ae48fb12632deea39f46b05853685bfce65e9075\src\adacl-trace.ads:231:07: warning: "Exit_Cases" is not a valid aspect identifier [enabled by default]
C:\Users\runneradmin\AppData\Local\alire\cache\builds\adacl_7.2.0_70f3a85c\4119229a9ff4bad71980f590ae48fb12632deea39f46b05853685bfce65e9075\src\adacl-trace.ads:248:15: warning: "Exit_Cases" is not a valid aspect identifier [enabled by default]
C:\Users\runneradmin\AppData\Local\alire\cache\builds\adacl_7.2.0_70f3a85c\4119229a9ff4bad71980f590ae48fb12632deea39f46b05853685bfce65e9075\src\adacl-trace.ads:266:07: warning: "Exit_Cases" is not a valid aspect identifier [enabled by default]
[Ada Compile]     adacl-assert-arrays.adb
[Ada Compile]     adacl-assert-decimal.adb
[Ada Compile]     adacl-assert-discrete.adb
[Ada Compile]     adacl-assert-fixed.adb
C:\Users\runneradmin\AppData\Local\alire\cache\builds\adacl_aunit_7.2.0_fc6bfd91\5526cd99f8afd37de0bcfc0abf6198ef23027c23d475bb880daa2130ec8132cc\src\adacl-assert-arrays.ads:56:07: warning: "Exit_Cases" is not a valid aspect identifier [enabled by default]
C:\Users\runneradmin\AppData\Local\alire\cache\builds\adacl_aunit_7.2.0_fc6bfd91\5526cd99f8afd37de0bcfc0abf6198ef23027c23d475bb880daa2130ec8132cc\src\adacl-assert-arrays.ads:74:07: warning: "Exit_Cases" is not a valid aspect identifier [enabled by default]
[Ada Compile]     adacl-assert-float.adb
C:\Users\runneradmin\AppData\Local\alire\cache\builds\adacl_aunit_7.2.0_fc6bfd91\5526cd99f8afd37de0bcfc0abf6198ef23027c23d475bb880daa2130ec8132cc\src\adacl-assert-decimal.ads:50:07: warning: "Exit_Cases" is not a valid aspect identifier [enabled by default]
C:\Users\runneradmin\AppData\Local\alire\cache\builds\adacl_aunit_7.2.0_fc6bfd91\5526cd99f8afd37de0bcfc0abf6198ef23027c23d475bb880daa2130ec8132cc\src\adacl-assert-decimal.ads:68:07: warning: "Exit_Cases" is not a valid aspect identifier [enabled by default]
C:\Users\runneradmin\AppData\Local\alire\cache\builds\adacl_aunit_7.2.0_fc6bfd91\5526cd99f8afd37de0bcfc0abf6198ef23027c23d475bb880daa2130ec8132cc\src\adacl-assert-decimal.ads:86:07: warning: "Exit_Cases" is not a valid aspect identifier [enabled by default]
C:\Users\runneradmin\AppData\Local\alire\cache\builds\adacl_aunit_7.2.0_fc6bfd91\5526cd99f8afd37de0bcfc0abf6198ef23027c23d475bb880daa2130ec8132cc\src\adacl-assert-decimal.ads:104:07: warning: "Exit_Cases" is not a valid aspect identifier [enabled by default]
C:\Users\runneradmin\AppData\Local\alire\cache\builds\adacl_aunit_7.2.0_fc6bfd91\5526cd99f8afd37de0bcfc0abf6198ef23027c23d475bb880daa2130ec8132cc\src\adacl-assert-decimal.ads:122:07: warning: "Exit_Cases" is not a valid aspect identifier [enabled by default]
C:\Users\runneradmin\AppData\Local\alire\cache\builds\adacl_aunit_7.2.0_fc6bfd91\5526cd99f8afd37de0bcfc0abf6198ef23027c23d475bb880daa2130ec8132cc\src\adacl-assert-decimal.ads:140:07: warning: "Exit_Cases" is not a valid aspect identifier [enabled by default]
C:\Users\runneradmin\AppData\Local\alire\cache\builds\adacl_aunit_7.2.0_fc6bfd91\5526cd99f8afd37de0bcfc0abf6198ef23027c23d475bb880daa2130ec8132cc\src\adacl-assert-decimal.ads:160:07: warning: "Exit_Cases" is not a valid aspect identifier [enabled by default]
[Ada Compile]     adacl-assert-indefinite_vectors.adb
C:\Users\runneradmin\AppData\Local\alire\cache\builds\adacl_aunit_7.2.0_fc6bfd91\5526cd99f8afd37de0bcfc0abf6198ef23027c23d475bb880daa2130ec8132cc\src\adacl-assert-discrete.ads:50:07: warning: "Exit_Cases" is not a valid aspect identifier [enabled by default]
C:\Users\runneradmin\AppData\Local\alire\cache\builds\adacl_aunit_7.2.0_fc6bfd91\5526cd99f8afd37de0bcfc0abf6198ef23027c23d475bb880daa2130ec8132cc\src\adacl-assert-discrete.ads:68:07: warning: "Exit_Cases" is not a valid aspect identifier [enabled by default]
C:\Users\runneradmin\AppData\Local\alire\cache\builds\adacl_aunit_7.2.0_fc6bfd91\5526cd99f8afd37de0bcfc0abf6198ef23027c23d475bb880daa2130ec8132cc\src\adacl-assert-discrete.ads:86:07: warning: "Exit_Cases" is not a valid aspect identifier [enabled by default]
C:\Users\runneradmin\AppData\Local\alire\cache\builds\adacl_aunit_7.2.0_fc6bfd91\5526cd99f8afd37de0bcfc0abf6198ef23027c23d475bb880daa2130ec8132cc\src\adacl-assert-discrete.ads:104:07: warning: "Exit_Cases" is not a valid aspect identifier [enabled by default]
C:\Users\runneradmin\AppData\Local\alire\cache\builds\adacl_aunit_7.2.0_fc6bfd91\5526cd99f8afd37de0bcfc0abf6198ef23027c23d475bb880daa2130ec8132cc\src\adacl-assert-discrete.ads:122:07: warning: "Exit_Cases" is not a valid aspect identifier [enabled by default]
C:\Users\runneradmin\AppData\Local\alire\cache\builds\adacl_aunit_7.2.0_fc6bfd91\5526cd99f8afd37de0bcfc0abf6198ef23027c23d475bb880daa2130ec8132cc\src\adacl-assert-discrete.ads:140:07: warning: "Exit_Cases" is not a valid aspect identifier [enabled by default]
C:\Users\runneradmin\AppData\Local\alire\cache\builds\adacl_aunit_7.2.0_fc6bfd91\5526cd99f8afd37de0bcfc0abf6198ef23027c23d475bb880daa2130ec8132cc\src\adacl-assert-discrete.ads:160:07: warning: "Exit_Cases" is not a valid aspect identifier [enabled by default]
[Ada Compile]     adacl-assert-pointer.adb
C:\Users\runneradmin\AppData\Local\alire\cache\builds\adacl_aunit_7.2.0_fc6bfd91\5526cd99f8afd37de0bcfc0abf6198ef23027c23d475bb880daa2130ec8132cc\src\adacl-assert-fixed.ads:50:07: warning: "Exit_Cases" is not a valid aspect identifier [enabled by default]
C:\Users\runneradmin\AppData\Local\alire\cache\builds\adacl_aunit_7.2.0_fc6bfd91\5526cd99f8afd37de0bcfc0abf6198ef23027c23d475bb880daa2130ec8132cc\src\adacl-assert-fixed.ads:68:07: warning: "Exit_Cases" is not a valid aspect identifier [enabled by default]
C:\Users\runneradmin\AppData\Local\alire\cache\builds\adacl_aunit_7.2.0_fc6bfd91\5526cd99f8afd37de0bcfc0abf6198ef23027c23d475bb880daa2130ec8132cc\src\adacl-assert-fixed.ads:86:07: warning: "Exit_Cases" is not a valid aspect identifier [enabled by default]
C:\Users\runneradmin\AppData\Local\alire\cache\builds\adacl_aunit_7.2.0_fc6bfd91\5526cd99f8afd37de0bcfc0abf6198ef23027c23d475bb880daa2130ec8132cc\src\adacl-assert-fixed.ads:104:07: warning: "Exit_Cases" is not a valid aspect identifier [enabled by default]
C:\Users\runneradmin\AppData\Local\alire\cache\builds\adacl_aunit_7.2.0_fc6bfd91\5526cd99f8afd37de0bcfc0abf6198ef23027c23d475bb880daa2130ec8132cc\src\adacl-assert-fixed.ads:122:07: warning: "Exit_Cases" is not a valid aspect identifier [enabled by default]
C:\Users\runneradmin\AppData\Local\alire\cache\builds\adacl_aunit_7.2.0_fc6bfd91\5526cd99f8afd37de0bcfc0abf6198ef23027c23d475bb880daa2130ec8132cc\src\adacl-assert-fixed.ads:140:07: warning: "Exit_Cases" is not a valid aspect identifier [enabled by default]
C:\Users\runneradmin\AppData\Local\alire\cache\builds\adacl_aunit_7.2.0_fc6bfd91\5526cd99f8afd37de0bcfc0abf6198ef23027c23d475bb880daa2130ec8132cc\src\adacl-assert-fixed.ads:160:07: warning: "Exit_Cases" is not a valid aspect identifier [enabled by default]
[Ada Compile]     adacl-assert-vectors.adb
C:\Users\runneradmin\AppData\Local\alire\cache\builds\adacl_aunit_7.2.0_fc6bfd91\5526cd99f8afd37de0bcfc0abf6198ef23027c23d475bb880daa2130ec8132cc\src\adacl-assert-float.ads:51:07: warning: "Exit_Cases" is not a valid aspect identifier [enabled by default]
C:\Users\runneradmin\AppData\Local\alire\cache\builds\adacl_aunit_7.2.0_fc6bfd91\5526cd99f8afd37de0bcfc0abf6198ef23027c23d475bb880daa2130ec8132cc\src\adacl-assert-float.ads:69:07: warning: "Exit_Cases" is not a valid aspect identifier [enabled by default]
C:\Users\runneradmin\AppData\Local\alire\cache\builds\adacl_aunit_7.2.0_fc6bfd91\5526cd99f8afd37de0bcfc0abf6198ef23027c23d475bb880daa2130ec8132cc\src\adacl-assert-float.ads:87:07: warning: "Exit_Cases" is not a valid aspect identifier [enabled by default]
C:\Users\runneradmin\AppData\Local\alire\cache\builds\adacl_aunit_7.2.0_fc6bfd91\5526cd99f8afd37de0bcfc0abf6198ef23027c23d475bb880daa2130ec8132cc\src\adacl-assert-float.ads:105:07: warning: "Exit_Cases" is not a valid aspect identifier [enabled by default]
C:\Users\runneradmin\AppData\Local\alire\cache\builds\adacl_aunit_7.2.0_fc6bfd91\5526cd99f8afd37de0bcfc0abf6198ef23027c23d475bb880daa2130ec8132cc\src\adacl-assert-float.ads:123:07: warning: "Exit_Cases" is not a valid aspect identifier [enabled by default]
C:\Users\runneradmin\AppData\Local\alire\cache\builds\adacl_aunit_7.2.0_fc6bfd91\5526cd99f8afd37de0bcfc0abf6198ef23027c23d475bb880daa2130ec8132cc\src\adacl-assert-float.ads:141:07: warning: "Exit_Cases" is not a valid aspect identifier [enabled by default]
C:\Users\runneradmin\AppData\Local\alire\cache\builds\adacl_aunit_7.2.0_fc6bfd91\5526cd99f8afd37de0bcfc0abf6198ef23027c23d475bb880daa2130ec8132cc\src\adacl-assert-float.ads:161:07: warning: "Exit_Cases" is not a valid aspect identifier [enabled by default]
[Ada Compile]     adacl-assert.adb
C:\Users\runneradmin\AppData\Local\alire\cache\builds\adacl_aunit_7.2.0_fc6bfd91\5526cd99f8afd37de0bcfc0abf6198ef23027c23d475bb880daa2130ec8132cc\src\adacl-assert-indefinite_vectors.ads:58:07: warning: "Exit_Cases" is not a valid aspect identifier [enabled by default]
C:\Users\runneradmin\AppData\Local\alire\cache\builds\adacl_aunit_7.2.0_fc6bfd91\5526cd99f8afd37de0bcfc0abf6198ef23027c23d475bb880daa2130ec8132cc\src\adacl-assert-indefinite_vectors.ads:76:07: warning: "Exit_Cases" is not a valid aspect identifier [enabled by default]
[Ada Compile]     adacl-test_cases-parameters.adb
C:\Users\runneradmin\AppData\Local\alire\cache\builds\adacl_aunit_7.2.0_fc6bfd91\5526cd99f8afd37de0bcfc0abf6198ef23027c23d475bb880daa2130ec8132cc\src\adacl-assert-pointer.ads:51:07: warning: "Exit_Cases" is not a valid aspect identifier [enabled by default]
C:\Users\runneradmin\AppData\Local\alire\cache\builds\adacl_aunit_7.2.0_fc6bfd91\5526cd99f8afd37de0bcfc0abf6198ef23027c23d475bb880daa2130ec8132cc\src\adacl-assert-pointer.ads:69:07: warning: "Exit_Cases" is not a valid aspect identifier [enabled by default]
C:\Users\runneradmin\AppData\Local\alire\cache\builds\adacl_aunit_7.2.0_fc6bfd91\5526cd99f8afd37de0bcfc0abf6198ef23027c23d475bb880daa2130ec8132cc\src\adacl-assert-pointer.ads:85:07: warning: "Exit_Cases" is not a valid aspect identifier [enabled by default]
C:\Users\runneradmin\AppData\Local\alire\cache\builds\adacl_aunit_7.2.0_fc6bfd91\5526cd99f8afd37de0bcfc0abf6198ef23027c23d475bb880daa2130ec8132cc\src\adacl-assert-pointer.ads:101:07: warning: "Exit_Cases" is not a valid aspect identifier [enabled by default]
[Ada Compile]     adacl-test_cases.ads
[Ada Compile]     adacl-trace-assert.ads
C:\Users\runneradmin\AppData\Local\alire\cache\builds\adacl_aunit_7.2.0_fc6bfd91\5526cd99f8afd37de0bcfc0abf6198ef23027c23d475bb880daa2130ec8132cc\src\adacl-assert-vectors.ads:58:07: warning: "Exit_Cases" is not a valid aspect identifier [enabled by default]
C:\Users\runneradmin\AppData\Local\alire\cache\builds\adacl_aunit_7.2.0_fc6bfd91\5526cd99f8afd37de0bcfc0abf6198ef23027c23d475bb880daa2130ec8132cc\src\adacl-assert-vectors.ads:76:07: warning: "Exit_Cases" is not a valid aspect identifier [enabled by default]
[Ada Compile]     adacl_aunit_config.ads
C:\Users\runneradmin\AppData\Local\alire\cache\builds\adacl_aunit_7.2.0_fc6bfd91\5526cd99f8afd37de0bcfc0abf6198ef23027c23d475bb880daa2130ec8132cc\src\adacl-assert.ads:65:07: warning: "Exit_Cases" is not a valid aspect identifier [enabled by default]
C:\Users\runneradmin\AppData\Local\alire\cache\builds\adacl_aunit_7.2.0_fc6bfd91\5526cd99f8afd37de0bcfc0abf6198ef23027c23d475bb880daa2130ec8132cc\src\adacl-assert.ads:83:07: warning: "Exit_Cases" is not a valid aspect identifier [enabled by default]
C:\Users\runneradmin\AppData\Local\alire\cache\builds\adacl_aunit_7.2.0_fc6bfd91\5526cd99f8afd37de0bcfc0abf6198ef23027c23d475bb880daa2130ec8132cc\src\adacl-assert.ads:101:07: warning: "Exit_Cases" is not a valid aspect identifier [enabled by default]
C:\Users\runneradmin\AppData\Local\alire\cache\builds\adacl_aunit_7.2.0_fc6bfd91\5526cd99f8afd37de0bcfc0abf6198ef23027c23d475bb880daa2130ec8132cc\src\adacl-assert.ads:121:07: warning: "Exit_Cases" is not a valid aspect identifier [enabled by default]
C:\Users\runneradmin\AppData\Local\alire\cache\builds\adacl_aunit_7.2.0_fc6bfd91\5526cd99f8afd37de0bcfc0abf6198ef23027c23d475bb880daa2130ec8132cc\src\adacl-assert.ads:139:07: warning: "Exit_Cases" is not a valid aspect identifier [enabled by default]
C:\Users\runneradmin\AppData\Local\alire\cache\builds\adacl_aunit_7.2.0_fc6bfd91\5526cd99f8afd37de0bcfc0abf6198ef23027c23d475bb880daa2130ec8132cc\src\adacl-assert.ads:157:07: warning: "Exit_Cases" is not a valid aspect identifier [enabled by default]
C:\Users\runneradmin\AppData\Local\alire\cache\builds\adacl_aunit_7.2.0_fc6bfd91\5526cd99f8afd37de0bcfc0abf6198ef23027c23d475bb880daa2130ec8132cc\src\adacl-assert.ads:177:07: warning: "Exit_Cases" is not a valid aspect identifier [enabled by default]
C:\Users\runneradmin\AppData\Local\alire\cache\builds\adacl_aunit_7.2.0_fc6bfd91\5526cd99f8afd37de0bcfc0abf6198ef23027c23d475bb880daa2130ec8132cc\src\adacl-assert.ads:195:07: warning: "Exit_Cases" is not a valid aspect identifier [enabled by default]
C:\Users\runneradmin\AppData\Local\alire\cache\builds\adacl_aunit_7.2.0_fc6bfd91\5526cd99f8afd37de0bcfc0abf6198ef23027c23d475bb880daa2130ec8132cc\src\adacl-assert.ads:213:07: warning: "Exit_Cases" is not a valid aspect identifier [enabled by default]
C:\Users\runneradmin\AppData\Local\alire\cache\builds\adacl_aunit_7.2.0_fc6bfd91\5526cd99f8afd37de0bcfc0abf6198ef23027c23d475bb880daa2130ec8132cc\src\adacl-assert.ads:231:07: warning: "Exit_Cases" is not a valid aspect identifier [enabled by default]
C:\Users\runneradmin\AppData\Local\alire\cache\builds\adacl_aunit_7.2.0_fc6bfd91\5526cd99f8afd37de0bcfc0abf6198ef23027c23d475bb880daa2130ec8132cc\src\adacl-assert.ads:247:07: warning: "Exit_Cases" is not a valid aspect identifier [enabled by default]
C:\Users\runneradmin\AppData\Local\alire\cache\builds\adacl_aunit_7.2.0_fc6bfd91\5526cd99f8afd37de0bcfc0abf6198ef23027c23d475bb880daa2130ec8132cc\src\adacl-assert.ads:267:07: warning: "Exit_Cases" is not a valid aspect identifier [enabled by default]
C:\Users\runneradmin\AppData\Local\alire\cache\builds\adacl_aunit_7.2.0_fc6bfd91\5526cd99f8afd37de0bcfc0abf6198ef23027c23d475bb880daa2130ec8132cc\src\adacl-assert.ads:287:07: warning: "Exit_Cases" is not a valid aspect identifier [enabled by default]
C:\Users\runneradmin\AppData\Local\alire\cache\builds\adacl_aunit_7.2.0_fc6bfd91\5526cd99f8afd37de0bcfc0abf6198ef23027c23d475bb880daa2130ec8132cc\src\adacl-assert.ads:305:07: warning: "Exit_Cases" is not a valid aspect identifier [enabled by default]
C:\Users\runneradmin\AppData\Local\alire\cache\builds\adacl_aunit_7.2.0_fc6bfd91\5526cd99f8afd37de0bcfc0abf6198ef23027c23d475bb880daa2130ec8132cc\src\adacl-assert.ads:323:07: warning: "Exit_Cases" is not a valid aspect identifier [enabled by default]
[Ada Compile]     ada_containers-aunit_lists.adb
[Ada Compile]     ada_containers.ads
[Ada Compile]     aunit-assertions.adb
[Ada Compile]     aunit-io.ads
[Ada Compile]     aunit-memory-utils.adb
[Ada Compile]     aunit-memory.adb
[Ada Compile]     aunit-options.ads
[Ada Compile]     aunit-reporter-gnattest.adb
[Ada Compile]     aunit-reporter-junit.adb
[Ada Compile]     aunit-reporter-text.adb
[Ada Compile]     aunit-reporter-xml.adb
[Ada Compile]     aunit-reporter.adb
[Ada Compile]     aunit-run.adb
[Ada Compile]     aunit-simple_test_cases.adb
[Ada Compile]     aunit-test_caller.adb
[Ada Compile]     aunit-test_cases.adb
[Ada Compile]     aunit-test_filters.adb
[Ada Compile]     aunit-test_fixtures.adb
[Ada Compile]     aunit-test_results.adb
[Ada Compile]     aunit-test_suites.adb
[Ada Compile]     aunit-tests.ads
[Ada Compile]     aunit-time_measure.adb
[Ada Compile]     aunit.adb
[Ada Compile]     create_nop_test-call.adb
[Ada Compile]     create_nop_test-main.adb
[Archive]         libAdaCL_AUnit.a
[Archive]         libaunit.a
[Ada Compile]     create_nop_test-suite.adb
[Ada Compile]     create_nop_test.ads
[Ada Bind]        create_nop_test-main
[Ada Post-Bind]   b__create_nop_test-main.adb
[Link]            create_nop_test-main.exe
Success: Build finished successfully in 21.17 seconds.

OK Call Create_NOP : Create ROM file

Total Tests Run:   1
Successful Tests:  1
Failed Assertions: 0
Unexpected Errors: 0
[alr test] Test completed SUCCESSFULLY
