Test ran at 2025-11-07 00:50:43.491518+00:00

SOLUTION:
raspberry_bsp=1.0.0: Board Support package for Raspberry PI v1, v2 and B+
Origin: commit a15c773223e31c3ba97dc806897ab1feec2ff5a3 from https://github.com/TamaMcGlinn/ada_raspio.git
Available when: (case OS is Windows => False)
Properties:
   Author: Tama McGlinn
   Description: Board Support package for Raspberry PI v1, v2 and B+
   License: MIT
   Maintainer: Tama McGlinn <t.mcglinn@gmail.com>
   Maintainers_Logins: TamaMcGlinn
   Name: raspberry_bsp
   Tag: raspberry
   Tag: pi
   Version: 1.0.0
   Website: https://github.com/TamaMcGlinn/ada_raspio


LOG:
[alr test] Testing raspberry_bsp=1.0.0
[alr test] Spawning retrieval for remote crate: alr -d -n get raspberry_bsp=1.0.0
Note: Deploying raspberry_bsp=1.0.0...

raspberry_bsp=1.0.0 successfully retrieved.
There are no dependencies.
[alr test] Spawning default test for remote crate: alr -d -n build --release -- -cargs:Ada -gnatwn
Note: Building raspberry_bsp=1.0.0/raspberry_bsp.gpr...
Setup
   [mkdir]        object directory for project Raspberry_BSP
   [mkdir]        library directory for project Raspberry_BSP
bcm2835_library.gpr:4:23: library directory "/usr/local/lib/" does not exist
gprbuild: "/Users/runner/work/alire-crates-ci/alire-crates-ci/test/2755d4db-830f-4f54-983b-e2cb6e1f12ca/raspberry_bsp_1.0.0_a15c7732/raspberry_bsp.gpr" processing failed
stderr: Command ["gprbuild", "-s", "-j0", "-p", "-P", "/Users/runner/work/alire-crates-ci/alire-crates-ci/test/2755d4db-830f-4f54-983b-e2cb6e1f12ca/raspberry_bsp_1.0.0_a15c7732/raspberry_bsp.gpr", "-cargs:Ada", "-gnatwn"] exited with code 5
ERROR: Command ["gprbuild", "-s", "-j0", "-p", "-P", "/Users/runner/work/alire-crates-ci/alire-crates-ci/test/2755d4db-830f-4f54-983b-e2cb6e1f12ca/raspberry_bsp_1.0.0_a15c7732/raspberry_bsp.gpr", "-cargs:Ada", "-gnatwn"] exited with code 5
stderr: ALIRE.CHECKED_ERROR
stderr: Command ["gprbuild", "-s", "-j0", "-p", "-P", "/Users/runner/work/alire-crates-ci/alire-crates-ci/test/2755d4db-830f-4f54-983b-e2cb6e1f12ca/raspberry_bsp_1.0.0_a15c7732/raspberry_bsp.gpr", "-cargs:Ada", "-gnatwn"] exited with code 5
stderr: raised ALIRE.CHECKED_ERROR : alire-stored-error:1
Load address: 0x1021a0000
Call stack traceback locations:
0x102eac0cc 0x102eac12c 0x102c0066c 0x102845568 0x102aca594 0x102acb4f4 0x102a0933c 0x102a07b08 0x102a2b78c 0x102a8b56c 0x102a8a99c 0x102a2b868 0x102a2b950 0x102a0800c 0x102a08174 0x102211730 0x102211070 0x1022111e4 0x1022aeb38 0x1022b9c78 0x1021a29f8 0x1021a7a2c

stderr: ALIRE.ROOTS.BUILD._WRAPPED_STATEMENTS.BUILD_FAILED
stderr: alire-roots.adb:202
stderr: raised ALIRE.ROOTS.BUILD._WRAPPED_STATEMENTS.BUILD_FAILED : alire-roots.adb:202
Load address: 0x1021a0000
Call stack traceback locations:
0x102eac0cc 0x102eac12c 0x102a09640 0x102a07b08 0x102a2b78c 0x102a8b56c 0x102a8a99c 0x102a2b868 0x102a2b950 0x102a0800c 0x102a08174 0x102211730 0x102211070 0x1022111e4 0x1022aeb38 0x1022b9c78 0x1021a29f8 0x1021a7a2c

ERROR: Compilation failed.
