Test ran at 2026-04-11 12:29:12.665068+00:00

SOLUTION:
gpr_unit_provider=23.0.0: GNAT Project File Library
Origin: source archive gpr-unit-provider-23.0.0.zip at https://github.com/AdaCore/gpr-unit-provider/archive/v23.0.0/gpr-unit-provider-23.0.0.zip with hash sha512:87c3b1c4e9da6b57e1ea14fb612d8fcfd19cbc6ec00eb6b1d9675599377860b257018e5c3c153544fe471745552bb38b7839002611d31991d10f3a3848611f3c
Properties:
   Author: AdaCore
   Configuration: no modifiers
   Description: GNAT Project File Library
   GPR Scenario: GPR_UNIT_PROVIDER_BUILD := debug | release | release_checks
   GPR External: GPR_UNIT_PROVIDER_BUILD := release
   License: GPL-3.0-or-later WITH GCC-exception-3.1
   Maintainer: chouteau@adacore.com
   Maintainers_Logins: Fabien-Chouteau
   Name: gpr_unit_provider
   Version: 23.0.0
Dependencies (direct):
   libadalang~23.0.0
   libgpr2~23.0.0
Dependencies (solution):
   gnat=15.1.2 (gnat_native)
   gnatcoll=23.0.0
   gnatcoll_gmp=23.0.0
   gnatcoll_iconv=23.0.0
   langkit_support=23.0.0
   libadalang=23.0.0
   libgmp=6.3.0
   libgpr=23.0.0
   libgpr2=23.0.0
   libiconv=1.18.0
   xmlada=23.0.0
Dependencies (graph):
   gnatcoll=23.0.0          --> libgpr=23.0.0 (~23.0.0)
   gnatcoll_gmp=23.0.0      --> gnatcoll=23.0.0 (~23.0.0)
   gnatcoll_gmp=23.0.0      --> libgmp=6.3.0 (*)
   gnatcoll_iconv=23.0.0    --> gnatcoll=23.0.0 (~23.0.0)
   gnatcoll_iconv=23.0.0    --> libiconv=1.18.0 (*)
   gpr_unit_provider=23.0.0 --> libadalang=23.0.0 (~23.0.0)
   gpr_unit_provider=23.0.0 --> libgpr2=23.0.0 (~23.0.0)
   langkit_support=23.0.0   --> gnatcoll=23.0.0 (^23)
   langkit_support=23.0.0   --> gnatcoll_gmp=23.0.0 (^23)
   langkit_support=23.0.0   --> gnatcoll_iconv=23.0.0 (^23)
   libadalang=23.0.0        --> gnatcoll=23.0.0 (^23)
   libadalang=23.0.0        --> gnatcoll_gmp=23.0.0 (^23)
   libadalang=23.0.0        --> gnatcoll_iconv=23.0.0 (^23)
   libadalang=23.0.0        --> langkit_support=23.0.0 (^23)
   libgpr=23.0.0            --> gnat=15.1.2 (gnat_native) (/=2020)
   libgpr=23.0.0            --> xmlada=23.0.0 (~23.0.0)
   libgpr2=23.0.0           --> gnatcoll=23.0.0 (~23.0.0)
   libgpr2=23.0.0           --> gnatcoll_gmp=23.0.0 (~23.0.0)
   libgpr2=23.0.0           --> gnatcoll_iconv=23.0.0 (~23.0.0)
   xmlada=23.0.0            --> gnat=15.1.2 (gnat_native) (>=11)


LOG:
[alr test] Testing gpr_unit_provider=23.0.0
[alr test] Spawning retrieval for remote crate: alr -d -n get gpr_unit_provider=23.0.0
Note: Deploying gpr_unit_provider=23.0.0...

#=#=#                                                                          
##O#-#                                                                         
Note: Deploying libgmp=6.3.0...
The system package 'mingw-w64-x86_64-gmp' is about to be installed.
This action might require admin privileges and impact your system installation.
Do you want Alire to install this system package?
Using default: Yes
resolving dependencies...
looking for conflicting packages...

Packages (1) mingw-w64-x86_64-gmp-6.3.0-2

Total Download Size:   0.56 MiB
Total Installed Size:  2.98 MiB

:: Proceed with installation? [Y/n] 
:: Retrieving packages...
 mingw-w64-x86_64-gmp-6.3.0-2-any downloading...
checking keyring...
checking package integrity...
loading package files...
checking for file conflicts...
checking available disk space...
:: Processing package changes...
installing mingw-w64-x86_64-gmp...
Note: Deploying libiconv=1.18.0...
The system package 'mingw-w64-x86_64-libiconv' is about to be installed.
This action might require admin privileges and impact your system installation.
Do you want Alire to install this system package?
Using default: Yes
resolving dependencies...
looking for conflicting packages...

Packages (1) mingw-w64-x86_64-libiconv-1.18-1

Total Download Size:   0.71 MiB
Total Installed Size:  2.42 MiB

:: Proceed with installation? [Y/n] 
:: Retrieving packages...
 mingw-w64-x86_64-libiconv-1.18-1-any downloading...
checking keyring...
checking package integrity...
loading package files...
checking for file conflicts...
checking available disk space...
:: Processing package changes...
installing mingw-w64-x86_64-libiconv...
Note: Deploying xmlada=23.0.0...

#=#=#                                                                          
##O#-#                                                                         
##=O#- #                                                                       
Note: Deploying libgpr=23.0.0...

#=#=#                                                                          
##O#-#                                                                         
##=O#- #                                                                       
Note: Deploying gnatcoll=23.0.0...

#=#=#                                                                          
##O#-#                                                                         
##=O#- #                                                                       
Note: Deploying gnatcoll_gmp=23.0.0...

#=#=#                                                                          
##O#-#                                                                         
Note: Deploying gnatcoll_iconv=23.0.0...

#=#=#                                                                          
Note: Deploying langkit_support=23.0.0...

#=#=#                                                                          
######################################################################## 100.0%
Note: Deploying libgpr2=23.0.0...

#=#=#                                                                          
####################                                                      29.0%
######################################################################## 100.0%
Note: Deploying libadalang=23.0.0...

#=#=#                                                                          
######################################################################## 100.0%

gpr_unit_provider=23.0.0 successfully retrieved.
Dependencies were solved as follows:

   +b gnat            15.1.2 (new,gnat_native,indirect,binary)
   +  gnatcoll        23.0.0 (new,indirect)
   +  gnatcoll_gmp    23.0.0 (new,indirect)
   +  gnatcoll_iconv  23.0.0 (new,indirect)
   +  langkit_support 23.0.0 (new,indirect)
   +  libadalang      23.0.0 (new)
   +b libgmp          6.3.0  (new,indirect,system package)
   +  libgpr          23.0.0 (new,indirect)
   +  libgpr2         23.0.0 (new)
   +b libiconv        1.18.0 (new,indirect,system package)
   +  xmlada          23.0.0 (new,indirect)
[alr test] Spawning default test for remote crate: alr -d -n build --release -- -cargs:Ada -gnatwn
stderr: ADA.IO_EXCEPTIONS.NAME_ERROR
stderr: invalid target path name "C:\Users\runneradmin\AppData\Local\alire\cache\builds\libgpr2_23.0.0_3b2d7483\d20540b63058d77958bcbd94237cce5314ac629a043a9f83ca6203e3d174e1c1\testsuite\tests\gprname-very-lo
stderr: raised ADA.IO_EXCEPTIONS.NAME_ERROR : invalid target path name "C:\Users\runneradmin\AppData\Local\alire\cache\builds\libgpr2_23.0.0_3b2d7483\d20540b63058d77958bcbd94237cce5314ac629a043a9f83ca6203e3d174e1c1\testsuite\tests\gprname-very-lo
[D:\a\alire-crates-ci\alire-crates-ci\alire_install\bin\alr.exe]
0x7ff60b2a6ac1 Semantic_Versioning.Basic.Restrictions.First_Index at a-direct.adb:301
0x7ff60b418296 Semantic_Versioning.Basic.Restrictions.First_Index at den-filesystem.adb:81
0x7ff60b416d68 Semantic_Versioning.Basic.Restrictions.First_Index at den-filesystem.adb:215
0x7ff60b418390 Semantic_Versioning.Basic.Restrictions.First_Index at den-filesystem.adb:86
0x7ff60b416d68 Semantic_Versioning.Basic.Restrictions.First_Index at den-filesystem.adb:215
0x7ff60b417f48 Semantic_Versioning.Basic.Restrictions.First_Index at den-filesystem.adb:140
0x7ff60b416b4d Semantic_Versioning.Basic.Restrictions.First_Index at den-filesystem.adb:217
0x7ff60b417f26 Semantic_Versioning.Basic.Restrictions.First_Index at den-filesystem.adb:137
0x7ff60b416b4d Semantic_Versioning.Basic.Restrictions.First_Index at den-filesystem.adb:217
0x7ff60b417f26 Semantic_Versioning.Basic.Restrictions.First_Index at den-filesystem.adb:137
0x7ff60b416b4d Semantic_Versioning.Basic.Restrictions.First_Index at den-filesystem.adb:217
0x7ff60b417f26 Semantic_Versioning.Basic.Restrictions.First_Index at den-filesystem.adb:137
0x7ff60b416b4d Semantic_Versioning.Basic.Restrictions.First_Index at den-filesystem.adb:217
0x7ff60a775fd8 Semantic_Versioning.Basic.Restrictions.First_Index at alire-builds.adb:61
0x7ff60af0ee46 Semantic_Versioning.Basic.Restrictions.First_Index at alire-roots.adb:907
0x7ff60af2912d Semantic_Versioning.Basic.Restrictions.First_Index at alire-roots.adb:2143
0x7ff60af982f9 Semantic_Versioning.Basic.Restrictions.First_Index at alire-solutions.adb:1472
0x7ff60af970ef Semantic_Versioning.Basic.Restrictions.First_Index at alire-solutions.adb:1539
0x7ff60af2922c Semantic_Versioning.Basic.Restrictions.First_Index at alire-roots.adb:2147
0x7ff60af292fa Semantic_Versioning.Basic.Restrictions.First_Index at alire-roots.adb:2127
0x7ff60af0e3d4 Semantic_Versioning.Basic.Restrictions.First_Index at alire-roots.adb:919
0x7ff60af003e8 Semantic_Versioning.Basic.Restrictions.First_Index at alire-roots.adb:90
0x7ff60af00588 Semantic_Versioning.Basic.Restrictions.First_Index at alire-roots.adb:59
0x7ff60af0173b Semantic_Versioning.Basic.Restrictions.First_Index at alire-roots.adb:278
0x7ff60af01912 Semantic_Versioning.Basic.Restrictions.First_Index at alire-roots.adb:114
0x7ff60a673baa Semantic_Versioning.Basic.Restrictions.First_Index at alr-commands-build.adb:145
0x7ff60a67341e Semantic_Versioning.Basic.Restrictions.First_Index at alr-commands-build.adb:113
0x7ff60a6735ba Semantic_Versioning.Basic.Restrictions.First_Index at alr-commands-build.adb:54
0x7ff60a725dea Semantic_Versioning.Basic.Restrictions.First_Index at clic-subcommand-instance.adb:749
0x7ff60a732b0e Semantic_Versioning.Basic.Restrictions.First_Index at alr-commands.adb:632
0x7ff60a6016a0 Alr.Main at alr-main.adb:13
0x7ff60a605270 Main at b__alr-main.adb:2454
0x7ff60a60133e __tmainCRTStartup at ???
0x7ff60a601144 mainCRTStartup at ???
[C:\Windows\System32\KERNEL32.DLL]
0x7ffec6dbe8d5
[C:\Windows\SYSTEM32\ntdll.dll]
0x7ffec898c53a

stderr: Could not sync build dir from C:\Users\runneradmin\AppData\Local\alire\cache\releases\libgpr2_23.0.0_3b2d7483 to C:\Users\runneradmin\AppData\Local\alire\cache\builds\libgpr2_23.0.0_3b2d7483\d20540b63058d77958bcbd94237cce5314ac629a043a9f83ca6203e3d174e1c1
ERROR: Could not sync build dir from C:\Users\runneradmin\AppData\Local\alire\cache\releases\libgpr2_23.0.0_3b2d7483 to C:\Users\runneradmin\AppData\Local\alire\cache\builds\libgpr2_23.0.0_3b2d7483\d20540b63058d77958bcbd94237cce5314ac629a043a9f83ca6203e3d174e1c1
