Test ran at 2026-01-05 12:44:16.828717+00:00

SOLUTION:
adayaml=0.3.0: Experimental YAML 1.3 implementation in Ada
Origin: source archive v0.3.0.tar.gz at https://github.com/yaml/AdaYaml/archive/v0.3.0.tar.gz with hash sha512:ab19e38704e5d51a3f66da2fb9f86571ab08a6793a5d5f42ca29c3271bc754a1a845cc831d7fb24bb19c2caaf0d355ba250d0dca2959607a19936b0a91739d33
Properties:
   Author: Felix Krause
   Description: Experimental YAML 1.3 implementation in Ada
   Executable: yaml-server
   GPR Scenario: Mode := debug | release
   License: MIT
   Maintainer: alejandro@mosteo.com
   Maintainers_Logins: mosteo
   Name: adayaml
   Project_File: yaml.gpr
   Project_File: yaml-utils.gpr
   Project_File: yaml-annotation_processor.gpr
   Project_File: yaml-server.gpr
   Version: 0.3.0
   Website: https://ada.yaml.io/
Dependencies (direct):
   simple_components^4.27
Dependencies (solution):
   gnat=15.1.2 (gnat_native)
   libgnutls=3.8.11
   simple_components=4.68.0
   unixodbc=2.3.14
Dependencies (graph):
   adayaml=0.3.0            --> simple_components=4.68.0 (^4.27)
   simple_components=4.68.0 --> gnat=15.1.2 (gnat_native) (>=2021 | (>=12 & <2000))
   simple_components=4.68.0 --> libgnutls=3.8.11 (^3.7)
   simple_components=4.68.0 --> unixodbc=2.3.14 (^2.3)


LOG:
[alr test] Testing adayaml=0.3.0
[alr test] Spawning retrieval for remote crate: alr -d -n get adayaml=0.3.0
Note: Deploying adayaml=0.3.0...
#=#=#                                                                          
##O#-#                                                                         
##O=#  #                                                                       
#=#=-#  #                                                                      
 #=#=-#   #                                                                    
Note: Deploying unixodbc=2.3.14...
The system package 'unixodbc' is about to be installed.
This action might require admin privileges and impact your system installation.
Do you want Alire to install this system package?
Using default: Yes
[32m==>[0m [1mFetching downloads for: [32munixodbc[39m[0m
✔︎ Bottle Manifest unixodbc (2.3.14)
✔︎ Bottle Manifest m4 (1.4.20)
✔︎ Bottle m4 (1.4.20)
✔︎ Bottle Manifest libtool (2.5.4)
✔︎ Bottle unixodbc (2.3.14)
✔︎ Bottle libtool (2.5.4)
[32m==>[0m [1mInstalling dependencies for unixodbc: [32mm4[39m and [32mlibtool[39m[0m
[32m==>[0m [1mInstalling unixodbc dependency: [32mm4[39m[0m
[34m==>[0m [1mPouring m4--1.4.20.arm64_sequoia.bottle.tar.gz[0m
🍺  /opt/homebrew/Cellar/m4/1.4.20: 14 files, 802.7KB
[32m==>[0m [1mInstalling unixodbc dependency: [32mlibtool[39m[0m
[34m==>[0m [1mPouring libtool--2.5.4.arm64_sequoia.bottle.tar.gz[0m
🍺  /opt/homebrew/Cellar/libtool/2.5.4: 76 files, 4.1MB
[32m==>[0m [1mInstalling [32munixodbc[39m[0m
[34m==>[0m [1mPouring unixodbc--2.3.14.arm64_sequoia.bottle.tar.gz[0m
🍺  /opt/homebrew/Cellar/unixodbc/2.3.14: 48 files, 2.4MB
Note: Deploying simple_components=4.68.0...

adayaml=0.3.0 successfully retrieved.
Dependencies were solved as follows:

   +b gnat              15.1.2 (new,gnat_native,indirect,binary)
   +b libgnutls         3.8.11 (new,indirect,system package)
   +  simple_components 4.68.0 (new)
   +b unixodbc          2.3.14 (new,indirect,system package)
[alr test] Spawning default test for remote crate: alr -d -n build --release -- -cargs:Ada -gnatwn
Note: Building adayaml=0.3.0/yaml.gpr (1/4)...
Setup
   [mkdir]        object directory for project Parser_Tools
   [mkdir]        library directory for project Parser_Tools
   [mkdir]        object directory for project Yaml
   [mkdir]        library directory for project Yaml
Compile
   [ada]          text-pool.adb
   [ada]          lexer-source-file.adb
   [ada]          lexer-source-text_io.adb
   [ada]          lexer-base.adb
lexer-source-file.adb:26:09: warning: object designated by anonymous access value might not be finalized until its enclosing library unit goes out of scope, or not be finalized at all [enabled by default]
lexer-source-file.adb:26:09: warning: use named access type instead [enabled by default]
lexer-source-file.adb:26:09: warning: use of an anonymous access type allocator [-gnatw_a]
lexer-source-file.adb:33:23: warning: accessibility check fails [enabled by default]
lexer-source-file.adb:33:23: warning: Program_Error will be raised at run time [enabled by default]
   [ada]          text-builder.adb
   [ada]          text.adb
   [ada]          lexer.ads
   [ada]          lexer-source.ads
   [ada]          text-sets.ads
   [ada]          yaml-lexer-evaluation.adb
   [ada]          yaml-dom-mapping_data.adb
yaml-dom-mapping_data.adb:147:33: error: implicit conversion of anonymous access parameter not allowed
yaml-dom-mapping_data.adb:147:38: error: implicit conversion of anonymous access parameter not allowed

   compilation of yaml-dom-mapping_data.adb failed

gprbuild: *** compilation phase failed
stderr: Command ["gprbuild", "-s", "-j0", "-p", "-P", "/Users/runner/work/alire-crates-ci/alire-crates-ci/test/d82c93a5-14a3-4450-b01b-7e00c66e17b2/adayaml_0.3.0_ab19e387/yaml.gpr", "-cargs:Ada", "-gnatwn"] exited with code 4
ERROR: Command ["gprbuild", "-s", "-j0", "-p", "-P", "/Users/runner/work/alire-crates-ci/alire-crates-ci/test/d82c93a5-14a3-4450-b01b-7e00c66e17b2/adayaml_0.3.0_ab19e387/yaml.gpr", "-cargs:Ada", "-gnatwn"] exited with code 4
stderr: ALIRE.CHECKED_ERROR
stderr: Command ["gprbuild", "-s", "-j0", "-p", "-P", "/Users/runner/work/alire-crates-ci/alire-crates-ci/test/d82c93a5-14a3-4450-b01b-7e00c66e17b2/adayaml_0.3.0_ab19e387/yaml.gpr", "-cargs:Ada", "-gnatwn"] exited with code 4
stderr: raised ALIRE.CHECKED_ERROR : alire-stored-error:1
Load address: 0x104830000
Call stack traceback locations:
0x10553c0cc 0x10553c12c 0x10529066c 0x104ed5568 0x10515a594 0x10515b4f4 0x10509933c 0x105097b08 0x1050bb78c 0x10511b56c 0x10511a99c 0x1050bb868 0x1050bb950 0x10509800c 0x105098174 0x1048a1730 0x1048a1070 0x1048a11e4 0x10493eb38 0x104949c78 0x1048329f8 0x104837a2c

stderr: ALIRE.ROOTS.BUILD._WRAPPED_STATEMENTS.BUILD_FAILED
stderr: alire-roots.adb:202
stderr: raised ALIRE.ROOTS.BUILD._WRAPPED_STATEMENTS.BUILD_FAILED : alire-roots.adb:202
Load address: 0x104830000
Call stack traceback locations:
0x10553c0cc 0x10553c12c 0x105099640 0x105097b08 0x1050bb78c 0x10511b56c 0x10511a99c 0x1050bb868 0x1050bb950 0x10509800c 0x105098174 0x1048a1730 0x1048a1070 0x1048a11e4 0x10493eb38 0x104949c78 0x1048329f8 0x104837a2c

ERROR: Compilation failed.
