Test ran at 2026-04-24 12:55:33.987478+00:00

SOLUTION:
exsytrawo=2.0.0: Exception Symbolic Traceback Workaround for macOS
Origin: commit 695116804bb17c6c8202898f3ee628b1061fe552 from https://github.com/Blady-Com/exsytrawo.git
Properties:
   Author: Pascal Pignard
   Description: Exception Symbolic Traceback Workaround for macOS
   License: CECILL-C
   Maintainer: Pascal Pignard <blady.net@orange.fr>
   Maintainers_Logins: Blady-Com
   Name: exsytrawo
   Project_File: exsytrawo.gpr
   Tag: exception
   Tag: symbolic
   Tag: traceback
   Version: 2.0.0
   Website: https://github.com/Blady-Com/exsytrawo


LOG:
[alr test] Testing exsytrawo=2.0.0
[alr test] Spawning retrieval for remote crate: alr -d -n get exsytrawo=2.0.0
Note: Deploying exsytrawo=2.0.0...

exsytrawo=2.0.0 successfully retrieved.
There are no dependencies.
[alr test] Spawning default test for remote crate: alr -d -n build --release -- -cargs:Ada -gnatwn
Note: Building exsytrawo=2.0.0/exsytrawo.gpr...
Setup
   [mkdir]        object directory for project exsytrawo
   [mkdir]        library directory for project exsytrawo
Compile
   [Ada]          excep_sym_trace_workaround.adb
Build Libraries
   [gprlib]       exsytrawo.lexch
   [archive]      libexsytrawo.a
   [index]        libexsytrawo.a
Success: Build finished successfully in 1.74 seconds.
Found declared GPR file: exsytrawo.gpr
[alr test] Test completed SUCCESSFULLY
