Test ran at 2026-08-30 01:31:16.368434+00:00

SOLUTION:
adacl_serial=7.2.1: SPARK-friendly character and string I/O helpers for GNAT serial ports
Origin: source archive adacl_serial-7.2.1.tgz at https://sourceforge.net/projects/adacl/files/Alire/adacl_serial-7.2.1.tgz with hashes sha256:a26641a601db3703fabd9e250e7f67c12c1a3e6554f8fb1ef5d89744edab43c3, sha512:681dd4a01056389da8a0735efa30f2212e260bff4bbf3ca3f10abba8ac0526890ccdf8ae151309f990212a631b976deec248940a28ef460ffac3d4ec36320420
Properties:
   case OS is
      when Linux => Test run: /bin/bash ci-verify.sh (from ${CRATE_ROOT}/.)
      when Macos => Test run: /bin/bash ci-verify.sh (from ${CRATE_ROOT}/.)
      when Windows => Test run: powershell -ExecutionPolicy Bypass -File ci-verify.ps1 (from ${CRATE_ROOT}/.)
      when others => (empty)
   Author: Martin Krischik <krischik@users.sourceforge.net>
   Build Switches: 
   Configuration: no modifiers
   Description: SPARK-friendly character and string I/O helpers for GNAT serial ports
   License: GPL-3.0-or-later
   Long_Description: Thin, SPARK-friendly helpers for character and string I/O on a
GNAT.Serial_Communications port.

The package is deliberately compact - it contains only AdaCL.Serial_IO.

It extends GNAT.Serial_Communications.Serial_Port (itself a descendant of Ada.Streams.Root_Stream_Type) with a
null-record derivation, turning the type into a true class.  Consequently all operations can be written with the
convenient Class.Method syntax (Port.Get, Port.Put_Line, Port.Expect, ...).

Provided facilities:
* Conversion helpers between Stream_Element / Stream_Element_Array and Character / String
* Classic Get / Put / Get_Line / Put_Line operations
* High-level Expect procedures (discard or capture skipped text until a given sequence arrives)
* Full SPARK contracts; the package is proven to SPARK bronze level

Intended for console-style protocols used by classic and modern retro calculators (SwissMicros DM-series, HP-IL
emulators, etc.).

Licensed under the GNU Library General Public License version 3 (or later).
Integrates with the Ada Class Library (AdaCL).

   Maintainer: Martin Krischik <krischik@users.sourceforge.net>
   Maintainers_Logins: krischik
   Name: adacl_serial
   Tag: library
   Tag: serial
   Tag: io
   Tag: streams
   Tag: communication
   Tag: spark
   Tag: ada2022
   Version: 7.2.1
   Website: https://sourceforge.net/projects/adacl/
Dependencies (direct):
   adacl^7.2
Dependencies (solution):
   adacl=7.2.1
Dependencies (graph):
   adacl_serial=7.2.1 --> adacl=7.2.1 (^7.2)


LOG:
=== Ada CI Verification ===
=== Prove Log Off ===
Directory: prove
Updating dependencies...
Dependencies automatically updated as follows:

   +  adacl     7.2.1  (new)
   +b gnatprove 16.1.0 (new,binary)
Building with validation...
Note: Building adacl_serial_prove=7.2.1/adacl_serial_prove.gpr...
"C:\Users\runneradmin\AppData\Local\alire\cache\builds\adacl_7.2.1_0da4360d\cc5ebf1ef8db69ee601ca4264fff22f93e89522d95a592e716e9d358966c5323\obj\validation" created
"C:\Users\runneradmin\AppData\Local\alire\cache\builds\adacl_7.2.1_0da4360d\cc5ebf1ef8db69ee601ca4264fff22f93e89522d95a592e716e9d358966c5323\lib\validation" created
"obj\validation" created
"bin\validation" created
[Ada Compile]     adacl-base.ads
[Ada Compile]     adacl-calendar.adb
[Ada Compile]     adacl-command_line-getopt.adb
[Ada Compile]     adacl-command_line.ads
gnat1: invalid switch: -gnat2022
adacl.gpr: error: [Ada Compile] adacl-base.ads (adacl.gpr) failed with status 1
gnat1: invalid switch: -gnat2022
adacl.gpr: error: [Ada Compile] adacl-calendar.adb (adacl.gpr) failed with status 1
gnat1: invalid switch: -gnat2022
adacl.gpr: error: [Ada Compile] adacl-command_line-getopt.adb (adacl.gpr) failed with status 1
gnat1: invalid switch: -gnat2022
adacl.gpr: error: [Ada Compile] adacl-command_line.ads (adacl.gpr) failed with status 1
ERROR: Command ["gprbuild", "-s", "-j0", "-p", "-P", "D:\a\alire-crates-ci\alire-crates-ci\test\f708f8e9-f2b9-49be-b564-925b1b3b5da2\adacl_serial_7.2.1_a26641a6\prove\adacl_serial_prove.gpr"] exited with code 4
ERROR: Compilation failed.
Running GNATprove...
Phase 1 of 3: generation of data representation information ...
Phase 2 of 3: generation of Global contracts ...
Phase 3 of 3: analysis of data and information flow ...
Success: all checks proved (47 checks).
Summary logged in D:\a\alire-crates-ci\alire-crates-ci\test\f708f8e9-f2b9-49be-b564-925b1b3b5da2\adacl_serial_7.2.1_a26641a6\prove\obj\validation\gnatprove\gnatprove.out
SUCCESS: Prove Log Off
--------------------------------------------------
=== Test Log Off ===
Directory: test
Updating dependencies...
Dependencies automatically updated as follows:

   +  adacl        7.2.1  (new,indirect)
   +. adacl_serial 7.2.1  (new,path=..)
   +  aunit        26.0.0 (new)
Building with validation...
Note: Building adacl_serial_test=7.2.1/adacl_serial_test.gpr...
"..\obj\validation" created
"..\lib" created
"obj\validation" created
"bin\validation" created
[Ada Compile]     adacl-base.ads
[Ada Compile]     adacl-calendar.adb
[Ada Compile]     adacl-command_line-getopt.adb
[Ada Compile]     adacl-command_line.ads
gnat1: invalid switch: -gnat2022
adacl.gpr: error: [Ada Compile] adacl-base.ads (adacl.gpr) failed with status 1
gnat1: invalid switch: -gnat2022
adacl.gpr: error: [Ada Compile] adacl-calendar.adb (adacl.gpr) failed with status 1
gnat1: invalid switch: -gnat2022
adacl.gpr: error: [Ada Compile] adacl-command_line-getopt.adb (adacl.gpr) failed with status 1
gnat1: invalid switch: -gnat2022
adacl.gpr: error: [Ada Compile] adacl-command_line.ads (adacl.gpr) failed with status 1
ERROR: Command ["gprbuild", "-s", "-j0", "-p", "-P", "D:\a\alire-crates-ci\alire-crates-ci\test\f708f8e9-f2b9-49be-b564-925b1b3b5da2\adacl_serial_7.2.1_a26641a6\test\adacl_serial_test.gpr"] exited with code 4
ERROR: Compilation failed.
Running tests...
Note: Building adacl_serial_test=7.2.1/adacl_serial_test.gpr...
[Ada Compile]     adacl-base.ads
[Ada Compile]     adacl-calendar.adb
[Ada Compile]     adacl-command_line-getopt.adb
[Ada Compile]     adacl-command_line.ads
gnat1: invalid switch: -gnat2022
adacl.gpr: error: [Ada Compile] adacl-base.ads (adacl.gpr) failed with status 1
gnat1: invalid switch: -gnat2022
adacl.gpr: error: [Ada Compile] adacl-calendar.adb (adacl.gpr) failed with status 1
gnat1: invalid switch: -gnat2022
adacl.gpr: error: [Ada Compile] adacl-command_line-getopt.adb (adacl.gpr) failed with status 1
gnat1: invalid switch: -gnat2022
adacl.gpr: error: [Ada Compile] adacl-command_line.ads (adacl.gpr) failed with status 1
ERROR: Command ["gprbuild", "-s", "-j0", "-p", "-P", "D:\a\alire-crates-ci\alire-crates-ci\test\f708f8e9-f2b9-49be-b564-925b1b3b5da2\adacl_serial_7.2.1_a26641a6\test\adacl_serial_test.gpr"] exited with code 4
ERROR: Build failed
FAILED: Test Log Off (Exit-Code: 1)
Fail-Fast: Stopping on first error.
[alr test] Test action exited with error code 1
