Test ran at 2025-07-31 12:38:43.836517+00:00

SOLUTION:
chests=0.1.1: Chests are bounded containers
Origin: commit 9f7aa6f0a7abe88fb7fc2c91a44a42d29effd62c from https://github.com/JeremyGrosser/chests.git
Properties:
   Author: Jeremy Grosser
   Description: Chests are bounded containers
   License: BSD-3-Clause
   Maintainer: Jeremy Grosser <jeremy@synack.me>
   Maintainers_Logins: JeremyGrosser
   Name: chests
   Tag: containers
   Tag: bounded
   Tag: nostd
   Tag: embedded
   Version: 0.1.1
   Website: https://github.com/JeremyGrosser/chests


LOG:
[alr test] Testing chests=0.1.1
[alr test] Spawning retrieval for remote crate: alr -d -n get chests=0.1.1
Note: Deploying chests=0.1.1...

chests=0.1.1 successfully retrieved.
There are no dependencies.
[alr test] Spawning default test for remote crate: alr -d -n build --release -- -cargs:Ada -gnatwn
Note: Building chests=0.1.1/chests.gpr...
Setup
   [mkdir]        object directory for project Chests
   [mkdir]        library directory for project Chests
Compile
   [Ada]          chests-ring_buffers.adb
   [Ada]          chests-stacks.adb
   [Ada]          chests.ads
Build Libraries
   [gprlib]       Chests.lexch
   [archive]      libChests.a
   [index]        libChests.a
Success: Build finished successfully in 1.03 seconds.
Found declared GPR file: chests.gpr
[alr test] Test completed SUCCESSFULLY
