Test ran at 2026-07-19 01:08:55.475802+00:00

SOLUTION:
adayaml=0.3.0: Experimental YAML 1.3 implementation in Ada
Origin: source archive v0.3.0.tar.gz at https://github.com/yaml/AdaYaml/archive/v0.3.0.tar.gz with hash sha512:ab19e38704e5d51a3f66da2fb9f86571ab08a6793a5d5f42ca29c3271bc754a1a845cc831d7fb24bb19c2caaf0d355ba250d0dca2959607a19936b0a91739d33
Properties:
   Author: Felix Krause
   Description: Experimental YAML 1.3 implementation in Ada
   Executable: yaml-server
   GPR Scenario: Mode := debug | release
   License: MIT
   Maintainer: alejandro@mosteo.com
   Maintainers_Logins: mosteo
   Name: adayaml
   Project_File: yaml.gpr
   Project_File: yaml-utils.gpr
   Project_File: yaml-annotation_processor.gpr
   Project_File: yaml-server.gpr
   Version: 0.3.0
   Website: https://ada.yaml.io/
Dependencies (direct):
   simple_components^4.27
Dependencies (solution):
   gnat=15.1.2 (gnat_native)
   libgnutls=3.8.3
   simple_components=4.68.0
   unixodbc=2.3.12
Dependencies (graph):
   adayaml=0.3.0            --> simple_components=4.68.0 (^4.27)
   simple_components=4.68.0 --> gnat=15.1.2 (gnat_native) (>=2021 | (>=12 & <2000))
   simple_components=4.68.0 --> libgnutls=3.8.3 (^3.7)
   simple_components=4.68.0 --> unixodbc=2.3.12 (^2.3)


LOG:
[alr test] Testing adayaml=0.3.0
[alr test] Spawning retrieval for remote crate: alr -d -n get adayaml=0.3.0
Note: Deploying adayaml=0.3.0...
#=#=#                                                                          
##O#-#                                                                         

adayaml=0.3.0 successfully retrieved.
Dependencies were solved as follows:

   +b gnat              15.1.2 (new,gnat_native,indirect,binary)
   +b libgnutls         3.8.3  (new,indirect,system package)
   +  simple_components 4.68.0 (new)
   +b unixodbc          2.3.12 (new,indirect,system package)
[alr test] Spawning default test for remote crate: alr -d -n build --release -- -cargs:Ada -gnatwn
Note: Building adayaml=0.3.0/yaml.gpr (1/4)...
Setup
   [mkdir]        object directory for project Parser_Tools
   [mkdir]        library directory for project Parser_Tools
   [mkdir]        object directory for project Yaml
   [mkdir]        library directory for project Yaml
Compile
   [ada]          lexer-source-file.adb
   [ada]          text-pool.adb
   [ada]          lexer-base.adb
   [ada]          lexer-source-text_io.adb
   [ada]          text-builder.adb
   [ada]          text.adb
   [ada]          lexer-source.ads
lexer-source-file.adb:26:09: warning: object designated by anonymous access value might not be finalized until its enclosing library unit goes out of scope, or not be finalized at all [enabled by default]
lexer-source-file.adb:26:09: warning: use named access type instead [enabled by default]
lexer-source-file.adb:26:09: warning: use of an anonymous access type allocator [-gnatw_a]
lexer-source-file.adb:33:23: warning: accessibility check fails [enabled by default]
lexer-source-file.adb:33:23: warning: Program_Error will be raised at run time [enabled by default]
   [ada]          text-sets.ads
   [ada]          lexer.ads
   [ada]          yaml-dom-loading.adb
   [ada]          yaml-parser.adb
   [ada]          yaml-dom-node.adb
   [ada]          yaml-dom-dumping.adb
   [ada]          yaml-text_set.adb
   [ada]          yaml-transformator-canonical.adb
   [ada]          yaml-lexer.adb
yaml-lexer.adb:7:04: warning: use clause for private type "Reference" defined at text.ads:56 has no effect [-gnatwu]
   [ada]          yaml-presenter.adb
yaml-dom-loading.adb:197:23: warning: object designated by anonymous access value might not be finalized until its enclosing library unit goes out of scope, or not be finalized at all [enabled by default]
yaml-dom-loading.adb:197:23: warning: use named access type instead [enabled by default]
yaml-dom-loading.adb:239:30: warning: object designated by anonymous access value might not be finalized until its enclosing library unit goes out of scope, or not be finalized at all [enabled by default]
yaml-dom-loading.adb:239:30: warning: use named access type instead [enabled by default]
yaml-dom-loading.adb:265:04: warning: in instantiation at line 197 [-gnatw_a]
yaml-dom-loading.adb:265:04: warning: use of an anonymous access type allocator [-gnatw_a]
yaml-dom-loading.adb:265:04: warning: in instantiation at line 239 [-gnatw_a]
yaml-dom-loading.adb:265:04: warning: use of an anonymous access type allocator [-gnatw_a]
   [ada]          yaml-events.adb
yaml-parser.adb:13:50: warning: object designated by anonymous access value might not be finalized until its enclosing library unit goes out of scope, or not be finalized at all [enabled by default]
yaml-parser.adb:13:50: warning: use named access type instead [enabled by default]
yaml-parser.adb:13:50: warning: use of an anonymous access type allocator [-gnatw_a]
yaml-parser.ads:85:04: warning: in instantiation at yaml-text_set.adb:79 [enabled by default]
yaml-parser.ads:85:04: warning: accessibility check fails [enabled by default]
yaml-parser.ads:85:04: warning: Program_Error will be raised at run time [enabled by default]
   [ada]          yaml-dom.adb
   [ada]          yaml-events-queue.adb
   [ada]          yaml-dom-node_memory.adb
yaml-events-queue.adb:83:50: warning: object designated by anonymous access value might not be finalized until its enclosing library unit goes out of scope, or not be finalized at all [enabled by default]
yaml-events-queue.adb:83:50: warning: use named access type instead [enabled by default]
yaml-events-queue.adb:83:50: warning: use of an anonymous access type allocator [-gnatw_a]
yaml-events-queue.adb:100:09: warning: object designated by anonymous access value might not be finalized until its enclosing library unit goes out of scope, or not be finalized at all [enabled by default]
yaml-events-queue.adb:100:09: warning: use named access type instead [enabled by default]
yaml-events-queue.adb:100:09: warning: use of an anonymous access type allocator [-gnatw_a]
   [ada]          yaml-stacks.adb
yaml-dom-node_memory.adb:9:32: error: access-to-constant operand type not allowed
yaml-dom-node_memory.adb:12:31: error: access-to-constant operand type not allowed
yaml-dom-node_memory.adb:20:28: error: access-to-constant operand type not allowed
yaml-dom.adb:11:04: warning: use clause for private type "Reference" defined at text.ads:56 has no effect [-gnatwu]
yaml-dom.adb:12:04: warning: use clause for type "Count_Type" defined at yaml-dom.ads:20 has no effect [-gnatwu]
yaml-dom.adb:125:18: warning: object designated by anonymous access value might not be finalized until its enclosing library unit goes out of scope, or not be finalized at all [enabled by default]
yaml-dom.adb:125:18: warning: use named access type instead [enabled by default]
yaml-dom.adb:125:18: warning: use of an anonymous access type allocator [-gnatw_a]
yaml-dom.ads:124:10: warning: object designated by anonymous access value might not be finalized until its enclosing library unit goes out of scope, or not be finalized at all [enabled by default]
yaml-dom.ads:124:10: warning: use named access type instead [enabled by default]
yaml-dom.ads:124:10: warning: use of an anonymous access type allocator [-gnatw_a]
yaml-presenter.adb:89:45: warning: formal parameter "In_Flow" is not referenced [-gnatwf]
yaml-presenter.adb:503:10: warning: use clause for type "Scalar_Style_Type" defined at yaml.ads:54 has no effect [-gnatwu]

   compilation of yaml-dom-node_memory.adb failed

gprbuild: *** compilation phase failed
stderr: Command ["gprbuild", "-s", "-j0", "-p", "-P", "/home/runner/work/alire-crates-ci/alire-crates-ci/test/aaa3af1c-1b18-4570-baf4-2af336e92364/adayaml_0.3.0_ab19e387/yaml.gpr", "-cargs:Ada", "-gnatwn"] exited with code 4
ERROR: Command ["gprbuild", "-s", "-j0", "-p", "-P", "/home/runner/work/alire-crates-ci/alire-crates-ci/test/aaa3af1c-1b18-4570-baf4-2af336e92364/adayaml_0.3.0_ab19e387/yaml.gpr", "-cargs:Ada", "-gnatwn"] exited with code 4
stderr: ALIRE.CHECKED_ERROR
stderr: Command ["gprbuild", "-s", "-j0", "-p", "-P", "/home/runner/work/alire-crates-ci/alire-crates-ci/test/aaa3af1c-1b18-4570-baf4-2af336e92364/adayaml_0.3.0_ab19e387/yaml.gpr", "-cargs:Ada", "-gnatwn"] exited with code 4
stderr: raised ALIRE.CHECKED_ERROR : alire-stored-error:1
[/home/runner/work/alire-crates-ci/alire-crates-ci/alire_install/bin/alr]
0xe75bc6 Alire.Raise_Checked_Error at alire.adb:284
0xac1a54 Alire.Os_Lib.Subprocess.Checked_Spawn at alire-os_lib-subprocess.adb:111
0xd40276 Alire.Spawn.Command at alire-spawn.adb:22
0xd412ee Alire.Spawn.Gprbuild at alire-spawn.adb:68
0xc748cb Alire.Roots.Build at alire-roots.adb:189
0xc7301a Alire.Roots.Build at alire-roots.adb:255
0xc9832b Alire.Roots.Traverse at alire-roots.adb:2143
0xcfee85 Alire.Solutions.Traverse.Visit at alire-solutions.adb:1472
0xcfdfcc Alire.Solutions.Traverse at alire-solutions.adb:1555
0xc9841e Alire.Roots.Traverse at alire-roots.adb:2147
0xc984dd Alire.Roots.Traverse at alire-roots.adb:2127
0xc7359b Alire.Roots.Build at alire-roots.adb:286
0xc736d7 Alire.Roots.Build at alire-roots.adb:114
0x49aa0d Alr.Commands.Build.Execute at alr-commands-build.adb:145
0x49a36d Alr.Commands.Build.Execute at alr-commands-build.adb:113
0x49a51f Alr.Commands.Build.Execute at alr-commands-build.adb:54
0x53bbcc Alr.Commands.Sub_Cmd.Execute at clic-subcommand-instance.adb:749
0x5472be Alr.Commands.Execute at alr-commands.adb:632
0x43d48a Alr.Main at alr-main.adb:13
0x4403a3 Main at b__alr-main.adb:2445
[/lib/x86_64-linux-gnu/libc.so.6]
0x7f2a7962a1c8
0x7f2a7962a289
[/home/runner/work/alire-crates-ci/alire-crates-ci/alire_install/bin/alr]
0x43d323 _start at ???
0xfffffffffffffffe

stderr: ALIRE.ROOTS.BUILD._WRAPPED_STATEMENTS.BUILD_FAILED
stderr: alire-roots.adb:202
stderr: raised ALIRE.ROOTS.BUILD._WRAPPED_STATEMENTS.BUILD_FAILED : alire-roots.adb:202
[/home/runner/work/alire-crates-ci/alire-crates-ci/alire_install/bin/alr]
0xc74cc7 Alire.Roots.Build at alire-roots.adb:202
0xc7301a Alire.Roots.Build at alire-roots.adb:255
0xc9832b Alire.Roots.Traverse at alire-roots.adb:2143
0xcfee85 Alire.Solutions.Traverse.Visit at alire-solutions.adb:1472
0xcfdfcc Alire.Solutions.Traverse at alire-solutions.adb:1555
0xc9841e Alire.Roots.Traverse at alire-roots.adb:2147
0xc984dd Alire.Roots.Traverse at alire-roots.adb:2127
0xc7359b Alire.Roots.Build at alire-roots.adb:286
0xc736d7 Alire.Roots.Build at alire-roots.adb:114
0x49aa0d Alr.Commands.Build.Execute at alr-commands-build.adb:145
0x49a36d Alr.Commands.Build.Execute at alr-commands-build.adb:113
0x49a51f Alr.Commands.Build.Execute at alr-commands-build.adb:54
0x53bbcc Alr.Commands.Sub_Cmd.Execute at clic-subcommand-instance.adb:749
0x5472be Alr.Commands.Execute at alr-commands.adb:632
0x43d48a Alr.Main at alr-main.adb:13
0x4403a3 Main at b__alr-main.adb:2445
[/lib/x86_64-linux-gnu/libc.so.6]
0x7f2a7962a1c8
0x7f2a7962a289
[/home/runner/work/alire-crates-ci/alire-crates-ci/alire_install/bin/alr]
0x43d323 _start at ???
0xfffffffffffffffe

ERROR: Compilation failed.
