Test ran at 2025-10-10 12:47:04.973807+00:00

SOLUTION:
gnat_native=15.2.1: The GNAT Ada compiler - Native
Provides: gnat=15.2.1
Origin: (case OS is Linux => (case Host_Arch is Aarch64 => binary archive gnat-aarch64-linux-15.2.0-1.tar.gz at https://github.com/alire-project/GNAT-FSF-builds/releases/download/gnat-15.2.0-1/gnat-aarch64-linux-15.2.0-1.tar.gz, X86_64 => binary archive gnat-x86_64-linux-15.2.0-1.tar.gz at https://github.com/alire-project/GNAT-FSF-builds/releases/download/gnat-15.2.0-1/gnat-x86_64-linux-15.2.0-1.tar.gz), Macos => (case Host_Arch is X86_64 => binary archive gnat-x86_64-darwin-15.2.0-1.tar.gz at https://github.com/alire-project/GNAT-FSF-builds/releases/download/gnat-15.2.0-1/gnat-x86_64-darwin-15.2.0-1.tar.gz), Windows => (case Host_Arch is X86_64 => binary archive gnat-x86_64-windows64-15.2.0-1.tar.gz at https://github.com/alire-project/GNAT-FSF-builds/releases/download/gnat-15.2.0-1/gnat-x86_64-windows64-15.2.0-1.tar.gz)) with hash sha256:346e2e00273fecc03bfa333f8e01131d05c8a87e57d4def2c61ae3018744785b
Properties:
   Auto_Gpr_With: auto-gpr-with=false
   Configuration: no modifiers
   Description: The GNAT Ada compiler - Native
   case OS is
      when Linux => (Environment: LD_LIBRARY_PATH=${CRATE_ROOT}/lib64:${LD_LIBRARY_PATH} and Environment: LD_RUN_PATH=${CRATE_ROOT}/lib64:${LD_RUN_PATH} and Environment: LIBRARY_PATH=${CRATE_ROOT}/lib64:${LIBRARY_PATH} and Environment: PATH=${CRATE_ROOT}/bin:${PATH})
      when Macos => (Environment: LD_LIBRARY_PATH=${CRATE_ROOT}/lib:${LD_LIBRARY_PATH} and Environment: LD_RUN_PATH=${CRATE_ROOT}/lib:${LD_RUN_PATH} and Environment: LIBRARY_PATH=${CRATE_ROOT}/lib:${LIBRARY_PATH} and Environment: PATH=${CRATE_ROOT}/bin:${PATH})
      when Windows => (case Host_Arch is X86_64 => (Environment: LD_LIBRARY_PATH=${CRATE_ROOT}/lib:${LD_LIBRARY_PATH} and Environment: LD_RUN_PATH=${CRATE_ROOT}/lib:${LD_RUN_PATH} and Environment: LIBRARY_PATH=${CRATE_ROOT}/lib:${LIBRARY_PATH} and Environment: PATH=${CRATE_ROOT}/bin:${PATH}))
   License: GPL-3.0-or-later AND GPL-3.0-or-later WITH GCC-exception-3.1
   Maintainer: Fabien Chouteau <chouteau@adacore.com>
   Maintainer: César Sagaert <sagaert@adacore.com>
   Maintainers_Logins: Fabien-Chouteau
   Maintainers_Logins: AldanTanneo
   Name: gnat_native
   Version: 15.2.1
   Website: https://github.com/alire-project/GNAT-FSF-builds


LOG:
[alr test] Testing gnat_native=15.2.1
[alr test] Spawning retrieval for remote crate: alr -d -n get gnat_native=15.2.1
Note: Deploying gnat_native=15.2.1...

#=#=#                                                                          
####                                                                       6.7%
#############                                                             19.1%
#####################                                                     29.5%
##############################                                            41.7%
######################################                                    53.8%
##########################################                                59.5%
##################################################                        70.6%
########################################################                  78.4%
###############################################################           88.9%
######################################################################## 100.0%

gnat_native=15.2.1 successfully retrieved.
There are no dependencies.
[alr test] Test completed SUCCESSFULLY
