Test ran at 2026-06-21 13:15:29.234328+00:00

SOLUTION:
gprbuild=26.0.1: The GPRBuild Ada/multilanguage build tool
Origin: (case OS is Linux => (case Host_Arch is Aarch64 => binary archive gprbuild-aarch64-linux-26.0.0-1.tar.gz at https://github.com/alire-project/GNAT-FSF-builds/releases/download/gprbuild-26.0.0-1/gprbuild-aarch64-linux-26.0.0-1.tar.gz, X86_64 => binary archive gprbuild-x86_64-linux-26.0.0-1.tar.gz at https://github.com/alire-project/GNAT-FSF-builds/releases/download/gprbuild-26.0.0-1/gprbuild-x86_64-linux-26.0.0-1.tar.gz), Macos => (case Host_Arch is Aarch64 => binary archive gprbuild-aarch64-darwin-26.0.0-1.tar.gz at https://github.com/alire-project/GNAT-FSF-builds/releases/download/gprbuild-26.0.0-1/gprbuild-aarch64-darwin-26.0.0-1.tar.gz, X86_64 => binary archive gprbuild-x86_64-darwin-26.0.0-1.tar.gz at https://github.com/alire-project/GNAT-FSF-builds/releases/download/gprbuild-26.0.0-1/gprbuild-x86_64-darwin-26.0.0-1.tar.gz), Windows => (case Host_Arch is X86_64 => binary archive gprbuild-x86_64-windows64-26.0.0-1.tar.gz at https://github.com/alire-project/GNAT-FSF-builds/releases/download/gprbuild-26.0.0-1/gprbuild-x86_64-windows64-26.0.0-1.tar.gz)) with hash sha256:68a6817f712810ff154653b0bf95d8cef5d23117f90fb8d89b3d22d0de560826
Properties:
   Auto_Gpr_With: auto-gpr-with=false
   Configuration: no modifiers
   Description: The GPRBuild Ada/multilanguage build tool
   Environment: PATH=${CRATE_ROOT}/bin:${PATH}
   License: GPL-3.0-only WITH GCC-exception-3.1
   Long_Description: GPRbuild is a generic build tool designed for the construction of large multi-language systems organized into subsystems and libraries.
It is well-suited for compiled languages supporting separate compilation, such as Ada, C, C++ and Fortran.

   Maintainer: Fabien Chouteau <chouteau@adacore.com>
   Maintainer: César Sagaert <sagaert@adacore.com>
   Maintainers_Logins: Fabien-Chouteau
   Maintainers_Logins: AldanTanneo
   Name: gprbuild
   Tag: gpr
   Tag: gprbuild
   Tag: tool
   Tag: tools
   Tag: project
   Version: 26.0.1
   Website: https://docs.adacore.com/gprbuild-docs/html/gprbuild_ug.html


LOG:
[alr test] Testing gprbuild=26.0.1
[alr test] Spawning retrieval for remote crate: alr -d -n get gprbuild=26.0.1
Note: Deploying gprbuild=26.0.1...

#=#=#                                                                          
##O#-#                                                                         
##                                                                         3.8%
######                                                                     9.6%
##########                                                                14.1%
#############                                                             18.6%
##############                                                            20.8%
###################                                                       26.4%
####################                                                      28.6%
#########################                                                 34.9%
############################                                              40.2%
##################################                                        47.6%
#####################################                                     51.9%
########################################                                  56.2%
#########################################                                 57.9%
###############################################                           65.8%
###################################################                       71.2%
######################################################                    76.1%
##########################################################                80.6%
#############################################################             85.1%
#############################################################             85.7%
#############################################################             85.8%
##############################################################            86.4%
###############################################################           88.9%
##################################################################        92.8%
####################################################################      95.2%
######################################################################## 100.0%

gprbuild=26.0.1 successfully retrieved.
There are no dependencies.
[alr test] Test completed SUCCESSFULLY
