Test ran at 2026-08-19 13:01:13.641835+00:00

SOLUTION:
markdown=26.0.0: Markdown parser
Origin: source archive v26.0.0.zip at https://github.com/AdaCore/markdown/archive/refs/tags/v26.0.0.zip with hash sha512:87a903dc35f02dc643b92afa4875642e922a1b1725e94c235b900f1e6999e56fd9632d1e5d7fb04158da348cbf286bd80ff8dcbc94e216a8cd418cb84d233403
Properties:
   Author: AdaCore
   Build Switches: 
   Configuration: no modifiers
   Description: Markdown parser
   GPR Scenario: MARKDOWN_BUILD_MODE := dev | prod | coverage
   GPR Scenario: MARKDOWN_LIBRARY_TYPE := relocatable | static | static-pic
   GPR External: MARKDOWN_BUILD_MODE := prod
   License: Apache-2.0
   Maintainer: Max Reznik <reznik@adacore.com>
   Maintainer: chouteau@adacore.com
   Maintainer: sagaert@adacore.com
   Maintainers_Logins: reznikmm
   Maintainers_Logins: Fabien-Chouteau
   Maintainers_Logins: AldanTanneo
   Name: markdown
   Project_File: gnat/markdown.gpr
   Tag: markdown
   Tag: gfm
   Tag: commonmark
   Version: 26.0.0
   Website: https://github.com/AdaCore/markdown
Dependencies (direct):
   vss_extra^26.0.0
   vss_text^26.0.0
Dependencies (solution):
   vss_extra=26.2.0
   vss_text=26.2.0
Dependencies (graph):
   markdown=26.0.0  --> vss_extra=26.2.0 (^26.0.0)
   markdown=26.0.0  --> vss_text=26.2.0 (^26.0.0)
   vss_extra=26.2.0 --> vss_text=26.2.0 (^26.2.0)


LOG:
[alr test] Testing markdown=26.0.0
[alr test] Spawning retrieval for remote crate: alr -d -n get markdown=26.0.0
Note: Deploying markdown=26.0.0...

#=#=#                                                                          
Note: Deploying vss_extra=26.2.0...

markdown=26.0.0 successfully retrieved.
Dependencies were solved as follows:

   + vss_extra 26.2.0 (new)
   + vss_text  26.2.0 (new)
[alr test] Spawning default test for remote crate: alr -d -n build --release -- -cargs:Ada -gnatwn
Note: Building markdown=26.0.0/gnat/markdown.gpr...
Setup
   [mkdir]        object directory for project VSS_RegExp
   [mkdir]        library directory for project VSS_RegExp
   [mkdir]        object directory for project Markdown
   [mkdir]        library directory for project Markdown
Compile
   [Ada]          vss-xml-templates-proxies-strings.adb
   [Ada]          vss-xml-templates-proxies-booleans.adb
   [Ada]          vss-xml-templates-processors.adb
   [Ada]          vss-xml-implementation-template_programs.ads
   [Ada]          vss-xml-implementation-template_programs-debug.adb
   [Ada]          vss-xml-implementation-template_parsers.adb
   [Ada]          vss-xml-implementation-template_namespaces.adb
   [Ada]          vss-xml-implementation-template_evaluators.adb
   [Ada]          vss-xml-templates.ads
   [Ada]          vss-xml-templates-values.ads
   [Ada]          vss-xml-templates-proxies.ads
   [Ada]          vss-xml-writers-simple.adb
   [Ada]          vss-xml-namespace_maps.adb
   [Ada]          vss-xml-implementation.ads
   [Ada]          vss-xml-implementation-parse_errors.adb
   [Ada]          vss-xml-implementation-error_handlers.adb
   [Ada]          vss-xml-attributes-containers.adb
   [Ada]          vss-iris.adb
   [Ada]          vss-iris-hash.adb
   [Ada]          vss-xml.ads
   [Ada]          vss-xml-writers.ads
   [Ada]          vss-xml-readers.ads
   [Ada]          vss-xml-parse_errors.ads
   [Ada]          vss-xml-namespaces.ads
   [Ada]          vss-xml-locators.ads
   [Ada]          vss-xml-lexical_handlers.ads
   [Ada]          vss-xml-event_vectors.ads
   [Ada]          vss-xml-events.ads
   [Ada]          vss-xml-error_handlers.ads
   [Ada]          vss-xml-content_handlers.ads
   [Ada]          vss-xml-attributes.ads
   [Ada]          vss-xml-implementation-html_writer_data.adb
   [Ada]          vss-html-writers.adb
   [Ada]          vss-html.ads
   [Ada]          vss-implementation-windows.ads
   [Ada]          vss-implementation-windows-userenv.ads
   [Ada]          vss-implementation-windows-user32.ads
   [Ada]          vss-implementation-windows-string_utilities.adb
   [Ada]          vss-implementation-windows-shell32.ads
   [Ada]          vss-implementation-windows-kernel32.ads
   [Ada]          vss-implementation-windows-advapi32.ads
   [Ada]          vss-text_streams-standards.adb
   [Ada]          vss-text_streams-file_output.adb
   [Ada]          vss-text_streams-file_input.adb
   [Ada]          vss-environments.adb
   [Ada]          vss-command_line.adb
   [Ada]          vss-command_line-parsers.adb
   [Ada]          vss-application.adb
   [Ada]          vss-implementation-environment_utilities__windows.adb
   [Ada]          vss-standard_paths__windows.adb
   [Ada]          vss-json.adb
   [Ada]          vss-json-streams-cursors.adb
   [Ada]          vss-json-push_writers.adb
   [Ada]          vss-json-push_readers-simple.adb
   [Ada]          vss-json-pull_readers.adb
   [Ada]          vss-json-pull_readers-simple.adb
   [Ada]          vss-json-pull_readers-json5.adb
   [Ada]          vss-json-pull_readers-buffered.adb
   [Ada]          vss-json-implementation.ads
   [Ada]          vss-json-implementation-parsers.adb
   [Ada]          vss-json-implementation-parsers-json5.adb
   [Ada]          vss-json-implementation-parsers-json.adb
   [Ada]          vss-json-content_handlers.adb
   [Ada]          vss-json-streams.ads
   [Ada]          vss-json-push_readers.ads
   [Ada]          vss-regular_expressions.adb
   [Ada]          vss-regular_expressions-utilities.adb
   [Ada]          vss-regular_expressions-pike_engines.adb
   [Ada]          vss-regular_expressions-name_sets.adb
   [Ada]          vss-regular_expressions-matches.adb
   [Ada]          vss-regular_expressions-engines.adb
   [Ada]          vss-regular_expressions-ecma_parser.adb
   [Ada]          vss-regular_expressions-category_maps.adb
   [Ada]          markdown-simple_inline_parsers.adb
   [Ada]          markdown-parsers.adb
   [Ada]          markdown-parsers-gnatdoc_enable.adb
   [Ada]          markdown-parsers-enable_gfm.adb
   [Ada]          markdown-list_items.adb
   [Ada]          markdown-list_items-internals.adb
   [Ada]          markdown-inlines-parsers.adb
   [Ada]          markdown-implementation.adb
   [Ada]          markdown-implementation-thematic_breaks.adb
   [Ada]          markdown-implementation-quotes.adb
   [Ada]          markdown-implementation-paragraphs.adb
   [Ada]          markdown-implementation-paragraphs-tables.adb
   [Ada]          markdown-implementation-list_items.adb
   [Ada]          markdown-implementation-lists.adb
   [Ada]          markdown-implementation-indented_code_blocks.adb
   [Ada]          markdown-implementation-indented_code_blocks-gnatdoc.adb
   [Ada]          markdown-implementation-html_blocks.adb
   [Ada]          markdown-implementation-html.ads
   [Ada]          markdown-implementation-fenced_code_blocks.adb
   [Ada]          markdown-implementation-documents.adb
   [Ada]          markdown-implementation-code_spans.adb
   [Ada]          markdown-implementation-auto_links.adb
   [Ada]          markdown-implementation-atx_headings.adb
   [Ada]          markdown-emphasis_delimiters.adb
   [Ada]          markdown-documents.adb
   [Ada]          markdown-documents-internals.adb
   [Ada]          markdown-block_containers.adb
   [Ada]          markdown-blocks.adb
   [Ada]          markdown-blocks-thematic_breaks.adb
   [Ada]          markdown-blocks-tables.adb
   [Ada]          markdown-blocks-quotes.adb
   [Ada]          markdown-blocks-paragraphs.adb
   [Ada]          markdown-blocks-lists.adb
   [Ada]          markdown-blocks-internals.adb
   [Ada]          markdown-blocks-indented_code.adb
   [Ada]          markdown-blocks-html.adb
   [Ada]          markdown-blocks-fenced_code.adb
   [Ada]          markdown-blocks-atx_headings.adb
   [Ada]          markdown-attribute_lists.adb
   [Ada]          markdown.ads
   [Ada]          markdown-inlines.ads
Build Libraries
   [gprlib]       vss-regexp.lexch
   [gprlib]       vss-json.lexch
   [gprlib]       vss-os.lexch
   [gprlib]       vss-xml.lexch
   [archive]      libvss-regexp.a
   [gprlib]       vss-xml-templates.lexch
   [archive]      libvss-json.a
   [archive]      libvss-os.a
   [archive]      libvss-xml.a
   [index]        libvss-json.a
   [index]        libvss-regexp.a
   [index]        libvss-os.a
   [index]        libvss-xml.a
   [gprlib]       markdown.lexch
   [archive]      libvss-xml-templates.a
   [index]        libvss-xml-templates.a
   [archive]      libmarkdown.a
   [index]        libmarkdown.a
Success: Build finished successfully in 59.23 seconds.
Found declared GPR file: gnat/markdown.gpr
[alr test] Test completed SUCCESSFULLY
