Test ran at 2026-08-26 12:50:55.388224+00:00

SOLUTION:
a0b_stm32f401=0.3.0: STM32F401 base and SVD package
Origin: commit fb9d60a5c1300b84f913dc3722fa39aea4d59150 from https://github.com/godunko/a0b-stm32f401.git
Properties:
   Test run: alr build (from ${CRATE_ROOT}/selftest)
   Author: Vadim Godunko
   Configuration: no modifiers
   Description: STM32F401 base and SVD package
   Environment: A0B_TOOLS_BINDING_STARTUP=${CRATE_ROOT}/binding/startup/stm32f401.json
   Environment: A0B_TOOLS_SVD=${CRATE_ROOT}/svd/STM32F401.svd
   License: Apache-2.0 WITH LLVM-exception
   Maintainer: Vadim Godunko <vgodunko@gmail.com>
   Maintainers_Logins: godunko
   Name: a0b_stm32f401
   Project_File: gnat/a0b_stm32f401.gpr
   Tag: a0b
   Tag: embedded
   Tag: svd
   Tag: stm32
   Tag: stm32f4
   Tag: stm32f401
   Version: 0.3.0
   Website: https://github.com/godunko/a0b-stm32f401
Dependencies (direct):
   a0b_armv7m*
Dependencies (solution):
   a0b_armv7m=0.4.0
   a0b_base=0.5.0
   gnat_arm_elf=16.1.0
Dependencies (graph):
   a0b_armv7m=0.4.0    --> a0b_base=0.5.0 (*)
   a0b_armv7m=0.4.0    --> gnat_arm_elf=16.1.0 (*)
   a0b_stm32f401=0.3.0 --> a0b_armv7m=0.4.0 (*)


LOG:
Note: Synchronizing workspace...
Dependencies automatically updated as follows:

   +  a0b_armv7m    0.4.0  (new,indirect)
   +  a0b_base      0.5.0  (new,indirect)
   +. a0b_stm32f401 0.3.0  (new,path=..)
   +b gnat_arm_elf  16.1.0 (new,indirect,binary)

Note: Building a0b_stm32f401_selftest=0.1.0-dev/a0b_stm32f401_selftest.gpr...
"C:\Users\runneradmin\AppData\Local\alire\cache\builds\a0b_base_0.5.0_882bbc92\059d3f005d8ab334f0852e8847b55bdbf2730f0f0c96dc01e2fd0dc687f84117\.objs\arm-eabi\none" created
"C:\Users\runneradmin\AppData\Local\alire\cache\builds\a0b_base_0.5.0_882bbc92\059d3f005d8ab334f0852e8847b55bdbf2730f0f0c96dc01e2fd0dc687f84117\.libs\arm-eabi\none" created
"C:\Users\runneradmin\AppData\Local\alire\cache\builds\a0b_armv7m_0.4.0_bb8b0af2\874ac9dfc9c2fb940f991daf79951009f5521073123c5a9eb1895fbf99874d03\.objs\arm-eabi\none" created
"C:\Users\runneradmin\AppData\Local\alire\cache\builds\a0b_armv7m_0.4.0_bb8b0af2\874ac9dfc9c2fb940f991daf79951009f5521073123c5a9eb1895fbf99874d03\.libs\arm-eabi\none" created
"..\.objs\arm-eabi\none" created
"..\.libs\arm-eabi\none" created
a0b_stm32f401_selftest.gpr: warning: there are no sources of language "Ada" in this project
[Ada Compile]     a0b-armv7m-cache_utilities.adb
[Ada Compile]     a0b-armv7m-instructions.adb
[Ada Compile]     a0b-armv7m-nvic_utilities.adb
[Ada Compile]     a0b-armv7m-parameters.ads
[Ada Compile]     a0b-armv7m-profiling_utilities.adb
[Ada Compile]     a0b-armv7m-scs-cache.ads
[Ada Compile]     a0b-armv7m-scs-dwt.ads
[Ada Compile]     a0b-armv7m-scs-fp.ads
[Ada Compile]     a0b-armv7m-scs-mpu.ads
[Ada Compile]     a0b-armv7m-scs-nvic.ads
[Ada Compile]     a0b-armv7m-scs-scb.ads
[Ada Compile]     a0b-armv7m-scs-systick.ads
[Ada Compile]     a0b-armv7m-scs.ads
[Ada Compile]     a0b-armv7m-startup_utilities-copy_data_section.adb
[Ada Compile]     a0b-armv7m-startup_utilities-copy_dtcm_data_section.adb
[Ada Compile]     a0b-armv7m-startup_utilities-copy_itcm_text_section.adb
[Ada Compile]     a0b-armv7m-startup_utilities-enable_fpu.adb
[Ada Compile]     a0b-armv7m-startup_utilities-fill_bss_section.adb
[Ada Compile]     a0b-armv7m-startup_utilities-fill_dtcm_bss_section.adb
[Ada Compile]     a0b-armv7m-startup_utilities-memory_initialization.adb
[Ada Compile]     a0b-armv7m-startup_utilities.ads
[Ada Compile]     a0b-armv7m.ads
[Ada Compile]     a0b-peripherals.ads
[Ada Compile]     a0b-types-arrays.ads
[Ada Compile]     a0b-types-big_endian.adb
[Ada Compile]     a0b-types-enumerable.ads
[Archive]         liba0b_armv7m.a
[Ada Compile]     a0b-types-gcc_builtins.ads
[Ada Compile]     a0b-types-svd.ads
[Ada Compile]     a0b-types.ads
a0b-types-big_endian.adb:10:04: warning: "Unsigned_64" is already use-visible through previous use_type_clause at a0b-types.ads:297 [-gnatwr]
a0b-types-big_endian.adb:10:04: warning: use clause for type "Unsigned_64" defined at a0b-types.ads:88 has no effect [-gnatwu]
[Ada Compile]     a0b.ads
[Ada Compile]     a0b-stm32f401-startup_utilities.adb
[Ada Compile]     a0b-stm32f401-svd-adc.ads
[Ada Compile]     a0b-stm32f401-svd-crc.ads
a0b-stm32f401-startup_utilities.adb:25:10: warning: variable "Aux_APB1ENR" is assigned but never read [-gnatwm]
a0b-stm32f401-startup_utilities.adb:29:10: warning: possibly useless assignment to "Aux_APB1ENR", value might not be referenced [-gnatwm]
[Ada Compile]     a0b-stm32f401-svd-dbg.ads
[Archive]         liba0b_base.a
[Ada Compile]     a0b-stm32f401-svd-dma.ads
[Ada Compile]     a0b-stm32f401-svd-exti.ads
[Ada Compile]     a0b-stm32f401-svd-flash.ads
[Ada Compile]     a0b-stm32f401-svd-gpio.ads
[Ada Compile]     a0b-stm32f401-svd-i2c.ads
[Ada Compile]     a0b-stm32f401-svd-iwdg.ads
[Ada Compile]     a0b-stm32f401-svd-pwr.ads
[Ada Compile]     a0b-stm32f401-svd-rcc.ads
[Ada Compile]     a0b-stm32f401-svd-rtc.ads
[Ada Compile]     a0b-stm32f401-svd-sdio.ads
[Ada Compile]     a0b-stm32f401-svd-spi.ads
[Ada Compile]     a0b-stm32f401-svd-syscfg.ads
[Ada Compile]     a0b-stm32f401-svd-tim.ads
[Ada Compile]     a0b-stm32f401-svd-usart.ads
[Ada Compile]     a0b-stm32f401-svd-usb_otg_fs.ads
[Ada Compile]     a0b-stm32f401-svd-wwdg.ads
[Ada Compile]     a0b-stm32f401-svd.ads
[Ada Compile]     a0b-stm32f401.ads
[Archive]         liba0b_stm32f401.a
Success: Build finished successfully in 3.56 seconds.
[alr test] Test completed SUCCESSFULLY
