Test ran at 2026-09-08 13:09:49.296193+00:00

SOLUTION:
coap_spark=0.10.0: CoAP implementation formally verified with SPARK/Ada
Origin: commit 31eb05decafd9dc328b8242f8e4bd9364a20fe39 from https://github.com/mgrojo/coap_spark.git
Properties:
   Author: Manuel Gomez
   Build Switches: 
   Config set: wolfssl {STATIC_PSK := true}
   Configuration: no modifiers
   Description: CoAP implementation formally verified with SPARK/Ada
   License: Apache-2.0 OR GPL-2.0-or-later
   Long_Description: CoAP-SPARK is a library implementing the Constrained Application Protocol (CoAP)
as defined in
[RFC 7252](https://www.rfc-editor.org/rfc/rfc7252), developed in the SPARK 
language, the formally verified subset of the Ada programming language.

This version implements client and server sides of the protocol with some limitations:
- It does not support block-wise transfers.
- It does not support retransmission of messages.
- It only supports NoSec and PreSharedKey security modes.

See LICENSING for licensing information.

   Maintainer: Manuel Gomez <mgrojo@gmail.com>
   Maintainers_Logins: mgrojo
   Name: coap_spark
   Tag: spark
   Tag: coap
   Tag: iot
   Tag: protocol
   Version: 0.10.0
   Website: https://github.com/mgrojo/coap_spark
Dependencies (direct):
   gnat_native^14.2
   gnatprove^14.1.1
   wolfssl^5.8.0
Dependencies (solution):
   gnat_native=14.2.1
   gnatprove=14.1.1
   wolfssl=5.9.2
Dependencies (graph):
   coap_spark=0.10.0 --> gnat_native=14.2.1 (^14.2)
   coap_spark=0.10.0 --> gnatprove=14.1.1 (^14.1.1)
   coap_spark=0.10.0 --> wolfssl=5.9.2 (^5.8.0)


LOG:
[alr test] Testing coap_spark=0.10.0
[alr test] Spawning retrieval for remote crate: alr -d -n get coap_spark=0.10.0
Note: Deploying coap_spark=0.10.0...
Note: Deploying gnatprove=14.1.1...

#=#=#                                                                          
                                                                           0.0%
#                                                                          1.5%
#                                                                          1.9%
##                                                                         2.9%
##                                                                         3.7%
###                                                                        4.7%
###                                                                        5.5%
####                                                                       5.6%
####                                                                       6.7%
#####                                                                      7.5%
#####                                                                      8.1%
######                                                                     8.4%
######                                                                     9.0%
######                                                                     9.4%
#######                                                                   10.2%
#######                                                                   11.1%
########                                                                  11.2%
########                                                                  12.4%
#########                                                                 13.1%
##########                                                                14.6%
##########                                                                15.0%
###########                                                               15.7%
############                                                              16.8%
############                                                              17.2%
############                                                              17.6%
#############                                                             18.1%
#############                                                             18.5%
#############                                                             18.7%
##############                                                            20.6%
################                                                          22.4%
################                                                          22.4%
#################                                                         24.3%
##################                                                        25.3%
##################                                                        26.1%
##################                                                        26.1%
###################                                                       27.0%
###################                                                       27.4%
####################                                                      28.0%
####################                                                      28.4%
####################                                                      28.9%
#####################                                                     29.3%
#####################                                                     29.9%
######################                                                    30.8%
######################                                                    31.3%
######################                                                    31.7%
#######################                                                   33.0%
########################                                                  33.6%
########################                                                  34.5%
#########################                                                 35.3%
#########################                                                 35.5%
##########################                                                36.4%
##########################                                                37.3%
##########################                                                37.3%
###########################                                               38.2%
############################                                              39.2%
############################                                              40.1%
#############################                                             41.1%
##############################                                            42.9%
###############################                                           44.0%
################################                                          44.8%
#################################                                         46.5%
#################################                                         46.7%
##################################                                        47.6%
##################################                                        48.3%
##################################                                        48.6%
###################################                                       49.6%
####################################                                      50.3%
####################################                                      50.4%
####################################                                      51.3%
#####################################                                     52.2%
#####################################                                     52.3%
######################################                                    54.2%
########################################                                  55.6%
########################################                                  56.0%
########################################                                  56.9%
#########################################                                 57.7%
#########################################                                 57.9%
##########################################                                58.9%
###########################################                               59.7%
###########################################                               59.7%
############################################                              61.6%
#############################################                             62.9%
#############################################                             63.5%
##############################################                            65.1%
###############################################                           65.3%
###############################################                           65.4%
###############################################                           65.6%
###############################################                           65.9%
################################################                          67.2%
################################################                          67.2%
#################################################                         68.2%
#################################################                         69.1%
##################################################                        69.7%
##################################################                        70.6%
###################################################                       71.0%
###################################################                       72.0%
####################################################                      72.8%
####################################################                      72.9%
####################################################                      73.6%
#####################################################                     74.0%
#####################################################                     74.7%
#####################################################                     74.7%
#######################################################                   76.6%
#######################################################                   77.0%
########################################################                  77.9%
########################################################                  78.4%
#########################################################                 80.3%
##########################################################                81.9%
###########################################################               82.2%
###########################################################               83.2%
############################################################              84.0%
############################################################              84.4%
#############################################################             85.3%
#############################################################             85.9%
###############################################################           87.5%
###############################################################           87.8%
################################################################          89.1%
################################################################          89.6%
#################################################################         90.6%
#################################################################         91.5%
#################################################################         91.6%
##################################################################        92.5%
###################################################################       93.4%
####################################################################      95.1%
####################################################################      95.5%
#####################################################################     96.5%
#####################################################################     97.1%
######################################################################    98.1%
#######################################################################   99.0%
#######################################################################   99.9%
######################################################################## 100.0%
Note: Deploying wolfssl=5.9.2...

coap_spark=0.10.0 successfully retrieved.
Dependencies were solved as follows:

   +b gnat_native 14.2.1 (new,binary)
   +b gnatprove   14.1.1 (new,binary)
   +  wolfssl     5.9.2  (new)
[alr test] Spawning default test for remote crate: alr -d -n build --release -- -cargs:Ada -gnatwn
Note: Building coap_spark=0.10.0/coap_spark.gpr...
"C:\Users\runneradmin\AppData\Local\alire\cache\builds\wolfssl_ac01707f\f8ebd58ac1e4adc85b4a5539b8dd7360ba698cc5d28bf51c441fe22cfc9d976e\wrapper\Ada\obj" created
"C:\Users\runneradmin\AppData\Local\alire\cache\builds\wolfssl_ac01707f\f8ebd58ac1e4adc85b4a5539b8dd7360ba698cc5d28bf51c441fe22cfc9d976e\wrapper\Ada\lib" created
"obj\sparklib" created
"obj\release" created
"lib" created
[Ada Compile]     wolfssl-full_runtime.adb
[Ada Compile]     wolfssl.adb
[C Compile]       ada_binding.c
[C Compile]       aes.c
[C Compile]       arc4.c
[C Compile]       ascon.c
[C Compile]       asm.c
[C Compile]       asn.c
[C Compile]       asn_orig.c
[C Compile]       async.c
[C Compile]       bio.c
[C Compile]       blake2b.c
[C Compile]       blake2s.c
[C Compile]       camellia.c
[C Compile]       chacha.c
[C Compile]       chacha20_poly1305.c
[C Compile]       cmac.c
[C Compile]       coding.c
[C Compile]       compress.c
[C Compile]       conf.c
[C Compile]       cpuid.c
[C Compile]       crl.c
[C Compile]       cryptocb.c
[C Compile]       curve25519.c
[C Compile]       curve448.c
[C Compile]       des3.c
[C Compile]       dh.c
[C Compile]       dsa.c
[C Compile]       dtls.c
[C Compile]       dtls13.c
[C Compile]       ecc.c
[C Compile]       ecc_fp.c
[C Compile]       eccsi.c
[C Compile]       ed25519.c
[C Compile]       ed448.c
[C Compile]       error.c
[C Compile]       evp.c
[C Compile]       evp_pk.c
[C Compile]       falcon.c
[C Compile]       fe_448.c
[C Compile]       fe_low_mem.c
[C Compile]       fe_operations.c
[C Compile]       ge_448.c
[C Compile]       ge_low_mem.c
[C Compile]       ge_operations.c
[C Compile]       hash.c
[C Compile]       hmac.c
[C Compile]       hpke.c
[C Compile]       integer.c
[C Compile]       internal.c
[C Compile]       kdf.c
[C Compile]       keys.c
[C Compile]       logging.c
[C Compile]       md2.c
[C Compile]       md4.c
[C Compile]       md5.c
[C Compile]       memory.c
[C Compile]       misc.c
[C Compile]       ocsp.c
[C Compile]       pk.c
[C Compile]       pk_ec.c
[C Compile]       pk_rsa.c
[C Compile]       pkcs12.c
[C Compile]       pkcs7.c
[C Compile]       poly1305.c
[C Compile]       puf.c
[C Compile]       pwdbased.c
[C Compile]       quic.c
[C Compile]       random.c
[C Compile]       rc2.c
[C Compile]       ripemd.c
[C Compile]       rng_bank.c
[C Compile]       rsa.c
[C Compile]       sakke.c
[C Compile]       sha.c
[C Compile]       sha256.c
[C Compile]       sha3.c
[C Compile]       sha512.c
[C Compile]       signature.c
[C Compile]       siphash.c
[C Compile]       sm2.c
[C Compile]       sm3.c
[C Compile]       sm4.c
[C Compile]       sniffer.c
[C Compile]       sp_arm32.c
[C Compile]       sp_arm64.c
[C Compile]       sp_armthumb.c
[C Compile]       sp_c32.c
[C Compile]       sp_c64.c
[C Compile]       sp_cortexm.c
[C Compile]       sp_dsp32.c
[C Compile]       sp_int.c
[C Compile]       sp_sm2_arm32.c
[C Compile]       sp_sm2_arm64.c
[C Compile]       sp_sm2_armthumb.c
[C Compile]       sp_sm2_c32.c
[C Compile]       sp_sm2_c64.c
[C Compile]       sp_sm2_cortexm.c
[C Compile]       sp_sm2_x86_64.c
[C Compile]       sp_x86_64.c
[C Compile]       srp.c
[C Compile]       ssl.c
[C Compile]       ssl_api_cert.c
[C Compile]       ssl_api_crl_ocsp.c
[C Compile]       ssl_api_dtls.c
[C Compile]       ssl_api_ext.c
[C Compile]       ssl_api_pk.c
[C Compile]       ssl_asn1.c
[C Compile]       ssl_bn.c
[C Compile]       ssl_certman.c
[C Compile]       ssl_crypto.c
[C Compile]       ssl_ech.c
[C Compile]       ssl_load.c
[C Compile]       ssl_misc.c
[C Compile]       ssl_p7p12.c
[C Compile]       ssl_sess.c
[C Compile]       ssl_sk.c
[C Compile]       tfm.c
[C Compile]       tls.c
[C Compile]       tls13.c
[C Compile]       wc_dsp.c
[C Compile]       wc_encrypt.c
[C Compile]       wc_lms.c
[C Compile]       wc_lms_impl.c
[C Compile]       wc_mldsa.c
[C Compile]       wc_mlkem.c
[C Compile]       wc_mlkem_poly.c
[C Compile]       wc_pkcs11.c
[C Compile]       wc_port.c
[C Compile]       wc_she.c
[C Compile]       wc_slhdsa.c
[C Compile]       wc_xmss.c
[C Compile]       wc_xmss_impl.c
[C Compile]       wolfentropy.c
[C Compile]       wolfevent.c
[C Compile]       wolfio.c
[C Compile]       wolfmath.c
[C Compile]       x509.c
[C Compile]       x509_str.c
[Ada Compile]     coap_spark-channel.adb
coap_spark-channel.ads:4:14: error: file "spark_sockets.ads" not found
coap_spark-channel.ads:4:14: error: "Coap_Spark.Channel (body)" depends on "Coap_Spark.Channel (spec)"
coap_spark-channel.ads:4:14: error: "Coap_Spark.Channel (spec)" depends on "Spark_Sockets (spec)"
rflx-rflx_builtin_types.ads:11:48: (style) incorrect line terminator [-gnatyd]
rflx-rflx_builtin_types.ads:12:81: (style) incorrect line terminator [-gnatyd]
rflx-rflx_builtin_types.ads:13:01: (style) incorrect line terminator [-gnatyd]
rflx-rflx_builtin_types.ads:14:37: (style) incorrect line terminator [-gnatyd]
rflx-rflx_builtin_types.ads:15:14: (style) incorrect line terminator [-gnatyd]
rflx-rflx_builtin_types.ads:16:20: (style) incorrect line terminator [-gnatyd]
rflx-rflx_builtin_types.ads:17:03: (style) incorrect line terminator [-gnatyd]
rflx-rflx_builtin_types.ads:18:01: (style) incorrect line terminator [-gnatyd]
rflx-rflx_builtin_types.ads:19:31: (style) incorrect line terminator [-gnatyd]
rflx-rflx_builtin_types.ads:20:01: (style) incorrect line terminator [-gnatyd]
rflx-rflx_builtin_types.ads:21:52: (style) incorrect line terminator [-gnatyd]
rflx-rflx_builtin_types.ads:22:01: (style) incorrect line terminator [-gnatyd]
rflx-rflx_builtin_types.ads:23:26: (style) incorrect line terminator [-gnatyd]
rflx-rflx_builtin_types.ads:24:01: (style) incorrect line terminator [-gnatyd]
rflx-rflx_builtin_types.ads:25:49: (style) incorrect line terminator [-gnatyd]
rflx-rflx_builtin_types.ads:26:01: (style) incorrect line terminator [-gnatyd]
rflx-rflx_builtin_types.ads:27:35: (style) incorrect line terminator [-gnatyd]
rflx-rflx_builtin_types.ads:28:01: (style) incorrect line terminator [-gnatyd]
rflx-rflx_builtin_types.ads:29:50: (style) incorrect line terminator [-gnatyd]
rflx-rflx_builtin_types.ads:30:01: (style) incorrect line terminator [-gnatyd]
rflx-rflx_builtin_types.ads:31:31: (style) incorrect line terminator [-gnatyd]
rflx-rflx_builtin_types.ads:32:01: (style) incorrect line terminator [-gnatyd]
rflx-rflx_builtin_types.ads:33:29: (style) incorrect line terminator [-gnatyd]
coap_spark.gpr: error: [Ada Compile] coap_spark-channel.adb (coap_spark.gpr) failed with status 1
stderr: Command ["gprbuild", "-s", "-j0", "-p", "-P", "D:\a\alire-crates-ci\alire-crates-ci\test\bbaa1808-ab94-402c-9afc-5c820e9abff6\coap_spark_0.10.0_31eb05de\coap_spark.gpr", "-cargs:Ada", "-gnatwn"] exited with code 4
ERROR: Command ["gprbuild", "-s", "-j0", "-p", "-P", "D:\a\alire-crates-ci\alire-crates-ci\test\bbaa1808-ab94-402c-9afc-5c820e9abff6\coap_spark_0.10.0_31eb05de\coap_spark.gpr", "-cargs:Ada", "-gnatwn"] exited with code 4
stderr: ALIRE.CHECKED_ERROR
stderr: Command ["gprbuild", "-s", "-j0", "-p", "-P", "D:\a\alire-crates-ci\alire-crates-ci\test\bbaa1808-ab94-402c-9afc-5c820e9abff6\coap_spark_0.10.0_31eb05de\coap_spark.gpr", "-cargs:Ada", "-gnatwn"] exited with code 4
stderr: raised ALIRE.CHECKED_ERROR : alire-stored-error:1
[D:\a\alire-crates-ci\alire-crates-ci\alire_install\bin\alr.exe]
0x7ff7fb6bda2a Semantic_Versioning.Basic.Restrictions.First_Index at alire.adb:284
0x7ff7fb2b595b Semantic_Versioning.Basic.Restrictions.First_Index at alire-os_lib-subprocess.adb:111
0x7ff7fb56cba1 Semantic_Versioning.Basic.Restrictions.First_Index at alire-spawn.adb:22
0x7ff7fb56dd5d Semantic_Versioning.Basic.Restrictions.First_Index at alire-spawn.adb:68
0x7ff7fb492d64 Semantic_Versioning.Basic.Restrictions.First_Index at alire-roots.adb:189
0x7ff7fb4911da Semantic_Versioning.Basic.Restrictions.First_Index at alire-roots.adb:255
0x7ff7fb4b912d Semantic_Versioning.Basic.Restrictions.First_Index at alire-roots.adb:2143
0x7ff7fb5282f9 Semantic_Versioning.Basic.Restrictions.First_Index at alire-solutions.adb:1472
0x7ff7fb527424 Semantic_Versioning.Basic.Restrictions.First_Index at alire-solutions.adb:1555
0x7ff7fb4b922c Semantic_Versioning.Basic.Restrictions.First_Index at alire-roots.adb:2147
0x7ff7fb4b92fa Semantic_Versioning.Basic.Restrictions.First_Index at alire-roots.adb:2127
0x7ff7fb4917a7 Semantic_Versioning.Basic.Restrictions.First_Index at alire-roots.adb:286
0x7ff7fb491912 Semantic_Versioning.Basic.Restrictions.First_Index at alire-roots.adb:114
0x7ff7fac03baa Semantic_Versioning.Basic.Restrictions.First_Index at alr-commands-build.adb:145
0x7ff7fac0341e Semantic_Versioning.Basic.Restrictions.First_Index at alr-commands-build.adb:113
0x7ff7fac035ba Semantic_Versioning.Basic.Restrictions.First_Index at alr-commands-build.adb:54
0x7ff7facb5dea Semantic_Versioning.Basic.Restrictions.First_Index at clic-subcommand-instance.adb:749
0x7ff7facc2b0e Semantic_Versioning.Basic.Restrictions.First_Index at alr-commands.adb:632
0x7ff7fab916a0 Alr.Main at alr-main.adb:13
0x7ff7fab95270 Main at b__alr-main.adb:2454
0x7ff7fab9133e __tmainCRTStartup at ???
0x7ff7fab91144 mainCRTStartup at ???
[C:\Windows\System32\KERNEL32.DLL]
0x7fff943ce8d5
[C:\Windows\SYSTEM32\ntdll.dll]
0x7fff959cc53a

stderr: ALIRE.ROOTS.BUILD._WRAPPED_STATEMENTS.BUILD_FAILED
stderr: alire-roots.adb:202
stderr: raised ALIRE.ROOTS.BUILD._WRAPPED_STATEMENTS.BUILD_FAILED : alire-roots.adb:202
[D:\a\alire-crates-ci\alire-crates-ci\alire_install\bin\alr.exe]
0x7ff7fb49313c Semantic_Versioning.Basic.Restrictions.First_Index at alire-roots.adb:202
0x7ff7fb4911da Semantic_Versioning.Basic.Restrictions.First_Index at alire-roots.adb:255
0x7ff7fb4b912d Semantic_Versioning.Basic.Restrictions.First_Index at alire-roots.adb:2143
0x7ff7fb5282f9 Semantic_Versioning.Basic.Restrictions.First_Index at alire-solutions.adb:1472
0x7ff7fb527424 Semantic_Versioning.Basic.Restrictions.First_Index at alire-solutions.adb:1555
0x7ff7fb4b922c Semantic_Versioning.Basic.Restrictions.First_Index at alire-roots.adb:2147
0x7ff7fb4b92fa Semantic_Versioning.Basic.Restrictions.First_Index at alire-roots.adb:2127
0x7ff7fb4917a7 Semantic_Versioning.Basic.Restrictions.First_Index at alire-roots.adb:286
0x7ff7fb491912 Semantic_Versioning.Basic.Restrictions.First_Index at alire-roots.adb:114
0x7ff7fac03baa Semantic_Versioning.Basic.Restrictions.First_Index at alr-commands-build.adb:145
0x7ff7fac0341e Semantic_Versioning.Basic.Restrictions.First_Index at alr-commands-build.adb:113
0x7ff7fac035ba Semantic_Versioning.Basic.Restrictions.First_Index at alr-commands-build.adb:54
0x7ff7facb5dea Semantic_Versioning.Basic.Restrictions.First_Index at clic-subcommand-instance.adb:749
0x7ff7facc2b0e Semantic_Versioning.Basic.Restrictions.First_Index at alr-commands.adb:632
0x7ff7fab916a0 Alr.Main at alr-main.adb:13
0x7ff7fab95270 Main at b__alr-main.adb:2454
0x7ff7fab9133e __tmainCRTStartup at ???
0x7ff7fab91144 mainCRTStartup at ???
[C:\Windows\System32\KERNEL32.DLL]
0x7fff943ce8d5
[C:\Windows\SYSTEM32\ntdll.dll]
0x7fff959cc53a

ERROR: Compilation failed.
