Test ran at 2025-02-13 00:47:46.129226+00:00

SOLUTION:
gnat_native=14.2.1: The GNAT Ada compiler - Native
Provides: gnat=14.2.1
Origin: (case OS is Linux => (case Host_Arch is X86_64 => binary archive gnat-x86_64-linux-14.2.0-1.tar.gz at https://github.com/alire-project/GNAT-FSF-builds/releases/download/gnat-14.2.0-1/gnat-x86_64-linux-14.2.0-1.tar.gz), Macos => (case Host_Arch is Aarch64 => binary archive gnat-aarch64-darwin-14.2.0-1.tar.gz at https://github.com/alire-project/GNAT-FSF-builds/releases/download/gnat-14.2.0-1/gnat-aarch64-darwin-14.2.0-1.tar.gz, X86_64 => binary archive gnat-x86_64-darwin-14.2.0-1.tar.gz at https://github.com/alire-project/GNAT-FSF-builds/releases/download/gnat-14.2.0-1/gnat-x86_64-darwin-14.2.0-1.tar.gz), Windows => (case Host_Arch is X86_64 => binary archive gnat-x86_64-windows64-14.2.0-1.tar.gz at https://github.com/alire-project/GNAT-FSF-builds/releases/download/gnat-14.2.0-1/gnat-x86_64-windows64-14.2.0-1.tar.gz)) with hash sha256:06bb3def7f70371d601a5c8b93bc4933c50873a5e5ba26aa7ee3447dda687722
Properties:
   Auto_Gpr_With: auto-gpr-with=false
   Configuration: no modifiers
   Description: The GNAT Ada compiler - Native
   case OS is
      when Linux => (case Host_Arch is X86_64 => (Environment: LD_LIBRARY_PATH=${CRATE_ROOT}/lib64:${LD_LIBRARY_PATH} and Environment: LD_RUN_PATH=${CRATE_ROOT}/lib64:${LD_RUN_PATH} and Environment: LIBRARY_PATH=${CRATE_ROOT}/lib64:${LIBRARY_PATH} and Environment: PATH=${CRATE_ROOT}/bin:${PATH}))
      when Macos => (Environment: LD_LIBRARY_PATH=${CRATE_ROOT}/lib:${LD_LIBRARY_PATH} and Environment: LD_RUN_PATH=${CRATE_ROOT}/lib:${LD_RUN_PATH} and Environment: LIBRARY_PATH=${CRATE_ROOT}/lib:${LIBRARY_PATH} and Environment: PATH=${CRATE_ROOT}/bin:${PATH})
      when Windows => (case Host_Arch is X86_64 => (Environment: LD_LIBRARY_PATH=${CRATE_ROOT}/lib:${LD_LIBRARY_PATH} and Environment: LD_RUN_PATH=${CRATE_ROOT}/lib:${LD_RUN_PATH} and Environment: LIBRARY_PATH=${CRATE_ROOT}/lib:${LIBRARY_PATH} and Environment: PATH=${CRATE_ROOT}/bin:${PATH}))
   License: GPL-3.0-or-later AND GPL-3.0-or-later WITH GCC-exception-3.1
   Maintainer: chouteau@adacore.com
   Maintainers_Logins: Fabien-Chouteau
   Name: gnat_native
   Version: 14.2.1


LOG:
Spawning: alr -d -n get gnat_native=14.2.1
Note: Deploying gnat_native=14.2.1...
#=#=#                                                                          

                                                                           0.0%
#####                                                                      8.1%
###########                                                               16.4%
##################                                                        25.3%
#######################                                                   32.2%
#############################                                             40.8%
###################################                                       49.0%
#########################################                                 58.1%
################################################                          67.2%
######################################################                    75.5%
############################################################              84.3%
###################################################################       94.3%
######################################################################## 100.0%

gnat_native=14.2.1 successfully retrieved.
There are no dependencies.
