Test ran at 2026-08-19 00:45:26.638083+00:00

SOLUTION:
meadowsweet=0.1.0: Simple Ada MVC web framework
Origin: commit f5e1bc3ac5738d9b027e812cfc65a2652ed58f23 from https://github.com/rehartmann/meadowsweet.git
Properties:
   Author: René Hartmann
   Description: Simple Ada MVC web framework
   License: Apache-2.0
   Maintainer: René Hartmann <rhartmann@users.sourceforge.net>
   Maintainers_Logins: rehartmann
   Name: meadowsweet
   Tag: mvc
   Tag: web
   Version: 0.1.0
   Website: https://github.com/rehartmann/meadowsweet
Dependencies (direct):
   gnat^15
   gnatcoll_sql^25.0.0
   servletada^1.8.1
Dependencies (solution):
   elada=1.8.8
   gnat=15.1.2 (gnat_native)
   gnatcoll=25.0.0
   gnatcoll_sql=25.0.0
   libgpr=25.0.0
   security=1.6.0
   servletada=1.8.2
   utilada=2.9.0
   utilada_xml=2.9.0
   xmlada=25.0.0
Dependencies (graph):
   elada=1.8.8         --> utilada=2.9.0 (^2.8.0)
   gnatcoll=25.0.0     --> gnat=15.1.2 (gnat_native) (>=13)
   gnatcoll=25.0.0     --> libgpr=25.0.0 (~25.0.0)
   gnatcoll_sql=25.0.0 --> gnatcoll=25.0.0 (~25.0.0)
   libgpr=25.0.0       --> gnat=15.1.2 (gnat_native) (/=2020)
   libgpr=25.0.0       --> xmlada=25.0.0 (~25.0.0)
   meadowsweet=0.1.0   --> gnat=15.1.2 (gnat_native) (^15)
   meadowsweet=0.1.0   --> gnatcoll_sql=25.0.0 (^25.0.0)
   meadowsweet=0.1.0   --> servletada=1.8.2 (^1.8.1)
   security=1.6.0      --> utilada=2.9.0 (^2.9.0)
   security=1.6.0      --> utilada_xml=2.9.0 (^2.9.0)
   servletada=1.8.2    --> elada=1.8.8 (^1.8.5)
   servletada=1.8.2    --> security=1.6.0 (^1.6.0)
   servletada=1.8.2    --> utilada=2.9.0 (^2.9.0)
   utilada_xml=2.9.0   --> utilada=2.9.0 (^2.9.0)
   utilada_xml=2.9.0   --> xmlada=25.0.0 (^24.0|^25.0)
   xmlada=25.0.0       --> gnat=15.1.2 (gnat_native) (>=11)


LOG:
[alr test] Testing meadowsweet=0.1.0
[alr test] Spawning retrieval for remote crate: alr -d -n get meadowsweet=0.1.0
Note: Deploying meadowsweet=0.1.0...
Note: Deploying utilada=2.9.0...
Note: Deploying elada=1.8.8...
Note: Deploying xmlada=25.0.0...
#=#=#                                                                          
##O#-#                                                                         
##=O#- #                                                                       
Note: Deploying libgpr=25.0.0...
#=#=#                                                                          
##O#-#                                                                         
##=O#- #                                                                       
# #=O#- #                                                                      
 # #=O#-  #                                                                    
Note: Deploying utilada_xml=2.9.0...
Note: Deploying gnatcoll=25.0.0...
#=#=#                                                                          
##O#-#                                                                         
##=O#- #                                                                       
# #=O#- #                                                                      
 # #=O#-  #                                                                    
  # #=O=#   #                                                                  
Note: Deploying security=1.6.0...
Note: Deploying gnatcoll_sql=25.0.0...
#=#=#                                                                          
##O#-#                                                                         
##=O#- #                                                                       
Note: Deploying servletada=1.8.2...

meadowsweet=0.1.0 successfully retrieved.
Dependencies were solved as follows:

   +  elada        1.8.8  (new,indirect)
   +b gnat         15.1.2 (new,gnat_native,binary)
   +  gnatcoll     25.0.0 (new,indirect)
   +  gnatcoll_sql 25.0.0 (new)
   +  libgpr       25.0.0 (new,indirect)
   +  security     1.6.0  (new,indirect)
   +  servletada   1.8.2  (new)
   +  utilada      2.9.0  (new,indirect)
   +  utilada_xml  2.9.0  (new,indirect)
   +  xmlada       25.0.0 (new,indirect)
[alr test] Spawning default test for remote crate: alr -d -n build --release -- -cargs:Ada -gnatwn
Note: Running post-fetch actions for xmlada=25.0.0...
checking build system type... aarch64-apple-darwin25.5.0
checking host system type... aarch64-apple-darwin25.5.0
checking target system type... aarch64-apple-darwin25.5.0
checking whether gnat can build shared libs... yes
checking for a BSD-compatible install... /usr/bin/install -c
checking whether ln -s works... yes
configure: creating ./config.status
config.status: creating xmlada_shared.gpr
config.status: creating Makefile
config.status: creating tests/dom/default.gpr
Note: Building meadowsweet=0.1.0/meadowsweet.gpr...
Setup
   [mkdir]        object directory for project GNATCOLL_Minimal
   [mkdir]        library directory for project GNATCOLL_Minimal
   [mkdir]        object directory for project GNATCOLL_Core
   [mkdir]        library directory for project GNATCOLL_Core
   [mkdir]        object directory for project XmlAda_Sax
   [mkdir]        library directory for project XmlAda_Sax
   [mkdir]        object directory for project XmlAda_Schema
   [mkdir]        object directory for project GPR
   [mkdir]        library directory for project GPR
   [mkdir]        object directory for project GNATCOLL_Projects
   [mkdir]        library directory for project GNATCOLL_Projects
   [mkdir]        object directory for project GnatColl_SQL
   [mkdir]        library directory for project GnatColl_SQL
   [mkdir]        object directory for project UtilAda_Core
   [mkdir]        library directory for project UtilAda_Core
   [mkdir]        object directory for project UtilAda_Sys
   [mkdir]        library directory for project UtilAda_Sys
   [mkdir]        object directory for project ElAda
   [mkdir]        library directory for project ElAda
   [mkdir]        object directory for project UtilAda_Xml
   [mkdir]        library directory for project UtilAda_Xml
   [mkdir]        object directory for project Security
   [mkdir]        library directory for project Security
   [mkdir]        object directory for project ServletAda
   [mkdir]        library directory for project ServletAda
   [mkdir]        object directory for project Meadowsweet
   [mkdir]        library directory for project Meadowsweet
Compile
   [Ada]          util-serialize-io-xml.adb
   [Ada]          security-oauth-jwt.adb
   [Ada]          security-auth-oauth-yahoo.adb
clang: warning: overriding deployment version from '16.0' to '26.0' [-Woverriding-deployment-version]
   [Ada]          security-random.adb
clang: warning: overriding deployment version from '16.0' to '26.0' [-Woverriding-deployment-version]
   [Ada]          security-oauth-clients.adb
clang: warning: overriding deployment version from '16.0' to '26.0' [-Woverriding-deployment-version]
   [Ada]          security-controllers-urls.adb
clang: warning: overriding deployment version from '16.0' to '26.0' [-Woverriding-deployment-version]
   [Ada]          security-auth-oauth-facebook.adb
clang: warning: overriding deployment version from '16.0' to '26.0' [-Woverriding-deployment-version]
   [Ada]          security-policies.adb
clang: warning: overriding deployment version from '16.0' to '26.0' [-Woverriding-deployment-version]
   [Ada]          security-auth-openid.adb
clang: warning: overriding deployment version from '16.0' to '26.0' [-Woverriding-deployment-version]
   [Ada]          security.ads
clang: warning: overriding deployment version from '16.0' to '26.0' [-Woverriding-deployment-version]
   [Ada]          security-permissions.adb
clang: warning: overriding deployment version from '16.0' to '26.0' [-Woverriding-deployment-version]
   [Ada]          security-auth-oauth-github.adb
clang: warning: overriding deployment version from '16.0' to '26.0' [-Woverriding-deployment-version]
   [Ada]          security-controllers-roles.adb
clang: warning: overriding deployment version from '16.0' to '26.0' [-Woverriding-deployment-version]
   [Ada]          security-oauth.adb
clang: warning: overriding deployment version from '16.0' to '26.0' [-Woverriding-deployment-version]
   [Ada]          security-contexts.adb
clang: warning: overriding deployment version from '16.0' to '26.0' [-Woverriding-deployment-version]
   [Ada]          security-auth-oauth.adb
clang: warning: overriding deployment version from '16.0' to '26.0' [-Woverriding-deployment-version]
   [Ada]          security-policies-roles.adb
clang: warning: overriding deployment version from '16.0' to '26.0' [-Woverriding-deployment-version]
   [Ada]          security-oauth-servers.adb
clang: warning: overriding deployment version from '16.0' to '26.0' [-Woverriding-deployment-version]
   [Ada]          security-policies-urls.adb
clang: warning: overriding deployment version from '16.0' to '26.0' [-Woverriding-deployment-version]
   [Ada]          security-oauth-jwt-hs256.adb
clang: warning: overriding deployment version from '16.0' to '26.0' [-Woverriding-deployment-version]
   [Ada]          security-auth.adb
clang: warning: overriding deployment version from '16.0' to '26.0' [-Woverriding-deployment-version]
   [Ada]          security-controllers.ads
clang: warning: overriding deployment version from '16.0' to '26.0' [-Woverriding-deployment-version]
   [Ada]          security-auth-oauth-googleplus.adb
clang: warning: overriding deployment version from '16.0' to '26.0' [-Woverriding-deployment-version]
   [Ada]          security-oauth-file_registry.adb
clang: warning: overriding deployment version from '16.0' to '26.0' [-Woverriding-deployment-version]
   [Ada]          el-utils.adb
clang: warning: overriding deployment version from '16.0' to '26.0' [-Woverriding-deployment-version]
   [Ada]          el-methods-func_1.adb
clang: warning: overriding deployment version from '16.0' to '26.0' [-Woverriding-deployment-version]
   [Ada]          el-objects.ads
clang: warning: overriding deployment version from '16.0' to '26.0' [-Woverriding-deployment-version]
   [Ada]          el-methods-proc_in.adb
clang: warning: overriding deployment version from '16.0' to '26.0' [-Woverriding-deployment-version]
   [Ada]          el-functions-default.adb
clang: warning: overriding deployment version from '16.0' to '26.0' [-Woverriding-deployment-version]
   [Ada]          el-contexts.ads
clang: warning: overriding deployment version from '16.0' to '26.0' [-Woverriding-deployment-version]
   [Ada]          el-variables-default.adb
clang: warning: overriding deployment version from '16.0' to '26.0' [-Woverriding-deployment-version]
   [Ada]          el-functions.adb
clang: warning: overriding deployment version from '16.0' to '26.0' [-Woverriding-deployment-version]
   [Ada]          el-contexts-properties.adb
clang: warning: overriding deployment version from '16.0' to '26.0' [-Woverriding-deployment-version]
   [Ada]          el-functions-namespaces.adb
clang: warning: overriding deployment version from '16.0' to '26.0' [-Woverriding-deployment-version]
   [Ada]          el-contexts-tls.adb
clang: warning: overriding deployment version from '16.0' to '26.0' [-Woverriding-deployment-version]
   [Ada]          el-methods.ads
clang: warning: overriding deployment version from '16.0' to '26.0' [-Woverriding-deployment-version]
   [Ada]          el-methods-proc_1.adb
clang: warning: overriding deployment version from '16.0' to '26.0' [-Woverriding-deployment-version]
   [Ada]          el-beans.adb
clang: warning: overriding deployment version from '16.0' to '26.0' [-Woverriding-deployment-version]
   [Ada]          el-methods-proc_2.adb
clang: warning: overriding deployment version from '16.0' to '26.0' [-Woverriding-deployment-version]
   [Ada]          el-variables.ads
clang: warning: overriding deployment version from '16.0' to '26.0' [-Woverriding-deployment-version]
   [Ada]          el-contexts-default.adb
clang: warning: overriding deployment version from '16.0' to '26.0' [-Woverriding-deployment-version]
   [Ada]          el-methods-func_unbounded.ads
clang: warning: overriding deployment version from '16.0' to '26.0' [-Woverriding-deployment-version]
   [Ada]          el-expressions-parser.adb
clang: warning: overriding deployment version from '16.0' to '26.0' [-Woverriding-deployment-version]
   [Ada]          el.ads
clang: warning: overriding deployment version from '16.0' to '26.0' [-Woverriding-deployment-version]
   [Ada]          el-expressions.adb
clang: warning: overriding deployment version from '16.0' to '26.0' [-Woverriding-deployment-version]
   [Ada]          el-expressions-nodes.adb
clang: warning: overriding deployment version from '16.0' to '26.0' [-Woverriding-deployment-version]
   [Ada]          el-methods-func_string.ads
clang: warning: overriding deployment version from '16.0' to '26.0' [-Woverriding-deployment-version]
   [Ada]          util-systems-types.ads
clang: warning: overriding deployment version from '16.0' to '26.0' [-Woverriding-deployment-version]
   [Ada]          util-systems-constants.ads
clang: warning: overriding deployment version from '16.0' to '26.0' [-Woverriding-deployment-version]
   [Ada]          util-systems-io.adb
clang: warning: overriding deployment version from '16.0' to '26.0' [-Woverriding-deployment-version]
   [Ada]          util-systems-os.ads
clang: warning: overriding deployment version from '16.0' to '26.0' [-Woverriding-deployment-version]
   [Ada]          util-properties-basic.adb
clang: warning: overriding deployment version from '16.0' to '26.0' [-Woverriding-deployment-version]
   [Ada]          util-properties-discrete.adb
clang: warning: overriding deployment version from '16.0' to '26.0' [-Woverriding-deployment-version]
   [Ada]          util-properties.adb
clang: warning: overriding deployment version from '16.0' to '26.0' [-Woverriding-deployment-version]
   [Ada]          util-properties-bundles.adb
clang: warning: overriding deployment version from '16.0' to '26.0' [-Woverriding-deployment-version]
   [Ada]          util-log-locations.adb
clang: warning: overriding deployment version from '16.0' to '26.0' [-Woverriding-deployment-version]
   [Ada]          util-log-formatters.adb
clang: warning: overriding deployment version from '16.0' to '26.0' [-Woverriding-deployment-version]
   [Ada]          util-log-formatters-factories.adb
clang: warning: overriding deployment version from '16.0' to '26.0' [-Woverriding-deployment-version]
   [Ada]          util-log-appenders-rolling_files.adb
clang: warning: overriding deployment version from '16.0' to '26.0' [-Woverriding-deployment-version]
   [Ada]          util-log-appenders-files.adb
clang: warning: overriding deployment version from '16.0' to '26.0' [-Woverriding-deployment-version]
   [Ada]          util-log-appenders-consoles.adb
clang: warning: overriding deployment version from '16.0' to '26.0' [-Woverriding-deployment-version]
   [Ada]          util-log-appenders-formatter.adb
clang: warning: overriding deployment version from '16.0' to '26.0' [-Woverriding-deployment-version]
   [Ada]          util-log-loggers.adb
clang: warning: overriding deployment version from '16.0' to '26.0' [-Woverriding-deployment-version]
   [Ada]          util-log-appenders-factories.adb
clang: warning: overriding deployment version from '16.0' to '26.0' [-Woverriding-deployment-version]
   [Ada]          util-log.adb
clang: warning: overriding deployment version from '16.0' to '26.0' [-Woverriding-deployment-version]
   [Ada]          util-log-appenders.adb
clang: warning: overriding deployment version from '16.0' to '26.0' [-Woverriding-deployment-version]
   [Ada]          util-files-rolling.adb
clang: warning: overriding deployment version from '16.0' to '26.0' [-Woverriding-deployment-version]
   [Ada]          util-files-filters.adb
clang: warning: overriding deployment version from '16.0' to '26.0' [-Woverriding-deployment-version]
   [Ada]          util-files-walk.adb
clang: warning: overriding deployment version from '16.0' to '26.0' [-Woverriding-deployment-version]
   [Ada]          util-files.adb
clang: warning: overriding deployment version from '16.0' to '26.0' [-Woverriding-deployment-version]
   [Ada]          util-events-channels.adb
clang: warning: overriding deployment version from '16.0' to '26.0' [-Woverriding-deployment-version]
   [Ada]          util-events-timers.adb
clang: warning: overriding deployment version from '16.0' to '26.0' [-Woverriding-deployment-version]
   [Ada]          util-events.adb
clang: warning: overriding deployment version from '16.0' to '26.0' [-Woverriding-deployment-version]
   [Ada]          util-dates-formats.adb
clang: warning: overriding deployment version from '16.0' to '26.0' [-Woverriding-deployment-version]
   [Ada]          util-dates-rfc7231.adb
clang: warning: overriding deployment version from '16.0' to '26.0' [-Woverriding-deployment-version]
   [Ada]          util-dates-simple_format.adb
clang: warning: overriding deployment version from '16.0' to '26.0' [-Woverriding-deployment-version]
   [Ada]          util-dates-iso8601.adb
clang: warning: overriding deployment version from '16.0' to '26.0' [-Woverriding-deployment-version]
   [Ada]          util-dates.adb
clang: warning: overriding deployment version from '16.0' to '26.0' [-Woverriding-deployment-version]
   [Ada]          util-commands-parsers.adb
clang: warning: overriding deployment version from '16.0' to '26.0' [-Woverriding-deployment-version]
   [Ada]          util-commands.adb
clang: warning: overriding deployment version from '16.0' to '26.0' [-Woverriding-deployment-version]
   [Ada]          util-commands-text_io.ads
clang: warning: overriding deployment version from '16.0' to '26.0' [-Woverriding-deployment-version]
   [Ada]          util-commands-consoles.adb
clang: warning: overriding deployment version from '16.0' to '26.0' [-Woverriding-deployment-version]
   [Ada]          util-commands-parsers-gnat_parser.adb
clang: warning: overriding deployment version from '16.0' to '26.0' [-Woverriding-deployment-version]
   [Ada]          util-commands-raw_io.ads
clang: warning: overriding deployment version from '16.0' to '26.0' [-Woverriding-deployment-version]
   [Ada]          util-commands-consoles-text.adb
clang: warning: overriding deployment version from '16.0' to '26.0' [-Woverriding-deployment-version]
   [Ada]          util-commands-drivers.adb
clang: warning: overriding deployment version from '16.0' to '26.0' [-Woverriding-deployment-version]
   [Ada]          util-beans-objects-maps.adb
clang: warning: overriding deployment version from '16.0' to '26.0' [-Woverriding-deployment-version]
   [Ada]          util-beans-objects.adb
clang: warning: overriding deployment version from '16.0' to '26.0' [-Woverriding-deployment-version]
   [Ada]          util-beans-objects-pairs.adb
clang: warning: overriding deployment version from '16.0' to '26.0' [-Woverriding-deployment-version]
   [Ada]          util-beans-objects-records.adb
clang: warning: overriding deployment version from '16.0' to '26.0' [-Woverriding-deployment-version]
   [Ada]          util-beans-basic-ranges.adb
clang: warning: overriding deployment version from '16.0' to '26.0' [-Woverriding-deployment-version]
   [Ada]          util-beans.ads
clang: warning: overriding deployment version from '16.0' to '26.0' [-Woverriding-deployment-version]
   [Ada]          util-beans-objects-to_access.adb
clang: warning: overriding deployment version from '16.0' to '26.0' [-Woverriding-deployment-version]
   [Ada]          util-beans-ranges.ads
clang: warning: overriding deployment version from '16.0' to '26.0' [-Woverriding-deployment-version]
   [Ada]          util-beans-objects-lists.adb
clang: warning: overriding deployment version from '16.0' to '26.0' [-Woverriding-deployment-version]
   [Ada]          util-beans-objects-iterators.adb
clang: warning: overriding deployment version from '16.0' to '26.0' [-Woverriding-deployment-version]
   [Ada]          util-beans-basic-lists.adb
clang: warning: overriding deployment version from '16.0' to '26.0' [-Woverriding-deployment-version]
   [Ada]          util-beans-factory.adb
clang: warning: overriding deployment version from '16.0' to '26.0' [-Woverriding-deployment-version]
   [Ada]          util-beans-objects-enums.adb
clang: warning: overriding deployment version from '16.0' to '26.0' [-Woverriding-deployment-version]
   [Ada]          util-beans-basic.ads
clang: warning: overriding deployment version from '16.0' to '26.0' [-Woverriding-deployment-version]
   [Ada]          util-beans-objects-datasets.adb
clang: warning: overriding deployment version from '16.0' to '26.0' [-Woverriding-deployment-version]
   [Ada]          util-beans-methods.ads
clang: warning: overriding deployment version from '16.0' to '26.0' [-Woverriding-deployment-version]
   [Ada]          util-beans-lists-strings.adb
clang: warning: overriding deployment version from '16.0' to '26.0' [-Woverriding-deployment-version]
   [Ada]          util-beans-objects-time.adb
clang: warning: overriding deployment version from '16.0' to '26.0' [-Woverriding-deployment-version]
   [Ada]          util-beans-lists.ads
clang: warning: overriding deployment version from '16.0' to '26.0' [-Woverriding-deployment-version]
   [Ada]          util-beans-objects-vectors.adb
clang: warning: overriding deployment version from '16.0' to '26.0' [-Woverriding-deployment-version]
   [Ada]          util-beans-objects-hash.adb
clang: warning: overriding deployment version from '16.0' to '26.0' [-Woverriding-deployment-version]
   [Ada]          util-systems.ads
clang: warning: overriding deployment version from '16.0' to '26.0' [-Woverriding-deployment-version]
   [Ada]          util-texts-transforms.adb
clang: warning: overriding deployment version from '16.0' to '26.0' [-Woverriding-deployment-version]
   [Ada]          util-texts-formats.adb
clang: warning: overriding deployment version from '16.0' to '26.0' [-Woverriding-deployment-version]
   [Ada]          util-texts.ads
clang: warning: overriding deployment version from '16.0' to '26.0' [-Woverriding-deployment-version]
   [Ada]          util-texts-builders.adb
clang: warning: overriding deployment version from '16.0' to '26.0' [-Woverriding-deployment-version]
   [Ada]          util-texts-tokenizers.adb
clang: warning: overriding deployment version from '16.0' to '26.0' [-Woverriding-deployment-version]
   [Ada]          util-strings-sets.ads
clang: warning: overriding deployment version from '16.0' to '26.0' [-Woverriding-deployment-version]
   [Ada]          util-strings-tokenizers.ads
clang: warning: overriding deployment version from '16.0' to '26.0' [-Woverriding-deployment-version]
   [Ada]          util-strings.adb
clang: warning: overriding deployment version from '16.0' to '26.0' [-Woverriding-deployment-version]
   [Ada]          util-strings-transforms.adb
clang: warning: overriding deployment version from '16.0' to '26.0' [-Woverriding-deployment-version]
   [Ada]          util-strings-formats.adb
clang: warning: overriding deployment version from '16.0' to '26.0' [-Woverriding-deployment-version]
   [Ada]          util-strings-builders.ads
clang: warning: overriding deployment version from '16.0' to '26.0' [-Woverriding-deployment-version]
   [Ada]          util-strings-maps_incensitive.ads
clang: warning: overriding deployment version from '16.0' to '26.0' [-Woverriding-deployment-version]
   [Ada]          util-strings-builders-transforms.ads
clang: warning: overriding deployment version from '16.0' to '26.0' [-Woverriding-deployment-version]
   [Ada]          util-strings-vectors.ads
clang: warning: overriding deployment version from '16.0' to '26.0' [-Woverriding-deployment-version]
   [Ada]          util-strings-maps.ads
clang: warning: overriding deployment version from '16.0' to '26.0' [-Woverriding-deployment-version]
   [Ada]          util-listeners.ads
clang: warning: overriding deployment version from '16.0' to '26.0' [-Woverriding-deployment-version]
   [Ada]          util-listeners-observers.adb
clang: warning: overriding deployment version from '16.0' to '26.0' [-Woverriding-deployment-version]
   [Ada]          util-listeners-lifecycles.adb
clang: warning: overriding deployment version from '16.0' to '26.0' [-Woverriding-deployment-version]
   [Ada]          util-concurrent-counters.adb
clang: warning: overriding deployment version from '16.0' to '26.0' [-Woverriding-deployment-version]
   [Ada]          util-concurrent-locks.adb
clang: warning: overriding deployment version from '16.0' to '26.0' [-Woverriding-deployment-version]
   [Ada]          util-concurrent-sequence_queues.adb
clang: warning: overriding deployment version from '16.0' to '26.0' [-Woverriding-deployment-version]
   [Ada]          util-concurrent-copies.adb
clang: warning: overriding deployment version from '16.0' to '26.0' [-Woverriding-deployment-version]
   [Ada]          util-concurrent-arrays.adb
clang: warning: overriding deployment version from '16.0' to '26.0' [-Woverriding-deployment-version]
   [Ada]          util-concurrent-pools.adb
clang: warning: overriding deployment version from '16.0' to '26.0' [-Woverriding-deployment-version]
   [Ada]          util-concurrent-fifos.adb
clang: warning: overriding deployment version from '16.0' to '26.0' [-Woverriding-deployment-version]
   [Ada]          util-concurrent.ads
clang: warning: overriding deployment version from '16.0' to '26.0' [-Woverriding-deployment-version]
   [Ada]          util-nullables.ads
clang: warning: overriding deployment version from '16.0' to '26.0' [-Woverriding-deployment-version]
   [Ada]          util.ads
clang: warning: overriding deployment version from '16.0' to '26.0' [-Woverriding-deployment-version]
   [Ada]          util-named_lists.adb
clang: warning: overriding deployment version from '16.0' to '26.0' [-Woverriding-deployment-version]
   [Ada]          util-algorithms.ads
clang: warning: overriding deployment version from '16.0' to '26.0' [-Woverriding-deployment-version]
   [Ada]          util-stacks.adb
clang: warning: overriding deployment version from '16.0' to '26.0' [-Woverriding-deployment-version]
   [Ada]          util-executors.adb
clang: warning: overriding deployment version from '16.0' to '26.0' [-Woverriding-deployment-version]
   [Ada]          util-blobs.adb
clang: warning: overriding deployment version from '16.0' to '26.0' [-Woverriding-deployment-version]
   [Ada]          util-refs.adb
clang: warning: overriding deployment version from '16.0' to '26.0' [-Woverriding-deployment-version]
   [Ada]          util-locales.adb
clang: warning: overriding deployment version from '16.0' to '26.0' [-Woverriding-deployment-version]
   [Ada]          util-streams-raw.adb
clang: warning: overriding deployment version from '16.0' to '26.0' [-Woverriding-deployment-version]
   [Ada]          util-systems-dlls.adb
clang: warning: overriding deployment version from '16.0' to '26.0' [-Woverriding-deployment-version]
   [Ada]          util-processes-os.adb
clang: warning: overriding deployment version from '16.0' to '26.0' [-Woverriding-deployment-version]
   [Ada]          util-processes.adb
clang: warning: overriding deployment version from '16.0' to '26.0' [-Woverriding-deployment-version]
   [Ada]          util-processes-tools.adb
clang: warning: overriding deployment version from '16.0' to '26.0' [-Woverriding-deployment-version]
   [Ada]          util-http-tools.adb
clang: warning: overriding deployment version from '16.0' to '26.0' [-Woverriding-deployment-version]
   [Ada]          util-http-headers.adb
clang: warning: overriding deployment version from '16.0' to '26.0' [-Woverriding-deployment-version]
   [Ada]          util-http-mimes.adb
clang: warning: overriding deployment version from '16.0' to '26.0' [-Woverriding-deployment-version]
   [Ada]          util-mail.adb
clang: warning: overriding deployment version from '16.0' to '26.0' [-Woverriding-deployment-version]
   [Ada]          util-http-cookies.adb
clang: warning: overriding deployment version from '16.0' to '26.0' [-Woverriding-deployment-version]
   [Ada]          util-http.adb
clang: warning: overriding deployment version from '16.0' to '26.0' [-Woverriding-deployment-version]
   [Ada]          util-http-mockups.adb
clang: warning: overriding deployment version from '16.0' to '26.0' [-Woverriding-deployment-version]
   [Ada]          util-http-clients-mockups.adb
clang: warning: overriding deployment version from '16.0' to '26.0' [-Woverriding-deployment-version]
   [Ada]          util-http-rest-rest_get_vector.adb
clang: warning: overriding deployment version from '16.0' to '26.0' [-Woverriding-deployment-version]
   [Ada]          util-http-rest.adb
clang: warning: overriding deployment version from '16.0' to '26.0' [-Woverriding-deployment-version]
   [Ada]          util-http-parts.adb
clang: warning: overriding deployment version from '16.0' to '26.0' [-Woverriding-deployment-version]
   [Ada]          util-http-clients.adb
clang: warning: overriding deployment version from '16.0' to '26.0' [-Woverriding-deployment-version]
   [Ada]          util-encoders-base16.adb
clang: warning: overriding deployment version from '16.0' to '26.0' [-Woverriding-deployment-version]
   [Ada]          util-encoders-hmac-sha1.adb
clang: warning: overriding deployment version from '16.0' to '26.0' [-Woverriding-deployment-version]
   [Ada]          util-encoders.adb
clang: warning: overriding deployment version from '16.0' to '26.0' [-Woverriding-deployment-version]
   [Ada]          util-encoders-uri.adb
clang: warning: overriding deployment version from '16.0' to '26.0' [-Woverriding-deployment-version]
   [Ada]          util-encoders-base64.adb
clang: warning: overriding deployment version from '16.0' to '26.0' [-Woverriding-deployment-version]
   [Ada]          util-encoders-hmac-sha256.adb
clang: warning: overriding deployment version from '16.0' to '26.0' [-Woverriding-deployment-version]
   [Ada]          util-encoders-quoted_printable.adb
clang: warning: overriding deployment version from '16.0' to '26.0' [-Woverriding-deployment-version]
   [Ada]          util-encoders-hmac.ads
clang: warning: overriding deployment version from '16.0' to '26.0' [-Woverriding-deployment-version]
   [Ada]          util-encoders-kdf-pbkdf2.adb
clang: warning: overriding deployment version from '16.0' to '26.0' [-Woverriding-deployment-version]
   [Ada]          util-encoders-aes.adb
clang: warning: overriding deployment version from '16.0' to '26.0' [-Woverriding-deployment-version]
   [Ada]          util-encoders-sha1.adb
clang: warning: overriding deployment version from '16.0' to '26.0' [-Woverriding-deployment-version]
   [Ada]          util-encoders-kdf.ads
clang: warning: overriding deployment version from '16.0' to '26.0' [-Woverriding-deployment-version]
   [Ada]          util-encoders-kdf-pbkdf2_hmac_sha256.ads
clang: warning: overriding deployment version from '16.0' to '26.0' [-Woverriding-deployment-version]
   [Ada]          util-encoders-base32.adb
clang: warning: overriding deployment version from '16.0' to '26.0' [-Woverriding-deployment-version]
   [Ada]          util-encoders-ecc.adb
clang: warning: overriding deployment version from '16.0' to '26.0' [-Woverriding-deployment-version]
   [Ada]          util-encoders-hmac-hotp.adb
clang: warning: overriding deployment version from '16.0' to '26.0' [-Woverriding-deployment-version]
   [Ada]          util-encoders-sha256.adb
clang: warning: overriding deployment version from '16.0' to '26.0' [-Woverriding-deployment-version]
   [Ada]          util-measures.adb
clang: warning: overriding deployment version from '16.0' to '26.0' [-Woverriding-deployment-version]
   [Ada]          util-streams-aes.adb
clang: warning: overriding deployment version from '16.0' to '26.0' [-Woverriding-deployment-version]
   [Ada]          util-streams-texts.adb
clang: warning: overriding deployment version from '16.0' to '26.0' [-Woverriding-deployment-version]
   [Ada]          util-streams-buffered.adb
clang: warning: overriding deployment version from '16.0' to '26.0' [-Woverriding-deployment-version]
   [Ada]          util-streams-base64.ads
clang: warning: overriding deployment version from '16.0' to '26.0' [-Woverriding-deployment-version]
   [Ada]          util-streams-buffered-encoders.adb
clang: warning: overriding deployment version from '16.0' to '26.0' [-Woverriding-deployment-version]
   [Ada]          util-streams-sockets.adb
clang: warning: overriding deployment version from '16.0' to '26.0' [-Woverriding-deployment-version]
   [Ada]          util-streams-base16.ads
clang: warning: overriding deployment version from '16.0' to '26.0' [-Woverriding-deployment-version]
   [Ada]          util-streams-texts-tr.ads
clang: warning: overriding deployment version from '16.0' to '26.0' [-Woverriding-deployment-version]
   [Ada]          util-streams-buffered-parts.adb
clang: warning: overriding deployment version from '16.0' to '26.0' [-Woverriding-deployment-version]
   [Ada]          util-streams-files.adb
clang: warning: overriding deployment version from '16.0' to '26.0' [-Woverriding-deployment-version]
   [Ada]          util-streams-texts-wtr.ads
clang: warning: overriding deployment version from '16.0' to '26.0' [-Woverriding-deployment-version]
   [Ada]          util-streams-pipes.adb
clang: warning: overriding deployment version from '16.0' to '26.0' [-Woverriding-deployment-version]
   [Ada]          util-streams.adb
clang: warning: overriding deployment version from '16.0' to '26.0' [-Woverriding-deployment-version]
   [Ada]          util-properties-json.adb
clang: warning: overriding deployment version from '16.0' to '26.0' [-Woverriding-deployment-version]
   [Ada]          util-serialize-io-form.adb
clang: warning: overriding deployment version from '16.0' to '26.0' [-Woverriding-deployment-version]
   [Ada]          util-serialize-io.adb
clang: warning: overriding deployment version from '16.0' to '26.0' [-Woverriding-deployment-version]
   [Ada]          util-serialize-contexts.adb
clang: warning: overriding deployment version from '16.0' to '26.0' [-Woverriding-deployment-version]
   [Ada]          util-serialize-mappers-record_mapper.adb
clang: warning: overriding deployment version from '16.0' to '26.0' [-Woverriding-deployment-version]
   [Ada]          util-serialize-tools.adb
clang: warning: overriding deployment version from '16.0' to '26.0' [-Woverriding-deployment-version]
   [Ada]          util-serialize-io-csv.adb
clang: warning: overriding deployment version from '16.0' to '26.0' [-Woverriding-deployment-version]
   [Ada]          util-beans-objects-readers.adb
clang: warning: overriding deployment version from '16.0' to '26.0' [-Woverriding-deployment-version]
   [Ada]          util-serialize-mappers-vector_mapper.adb
clang: warning: overriding deployment version from '16.0' to '26.0' [-Woverriding-deployment-version]
   [Ada]          util-serialize-mappers.adb
clang: warning: overriding deployment version from '16.0' to '26.0' [-Woverriding-deployment-version]
   [Ada]          util-serialize.ads
clang: warning: overriding deployment version from '16.0' to '26.0' [-Woverriding-deployment-version]
   [Ada]          util-properties-form.adb
clang: warning: overriding deployment version from '16.0' to '26.0' [-Woverriding-deployment-version]
   [Ada]          util-serialize-io-json.adb
clang: warning: overriding deployment version from '16.0' to '26.0' [-Woverriding-deployment-version]
   [Ada]          servlet-core-rest.adb
clang: warning: overriding deployment version from '16.0' to '26.0' [-Woverriding-deployment-version]
   [Ada]          servlet-requests.adb
clang: warning: overriding deployment version from '16.0' to '26.0' [-Woverriding-deployment-version]
   [Ada]          servlet-core.adb
clang: warning: overriding deployment version from '16.0' to '26.0' [-Woverriding-deployment-version]
   [Ada]          servlet-filters-dump.adb
clang: warning: overriding deployment version from '16.0' to '26.0' [-Woverriding-deployment-version]
   [Ada]          servlet-filters-cache_control.adb
clang: warning: overriding deployment version from '16.0' to '26.0' [-Woverriding-deployment-version]
   [Ada]          servlet-sessions.adb
clang: warning: overriding deployment version from '16.0' to '26.0' [-Woverriding-deployment-version]
   [Ada]          servlet-rest.adb
clang: warning: overriding deployment version from '16.0' to '26.0' [-Woverriding-deployment-version]
   [Ada]          servlet-security-filters.adb
clang: warning: overriding deployment version from '16.0' to '26.0' [-Woverriding-deployment-version]
   [Ada]          servlet-cookies.ads
clang: warning: overriding deployment version from '16.0' to '26.0' [-Woverriding-deployment-version]
   [Ada]          servlet-requests-mockup.adb
clang: warning: overriding deployment version from '16.0' to '26.0' [-Woverriding-deployment-version]
   [Ada]          servlet-core-files.adb
clang: warning: overriding deployment version from '16.0' to '26.0' [-Woverriding-deployment-version]
   [Ada]          servlet-security.ads
clang: warning: overriding deployment version from '16.0' to '26.0' [-Woverriding-deployment-version]
   [Ada]          servlet-parts.adb
clang: warning: overriding deployment version from '16.0' to '26.0' [-Woverriding-deployment-version]
   [Ada]          servlet-core-mappers.adb
clang: warning: overriding deployment version from '16.0' to '26.0' [-Woverriding-deployment-version]
   [Ada]          servlet-streams-dynamic.adb
clang: warning: overriding deployment version from '16.0' to '26.0' [-Woverriding-deployment-version]
   [Ada]          servlet-filters.ads
clang: warning: overriding deployment version from '16.0' to '26.0' [-Woverriding-deployment-version]
   [Ada]          servlet-server.adb
clang: warning: overriding deployment version from '16.0' to '26.0' [-Woverriding-deployment-version]
   [Ada]          servlet-responses.adb
clang: warning: overriding deployment version from '16.0' to '26.0' [-Woverriding-deployment-version]
   [Ada]          servlet-routes-servlets-rest.ads
clang: warning: overriding deployment version from '16.0' to '26.0' [-Woverriding-deployment-version]
   [Ada]          servlet-resolvers.adb
clang: warning: overriding deployment version from '16.0' to '26.0' [-Woverriding-deployment-version]
   [Ada]          servlet-rest-definition.adb
clang: warning: overriding deployment version from '16.0' to '26.0' [-Woverriding-deployment-version]
   [Ada]          servlet-streams-json.adb
clang: warning: overriding deployment version from '16.0' to '26.0' [-Woverriding-deployment-version]
   [Ada]          servlet-streams.adb
clang: warning: overriding deployment version from '16.0' to '26.0' [-Woverriding-deployment-version]
   [Ada]          servlet-principals.ads
clang: warning: overriding deployment version from '16.0' to '26.0' [-Woverriding-deployment-version]
   [Ada]          servlet-security-servlets.adb
clang: warning: overriding deployment version from '16.0' to '26.0' [-Woverriding-deployment-version]
   [Ada]          servlet-responses-tools.adb
clang: warning: overriding deployment version from '16.0' to '26.0' [-Woverriding-deployment-version]
   [Ada]          servlet-responses-mockup.adb
clang: warning: overriding deployment version from '16.0' to '26.0' [-Woverriding-deployment-version]
   [Ada]          servlet-requests-tools.adb
clang: warning: overriding deployment version from '16.0' to '26.0' [-Woverriding-deployment-version]
   [Ada]          servlet-streams-xml.adb
clang: warning: overriding deployment version from '16.0' to '26.0' [-Woverriding-deployment-version]
   [Ada]          servlet-rest-operation.adb
clang: warning: overriding deployment version from '16.0' to '26.0' [-Woverriding-deployment-version]
   [Ada]          servlet-core-measures.adb
clang: warning: overriding deployment version from '16.0' to '26.0' [-Woverriding-deployment-version]
   [Ada]          servlet.ads
clang: warning: overriding deployment version from '16.0' to '26.0' [-Woverriding-deployment-version]
   [Ada]          servlet-security-filters-oauth.adb
clang: warning: overriding deployment version from '16.0' to '26.0' [-Woverriding-deployment-version]
   [Ada]          servlet-security-oauth.adb
clang: warning: overriding deployment version from '16.0' to '26.0' [-Woverriding-deployment-version]
   [Ada]          servlet-sessions-factory.adb
clang: warning: overriding deployment version from '16.0' to '26.0' [-Woverriding-deployment-version]
   [Ada]          servlet-routes-servlets.adb
clang: warning: overriding deployment version from '16.0' to '26.0' [-Woverriding-deployment-version]
   [Ada]          servlet-routes.adb
clang: warning: overriding deployment version from '16.0' to '26.0' [-Woverriding-deployment-version]
   [Ada]          servlet-parts-mockup.adb
clang: warning: overriding deployment version from '16.0' to '26.0' [-Woverriding-deployment-version]
   [Ada]          servlet-core-configs.adb
clang: warning: overriding deployment version from '16.0' to '26.0' [-Woverriding-deployment-version]
   [Ada]          servlet-streams-raw.adb
clang: warning: overriding deployment version from '16.0' to '26.0' [-Woverriding-deployment-version]
   [Ada]          schema-validators-xsd_grammar.adb
clang: warning: overriding deployment version from '16.0' to '26.0' [-Woverriding-deployment-version]
   [Ada]          schema-validators.adb
clang: warning: overriding deployment version from '16.0' to '26.0' [-Woverriding-deployment-version]
   [Ada]          schema-decimal.adb
clang: warning: overriding deployment version from '16.0' to '26.0' [-Woverriding-deployment-version]
   [Ada]          schema-readers.adb
clang: warning: overriding deployment version from '16.0' to '26.0' [-Woverriding-deployment-version]
   [Ada]          schema-dom_readers.adb
clang: warning: overriding deployment version from '16.0' to '26.0' [-Woverriding-deployment-version]
   [Ada]          schema-schema_readers.adb
clang: warning: overriding deployment version from '16.0' to '26.0' [-Woverriding-deployment-version]
   [Ada]          schema-date_time.adb
clang: warning: overriding deployment version from '16.0' to '26.0' [-Woverriding-deployment-version]
   [Ada]          schema-simple_types.adb
clang: warning: overriding deployment version from '16.0' to '26.0' [-Woverriding-deployment-version]
   [Ada]          schema.adb
clang: warning: overriding deployment version from '16.0' to '26.0' [-Woverriding-deployment-version]
   [Ada]          dom-core-comments.ads
clang: warning: overriding deployment version from '16.0' to '26.0' [-Woverriding-deployment-version]
   [Ada]          dom-core-character_datas.adb
clang: warning: overriding deployment version from '16.0' to '26.0' [-Woverriding-deployment-version]
   [Ada]          dom-core-documents.adb
clang: warning: overriding deployment version from '16.0' to '26.0' [-Woverriding-deployment-version]
   [Ada]          dom-core-document_types.adb
clang: warning: overriding deployment version from '16.0' to '26.0' [-Woverriding-deployment-version]
   [Ada]          dom-core-cdata_sections.ads
clang: warning: overriding deployment version from '16.0' to '26.0' [-Woverriding-deployment-version]
   [Ada]          dom-core-elements.adb
clang: warning: overriding deployment version from '16.0' to '26.0' [-Woverriding-deployment-version]
   [Ada]          dom.ads
clang: warning: overriding deployment version from '16.0' to '26.0' [-Woverriding-deployment-version]
   [Ada]          dom-core-document_fragments.ads
clang: warning: overriding deployment version from '16.0' to '26.0' [-Woverriding-deployment-version]
   [Ada]          dom-core-processing_instructions.ads
clang: warning: overriding deployment version from '16.0' to '26.0' [-Woverriding-deployment-version]
   [Ada]          dom-core-entity_references.ads
clang: warning: overriding deployment version from '16.0' to '26.0' [-Woverriding-deployment-version]
   [Ada]          dom-core.adb
clang: warning: overriding deployment version from '16.0' to '26.0' [-Woverriding-deployment-version]
   [Ada]          dom-core-nodes.adb
clang: warning: overriding deployment version from '16.0' to '26.0' [-Woverriding-deployment-version]
   [Ada]          dom-core-texts.adb
clang: warning: overriding deployment version from '16.0' to '26.0' [-Woverriding-deployment-version]
   [Ada]          dom-core-notations.adb
clang: warning: overriding deployment version from '16.0' to '26.0' [-Woverriding-deployment-version]
   [Ada]          dom-readers.adb
clang: warning: overriding deployment version from '16.0' to '26.0' [-Woverriding-deployment-version]
   [Ada]          dom-core-attrs.adb
clang: warning: overriding deployment version from '16.0' to '26.0' [-Woverriding-deployment-version]
   [Ada]          input_sources-http.adb
clang: warning: overriding deployment version from '16.0' to '26.0' [-Woverriding-deployment-version]
   [Ada]          input_sources-socket.adb
clang: warning: overriding deployment version from '16.0' to '26.0' [-Woverriding-deployment-version]
   [Ada]          input_sources-file.adb
clang: warning: overriding deployment version from '16.0' to '26.0' [-Woverriding-deployment-version]
   [Ada]          input_sources.adb
clang: warning: overriding deployment version from '16.0' to '26.0' [-Woverriding-deployment-version]
   [Ada]          input_sources-strings.adb
clang: warning: overriding deployment version from '16.0' to '26.0' [-Woverriding-deployment-version]
   [Ada]          sax-utils.adb
clang: warning: overriding deployment version from '16.0' to '26.0' [-Woverriding-deployment-version]
   [Ada]          sax-htable.adb
clang: warning: overriding deployment version from '16.0' to '26.0' [-Woverriding-deployment-version]
   [Ada]          sax-symbols.adb
clang: warning: overriding deployment version from '16.0' to '26.0' [-Woverriding-deployment-version]
   [Ada]          sax-locators.adb
clang: warning: overriding deployment version from '16.0' to '26.0' [-Woverriding-deployment-version]
   [Ada]          sax-attributes.adb
clang: warning: overriding deployment version from '16.0' to '26.0' [-Woverriding-deployment-version]
   [Ada]          sax.ads
clang: warning: overriding deployment version from '16.0' to '26.0' [-Woverriding-deployment-version]
   [Ada]          sax-encodings.ads
clang: warning: overriding deployment version from '16.0' to '26.0' [-Woverriding-deployment-version]
   [Ada]          sax-pointers.adb
clang: warning: overriding deployment version from '16.0' to '26.0' [-Woverriding-deployment-version]
   [Ada]          sax-state_machines.adb
clang: warning: overriding deployment version from '16.0' to '26.0' [-Woverriding-deployment-version]
   [Ada]          sax-exceptions.adb
clang: warning: overriding deployment version from '16.0' to '26.0' [-Woverriding-deployment-version]
   [Ada]          sax-models.adb
clang: warning: overriding deployment version from '16.0' to '26.0' [-Woverriding-deployment-version]
   [Ada]          sax-readers.adb
clang: warning: overriding deployment version from '16.0' to '26.0' [-Woverriding-deployment-version]
   [Ada]          unicode-names-cuneiform.ads
clang: warning: overriding deployment version from '16.0' to '26.0' [-Woverriding-deployment-version]
   [Ada]          unicode-names-sora_sompeng.ads
clang: warning: overriding deployment version from '16.0' to '26.0' [-Woverriding-deployment-version]
   [Ada]          unicode-names-mro.ads
clang: warning: overriding deployment version from '16.0' to '26.0' [-Woverriding-deployment-version]
   [Ada]          unicode-names-bassa_vah.ads
clang: warning: overriding deployment version from '16.0' to '26.0' [-Woverriding-deployment-version]
   [Ada]          unicode-names-ipa_extensions.ads
clang: warning: overriding deployment version from '16.0' to '26.0' [-Woverriding-deployment-version]
   [Ada]          unicode-names-optical_chars_recognition.ads
clang: warning: overriding deployment version from '16.0' to '26.0' [-Woverriding-deployment-version]
   [Ada]          unicode-names-misc_math_symbols_a.ads
clang: warning: overriding deployment version from '16.0' to '26.0' [-Woverriding-deployment-version]
   [Ada]          unicode-names-ethiopic_extended_a.ads
clang: warning: overriding deployment version from '16.0' to '26.0' [-Woverriding-deployment-version]
   [Ada]          unicode-names-inscriptional_pahlavi.ads
clang: warning: overriding deployment version from '16.0' to '26.0' [-Woverriding-deployment-version]
   [Ada]          unicode-names-combining_half_marks.ads
clang: warning: overriding deployment version from '16.0' to '26.0' [-Woverriding-deployment-version]
   [Ada]          unicode-names-lycian.ads
clang: warning: overriding deployment version from '16.0' to '26.0' [-Woverriding-deployment-version]
   [Ada]          unicode-names-combining_diacritical_sup.ads
clang: warning: overriding deployment version from '16.0' to '26.0' [-Woverriding-deployment-version]
   [Ada]          unicode-names-ancient_greek_numbers.ads
clang: warning: overriding deployment version from '16.0' to '26.0' [-Woverriding-deployment-version]
   [Ada]          unicode-ces-utf16.adb
clang: warning: overriding deployment version from '16.0' to '26.0' [-Woverriding-deployment-version]
   [Ada]          unicode-names-pahawh_hmong.ads
clang: warning: overriding deployment version from '16.0' to '26.0' [-Woverriding-deployment-version]
   [Ada]          unicode-names-balinese.ads
clang: warning: overriding deployment version from '16.0' to '26.0' [-Woverriding-deployment-version]
   [Ada]          unicode-names-miscellaneous_symbols.ads
clang: warning: overriding deployment version from '16.0' to '26.0' [-Woverriding-deployment-version]
   [Ada]          unicode-names-vertical_forms.ads
clang: warning: overriding deployment version from '16.0' to '26.0' [-Woverriding-deployment-version]
   [Ada]          unicode-names-lao.ads
clang: warning: overriding deployment version from '16.0' to '26.0' [-Woverriding-deployment-version]
   [Ada]          unicode-names-mende_kikakui.ads
clang: warning: overriding deployment version from '16.0' to '26.0' [-Woverriding-deployment-version]
   [Ada]          unicode-names-nabataean.ads
clang: warning: overriding deployment version from '16.0' to '26.0' [-Woverriding-deployment-version]
   [Ada]          unicode-names-coptic.ads
clang: warning: overriding deployment version from '16.0' to '26.0' [-Woverriding-deployment-version]
   [Ada]          unicode-names-thai.ads
clang: warning: overriding deployment version from '16.0' to '26.0' [-Woverriding-deployment-version]
   [Ada]          unicode-ccs-windows_1251.adb
clang: warning: overriding deployment version from '16.0' to '26.0' [-Woverriding-deployment-version]
   [Ada]          unicode-names-khmer.ads
clang: warning: overriding deployment version from '16.0' to '26.0' [-Woverriding-deployment-version]
   [Ada]          unicode-names-block_elements.ads
clang: warning: overriding deployment version from '16.0' to '26.0' [-Woverriding-deployment-version]
   [Ada]          unicode-names-georgian.ads
clang: warning: overriding deployment version from '16.0' to '26.0' [-Woverriding-deployment-version]
   [Ada]          unicode-names-misc_math_symbols_b.ads
clang: warning: overriding deployment version from '16.0' to '26.0' [-Woverriding-deployment-version]
   [Ada]          unicode-names-sup_math_operators.ads
clang: warning: overriding deployment version from '16.0' to '26.0' [-Woverriding-deployment-version]
   [Ada]          unicode-names-myanmar.ads
clang: warning: overriding deployment version from '16.0' to '26.0' [-Woverriding-deployment-version]
   [Ada]          unicode-names-ethiopic.ads
clang: warning: overriding deployment version from '16.0' to '26.0' [-Woverriding-deployment-version]
   [Ada]          unicode-encodings.adb
clang: warning: overriding deployment version from '16.0' to '26.0' [-Woverriding-deployment-version]
   [Ada]          unicode-ccs-windows_1252.adb
clang: warning: overriding deployment version from '16.0' to '26.0' [-Woverriding-deployment-version]
   [Ada]          unicode-names-imperial_aramaic.ads
clang: warning: overriding deployment version from '16.0' to '26.0' [-Woverriding-deployment-version]
   [Ada]          unicode-names-mathematical_operators.ads
clang: warning: overriding deployment version from '16.0' to '26.0' [-Woverriding-deployment-version]
   [Ada]          unicode-names-cyrillic_extended_a.ads
clang: warning: overriding deployment version from '16.0' to '26.0' [-Woverriding-deployment-version]
   [Ada]          unicode-names-musical_symbols.ads
clang: warning: overriding deployment version from '16.0' to '26.0' [-Woverriding-deployment-version]
   [Ada]          unicode-names-supplemental_punctuation.ads
clang: warning: overriding deployment version from '16.0' to '26.0' [-Woverriding-deployment-version]
   [Ada]          unicode-names-old_north_arabian.ads
clang: warning: overriding deployment version from '16.0' to '26.0' [-Woverriding-deployment-version]
   [Ada]          unicode-names-enclosed_ideographic_sup.ads
clang: warning: overriding deployment version from '16.0' to '26.0' [-Woverriding-deployment-version]
   [Ada]          unicode.adb
clang: warning: overriding deployment version from '16.0' to '26.0' [-Woverriding-deployment-version]
   [Ada]          unicode-names-braille_patterns.ads
clang: warning: overriding deployment version from '16.0' to '26.0' [-Woverriding-deployment-version]
   [Ada]          unicode-names-geometric_shapes_extended.ads
clang: warning: overriding deployment version from '16.0' to '26.0' [-Woverriding-deployment-version]
   [Ada]          unicode-names-saurashtra.ads
clang: warning: overriding deployment version from '16.0' to '26.0' [-Woverriding-deployment-version]
   [Ada]          unicode-names-kayah_li.ads
clang: warning: overriding deployment version from '16.0' to '26.0' [-Woverriding-deployment-version]
   [Ada]          unicode-names-greek_and_coptic.ads
clang: warning: overriding deployment version from '16.0' to '26.0' [-Woverriding-deployment-version]
   [Ada]          unicode-names-hebrew.ads
clang: warning: overriding deployment version from '16.0' to '26.0' [-Woverriding-deployment-version]
   [Ada]          unicode-names-new_tai_lue.ads
clang: warning: overriding deployment version from '16.0' to '26.0' [-Woverriding-deployment-version]
   [Ada]          unicode-names-tifinagh.ads
clang: warning: overriding deployment version from '16.0' to '26.0' [-Woverriding-deployment-version]
   [Ada]          unicode-names-tirhuta.ads
clang: warning: overriding deployment version from '16.0' to '26.0' [-Woverriding-deployment-version]
   [Ada]          unicode-names-old_south_arabian.ads
clang: warning: overriding deployment version from '16.0' to '26.0' [-Woverriding-deployment-version]
   [Ada]          unicode-names-cyrillic_extended_b.ads
clang: warning: overriding deployment version from '16.0' to '26.0' [-Woverriding-deployment-version]
   [Ada]          unicode-names-tags.ads
clang: warning: overriding deployment version from '16.0' to '26.0' [-Woverriding-deployment-version]
   [Ada]          unicode-names-cuneiform_num_punctuation.ads
clang: warning: overriding deployment version from '16.0' to '26.0' [-Woverriding-deployment-version]
   [Ada]          unicode-names-sinhala_archaic_numbers.ads
clang: warning: overriding deployment version from '16.0' to '26.0' [-Woverriding-deployment-version]
   [Ada]          unicode-names-enclosed_alphanumerics.ads
clang: warning: overriding deployment version from '16.0' to '26.0' [-Woverriding-deployment-version]
   [Ada]          unicode-names-pau_cin_hau.ads
clang: warning: overriding deployment version from '16.0' to '26.0' [-Woverriding-deployment-version]
   [Ada]          unicode-names-meroitic_cursive.ads
clang: warning: overriding deployment version from '16.0' to '26.0' [-Woverriding-deployment-version]
   [Ada]          unicode-names-cjk_letters_months.ads
clang: warning: overriding deployment version from '16.0' to '26.0' [-Woverriding-deployment-version]
   [Ada]          unicode-names-sundanese.ads
clang: warning: overriding deployment version from '16.0' to '26.0' [-Woverriding-deployment-version]
   [Ada]          unicode-names-kangxi_radicals.ads
clang: warning: overriding deployment version from '16.0' to '26.0' [-Woverriding-deployment-version]
   [Ada]          unicode-names-telugu.ads
clang: warning: overriding deployment version from '16.0' to '26.0' [-Woverriding-deployment-version]
   [Ada]          unicode-names-devanagari.ads
clang: warning: overriding deployment version from '16.0' to '26.0' [-Woverriding-deployment-version]
   [Ada]          unicode-names-palmyrene.ads
clang: warning: overriding deployment version from '16.0' to '26.0' [-Woverriding-deployment-version]
   [Ada]          unicode-names-rejang.ads
clang: warning: overriding deployment version from '16.0' to '26.0' [-Woverriding-deployment-version]
   [Ada]          unicode-names-canadian_aboriginal_ext.ads
clang: warning: overriding deployment version from '16.0' to '26.0' [-Woverriding-deployment-version]
   [Ada]          unicode-names-shavian.ads
clang: warning: overriding deployment version from '16.0' to '26.0' [-Woverriding-deployment-version]
   [Ada]          unicode-names-hangul_compatibility_jamo.ads
clang: warning: overriding deployment version from '16.0' to '26.0' [-Woverriding-deployment-version]
   [Ada]          unicode-names-math_alphanumeric_symb.ads
clang: warning: overriding deployment version from '16.0' to '26.0' [-Woverriding-deployment-version]
   [Ada]          unicode-names-syriac.ads
clang: warning: overriding deployment version from '16.0' to '26.0' [-Woverriding-deployment-version]
   [Ada]          unicode-names-ol_chiki.ads
clang: warning: overriding deployment version from '16.0' to '26.0' [-Woverriding-deployment-version]
   [Ada]          unicode-names-modifier_tone_letters.ads
clang: warning: overriding deployment version from '16.0' to '26.0' [-Woverriding-deployment-version]
   [Ada]          unicode-names-linear_b_ideograms.ads
clang: warning: overriding deployment version from '16.0' to '26.0' [-Woverriding-deployment-version]
   [Ada]          unicode-names-samaritan.ads
clang: warning: overriding deployment version from '16.0' to '26.0' [-Woverriding-deployment-version]
   [Ada]          unicode-names-alpha_presentation_forms.ads
clang: warning: overriding deployment version from '16.0' to '26.0' [-Woverriding-deployment-version]
   [Ada]          unicode-names-dingbats.ads
clang: warning: overriding deployment version from '16.0' to '26.0' [-Woverriding-deployment-version]
   [Ada]          unicode-names-oriya.ads
clang: warning: overriding deployment version from '16.0' to '26.0' [-Woverriding-deployment-version]
   [Ada]          unicode-names-glagolitic.ads
clang: warning: overriding deployment version from '16.0' to '26.0' [-Woverriding-deployment-version]
   [Ada]          unicode-names-cjk_compatibility.ads
clang: warning: overriding deployment version from '16.0' to '26.0' [-Woverriding-deployment-version]
   [Ada]          unicode-names-greek_extended.ads
clang: warning: overriding deployment version from '16.0' to '26.0' [-Woverriding-deployment-version]
   [Ada]          unicode-names-limbu.ads
clang: warning: overriding deployment version from '16.0' to '26.0' [-Woverriding-deployment-version]
   [Ada]          unicode-names-katakana_phonetic_ext.ads
clang: warning: overriding deployment version from '16.0' to '26.0' [-Woverriding-deployment-version]
   [Ada]          unicode-names-modi.ads
clang: warning: overriding deployment version from '16.0' to '26.0' [-Woverriding-deployment-version]
   [Ada]          unicode-names-latin_extended_a.ads
clang: warning: overriding deployment version from '16.0' to '26.0' [-Woverriding-deployment-version]
   [Ada]          unicode-names-buginese.ads
clang: warning: overriding deployment version from '16.0' to '26.0' [-Woverriding-deployment-version]
   [Ada]          unicode-names-manichaean.ads
clang: warning: overriding deployment version from '16.0' to '26.0' [-Woverriding-deployment-version]
   [Ada]          unicode-names-ogham.ads
clang: warning: overriding deployment version from '16.0' to '26.0' [-Woverriding-deployment-version]
   [Ada]          unicode-names-lepcha.ads
clang: warning: overriding deployment version from '16.0' to '26.0' [-Woverriding-deployment-version]
   [Ada]          unicode-names-latin_extended_c.ads
clang: warning: overriding deployment version from '16.0' to '26.0' [-Woverriding-deployment-version]
   [Ada]          unicode-names-nko.ads
clang: warning: overriding deployment version from '16.0' to '26.0' [-Woverriding-deployment-version]
   [Ada]          unicode-names-egyptian_hieroglyphs.ads
clang: warning: overriding deployment version from '16.0' to '26.0' [-Woverriding-deployment-version]
   [Ada]          unicode-names-mongolian.ads
clang: warning: overriding deployment version from '16.0' to '26.0' [-Woverriding-deployment-version]
   [Ada]          unicode-names-counting_rod_numerals.ads
clang: warning: overriding deployment version from '16.0' to '26.0' [-Woverriding-deployment-version]
   [Ada]          unicode-names-bopomofo.ads
clang: warning: overriding deployment version from '16.0' to '26.0' [-Woverriding-deployment-version]
   [Ada]          unicode-names-bopomofo_extended.ads
clang: warning: overriding deployment version from '16.0' to '26.0' [-Woverriding-deployment-version]
   [Ada]          unicode-names-kaithi.ads
clang: warning: overriding deployment version from '16.0' to '26.0' [-Woverriding-deployment-version]
   [Ada]          unicode-names-latin_extended_b.ads
clang: warning: overriding deployment version from '16.0' to '26.0' [-Woverriding-deployment-version]
   [Ada]          unicode-names-cyrillic_supplement.ads
clang: warning: overriding deployment version from '16.0' to '26.0' [-Woverriding-deployment-version]
   [Ada]          unicode-names-old_persian.ads
clang: warning: overriding deployment version from '16.0' to '26.0' [-Woverriding-deployment-version]
   [Ada]          unicode-names-ornamental_dingbats.ads
clang: warning: overriding deployment version from '16.0' to '26.0' [-Woverriding-deployment-version]
   [Ada]          unicode-names-variation_selectors.ads
clang: warning: overriding deployment version from '16.0' to '26.0' [-Woverriding-deployment-version]
   [Ada]          unicode-names-thaana.ads
clang: warning: overriding deployment version from '16.0' to '26.0' [-Woverriding-deployment-version]
   [Ada]          unicode-names-bengali.ads
clang: warning: overriding deployment version from '16.0' to '26.0' [-Woverriding-deployment-version]
   [Ada]          unicode-names-hangul_jamo_extended_b.ads
clang: warning: overriding deployment version from '16.0' to '26.0' [-Woverriding-deployment-version]
   [Ada]          unicode-names-transport_and_map_symbols.ads
clang: warning: overriding deployment version from '16.0' to '26.0' [-Woverriding-deployment-version]
   [Ada]          unicode-names-supplemental_arrows_a.ads
clang: warning: overriding deployment version from '16.0' to '26.0' [-Woverriding-deployment-version]
   [Ada]          unicode-names-tai_tham.ads
clang: warning: overriding deployment version from '16.0' to '26.0' [-Woverriding-deployment-version]
   [Ada]          unicode-names-cjk_radicals_supplement.ads
clang: warning: overriding deployment version from '16.0' to '26.0' [-Woverriding-deployment-version]
   [Ada]          unicode-names-latin_1_supplement.ads
clang: warning: overriding deployment version from '16.0' to '26.0' [-Woverriding-deployment-version]
   [Ada]          unicode-names-multani.ads
clang: warning: overriding deployment version from '16.0' to '26.0' [-Woverriding-deployment-version]
   [Ada]          unicode-names-rumi_numeral_symbols.ads
clang: warning: overriding deployment version from '16.0' to '26.0' [-Woverriding-deployment-version]
   [Ada]          unicode-names-khudawadi.ads
clang: warning: overriding deployment version from '16.0' to '26.0' [-Woverriding-deployment-version]
   [Ada]          unicode-names-runic.ads
clang: warning: overriding deployment version from '16.0' to '26.0' [-Woverriding-deployment-version]
   [Ada]          unicode-names-ancient_greek_music.ads
clang: warning: overriding deployment version from '16.0' to '26.0' [-Woverriding-deployment-version]
   [Ada]          unicode-names-armenian.ads
clang: warning: overriding deployment version from '16.0' to '26.0' [-Woverriding-deployment-version]
   [Ada]          unicode-names-tamil.ads
clang: warning: overriding deployment version from '16.0' to '26.0' [-Woverriding-deployment-version]
   [Ada]          unicode-names-latin_extended_additional.ads
clang: warning: overriding deployment version from '16.0' to '26.0' [-Woverriding-deployment-version]
   [Ada]          unicode-names-combining_diacritical.ads
clang: warning: overriding deployment version from '16.0' to '26.0' [-Woverriding-deployment-version]
   [Ada]          unicode-names-tai_xuan_jing_symbols.ads
clang: warning: overriding deployment version from '16.0' to '26.0' [-Woverriding-deployment-version]
   [Ada]          unicode-names-phonetic_extensions.ads
clang: warning: overriding deployment version from '16.0' to '26.0' [-Woverriding-deployment-version]
   [Ada]          unicode-names.ads
clang: warning: overriding deployment version from '16.0' to '26.0' [-Woverriding-deployment-version]
   [Ada]          unicode-names-hangul_jamo_extended_a.ads
clang: warning: overriding deployment version from '16.0' to '26.0' [-Woverriding-deployment-version]
   [Ada]          unicode-names-supplemental_arrows_b.ads
clang: warning: overriding deployment version from '16.0' to '26.0' [-Woverriding-deployment-version]
   [Ada]          unicode-names-tai_viet.ads
clang: warning: overriding deployment version from '16.0' to '26.0' [-Woverriding-deployment-version]
   [Ada]          unicode-names-latin_extended_e.ads
clang: warning: overriding deployment version from '16.0' to '26.0' [-Woverriding-deployment-version]
   [Ada]          unicode-names-misc_symbols_and_arrows.ads
clang: warning: overriding deployment version from '16.0' to '26.0' [-Woverriding-deployment-version]
   [Ada]          unicode-names-small_form_variants.ads
clang: warning: overriding deployment version from '16.0' to '26.0' [-Woverriding-deployment-version]
   [Ada]          unicode-names-avestan.ads
clang: warning: overriding deployment version from '16.0' to '26.0' [-Woverriding-deployment-version]
   [Ada]          unicode-names-latin_extended_d.ads
clang: warning: overriding deployment version from '16.0' to '26.0' [-Woverriding-deployment-version]
   [Ada]          unicode-names-sutton_signwriting.ads
clang: warning: overriding deployment version from '16.0' to '26.0' [-Woverriding-deployment-version]
   [Ada]          unicode-names-supplemental_arrows_c.ads
clang: warning: overriding deployment version from '16.0' to '26.0' [-Woverriding-deployment-version]
   [Ada]          unicode-names-ahom.ads
clang: warning: overriding deployment version from '16.0' to '26.0' [-Woverriding-deployment-version]
   [Ada]          unicode-names-ethiopic_supplement.ads
clang: warning: overriding deployment version from '16.0' to '26.0' [-Woverriding-deployment-version]
   [Ada]          unicode-names-vai.ads
clang: warning: overriding deployment version from '16.0' to '26.0' [-Woverriding-deployment-version]
   [Ada]          unicode-names-georgian_supplement.ads
clang: warning: overriding deployment version from '16.0' to '26.0' [-Woverriding-deployment-version]
   [Ada]          unicode-names-sup_symbols_pictographs.ads
clang: warning: overriding deployment version from '16.0' to '26.0' [-Woverriding-deployment-version]
   [Ada]          unicode-names-domino_tiles.ads
clang: warning: overriding deployment version from '16.0' to '26.0' [-Woverriding-deployment-version]
   [Ada]          unicode-names-katakana.ads
clang: warning: overriding deployment version from '16.0' to '26.0' [-Woverriding-deployment-version]
   [Ada]          unicode-names-cjk_strokes.ads
clang: warning: overriding deployment version from '16.0' to '26.0' [-Woverriding-deployment-version]
   [Ada]          unicode-names-arabic_present_formsb.ads
clang: warning: overriding deployment version from '16.0' to '26.0' [-Woverriding-deployment-version]
   [Ada]          unicode-ces-utf8.adb
clang: warning: overriding deployment version from '16.0' to '26.0' [-Woverriding-deployment-version]
   [Ada]          unicode-names-batak.ads
clang: warning: overriding deployment version from '16.0' to '26.0' [-Woverriding-deployment-version]
   [Ada]          unicode-names-ugaritic.ads
clang: warning: overriding deployment version from '16.0' to '26.0' [-Woverriding-deployment-version]
   [Ada]          unicode-names-common_indic_number_forms.ads
clang: warning: overriding deployment version from '16.0' to '26.0' [-Woverriding-deployment-version]
   [Ada]          unicode-names-playing_cards.ads
clang: warning: overriding deployment version from '16.0' to '26.0' [-Woverriding-deployment-version]
   [Ada]          unicode-names-mahajani.ads
clang: warning: overriding deployment version from '16.0' to '26.0' [-Woverriding-deployment-version]
   [Ada]          unicode-names-phags_pa.ads
clang: warning: overriding deployment version from '16.0' to '26.0' [-Woverriding-deployment-version]
   [Ada]          unicode-names-yi_radicals.ads
clang: warning: overriding deployment version from '16.0' to '26.0' [-Woverriding-deployment-version]
   [Ada]          unicode-names-bamum.ads
clang: warning: overriding deployment version from '16.0' to '26.0' [-Woverriding-deployment-version]
   [Ada]          unicode-names-vedic_extensions.ads
clang: warning: overriding deployment version from '16.0' to '26.0' [-Woverriding-deployment-version]
   [Ada]          unicode-names-khojki.ads
clang: warning: overriding deployment version from '16.0' to '26.0' [-Woverriding-deployment-version]
   [Ada]          unicode-names-elbasan.ads
clang: warning: overriding deployment version from '16.0' to '26.0' [-Woverriding-deployment-version]
   [Ada]          unicode-names-tagalog.ads
clang: warning: overriding deployment version from '16.0' to '26.0' [-Woverriding-deployment-version]
   [Ada]          unicode-ccs-iso_8859_4.adb
clang: warning: overriding deployment version from '16.0' to '26.0' [-Woverriding-deployment-version]
   [Ada]          unicode-ccs.adb
clang: warning: overriding deployment version from '16.0' to '26.0' [-Woverriding-deployment-version]
   [Ada]          unicode-names-box_drawing.ads
clang: warning: overriding deployment version from '16.0' to '26.0' [-Woverriding-deployment-version]
   [Ada]          unicode-names-alchemical_symbols.ads
clang: warning: overriding deployment version from '16.0' to '26.0' [-Woverriding-deployment-version]
   [Ada]          unicode-names-variation_selectors_sup.ads
clang: warning: overriding deployment version from '16.0' to '26.0' [-Woverriding-deployment-version]
   [Ada]          unicode-names-buhid.ads
clang: warning: overriding deployment version from '16.0' to '26.0' [-Woverriding-deployment-version]
   [Ada]          unicode-names-arabic_present_formsa.ads
clang: warning: overriding deployment version from '16.0' to '26.0' [-Woverriding-deployment-version]
   [Ada]          unicode-names-cham.ads
clang: warning: overriding deployment version from '16.0' to '26.0' [-Woverriding-deployment-version]
   [Ada]          unicode-names-caucasian_albanian.ads
clang: warning: overriding deployment version from '16.0' to '26.0' [-Woverriding-deployment-version]
   [Ada]          unicode-names-osmanya.ads
clang: warning: overriding deployment version from '16.0' to '26.0' [-Woverriding-deployment-version]
   [Ada]          unicode-names-shorthand_format_controls.ads
clang: warning: overriding deployment version from '16.0' to '26.0' [-Woverriding-deployment-version]
   [Ada]          unicode-names-cjk_symbols_and_punct.ads
clang: warning: overriding deployment version from '16.0' to '26.0' [-Woverriding-deployment-version]
   [Ada]          unicode-names-miscellaneous_technical.ads
clang: warning: overriding deployment version from '16.0' to '26.0' [-Woverriding-deployment-version]
   [Ada]          unicode-names-tai_le.ads
clang: warning: overriding deployment version from '16.0' to '26.0' [-Woverriding-deployment-version]
   [Ada]          unicode-names-kanbun.ads
clang: warning: overriding deployment version from '16.0' to '26.0' [-Woverriding-deployment-version]
   [Ada]          unicode-names-general_punctuation.ads
clang: warning: overriding deployment version from '16.0' to '26.0' [-Woverriding-deployment-version]
   [Ada]          unicode-ccs-iso_8859_1.adb
clang: warning: overriding deployment version from '16.0' to '26.0' [-Woverriding-deployment-version]
   [Ada]          unicode-names-kana_supplement.ads
clang: warning: overriding deployment version from '16.0' to '26.0' [-Woverriding-deployment-version]
   [Ada]          unicode-names-spacing_modifier_letters.ads
clang: warning: overriding deployment version from '16.0' to '26.0' [-Woverriding-deployment-version]
   [Ada]          unicode-names-ancient_symbols.ads
clang: warning: overriding deployment version from '16.0' to '26.0' [-Woverriding-deployment-version]
   [Ada]          unicode-names-early_dynastic_cuneiform.ads
clang: warning: overriding deployment version from '16.0' to '26.0' [-Woverriding-deployment-version]
   [Ada]          unicode-names-syloti_nagri.ads
clang: warning: overriding deployment version from '16.0' to '26.0' [-Woverriding-deployment-version]
   [Ada]          unicode-names-psalter_pahlavi.ads
clang: warning: overriding deployment version from '16.0' to '26.0' [-Woverriding-deployment-version]
   [Ada]          unicode-names-hatran.ads
clang: warning: overriding deployment version from '16.0' to '26.0' [-Woverriding-deployment-version]
   [Ada]          unicode-names-letterlike_symbols.ads
clang: warning: overriding deployment version from '16.0' to '26.0' [-Woverriding-deployment-version]
   [Ada]          unicode-names-emoticons.ads
clang: warning: overriding deployment version from '16.0' to '26.0' [-Woverriding-deployment-version]
   [Ada]          unicode-names-takri.ads
clang: warning: overriding deployment version from '16.0' to '26.0' [-Woverriding-deployment-version]
   [Ada]          unicode-names-specials.ads
clang: warning: overriding deployment version from '16.0' to '26.0' [-Woverriding-deployment-version]
   [Ada]          unicode-names-kharoshthi.ads
clang: warning: overriding deployment version from '16.0' to '26.0' [-Woverriding-deployment-version]
   [Ada]          unicode-names-kannada.ads
clang: warning: overriding deployment version from '16.0' to '26.0' [-Woverriding-deployment-version]
   [Ada]          unicode-ccs-iso_8859_2.adb
clang: warning: overriding deployment version from '16.0' to '26.0' [-Woverriding-deployment-version]
   [Ada]          unicode-names-old_permic.ads
clang: warning: overriding deployment version from '16.0' to '26.0' [-Woverriding-deployment-version]
   [Ada]          unicode-names-cherokee.ads
clang: warning: overriding deployment version from '16.0' to '26.0' [-Woverriding-deployment-version]
   [Ada]          unicode-names-geometric_shapes.ads
clang: warning: overriding deployment version from '16.0' to '26.0' [-Woverriding-deployment-version]
   [Ada]          unicode-ces-basic_8bit.adb
clang: warning: overriding deployment version from '16.0' to '26.0' [-Woverriding-deployment-version]
   [Ada]          unicode-names-cherokee_supplement.ads
clang: warning: overriding deployment version from '16.0' to '26.0' [-Woverriding-deployment-version]
   [Ada]          unicode-names-enclosed_alphanum_sup.ads
clang: warning: overriding deployment version from '16.0' to '26.0' [-Woverriding-deployment-version]
   [Ada]          unicode-names-bamum_supplement.ads
clang: warning: overriding deployment version from '16.0' to '26.0' [-Woverriding-deployment-version]
   [Ada]          unicode-names-number_forms.ads
clang: warning: overriding deployment version from '16.0' to '26.0' [-Woverriding-deployment-version]
   [Ada]          unicode-names-basic_latin.ads
clang: warning: overriding deployment version from '16.0' to '26.0' [-Woverriding-deployment-version]
   [Ada]          unicode-names-old_italic.ads
clang: warning: overriding deployment version from '16.0' to '26.0' [-Woverriding-deployment-version]
   [Ada]          unicode-names-old_turkic.ads
clang: warning: overriding deployment version from '16.0' to '26.0' [-Woverriding-deployment-version]
   [Ada]          unicode-names-duployan.ads
clang: warning: overriding deployment version from '16.0' to '26.0' [-Woverriding-deployment-version]
   [Ada]          unicode-names-inscriptional_parthian.ads
clang: warning: overriding deployment version from '16.0' to '26.0' [-Woverriding-deployment-version]
   [Ada]          unicode-names-arabic_supplement.ads
clang: warning: overriding deployment version from '16.0' to '26.0' [-Woverriding-deployment-version]
   [Ada]          unicode-names-coptic_epact_numbers.ads
clang: warning: overriding deployment version from '16.0' to '26.0' [-Woverriding-deployment-version]
   [Ada]          unicode-names-combining_diacritical_ext.ads
clang: warning: overriding deployment version from '16.0' to '26.0' [-Woverriding-deployment-version]
   [Ada]          unicode-names-khmer_symbols.ads
clang: warning: overriding deployment version from '16.0' to '26.0' [-Woverriding-deployment-version]
   [Ada]          unicode-ccs-iso_8859_3.adb
clang: warning: overriding deployment version from '16.0' to '26.0' [-Woverriding-deployment-version]
   [Ada]          unicode-ces.adb
clang: warning: overriding deployment version from '16.0' to '26.0' [-Woverriding-deployment-version]
   [Ada]          unicode-names-sundanese_supplement.ads
clang: warning: overriding deployment version from '16.0' to '26.0' [-Woverriding-deployment-version]
   [Ada]          unicode-names-half_full_width_forms.ads
clang: warning: overriding deployment version from '16.0' to '26.0' [-Woverriding-deployment-version]
   [Ada]          unicode-names-gothic.ads
clang: warning: overriding deployment version from '16.0' to '26.0' [-Woverriding-deployment-version]
   [Ada]          unicode-names-myanmar_extended_a.ads
clang: warning: overriding deployment version from '16.0' to '26.0' [-Woverriding-deployment-version]
   [Ada]          unicode-names-lydian.ads
clang: warning: overriding deployment version from '16.0' to '26.0' [-Woverriding-deployment-version]
   [Ada]          unicode-names-arabic_extended_a.ads
clang: warning: overriding deployment version from '16.0' to '26.0' [-Woverriding-deployment-version]
   [Ada]          unicode-names-tagbanwa.ads
clang: warning: overriding deployment version from '16.0' to '26.0' [-Woverriding-deployment-version]
   [Ada]          unicode-names-cjk_compat_ideo_sup.ads
clang: warning: overriding deployment version from '16.0' to '26.0' [-Woverriding-deployment-version]
   [Ada]          unicode-names-combining_diacritical_sym.ads
clang: warning: overriding deployment version from '16.0' to '26.0' [-Woverriding-deployment-version]
   [Ada]          unicode-names-phaistos_disc.ads
clang: warning: overriding deployment version from '16.0' to '26.0' [-Woverriding-deployment-version]
   [Ada]          unicode-names-linear_b_syllabary.ads
clang: warning: overriding deployment version from '16.0' to '26.0' [-Woverriding-deployment-version]
   [Ada]          unicode-names-linear_a.ads
clang: warning: overriding deployment version from '16.0' to '26.0' [-Woverriding-deployment-version]
   [Ada]          unicode-names-arabic.ads
clang: warning: overriding deployment version from '16.0' to '26.0' [-Woverriding-deployment-version]
   [Ada]          unicode-names-ideograph_descr_chars.ads
clang: warning: overriding deployment version from '16.0' to '26.0' [-Woverriding-deployment-version]
   [Ada]          unicode-names-cypriot_syllabary.ads
clang: warning: overriding deployment version from '16.0' to '26.0' [-Woverriding-deployment-version]
   [Ada]          unicode-names-phoenician.ads
clang: warning: overriding deployment version from '16.0' to '26.0' [-Woverriding-deployment-version]
   [Ada]          unicode-names-siddham.ads
clang: warning: overriding deployment version from '16.0' to '26.0' [-Woverriding-deployment-version]
   [Ada]          unicode-names-hangul_jamo.ads
clang: warning: overriding deployment version from '16.0' to '26.0' [-Woverriding-deployment-version]
   [Ada]          unicode-names-myanmar_extended_b.ads
clang: warning: overriding deployment version from '16.0' to '26.0' [-Woverriding-deployment-version]
   [Ada]          unicode-names-byzantine_musical_symbols.ads
clang: warning: overriding deployment version from '16.0' to '26.0' [-Woverriding-deployment-version]
   [Ada]          unicode-names-anatolian_hieroglyphs.ads
clang: warning: overriding deployment version from '16.0' to '26.0' [-Woverriding-deployment-version]
   [Ada]          unicode-names-chakma.ads
clang: warning: overriding deployment version from '16.0' to '26.0' [-Woverriding-deployment-version]
   [Ada]          unicode-names-warang_citi.ads
clang: warning: overriding deployment version from '16.0' to '26.0' [-Woverriding-deployment-version]
   [Ada]          unicode-names-sharada.ads
clang: warning: overriding deployment version from '16.0' to '26.0' [-Woverriding-deployment-version]
   [Ada]          unicode-names-cjk_compat_ideographs.ads
clang: warning: overriding deployment version from '16.0' to '26.0' [-Woverriding-deployment-version]
   [Ada]          unicode-names-mahjong_tiles.ads
clang: warning: overriding deployment version from '16.0' to '26.0' [-Woverriding-deployment-version]
   [Ada]          unicode-names-control_pictures.ads
clang: warning: overriding deployment version from '16.0' to '26.0' [-Woverriding-deployment-version]
   [Ada]          unicode-names-sinhala.ads
clang: warning: overriding deployment version from '16.0' to '26.0' [-Woverriding-deployment-version]
   [Ada]          unicode-names-aegean_numbers.ads
clang: warning: overriding deployment version from '16.0' to '26.0' [-Woverriding-deployment-version]
   [Ada]          unicode-names-grantha.ads
clang: warning: overriding deployment version from '16.0' to '26.0' [-Woverriding-deployment-version]
   [Ada]          unicode-ccs-iso_8859_15.adb
clang: warning: overriding deployment version from '16.0' to '26.0' [-Woverriding-deployment-version]
   [Ada]          unicode-names-phonetic_ext_sup.ads
clang: warning: overriding deployment version from '16.0' to '26.0' [-Woverriding-deployment-version]
   [Ada]          unicode-names-yi_syllables.ads
clang: warning: overriding deployment version from '16.0' to '26.0' [-Woverriding-deployment-version]
   [Ada]          unicode-names-gurmukhi.ads
clang: warning: overriding deployment version from '16.0' to '26.0' [-Woverriding-deployment-version]
   [Ada]          unicode-names-cyrillic.ads
clang: warning: overriding deployment version from '16.0' to '26.0' [-Woverriding-deployment-version]
   [Ada]          unicode-names-yijing_hexagram_symbols.ads
clang: warning: overriding deployment version from '16.0' to '26.0' [-Woverriding-deployment-version]
   [Ada]          unicode-names-carian.ads
clang: warning: overriding deployment version from '16.0' to '26.0' [-Woverriding-deployment-version]
   [Ada]          unicode-names-javanese.ads
clang: warning: overriding deployment version from '16.0' to '26.0' [-Woverriding-deployment-version]
   [Ada]          unicode-names-misc_symbols_pictographs.ads
clang: warning: overriding deployment version from '16.0' to '26.0' [-Woverriding-deployment-version]
   [Ada]          unicode-names-meetei_mayek_extensions.ads
clang: warning: overriding deployment version from '16.0' to '26.0' [-Woverriding-deployment-version]
   [Ada]          unicode-names-tibetan.ads
clang: warning: overriding deployment version from '16.0' to '26.0' [-Woverriding-deployment-version]
   [Ada]          unicode-names-lisu.ads
clang: warning: overriding deployment version from '16.0' to '26.0' [-Woverriding-deployment-version]
   [Ada]          unicode-names-ethiopic_extended.ads
clang: warning: overriding deployment version from '16.0' to '26.0' [-Woverriding-deployment-version]
   [Ada]          unicode-names-miao.ads
clang: warning: overriding deployment version from '16.0' to '26.0' [-Woverriding-deployment-version]
   [Ada]          unicode-names-brahmi.ads
clang: warning: overriding deployment version from '16.0' to '26.0' [-Woverriding-deployment-version]
   [Ada]          unicode-names-arabic_math_alpha_symb.ads
clang: warning: overriding deployment version from '16.0' to '26.0' [-Woverriding-deployment-version]
   [Ada]          unicode-names-gujarati.ads
clang: warning: overriding deployment version from '16.0' to '26.0' [-Woverriding-deployment-version]
   [Ada]          unicode-names-malayalam.ads
clang: warning: overriding deployment version from '16.0' to '26.0' [-Woverriding-deployment-version]
   [Ada]          unicode-names-old_hungarian.ads
clang: warning: overriding deployment version from '16.0' to '26.0' [-Woverriding-deployment-version]
   [Ada]          unicode-names-arrows.ads
clang: warning: overriding deployment version from '16.0' to '26.0' [-Woverriding-deployment-version]
   [Ada]          unicode-names-mandaic.ads
clang: warning: overriding deployment version from '16.0' to '26.0' [-Woverriding-deployment-version]
   [Ada]          unicode-ces-utf32.adb
clang: warning: overriding deployment version from '16.0' to '26.0' [-Woverriding-deployment-version]
   [Ada]          unicode-names-cjk_compatibility_forms.ads
clang: warning: overriding deployment version from '16.0' to '26.0' [-Woverriding-deployment-version]
   [Ada]          unicode-names-currency_symbols.ads
clang: warning: overriding deployment version from '16.0' to '26.0' [-Woverriding-deployment-version]
   [Ada]          unicode-names-meetei_mayek.ads
clang: warning: overriding deployment version from '16.0' to '26.0' [-Woverriding-deployment-version]
   [Ada]          unicode-names-deseret.ads
clang: warning: overriding deployment version from '16.0' to '26.0' [-Woverriding-deployment-version]
   [Ada]          unicode-names-hanunoo.ads
clang: warning: overriding deployment version from '16.0' to '26.0' [-Woverriding-deployment-version]
   [Ada]          unicode-names-canadian_aboriginal.ads
clang: warning: overriding deployment version from '16.0' to '26.0' [-Woverriding-deployment-version]
   [Ada]          unicode-names-hiragana.ads
clang: warning: overriding deployment version from '16.0' to '26.0' [-Woverriding-deployment-version]
   [Ada]          unicode-names-devanagari_extended.ads
clang: warning: overriding deployment version from '16.0' to '26.0' [-Woverriding-deployment-version]
   [Ada]          unicode-names-super_and_sub_scripts.ads
clang: warning: overriding deployment version from '16.0' to '26.0' [-Woverriding-deployment-version]
   [Ada]          unicode-names-meroitic_hieroglyphs.ads
clang: warning: overriding deployment version from '16.0' to '26.0' [-Woverriding-deployment-version]
   [C]            gpr_imports.c
clang: warning: overriding deployment version from '16.0' to '26.0' [-Woverriding-deployment-version]
   [Ada]          gpr-util.adb
clang: warning: overriding deployment version from '16.0' to '26.0' [-Woverriding-deployment-version]
   [Ada]          gpr.adb
/Users/runner/.local/share/alire/builds/libgpr_25.0.0_17669998/1ed2696a127bc6a53003b103b2bc1308835283030b675b0fc0e5b9afbbeae17f/gpr/src/gpr_imports.c:37:10: fatal error: string.h: No such file or directory
   37 | #include <string.h>
      |          ^~~~~~~~~~
compilation terminated.
clang: warning: overriding deployment version from '16.0' to '26.0' [-Woverriding-deployment-version]
clang: warning: overriding deployment version from '16.0' to '26.0' [-Woverriding-deployment-version]

   compilation of gpr_imports.c failed

gprbuild: *** compilation phase failed
stderr: Command ["gprbuild", "-s", "-j0", "-p", "-P", "/Users/runner/work/alire-crates-ci/alire-crates-ci/test/11ccc1a0-8488-4e0e-a4a0-8633dcfffb4e/meadowsweet_0.1.0_f5e1bc3a/meadowsweet.gpr", "-cargs:Ada", "-gnatwn"] exited with code 4
ERROR: Command ["gprbuild", "-s", "-j0", "-p", "-P", "/Users/runner/work/alire-crates-ci/alire-crates-ci/test/11ccc1a0-8488-4e0e-a4a0-8633dcfffb4e/meadowsweet_0.1.0_f5e1bc3a/meadowsweet.gpr", "-cargs:Ada", "-gnatwn"] exited with code 4
stderr: ALIRE.CHECKED_ERROR
stderr: Command ["gprbuild", "-s", "-j0", "-p", "-P", "/Users/runner/work/alire-crates-ci/alire-crates-ci/test/11ccc1a0-8488-4e0e-a4a0-8633dcfffb4e/meadowsweet_0.1.0_f5e1bc3a/meadowsweet.gpr", "-cargs:Ada", "-gnatwn"] exited with code 4
stderr: raised ALIRE.CHECKED_ERROR : alire-stored-error:1
Load address: 0x104870000
Call stack traceback locations:
0x10557c0cc 0x10557c12c 0x1052d066c 0x104f15568 0x10519a594 0x10519b4f4 0x1050d933c 0x1050d7b08 0x1050fb78c 0x10515b56c 0x10515a99c 0x1050fb868 0x1050fb950 0x1050d800c 0x1050d8174 0x1048e1730 0x1048e1070 0x1048e11e4 0x10497eb38 0x104989c78 0x1048729f8 0x104877a2c

stderr: ALIRE.ROOTS.BUILD._WRAPPED_STATEMENTS.BUILD_FAILED
stderr: alire-roots.adb:202
stderr: raised ALIRE.ROOTS.BUILD._WRAPPED_STATEMENTS.BUILD_FAILED : alire-roots.adb:202
Load address: 0x104870000
Call stack traceback locations:
0x10557c0cc 0x10557c12c 0x1050d9640 0x1050d7b08 0x1050fb78c 0x10515b56c 0x10515a99c 0x1050fb868 0x1050fb950 0x1050d800c 0x1050d8174 0x1048e1730 0x1048e1070 0x1048e11e4 0x10497eb38 0x104989c78 0x1048729f8 0x104877a2c

ERROR: Compilation failed.
