Test ran at 2025-10-25 12:28:30.212296+00:00

SOLUTION:
freetypeada=0.1.0: Thick binding to the FreeType library
Origin: commit 4fd90f573dc83a9b23e462520a60eb6a8dd92878 from https://github.com/flyx/FreeTypeAda.git
Properties:
   Author: Felix Krause
   Description: Thick binding to the FreeType library
   case OS is
      when Linux => GPR External: FreeType_Linker_Param := -lfreetype
      when Macos => GPR External: FreeType_Linker_Param := -lfreetype
      when Windows => GPR External: FreeType_Linker_Param := -lfreetype-6
   License: MIT
   Maintainer: Felix Krause <contact@flyx.org>
   Maintainers_Logins: flyx
   Name: freetypeada
   Project_File: freetype.gpr
   Tag: fonts
   Tag: rendering
   Version: 0.1.0
   Website: https://github.com/flyx/FreeTypeAda
Dependencies (direct):
   case OS is
      when Linux => libfreetype^2
      when Windows => libfreetype^2


LOG:
[alr test] Testing freetypeada=0.1.0
[alr test] Spawning retrieval for remote crate: alr -d -n get freetypeada=0.1.0
Note: Deploying freetypeada=0.1.0...
Note: Migrating lockfile from /Users/runner/work/alire-crates-ci/alire-crates-ci/test/7ee65e3f-8c8d-4e16-82e0-dca87a70749b/freetypeada_0.1.0_4fd90f57/alire.lock to /Users/runner/work/alire-crates-ci/alire-crates-ci/test/7ee65e3f-8c8d-4e16-82e0-dca87a70749b/freetypeada_0.1.0_4fd90f57/alire/alire.lock

freetypeada=0.1.0 successfully retrieved.
There are no dependencies.
[alr test] Spawning default test for remote crate: alr -d -n build --release -- -cargs:Ada -gnatwn
Note: Building freetypeada=0.1.0/freetype.gpr...
Setup
   [mkdir]        object directory for project FreeType
   [mkdir]        library directory for project FreeType
Compile
   [ada]          ft-errors.adb
   [ada]          ft-api-glyphs.ads
   [ada]          ft.adb
   [ada]          ft-faces.adb
   [ada]          ft-api.ads
   [ada]          ft-glyphs.adb
   [ada]          ft-utilities.adb
Build Libraries
   [gprlib]       FreeTypeAda.lexch
   [archive]      libFreeTypeAda.a
   [index]        libFreeTypeAda.a
Success: Build finished successfully in 3.07 seconds.
Found declared GPR file: freetype.gpr
[alr test] Test completed SUCCESSFULLY
