Test ran at 2025-08-09 00:42:41.424841+00:00

SOLUTION:
gnat_arm_elf=15.1.2: The GNAT Ada compiler - ARM cross-compiler
Provides: gnat=15.1.2
Origin: (case OS is Linux => (case Host_Arch is Aarch64 => binary archive gnat-arm-elf-linux64-aarch64-15.1.0-2.tar.gz at https://github.com/alire-project/GNAT-FSF-builds/releases/download/gnat-15.1.0-2/gnat-arm-elf-linux64-aarch64-15.1.0-2.tar.gz, X86_64 => binary archive gnat-arm-elf-linux64-x86_64-15.1.0-2.tar.gz at https://github.com/alire-project/GNAT-FSF-builds/releases/download/gnat-15.1.0-2/gnat-arm-elf-linux64-x86_64-15.1.0-2.tar.gz), Macos => (case Host_Arch is Aarch64 => binary archive gnat-arm-elf-darwin-aarch64-15.1.0-2.tar.gz at https://github.com/alire-project/GNAT-FSF-builds/releases/download/gnat-15.1.0-2/gnat-arm-elf-darwin-aarch64-15.1.0-2.tar.gz, X86_64 => binary archive gnat-arm-elf-darwin-x86_64-15.1.0-2.tar.gz at https://github.com/alire-project/GNAT-FSF-builds/releases/download/gnat-15.1.0-2/gnat-arm-elf-darwin-x86_64-15.1.0-2.tar.gz), Windows => (case Host_Arch is X86_64 => binary archive gnat-arm-elf-windows64-x86_64-15.1.0-2.tar.gz at https://github.com/alire-project/GNAT-FSF-builds/releases/download/gnat-15.1.0-2/gnat-arm-elf-windows64-x86_64-15.1.0-2.tar.gz)) with hash sha256:f21ddf05a65c954b035f7df4b99e74815fe31b9d2a287c21602099c3cb156c96
Properties:
   Auto_Gpr_With: auto-gpr-with=false
   Configuration: no modifiers
   Description: The GNAT Ada compiler - ARM cross-compiler
   Environment: PATH=${CRATE_ROOT}/bin:${PATH}
   License: GPL-3.0-or-later AND GPL-3.0-or-later WITH GCC-exception-3.1
   Maintainer: chouteau@adacore.com
   Maintainer: sagaert@adacore.com
   Maintainers_Logins: Fabien-Chouteau
   Maintainers_Logins: AldanTanneo
   Name: gnat_arm_elf
   Version: 15.1.2
   Website: https://github.com/alire-project/GNAT-FSF-builds


LOG:
[alr test] Testing gnat_arm_elf=15.1.2
[alr test] Spawning retrieval for remote crate: alr -d -n get gnat_arm_elf=15.1.2
Note: Deploying gnat_arm_elf=15.1.2...
#=#=#                                                                          

                                                                           0.0%
                                                                           0.8%
                                                                           0.9%
##                                                                         2.9%
##                                                                         2.9%
###                                                                        5.4%
#####                                                                      8.3%
#######                                                                   10.1%
########                                                                  11.7%
##########                                                                14.4%
###########                                                               16.5%
##############                                                            20.3%
################                                                          22.7%
#################                                                         24.9%
###################                                                       27.1%
#####################                                                     30.2%
#######################                                                   33.0%
########################                                                  33.9%
#########################                                                 36.1%
############################                                              39.2%
#############################                                             40.4%
##############################                                            42.7%
################################                                          45.4%
##################################                                        47.5%
#####################################                                     51.6%
#####################################                                     51.6%
#####################################                                     52.1%
#######################################                                   54.2%
#########################################                                 57.3%
###########################################                               59.9%
############################################                              61.9%
##############################################                            64.0%
################################################                          66.7%
#################################################                         68.6%
#################################################                         68.6%
##################################################                        69.8%
####################################################                      72.3%
#####################################################                     74.4%
########################################################                  78.0%
#########################################################                 80.2%
###########################################################               82.0%
############################################################              84.4%
############################################################              84.6%
#############################################################             85.5%
#############################################################             85.5%
###############################################################           87.6%
################################################################          88.9%
#################################################################         90.9%
##################################################################        92.9%
#####################################################################     96.3%
#######################################################################   99.1%
######################################################################## 100.0%

gnat_arm_elf=15.1.2 successfully retrieved.
There are no dependencies.
[alr test] Test completed SUCCESSFULLY
