Test ran at 2026-08-26 12:55:07.115976+00:00

SOLUTION:
asfml=3.0.0: Ada binding to SFML, the Simple and Fast Multimedia Library
Origin: commit 92f1513aa47b6d9bafea6d82ae22f48ede65ff9b from https://github.com/mgrojo/ASFML.git
Properties:
   Author: Manuel Gomez
   Author: Dan Lee Vazquez Garcia
   Description: Ada binding to SFML, the Simple and Fast Multimedia Library
   License: custom-zlib-acknowledgement
   Long_Description: [![ASFML logo](https://raw.githubusercontent.com/mgrojo/ASFML/master/images/ASFML_Logo.svg)](https://www.sfml-dev.org)
![Ada (GNAT)](https://github.com/mgrojo/ASFML/workflows/Ada%20(GNAT)/badge.svg)
[![Gitter chat](https://badges.gitter.im/gitterHQ/gitter.png)](https://gitter.im/ada-lang/Lobby)
[![Mentioned in Awesome Ada](https://awesome.re/mentioned-badge.svg)](https://github.com/ohenley/awesome-ada)

ASFML is an Ada semi-thick binding to the
[SFML](https://www.sfml-dev.org/) library. It uses Ada types and
portable defined types which eliminates the inclusion of Ada interface
libraries, but most of the functions are directly imported.

# Documentation
Generated API documentation can be consulted [online](https://mgrojo.github.io/ASFML/doc/).

The Ada API follows the [CSFML](https://26.customprotocol.com/csfml/index.htm) interface, but
with some changes and additions for ease of use.

Applicability of the [SFML documentation](https://www.sfml-dev.org/learn.php) is usually straightforward.


   Maintainer: Manuel Gomez <mgrojo@gmail.com>
   Maintainers_Logins: mgrojo
   Name: asfml
   Tag: audio
   Tag: games
   Tag: opengl
   Tag: cross-platform
   Tag: multimedia
   Tag: binding
   Tag: graphics
   Tag: sfml
   Version: 3.0.0
   Website: https://mgrojo.github.io/ASFML/
Dependencies (direct):
   libcsfml^3.0.0
Dependencies (solution):
   libcsfml=3.0.0
Dependencies (graph):
   asfml=3.0.0 --> libcsfml=3.0.0 (^3.0.0)


LOG:
[alr test] Testing asfml=3.0.0
[alr test] Spawning retrieval for remote crate: alr -d -n get asfml=3.0.0
Note: Deploying asfml=3.0.0...
Note: Deploying libcsfml=3.0.0...
The system package 'mingw-w64-x86_64-csfml' is about to be installed.
This action might require admin privileges and impact your system installation.
Do you want Alire to install this system package?
Using default: Yes
resolving dependencies...
looking for conflicting packages...
warning: dependency cycle detected:
warning: mingw-w64-x86_64-harfbuzz will be installed before its mingw-w64-x86_64-freetype dependency

Packages (31) mingw-w64-x86_64-brotli-1.2.0-1  mingw-w64-x86_64-bzip2-1.0.8-4  mingw-w64-x86_64-expat-2.8.3-1  mingw-w64-x86_64-flac-1.5.0-2  mingw-w64-x86_64-freetype-2.14.3-1  mingw-w64-x86_64-glib2-2.88.3-1  mingw-w64-x86_64-graphite2-1.3.15-1  mingw-w64-x86_64-harfbuzz-14.3.1-1  mingw-w64-x86_64-libb2-0.98.1-3  mingw-w64-x86_64-libffi-3.8.0-1  mingw-w64-x86_64-libjpeg-turbo-3.2.0-1  mingw-w64-x86_64-libmysofa-1.3.5-1  mingw-w64-x86_64-libogg-1.3.6-1  mingw-w64-x86_64-libpng-1.6.58-1  mingw-w64-x86_64-libsystre-1.0.2-2  mingw-w64-x86_64-libtre-0.9.0-2  mingw-w64-x86_64-libvorbis-1.3.7-3  mingw-w64-x86_64-mpdecimal-4.0.1-3  mingw-w64-x86_64-ncurses-6.6-4  mingw-w64-x86_64-openal-1.25.2-1  mingw-w64-x86_64-openssl-3.6.4-1  mingw-w64-x86_64-pcre2-10.47-1  mingw-w64-x86_64-python-3.14.7-1  mingw-w64-x86_64-python-packaging-26.3-1  mingw-w64-x86_64-sfml-3.0.2-3  mingw-w64-x86_64-sqlite3-3.53.4-1  mingw-w64-x86_64-tcl-8.6.18-1  mingw-w64-x86_64-tk-8.6.18-1  mingw-w64-x86_64-wineditline-2.208-1  mingw-w64-x86_64-xz-5.8.3-1  mingw-w64-x86_64-csfml-3.0.0.rc3-1

Total Download Size:    60.50 MiB
Total Installed Size:  443.00 MiB

:: Proceed with installation? [Y/n] 
:: Retrieving packages...
 mingw-w64-x86_64-python-3.14.7-1-any downloading...
 mingw-w64-x86_64-openssl-3.6.4-1-any downloading...
 mingw-w64-x86_64-glib2-2.88.3-1-any downloading...
 mingw-w64-x86_64-tcl-8.6.18-1-any downloading...
 mingw-w64-x86_64-sqlite3-3.53.4-1-any downloading...
 mingw-w64-x86_64-harfbuzz-14.3.1-1-any downloading...
 mingw-w64-x86_64-tk-8.6.18-1-any downloading...
 mingw-w64-x86_64-openal-1.25.2-1-any downloading...
 mingw-w64-x86_64-ncurses-6.6-4-any downloading...
 mingw-w64-x86_64-pcre2-10.47-1-any downloading...
 mingw-w64-x86_64-libmysofa-1.3.5-1-any downloading...
 mingw-w64-x86_64-sfml-3.0.2-3-any downloading...
 mingw-w64-x86_64-libjpeg-turbo-3.2.0-1-any downloading...
 mingw-w64-x86_64-freetype-2.14.3-1-any downloading...
 mingw-w64-x86_64-flac-1.5.0-2-any downloading...
 mingw-w64-x86_64-xz-5.8.3-1-any downloading...
 mingw-w64-x86_64-brotli-1.2.0-1-any downloading...
 mingw-w64-x86_64-libpng-1.6.58-1-any downloading...
 mingw-w64-x86_64-libvorbis-1.3.7-3-any downloading...
 mingw-w64-x86_64-python-packaging-26.3-1-any downloading...
 mingw-w64-x86_64-libogg-1.3.6-1-any downloading...
 mingw-w64-x86_64-expat-2.8.3-1-any downloading...
 mingw-w64-x86_64-csfml-3.0.0.rc3-1-any downloading...
 mingw-w64-x86_64-mpdecimal-4.0.1-3-any downloading...
 mingw-w64-x86_64-graphite2-1.3.15-1-any downloading...
 mingw-w64-x86_64-bzip2-1.0.8-4-any downloading...
 mingw-w64-x86_64-libtre-0.9.0-2-any downloading...
 mingw-w64-x86_64-wineditline-2.208-1-any downloading...
 mingw-w64-x86_64-libffi-3.8.0-1-any downloading...
 mingw-w64-x86_64-libb2-0.98.1-3-any downloading...
 mingw-w64-x86_64-libsystre-1.0.2-2-any downloading...
checking keyring...
checking package integrity...
loading package files...
checking for file conflicts...
checking available disk space...
:: Processing package changes...
installing mingw-w64-x86_64-libogg...
installing mingw-w64-x86_64-flac...
installing mingw-w64-x86_64-brotli...
installing mingw-w64-x86_64-bzip2...
installing mingw-w64-x86_64-libpng...
installing mingw-w64-x86_64-libffi...
installing mingw-w64-x86_64-wineditline...
installing mingw-w64-x86_64-pcre2...
installing mingw-w64-x86_64-expat...
installing mingw-w64-x86_64-mpdecimal...
installing mingw-w64-x86_64-libtre...
installing mingw-w64-x86_64-libsystre...
installing mingw-w64-x86_64-ncurses...
installing mingw-w64-x86_64-openssl...
Optional dependencies for mingw-w64-x86_64-openssl
    mingw-w64-x86_64-ca-certificates
installing mingw-w64-x86_64-tcl...
installing mingw-w64-x86_64-sqlite3...
installing mingw-w64-x86_64-tk...
installing mingw-w64-x86_64-libb2...
installing mingw-w64-x86_64-xz...
installing mingw-w64-x86_64-python...
installing mingw-w64-x86_64-python-packaging...
installing mingw-w64-x86_64-glib2...
installing mingw-w64-x86_64-graphite2...
installing mingw-w64-x86_64-harfbuzz...
installing mingw-w64-x86_64-freetype...
installing mingw-w64-x86_64-libjpeg-turbo...
installing mingw-w64-x86_64-libvorbis...
installing mingw-w64-x86_64-libmysofa...
installing mingw-w64-x86_64-openal...
installing mingw-w64-x86_64-sfml...
installing mingw-w64-x86_64-csfml...

asfml=3.0.0 successfully retrieved.
Dependencies were solved as follows:

   +b libcsfml 3.0.0 (new,system package)
[alr test] Spawning default test for remote crate: alr -d -n build --release -- -cargs:Ada -gnatwn
Note: Building asfml=3.0.0/asfml.gpr...
"obj" created
"lib" created
[Ada Compile]     sf-audio-effectprocessor.ads
[Ada Compile]     sf-audio-listener.ads
[Ada Compile]     sf-audio-music.adb
[Ada Compile]     sf-audio-sound.ads
[Ada Compile]     sf-audio-soundbuffer.adb
[Ada Compile]     sf-audio-soundbufferrecorder.adb
[Ada Compile]     sf-audio-soundchannel.ads
[Ada Compile]     sf-audio-soundrecorder.adb
[Ada Compile]     sf-audio-soundsourcecone.ads
[Ada Compile]     sf-audio-soundstatus.ads
[Ada Compile]     sf-audio-soundstream.ads
[Ada Compile]     sf-audio.ads
[Ada Compile]     sf-graphics-blendmode.ads
[Ada Compile]     sf-graphics-circleshape.ads
[Ada Compile]     sf-graphics-color.ads
[Ada Compile]     sf-graphics-convexshape.ads
[Ada Compile]     sf-graphics-font.adb
[Ada Compile]     sf-graphics-fontinfo.ads
[Ada Compile]     sf-graphics-glsl.ads
[Ada Compile]     sf-graphics-glyph.ads
[Ada Compile]     sf-graphics-image.adb
[Ada Compile]     sf-graphics-primitivetype.ads
[Ada Compile]     sf-graphics-rect.ads
[Ada Compile]     sf-graphics-rectangleshape.ads
sf-graphics-image.ads:22:08: warning: child unit "System" hides compilation unit with the same name [enabled by default]
[Ada Compile]     sf-graphics-renderstates.ads
[Ada Compile]     sf-graphics-rendertexture.ads
[Ada Compile]     sf-graphics-renderwindow.adb
[Ada Compile]     sf-graphics-shader.adb
[Ada Compile]     sf-graphics-shape.ads
[Ada Compile]     sf-graphics-sprite.ads
[Ada Compile]     sf-graphics-text.adb
[Ada Compile]     sf-graphics-texture.adb
[Ada Compile]     sf-graphics-transform.ads
[Ada Compile]     sf-graphics-transformable.ads
[Ada Compile]     sf-graphics-vertex.ads
[Ada Compile]     sf-graphics-vertexarray.ads
[Ada Compile]     sf-graphics-vertexbuffer.ads
[Ada Compile]     sf-graphics-view.ads
[Ada Compile]     sf-graphics.ads
[Ada Compile]     sf-network-ftp.adb
[Ada Compile]     sf-network-http.adb
[Ada Compile]     sf-network-ipaddress.adb
[Ada Compile]     sf-network-packet.adb
[Ada Compile]     sf-network-socketselector.ads
[Ada Compile]     sf-network-socketstatus.ads
[Ada Compile]     sf-network-tcplistener.ads
[Ada Compile]     sf-network-tcpsocket.ads
[Ada Compile]     sf-network-udpsocket.ads
[Ada Compile]     sf-network.ads
[Ada Compile]     sf-system-buffer.ads
[Ada Compile]     sf-system-clock.ads
[Ada Compile]     sf-system-inputstream.ads
[Ada Compile]     sf-system-sleep.adb
[Ada Compile]     sf-system-time.ads
[Ada Compile]     sf-system-vector2.ads
[Ada Compile]     sf-system-vector3.ads
[Ada Compile]     sf-system.ads
[Ada Compile]     sf-window-clipboard.adb
[Ada Compile]     sf-window-context.adb
[Ada Compile]     sf-window-cursor.ads
[Ada Compile]     sf-window-event.ads
[Ada Compile]     sf-window-gl.ads
[Ada Compile]     sf-window-glu.ads
[Ada Compile]     sf-window-joystick.ads
[Ada Compile]     sf-window-joystickidentification.ads
[Ada Compile]     sf-window-keyboard.adb
[Ada Compile]     sf-window-mouse.ads
[Ada Compile]     sf-window-sensor.ads
[Ada Compile]     sf-window-touch.ads
[Ada Compile]     sf-window-videomode.ads
[Ada Compile]     sf-window-vulkan.adb
[Ada Compile]     sf-window-window.adb
[Ada Compile]     sf-window-windowbase.adb
[Ada Compile]     sf-window-windowhandle.ads
[Ada Compile]     sf-window.ads
[Ada Compile]     sf.ads
[Archive]         libasfml.a
Success: Build finished successfully in 4.28 seconds.
Found declared GPR file: asfml.gpr
[alr test] Test completed SUCCESSFULLY
