Test ran at 2026-06-17 13:46:16.179862+00:00

SOLUTION:
tzif=3.0.3: Parsing and querying of IANA's Timezone Information File Library (tzif)
Origin: commit e2a782a787a7351ac8776749288ed34d91c5abad from https://github.com/abitofhelp/tzif_ada.git
Properties:
   Author: Michael Gardner
   Build Switches: 
   Description: Parsing and querying of IANA's Timezone Information File Library (tzif)
   case OS is
      when Freebsd => GPR External: TZIF_OS := unix
      when Linux => GPR External: TZIF_OS := unix
      when Macos => GPR External: TZIF_OS := unix
      when Windows => GPR External: TZIF_OS := windows
   License: BSD-3-Clause
   Maintainer: Michael Gardner <mike@abitofhelp.com>
   Maintainers_Logins: abitofhelp
   Name: tzif
   Project_File: tzif.gpr
   Tag: timezone
   Tag: zoneinfo
   Tag: tzif
   Tag: tzdata
   Tag: iana
   Tag: time
   Tag: rfc9636
   Tag: parser
   Tag: functional
   Tag: result-monad
   Version: 3.0.3
   Website: https://github.com/abitofhelp/tzif
Dependencies (direct):
   functional^4.0.0
   gnat>=13
   gnatcoll^25.0.0
Dependencies (solution):
   functional=4.1.1
   gnat=15.1.2 (gnat_native)
   gnatcoll=25.0.0
   libgpr=25.0.0
   xmlada=25.0.0
Dependencies (graph):
   functional=4.1.1 --> gnat=15.1.2 (gnat_native) (>=13)
   gnatcoll=25.0.0  --> gnat=15.1.2 (gnat_native) (>=13)
   gnatcoll=25.0.0  --> libgpr=25.0.0 (~25.0.0)
   libgpr=25.0.0    --> gnat=15.1.2 (gnat_native) (/=2020)
   libgpr=25.0.0    --> xmlada=25.0.0 (~25.0.0)
   tzif=3.0.3       --> functional=4.1.1 (^4.0.0)
   tzif=3.0.3       --> gnat=15.1.2 (gnat_native) (>=13)
   tzif=3.0.3       --> gnatcoll=25.0.0 (^25.0.0)
   xmlada=25.0.0    --> gnat=15.1.2 (gnat_native) (>=11)


LOG:
[alr test] Testing tzif=3.0.3
[alr test] Spawning retrieval for remote crate: alr -d -n get tzif=3.0.3
Note: Deploying tzif=3.0.3...
git@github.com: Permission denied (publickey).
fatal: Could not read from remote repository.

Please make sure you have the correct access rights
and the repository exists.
fatal: clone of 'git@github.com:abitofhelp/hybrid_scripts_python.git' into submodule path '/Users/runner/work/alire-crates-ci/alire-crates-ci/test/399823ae-b670-454f-b636-2d734918c165/alr-uzts.tmp/scripts/python/shared' failed
Failed to clone 'scripts/python/shared'. Retry scheduled
git@github.com: Permission denied (publickey).
fatal: Could not read from remote repository.

Please make sure you have the correct access rights
and the repository exists.
fatal: clone of 'git@github.com:abitofhelp/hybrid_test_python.git' into submodule path '/Users/runner/work/alire-crates-ci/alire-crates-ci/test/399823ae-b670-454f-b636-2d734918c165/alr-uzts.tmp/test/scripts/python/shared' failed
Failed to clone 'test/scripts/python/shared'. Retry scheduled
git@github.com: Permission denied (publickey).
fatal: Could not read from remote repository.

Please make sure you have the correct access rights
and the repository exists.
fatal: clone of 'git@github.com:abitofhelp/hybrid_scripts_python.git' into submodule path '/Users/runner/work/alire-crates-ci/alire-crates-ci/test/399823ae-b670-454f-b636-2d734918c165/alr-uzts.tmp/scripts/python/shared' failed
Failed to clone 'scripts/python/shared' a second time, aborting
stderr: Command ["git", "clone", "--recursive", "-q", "https://github.com/abitofhelp/tzif_ada.git", "/Users/runner/work/alire-crates-ci/alire-crates-ci/test/399823ae-b670-454f-b636-2d734918c165/alr-uzts.tmp"] exited with code 1
stderr: Generating Outcome_Failure with message: Command ["git", "clone", "--recursive", "-q", "https://github.com/abitofhelp/tzif_ada.git", "/Users/runner/work/alire-crates-ci/alire-crates-ci/test/399823ae-b670-454f-b636-2d734918c165/alr-uzts.tmp"] exited with code 1
stderr: Generating Outcome_Failure with call stack:
stderr: raised AAA.DEBUG.STACK_TRACE.DEBUG_EXCEPTION : aaa-debug.adb:44
Load address: 0x102084000
Call stack traceback locations:
0x102d900cc 0x102d9012c 0x102c57df8 0x102ae312c 0x102ae3810 0x102486ba4 0x102486c68 0x102ab2268 0x102ab0fa8 0x102658c3c 0x10267e754 0x10267fa20 0x1028b7ca8 0x1028f5da8 0x1028f62c8 0x1021049a0 0x102108368 0x1021084e8 0x102192b38 0x10219dc78 0x1020869f8 0x10208ba2c

stderr: ALIRE.CHECKED_ERROR
stderr: Command ["git", "clone", "--recursive", "-q", "https://github.com/abitofhelp/tzif_ada.git", "/Users/runner/work/alire-crates-ci/alire-crates-ci/test/399823ae-b670-454f-b636-2d734918c165/alr-uzts.tmp"] exited with code 1
stderr: raised ALIRE.CHECKED_ERROR : alire-stored-error:2
Load address: 0x102084000
Call stack traceback locations:
0x102d900cc 0x102d9012c 0x102ae1c0c 0x102658c54 0x10267e754 0x10267fa20 0x1028b7ca8 0x1028f5da8 0x1028f62c8 0x1021049a0 0x102108368 0x1021084e8 0x102192b38 0x10219dc78 0x1020869f8 0x10208ba2c

stderr: Generating Outcome_Failure with message: Deployment of commit e2a782a787a7351ac8776749288ed34d91c5abad from https://github.com/abitofhelp/tzif_ada.git to /Users/runner/work/alire-crates-ci/alire-crates-ci/test/399823ae-b670-454f-b636-2d734918c165/tzif_3.0.3_e2a782a7 failed
stderr: Generating Outcome_Failure with call stack:
stderr: raised AAA.DEBUG.STACK_TRACE.DEBUG_EXCEPTION : aaa-debug.adb:44
Load address: 0x102084000
Call stack traceback locations:
0x102d900cc 0x102d9012c 0x102c57df8 0x102ae312c 0x102ae3810 0x10267f214 0x10267fa20 0x1028b7ca8 0x1028f5da8 0x1028f62c8 0x1021049a0 0x102108368 0x1021084e8 0x102192b38 0x10219dc78 0x1020869f8 0x10208ba2c

stderr: ALIRE.CHECKED_ERROR
stderr: Deployment of commit e2a782a787a7351ac8776749288ed34d91c5abad from https://github.com/abitofhelp/tzif_ada.git to /Users/runner/work/alire-crates-ci/alire-crates-ci/test/399823ae-b670-454f-b636-2d734918c165/tzif_3.0.3_e2a782a7 failed
stderr: raised ALIRE.CHECKED_ERROR : alire-stored-error:3
Load address: 0x102084000
Call stack traceback locations:
0x102d900cc 0x102d9012c 0x102ae1c0c 0x1028b7cc0 0x1028f5da8 0x1028f62c8 0x1021049a0 0x102108368 0x1021084e8 0x102192b38 0x10219dc78 0x1020869f8 0x10208ba2c

ERROR: Deployment of commit e2a782a787a7351ac8776749288ed34d91c5abad from https://github.com/abitofhelp/tzif_ada.git to /Users/runner/work/alire-crates-ci/alire-crates-ci/test/399823ae-b670-454f-b636-2d734918c165/tzif_3.0.3_e2a782a7 failed
****** UNEXPECTED EXCEPTION FOLLOWS:
raised ADA.IO_EXCEPTIONS.NAME_ERROR : directory "tzif_3.0.3_e2a782a7" does not exist
Load address: 0x1026a0000
Call stack traceback locations:
0x1033ac0cc 0x1033ac12c 0x1033a7950 0x102a57ab4 0x102a4fe28 0x1027cc378 0x1027cba78 0x1027cb25c 0x1027c9384 0x1027c7fd8 0x1027cfb70 0x1027cfd6c 0x1027aeb38 0x1027b9c78 0x1026a29f8 0x1026a7a2c

****** TRACE END
