Test ran at 2026-09-22 12:38:44.854812+00:00

SOLUTION:
mos6502_create_led=1.5.3: Create ROM with little program
Origin: source archive mos6502_create_led-1.5.3.tgz at https://sourceforge.net/projects/tutorial-6502/files/Alire/mos6502_create_led-1.5.3.tgz with hashes sha256:ff29ad3f7cdca06d6cc3ec2fcfb5bf2477d1022be57a4a746b1b6d1cb4dd677c, sha512:51ce47bad326f590a3bf172709a84eb67bc1515b06a25843e867713d25577d8e4c7df984e78236e40a2199f7a21b32314f6cc915a561d0f6f1be522881aa056d
Properties:
   Test run: alr test (from ${CRATE_ROOT}/test)
   Author: Martin Krischik <krischik@users.sourceforge.net>
   Build Switches: 
   Description: Create ROM with little program
   Executable: create_led
   License: GPL-3.0-or-later
   Long_Description: This is a tool to create a rom image with little program.

This program can be used to create a ROM immage for the MOS 6502 tutorial from Ben Eater.

Development versions available with:

```sh
alr index --add "git+https://github.com/krischik/alire-index.git#develop" --name krischik
```

Source code and testsuite available on [SourceForge](https://git.code.sf.net/p/tutorial-6502/git)

   Maintainer: Martin Krischik <krischik@users.sourceforge.net>
   Maintainers_Logins: krischik
   Name: mos6502_create_led
   Tag: mos-6502
   Tag: tools
   Tag: retrocomputing
   Tag: ada2022
   Version: 1.5.3
   Website: https://sourceforge.net/projects/tutorial-6502
Dependencies (direct):
   adacl_desktop^8.0
Dependencies (solution):
   adacl=8.0.0
   adacl_desktop=8.0.0
Dependencies (graph):
   adacl_desktop=8.0.0      --> adacl=8.0.0 (^8.0)
   mos6502_create_led=1.5.3 --> adacl_desktop=8.0.0 (^8.0)


LOG:
[alr test] Testing mos6502_create_led=1.5.3
Spawning: alr -d -n get mos6502_create_led=1.5.3
Note: Deploying mos6502_create_led=1.5.3...

######################################################################## 100.0%
######################################################################## 100.0%
######################################################################## 100.0%#=#=#                                                                          

######################################################################## 100.0%##=#=#                                                                         
##-=#=-#                                                                       
stderr: Generating Outcome_Failure with message: release integrity test failed: expected [sha256:ff29ad3f7cdca06d6cc3ec2fcfb5bf2477d1022be57a4a746b1b6d1cb4dd677c] but got [sha256:212a2d2e355cec068c4c4f041281aa42b663d3defcb647b11974f362712159fc]
stderr: Generating Outcome_Failure with call stack:
stderr: raised AAA.DEBUG.STACK_TRACE.DEBUG_EXCEPTION : aaa-debug.adb:44
[/home/runner/work/alire-crates-ci/alire-crates-ci/alire_install/bin/alr]
0xfcfcdb Aaa.Debug.Stack_Trace at aaa-debug.adb:44
0xe744f2 Alire.Outcome_Failure at alire.adb:226
0xe74c7f Alire.Outcome_Failure at alire.adb:223
0xa1bba5 Alire.Origins.Deployers.Verify_Hashes at alire-origins-deployers.adb:219
0xa18f1a Alire.Origins.Deployers.Deploy_Steps at alire-origins-deployers.adb:117
0xa1a528 Alire.Origins.Deployers.Deploy at alire-origins-deployers.adb:170
0xc4528a Alire.Releases.Deploy at alire-releases.adb:341
0xc7d8a3 Alire.Roots.Create_For_Release at alire-roots.adb:723
0xc7de47 Alire.Roots.Create_For_Release at alire-roots.adb:714
0x4aab90 Alr.Commands.Get.Retrieve at alr-commands-get.adb:134
0x4ae94f Alr.Commands.Get.Execute at alr-commands-get.adb:380
0x4aeafd Alr.Commands.Get.Execute at alr-commands-get.adb:256
0x53bbcc Alr.Commands.Sub_Cmd.Execute at clic-subcommand-instance.adb:749
0x5472be Alr.Commands.Execute at alr-commands.adb:632
0x43d48a Alr.Main at alr-main.adb:13
0x4403a3 Main at b__alr-main.adb:2445
[/lib/x86_64-linux-gnu/libc.so.6]
0x7fad5ac2a1c8
0x7fad5ac2a289
[/home/runner/work/alire-crates-ci/alire-crates-ci/alire_install/bin/alr]
0x43d323 _start at ???
0xfffffffffffffffe

stderr: ALIRE.CHECKED_ERROR
stderr: release integrity test failed: expected [sha256:ff29ad3f7cdca06d6cc3ec2fcfb5bf2477d1022be57a4a746b1b6d1cb4dd677c] but got [sha256:212a2d2e355cec068c4c4f041281aa42b663d3defcb647b11974f362712159fc]
stderr: raised ALIRE.CHECKED_ERROR : alire-stored-error:1
[/home/runner/work/alire-crates-ci/alire-crates-ci/alire_install/bin/alr]
0xe72ea3 Alire.Assert at alire.adb:158
0xc452b2 Alire.Releases.Deploy at alire-releases.adb:341
0xc7d8a3 Alire.Roots.Create_For_Release at alire-roots.adb:723
0xc7de47 Alire.Roots.Create_For_Release at alire-roots.adb:714
0x4aab90 Alr.Commands.Get.Retrieve at alr-commands-get.adb:134
0x4ae94f Alr.Commands.Get.Execute at alr-commands-get.adb:380
0x4aeafd Alr.Commands.Get.Execute at alr-commands-get.adb:256
0x53bbcc Alr.Commands.Sub_Cmd.Execute at clic-subcommand-instance.adb:749
0x5472be Alr.Commands.Execute at alr-commands.adb:632
0x43d48a Alr.Main at alr-main.adb:13
0x4403a3 Main at b__alr-main.adb:2445
[/lib/x86_64-linux-gnu/libc.so.6]
0x7fad5ac2a1c8
0x7fad5ac2a289
[/home/runner/work/alire-crates-ci/alire-crates-ci/alire_install/bin/alr]
0x43d323 _start at ???
0xfffffffffffffffe

ERROR: release integrity test failed: expected [sha256:ff29ad3f7cdca06d6cc3ec2fcfb5bf2477d1022be57a4a746b1b6d1cb4dd677c] but got [sha256:212a2d2e355cec068c4c4f041281aa42b663d3defcb647b11974f362712159fc]
