Test ran at 2025-03-29 12:29:53.200888+00:00

SOLUTION:
tiny_rp2040_bsp=0.2.1: Board support package for Pimoroni Tiny RP2040
Origin: commit be6d0a38873cecbf4d273807f944c126bfcff793 from https://github.com/hgrodriguez/tiny_rp2040_bsp.git
Properties:
   Author: Holger Rodriguez
   Config set: rp2040_hal {Flash_Chip := w25qxx}
   Configuration: no modifiers
   Description: Board support package for Pimoroni Tiny RP2040
   License: BSD-3-Clause
   Maintainer: Holger Rodriguez <github@roseng.ch>
   Maintainers_Logins: hgrodriguez
   Name: tiny_rp2040_bsp
   Tag: embedded
   Tag: nostd
   Tag: tiny
   Tag: rp2040
   Tag: bsp
   Version: 0.2.1
   Website: https://github.com/hgrodriguez/tiny_rp2040_bsp
Dependencies (direct):
   gnat_arm_elf^12.1.2
   hal~0.3
   rp2040_hal^2
Dependencies (solution):
   atomic=0.5.0
   bbqueue=0.3.2
   cortex_m=0.5.0
   gnat=13.2.2 (gnat_native)
   hal=0.3.1
   rp2040_hal=2.3.0
   usb_embedded=0.3.0
Dependencies (missing):
   gnat_arm_elf((^12.1.2) & (^14)) & (>=12) (direct,missed:conflict)
Dependencies (graph):
   bbqueue=0.3.2         --> atomic=0.5.0 (~0.5)
   bbqueue=0.3.2         --> gnat=13.2.2 (gnat_native) (>=10)
   cortex_m=0.5.0        --> gnat_arm_elf>=12
   cortex_m=0.5.0        --> hal=0.3.1 (~0.3)
   rp2040_hal=2.3.0      --> atomic=0.5.0 (~0.5)
   rp2040_hal=2.3.0      --> cortex_m=0.5.0 (~0.5)
   rp2040_hal=2.3.0      --> gnat_arm_elf^14
   rp2040_hal=2.3.0      --> hal=0.3.1 (~0.3)
   rp2040_hal=2.3.0      --> usb_embedded=0.3.0 (~0.3)
   tiny_rp2040_bsp=0.2.1 --> gnat_arm_elf^12.1.2
   tiny_rp2040_bsp=0.2.1 --> hal=0.3.1 (~0.3)
   tiny_rp2040_bsp=0.2.1 --> rp2040_hal=2.3.0 (^2)
   usb_embedded=0.3.0    --> bbqueue=0.3.2 (~0.3.0)
   usb_embedded=0.3.0    --> hal=0.3.1 (~0.3)
Dependencies cannot be met


LOG:
