Test ran at 2026-08-31 12:38:45.036668+00:00

SOLUTION:
a0b_stm32g4_gpio=0.1.0: A0B: STM32G4 GPIO
Origin: commit 2bc15160646b448fd070310dfd2110419ed86a73 from https://github.com/godunko/a0b-stm32g4-gpio.git
Properties:
   Test run: alr build (from ${CRATE_ROOT}/selftest)
   Author: Vadim Godunko
   Configuration: no modifiers
   Description: A0B: STM32G4 GPIO
   License: Apache-2.0 WITH LLVM-exception
   Maintainer: Vadim Godunko <vgodunko@gmail.com>
   Maintainers_Logins: godunko
   Name: a0b_stm32g4_gpio
   Project_File: gnat/a0b_stm32g4_gpio.gpr
   Tag: a0b
   Tag: embedded
   Tag: stm32
   Tag: stm32g4
   Tag: gpio
   Tag: exti
   Version: 0.1.0
Dependencies (direct):
   a0b_stm32f2_generic_exti*
   a0b_stm32g4*
Dependencies (solution):
   a0b_armv7m=0.4.0
   a0b_base=0.5.0
   a0b_callbacks=0.2.0
   a0b_exti=0.1.0
   a0b_gpio=0.1.0
   a0b_stm32f2_generic_exti=0.1.0
   a0b_stm32f2_generic_gpio=0.1.0
   a0b_stm32g4=0.1.0
   gnat_arm_elf=16.1.0
Dependencies (graph):
   a0b_armv7m=0.4.0               --> a0b_base=0.5.0 (*)
   a0b_armv7m=0.4.0               --> gnat_arm_elf=16.1.0 (*)
   a0b_callbacks=0.2.0            --> a0b_base=0.5.0 (*)
   a0b_exti=0.1.0                 --> a0b_base=0.5.0 (*)
   a0b_exti=0.1.0                 --> a0b_callbacks=0.2.0 (*)
   a0b_gpio=0.1.0                 --> a0b_base=0.5.0 (*)
   a0b_stm32f2_generic_exti=0.1.0 --> a0b_exti=0.1.0 (*)
   a0b_stm32f2_generic_exti=0.1.0 --> a0b_stm32f2_generic_gpio=0.1.0 (*)
   a0b_stm32f2_generic_gpio=0.1.0 --> a0b_gpio=0.1.0 (*)
   a0b_stm32g4=0.1.0              --> a0b_armv7m=0.4.0 (*)
   a0b_stm32g4_gpio=0.1.0         --> a0b_stm32f2_generic_exti=0.1.0 (*)
   a0b_stm32g4_gpio=0.1.0         --> a0b_stm32g4=0.1.0 (*)


LOG:
Note: Synchronizing workspace...
Dependencies automatically updated as follows:

   +  a0b_armv7m               0.4.0  (new,indirect)
   +  a0b_base                 0.5.0  (new,indirect)
   +  a0b_callbacks            0.2.0  (new,indirect)
   +  a0b_exti                 0.1.0  (new,indirect)
   +  a0b_gpio                 0.1.0  (new,indirect)
   +  a0b_stm32f2_generic_exti 0.1.0  (new,indirect)
   +  a0b_stm32f2_generic_gpio 0.1.0  (new,indirect)
   +  a0b_stm32g4              0.1.0  (new,indirect)
   +. a0b_stm32g4_gpio         0.1.0  (new,path=..)
   +b gnat_arm_elf             16.1.0 (new,binary)

Note: Building a0b_stm32g4_gpio_selftest=0.1.0-dev/a0b_stm32g4_gpio_selftest.gpr...
a0b_stm32g4.gpr:15:09: variable "runtime_ada" is not a single string
a0b_stm32g4.gpr:15:20: unknown variable "Runtime_Ada"
gprbuild: "/home/runner/work/alire-crates-ci/alire-crates-ci/test/4e6e7464-d6c3-4523-a5c8-a987371f33e6/a0b_stm32g4_gpio_0.1.0_2bc15160/selftest/a0b_stm32g4_gpio_selftest.gpr" processing failed
ERROR: Command ["gprbuild", "-s", "-j0", "-p", "-P", "/home/runner/work/alire-crates-ci/alire-crates-ci/test/4e6e7464-d6c3-4523-a5c8-a987371f33e6/a0b_stm32g4_gpio_0.1.0_2bc15160/selftest/a0b_stm32g4_gpio_selftest.gpr"] exited with code 5
ERROR: Compilation failed.
[alr test] Test action exited with error code 1
