Test ran at 2025-09-05 00:44:48.810328+00:00

SOLUTION:
pygamer_bsp=1.0.0: Board Support Package for the AdaFruit PyGamer
Origin: commit 43d69885051ae88b57ba6a64b8ff7fc63eaad67d from https://github.com/Fabien-Chouteau/pygamer-bsp.git
Properties:
   Description: Board Support Package for the AdaFruit PyGamer
   License: BSD-3-Clause
   Maintainer: fabien.chouteau@gmail.com
   Maintainers_Logins: Fabien-Chouteau
   Name: pygamer_bsp
   Project_File: pygamer_bsp.gpr
   Tag: embedded
   Tag: nostd
   Tag: pygamer
   Tag: adafruit
   Tag: game
   Tag: console
   Tag: bsp
   Version: 1.0.0
Dependencies (direct):
   cortex_m~0.1.0
   samd51_hal~0.1.0
Dependencies (solution):
   cortex_m=0.1.0
   hal=0.4.0
   samd51_hal=0.1.0
Dependencies (graph):
   cortex_m=0.1.0    --> hal=0.4.0 (^0.1.0)
   pygamer_bsp=1.0.0 --> cortex_m=0.1.0 (~0.1.0)
   pygamer_bsp=1.0.0 --> samd51_hal=0.1.0 (~0.1.0)
   samd51_hal=0.1.0  --> cortex_m=0.1.0 (^0.1.0)
   samd51_hal=0.1.0  --> hal=0.4.0 (^0.1.0)


LOG:
[alr test] Testing pygamer_bsp=1.0.0
[alr test] Spawning retrieval for remote crate: alr -d -n get pygamer_bsp=1.0.0
Note: Deploying pygamer_bsp=1.0.0...
Note: Deploying hal=0.4.0...
Note: Deploying cortex_m=0.1.0...
#=#=#                                                                          

######################################################################## 100.0%
Note: Deploying samd51_hal=0.1.0...
#=#=#                                                                          

######################################################################## 100.0%

pygamer_bsp=1.0.0 successfully retrieved.
Dependencies were solved as follows:

   + cortex_m   0.1.0 (new)
   + hal        0.4.0 (new,indirect)
   + samd51_hal 0.1.0 (new)
[alr test] Spawning default test for remote crate: alr -d -n build --release -- -cargs:Ada -gnatwn
Note: Building pygamer_bsp=1.0.0/pygamer_bsp.gpr...
kb: warning: can't find a toolchain for the following configuration: language 'Ada', target 'arm-eabi', runtime 'zfp-cortex-m4f'
Setup
   [mkdir]        object directory for project HAL
   [mkdir]        library directory for project HAL
   [mkdir]        object directory for project Cortex_M4F
   [mkdir]        object directory for project ATSAMD51J19A
   [mkdir]        object directory for project PyGamer_BSP
hal.gpr:5:24: warning: libraries are not supported on this platform
ATSAMD51J19A.gpr:4:09: no compiler for language "Ada", cannot compile "sam-device.ads"
gprbuild: *** compilation phase failed
stderr: Command ["gprbuild", "-s", "-j0", "-p", "-P", "/Users/runner/work/alire-crates-ci/alire-crates-ci/test/308c56c2-74d3-4ddb-a724-7ce81923643a/pygamer_bsp_1.0.0_43d69885/pygamer_bsp.gpr", "-cargs:Ada", "-gnatwn"] exited with code 7
ERROR: Command ["gprbuild", "-s", "-j0", "-p", "-P", "/Users/runner/work/alire-crates-ci/alire-crates-ci/test/308c56c2-74d3-4ddb-a724-7ce81923643a/pygamer_bsp_1.0.0_43d69885/pygamer_bsp.gpr", "-cargs:Ada", "-gnatwn"] exited with code 7
stderr: ALIRE.CHECKED_ERROR
stderr: Command ["gprbuild", "-s", "-j0", "-p", "-P", "/Users/runner/work/alire-crates-ci/alire-crates-ci/test/308c56c2-74d3-4ddb-a724-7ce81923643a/pygamer_bsp_1.0.0_43d69885/pygamer_bsp.gpr", "-cargs:Ada", "-gnatwn"] exited with code 7
stderr: raised ALIRE.CHECKED_ERROR : alire-stored-error:1
Load address: 0x104e40000
Call stack traceback locations:
0x105b4c0cc 0x105b4c12c 0x1058a066c 0x1054e5568 0x10576a594 0x10576b4f4 0x1056a933c 0x1056a7b08 0x1056cb78c 0x10572b56c 0x10572a99c 0x1056cb868 0x1056cb950 0x1056a800c 0x1056a8174 0x104eb1730 0x104eb1070 0x104eb11e4 0x104f4eb38 0x104f59c78 0x104e429f8 0x104e47a2c

stderr: ALIRE.ROOTS.BUILD._WRAPPED_STATEMENTS.BUILD_FAILED
stderr: alire-roots.adb:202
stderr: raised ALIRE.ROOTS.BUILD._WRAPPED_STATEMENTS.BUILD_FAILED : alire-roots.adb:202
Load address: 0x104e40000
Call stack traceback locations:
0x105b4c0cc 0x105b4c12c 0x1056a9640 0x1056a7b08 0x1056cb78c 0x10572b56c 0x10572a99c 0x1056cb868 0x1056cb950 0x1056a800c 0x1056a8174 0x104eb1730 0x104eb1070 0x104eb11e4 0x104f4eb38 0x104f59c78 0x104e429f8 0x104e47a2c

ERROR: Compilation failed.
