Test ran at 2025-11-24 13:25:02.440666+00:00

SOLUTION:
matreshka_spikedog_core=21.0.0: Web-application server. Implementation library
Origin: commit 8932a8f4aec45d6818176162c5632f7df81ae688 from https://github.com/reznikmm/matreshka-alire
Properties:
   Author: Vadim Godunko
   Description: Web-application server. Implementation library
   License: BSD-3-Clause
   Maintainer: Vadim Godunko <vgodunko@gmail.com>
   Maintainer: Maxim Reznik <reznikmm@gmail.com>
   Maintainers_Logins: godunko
   Maintainers_Logins: reznikmm
   Name: matreshka_spikedog_core
   Project_File: build_matreshka_spikedog_core.gpr
   Tag: web
   Tag: servlet
   Version: 21.0.0
   Website: https://github.com/godunko/matreshka
Dependencies (direct):
   matreshka_league21.0.0
   matreshka_spikedog_api21.0.0
Dependencies (solution):
   make=4.4.1
   matreshka_league=21.0.0
   matreshka_servlet=21.0.0
   matreshka_spikedog_api=21.0.0
Dependencies (graph):
   matreshka_league=21.0.0        --> make=4.4.1 (*)
   matreshka_servlet=21.0.0       --> matreshka_league=21.0.0 (21.0.0)
   matreshka_spikedog_api=21.0.0  --> matreshka_league=21.0.0 (21.0.0)
   matreshka_spikedog_api=21.0.0  --> matreshka_servlet=21.0.0 (21.0.0)
   matreshka_spikedog_core=21.0.0 --> matreshka_league=21.0.0 (21.0.0)
   matreshka_spikedog_core=21.0.0 --> matreshka_spikedog_api=21.0.0 (21.0.0)


LOG:
[alr test] Testing matreshka_spikedog_core=21.0.0
[alr test] Spawning retrieval for remote crate: alr -d -n get matreshka_spikedog_core=21.0.0
Note: Deploying matreshka_spikedog_core=21.0.0...
Note: Deploying matreshka_servlet=21.0.0...
Note: Deploying matreshka_spikedog_api=21.0.0...

matreshka_spikedog_core=21.0.0 successfully retrieved.
Dependencies were solved as follows:

   +b make                   4.4.1  (new,indirect,system package)
   +  matreshka_league       21.0.0 (new)
   +  matreshka_servlet      21.0.0 (new,indirect)
   +  matreshka_spikedog_api 21.0.0 (new)
[alr test] Spawning default test for remote crate: alr -d -n build --release -- -cargs:Ada -gnatwn
Note: Building matreshka_spikedog_core=21.0.0/build_matreshka_spikedog_core.gpr...
Setup
   [mkdir]        object directory for project Matreshka_Spikedog_API
   [mkdir]        object directory for project Matreshka_Spikedog_Core
Compile
   [Ada]          spikedog-generic_application_initializer.adb
   [Ada]          spikedog-http_sessions.adb
   [Ada]          spikedog.ads
   [Ada]          spikedog-http_session_managers.ads
   [Ada]          spikedog-servlet_contexts.ads
spikedog-generic_application_initializer.adb:52:13: warning: all instances of "Initializer" will have the same external name [-gnatwx]
   [Ada]          matreshka-servlet_servers.ads
   [Ada]          matreshka-servlet_http_responses.adb
   [Ada]          matreshka-servlet_http_requests.adb
   [Ada]          matreshka-servlet_defaults.adb
   [Ada]          matreshka-spikedog_deployment_descriptors.ads
   [Ada]          matreshka-servlet_dispatchers.adb
   [Ada]          matreshka-spikedog_deployment_descriptors-parsers.adb
   [Ada]          matreshka-servlet_registrations.adb
   [Ada]          matreshka-servlet_containers.adb
matreshka-servlet_containers-loader__posix.adb:52:12: warning: package "Conversions" is not referenced [-gnatwu]
matreshka-servlet_containers-loader__posix.adb:57:04: warning: use clause for private type "System.Address" has no effect [-gnatwu]
matreshka-servlet_containers-loader__posix.adb:58:04: warning: use clause for type "Servlet_Container_Initializer_Access" defined at servlet-container_initializers.ads:56 has no effect [-gnatwu]
matreshka-servlet_containers-loader__posix.adb:71:07: warning: constant "RTLD_LAZY" is not referenced [-gnatwu]
matreshka-servlet_containers-loader__posix.adb:73:07: warning: constant "RTLD_GLOBAL" is not referenced [-gnatwu]
matreshka-servlet_containers-loader__posix.adb:74:07: warning: constant "RTLD_LOCAL" is not referenced [-gnatwu]
Build Libraries
   [gprlib]       spikedog-api-15.2.lexch
   [gprlib]       spikedog-core-15.2.lexch
   [link library] libspikedog-api-15.2.so
   [link library] libspikedog-core-15.2.so
Success: Build finished successfully in 7.45 seconds.
Found declared GPR file: build_matreshka_spikedog_core.gpr
[alr test] Test completed SUCCESSFULLY
