Test ran at 2026-03-24 01:12:50.356222+00:00

SOLUTION:
emacs_wisitoken_grammar_mode=1.3.0: parser for Emacs wisitoken-grammar mode
Origin: commit 97b377b32e65815bf743b329c948a96693190a2c from https://git.savannah.nongnu.org/git/ada-mode.git
Properties:
   Pre_Build run: make -f Alire.make wisitoken_grammar_1_re2c.c (from ${CRATE_ROOT}/.)
   Author: Stephen Leake
   Description: parser for Emacs wisitoken-grammar mode
   Executable: wisitoken_grammar_mode_parse
   License: GPL-3.0-or-later
   Long_Description: Generalized LR error-correcting parser for WisiToken grammar source
files, generated using WisiToken, interfaced to Emacs via the wisi
package.

Provides semantic highlighting, indent, single-file navigation. 

   Maintainer: Stephen Leake <stephen_leake@stephe-leake.org>
   Maintainers_Logins: stephe-ada-guru
   Name: emacs_wisitoken_grammar_mode
   Project_File: emacs_wisitoken_grammar_mode.gpr
   Tag: indent
   Tag: highlight
   Tag: parser
   Tag: emacs
   Version: 1.3.0
   Website: https://elpa.gnu.org/packages/wisitoken-grammar-mode.html
Dependencies (direct):
   emacs_wisi~4.2.0
   gnat(>=11 & <2000) | >=2021
   re2c>=2.2
   stephes_ada_library~3.7.2
   wisitoken~4.1.0
Dependencies (solution):
   emacs_wisi=4.2.0
   gnat=15.1.2 (gnat_native)
   gnatcoll=22.0.0
   libgpr=22.0.0
   re2c=3.1.0
   stephes_ada_library=3.7.3
   wisitoken=4.1.0
   xmlada=22.0.0
Dependencies (graph):
   emacs_wisi=4.2.0                   --> gnat=15.1.2 (gnat_native) ((>=11 & <2000) | >=2021)
   emacs_wisi=4.2.0                   --> stephes_ada_library=3.7.3 (~3.7.2)
   emacs_wisi=4.2.0                   --> wisitoken=4.1.0 (~4.1.0)
   emacs_wisitoken_grammar_mode=1.3.0 --> emacs_wisi=4.2.0 (~4.2.0)
   emacs_wisitoken_grammar_mode=1.3.0 --> gnat=15.1.2 (gnat_native) ((>=11 & <2000) | >=2021)
   emacs_wisitoken_grammar_mode=1.3.0 --> re2c=3.1.0 (>=2.2)
   emacs_wisitoken_grammar_mode=1.3.0 --> stephes_ada_library=3.7.3 (~3.7.2)
   emacs_wisitoken_grammar_mode=1.3.0 --> wisitoken=4.1.0 (~4.1.0)
   gnatcoll=22.0.0                    --> libgpr=22.0.0 (~22.0.0)
   libgpr=22.0.0                      --> gnat=15.1.2 (gnat_native) (/=2020)
   libgpr=22.0.0                      --> xmlada=22.0.0 (~22.0.0)
   stephes_ada_library=3.7.3          --> gnat=15.1.2 (gnat_native) ((>=11 & <2000) | >=2021)
   wisitoken=4.1.0                    --> gnat=15.1.2 (gnat_native) ((>=11 & <2000) | >=2021)
   wisitoken=4.1.0                    --> gnatcoll=22.0.0 (^22.0.0)
   wisitoken=4.1.0                    --> stephes_ada_library=3.7.3 (~3.7.2)
   xmlada=22.0.0                      --> gnat=15.1.2 (gnat_native) (>=11)


LOG:
[alr test] Testing emacs_wisitoken_grammar_mode=1.3.0
[alr test] Spawning retrieval for remote crate: alr -d -n get emacs_wisitoken_grammar_mode=1.3.0
Note: Deploying emacs_wisitoken_grammar_mode=1.3.0...
hint: Using 'master' as the name for the initial branch. This default branch name
hint: will change to "main" in Git 3.0. To configure the initial branch name
hint: to use in all of your new repositories, which will suppress this warning,
hint: call:
hint:
hint: 	git config --global init.defaultBranch <name>
hint:
hint: Names commonly chosen instead of 'master' are 'main', 'trunk' and
hint: 'development'. The just-created branch can be renamed via this command:
hint:
hint: 	git branch -m <name>
hint:
hint: Disable this message with "git config set advice.defaultBranchName false"
warning: remote HEAD refers to nonexistent ref, unable to checkout
Note: Deploying re2c=3.1.0...
The system package 're2c' is about to be installed.
This action might require admin privileges and impact your system installation.
Do you want Alire to install this system package?
Using default: Yes
Selecting previously unselected package re2c.
(Reading database ... 
(Reading database ... 5%
(Reading database ... 10%
(Reading database ... 15%
(Reading database ... 20%
(Reading database ... 25%
(Reading database ... 30%
(Reading database ... 35%
(Reading database ... 40%
(Reading database ... 45%
(Reading database ... 50%
(Reading database ... 55%
(Reading database ... 60%
(Reading database ... 65%
(Reading database ... 70%
(Reading database ... 75%
(Reading database ... 80%
(Reading database ... 85%
(Reading database ... 90%
(Reading database ... 95%
(Reading database ... 100%
(Reading database ... 219771 files and directories currently installed.)
Preparing to unpack .../re2c_3.1-1build1_amd64.deb ...
Unpacking re2c (3.1-1build1) ...
Setting up re2c (3.1-1build1) ...
Processing triggers for man-db (2.12.0-4build2) ...
Not building database; man-db/auto-update is not 'true'.

Running kernel seems to be up-to-date.

Restarting services...

Service restarts being deferred:
 systemctl restart hosted-compute-agent.service

No containers need to be restarted.

No user sessions are running outdated binaries.

No VM guests are running outdated hypervisor (qemu) binaries on this host.
Note: Deploying stephes_ada_library=3.7.3...
hint: Using 'master' as the name for the initial branch. This default branch name
hint: will change to "main" in Git 3.0. To configure the initial branch name
hint: to use in all of your new repositories, which will suppress this warning,
hint: call:
hint:
hint: 	git config --global init.defaultBranch <name>
hint:
hint: Names commonly chosen instead of 'master' are 'main', 'trunk' and
hint: 'development'. The just-created branch can be renamed via this command:
hint:
hint: 	git branch -m <name>
hint:
hint: Disable this message with "git config set advice.defaultBranchName false"
warning: remote HEAD refers to nonexistent ref, unable to checkout
Note: Deploying libgpr=22.0.0...
#=#=#                                                                          
##O#-#                                                                         
##=O#- #                                                                       
Note: Deploying gnatcoll=22.0.0...
#=#=#                                                                          
##O#-#                                                                         
##=O#- #                                                                       
Note: Deploying wisitoken=4.1.0...
#=#=#                                                                          
##O#-#                                                                         
##O=#  #                                                                       

#                                                                          2.6%
##                                                                         4.0%
###                                                                        5.3%
####                                                                       6.6%
#####                                                                      7.6%
#####                                                                      7.6%
######                                                                     8.4%
######                                                                     9.2%
#######                                                                   10.0%
#######                                                                   10.7%
########                                                                  11.5%
########                                                                  12.3%
#########                                                                 13.0%
#########                                                                 13.8%
##########                                                                14.6%
###########                                                               15.4%
###########                                                               16.1%
############                                                              16.9%
############                                                              17.7%
#############                                                             18.4%
#############                                                             19.2%
##############                                                            20.0%
##############                                                            20.7%
###############                                                           21.5%
################                                                          22.3%
################                                                          23.1%
#################                                                         23.9%
#################                                                         24.6%
##################                                                        25.4%
##################                                                        26.2%
###################                                                       27.0%
###################                                                       27.7%
####################                                                      28.5%
#####################                                                     29.3%
#####################                                                     30.1%
######################                                                    30.8%
######################                                                    31.6%
#######################                                                   32.4%
#######################                                                   33.2%
########################                                                  33.9%
########################                                                  34.7%
#########################                                                 35.5%
##########################                                                36.2%
##########################                                                37.0%
###########################                                               37.8%
###########################                                               38.5%
############################                                              39.3%
############################                                              40.1%
#############################                                             40.9%
#############################                                             41.6%
##############################                                            42.4%
###############################                                           43.2%
###############################                                           43.9%
################################                                          44.7%
################################                                          45.5%
#################################                                         46.2%
#################################                                         47.0%
##################################                                        47.8%
##################################                                        48.5%
###################################                                       49.3%
####################################                                      50.2%
####################################                                      50.9%
#####################################                                     51.7%
#####################################                                     52.5%
######################################                                    53.2%
######################################                                    54.0%
#######################################                                   54.8%
#######################################                                   55.5%
########################################                                  56.3%
#########################################                                 57.1%
#########################################                                 57.9%
##########################################                                58.6%
##########################################                                59.4%
###########################################                               60.2%
###########################################                               60.9%
############################################                              61.7%
############################################                              62.5%
#############################################                             63.2%
##############################################                            64.0%
##############################################                            64.7%
###############################################                           65.5%
###############################################                           66.3%
################################################                          67.1%
################################################                          67.8%
#################################################                         68.6%
#################################################                         69.4%
##################################################                        70.2%
###################################################                       70.9%
###################################################                       71.7%
####################################################                      72.5%
####################################################                      73.2%
#####################################################                     74.0%
#####################################################                     74.8%
######################################################                    75.5%
######################################################                    76.3%
#######################################################                   77.1%
########################################################                  77.8%
########################################################                  78.6%
#########################################################                 79.4%
#########################################################                 80.1%
##########################################################                80.9%
##########################################################                81.7%
###########################################################               82.4%
###########################################################               83.2%
############################################################              84.0%
#############################################################             84.7%
#############################################################             85.5%
##############################################################            86.3%
##############################################################            87.1%
###############################################################           87.8%
###############################################################           88.6%
################################################################          89.4%
################################################################          90.1%
#################################################################         90.9%
##################################################################        91.7%
##################################################################        92.4%
###################################################################       93.2%
###################################################################       94.0%
####################################################################      94.8%
####################################################################      95.5%
#####################################################################     96.3%
#####################################################################     97.1%
######################################################################    97.8%
######################################################################    98.6%
#######################################################################   99.4%
######################################################################## 100.0%
Note: Deploying emacs_wisi=4.2.0...
#=#=#                                                                          
##O#-#                                                                         
##O=#  #                                                                       

#######                                                                   10.7%
##############################################                            64.2%
######################################################################## 100.0%

emacs_wisitoken_grammar_mode=1.3.0 successfully retrieved.
Dependencies were solved as follows:

   +  emacs_wisi          4.2.0  (new)
   +b gnat                15.1.2 (new,gnat_native,binary)
   +  gnatcoll            22.0.0 (new,indirect)
   +  libgpr              22.0.0 (new,indirect)
   +b re2c                3.1.0  (new,system package)
   +  stephes_ada_library 3.7.3  (new)
   +  wisitoken           4.1.0  (new)
   +  xmlada              22.0.0 (new,indirect)
[alr test] Spawning default test for remote crate: alr -d -n build --release -- -cargs:Ada -gnatwn
Note: Building wisitoken=4.1.0/build/wisitoken_alire.gpr (1/2)...
gnatcoll.gpr:254:07: warning: value "windows" is not used as label
Setup
   [mkdir]        object directory for project GPR
   [mkdir]        library directory for project GPR
   [mkdir]        object directory for project GnatColl
   [mkdir]        library directory for project GnatColl
   [mkdir]        object directory for project Stephes_Ada_Library
   [mkdir]        exec directory for project Stephes_Ada_Library
   [mkdir]        object directory for project Wisitoken_Alire
   [mkdir]        library directory for project Wisitoken_Alire
Compile
   [Ada]          sal-endianness.ads
   [Ada]          sal-gen_definite_doubly_linked_lists_sorted-gen_image.adb
   [Ada]          sal-gen_unbounded_definite_vectors_sorted.adb
   [Ada]          ada_config.ads
   [Ada]          sal-network_order-gen_scalar_32.adb
   [Ada]          sal-ada_containers.ads
   [Ada]          sal-gen_array_image.adb
   [Ada]          sal-gen_unbounded_indefinite_vectors.adb
   [Ada]          sal-gen_unbounded_definite_hash_tables.adb
   [Ada]          sal-gen_bounded_definite_vectors.adb
   [Ada]          sal-config_files-integer.ads
   [Ada]          sal-gen_unbounded_definite_red_black_trees.adb
   [Ada]          sal-time_conversions.adb
   [Ada]          sal-gen_definite_doubly_linked_lists_sorted.adb
   [Ada]          sal-gen_unbounded_definite_min_heaps_fibonacci.adb
   [Ada]          sal-gen_bounded_definite_doubly_linked_lists.adb
   [Ada]          sal-command_line_io.adb
   [Ada]          sal-gen_bounded_definite_vectors-gen_image.adb
   [Ada]          sal-gen_trimmed_image_unsigned.adb
   [Ada]          sal-gen_unbounded_definite_stacks-gen_image_aux.adb
   [Ada]          sal-gen_graphs.adb
   [Ada]          sal-gen_unbounded_definite_queues.adb
   [Ada]          sal-gen_unbounded_definite_vectors-gen_image.adb
   [Ada]          sal-gen_unbounded_definite_vectors.adb
   [Ada]          sal-gen_unbounded_sparse_ordered_sets.adb
   [Ada]          sal-gen_bounded_definite_vectors-gen_image_aux.adb
   [Ada]          sal-config_files.adb
   [Ada]          sal-gen_unbounded_indefinite_queues.adb
   [Ada]          sal-gen_unbounded_definite_vectors-gen_protected.adb
   [Ada]          sal-gen_unbounded_definite_queues-gen_image_aux.adb
   [Ada]          sal-gen_histogram-gen_gnuplot.adb
   [Ada]          sal-gen_definite_doubly_linked_lists-gen_image_aux.adb
   [Ada]          sal-generic_decimal_image_unsigned.adb
   [Ada]          sal-gen_stats.adb
   [Ada]          sal-gen_bounded_definite_stacks.adb
   [Ada]          sal-long_float_stats.ads
   [Ada]          sal-gen_bounded_definite_vectors_sorted.adb
   [Ada]          sal-config_files-boolean.ads
sal-time_conversions.ads:263:51: warning: instance uses predefined, not primitive, operator "mod" at line 97
   [Ada]          sal-gen_bounded_definite_vectors-gen_refs.adb
   [Ada]          sal-gen_bounded_definite_stacks-gen_image_aux.adb
   [Ada]          sal-generic_fixed_image.adb
   [Ada]          sal-gen_trimmed_image.adb
   [Ada]          sal-gen_randomize_doubly_linked_lists.adb
   [Ada]          sal-memory_streams.adb
   [Ada]          sal-config_files-port.ads
   [Ada]          sal-interfaces_more.adb
   [Ada]          sal-gen_unconstrained_array_image_aux.adb
   [Ada]          sal-ada_containers-gen_doubly_linked_lists_image.adb
   [Ada]          sal-network_order-gen_scalar_64.adb
   [Ada]          sal-time_conversions-config.ads
   [Ada]          sal-gen_unbounded_definite_vectors-gen_image_aux.adb
   [Ada]          sal-gen_indefinite_doubly_linked_lists.adb
   [Ada]          sal-gen_unbounded_definite_stacks.adb
   [Ada]          sal-text_io_utils.adb
   [Ada]          sal-web_utils.adb
sal-time_conversions-config.ads:35:74: warning: instance uses predefined, not primitive, operator "mod" at sal-time_conversions.ads:97
sal-time_conversions-config.ads:36:83: warning: instance uses predefined, not primitive, operator "mod" at sal-time_conversions.ads:97
sal-time_conversions-config.ads:38:77: warning: instance uses predefined, not primitive, operator "mod" at sal-time_conversions.ads:97
   [Ada]          sal.adb
   [Ada]          sal-file_names.adb
   [Ada]          sal-gen_bounded_definite_vectors_sorted-gen_refs.adb
   [Ada]          sal-interfaces_more-config.ads
   [Ada]          sal-unix_text_io.adb
   [Ada]          sal-network_order.adb
   [Ada]          sal-generic_decimal_image.adb
   [Ada]          sal-gen_histogram.adb
   [Ada]          sal-config_files-duration.ads
   [Ada]          sal-gen_definite_doubly_linked_lists_ref_count.adb
   [Ada]          sal-gen_bounded_definite_doubly_linked_lists-gen_image_aux.adb
   [Ada]          sal-gen_unconstrained_array_image.adb
   [Ada]          sal-long_float_stats-image.ads
   [Ada]          ada_calendar_config.adb
   [Ada]          sal-calendar_more.ads
   [Ada]          sal-gen_unbounded_definite_vectors-gen_comparable.adb
   [Ada]          sal-csv.adb
   [Ada]          long_float_elementary_functions.ads
   [Ada]          sal-gen_unbounded_definite_min_heaps_binary.adb
   [Ada]          sal-gen_bounded_definite_vectors_sorted-gen_image_aux.adb
   [Ada]          sal-generic_float_image.adb
   [Ada]          sal-gen_indefinite_doubly_linked_lists_sorted_aux.adb
   [Ada]          sal-gen_unbounded_definite_red_black_trees-gen_print_tree.adb
   [Ada]          sal-generic_hex_image.adb
   [Ada]          sal-gen_definite_doubly_linked_lists.adb
   [Ada]          sal-generic_binary_image.adb
   [Ada]          sal-gen_stats-gen_image.adb
   [Ada]          ada_strings_unbounded_text_io.adb
   [Ada]          sal-generic_hex_value.adb
   [Ada]          sal-interfaces_more-images.ads
   [Ada]          sal-gen_indefinite_doubly_linked_lists-gen_image_aux.adb
   [Ada]          sal-gen_bounded_definite_queues.adb
   [Ada]          sal-gen_definite_doubly_linked_lists-gen_image.adb
   [C]            gpr_imports.c
   [Ada]          gpr-erroutc.adb
   [Ada]          gpr-cset.adb
   [Ada]          gpr-script.adb
   [Ada]          gpr-compilation.adb
   [Ada]          gpr.adb
   [Ada]          gpr-attr.adb
   [Ada]          gpr-compilation-slave.adb
gpr-attr.adb:1515:10: warning: unreachable code [enabled by default]
gpr-attr.adb:1523:10: warning: unreachable code [enabled by default]
gpr-attr.adb:1567:10: warning: unreachable code [enabled by default]
gpr-attr.adb:1575:10: warning: unreachable code [enabled by default]
gpr-attr.adb:1595:13: warning: unreachable code [enabled by default]
gpr-attr.adb:1648:13: warning: unreachable code [enabled by default]
gpr-attr.adb:1661:19: warning: unreachable code [enabled by default]
gpr-attr.adb:1698:10: warning: unreachable code [enabled by default]
gpr-attr.adb:1709:13: warning: unreachable code [enabled by default]
gpr-attr.adb:1725:16: warning: unreachable code [enabled by default]
   [Ada]          gpr-tempdir.adb
   [Ada]          gpr-conf.adb
   [Ada]          gpr-strt.adb
   [Ada]          gpr-debug.adb
   [Ada]          gpr-osint.adb
gpr-osint.adb:32:06: warning: "System.CRTL" is an internal GNAT unit [-gnatwi]
gpr-osint.adb:32:06: warning: use of this unit is non-portable and version-dependent [-gnatwi]
gpr-osint.adb:33:06: warning: "System.OS_Constants" is an internal GNAT unit [-gnatwi]
gpr-osint.adb:33:06: warning: use of this unit is non-portable and version-dependent [-gnatwi]
   [Ada]          gpr-opt.ads
   [Ada]          gpr-util.adb
   [Ada]          gpr-ext.adb
   [Ada]          gpr-sinput.adb
   [Ada]          gpr-version.adb
   [Ada]          gpr-part.adb
   [Ada]          gpr-proc.adb
   [Ada]          gpr-scans.adb
   [Ada]          gpr-util-aux.adb
   [Ada]          gpr-ali.adb
   [Ada]          gpr_build_util.adb
   [Ada]          gpr-compilation-process.adb
gpr-util-aux.adb:250:13: warning: aspect Unreferenced specified for "Success" [enabled by default]
   [Ada]          gpr-snames.adb
   [Ada]          gpr-compilation-protocol.adb
   [Ada]          gpr-nmsc.adb
   [Ada]          gpr-sdefault.ads
gpr-sdefault.ads:25:06: warning: "System.OS_Constants" is an internal GNAT unit [-gnatwi]
gpr-sdefault.ads:25:06: warning: use of this unit is non-portable and version-dependent [-gnatwi]
   [Ada]          gpr-output.adb
   [Ada]          gpr-com.ads
   [Ada]          gpr-dect.adb
gpr-util.adb:1160:25: warning: aspect Unreferenced specified for "Position" [enabled by default]
gpr-util.adb:1161:25: warning: aspect Unreferenced specified for "Inserted" [enabled by default]
gpr-util.adb:3330:26: warning: aspect Unreferenced specified for "Success" [enabled by default]
gpr-util.adb:3366:36: warning: aspect Unreferenced specified for "Success" [enabled by default]
gpr-util.adb:3388:36: warning: aspect Unreferenced specified for "Success" [enabled by default]
gpr-util.adb:3392:36: warning: aspect Unreferenced specified for "Success" [enabled by default]
   [Ada]          gpr-env.adb
   [Ada]          gpr-err.adb
   [Ada]          gpr-tree.adb
   [Ada]          gpr-compilation-sync.adb
   [Ada]          gpr-knowledge.adb
   [Ada]          gpr-pp.adb
   [Ada]          gpr-names.adb
   [Ada]          gpr-compilation-process-waiter.adb
   [Ada]          gpr-attr-pm.adb
   [C]            libc-wrappers.c
   [C]            process-wrappers.c
   [C]            terminals.c
   [C]            run_path_option.c
   [C]            executable_path.c
   [C]            set_std_prefix.c
   [C]            getRSS.c
   [C]            update_path.c
   [C]            separate_run_path_option.c
   [C]            link_max.c
   [C]            objlist_file.c
   [C]            gnatcoll_support.c
   [Ada]          gnatcoll-os-libc-dirent.ads
   [Ada]          gnatcoll-os-libc-spawn.ads
   [Ada]          gnatcoll-os-libc.ads
   [Ada]          gnatcoll-os-libc-stat.ads
   [Ada]          gnatcoll-paragraph_filling-words.adb
   [Ada]          gnatcoll-paragraph_filling.adb
   [Ada]          gnatcoll-paragraph_filling-badnesses.adb
   [Ada]          gnatcoll-os-stat.adb
   [Ada]          gnatcoll-os-process.adb
   [Ada]          gnatcoll-os-fs.adb
   [Ada]          gnatcoll-os-dir.adb
   [Ada]          gnatcoll-os.ads
   [Ada]          gnatcoll-projects.adb
   [Ada]          gnatcoll-strings.ads
   [Ada]          gnatcoll-io-remote-unix.adb
gnatcoll-os-process-wait__unix.adb:29:04: warning: use clause for type "Uint_32" defined at gnatcoll-os-libc.ads:33 has no effect [-gnatwu]
   [Ada]          gnatcoll-projects-normalize.adb
gnatcoll-io-remote-unix.adb:409:36: warning: aspect Unreferenced specified for "Status" [enabled by default]
gnatcoll-io-remote-unix.adb:434:36: warning: aspect Unreferenced specified for "Status" [enabled by default]
   [Ada]          gnatcoll-scripts-files.adb
gnatcoll-scripts-files.ads:25:06: warning: unnecessary with of ancestor [-gnatwr]
   [Ada]          gnatcoll-asserts.adb
   [Ada]          gnatcoll-traces.adb
   [Ada]          gnatcoll.ads
   [Ada]          gnatcoll-wstring_list_builders.adb
   [Ada]          gnatcoll-projects-krunch.adb
   [Ada]          gnatcoll-storage_pools.ads
   [Ada]          gnatcoll-locks.adb
   [Ada]          gnatcoll-coders-base64.adb
   [Ada]          gnatcoll-config.adb
   [Ada]          gnatcoll-atomic.adb
   [Ada]          gnatcoll-path.adb
   [Ada]          gnatcoll-scripts-shell.adb
   [Ada]          gnatcoll-any_types.adb
   [Ada]          gnatcoll-email-parser.adb
   [Ada]          gnatcoll-symbols.adb
   [Ada]          gnatcoll-coders-streams.adb
   [Ada]          gnatcoll-scripts.adb
gnatcoll-scripts-shell.adb:38:06: warning: unnecessary with of ancestor [-gnatwr]
   [Ada]          gnatcoll-geometry.adb
   [Ada]          gnatcoll-vfs.adb
   [Ada]          gnatcoll-coders.adb
   [Ada]          gnatcoll-boyer_moore.adb
   [Ada]          gnatcoll-json-utility.adb
   [Ada]          gnatcoll-io-remote-windows.adb
   [Ada]          gnatcoll-templates.adb
   [Ada]          gnatcoll-string_list_builders.adb
   [Ada]          gnatcoll-opt_parse.adb
gnatcoll-io-remote-windows.adb:496:36: warning: aspect Unreferenced specified for "Status" [enabled by default]
   [Ada]          gnatcoll-refcount.adb
gnatcoll-refcount.ads:90:04: warning: in instantiation at gnatcoll-storage_pools-headers.adb:57 [enabled by default]
gnatcoll-refcount.ads:90:04: warning: possible aliasing problem for type "Header_Access" [enabled by default]
gnatcoll-refcount.ads:90:04: warning: use -fno-strict-aliasing switch for references [enabled by default]
gnatcoll-refcount.ads:90:04: warning: or use "pragma No_Strict_Aliasing (Header_Access);" [enabled by default]
   [Ada]          gnatcoll-mmap.adb
   [Ada]          gnatcoll-pools.adb
   [Ada]          gnatcoll-json.adb
   [Ada]          gnatcoll-formatters.adb
   [Ada]          gnatcoll-email-utils.adb
   [Ada]          gnatcoll-format_columns_vertical.ads
   [Ada]          gnatcoll-refcount-weakref.adb
   [Ada]          gnatcoll-string_builders.adb
   [Ada]          gnatcoll-damerau_levenshtein_distance.ads
   [Ada]          gnatcoll-arg_lists.adb
   [Ada]          gnatcoll-damerau_levenshtein_generic.adb
   [Ada]          gnatcoll-wstring_builders.adb
   [Ada]          gnatcoll-utils.adb
gnatcoll-utils.adb:642:34: warning: aspect Unreferenced specified for "Result" [enabled by default]
   [Ada]          gnatcoll-vfs_types.ads
   [Ada]          gnatcoll-io-remote.adb
   [Ada]          gnatcoll-vfs_utils.adb
gnatcoll-io-remote.adb:854:62: warning: aspect Unreferenced specified for "Dead" [enabled by default]
   [Ada]          gnatcoll-email.adb
   [Ada]          gnatcoll-remote-db.adb
   [Ada]          gnatcoll-scripts-projects.adb
   [Ada]          gnatcoll-scripts-impl.adb
   [Ada]          gnatcoll-promises.adb
   [Ada]          gnatcoll-remote.ads
   [Ada]          gnatcoll-storage_pools-alignment.adb
   [Ada]          gnatcoll-strings_impl.adb
   [Ada]          gnatcoll-io-native.adb
   [Ada]          gnatcoll-tribooleans.adb
   [Ada]          gnatcoll-projects-aux.adb
   [Ada]          gnatcoll-email-mailboxes.adb
   [Ada]          gnatcoll-scripts-utils.adb
   [Ada]          gnatcoll-memory.adb
   [Ada]          gnatcoll-io.adb
   [Ada]          gnatcoll-terminal.adb
   [Ada]          gnatcoll-storage_pools-headers.adb
   [Ada]          gnatcoll-mmap-system__unix.adb
   [Ada]          gnatcoll-plugins__unix.adb
   [Ada]          gnatcoll-os-process_types__unix.adb
   [Ada]          gnatcoll-os-constants__unix.ads
   [Ada]          gnatcoll-os-dir_types__unix.ads
   [Ada]          gnatcoll-os-libc_constants__linux.ads
   [C]            wisitoken_grammar_re2c.c
   [Ada]          s-memory.adb
   [Ada]          wisitoken_config.ads
   [Ada]          wisitoken.adb
   [Ada]          wisitoken-generate-lr-lalr_generate.adb
   [Ada]          wisitoken-generate.adb
   [Ada]          wisitoken-syntax_trees.adb
gnatcoll-projects.adb:38:09: warning: unit "Ada.Unchecked_Conversion" is not referenced [-gnatwu]
   [Ada]          wisitoken-bnf-output_elisp_common.adb
   [Ada]          wisitoken-generate-lr.adb
   [Ada]          wisitoken-generate-packrat.adb
   [Ada]          wisitoken-bnf-output_ada_common.adb
   [Ada]          wisitoken-syntax_trees-lr_utils.adb
   [Ada]          wisitoken_grammar_editing.adb
   [Ada]          wisitoken-productions.adb
   [Ada]          wisitoken-bnf-utils.adb
   [Ada]          wisitoken-generate-tree_sitter.adb
   [Ada]          wisitoken-gen_token_enum.adb
   [Ada]          wisitoken-bnf-generate_packrat.adb
   [Ada]          wisitoken-parse-lr-parser.adb
   [Ada]          wisitoken-parse-packrat-procedural.adb
   [Ada]          wisitoken-bnf.adb
   [Ada]          recover_stats.adb
   [Ada]          wisitoken-generate-lr1_items.adb
   [Ada]          wisitoken-bnf-output_ada_emacs.adb
   [Ada]          wisitoken-bnf-output_ada.adb
   [Ada]          wisitoken-in_parse_actions.adb
   [Ada]          wisitoken_grammar_actions.adb
   [Ada]          wisitoken-regexp.adb
   [Ada]          wisitoken-wisi_ada.adb
   [Ada]          wisitoken_grammar_re2c_c.ads
   [Ada]          wisitoken_grammar_main.adb
   [Ada]          wisitoken-parse.adb
   [Ada]          wisitoken-parse-lr-parser_no_recover.adb
   [Ada]          wisitoken_grammar_runtime.adb
   [Ada]          wisitoken-bnf-generate_utils.adb
   [Ada]          wisitoken-utf_8.adb
   [Ada]          wisitoken-parse-lr-mckenzie_recover-base.adb
   [Ada]          wisitoken-parse-tree_sitter.adb
   [Ada]          wisitoken-parse-lr-mckenzie_recover.adb
wisitoken_grammar_runtime.adb:197:13: warning: unreachable code [enabled by default]
   [Ada]          wisitoken-lexer.adb
   [Ada]          wisitoken-parse-lr.adb
   [Ada]          wisitoken-generate-lr-lr1_generate.adb
   [Ada]          wisitoken-lexer-re2c.adb
   [Ada]          wisitoken-parse-packrat.adb
   [Ada]          wisitoken-text_io_trace.adb
   [Ada]          wisitoken-lexer-regexp.adb
   [Ada]          wisitoken-followed_by.adb
   [Ada]          wisitoken-parse-lr-mckenzie_recover-explore.adb
   [Ada]          wisitoken-parse-lr-parser_lists.adb
wisitoken-followed_by.adb:222:07: warning: "Generate_Data" is not modified, could be declared constant [-gnatwk]
   [Ada]          wisitoken-bnf-generate_grammar.adb
   [Ada]          wisitoken-parse-lr-mckenzie_recover-parse.adb
   [Ada]          wisitoken-parse-packrat-generated.adb
Build Libraries
   [gprlib]       gpr.lexch
   [gprlib]       gnatcoll.lexch
   [archive]      libgpr.a
   [index]        libgpr.a
   [gprlib]       Wisitoken.lexch
   [archive]      libgnatcoll.a
   [index]        libgnatcoll.a
   [archive]      libWisitoken.a
   [index]        libWisitoken.a
Note: Building wisitoken=4.1.0/build/wisitoken_alire_mains.gpr (2/2)...
gnatcoll.gpr:254:07: warning: value "windows" is not used as label
Setup
   [mkdir]        exec directory for project WisiToken_Alire_Mains
Compile
   [Ada]          wisitoken-bnf-generate.adb
Bind
   [gprbind]      wisitoken-bnf-generate.bexch
   [Ada]          wisitoken-bnf-generate.ali
Link
   [link]         wisitoken-bnf-generate.adb
Note: Running pre-build actions for emacs_wisitoken_grammar_mode=1.3.0...
/home/runner/.local/share/alire/builds/wisitoken_4.1.0_f9cd282e/c71b77b2f0bcd5eb99a30839245d778613478b845902e5e7825a69a4fff130fe/build/bin/wisitoken-bnf-generate.exe  --output_bnf wisitoken_grammar_1.wy
if [ -f wisitoken_grammar_1_*parse_table.txt ]; then mkdir -p bin; for file in wisitoken_grammar_1_*parse_table.txt; do mv $file bin; done fi
re2c --no-generation-date --debug-output --input custom -W -Werror --utf-8 -o wisitoken_grammar_1_re2c.c wisitoken_grammar_1.re2c
rm wisitoken_grammar_1.re2c
Note: Building emacs_wisitoken_grammar_mode=1.3.0/emacs_wisitoken_grammar_mode.gpr...
gnatcoll.gpr:254:07: warning: value "windows" is not used as label
Setup
   [mkdir]        object directory for project Wisi_Alire
   [mkdir]        library directory for project Wisi_Alire
   [mkdir]        object directory for project Emacs_Wisitoken_Grammar_Mode
   [mkdir]        exec directory for project Emacs_Wisitoken_Grammar_Mode
Compile
   [Ada]          wisitoken_grammar_mode_parse.ads
   [Ada]          emacs_wisi_config.ads
   [Ada]          gen_run_wisi_lr_text_rep_parse.adb
   [Ada]          wisi.adb
   [Ada]          gen_run_wisi_lr_parse.adb
   [Ada]          gen_emacs_wisi_lr_parse.adb
wisi.adb:1031:19: error: ambiguous left-hand side in assignment

   compilation of wisi.adb failed

gprbuild: *** compilation phase failed
stderr: Command ["gprbuild", "-s", "-j0", "-p", "-P", "/home/runner/work/alire-crates-ci/alire-crates-ci/test/2aedbc5b-9d0b-4135-99ef-5f812f0d99ee/emacs_wisitoken_grammar_mode_1.3.0_97b377b3/emacs_wisitoken_grammar_mode.gpr", "-cargs:Ada", "-gnatwn"] exited with code 4
ERROR: Command ["gprbuild", "-s", "-j0", "-p", "-P", "/home/runner/work/alire-crates-ci/alire-crates-ci/test/2aedbc5b-9d0b-4135-99ef-5f812f0d99ee/emacs_wisitoken_grammar_mode_1.3.0_97b377b3/emacs_wisitoken_grammar_mode.gpr", "-cargs:Ada", "-gnatwn"] exited with code 4
stderr: ALIRE.CHECKED_ERROR
stderr: Command ["gprbuild", "-s", "-j0", "-p", "-P", "/home/runner/work/alire-crates-ci/alire-crates-ci/test/2aedbc5b-9d0b-4135-99ef-5f812f0d99ee/emacs_wisitoken_grammar_mode_1.3.0_97b377b3/emacs_wisitoken_grammar_mode.gpr", "-cargs:Ada", "-gnatwn"] exited with code 4
stderr: raised ALIRE.CHECKED_ERROR : alire-stored-error:1
[/home/runner/work/alire-crates-ci/alire-crates-ci/alire_install/bin/alr]
0xe75bc6 Alire.Raise_Checked_Error at alire.adb:284
0xac1a54 Alire.Os_Lib.Subprocess.Checked_Spawn at alire-os_lib-subprocess.adb:111
0xd40276 Alire.Spawn.Command at alire-spawn.adb:22
0xd412ee Alire.Spawn.Gprbuild at alire-spawn.adb:68
0xc748cb Alire.Roots.Build at alire-roots.adb:189
0xc7301a Alire.Roots.Build at alire-roots.adb:255
0xc9832b Alire.Roots.Traverse at alire-roots.adb:2143
0xcfee85 Alire.Solutions.Traverse.Visit at alire-solutions.adb:1472
0xcfdfcc Alire.Solutions.Traverse at alire-solutions.adb:1555
0xc9841e Alire.Roots.Traverse at alire-roots.adb:2147
0xc984dd Alire.Roots.Traverse at alire-roots.adb:2127
0xc7359b Alire.Roots.Build at alire-roots.adb:286
0xc736d7 Alire.Roots.Build at alire-roots.adb:114
0x49aa0d Alr.Commands.Build.Execute at alr-commands-build.adb:145
0x49a36d Alr.Commands.Build.Execute at alr-commands-build.adb:113
0x49a51f Alr.Commands.Build.Execute at alr-commands-build.adb:54
0x53bbcc Alr.Commands.Sub_Cmd.Execute at clic-subcommand-instance.adb:749
0x5472be Alr.Commands.Execute at alr-commands.adb:632
0x43d48a Alr.Main at alr-main.adb:13
0x4403a3 Main at b__alr-main.adb:2445
[/lib/x86_64-linux-gnu/libc.so.6]
0x7f772802a1c8
0x7f772802a289
[/home/runner/work/alire-crates-ci/alire-crates-ci/alire_install/bin/alr]
0x43d323 _start at ???
0xfffffffffffffffe

stderr: ALIRE.ROOTS.BUILD._WRAPPED_STATEMENTS.BUILD_FAILED
stderr: alire-roots.adb:202
stderr: raised ALIRE.ROOTS.BUILD._WRAPPED_STATEMENTS.BUILD_FAILED : alire-roots.adb:202
[/home/runner/work/alire-crates-ci/alire-crates-ci/alire_install/bin/alr]
0xc74cc7 Alire.Roots.Build at alire-roots.adb:202
0xc7301a Alire.Roots.Build at alire-roots.adb:255
0xc9832b Alire.Roots.Traverse at alire-roots.adb:2143
0xcfee85 Alire.Solutions.Traverse.Visit at alire-solutions.adb:1472
0xcfdfcc Alire.Solutions.Traverse at alire-solutions.adb:1555
0xc9841e Alire.Roots.Traverse at alire-roots.adb:2147
0xc984dd Alire.Roots.Traverse at alire-roots.adb:2127
0xc7359b Alire.Roots.Build at alire-roots.adb:286
0xc736d7 Alire.Roots.Build at alire-roots.adb:114
0x49aa0d Alr.Commands.Build.Execute at alr-commands-build.adb:145
0x49a36d Alr.Commands.Build.Execute at alr-commands-build.adb:113
0x49a51f Alr.Commands.Build.Execute at alr-commands-build.adb:54
0x53bbcc Alr.Commands.Sub_Cmd.Execute at clic-subcommand-instance.adb:749
0x5472be Alr.Commands.Execute at alr-commands.adb:632
0x43d48a Alr.Main at alr-main.adb:13
0x4403a3 Main at b__alr-main.adb:2445
[/lib/x86_64-linux-gnu/libc.so.6]
0x7f772802a1c8
0x7f772802a289
[/home/runner/work/alire-crates-ci/alire-crates-ci/alire_install/bin/alr]
0x43d323 _start at ???
0xfffffffffffffffe

ERROR: Compilation failed.
