Test ran at 2026-06-05 13:49:59.689155+00:00

SOLUTION:
pico_ada_c02_button_and_led=1.7.0: Chapter 2 - Button controled LEDs
Origin: source archive pico_ada_c02_button_and_led-1.7.0.tgz at https://sourceforge.net/projects/pi-ada-tutorial/files/Alire/pico_ada_c02_button_and_led-1.7.0.tgz with hashes sha256:d519b9b367887981e76b6eca3a8ef0471140a370a610a9beab0c4122e88dbe89, sha512:e0359f54b9a25ab729aa8cb8404048b737d4c7084a71c495803956c535efc778c07ec4f94d2d87f7fd8b7f58cb22c491167a33650462c9eaab44a327757892a8
Properties:
   Author: Martin Krischik <krischik@users.sourceforge.net>
   Build Switches: 
   Config set: light_tasking_rp2040 {Board := rpi_pico, Max_CPUs := 2}
   Config set: rp2040_hal {Interrupts := bb_runtimes, Use_Startup := false}
   Configuration: no modifiers
   Description: Chapter 2 - Button controled LEDs
   Executable: sketch_02_1_button_and_led
   Executable: sketch_02_2_table_lamp
   License: GPL-3.0-or-later
   Long_Description: Controlling an LED with a button on the Raspberry Pi Pico using Ada - two simple
but useful interaction examples.

In this chapter I combine a push button with an LED. We start with basic on/off control, then move to a toggle-style
table lamp with software debounce.

Contained in Chapter 02 are:

1. sketch_02_1_button_and_led - Chapter 2.1 Switch LED with Button
2. sketch_02_2_table_lamp     - Chapter 2.2 Simple table lamp

Read the full tutorial at [Chapter 2 - Button &
LED](https://pi-ada-tutorial.sourceforge.io/pico_ada_c02_button_and_led), [GNATdoc
documentation](https://pi-ada-tutorial.sourceforge.io/gnatdoc/pico_ada_c02_button_and_led/), [SourceForge
repository](https://sourceforge.net/p/pi-ada-tutorial/code/ci/master/tree/pico_ada_c02_button_and_led/)

   Maintainer: Martin Krischik <krischik@users.sourceforge.net>
   Maintainers_Logins: krischik
   Name: pico_ada_c02_button_and_led
   Tag: raspberry
   Tag: pi
   Tag: pico
   Tag: rp2040
   Tag: tasking
   Tag: light-tasking
   Tag: ada2022
   Tag: embedded
   Version: 1.7.0
   Website: https://pi-ada-tutorial.sourceforge.io/pico_ada_c02_button_and_led
Dependencies (direct):
   light_tasking_rp2040^15.4
   pico_bsp^2.2
   pico_xbsp^1.7
   rp2040_hal^2.7.1
Dependencies (solution):
   atomic=1.1.0
   bbqueue=1.0.0
   cortex_m=1.1.0
   gnat=15.2.1 (gnat_arm_elf)
   gnat_arm_elf=15.2.1
   hal=1.0.0
   light_tasking_rp2040=15.4.0
   pico_bsp=2.2.0
   pico_xbsp=1.7.0
   rp2040_hal=2.7.1
   usb_embedded=1.0.1
Dependencies (graph):
   bbqueue=1.0.0                     --> atomic=1.1.0 (^1.0.0)
   bbqueue=1.0.0                     --> gnat=15.2.1 (gnat_arm_elf) (>=10)
   cortex_m=1.1.0                    --> gnat_arm_elf=15.2.1 (>=12)
   cortex_m=1.1.0                    --> hal=1.0.0 (~0.3 | ^1.0.0)
   light_tasking_rp2040=15.4.0       --> gnat_arm_elf=15.2.1 (^15)
   pico_ada_c02_button_and_led=1.7.0 --> light_tasking_rp2040=15.4.0 (^15.4)
   pico_ada_c02_button_and_led=1.7.0 --> pico_bsp=2.2.0 (^2.2)
   pico_ada_c02_button_and_led=1.7.0 --> pico_xbsp=1.7.0 (^1.7)
   pico_ada_c02_button_and_led=1.7.0 --> rp2040_hal=2.7.1 (^2.7.1)
   pico_bsp=2.2.0                    --> rp2040_hal=2.7.1 (^2)
   pico_xbsp=1.7.0                   --> pico_bsp=2.2.0 (^2.2)
   rp2040_hal=2.7.1                  --> atomic=1.1.0 (^1)
   rp2040_hal=2.7.1                  --> cortex_m=1.1.0 (^1)
   rp2040_hal=2.7.1                  --> gnat_arm_elf=15.2.1 (>=14 & /=15.1.2)
   rp2040_hal=2.7.1                  --> hal=1.0.0 (^1)
   rp2040_hal=2.7.1                  --> usb_embedded=1.0.1 (^1)
   usb_embedded=1.0.1                --> bbqueue=1.0.0 (^1.0.0)
   usb_embedded=1.0.1                --> hal=1.0.0 (^1.0.0)


LOG:
[alr test] Testing pico_ada_c02_button_and_led=1.7.0
[alr test] Spawning retrieval for remote crate: alr -d -n get pico_ada_c02_button_and_led=1.7.0
Note: Deploying pico_ada_c02_button_and_led=1.7.0...

######################################################################## 100.0%
######################################################################## 100.0%
######################################################################## 100.0%
#=#=#                                                                          
######################################################################## 100.0%
##=#=#                                                                         
##-=#=-#                                                                       
######################################################################## 100.0%
Note: Deploying light_tasking_rp2040=15.4.0...

#=#=#                                                                          
##############                                                            19.7%
######################################################################## 100.0%

pico_ada_c02_button_and_led=1.7.0 successfully retrieved.
Dependencies were solved as follows:

   +  atomic               1.1.0  (new,indirect)
   +  bbqueue              1.0.0  (new,indirect)
   +  cortex_m             1.1.0  (new,indirect)
   +b gnat                 15.2.1 (new,gnat_arm_elf,indirect,binary)
   +b gnat_arm_elf         15.2.1 (new,indirect,binary)
   +  hal                  1.0.0  (new,indirect)
   +  light_tasking_rp2040 15.4.0 (new)
   +  pico_bsp             2.2.0  (new)
   +  pico_xbsp            1.7.0  (new)
   +  rp2040_hal           2.7.1  (new)
   +  usb_embedded         1.0.1  (new,indirect)
[alr test] Spawning default test for remote crate: alr -d -n build --release -- -cargs:Ada -gnatwn
Note: Building pico_ada_c02_button_and_led=1.7.0/pico_ada_c02_button_and_led.gpr...
Setup
   [mkdir]        object directory for project Runtime_Build
   [mkdir]        library directory for project Runtime_Build
   [mkdir]        object directory for project Pico_Ada_c02_Button_And_Led
   [mkdir]        exec directory for project Pico_Ada_c02_Button_And_Led
Compile
   [Ada]          sketch_02_1_button_and_led.adb
   [Ada]          sketch_02_2_table_lamp.adb
   [Asm_Cpp]      start-rom.S
   [Asm_Cpp]      boot2-w25qxx.S
   [Ada]          s-pack35.adb
   [Ada]          s-imglfl.ads
   [Ada]          a-uncdea.ads
   [Ada]          s-pack37.adb
   [Ada]          gnat.ads
   [Ada]          a-nselfu.ads
   [Ada]          s-pack62.adb
   [Ada]          unchconv.ads
   [Ada]          s-lisisq.adb
   [Ada]          s-imagei.adb
   [Ada]          s-memtyp.ads
   [Ada]          s-macres.adb
   [Ada]          s-retsta.ads
   [Ada]          s-imgflt.ads
   [Ada]          s-pack61.adb
   [Ada]          s-pack03.adb
   [Ada]          i-cpoint.adb
   [Ada]          s-fatlfl.ads
   [Ada]          s-pack49.adb
   [Ada]          s-exnflt.ads
   [Ada]          s-fatgen.adb
   [Ada]          s-exnint.ads
   [Ada]          s-spcuop.adb
   [Ada]          s-vs_llu.ads
   [Ada]          s-pack17.adb
   [Ada]          s-pack30.adb
   [Ada]          s-pack46.adb
   [Ada]          s-stoele.adb
   [Ada]          s-imgint.ads
   [Ada]          s-atacco.adb
   [Ada]          s-valflt.ads
   [Ada]          s-imgllw.ads
   [Ada]          a-except.adb
   [Ada]          s-gcmain.adb
   [Ada]          s-valuti.adb
   [Ada]          s-imde64.ads
   [Ada]          setup_clocks.adb
   [Ada]          s-pack43.adb
   [Ada]          s-libm.adb
   [Ada]          a-nuelfu.ads
   [Ada]          s-pack51.adb
   [Ada]          s-pack14.adb
   [Ada]          a-nllefu.ads
   [Ada]          s-widint.ads
   [Ada]          s-bbarat.adb
   [Ada]          s-imageu.adb
   [Ada]          s-unstyp.ads
   [Ada]          s-carsi8.adb
   [Ada]          s-powllf.ads
   [Ada]          s-caun64.adb
   [Ada]          a-strsup.adb
   [Ada]          interfac.ads
   [Ada]          s-flocon.adb
   [Ada]          s-pack41.adb
   [Ada]          s-libdou.adb
   [Ada]          s-pack10.adb
   [Ada]          s-imagef.adb
   [Ada]          s-exponu.adb
   [Ada]          s-imgcha.adb
   [Ada]          s-expint.ads
   [Ada]          s-exnllf.ads
   [Ada]          s-widllu.ads
   [Ada]          s-bitops.adb
   [Ada]          s-carun8.adb
   [Ada]          s-expuns.ads
   [Ada]          s-arit64.adb
   [Ada]          s-valspe.adb
   [Ada]          s-bbrpat.adb
   [Ada]          s-atopri.adb
   [Ada]          s-valuei.adb
   [Ada]          s-pack54.adb
   [Ada]          s-pack53.adb
   [Ada]          s-expllu.ads
   [Ada]          s-pack27.adb
   [Ada]          s-imfi64.ads
   [Ada]          s-pack12.adb
   [Ada]          s-imgwiu.ads
   [Ada]          s-powflt.ads
   [Ada]          s-widthu.adb
   [Ada]          s-pack39.adb
   [Ada]          s-pack18.adb
   [Ada]          s-valcha.adb
   [Ada]          s-valllu.ads
   [Ada]          a-strmap.adb
   [Ada]          s-imgllu.ads
   [Ada]          s-valrea.adb
   [Ada]          s-vauspe.adb
   [Ada]          a-strfix.adb
   [Ada]          a-string.ads
   [Ada]          s-stache.adb
   [Ada]          s-pack21.adb
   [Ada]          s-pack59.adb
   [Ada]          s-bootro.adb
   [Ada]          s-pack38.adb
   [Ada]          s-vafi32.ads
   [Ada]          s-imen32.ads
   [Ada]          s-imen16.ads
   [Ada]          s-expmod.adb
   [Ada]          s-pack13.adb
   [Ada]          s-imenu8.ads
   [Ada]          s-bbpara.ads
   [Ada]          s-sssita.adb
   [Ada]          s-imagen.adb
   [Ada]          s-maccod.ads
   [Ada]          s-pack19.adb
   [Ada]          system.ads
   [Ada]          s-imguns.ads
   [Ada]          s-expont.adb
   [Ada]          s-pack11.adb
   [Ada]          s-exnlli.ads
   [Ada]          g-debuti.adb
   [Ada]          s-vaen16.ads
   [Ada]          s-imager.adb
   [Ada]          s-vade32.ads
   [Ada]          s-atocou.adb
   [Ada]          s-fatflt.ads
   [Ada]          s-textio.adb
   [Ada]          s-bbmcpa.ads
   [Ada]          s-semiho.adb
   [Ada]          s-secsta.adb
   [Ada]          s-pack29.adb
   [Ada]          a-nlelfu.ads
   [Ada]          s-casuti.adb
   [Ada]          s-vector.ads
   [Ada]          a-charac.ads
   [Ada]          a-strsea.adb
   [Ada]          s-vs_lli.ads
   [Ada]          a-numeri.ads
   [Ada]          machcode.ads
   [Ada]          s-bytswa.ads
   [Ada]          s-pack47.adb
   [Ada]          s-caun16.adb
   [Ada]          a-unccon.ads
   [Ada]          s-valueu.adb
   [Ada]          s-veboop.adb
   [Ada]          s-pack07.adb
   [Ada]          a-chahan.adb
   [Ada]          a-nubinu.ads
   [Ada]          s-pack06.adb
   [Ada]          s-widuns.ads
   [Ada]          a-tags.adb
   [Ada]          a-stmaco.ads
   [Ada]          s-pack25.adb
   [Ada]          s-caun32.adb
   [Ada]          a-elchha.adb
   [Ada]          s-pack45.adb
   [Ada]          s-memcom.adb
   [Ada]          s-pack09.adb
   [Ada]          s-widthi.adb
   [Ada]          s-pack63.adb
   [Ada]          a-assert.adb
   [Ada]          s-casi16.adb
   [Ada]          s-vaenu8.ads
   [Ada]          s-powlfl.ads
   [Ada]          s-bbbopa.ads
   [Ada]          s-imagew.adb
   [Ada]          i-cexten.ads
   [Ada]          a-chlat1.ads
   [Ada]          s-pack52.adb
   [Ada]          s-exponr.adb
   [Ada]          s-pack28.adb
   [Ada]          s-valint.ads
   [Ada]          s-casi32.adb
   [Ada]          s-widlli.ads
   [Ada]          s-vaen32.ads
   [Ada]          s-memcop.adb
   [Ada]          s-pack50.adb
   [Ada]          s-fatllf.ads
   [Ada]          s-casi64.adb
   [Ada]          s-pack42.adb
   [Ada]          s-imde32.ads
   [Ada]          s-imgllf.ads
   [Ada]          s-aridou.adb
   [Ada]          s-boarop.ads
   [Ada]          g-io.adb
   [Ada]          s-exnlfl.ads
   [Ada]          s-pack20.adb
   [Ada]          s-vade64.ads
   [Ada]          g-souinf.ads
   [Ada]          s-libsin.adb
   [Ada]          g-sestin.ads
   [Ada]          s-vs_int.ads
   [Ada]          s-pack23.adb
   [Ada]          s-pack55.adb
   [Ada]          s-pack60.adb
   [Ada]          a-ngelfu.adb
   [Ada]          s-addope.adb
   [Ada]          s-bb.ads
   [Ada]          ada.ads
   [Ada]          s-valllf.ads
   [Ada]          s-libpre.ads
   [Ada]          s-vallfl.ads
   [Ada]          i-c.adb
   [Ada]          a-nbnbig.adb
   [Ada]          s-pack44.adb
   [Ada]          s-pack05.adb
   [Ada]          s-vallli.ads
   [Ada]          s-lidosq.adb
   [Ada]          s-exponn.adb
   [Ada]          s-spark.ads
   [Ada]          s-valuef.adb
   [Ada]          a-strbou.adb
   [Ada]          s-imglli.ads
   [Ada]          s-imguti.adb
   [Ada]          s-pack34.adb
   [Ada]          s-valuer.adb
   [Ada]          s-memmov.adb
   [Ada]          s-pack22.adb
   [Ada]          s-pack58.adb
   [Ada]          s-pack26.adb
   [Ada]          s-pack57.adb
   [Ada]          s-valboo.adb
   [Ada]          s-pack31.adb
   [Ada]          s-geveop.adb
   [Ada]          i-cstrin.adb
   [Ada]          s-assert.adb
   [Ada]          s-vs_uns.ads
   [Ada]          text_io.ads
   [Ada]          s-pack15.adb
   [Ada]          unchdeal.ads
   [Ada]          s-vaispe.adb
   [Ada]          s-pack33.adb
   [Ada]          s-memset.adb
   [Ada]          s-pack36.adb
   [Ada]          s-imfi32.ads
   [Ada]          s-explli.ads
   [Ada]          s-dourea.adb
   [Ada]          s-imaged.adb
   [Ada]          s-parame.adb
   [Ada]          s-arit32.adb
   [Ada]          s-valued.adb
   [Ada]          s-valuns.ads
   [Ada]          s-valuen.adb
   [Ada]          s-imgboo.adb
   [Ada]          s-memory.adb
   [Ada]          a-textio.adb
   [Ada]          s-vafi64.ads
   [Ada]          a-numaux.ads
   [Ada]          rp2040_runtime_config.ads
   [Ada]          light_tasking_rp2040_config.ads
   [Ada]          i-rp2040.ads
   [Ada]          i-rp2040-clocks.ads
   [Ada]          i-rp2040-pll_sys.ads
   [Ada]          i-rp2040-psm.ads
   [Ada]          i-rp2040-resets.ads
   [Ada]          i-rp2040-rosc.ads
   [Ada]          i-rp2040-sio.ads
   [Ada]          i-rp2040-timer.ads
   [Ada]          i-rp2040-watchdog.ads
   [Ada]          i-rp2040-xosc.ads
   [Ada]          s-bcprmu.adb
   [Ada]          s-taspri.ads
   [Ada]          s-taprop.adb
   [Ada]          s-taskin.adb
   [Ada]          s-multip.adb
   [Ada]          s-bbinte.adb
   [Ada]          s-bbcppr.adb
   [Ada]          s-musplo.adb
   [Ada]          s-bbtime.adb
   [Ada]          s-tpobop.adb
   [Ada]          s-bbbosu.adb
   [Ada]          s-tasque.adb
   [Ada]          s-bbprot.adb
   [Ada]          s-bbthre.adb
   [Ada]          a-interr.adb
   [Ada]          s-bbthqu.adb
   [Ada]          a-reatim.adb
   [Ada]          a-retide.adb
   [Ada]          s-interr.adb
   [Ada]          s-bbcpsp.ads
   [Ada]          s-tasdeb.adb
   [Ada]          a-exetim.adb
   [Ada]          s-taprob.adb
   [Ada]          s-tpobmu.adb
   [Ada]          s-mufalo.adb
   [Ada]          a-rttiev.adb
   [Ada]          s-restri.adb
   [Ada]          s-bbexti.adb
   [Ada]          s-osinte.ads
   [Ada]          s-tasinf.adb
   [Ada]          s-tarest.adb
   [Ada]          s-reldel.adb
   [Ada]          s-tasres.ads
   [Ada]          a-sytaco.adb
   [Ada]          a-taside.adb
   [Ada]          s-rident.ads
   [Ada]          a-synbar.adb
   [Ada]          a-extiin.adb
   [Ada]          s-bcpcst.adb
   [Ada]          s-bbtiev.adb
   [Ada]          s-tpoben.adb
   [Ada]          s-tposen.adb
   [Ada]          a-taster.adb
   [Ada]          a-intnam-2.ads
   [Ada]          pico_xbsp_config.ads
   [Ada]          pico-uart_io.adb
   [Ada]          pico-analog.adb
   [Ada]          pico-utils.adb
   [Ada]          pico-analog-rgb_led.adb
   [Ada]          pico-tone.adb
   [Ada]          bbqueue_config.ads
   [Ada]          bbqueue-buffers.adb
   [Ada]          bbqueue-buffers-framed.adb
   [Ada]          bbqueue.adb
   [Ada]          usb_embedded_config.ads
   [Ada]          usb-device-hid-keyboard.adb
   [Ada]          usb-hal.ads
   [Ada]          usb-device-control.adb
   [Ada]          usb-lang.ads
   [Ada]          usb-device-hid-mouse.adb
   [Ada]          usb-utils.adb
   [Ada]          usb-hal-device.ads
   [Ada]          usb-device-serial.adb
   [Ada]          usb-device-midi.adb
   [Ada]          usb-device-hid.adb
   [Ada]          usb-logging.ads
   [Ada]          usb-device.adb
   [Ada]          usb-device-hid-joystick.adb
   [Ada]          usb.adb
   [Ada]          usb-device-hid-gamepad.adb
   [Ada]          usb-logging-device__null.adb
   [Ada]          hal-real_time_clock.ads
   [Ada]          hal-i2c.ads
   [Ada]          hal-flash.ads
   [Ada]          hal-audio.ads
   [Ada]          hal-sdmmc.adb
   [Ada]          hal-block_drivers.ads
   [Ada]          hal-dsi.ads
   [Ada]          hal-filesystem.ads
   [Ada]          hal-framebuffer.ads
   [Ada]          hal-gpio.ads
   [Ada]          hal-spi.ads
   [Ada]          hal-uart.ads
   [Ada]          hal-bitmap.ads
   [Ada]          hal-time.ads
   [Ada]          hal.ads
   [Ada]          hal-touch_panel.ads
   [Ada]          cortex_m-nvic.adb
   [Ada]          cortex_m-cache.adb
   [Ada]          cortex_m_svd-debug.ads
   [Ada]          cortex_m_svd-systick.ads
   [Ada]          cortex_m_svd.ads
   [Ada]          cortex_m_svd-scb.ads
   [Ada]          cortex_m_svd-nvic.ads
   [Ada]          cortex_m_svd-dwt.ads
   [Ada]          cortex_m_config.ads
   [Ada]          cortex_m-dwt.adb
   [Ada]          semihosting.adb
   [Ada]          memory_barriers.adb
   [Ada]          cortex_m-systick.adb
   [Ada]          cortex_m.ads
   [Ada]          cortex_m-debug.adb
   [Ada]          cortex_m-hints.adb
   [Ada]          cortex_m-reset.adb
   [Ada]          semihosting-filesystem.adb
   [Ada]          atomic-critical_section.adb
   [Ada]          atomic-unsigned.adb
   [Ada]          atomic.adb
   [Ada]          atomic-signed.adb
   [Ada]          atomic-basic_operations.adb
   [Ada]          atomic_config.ads
   [Ada]          atomic-signed_16.ads
   [Ada]          atomic-signed_32.ads
   [Ada]          atomic-unsigned_8.ads
   [Ada]          atomic-unsigned_32.ads
   [Ada]          atomic-signed_8.ads
   [Ada]          atomic-unsigned_16.ads
   [Ada]          rp2040_hal_config.ads
   [Ada]          rp-timer-interrupts.adb
   [Ada]          rp-device.ads
   [Ada]          rp2040_svd-usbctrl_regs.ads
   [Ada]          rp2040_svd-sio.ads
   [Ada]          rp2040_svd-adc.ads
   [Ada]          rp2040_svd-clocks.ads
   [Ada]          rp2040_svd-tbman.ads
   [Ada]          rp2040_svd-i2c.ads
   [Ada]          rp2040_svd-sysinfo.ads
   [Ada]          rp2040_svd-io_bank0.ads
   [Ada]          rp2040_svd-resets.ads
   [Ada]          rp2040_svd-dma.ads
   [Ada]          rp2040_svd-busctrl.ads
   [Ada]          rp2040_svd-rosc.ads
   [Ada]          rp2040_svd-xip_ctrl.ads
   [Ada]          rp2040_svd-ppb.ads
   [Ada]          rp2040_svd-vreg_and_chip_reset.ads
   [Ada]          rp2040_svd-uart.ads
   [Ada]          rp2040_svd-pio.ads
   [Ada]          rp2040_svd-interrupts.ads
   [Ada]          rp2040_svd-rtc.ads
   [Ada]          rp2040_svd-spi.ads
   [Ada]          rp2040_svd-pads_bank0.ads
   [Ada]          rp2040_svd-pwm.ads
   [Ada]          rp2040_svd.ads
   [Ada]          rp2040_svd-timer.ads
   [Ada]          rp2040_svd-pads_qspi.ads
   [Ada]          rp2040_svd-usbctrl_dpram.ads
   [Ada]          rp2040_svd-xip_ssi.ads
   [Ada]          rp2040_svd-pll.ads
   [Ada]          rp2040_svd-psm.ads
   [Ada]          rp2040_svd-watchdog.ads
   [Ada]          rp2040_svd-syscfg.ads
   [Ada]          rp2040_svd-io_qspi.ads
   [Ada]          rp2040_svd-xosc.ads
   [Ada]          rp-pio-encoding.ads
   [Ada]          rp-pio-touch_sense.adb
   [Ada]          rp-spi.adb
   [Ada]          rp-dma.adb
   [Ada]          rp-timer.adb
   [Ada]          rp-pio.adb
   [Ada]          rp-pio-audio_i2s.adb
   [Ada]          rp-clock.adb
   [Ada]          rp-multicore.adb
   [Ada]          rp-pio-ws2812_pio.ads
   [Ada]          rp-watchdog.adb
   [Ada]          rp-flash.adb
   [Ada]          rp-uart.adb
   [Ada]          rp-rtc.adb
   [Ada]          rp-pio-touch_sense_discharge_pio.ads
   [Ada]          rp-flash-cache.adb
   [Ada]          rp-pio-ws2812.adb
   [Ada]          rp-multicore-fifo.adb
   [Ada]          rp-rom-floating_point.adb
   [Ada]          rp-pwm.adb
   [Ada]          rp-usb_device.adb
   [Ada]          rp-i2c_master.adb
   [Ada]          rp-pio-audio_i2s_pio.ads
   [Ada]          rp-rom.adb
   [Ada]          rp-adc.adb
   [Ada]          rp-gpio.adb
   [Ada]          rp-multicore-spinlocks.adb
   [Ada]          rp-reset.adb
   [Ada]          rp-pio-touch_sense_charge_pio.ads
   [Ada]          rp-i2c.adb
   [Ada]          rp-interpolator.ads
   [Ada]          rp.ads
   [Ada]          pico_bsp_config.ads
   [Ada]          pico.ads
   [Ada]          pico-pimoroni-audio_pack.ads
   [Ada]          pico-pimoroni.ads
   [Ada]          pico-pimoroni-rgb_keypad.adb
   [Ada]          pico-audio_i2s.ads
Build Libraries
   [gprlib]       Atomic.lexch
   [gprlib]       hal.lexch
   [gprlib]       Cortex_M.lexch
   [archive]      libAtomic.a
   [archive]      libhal.a
   [index]        libAtomic.a
   [index]        libhal.a
   [gprlib]       Bbqueue.lexch
   [gprlib]       Usb_Embedded.lexch
   [archive]      libCortex_M.a
   [archive]      libBbqueue.a
   [index]        libBbqueue.a
   [index]        libCortex_M.a
   [gprlib]       Rp2040_Hal.lexch
   [archive]      libUsb_Embedded.a
   [index]        libUsb_Embedded.a
   [gprlib]       Pico_Bsp.lexch
   [archive]      libRp2040_Hal.a
   [index]        libRp2040_Hal.a
   [gprlib]       Pico_XBSP.lexch
   [archive]      libPico_Bsp.a
   [index]        libPico_Bsp.a
   [archive]      libPico_XBSP.a
   [gprlib]       gnat.lexch
   [gprlib]       gnarl.lexch
   [index]        libPico_XBSP.a
   [archive]      libgnat.a
   [index]        libgnat.a
   [archive]      libgnarl.a
   [index]        libgnarl.a
Bind
   [gprbind]      sketch_02_1_button_and_led.bexch
   [Ada]          sketch_02_1_button_and_led.ali
   [gprbind]      sketch_02_2_table_lamp.bexch
   [Ada]          sketch_02_2_table_lamp.ali
Link
   [link]         sketch_02_1_button_and_led.adb
   [link]         sketch_02_2_table_lamp.adb
Success: Build finished successfully in 16.99 seconds.
Found declared GPR file: pico_ada_c02_button_and_led.gpr
[alr test] Test completed SUCCESSFULLY
