Test ran at 2026-05-01 01:35:29.401909+00:00

SOLUTION:
ado_all=2.5.0: Ada Database Objects (All drivers)
Origin: commit 9071ae7cb3a82085f7d59fc5a387c9e834a5dd69 from https://gitlab.com/stcarrez/ada-ado.git
Properties:
   Post_Fetch run: sh ./alire-setup.sh (from ${CRATE_ROOT}/.)
   Pre_Build run: sh ./alire-setup.sh (from ${CRATE_ROOT}/.)
   Author: Stephane.Carrez@gmail.com
   Configuration: no modifiers
   Description: Ada Database Objects (All drivers)
   License: Apache-2.0
   Long_Description: [![Build Status](https://img.shields.io/endpoint?url=https://porion.vacs.fr/porion/api/v1/projects/ada-ado/badges/build.json)](https://porion.vacs.fr/porion/projects/view/ada-ado/summary)
[![Test Status](https://img.shields.io/endpoint?url=https://porion.vacs.fr/porion/api/v1/projects/ada-ado/badges/tests.json)](https://porion.vacs.fr/porion/projects/view/ada-ado/xunits)
[![Coverage](https://img.shields.io/endpoint?url=https://porion.vacs.fr/porion/api/v1/projects/ada-ado/badges/coverage.json)](https://porion.vacs.fr/porion/projects/view/ada-ado/summary)
[![Documentation Status](https://readthedocs.org/projects/ada-ado/badge/?version=latest)](https://ada-ado.readthedocs.io/en/latest/?badge=latest)

This crate give access to the PostgreSQL, MySQL and SQLite drivers for the Ada Database Objects library.


   Maintainer: Stephane.Carrez@gmail.com
   Maintainers_Logins: stcarrez
   Name: ado_all
   Project_File: ado_all.gpr
   Tag: database
   Tag: uml
   Tag: sql
   Tag: mysql
   Tag: mariadb
   Tag: sqlite
   Tag: postgresql
   Version: 2.5.0
   Website: https://gitlab.com/stcarrez/ada-ado
Dependencies (direct):
   ado^2.5.0
Dependencies (solution):
   ado=2.5.0
   gnat=14.2.1 (gnat_native)
   utilada=2.8.2
   utilada_xml=2.8.2
   xmlada=25.0.0
Dependencies (graph):
   ado=2.5.0         --> utilada=2.8.2 (^2.8.0)
   ado=2.5.0         --> utilada_xml=2.8.2 (^2.8.0)
   ado_all=2.5.0     --> ado=2.5.0 (^2.5.0)
   utilada_xml=2.8.2 --> utilada=2.8.2 (^2.8.2)
   utilada_xml=2.8.2 --> xmlada=25.0.0 (^24.0|^25.0)
   xmlada=25.0.0     --> gnat=14.2.1 (gnat_native) (>=11)


LOG:
Failed to locate log
