Test ran at 2025-08-25 01:27:27.939650+00:00

SOLUTION:
matreshka_amf_dd=21.0.0: Diagram Definition (DD) specification support for AMF
Origin: commit d9f26bf491a2bfd76c4396fd8f49459bc230423a from https://github.com/reznikmm/matreshka-alire
Properties:
   Author: Vadim Godunko
   Description: Diagram Definition (DD) specification support for AMF
   License: BSD-3-Clause
   Maintainer: Vadim Godunko <vgodunko@gmail.com>
   Maintainer: Maxim Reznik <reznikmm@gmail.com>
   Maintainers_Logins: godunko
   Maintainers_Logins: reznikmm
   Name: matreshka_amf_dd
   Project_File: build_matreshka_amf_dd.gpr
   Tag: uml
   Tag: meta
   Tag: diagram
   Version: 21.0.0
   Website: https://github.com/godunko/matreshka
Dependencies (direct):
   matreshka_amf21.0.0
   matreshka_league21.0.0
Dependencies (solution):
   make=4.4.1
   matreshka_amf=21.0.0
   matreshka_league=21.0.0
   matreshka_xml=21.0.0
Dependencies (graph):
   matreshka_amf=21.0.0    --> matreshka_league=21.0.0 (21.0.0)
   matreshka_amf=21.0.0    --> matreshka_xml=21.0.0 (21.0.0)
   matreshka_amf_dd=21.0.0 --> matreshka_amf=21.0.0 (21.0.0)
   matreshka_amf_dd=21.0.0 --> matreshka_league=21.0.0 (21.0.0)
   matreshka_league=21.0.0 --> make=4.4.1 (*)
   matreshka_xml=21.0.0    --> matreshka_league=21.0.0 (21.0.0)


LOG:
[alr test] Testing matreshka_amf_dd=21.0.0
[alr test] Spawning retrieval for remote crate: alr -d -n get matreshka_amf_dd=21.0.0
Note: Deploying matreshka_amf_dd=21.0.0...
Note: Deploying matreshka_amf=21.0.0...

matreshka_amf_dd=21.0.0 successfully retrieved.
Dependencies were solved as follows:

   +b make             4.4.1  (new,indirect,system package)
   +  matreshka_amf    21.0.0 (new)
   +  matreshka_league 21.0.0 (new)
   +  matreshka_xml    21.0.0 (new,indirect)
[alr test] Spawning default test for remote crate: alr -d -n build --release -- -cargs:Ada -gnatwn
Note: Building matreshka_amf_dd=21.0.0/build_matreshka_amf_dd.gpr...
Setup
   [mkdir]        object directory for project Matreshka_AMF_DD
Compile
   [Ada]          amf-dg-texts-collections.ads
   [Ada]          amf-internals-dg_styles.adb
   [Ada]          amf-dg-images-collections.ads
   [Ada]          amf-dg-polylines-hash.ads
   [Ada]          amf-internals-dg_groups.adb
amf-internals-dg_groups.adb:46:06: warning: redundant with clause in body [-gnatwr]
amf-internals-dg_groups.adb:47:06: warning: redundant with clause in body [-gnatwr]
amf-internals-dg_groups.adb:48:06: warning: redundant with clause in body [-gnatwr]
amf-internals-dg_groups.adb:49:06: warning: redundant with clause in body [-gnatwr]
   [Ada]          amf-dg-holders-line_tos.ads
amf-internals-dg_styles.adb:46:06: warning: redundant with clause in body [-gnatwr]
amf-internals-dg_styles.adb:47:06: warning: redundant with clause in body [-gnatwr]
amf-internals-dg_styles.adb:51:06: warning: redundant with clause in body [-gnatwr]
   [Ada]          amf-dg-marked_elements-collections.ads
   [Ada]          amf-dc-point_collections.ads
   [Ada]          amf-di-diagram_elements-hash.ads
   [Ada]          amf-dg-holders-move_tos.ads
   [Ada]          amf-di-edges.ads
   [Ada]          amf-dg-clip_paths-hash.ads
   [Ada]          amf-dg-circles-hash.ads
   [Ada]          amf-internals-factories-dd_module_factory.adb
   [Ada]          amf-internals-dg_linear_gradients.adb
   [Ada]          amf-internals-tables-dc_metamodel-links.adb
amf-internals-factories-dd_module_factory-construct_union.adb:53:03: warning: formal parameter "Property" is not referenced [-gnatwf]
amf-internals-factories-dd_module_factory-construct_union.adb:58:04: warning: constant "Opposite" is not referenced [-gnatwu]
   [Ada]          amf-dg-groups-collections.ads
   [Ada]          amf-internals-holders-dg_holders.adb
amf-internals-dg_linear_gradients.adb:46:06: warning: redundant with clause in body [-gnatwr]
   [Ada]          amf-internals-factories-dc_factories.adb
   [Ada]          amf-internals-tables-dc_metamodel-objects.adb
   [Ada]          amf-internals-tables-dd_constructors.adb
   [Ada]          amf-dg-lines.ads
   [Ada]          amf-dg-linear_gradients-hash.ads
   [Ada]          amf-dg-path_command_collections.ads
amf-internals-factories-dc_factories.adb:260:14: warning: null value not allowed here [enabled by default]
amf-internals-factories-dc_factories.adb:260:14: warning: Constraint_Error will be raised at run time [enabled by default]
   [Ada]          amf-internals-dg_ellipses.adb
   [Ada]          amf-factories-di_factories.ads
   [Ada]          amf-dc-point_collections-internals.adb
amf-dc-point_collections-internals.adb:52:06: warning: formal parameter "Item" is not referenced [-gnatwf]
   [Ada]          amf-di-edges-hash.ads
   [Ada]          amf-dg-paths.ads
   [Ada]          amf-dg-marked_elements.ads
   [Ada]          amf-di.ads
amf-internals-dg_ellipses.adb:46:06: warning: redundant with clause in body [-gnatwr]
amf-internals-dg_ellipses.adb:47:06: warning: redundant with clause in body [-gnatwr]
amf-internals-dg_ellipses.adb:48:06: warning: redundant with clause in body [-gnatwr]
amf-internals-dg_ellipses.adb:49:06: warning: redundant with clause in body [-gnatwr]
   [Ada]          amf-internals-dg_canvases.adb
   [Ada]          amf-dg-clip_paths-collections.ads
   [Ada]          amf-internals-dg_circles.adb
amf-internals-tables-dd_constructors.adb:73:04: warning: use clause for package "Tables" has no effect [-gnatwu]
amf-internals-tables-dd_constructors.adb:74:04: warning: use clause for type "AMF_Collection_Of_Element" defined at amf-internals.ads:75 has no effect [-gnatwu]
   [Ada]          amf-dg-ellipses-hash.ads
   [Ada]          amf-dg-paths-hash.ads
   [Ada]          amf-dg-linear_gradients.ads
amf-internals-dg_circles.adb:46:06: warning: redundant with clause in body [-gnatwr]
amf-internals-dg_circles.adb:47:06: warning: redundant with clause in body [-gnatwr]
amf-internals-dg_circles.adb:48:06: warning: redundant with clause in body [-gnatwr]
amf-internals-dg_circles.adb:49:06: warning: redundant with clause in body [-gnatwr]
   [Ada]          amf-dg-radial_gradients.ads
amf-internals-dg_canvases.adb:46:06: warning: redundant with clause in body [-gnatwr]
amf-internals-dg_canvases.adb:47:06: warning: redundant with clause in body [-gnatwr]
amf-internals-dg_canvases.adb:48:06: warning: redundant with clause in body [-gnatwr]
amf-internals-dg_canvases.adb:49:06: warning: redundant with clause in body [-gnatwr]
amf-internals-dg_canvases.adb:50:06: warning: redundant with clause in body [-gnatwr]
amf-internals-dg_canvases.adb:51:06: warning: redundant with clause in body [-gnatwr]
amf-internals-dg_canvases.adb:52:06: warning: redundant with clause in body [-gnatwr]
   [Ada]          amf-di-styles.ads
   [Ada]          amf-dg-polylines.ads
   [Ada]          amf-dg-holders-cubic_curve_tos.ads
   [Ada]          amf-dg-holders.adb
   [Ada]          amf-dg-gradients-hash.ads
   [Ada]          amf-dg-linear_gradients-collections.ads
   [Ada]          amf-dg-holders-transforms.ads
   [Ada]          amf-internals-tables-dg_string_data_01.ads
   [Ada]          amf-dg-ellipses-collections.ads
   [Ada]          amf-internals-dg_markers.adb
   [Ada]          amf-dg-canvases-collections.ads
amf-internals-dg_markers.adb:46:06: warning: redundant with clause in body [-gnatwr]
amf-internals-dg_markers.adb:47:06: warning: redundant with clause in body [-gnatwr]
amf-internals-dg_markers.adb:48:06: warning: redundant with clause in body [-gnatwr]
amf-internals-dg_markers.adb:49:06: warning: redundant with clause in body [-gnatwr]
amf-internals-dg_markers.adb:50:06: warning: redundant with clause in body [-gnatwr]
amf-internals-dg_markers.adb:51:06: warning: redundant with clause in body [-gnatwr]
   [Ada]          amf-internals-dg_polylines.adb
   [Ada]          amf-dg-radial_gradients-collections.ads
   [Ada]          amf-internals-dg_rectangles.adb
amf-internals-dg_polylines.adb:46:06: warning: redundant with clause in body [-gnatwr]
amf-internals-dg_polylines.adb:47:06: warning: redundant with clause in body [-gnatwr]
amf-internals-dg_polylines.adb:48:06: warning: redundant with clause in body [-gnatwr]
amf-internals-dg_polylines.adb:49:06: warning: redundant with clause in body [-gnatwr]
amf-internals-dg_polylines.adb:50:06: warning: redundant with clause in body [-gnatwr]
   [Ada]          amf-dg.ads
   [Ada]          amf-dg-holders-translates.ads
   [Ada]          amf-dg-groups.ads
amf-internals-dg_rectangles.adb:46:06: warning: redundant with clause in body [-gnatwr]
amf-internals-dg_rectangles.adb:47:06: warning: redundant with clause in body [-gnatwr]
amf-internals-dg_rectangles.adb:48:06: warning: redundant with clause in body [-gnatwr]
amf-internals-dg_rectangles.adb:49:06: warning: redundant with clause in body [-gnatwr]
   [Ada]          amf-dg-holders-path_commands.ads
   [Ada]          amf-di-shapes-hash.ads
   [Ada]          amf-dg-texts-hash.ads
   [Ada]          amf-internals-tables-di_metamodel-objects.adb
   [Ada]          amf-dg-path_command_collections-internals.adb
   [Ada]          amf-di-diagram_elements.ads
amf-dg-path_command_collections-internals.adb:52:06: warning: formal parameter "Item" is not referenced [-gnatwf]
   [Ada]          amf-internals-dg_elements.adb
   [Ada]          amf-dg-fills-hash.ads
   [Ada]          amf-dg-holders-elliptical_arc_tos.ads
   [Ada]          amf-internals-tables-dg_metamodel-links.adb
   [Ada]          amf-internals-tables-dd_types.ads
   [Ada]          amf-dg-styles-collections.ads
   [Ada]          amf-dc-holders-known_colors.ads
   [Ada]          amf-dc-holders-dimensions.ads
   [Ada]          amf-dg-rectangles-collections.ads
   [Ada]          amf-dg-holders-rotates.ads
   [Ada]          amf-internals-tables-dc_notification.adb
   [Ada]          amf-di-diagrams.ads
   [Ada]          amf-internals-tables-dd_attributes.adb
   [Ada]          amf-di-shapes-collections.ads
   [Ada]          amf-internals-tables-dc_metamodel-properties.adb
   [Ada]          amf-internals-dg_polygons.adb
amf-internals-dg_polygons.adb:46:06: warning: redundant with clause in body [-gnatwr]
amf-internals-dg_polygons.adb:47:06: warning: redundant with clause in body [-gnatwr]
amf-internals-dg_polygons.adb:48:06: warning: redundant with clause in body [-gnatwr]
amf-internals-dg_polygons.adb:49:06: warning: redundant with clause in body [-gnatwr]
amf-internals-dg_polygons.adb:50:06: warning: redundant with clause in body [-gnatwr]
   [Ada]          amf-di-diagrams-collections.ads
   [Ada]          amf-internals-tables-dg_metamodel-properties.adb
   [Ada]          amf-dg-radial_gradients-hash.ads
   [Ada]          amf-dg-gradient_stop_collections.ads
   [Ada]          amf-dg-patterns.ads
   [Ada]          amf-internals-tables-dg_metamodel-objects.adb
   [Ada]          amf-dg-markers-hash.ads
   [Ada]          amf-di-diagrams-hash.ads
   [Ada]          amf-dg-clip_paths.ads
   [Ada]          amf-dg-holders-scales.ads
   [Ada]          amf-dg-canvases.ads
   [Ada]          amf-internals-dg_lines.adb
   [Ada]          amf-internals-tables-dc_string_data_00.ads
   [Ada]          amf-dg-circles-collections.ads
amf-internals-dg_lines.adb:46:06: warning: redundant with clause in body [-gnatwr]
amf-internals-dg_lines.adb:47:06: warning: redundant with clause in body [-gnatwr]
amf-internals-dg_lines.adb:48:06: warning: redundant with clause in body [-gnatwr]
amf-internals-dg_lines.adb:49:06: warning: redundant with clause in body [-gnatwr]
amf-internals-dg_lines.adb:50:06: warning: redundant with clause in body [-gnatwr]
   [Ada]          amf-dg-fills-collections.ads
   [Ada]          amf-internals-dg_texts.adb
   [Ada]          amf-dg-graphical_elements-hash.ads
   [Ada]          amf-dg-markers-collections.ads
   [Ada]          amf-dc-holders-colors.ads
amf-internals-dg_texts.adb:46:06: warning: redundant with clause in body [-gnatwr]
amf-internals-dg_texts.adb:47:06: warning: redundant with clause in body [-gnatwr]
amf-internals-dg_texts.adb:48:06: warning: redundant with clause in body [-gnatwr]
amf-internals-dg_texts.adb:49:06: warning: redundant with clause in body [-gnatwr]
   [Ada]          amf-dg-rectangles.ads
   [Ada]          amf-dg-graphical_elements.ads
   [Ada]          amf-internals-dg_paths.adb
   [Ada]          amf-internals-tables-dc_metamodel.adb
   [Ada]          amf-dg-gradients.ads
   [Ada]          amf-internals-factories-dc_datatypes.adb
   [Ada]          amf-internals-tables-di_metamodel.adb
amf-internals-dg_paths.adb:46:06: warning: redundant with clause in body [-gnatwr]
amf-internals-dg_paths.adb:47:06: warning: redundant with clause in body [-gnatwr]
amf-internals-dg_paths.adb:48:06: warning: redundant with clause in body [-gnatwr]
amf-internals-dg_paths.adb:49:06: warning: redundant with clause in body [-gnatwr]
   [Ada]          amf-dg-images.ads
   [Ada]          amf-dg-graphical_elements-collections.ads
   [Ada]          amf-internals-tables-dg_string_data_00.ads
   [Ada]          amf-dg-images-hash.ads
   [Ada]          amf-dg-fills.ads
   [Ada]          amf-dc-holders-points.ads
   [Ada]          amf-dg-gradients-collections.ads
   [Ada]          amf-dg-polygons-collections.ads
   [Ada]          amf-internals-dg_marked_elements.adb
   [Ada]          amf-dg-holders-gradient_stops.ads
   [Ada]          amf-dg-polylines-collections.ads
   [Ada]          amf-dg-lines-hash.ads
amf-internals-dg_marked_elements.adb:46:06: warning: redundant with clause in body [-gnatwr]
amf-internals-dg_marked_elements.adb:47:06: warning: redundant with clause in body [-gnatwr]
amf-internals-dg_marked_elements.adb:48:06: warning: redundant with clause in body [-gnatwr]
amf-internals-dg_marked_elements.adb:49:06: warning: redundant with clause in body [-gnatwr]
   [Ada]          amf-di-edges-collections.ads
   [Ada]          amf-factories-dc_factories.ads
   [Ada]          amf-dg-transform_collections.ads
   [Ada]          amf-internals-tables-dd_reflection.adb
   [Ada]          amf-dg-ellipses.ads
   [Ada]          amf-internals-factories-dg_factories.adb
   [Ada]          amf-dc.ads
   [Ada]          amf-dg-polygons-hash.ads
   [Ada]          amf-internals-dg_patterns.adb
   [Ada]          amf-dg-circles.ads
   [Ada]          amf-internals-holders-di_holders.adb
   [Ada]          amf-dg-polygons.ads
amf-internals-dg_patterns.adb:46:06: warning: redundant with clause in body [-gnatwr]
amf-internals-dg_patterns.adb:47:06: warning: redundant with clause in body [-gnatwr]
amf-internals-dg_patterns.adb:48:06: warning: redundant with clause in body [-gnatwr]
   [Ada]          amf-dg-transform_collections-internals.adb
   [Ada]          amf-dc-holders-bounds.ads
   [Ada]          amf-dg-texts.ads
amf-dg-transform_collections-internals.adb:52:06: warning: formal parameter "Item" is not referenced [-gnatwf]
   [Ada]          amf-dg-styles-hash.ads
   [Ada]          amf-internals-tables-dd_attribute_mappings.ads
   [Ada]          amf-dg-rectangles-hash.ads
   [Ada]          amf-internals-tables-dd_element_table.ads
amf-internals-tables-dd_attribute_mappings.ads:65:19: warning: there are no others [-gnatwr]
   [Ada]          amf-dg-holders-skews.ads
   [Ada]          amf-dg-patterns-hash.ads
   [Ada]          amf-dg-groups-hash.ads
   [Ada]          amf-internals-tables-dg_metamodel.adb
   [Ada]          amf-dg-holders-close_paths.ads
   [Ada]          amf-dg-holders-matrixs.ads
   [Ada]          amf-dc-holders-alignment_kinds.ads
   [Ada]          amf-di-shapes.ads
   [Ada]          amf-dg-markers.ads
   [Ada]          amf-visitors-dg_iterators.ads
   [Ada]          amf-internals-tables-di_string_data_00.ads
   [Ada]          amf-internals-modules-dd_module.adb
   [Ada]          amf-dg-holders-quadratic_curve_tos.ads
   [Ada]          amf-internals-dg_images.adb
   [Ada]          amf-internals-factories-di_factories.adb
   [Ada]          amf-dc-holders.adb
   [Ada]          amf-di-styles-collections.ads
   [Ada]          amf-factories-dg_factories.ads
amf-internals-dg_images.adb:46:06: warning: redundant with clause in body [-gnatwr]
amf-internals-dg_images.adb:47:06: warning: redundant with clause in body [-gnatwr]
amf-internals-dg_images.adb:48:06: warning: redundant with clause in body [-gnatwr]
amf-internals-dg_images.adb:49:06: warning: redundant with clause in body [-gnatwr]
   [Ada]          amf-di-diagram_elements-collections.ads
amf-internals-factories-di_factories.adb:87:14: warning: null value not allowed here [enabled by default]
amf-internals-factories-di_factories.adb:87:14: warning: Constraint_Error will be raised at run time [enabled by default]
   [Ada]          amf-internals-tables-di_metamodel-links.adb
   [Ada]          amf-internals-dg_clip_paths.adb
   [Ada]          amf-dg-paths-collections.ads
amf-internals-dg_clip_paths.adb:46:06: warning: redundant with clause in body [-gnatwr]
amf-internals-dg_clip_paths.adb:47:06: warning: redundant with clause in body [-gnatwr]
amf-internals-dg_clip_paths.adb:48:06: warning: redundant with clause in body [-gnatwr]
amf-internals-dg_clip_paths.adb:49:06: warning: redundant with clause in body [-gnatwr]
   [Ada]          amf-visitors-dg_visitors.ads
   [Ada]          amf-internals-tables-di_metamodel-properties.adb
   [Ada]          amf-dg-styles.ads
   [Ada]          amf-di-styles-hash.ads
   [Ada]          amf-dg-patterns-collections.ads
   [Ada]          amf-dg-marked_elements-hash.ads
   [Ada]          amf-dg-canvases-hash.ads
   [Ada]          amf-dg-lines-collections.ads
   [Ada]          amf-dg-gradient_stop_collections-internals.adb
   [Ada]          amf-internals-dg_radial_gradients.adb
amf-dg-gradient_stop_collections-internals.adb:52:06: warning: formal parameter "Item" is not referenced [-gnatwf]
amf-internals-dg_radial_gradients.adb:46:06: warning: redundant with clause in body [-gnatwr]
Build Libraries
   [gprlib]       matreshka-amf-dd-15.1.lexch
   [link library] libmatreshka-amf-dd-15.1.so
Success: Build finished successfully in 22.94 seconds.
Found declared GPR file: build_matreshka_amf_dd.gpr
[alr test] Test completed SUCCESSFULLY
