Test ran at 2026-05-22 13:23:08.296331+00:00

SOLUTION:
spdx=26.0.0: SPDX License Expression Validator
Origin: source archive v26.0.0.zip at https://github.com/AdaCore/spdx_ada/archive/refs/tags/v26.0.0.zip with hash sha512:d98429ff612ff723faa72afb2bf68375935e14d60f1ee71dc36b2751bb1e2b8943645547ea273dbbaab4ae3bb1e414b1a7c844592bcbf6f351c3674a0f131022
Properties:
   Author: Fabien Chouteau
   Author: AdaCore
   Description: SPDX License Expression Validator
   GPR Scenario: SPDX_BUILD_MODE := debug | optimize
   GPR Scenario: SPDX_LIBRARY_TYPE := relocatable | static | static-pic
   GPR External: SPDX_BUILD_MODE := optimize
   License: Apache-2.0 WITH LLVM-exception
   Maintainer: Fabien Chouteau <chouteau@adacore.com>
   Maintainer: sagaert@adacore.com
   Maintainers_Logins: Fabien-Chouteau
   Maintainers_Logins: AldanTanneo
   Name: spdx
   Tag: spdx
   Tag: license
   Version: 26.0.0
   Website: https://github.com/AdaCore/spdx_ada


LOG:
[alr test] Testing spdx=26.0.0
[alr test] Spawning retrieval for remote crate: alr -d -n get spdx=26.0.0
Note: Deploying spdx=26.0.0...
#=#=#                                                                          
##O#-#                                                                         
##O=#  #                                                                       
#=#=-#  #                                                                      

spdx=26.0.0 successfully retrieved.
There are no dependencies.
[alr test] Spawning default test for remote crate: alr -d -n build --release -- -cargs:Ada -gnatwn
Note: Building spdx=26.0.0/spdx.gpr...
Setup
   [mkdir]        object directory for project Spdx
   [mkdir]        library directory for project Spdx
Compile
   [Ada]          spdx-exceptions.adb
   [Ada]          spdx.adb
   [Ada]          spdx-licenses.adb
Build Libraries
   [gprlib]       Spdx.lexch
   [archive]      libSpdx.a
   [index]        libSpdx.a
Success: Build finished successfully in 5.68 seconds.
Found declared GPR file: spdx.gpr
[alr test] Test completed SUCCESSFULLY
