Test ran at 2026-09-29 01:43:17.149186+00:00

SOLUTION:
zoneinfo=1.1.1: Ada 2022 timezone library for zone calculations and durations
Origin: commit 4fc4d81bde10ac29c16fd6e5aadac5811bb11991 from https://github.com/abitofhelp/zoneinfo_ada.git
Properties:
   Author: Michael Gardner
   Build Switches: 
   Description: Ada 2022 timezone library for zone calculations and durations
   License: BSD-3-Clause
   Maintainer: Michael Gardner <mike@abitofhelp.com>
   Maintainers_Logins: abitofhelp
   Name: zoneinfo
   Project_File: zoneinfo.gpr
   Tag: timezone
   Tag: zoneinfo
   Tag: time
   Tag: duration
   Tag: functional
   Tag: result-monad
   Tag: hexagonal
   Tag: ddd
   Tag: clean
   Tag: spark
   Version: 1.1.1
   Website: https://github.com/abitofhelp/zoneinfo
Dependencies (direct):
   functional^4.0.0
   gnat>=13
   gnatcoll^25.0.0
   tzif^3.0.3
Dependencies (solution):
   functional=4.1.1
   gnat=14.2.1 (gnat_native)
   gnatcoll=25.0.0
   libgpr=25.0.0
   tzif=3.0.3
   xmlada=25.0.0
Dependencies (graph):
   functional=4.1.1 --> gnat=14.2.1 (gnat_native) (>=13)
   gnatcoll=25.0.0  --> gnat=14.2.1 (gnat_native) (>=13)
   gnatcoll=25.0.0  --> libgpr=25.0.0 (~25.0.0)
   libgpr=25.0.0    --> gnat=14.2.1 (gnat_native) (/=2020)
   libgpr=25.0.0    --> xmlada=25.0.0 (~25.0.0)
   tzif=3.0.3       --> functional=4.1.1 (^4.0.0)
   tzif=3.0.3       --> gnat=14.2.1 (gnat_native) (>=13)
   tzif=3.0.3       --> gnatcoll=25.0.0 (^25.0.0)
   xmlada=25.0.0    --> gnat=14.2.1 (gnat_native) (>=11)
   zoneinfo=1.1.1   --> functional=4.1.1 (^4.0.0)
   zoneinfo=1.1.1   --> gnat=14.2.1 (gnat_native) (>=13)
   zoneinfo=1.1.1   --> gnatcoll=25.0.0 (^25.0.0)
   zoneinfo=1.1.1   --> tzif=3.0.3 (^3.0.3)


LOG:
[alr test] Testing zoneinfo=1.1.1
[alr test] Spawning retrieval for remote crate: alr -d -n get zoneinfo=1.1.1
Note: Deploying zoneinfo=1.1.1...
git@github.com: Permission denied (publickey).
fatal: Could not read from remote repository.

Please make sure you have the correct access rights
and the repository exists.
fatal: clone of 'git@github.com:abitofhelp/hybrid_scripts_python.git' into submodule path 'D:/a/alire-crates-ci/alire-crates-ci/test/1b1cccfd-7012-43c9-898a-4f23e34b6099/alr-zxja.tmp/scripts/python/shared' failed
Failed to clone 'scripts/python/shared'. Retry scheduled
git@github.com: Permission denied (publickey).
fatal: Could not read from remote repository.

Please make sure you have the correct access rights
and the repository exists.
fatal: clone of 'git@github.com:abitofhelp/hybrid_test_python.git' into submodule path 'D:/a/alire-crates-ci/alire-crates-ci/test/1b1cccfd-7012-43c9-898a-4f23e34b6099/alr-zxja.tmp/test/scripts/python/shared' failed
Failed to clone 'test/scripts/python/shared'. Retry scheduled
git@github.com: Permission denied (publickey).
fatal: Could not read from remote repository.

Please make sure you have the correct access rights
and the repository exists.
fatal: clone of 'git@github.com:abitofhelp/hybrid_scripts_python.git' into submodule path 'D:/a/alire-crates-ci/alire-crates-ci/test/1b1cccfd-7012-43c9-898a-4f23e34b6099/alr-zxja.tmp/scripts/python/shared' failed
Failed to clone 'scripts/python/shared' a second time, aborting
stderr: Command ["git", "clone", "--recursive", "-q", "https://github.com/abitofhelp/zoneinfo_ada.git", "D:\a\alire-crates-ci\alire-crates-ci\test\1b1cccfd-7012-43c9-898a-4f23e34b6099\alr-zxja.tmp"] exited with code 1
stderr: Generating Outcome_Failure with message: Command ["git", "clone", "--recursive", "-q", "https://github.com/abitofhelp/zoneinfo_ada.git", "D:\a\alire-crates-ci\alire-crates-ci\test\1b1cccfd-7012-43c9-898a-4f23e34b6099\alr-zxja.tmp"] exited with code 1
stderr: Generating Outcome_Failure with call stack:
stderr: raised AAA.DEBUG.STACK_TRACE.DEBUG_EXCEPTION : aaa-debug.adb:44
[D:\a\alire-crates-ci\alire-crates-ci\alire_install\bin\alr.exe]
0x7ff7d9ec2307 Semantic_Versioning.Basic.Restrictions.First_Index at aaa-debug.adb:44
0x7ff7d9c7c118 Semantic_Versioning.Basic.Restrictions.First_Index at alire.adb:226
0x7ff7d9c7c994 Semantic_Versioning.Basic.Restrictions.First_Index at alire.adb:223
0x7ff7d959f374 Semantic_Versioning.Basic.Restrictions.First_Index at alire-errors.adb:106
0x7ff7d959f441 Semantic_Versioning.Basic.Restrictions.First_Index at alire-errors.adb:104
0x7ff7d9c47ebd Semantic_Versioning.Basic.Restrictions.First_Index at alire-vcss-git.adb:253
0x7ff7d9c46790 Semantic_Versioning.Basic.Restrictions.First_Index at alire-vcss-git.adb:200
0x7ff7d97902ec Semantic_Versioning.Basic.Restrictions.First_Index at alire-origins-deployers-git.adb:16
0x7ff7d97bdbc3 Semantic_Versioning.Basic.Restrictions.First_Index at alire-origins-deployers.adb:123
0x7ff7d97bf275 Semantic_Versioning.Basic.Restrictions.First_Index at alire-origins-deployers.adb:170
0x7ff7d9a2095e Semantic_Versioning.Basic.Restrictions.First_Index at alire-releases.adb:341
0x7ff7d9a5c4ab Semantic_Versioning.Basic.Restrictions.First_Index at alire-roots.adb:723
0x7ff7d9a5cafa Semantic_Versioning.Basic.Restrictions.First_Index at alire-roots.adb:714
0x7ff7d91d5fe3 Semantic_Versioning.Basic.Restrictions.First_Index at alr-commands-get.adb:134
0x7ff7d91da1c2 Semantic_Versioning.Basic.Restrictions.First_Index at alr-commands-get.adb:380
0x7ff7d91da37e Semantic_Versioning.Basic.Restrictions.First_Index at alr-commands-get.adb:256
0x7ff7d9275dea Semantic_Versioning.Basic.Restrictions.First_Index at clic-subcommand-instance.adb:749
0x7ff7d9282b0e Semantic_Versioning.Basic.Restrictions.First_Index at alr-commands.adb:632
0x7ff7d91516a0 Alr.Main at alr-main.adb:13
0x7ff7d9155270 Main at b__alr-main.adb:2454
0x7ff7d915133e __tmainCRTStartup at ???
0x7ff7d9151144 mainCRTStartup at ???
[C:\Windows\System32\KERNEL32.DLL]
0x7ffa19a5e985
[C:\Windows\SYSTEM32\ntdll.dll]
0x7ffa1b1ec53a

stderr: ALIRE.CHECKED_ERROR
stderr: Command ["git", "clone", "--recursive", "-q", "https://github.com/abitofhelp/zoneinfo_ada.git", "D:\a\alire-crates-ci\alire-crates-ci\test\1b1cccfd-7012-43c9-898a-4f23e34b6099\alr-zxja.tmp"] exited with code 1
stderr: raised ALIRE.CHECKED_ERROR : alire-stored-error:2
[D:\a\alire-crates-ci\alire-crates-ci\alire_install\bin\alr.exe]
0x7ff7d9c7a8da Semantic_Versioning.Basic.Restrictions.First_Index at alire.adb:158
0x7ff7d9790314 Semantic_Versioning.Basic.Restrictions.First_Index at alire-origins-deployers-git.adb:16
0x7ff7d97bdbc3 Semantic_Versioning.Basic.Restrictions.First_Index at alire-origins-deployers.adb:123
0x7ff7d97bf275 Semantic_Versioning.Basic.Restrictions.First_Index at alire-origins-deployers.adb:170
0x7ff7d9a2095e Semantic_Versioning.Basic.Restrictions.First_Index at alire-releases.adb:341
0x7ff7d9a5c4ab Semantic_Versioning.Basic.Restrictions.First_Index at alire-roots.adb:723
0x7ff7d9a5cafa Semantic_Versioning.Basic.Restrictions.First_Index at alire-roots.adb:714
0x7ff7d91d5fe3 Semantic_Versioning.Basic.Restrictions.First_Index at alr-commands-get.adb:134
0x7ff7d91da1c2 Semantic_Versioning.Basic.Restrictions.First_Index at alr-commands-get.adb:380
0x7ff7d91da37e Semantic_Versioning.Basic.Restrictions.First_Index at alr-commands-get.adb:256
0x7ff7d9275dea Semantic_Versioning.Basic.Restrictions.First_Index at clic-subcommand-instance.adb:749
0x7ff7d9282b0e Semantic_Versioning.Basic.Restrictions.First_Index at alr-commands.adb:632
0x7ff7d91516a0 Alr.Main at alr-main.adb:13
0x7ff7d9155270 Main at b__alr-main.adb:2454
0x7ff7d915133e __tmainCRTStartup at ???
0x7ff7d9151144 mainCRTStartup at ???
[C:\Windows\System32\KERNEL32.DLL]
0x7ffa19a5e985
[C:\Windows\SYSTEM32\ntdll.dll]
0x7ffa1b1ec53a

stderr: Generating Outcome_Failure with message: Deployment of commit 4fc4d81bde10ac29c16fd6e5aadac5811bb11991 from https://github.com/abitofhelp/zoneinfo_ada.git to D:\a\alire-crates-ci\alire-crates-ci\test\1b1cccfd-7012-43c9-898a-4f23e34b6099\zoneinfo_1.1.1_4fc4d81b failed
stderr: Generating Outcome_Failure with call stack:
stderr: raised AAA.DEBUG.STACK_TRACE.DEBUG_EXCEPTION : aaa-debug.adb:44
[D:\a\alire-crates-ci\alire-crates-ci\alire_install\bin\alr.exe]
0x7ff7d9ec2307 Semantic_Versioning.Basic.Restrictions.First_Index at aaa-debug.adb:44
0x7ff7d9c7c118 Semantic_Versioning.Basic.Restrictions.First_Index at alire.adb:226
0x7ff7d9c7c994 Semantic_Versioning.Basic.Restrictions.First_Index at alire.adb:223
0x7ff7d97be93a Semantic_Versioning.Basic.Restrictions.First_Index at alire-origins-deployers.adb:155
0x7ff7d97bf275 Semantic_Versioning.Basic.Restrictions.First_Index at alire-origins-deployers.adb:170
0x7ff7d9a2095e Semantic_Versioning.Basic.Restrictions.First_Index at alire-releases.adb:341
0x7ff7d9a5c4ab Semantic_Versioning.Basic.Restrictions.First_Index at alire-roots.adb:723
0x7ff7d9a5cafa Semantic_Versioning.Basic.Restrictions.First_Index at alire-roots.adb:714
0x7ff7d91d5fe3 Semantic_Versioning.Basic.Restrictions.First_Index at alr-commands-get.adb:134
0x7ff7d91da1c2 Semantic_Versioning.Basic.Restrictions.First_Index at alr-commands-get.adb:380
0x7ff7d91da37e Semantic_Versioning.Basic.Restrictions.First_Index at alr-commands-get.adb:256
0x7ff7d9275dea Semantic_Versioning.Basic.Restrictions.First_Index at clic-subcommand-instance.adb:749
0x7ff7d9282b0e Semantic_Versioning.Basic.Restrictions.First_Index at alr-commands.adb:632
0x7ff7d91516a0 Alr.Main at alr-main.adb:13
0x7ff7d9155270 Main at b__alr-main.adb:2454
0x7ff7d915133e __tmainCRTStartup at ???
0x7ff7d9151144 mainCRTStartup at ???
[C:\Windows\System32\KERNEL32.DLL]
0x7ffa19a5e985
[C:\Windows\SYSTEM32\ntdll.dll]
0x7ffa1b1ec53a

Not resetting hidden file - D:\a\alire-crates-ci\alire-crates-ci\test\1b1cccfd-7012-43c9-898a-4f23e34b6099\alr-zxja.tmp\.git
Not resetting hidden file - D:\a\alire-crates-ci\alire-crates-ci\test\1b1cccfd-7012-43c9-898a-4f23e34b6099\alr-zxja.tmp\.git
stderr: ALIRE.CHECKED_ERROR
stderr: Deployment of commit 4fc4d81bde10ac29c16fd6e5aadac5811bb11991 from https://github.com/abitofhelp/zoneinfo_ada.git to D:\a\alire-crates-ci\alire-crates-ci\test\1b1cccfd-7012-43c9-898a-4f23e34b6099\zoneinfo_1.1.1_4fc4d81b failed
stderr: raised ALIRE.CHECKED_ERROR : alire-stored-error:3
[D:\a\alire-crates-ci\alire-crates-ci\alire_install\bin\alr.exe]
0x7ff7d9c7a8da Semantic_Versioning.Basic.Restrictions.First_Index at alire.adb:158
0x7ff7d9a20986 Semantic_Versioning.Basic.Restrictions.First_Index at alire-releases.adb:341
0x7ff7d9a5c4ab Semantic_Versioning.Basic.Restrictions.First_Index at alire-roots.adb:723
0x7ff7d9a5cafa Semantic_Versioning.Basic.Restrictions.First_Index at alire-roots.adb:714
0x7ff7d91d5fe3 Semantic_Versioning.Basic.Restrictions.First_Index at alr-commands-get.adb:134
0x7ff7d91da1c2 Semantic_Versioning.Basic.Restrictions.First_Index at alr-commands-get.adb:380
0x7ff7d91da37e Semantic_Versioning.Basic.Restrictions.First_Index at alr-commands-get.adb:256
0x7ff7d9275dea Semantic_Versioning.Basic.Restrictions.First_Index at clic-subcommand-instance.adb:749
0x7ff7d9282b0e Semantic_Versioning.Basic.Restrictions.First_Index at alr-commands.adb:632
0x7ff7d91516a0 Alr.Main at alr-main.adb:13
0x7ff7d9155270 Main at b__alr-main.adb:2454
0x7ff7d915133e __tmainCRTStartup at ???
0x7ff7d9151144 mainCRTStartup at ???
[C:\Windows\System32\KERNEL32.DLL]
0x7ffa19a5e985
[C:\Windows\SYSTEM32\ntdll.dll]
0x7ffa1b1ec53a

ERROR: Deployment of commit 4fc4d81bde10ac29c16fd6e5aadac5811bb11991 from https://github.com/abitofhelp/zoneinfo_ada.git to D:\a\alire-crates-ci\alire-crates-ci\test\1b1cccfd-7012-43c9-898a-4f23e34b6099\zoneinfo_1.1.1_4fc4d81b failed
****** UNEXPECTED EXCEPTION FOLLOWS:
raised ADA.IO_EXCEPTIONS.NAME_ERROR : directory "zoneinfo_1.1.1_4fc4d81b" does not exist
[D:\a\alire-crates-ci\alire-crates-ci\alire_install\bin\alr.exe]
0x7ff7d9df858f Semantic_Versioning.Basic.Restrictions.First_Index at a-direct.adb:1103
0x7ff7d954ca61 Semantic_Versioning.Basic.Restrictions.First_Index at alire-directories.adb:443
0x7ff7d9543b52 semantic_versioning__basic__restrictions__first_index at ???
0x7ff7d9296781 Semantic_Versioning.Basic.Restrictions.First_Index at alr-commands-test.adb:243
0x7ff7d9295c49 Semantic_Versioning.Basic.Restrictions.First_Index at alr-commands-test.adb:273
0x7ff7d929526b Semantic_Versioning.Basic.Restrictions.First_Index at alr-commands-test.adb:355
0x7ff7d9292e4d Semantic_Versioning.Basic.Restrictions.First_Index at alr-commands-test.adb:389
0x7ff7d929154b Semantic_Versioning.Basic.Restrictions.First_Index at alr-commands-test.adb:498
0x7ff7d929a79d Semantic_Versioning.Basic.Restrictions.First_Index at alr-commands-test.adb:691
0x7ff7d929a9bc Semantic_Versioning.Basic.Restrictions.First_Index at alr-commands-test.adb:533
0x7ff7d9275dea Semantic_Versioning.Basic.Restrictions.First_Index at clic-subcommand-instance.adb:749
0x7ff7d9282b0e Semantic_Versioning.Basic.Restrictions.First_Index at alr-commands.adb:632
0x7ff7d91516a0 Alr.Main at alr-main.adb:13
0x7ff7d9155270 Main at b__alr-main.adb:2454
0x7ff7d915133e __tmainCRTStartup at ???
0x7ff7d9151144 mainCRTStartup at ???
[C:\Windows\System32\KERNEL32.DLL]
0x7ffa19a5e985
[C:\Windows\SYSTEM32\ntdll.dll]
0x7ffa1b1ec53a

****** TRACE END
