Test ran at 2025-07-15 13:22:32.170540+00:00

SOLUTION:
gnatcoll=25.0.0: GNAT Components Collection - Core packages
Origin: source archive gnatcoll-core-25.0.0.zip at https://github.com/adacore/gnatcoll-core/archive/v25.0.0/gnatcoll-core-25.0.0.zip with hash sha512:d7d844832d303cb720595e2f656178e696002a593383f41f6589fa45b52bc03b1e5785ee47b741d38234ea98be4ec06537392dffd0e149f71a627899fc7a1113
Properties:
   Author: AdaCore
   Configuration: no modifiers
   Description: GNAT Components Collection - Core packages
   GPR Scenario: GNATCOLL_ATOMICS := intrinsic | mutex
   GPR Scenario: GNATCOLL_BUILD_MODE := DEBUG | PROD
   GPR Scenario: GNATCOLL_OS := windows | unix | osx
   GPR Scenario: LIBRARY_TYPE := static | relocatable | static-pic
   GPR External: GNATCOLL_BUILD_MODE := PROD
   GPR External: GNATCOLL_VERSION := 25.0.0
   case OS is
      when Linux => GPR External: GNATCOLL_OS := unix
      when Macos => GPR External: GNATCOLL_OS := osx
      when Windows => GPR External: GNATCOLL_OS := windows
   License: GPL-3.0-or-later WITH GCC-exception-3.1
   Maintainer: chouteau@adacore.com
   Maintainers_Logins: Fabien-Chouteau
   Name: gnatcoll
   Project_File: gnatcoll.gpr
   Project_File: projects/gnatcoll_projects.gpr
   Project_File: core/gnatcoll_core.gpr
   Project_File: minimal/gnatcoll_minimal.gpr
   Tag: gnatcoll
   Tag: json
   Tag: email
   Tag: refcount
   Tag: projects
   Tag: gpr
   Tag: vfs
   Version: 25.0.0
   Website: https://github.com/adacore/gnatcoll-core
Dependencies (direct):
   gnat>=13
   libgpr~25.0.0
Dependencies (solution):
   gnat=14.2.1 (gnat_native)
   libgpr=25.0.0
   xmlada=25.0.0
Dependencies (graph):
   gnatcoll=25.0.0 --> gnat=14.2.1 (gnat_native) (>=13)
   gnatcoll=25.0.0 --> libgpr=25.0.0 (~25.0.0)
   libgpr=25.0.0   --> gnat=14.2.1 (gnat_native) (/=2020)
   libgpr=25.0.0   --> xmlada=25.0.0 (~25.0.0)
   xmlada=25.0.0   --> gnat=14.2.1 (gnat_native) (>=11)


LOG:
Spawning: alr -d -n get --build gnatcoll=25.0.0
Note: Deploying gnatcoll=25.0.0...

#=#=#                                                                          
##O#-#                                                                         
##=O#- #                                                                       
# #=O#- #                                                                      
 # #=O#-  #                                                                    
  # #=O=#   #                                                                  
   # #=O=#   #                                                                 
Note: Building gnatcoll=25.0.0/gnatcoll.gpr (1/4)...
Setup
   [mkdir]        object directory for project GNATCOLL_Minimal
   [mkdir]        library directory for project GNATCOLL_Minimal
   [mkdir]        object directory for project GNATCOLL_Core
   [mkdir]        library directory for project GNATCOLL_Core
   [mkdir]        object directory for project XmlAda_Schema
   [mkdir]        object directory for project GPR
   [mkdir]        library directory for project GPR
   [mkdir]        object directory for project GNATCOLL_Projects
   [mkdir]        library directory for project GNATCOLL_Projects
Compile
   [Ada]          schema-schema_readers.adb
   [Ada]          schema-readers.adb
   [Ada]          schema-validators.adb
   [Ada]          schema-validators-xsd_grammar.adb
   [Ada]          schema-date_time.adb
   [Ada]          schema-simple_types.adb
   [Ada]          schema-decimal.adb
   [Ada]          schema-dom_readers.adb
   [Ada]          schema.adb
   [Ada]          dom-core-document_types.adb
   [Ada]          dom-core-elements.adb
   [Ada]          dom-core-attrs.adb
   [Ada]          dom-core-documents.adb
   [Ada]          dom-core-texts.adb
   [Ada]          dom-core-entity_references.ads
   [Ada]          dom-core-comments.ads
   [Ada]          dom-readers.adb
   [Ada]          dom-core-character_datas.adb
   [Ada]          dom-core-cdata_sections.ads
   [Ada]          dom-core-nodes.adb
   [Ada]          dom-core-notations.adb
   [Ada]          dom-core-document_fragments.ads
   [Ada]          dom-core-processing_instructions.ads
   [Ada]          dom-core.adb
   [Ada]          dom.ads
   [C]            gpr_imports.c
   [Ada]          gpr-dect.adb
   [Ada]          gpr-util-aux.adb
   [Ada]          gpr-env.adb
   [Ada]          gpr-scans.adb
   [Ada]          gpr-cset.adb
   [Ada]          gpr-compilation.adb
   [Ada]          gpr-ali.adb
   [Ada]          gpr-opt.ads
   [Ada]          gpr.adb
   [Ada]          gpr-strt.adb
   [Ada]          gpr-sdefault.adb
   [Ada]          gpr-debug.adb
   [Ada]          gpr-script.adb
   [Ada]          gpr-osint.adb
   [Ada]          gpr-sinput.adb
   [Ada]          gpr-tempdir.adb
   [Ada]          gpr-version.adb
   [Ada]          gpr-compilation-protocol.adb
   [Ada]          gpr-compilation-slave.adb
   [Ada]          gpr-conf.adb
   [Ada]          gpr-output.adb
   [Ada]          gpr-util.adb
   [Ada]          gpr-compilation-process-waiter.adb
   [Ada]          gpr-snames.adb
   [Ada]          gpr-names.adb
   [Ada]          gpr-knowledge.adb
   [Ada]          gpr-compilation-process.adb
   [Ada]          gpr-compilation-sync.adb
   [Ada]          gpr-attr.adb
   [Ada]          gpr-err.adb
   [Ada]          gpr-erroutc.adb
   [Ada]          gpr-ext.adb
   [Ada]          gpr_build_util.adb
   [Ada]          gpr-com.ads
   [Ada]          gpr-nmsc.adb
   [Ada]          gpr-jobserver.adb
   [Ada]          gpr-part.adb
   [Ada]          gpr-attr-pm.adb
   [Ada]          gpr-pp.adb
   [Ada]          gpr-tree.adb
   [Ada]          gpr-proc.adb
   [Ada]          gnatcoll-scripts-files.adb
   [Ada]          gnatcoll-projects-krunch.adb
   [Ada]          gnatcoll-projects-aux.adb
   [Ada]          gnatcoll-projects-normalize.adb
   [Ada]          gnatcoll-scripts-projects.adb
   [Ada]          gnatcoll-projects.adb
   [C]            getRSS.c
   [C]            gnatcoll_support.c
   [Ada]          gnatcoll-storage_pools-alignment.adb
   [Ada]          gnatcoll-storage_pools-headers.adb
   [Ada]          gnatcoll-locks.adb
   [Ada]          gnatcoll-storage_pools.ads
   [Ada]          gnatcoll-memory.adb
   [Ada]          gnatcoll-damerau_levenshtein_generic.adb
   [Ada]          gnatcoll-boyer_moore.adb
   [Ada]          gnatcoll-coders-streams.adb
   [Ada]          gnatcoll-damerau_levenshtein_distance.ads
   [Ada]          gnatcoll-coders-base64.adb
   [Ada]          gnatcoll-asserts.adb
   [Ada]          gnatcoll-atomic.adb
   [Ada]          gnatcoll-coders.adb
   [Ada]          gnatcoll-refcount.adb
   [Ada]          gnatcoll-refcount-weakref.adb
gnatcoll-refcount.ads:90:04: warning: in instantiation at gnatcoll-storage_pools-headers.adb:57 [enabled by default]
gnatcoll-refcount.ads:90:04: warning: possible aliasing problem for type "Header_Access" [enabled by default]
gnatcoll-refcount.ads:90:04: warning: use -fno-strict-aliasing switch for references [enabled by default]
gnatcoll-refcount.ads:90:04: warning: or use "pragma No_Strict_Aliasing (Header_Access);" [enabled by default]
   [Ada]          gnatcoll-tribooleans.adb
   [Ada]          gnatcoll-any_types.adb
   [Ada]          gnatcoll.ads
   [Ada]          gnatcoll-promises.adb
   [C]            process-wrappers.c
   [C]            libc-wrappers.c
   [C]            xxhash.c
   [C]            blake3.c
   [C]            blake3_dispatch.c
   [C]            blake3_portable.c
   [C]            link_max.c
   [C]            update_path.c
   [C]            executable_path.c
   [C]            objlist_file.c
   [C]            set_std_prefix.c
   [C]            run_path_option.c
   [C]            gnatcoll_support.c
   [C]            separate_run_path_option.c
   [C]            terminals.c
   [Ada]          gnatcoll-os-libc-utime.ads
   [Ada]          gnatcoll-os-libc.ads
   [Ada]          gnatcoll-os-libc-stat.ads
   [Ada]          gnatcoll-os-libc-spawn.ads
   [Ada]          gnatcoll-os-libc-dirent.ads
   [Ada]          gnatcoll-hash-blake3.adb
   [Ada]          gnatcoll-hash.ads
   [Ada]          gnatcoll-paragraph_filling-badnesses.adb
   [Ada]          gnatcoll-paragraph_filling.adb
   [Ada]          gnatcoll-paragraph_filling-words.adb
   [Ada]          gnatcoll-os-fs.adb
   [Ada]          gnatcoll-os-stat.adb
   [Ada]          gnatcoll-os-dir.adb
   [Ada]          gnatcoll-os.ads
   [Ada]          gnatcoll-os-process.adb
   [Ada]          gnatcoll-os-fsutil.adb
   [Ada]          gnatcoll-remote.ads
   [Ada]          gnatcoll-opt_parse.adb
   [Ada]          gnatcoll-traces.adb
   [Ada]          gnatcoll-scripts-impl.adb
   [Ada]          gnatcoll-file_paths.adb
   [Ada]          gnatcoll-io.adb
   [Ada]          gnatcoll-string_list_builders.adb
   [Ada]          gnatcoll-scripts-utils.adb
   [Ada]          gnatcoll-vfs_utils.adb
   [Ada]          gnatcoll-email-parser.adb
   [Ada]          gnatcoll-mmap.adb
   [Ada]          gnatcoll-pools.adb
   [Ada]          gnatcoll-terminal.adb
   [Ada]          gnatcoll-email-mailboxes.adb
   [Ada]          gnatcoll-formatters.adb
   [Ada]          gnatcoll-string_builders.adb
   [Ada]          gnatcoll-directed_graph.adb
   [Ada]          gnatcoll-wstring_list_builders.adb
   [Ada]          gnatcoll-json.adb
   [Ada]          gnatcoll-scripts.adb
   [Ada]          gnatcoll-email-utils.adb
   [Ada]          gnatcoll-buffer.adb
   [Ada]          gnatcoll-io-remote-windows.adb
   [Ada]          gnatcoll-io-remote.adb
   [Ada]          gnatcoll-wstring_builders.adb
   [Ada]          gnatcoll-strings.ads
   [Ada]          gnatcoll-file_indexes.adb
   [Ada]          gnatcoll-io-remote-unix.adb
   [Ada]          gnatcoll-templates.adb
   [Ada]          gnatcoll-config.adb
   [Ada]          gnatcoll-symbols.adb
   [Ada]          gnatcoll-email.adb
   [Ada]          gnatcoll-random.adb
   [Ada]          gnatcoll-json-utility.adb
   [Ada]          gnatcoll-remote-db.adb
   [Ada]          gnatcoll-vfs_types.ads
   [Ada]          gnatcoll-strings_impl.adb
   [Ada]          gnatcoll-format_columns_vertical.ads
   [Ada]          gnatcoll-vfs.adb
   [Ada]          gnatcoll-path.adb
   [Ada]          gnatcoll-utils.adb
   [Ada]          gnatcoll-io-native.adb
   [Ada]          gnatcoll-arg_lists.adb
   [Ada]          gnatcoll-hash-xxhash__generic.adb
   [Ada]          gnatcoll-mmap-system__unix.adb
   [Ada]          gnatcoll-plugins__unix.adb
   [Ada]          gnatcoll-os-process_types__unix.adb
   [Ada]          gnatcoll-os-random__unix.adb
   [Ada]          gnatcoll-os-constants__unix.ads
   [Ada]          gnatcoll-os-dir_types__unix.ads
   [Ada]          gnatcoll-os-libc_constants__linux.ads
Build Libraries
   [gprlib]       gnatcoll_minimal.lexch
   [gprlib]       gnatcoll_core.lexch
   [archive]      libgnatcoll_minimal.a
   [index]        libgnatcoll_minimal.a
   [gprlib]       xmlada_dom.lexch
   [archive]      libgnatcoll_core.a
   [gprlib]       xmlada_schema.lexch
   [archive]      libxmlada_dom.a
   [index]        libxmlada_dom.a
   [gprlib]       gpr.lexch
   [archive]      libxmlada_schema.a
   [index]        libxmlada_schema.a
   [gprlib]       gnatcoll_projects.lexch
   [archive]      libgpr.a
   [index]        libgnatcoll_core.a
   [index]        libgpr.a
   [archive]      libgnatcoll_projects.a
   [index]        libgnatcoll_projects.a
Note: Building gnatcoll=25.0.0/projects/gnatcoll_projects.gpr (2/4)...
Note: Building gnatcoll=25.0.0/core/gnatcoll_core.gpr (3/4)...
Note: Building gnatcoll=25.0.0/minimal/gnatcoll_minimal.gpr (4/4)...

gnatcoll=25.0.0 successfully retrieved and built.
Dependencies were solved as follows:

   +b gnat   14.2.1 (new,gnat_native,binary)
   +  libgpr 25.0.0 (new)
   +  xmlada 25.0.0 (new,indirect)
Found declared GPR file: gnatcoll.gpr
Found declared GPR file: projects/gnatcoll_projects.gpr
Found declared GPR file: core/gnatcoll_core.gpr
Found declared GPR file: minimal/gnatcoll_minimal.gpr
