Test ran at 2026-05-22 01:42:26.615502+00:00

SOLUTION:
hirtos=2.0.0: High-Integrity RTOS
Origin: commit 66847740b093b19386959b0e7b65b0a09172a082 from https://github.com/jgrivera67/HiRTOS.git
Properties:
   Test run: alr build (from ${CRATE_ROOT}/sample_apps/fvp_armv8r_aarch32_hello)
   Test run: alr build (from ${CRATE_ROOT}/sample_apps/esp32_c3_hello)
   Author: J. German Rivera
   Config type: Platform : Enum (arm_fvp, esp32_c3) default: 'arm_fvp'
   Configuration: no modifiers
   Description: High-Integrity RTOS
   License: Apache-2.0
   Maintainer: J. German Rivera <jgrivera67@gmail.com>
   Maintainers_Logins: jgrivera67
   Name: hirtos
   Tag: rtos
   Version: 2.0.0
   Website: https://github.com/jgrivera67/HiRTOS


LOG:
Note: Synchronizing workspace...
Dependencies automatically updated as follows:

   New solution is incomplete.
   +b       gnat_arm_elf 15.1.2 (new,binary)
   +b       gnatprove    15.1.0 (new,binary)
   +.       hirtos       2.0.0  (new,path=../..)
   Missing:
   +!       gprbuild     ^22    (new,missing)
   
   i  The solution requires a toolchain that is
      not yet installed. Accepting the solution
      will download and install this toolchain.
Note: Deploying gnat_arm_elf=15.1.2...
#=#=#                                                                          
##O#-#                                                                         

                                                                           0.2%
###                                                                        5.2%
#######                                                                    9.8%
##########                                                                15.2%
##############                                                            19.5%
#################                                                         24.0%
###################                                                       27.6%
########################                                                  33.5%
###########################                                               38.6%
###############################                                           43.3%
##################################                                        48.5%
######################################                                    53.6%
##########################################                                59.3%
##############################################                            64.1%
#################################################                         69.4%
#####################################################                     74.7%
#########################################################                 79.3%
############################################################              84.7%
################################################################          90.1%
#####################################################################     96.0%
######################################################################## 100.0%
Note: gnat_arm_elf=15.1.2 installed successfully.
Note: Deploying gnatprove=15.1.0...
#=#=#                                                                          
##O#-#                                                                         

                                                                           0.0%
###                                                                        4.3%
######                                                                     8.7%
#########                                                                 13.1%
#########                                                                 13.4%
###########                                                               15.7%
############                                                              17.4%
################                                                          23.1%
##################                                                        26.1%
###################                                                       27.2%
#####################                                                     30.5%
#########################                                                 34.8%
############################                                              39.5%
##############################                                            42.7%
################################                                          44.5%
#################################                                         46.2%
##################################                                        47.9%
#####################################                                     52.2%
#########################################                                 57.5%
###########################################                               60.9%
##############################################                            65.3%
################################################                          66.8%
#################################################                         69.0%
##################################################                        70.2%
#####################################################                     73.9%
########################################################                  79.1%
###########################################################               82.6%
###############################################################           88.2%
###################################################################       93.2%
######################################################################    97.8%
######################################################################## 100.0%
Warning: The following external dependencies are unavailable within Alire:
Warning:    gprbuild^22
Warning: They should be made available in the environment by the user.

Warning: Generating possibly incomplete configuration because of missing dependencies
warn: Generating possibly incomplete environment because of missing dependencies
Note: Building fvp_armv8r_aarch32_hello=0.1.0-dev/fvp_armv8r_aarch32_hello.gpr...
ERROR: Cannot locate gprbuild, please check that you have a GNAT and GPRbuild installation in your environment.
ERROR: Compilation failed.
[alr test] Test action exited with error code 1
