Test ran at 2026-07-09 13:46:18.694978+00:00

SOLUTION:
gnat_xtensa_esp32_elf=15.3.1: The GNAT Ada compiler - ESP32 cross-compiler
Provides: gnat=15.3.1
Origin: (case OS is Linux => (case Host_Arch is Aarch64 => binary archive gnat-xtensa-esp32-elf-linux64-aarch64-15.3.0-1.tar.gz at https://github.com/alire-project/GNAT-FSF-builds/releases/download/gnat-15.3.0-1/gnat-xtensa-esp32-elf-linux64-aarch64-15.3.0-1.tar.gz, X86_64 => binary archive gnat-xtensa-esp32-elf-linux64-x86_64-15.3.0-1.tar.gz at https://github.com/alire-project/GNAT-FSF-builds/releases/download/gnat-15.3.0-1/gnat-xtensa-esp32-elf-linux64-x86_64-15.3.0-1.tar.gz), Macos => (case Host_Arch is Aarch64 => binary archive gnat-xtensa-esp32-elf-darwin-aarch64-15.3.0-1.tar.gz at https://github.com/alire-project/GNAT-FSF-builds/releases/download/gnat-15.3.0-1/gnat-xtensa-esp32-elf-darwin-aarch64-15.3.0-1.tar.gz, X86_64 => binary archive gnat-xtensa-esp32-elf-darwin-x86_64-15.3.0-1.tar.gz at https://github.com/alire-project/GNAT-FSF-builds/releases/download/gnat-15.3.0-1/gnat-xtensa-esp32-elf-darwin-x86_64-15.3.0-1.tar.gz), Windows => (case Host_Arch is X86_64 => binary archive gnat-xtensa-esp32-elf-windows64-x86_64-15.3.0-1.tar.gz at https://github.com/alire-project/GNAT-FSF-builds/releases/download/gnat-15.3.0-1/gnat-xtensa-esp32-elf-windows64-x86_64-15.3.0-1.tar.gz)) with hash sha256:e56ee7728966d597a0416a47e3fe2ebc0be24068b7353767763c14c195db8eeb
Properties:
   Auto_Gpr_With: auto-gpr-with=false
   Configuration: no modifiers
   Description: The GNAT Ada compiler - ESP32 cross-compiler
   Environment: PATH=${CRATE_ROOT}/bin:${PATH}
   License: GPL-3.0-or-later AND GPL-3.0-or-later WITH GCC-exception-3.1
   Maintainer: chouteau@adacore.com
   Maintainer: sagaert@adacore.com
   Maintainers_Logins: Fabien-Chouteau
   Maintainers_Logins: AldanTanneo
   Name: gnat_xtensa_esp32_elf
   Version: 15.3.1
   Website: https://github.com/alire-project/GNAT-FSF-builds


LOG:
[alr test] Testing gnat_xtensa_esp32_elf=15.3.1
[alr test] Spawning retrieval for remote crate: alr -d -n get gnat_xtensa_esp32_elf=15.3.1
Note: Deploying gnat_xtensa_esp32_elf=15.3.1...

#=#=#                                                                          
##                                                                         3.0%
######                                                                     8.7%
###########                                                               15.3%
###############                                                           21.7%
####################                                                      28.2%
#######################                                                   33.3%
############################                                              39.7%
###############################                                           44.0%
####################################                                      51.1%
#########################################                                 57.4%
##############################################                            65.1%
###################################################                       71.4%
######################################################                    76.0%
########################################################                  79.0%
#############################################################             84.9%
##################################################################        92.0%
#####################################################################     97.0%
######################################################################## 100.0%

gnat_xtensa_esp32_elf=15.3.1 successfully retrieved.
There are no dependencies.
[alr test] Test completed SUCCESSFULLY
