Test ran at 2025-06-23 01:03:12.937706+00:00

SOLUTION:
matreshka_soap=21.0.0: Framework for work with SOAP 1.2
Origin: commit f0e001315430e87814c080acade5b26edb747b1e from https://github.com/reznikmm/matreshka-alire
Properties:
   Author: Vadim Godunko
   Description: Framework for work with SOAP 1.2
   License: BSD-3-Clause
   Maintainer: Vadim Godunko <vgodunko@gmail.com>
   Maintainer: Maxim Reznik <reznikmm@gmail.com>
   Maintainers_Logins: godunko
   Maintainers_Logins: reznikmm
   Name: matreshka_soap
   Project_File: build_matreshka_soap.gpr
   Tag: soap
   Tag: rpc
   Tag: protocol
   Tag: web
   Version: 21.0.0
   Website: https://github.com/godunko/matreshka
Dependencies (direct):
   matreshka_league21.0.0
   matreshka_xml21.0.0
Dependencies (solution):
   make=4.3.0
   matreshka_league=21.0.0
   matreshka_xml=21.0.0
Dependencies (graph):
   matreshka_league=21.0.0 --> make=4.3.0 (*)
   matreshka_soap=21.0.0   --> matreshka_league=21.0.0 (21.0.0)
   matreshka_soap=21.0.0   --> matreshka_xml=21.0.0 (21.0.0)
   matreshka_xml=21.0.0    --> matreshka_league=21.0.0 (21.0.0)


LOG:
Spawning: alr -d -n get --build matreshka_soap=21.0.0
Note: Deploying matreshka_soap=21.0.0...
Note: Deploying matreshka_xml=21.0.0...
Note: Building matreshka_soap=21.0.0/build_matreshka_soap.gpr...
Setup
   [mkdir]        object directory for project Matreshka_Xml
   [mkdir]        object directory for project Matreshka_SOAP
Compile
   [Ada]          xml-templates-streams-holders.ads
   [Ada]          xml-templates-processors-parser.adb
   [Ada]          xml-templates-processors.adb
   [Ada]          xml-sax-html5_writers.adb
   [Ada]          xml-sax-event_writers.adb
   [Ada]          xml-templates-streams.ads
   [Ada]          xml-templates.ads
   [Ada]          matreshka-dom_entities.adb
   [Ada]          xml-dom-entity_references.ads
   [Ada]          matreshka-dom_cdata_sections.adb
   [Ada]          matreshka-dom_document_types.adb
   [Ada]          xml-dom.ads
   [Ada]          xml-dom-texts.ads
   [Ada]          xml-dom-elements.adb
xml-dom-elements.adb:55:07: warning: variable "Old_Attr" is assigned but never read [-gnatwm]
xml-dom-elements.adb:58:07: warning: possibly useless assignment to "Old_Attr", value might not be referenced [-gnatwm]
   [Ada]          xml-dom-notations.ads
   [Ada]          xml-dom-nodes.adb
xml-dom-nodes.adb:55:07: warning: variable "Aux" is assigned but never read [-gnatwm]
xml-dom-nodes.adb:58:07: warning: possibly useless assignment to "Aux", value might not be referenced [-gnatwm]
xml-dom-nodes.adb:69:07: warning: variable "Aux" is assigned but never read [-gnatwm]
xml-dom-nodes.adb:72:07: warning: possibly useless assignment to "Aux", value might not be referenced [-gnatwm]
   [Ada]          matreshka-dom_notations.adb
   [Ada]          xml-dom-document_types.ads
   [Ada]          xml-dom-processing_instructions.ads
   [Ada]          xml-dom-visitors.adb
   [Ada]          xml-dom-character_datas.ads
   [Ada]          matreshka-dom_comments.adb
   [Ada]          xml-dom-cdata_sections.ads
   [Ada]          xml-dom-document_fragments.ads
   [Ada]          xml-dom-attributes.ads
   [Ada]          xml-dom-nodes-hash.adb
   [Ada]          matreshka-dom_nodes.adb
   [Ada]          matreshka-dom_entity_references.adb
   [Ada]          matreshka-dom_document_fragments.adb
   [Ada]          xml-dom-documents.ads
   [Ada]          matreshka-dom_attributes.adb
   [Ada]          matreshka-dom_texts.adb
   [Ada]          matreshka-dom_processing_instructions.adb
   [Ada]          matreshka-dom_character_datas.adb
   [Ada]          matreshka-dom_builders.adb
matreshka-dom_attributes.adb:46:13: warning: unit "XML.DOM.Entity_References" is not referenced [-gnatwu]
   [Ada]          matreshka-dom_elements.adb
   [Ada]          matreshka-dom_documents.adb
matreshka-dom_elements.adb:45:15: warning: unit "Matreshka.DOM_Documents" is not referenced [-gnatwu]
   [Ada]          xml-dom-entities.ads
   [Ada]          xml-dom-comments.ads
   [Ada]          matreshka-dom_lists.adb
matreshka-dom_lists.adb:44:15: warning: unit "Matreshka.DOM_Documents" is not referenced [-gnatwu]
matreshka-dom_lists.adb:45:15: warning: unit "Matreshka.DOM_Elements" is not referenced [-gnatwu]
   [Ada]          matreshka-xml_catalogs-entry_files.adb
   [Ada]          matreshka-xml_catalogs-handlers.adb
matreshka-dom_builders.adb:63:06: warning: formal parameter "Success" is not referenced [-gnatwf]
matreshka-dom_builders.adb:65:07: warning: "Aux" is not modified, could be declared constant [-gnatwk]
matreshka-dom_builders.adb:82:06: warning: formal parameter "Success" is not referenced [-gnatwf]
matreshka-dom_builders.adb:152:06: warning: formal parameter "Success" is not referenced [-gnatwf]
matreshka-dom_builders.adb:180:06: warning: formal parameter "Success" is not referenced [-gnatwf]
   [Ada]          matreshka-xml_catalogs.ads
   [Ada]          matreshka-xml_catalogs-loader.adb
matreshka-dom_documents.adb:152:07: warning: constant "Node" is not referenced [-gnatwu]
   [Ada]          matreshka-xml_catalogs-normalization.adb
   [Ada]          matreshka-xml_catalogs-resolver.adb
   [Ada]          xml-catalogs.ads
   [Ada]          web_services-soap-payloads-faults.adb
matreshka-xml_catalogs-handlers.adb:129:14: warning: procedure "Error" is not referenced [-gnatwu]
matreshka-xml_catalogs-handlers.adb:296:06: warning: formal parameter "Self" is not referenced [-gnatwf]
matreshka-xml_catalogs-handlers.adb:298:06: warning: formal parameter "Success" is not referenced [-gnatwf]
matreshka-xml_catalogs-handlers.adb:320:06: warning: formal parameter "Self" is not referenced [-gnatwf]
matreshka-xml_catalogs-handlers.adb:541:06: warning: formal parameter "Success" is not referenced [-gnatwf]
matreshka-xml_catalogs-handlers.adb:601:06: warning: formal parameter "Success" is not referenced [-gnatwf]
matreshka-xml_catalogs-handlers.adb:1025:06: warning: formal parameter "Success" is not referenced [-gnatwf]
matreshka-xml_catalogs-handlers.adb:1115:06: warning: formal parameter "Self" is not referenced [-gnatwf]
matreshka-xml_catalogs-handlers.adb:1117:06: warning: formal parameter "Success" is not referenced [-gnatwf]
   [Ada]          web_services.ads
   [Ada]          web_services-soap-headers-encoders-registry.adb
   [Ada]          web_services-soap-payloads-faults-encoders.ads
   [Ada]          web_services-soap-payloads-decoders-registry.adb
   [Ada]          web_services-soap-clients.adb
   [Ada]          web_services-soap-headers-decoders-registry.adb
   [Ada]          web_services-soap-messages.adb
   [Ada]          web_services-soap-headers-decoders.ads
   [Ada]          web_services-soap-headers.ads
   [Ada]          web_services-soap.ads
   [Ada]          web_services-soap-constants.ads
   [Ada]          web_services-soap-payloads-decoders.ads
   [Ada]          web_services-soap-message_decoders.adb
   [Ada]          web_services-soap-handlers.ads
   [Ada]          web_services-soap-modules.ads
   [Ada]          web_services-soap-modules-registry.adb
   [Ada]          web_services-soap-headers-encoders.ads
   [Ada]          web_services-soap-payloads-encoders.ads
   [Ada]          web_services-soap-payloads-faults-simple.adb
   [Ada]          web_services-soap-payloads.ads
   [Ada]          web_services-soap-reply_streams.adb
web_services-soap-modules-registry.adb:80:07: warning: use clause for type "SOAP_Message_Access" defined at web_services-soap-messages.ads:80 has no effect [-gnatwu]
   [Ada]          web_services-soap-payloads-encoders-registry.adb
   [Ada]          web_services-soap-dispatcher.adb
   [Ada]          web_services-soap-message_encoders.adb
   [Ada]          web_services-soap-handler_registry.adb
   [Ada]          web_services-soap-payloads-faults-encoders-registry.adb
Build Libraries
   [gprlib]       matreshka-xml-12.2.lexch
   [gprlib]       matreshka-soap-12.2.lexch
   [link library] libmatreshka-xml-12.2.so
   [link library] libmatreshka-soap-12.2.so

matreshka_soap=21.0.0 successfully retrieved and built.
Dependencies were solved as follows:

   +b make             4.3.0  (new,indirect,system package)
   +  matreshka_league 21.0.0 (new)
   +  matreshka_xml    21.0.0 (new)
Found declared GPR file: build_matreshka_soap.gpr
