Test ran at 2025-10-08 00:43:28.331704+00:00

SOLUTION:
light_tasking_rp2040=14.0.0: light-tasking runtime for the rp2040 SoC
Origin: source archive light-tasking-rp2040-14.0.0.tar.gz at https://github.com/damaki/rp-runtimes/releases/download/v14.0.0/light-tasking-rp2040-14.0.0.tar.gz with hashes sha256:75608d2e479f37356e52ac637d296ad2fabb6a3a8fa6f76244ec16a3232518ff, sha512:549af6ce665224ab735952d0ddfaac54d74bd80269ba8a1b685e8d892f7b7edab4f00d933155fe3ceda7cf4785f5f8a10673d3fc8fee8a082b3847f34cc11f54
Properties:
   Author: AdaCore
   Author: Daniel King
   Config type: Board : Enum (generic_board, rpi_pico, adafruit_feather_rp2040, adafruit_itsybitsy_rp2040, adafruit_macropad_rp2040, adafruit_qt2040_trinkey, adafruit_qtpy_rp2040, arduino_nano_rp2040_connect, pimoroni_interstate75, pimoroni_keybow2040, pimoroni_pga2040, pimoroni_picolipo_4m, pimoroni_picolipo_16m, pimoroni_picosystem, pimoroni_plasma2040, pimoroni_tiny2040, sparkfun_micromod, sparkfun_promicro, sparkfun_thingplus) default: 'rpi_pico'
   Config type: Flash_Chip : Enum (generic_qspi_128, at25sf128a, gd25q64c, w25q16jv, w25q32jv, w25q64jv, w25q128jv) default: 'generic_qspi_128'
   Config type: Interrupt_Secondary_Stack_Size : Integer range 1 .. 9223372036854775807 default: '128'
   Config type: Interrupt_Stack_Size : Integer range 1 .. 9223372036854775807 default: '1024'
   Config type: Max_CPUs : Integer range 1 .. 2 default: '2'
   Config type: PLL_Sys_Post_Div_1 : Integer range 1 .. 7 default: '6'
   Config type: PLL_Sys_Post_Div_2 : Integer range 1 .. 7 default: '2'
   Config type: PLL_Sys_Reference_Div : Integer range 1 .. 63 default: '1'
   Config type: PLL_Sys_VCO_Multiple : Integer range 16 .. 320 default: '125'
   Config type: PLL_USB_Post_Div_1 : Integer range 1 .. 7 default: '5'
   Config type: PLL_USB_Post_Div_2 : Integer range 1 .. 7 default: '2'
   Config type: PLL_USB_Reference_Div : Integer range 1 .. 63 default: '1'
   Config type: PLL_USB_VCO_Multiple : Integer range 16 .. 320 default: '40'
   Config type: Time_Base : Enum (ALARM0, ALARM1, ALARM2, ALARM3) default: 'ALARM3'
   Config type: XOSC_Frequency : Integer range 0 .. 9223372036854775807 default: '12000000'
   Config type: XOSC_Startup_Delay_Mult : Integer range 1 .. 16383 default: '64'
   Configuration: no modifiers
   Description: light-tasking runtime for the rp2040 SoC
   License: GPL-3.0-or-later WITH GCC-exception-3.1
   Long_Description: ## Usage

First edit your `alire.toml` file and add the following elements:
 - Add `light_tasking_rp2040` in the dependency list:
   ```toml
   [[depends-on]]
   light_tasking_rp2040 = "*"
   ```

Then edit your project file to add the following elements:
 - "with" the run-time project file. With this, gprbuild will compile the run-time before your application
   ```ada
   with "runtime_build.gpr";
   ```
 - Specify the `Target` and `Runtime` attributes:
   ```ada
      for Target use runtime_build'Target;
      for Runtime ("Ada") use runtime_build'Runtime ("Ada");
   ```
 - specify the `Linker` switches:
   ```ada
   package Linker is
     for Switches ("Ada") use Runtime_Build.Linker_Switches & ("-Wl,--gc-sections");
   end Linker;
   ```
   Note that `--gc-switches` is recommended as it reduces flash and RAM usage
   by removing unused code and data, but it is not mandatory.

See the project website for details on configuring the runtime.

   Maintainer: Daniel King <damaki.gh@gmail.com>
   Maintainers_Logins: damaki
   Name: light_tasking_rp2040
   Project_File: runtime_build.gpr
   Project_File: ravenscar_build.gpr
   Tag: embedded
   Tag: runtime
   Version: 14.0.0
   Website: https://github.com/damaki/rp-runtimes
Dependencies (direct):
   gnat_arm_elf^14
Dependencies (solution):
   gnat_arm_elf=14.2.1
Dependencies (graph):
   light_tasking_rp2040=14.0.0 --> gnat_arm_elf=14.2.1 (^14)


LOG:
[alr test] Testing light_tasking_rp2040=14.0.0
[alr test] Spawning retrieval for remote crate: alr -d -n get light_tasking_rp2040=14.0.0
Note: Deploying light_tasking_rp2040=14.0.0...
#=#=#                                                                          

####                                                                       5.8%
######################################################################## 100.0%
Note: Deploying gnat_arm_elf=14.2.1...
#=#=#                                                                          

                                                                           0.0%
                                                                           0.9%
###                                                                        4.4%
#####                                                                      7.6%
#######                                                                    9.9%
########                                                                  12.4%
###########                                                               15.5%
############                                                              17.9%
##############                                                            20.5%
#################                                                         24.3%
###################                                                       26.8%
######################                                                    30.8%
#######################                                                   33.1%
##########################                                                36.4%
############################                                              39.5%
##############################                                            42.0%
################################                                          44.8%
#################################                                         47.2%
###################################                                       48.8%
#####################################                                     52.0%
######################################                                    53.2%
########################################                                  56.4%
##########################################                                58.3%
##########################################                                59.7%
############################################                              61.8%
###############################################                           65.8%
###############################################                           66.3%
#################################################                         69.1%
###################################################                       71.5%
######################################################                    75.0%
#######################################################                   77.2%
########################################################                  78.3%
#########################################################                 79.5%
###########################################################               82.1%
#############################################################             85.2%
##############################################################            87.3%
################################################################          89.8%
#################################################################         91.3%
##################################################################        92.7%
####################################################################      95.0%
######################################################################    97.9%
#######################################################################  100.0%
######################################################################## 100.0%
Note: gnat_arm_elf=14.2.1 installed successfully.

light_tasking_rp2040=14.0.0 successfully retrieved.
Dependencies were solved as follows:

   +b gnat_arm_elf 14.2.1 (new,binary)
[alr test] Spawning default test for remote crate: alr -d -n build --release -- -cargs:Ada -gnatwn
Note: Building light_tasking_rp2040=14.0.0/runtime_build.gpr (1/2)...
Setup
   [mkdir]        object directory for project Runtime_Build
   [mkdir]        library directory for project Runtime_Build
Compile
   [Asm_Cpp]      boot2-w25qxx.S
   [Asm_Cpp]      start-rom-2.S
   [Ada]          a-nbnbig.adb
   [Ada]          s-valrea.adb
   [Ada]          a-ngelfu.adb
   [Ada]          s-atocou.adb
   [Ada]          g-sestin.ads
   [Ada]          s-casi16.adb
   [Ada]          s-pack20.adb
   [Ada]          s-pack53.adb
   [Ada]          s-valueu.adb
   [Ada]          g-debuti.adb
   [Ada]          s-fatgen.adb
   [Ada]          s-imgllf.ads
   [Ada]          s-imen32.ads
   [Ada]          i-cstrin.adb
   [Ada]          s-flocon.adb
   [Ada]          s-parame.adb
   [Ada]          s-vs_lli.ads
   [Ada]          unchdeal.ads
   [Ada]          s-bbmcpa.ads
   [Ada]          s-stache.adb
   [Ada]          s-imenu8.ads
   [Ada]          a-textio.adb
   [Ada]          s-pack60.adb
   [Ada]          s-stoele.adb
   [Ada]          s-maccod.ads
   [Ada]          s-valllf.ads
   [Ada]          s-valuer.adb
   [Ada]          s-valuns.ads
   [Ada]          s-valuen.adb
   [Ada]          s-vade64.ads
   [Ada]          s-pack57.adb
   [Ada]          a-charac.ads
   [Ada]          s-caun64.adb
   [Ada]          s-pack44.adb
   [Ada]          i-rp2040-watchdog.ads
   [Ada]          s-imgint.ads
   [Ada]          s-imde64.ads
   [Ada]          s-pack58.adb
   [Ada]          s-vafi32.ads
   [Ada]          s-imguns.ads
   [Ada]          s-carun8.adb
   [Ada]          s-pack30.adb
   [Ada]          s-imfi32.ads
   [Ada]          s-pack33.adb
   [Ada]          s-imager.adb
   [Ada]          s-pack14.adb
   [Ada]          s-carsi8.adb
   [Ada]          s-imagei.adb
   [Ada]          s-pack19.adb
   [Ada]          s-pack54.adb
   [Ada]          a-assert.adb
   [Ada]          s-imageu.adb
   [Ada]          s-powllf.ads
   [Ada]          s-imgcha.adb
   [Ada]          s-widllu.ads
   [Ada]          s-pack39.adb
   [Ada]          s-pack28.adb
   [Ada]          s-memory.adb
   [Ada]          s-pack22.adb
   [Ada]          s-valuei.adb
   [Ada]          a-elchha.adb
   [Ada]          a-chlat1.ads
   [Ada]          s-exponu.adb
   [Ada]          s-pack43.adb
   [Ada]          i-rp2040-pll_sys.ads
   [Ada]          s-valboo.adb
   [Ada]          s-vafi64.ads
   [Ada]          s-pack31.adb
   [Ada]          s-pack40.adb
   [Ada]          s-pack55.adb
   [Ada]          s-pack18.adb
   [Ada]          s-pack05.adb
   [Ada]          s-pack36.adb
   [Ada]          s-exponr.adb
   [Ada]          s-libpre.ads
   [Ada]          s-powlfl.ads
   [Ada]          s-imgrea.ads
   [Ada]          s-textio.adb
   [Ada]          s-pack38.adb
   [Ada]          s-imageb.adb
   [Ada]          s-fatllf.ads
   [Ada]          s-pack07.adb
   [Ada]          s-pack51.adb
   [Ada]          s-valflt.ads
   [Ada]          a-uncdea.ads
   [Ada]          s-secsta.adb
   [Ada]          s-valspe.adb
   [Ada]          s-bitops.adb
   [Ada]          s-lisisq.adb
   [Ada]          i-cexten.ads
   [Ada]          s-arit32.adb
   [Ada]          s-imgllu.ads
   [Ada]          s-vade32.ads
   [Ada]          s-vauspe.adb
   [Ada]          s-vaispe.adb
   [Ada]          s-widint.ads
   [Ada]          i-c.adb
   [Ada]          s-pack59.adb
   [Ada]          s-memset.adb
   [Ada]          setup_clocks.adb
   [Ada]          s-valued.adb
   [Ada]          a-nselfu.ads
   [Ada]          s-retsta.ads
   [Ada]          s-libm.adb
   [Ada]          s-pack26.adb
   [Ada]          s-widlli.ads
   [Ada]          s-pack45.adb
   [Ada]          s-libdou.adb
   [Ada]          s-pack61.adb
   [Ada]          s-imgboo.adb
   [Ada]          g-io.adb
   [Ada]          i-rp2040-timer.ads
   [Ada]          s-spcuop.adb
   [Ada]          s-imgflt.ads
   [Ada]          gnat.ads
   [Ada]          s-imagen.adb
   [Ada]          s-imglfl.ads
   [Ada]          s-exponn.adb
   [Ada]          s-vaenu8.ads
   [Ada]          s-valcha.adb
   [Ada]          s-imen16.ads
   [Ada]          s-aridou.adb
   [Ada]          i-rp2040.ads
   [Ada]          s-imglli.ads
   [Ada]          s-atopri.adb
   [Ada]          s-pack62.adb
   [Ada]          s-spark.ads
   [Ada]          s-pack34.adb
   [Ada]          unchconv.ads
   [Ada]          s-veboop.adb
   [Ada]          s-pack11.adb
   [Ada]          a-nllefu.ads
   [Ada]          s-casuti.adb
   [Ada]          s-widthi.adb
   [Ada]          s-fatflt.ads
   [Ada]          s-imgllb.ads
   [Ada]          s-imaged.adb
   [Ada]          s-lidosq.adb
   [Ada]          s-memcom.adb
   [Ada]          s-pack25.adb
   [Ada]          s-pack09.adb
   [Ada]          s-imgllw.ads
   [Ada]          i-rp2040-resets.ads
   [Ada]          a-strfix.adb
   [Ada]          s-pack35.adb
   [Ada]          s-imguti.adb
   [Ada]          s-memtyp.ads
   [Ada]          s-expllu.ads
   [Ada]          a-numaux.ads
   [Ada]          s-pack17.adb
   [Ada]          s-memcop.adb
   [Ada]          s-exnflt.ads
   [Ada]          s-vs_uns.ads
   [Ada]          s-exnllf.ads
   [Ada]          a-strmap.adb
   [Ada]          s-imde32.ads
   [Ada]          s-semiho.adb
   [Ada]          s-pack42.adb
   [Ada]          s-atacco.adb
   [Ada]          a-nuelfu.ads
   [Ada]          s-vallli.ads
   [Ada]          system.ads
   [Ada]          machcode.ads
   [Ada]          s-assert.adb
   [Ada]          a-strsup.adb
   [Ada]          s-pack10.adb
   [Ada]          s-pack48.adb
   [Ada]          s-caun32.adb
   [Ada]          s-widthu.adb
   [Ada]          i-cpoint.adb
   [Ada]          s-unstyp.ads
   [Ada]          i-rp2040-rosc.ads
   [Ada]          a-tags.adb
   [Ada]          s-arit64.adb
   [Ada]          s-pack13.adb
   [Ada]          a-chahan.adb
   [Ada]          a-nlelfu.ads
   [Ada]          s-powflt.ads
   [Ada]          a-strbou.adb
   [Ada]          s-valuef.adb
   [Ada]          s-pack29.adb
   [Ada]          text_io.ads
   [Ada]          s-expuns.ads
   [Ada]          s-pack46.adb
   [Ada]          s-valllu.ads
   [Ada]          s-macres.adb
   [Ada]          s-widuns.ads
   [Ada]          s-imfi64.ads
   [Ada]          s-libsin.adb
   [Ada]          s-pack21.adb
   [Ada]          s-gcmain.adb
   [Ada]          s-vaen32.ads
   [Ada]          s-valint.ads
   [Ada]          s-geveop.adb
   [Ada]          s-addope.adb
   [Ada]          a-stmaco.ads
   [Ada]          s-pack47.adb
   [Ada]          s-pack12.adb
   [Ada]          i-rp2040-sio.ads
   [Ada]          s-pack23.adb
   [Ada]          s-vaen16.ads
   [Ada]          s-pack06.adb
   [Ada]          s-casi32.adb
   [Ada]          s-imgwiu.ads
   [Ada]          s-vallfl.ads
   [Ada]          s-expmod.adb
   [Ada]          s-vs_int.ads
   [Ada]          i-rp2040-psm.ads
   [Ada]          a-except.adb
   [Ada]          s-bbarat.adb
   [Ada]          s-explli.ads
   [Ada]          s-pack49.adb
   [Ada]          s-expont.adb
   [Ada]          s-valuti.adb
   [Ada]          s-pack15.adb
   [Ada]          i-rp2040-clocks.ads
   [Ada]          s-vs_llu.ads
   [Ada]          a-numeri.ads
   [Ada]          s-pack03.adb
   [Ada]          s-exnlfl.ads
   [Ada]          s-imagew.adb
   [Ada]          s-pack52.adb
   [Ada]          s-vector.ads
   [Ada]          s-exnlli.ads
   [Ada]          s-pack63.adb
   [Ada]          a-string.ads
   [Ada]          s-sssita.adb
   [Ada]          s-pack27.adb
   [Ada]          ada.ads
   [Ada]          interfac.ads
   [Ada]          i-rp2040-xosc.ads
   [Ada]          a-strsea.adb
   [Ada]          s-imagef.adb
   [Ada]          s-bbbopa.ads
   [Ada]          s-pack37.adb
   [Ada]          s-expint.ads
   [Ada]          s-bootro.adb
   [Ada]          s-pack24.adb
   [Ada]          a-unccon.ads
   [Ada]          s-casi64.adb
   [Ada]          s-pack56.adb
   [Ada]          s-fatlfl.ads
   [Ada]          s-boarop.ads
   [Ada]          s-pack50.adb
   [Ada]          a-nubinu.ads
   [Ada]          g-souinf.ads
   [Ada]          s-dourea.adb
   [Ada]          s-memmov.adb
   [Ada]          s-bb.ads
   [Ada]          s-imgbiu.ads
   [Ada]          s-pack41.adb
   [Ada]          s-exnint.ads
   [Ada]          s-caun16.adb
   [Ada]          light_tasking_rp2040_config.ads
   [Ada]          rp2040_runtime_config.ads
Build Libraries
   [gprlib]       gnat.lexch
   [archive]      libgnat.a
   [index]        libgnat.a
Note: Building light_tasking_rp2040=14.0.0/ravenscar_build.gpr (2/2)...
Compile
   [Ada]          s-bbcppr.adb
   [Ada]          s-bbprot.adb
   [Ada]          s-bcprmu.adb
   [Ada]          a-sytaco.adb
   [Ada]          s-bbtiev.adb
   [Ada]          s-restri.adb
   [Ada]          s-tasres.ads
   [Ada]          s-rident.ads
   [Ada]          s-tpobop.adb
   [Ada]          s-bbexti.adb
   [Ada]          a-reatim.adb
   [Ada]          s-taprob.adb
   [Ada]          s-bbinte.adb
   [Ada]          a-exetim.adb
   [Ada]          s-musplo.adb
   [Ada]          s-tasdeb.adb
   [Ada]          s-bbtime.adb
   [Ada]          s-mufalo.adb
   [Ada]          s-bbpara.ads
   [Ada]          s-taspri.ads
   [Ada]          s-bbcpsp.ads
   [Ada]          s-reldel.adb
   [Ada]          a-taster.adb
   [Ada]          s-tasinf.adb
   [Ada]          s-bbthre.adb
   [Ada]          s-tpoben.adb
   [Ada]          a-rttiev.adb
   [Ada]          s-bbbosu.adb
   [Ada]          a-synbar.adb
   [Ada]          s-multip.adb
   [Ada]          a-interr.adb
   [Ada]          s-tarest.adb
   [Ada]          s-tpobmu.adb
   [Ada]          s-tasque.adb
   [Ada]          s-tposen.adb
   [Ada]          s-interr.adb
   [Ada]          s-bcpcst.adb
   [Ada]          s-bbthqu.adb
   [Ada]          s-taskin.adb
   [Ada]          a-extiin.adb
   [Ada]          s-osinte.ads
   [Ada]          a-retide.adb
   [Ada]          s-taprop.adb
   [Ada]          a-taside.adb
   [Ada]          a-intnam-2.ads
Build Libraries
   [gprlib]       gnarl.lexch
   [archive]      libgnarl.a
   [index]        libgnarl.a
Success: Build finished successfully in 9.30 seconds.
Found declared GPR file: runtime_build.gpr
Found declared GPR file: ravenscar_build.gpr
[alr test] Test completed SUCCESSFULLY
