Test ran at 2026-08-11 01:01:31.441182+00:00

SOLUTION:
df_box2d=0.1.0: Ada bindings to Box2D v3, Erin Catto's 2D physics engine (pure C)
Origin: commit fbe979353fe4428bbe22a03a43c591c8f70efa11 from https://github.com/the-dark-factory/box2d-ada.git
Available when: (case OS is Linux => True, Macos => True, Windows => False)
Properties:
   Author: The Dark Factory Ltd
   Auto_Gpr_With: auto-gpr-with=false
   Build Switches: 
   Description: Ada bindings to Box2D v3, Erin Catto's 2D physics engine (pure C)
   License: MIT
   Maintainer: tony.gair@thedarkfactory.co.uk
   Maintainers_Logins: tonygair
   Name: df_box2d
   Notes: Box2D v3 is vendored and built into a static lib by scripts/build-box2d.sh (CMake); run it once before alr build. Requires cmake and a C compiler.
   Project_File: df_box2d.gpr
   Tag: binding
   Tag: physics
   Tag: box2d
   Tag: game
   Tag: simulation
   Version: 0.1.0
   Website: https://github.com/the-dark-factory/box2d-ada


LOG:
