Test ran at 2026-09-01 01:29:31.884157+00:00

SOLUTION:
xmlada=26.0.0: The XML/Ada toolkit
Origin: source archive v26.0.0.zip at https://github.com/AdaCore/xmlada/archive/refs/tags/v26.0.0.zip with hash sha512:b140ed4a41210d9defccf07fde0eafe8ee3d883aa31bfc2996fab01409a657d11ea7af7f6caca2a5ffa492e5bd18ffb6958355c23aa78180f41a19af21efdd0f
Properties:
   case Distribution is
      when others => Post_Fetch run: sh configure (from ${CRATE_ROOT}/.)
   Author: AdaCore
   Configuration: no modifiers
   Description: The XML/Ada toolkit
   GPR Scenario: LIBRARY_TYPE := static | relocatable | static-pic
   GPR Scenario: XMLADA_BUILD_MODE := distrib | Debug | Production | profile | coverage | nochecks
   License: GPL-3.0-or-later WITH GCC-exception-3.1
   Maintainer: chouteau@adacore.com
   Maintainer: sagaert@adacore.com
   Maintainers_Logins: Fabien-Chouteau
   Maintainers_Logins: AldanTanneo
   Name: xmlada
   Project_File: distrib/xmlada.gpr
   Project_File: dom/xmlada_dom.gpr
   Project_File: sax/xmlada_sax.gpr
   Project_File: input_sources/xmlada_input.gpr
   Project_File: schema/xmlada_schema.gpr
   Project_File: unicode/xmlada_unicode.gpr
   Version: 26.0.0
   Website: https://github.com/AdaCore/xmlada
Dependencies (direct):
   gnat>=11
Dependencies (solution):
   gnat=15.3.1 (gnat_native)
Dependencies (graph):
   xmlada=26.0.0 --> gnat=15.3.1 (gnat_native) (>=11)


LOG:
[alr test] Testing xmlada=26.0.0
[alr test] Spawning retrieval for remote crate: alr -d -n get xmlada=26.0.0
Note: Deploying xmlada=26.0.0...

#=#=#                                                                          
##=#=#                                                                         

xmlada=26.0.0 successfully retrieved.
Dependencies were solved as follows:

   +b gnat 15.3.1 (new,gnat_native,binary)
[alr test] Spawning default test for remote crate: alr -d -n build --release -- -cargs:Ada -gnatwn
Note: Running post-fetch actions for xmlada=26.0.0...
configure: loading site script /usr/local/etc/config.site
checking build system type... x86_64-pc-mingw64
checking host system type... x86_64-pc-mingw64
checking target system type... x86_64-pc-mingw64
checking whether gnat can build shared libs... yes
checking for a BSD-compatible install... /usr/bin/install -c
checking whether ln -s works... no, using cp -pR
configure: creating ./config.status
config.status: creating xmlada_shared.gpr
config.status: creating Makefile
config.status: creating tests/dom/default.gpr
Note: Building xmlada=26.0.0/distrib/xmlada.gpr (1/6)...
"..\sax\obj\static" created
"..\sax\lib\static" created
"..\schema\obj\static" created
[Ada Compile]     dom-core-attrs.adb
[Ada Compile]     dom-core-cdata_sections.ads
[Ada Compile]     dom-core-character_datas.adb
[Ada Compile]     dom-core-comments.ads
[Ada Compile]     dom-core-document_fragments.ads
[Ada Compile]     dom-core-document_types.adb
[Ada Compile]     dom-core-documents.adb
[Ada Compile]     dom-core-elements.adb
[Ada Compile]     dom-core-entity_references.ads
[Ada Compile]     dom-core-nodes.adb
[Ada Compile]     dom-core-notations.adb
[Ada Compile]     dom-core-processing_instructions.ads
[Ada Compile]     dom-core-texts.adb
[Ada Compile]     dom-core.adb
[Ada Compile]     dom-readers.adb
[Ada Compile]     dom.ads
[Ada Compile]     input_sources-file.adb
[Ada Compile]     input_sources-http.adb
[Ada Compile]     input_sources-socket.adb
[Ada Compile]     input_sources-strings.adb
[Ada Compile]     input_sources.adb
[Ada Compile]     sax-attributes.adb
[Ada Compile]     sax-encodings.ads
[Archive]         libxmlada_input_sources.a
[Ada Compile]     sax-exceptions.adb
[Ada Compile]     sax-htable.adb
[Archive]         libxmlada_dom.a
[Ada Compile]     sax-locators.adb
[Ada Compile]     sax-models.adb
[Ada Compile]     sax-pointers.adb
[Ada Compile]     sax-readers.adb
[Ada Compile]     sax-state_machines.adb
[Ada Compile]     sax-symbols.adb
[Ada Compile]     sax-utils.adb
[Ada Compile]     sax.ads
[Ada Compile]     schema-date_time.adb
[Ada Compile]     schema-decimal.adb
[Ada Compile]     schema-dom_readers.adb
[Ada Compile]     schema-readers.adb
[Ada Compile]     schema-schema_readers.adb
[Ada Compile]     schema-simple_types.adb
[Ada Compile]     schema-validators-xsd_grammar.adb
[Ada Compile]     schema-validators.adb
[Archive]         libxmlada_sax.a
[Ada Compile]     schema.adb
[Ada Compile]     unicode-ccs-iso_8859_1.adb
[Ada Compile]     unicode-ccs-iso_8859_15.adb
[Ada Compile]     unicode-ccs-iso_8859_2.adb
[Ada Compile]     unicode-ccs-iso_8859_3.adb
[Ada Compile]     unicode-ccs-iso_8859_4.adb
[Ada Compile]     unicode-ccs-windows_1251.adb
[Ada Compile]     unicode-ccs-windows_1252.adb
[Ada Compile]     unicode-ccs.adb
[Ada Compile]     unicode-ces-basic_8bit.adb
[Ada Compile]     unicode-ces-utf16.adb
[Ada Compile]     unicode-ces-utf32.adb
[Ada Compile]     unicode-ces-utf8.adb
[Ada Compile]     unicode-ces.adb
[Ada Compile]     unicode-encodings.adb
[Ada Compile]     unicode-names-aegean_numbers.ads
[Ada Compile]     unicode-names-ahom.ads
[Ada Compile]     unicode-names-alchemical_symbols.ads
[Ada Compile]     unicode-names-alpha_presentation_forms.ads
[Ada Compile]     unicode-names-anatolian_hieroglyphs.ads
[Ada Compile]     unicode-names-ancient_greek_music.ads
[Ada Compile]     unicode-names-ancient_greek_numbers.ads
[Ada Compile]     unicode-names-ancient_symbols.ads
[Ada Compile]     unicode-names-arabic.ads
[Ada Compile]     unicode-names-arabic_extended_a.ads
[Ada Compile]     unicode-names-arabic_math_alpha_symb.ads
[Ada Compile]     unicode-names-arabic_present_formsa.ads
[Ada Compile]     unicode-names-arabic_present_formsb.ads
[Ada Compile]     unicode-names-arabic_supplement.ads
[Ada Compile]     unicode-names-armenian.ads
[Ada Compile]     unicode-names-arrows.ads
[Ada Compile]     unicode-names-avestan.ads
[Ada Compile]     unicode-names-balinese.ads
[Ada Compile]     unicode-names-bamum.ads
[Ada Compile]     unicode-names-bamum_supplement.ads
[Ada Compile]     unicode-names-basic_latin.ads
[Ada Compile]     unicode-names-bassa_vah.ads
[Ada Compile]     unicode-names-batak.ads
[Ada Compile]     unicode-names-bengali.ads
[Ada Compile]     unicode-names-block_elements.ads
[Ada Compile]     unicode-names-bopomofo.ads
[Ada Compile]     unicode-names-bopomofo_extended.ads
[Ada Compile]     unicode-names-box_drawing.ads
[Ada Compile]     unicode-names-brahmi.ads
[Ada Compile]     unicode-names-braille_patterns.ads
[Ada Compile]     unicode-names-buginese.ads
[Ada Compile]     unicode-names-buhid.ads
[Ada Compile]     unicode-names-byzantine_musical_symbols.ads
[Ada Compile]     unicode-names-canadian_aboriginal.ads
[Ada Compile]     unicode-names-canadian_aboriginal_ext.ads
[Ada Compile]     unicode-names-carian.ads
[Ada Compile]     unicode-names-caucasian_albanian.ads
[Ada Compile]     unicode-names-chakma.ads
[Ada Compile]     unicode-names-cham.ads
[Ada Compile]     unicode-names-cherokee.ads
[Ada Compile]     unicode-names-cherokee_supplement.ads
[Ada Compile]     unicode-names-cjk_compat_ideo_sup.ads
[Ada Compile]     unicode-names-cjk_compat_ideographs.ads
[Ada Compile]     unicode-names-cjk_compatibility.ads
[Ada Compile]     unicode-names-cjk_compatibility_forms.ads
[Ada Compile]     unicode-names-cjk_letters_months.ads
[Ada Compile]     unicode-names-cjk_radicals_supplement.ads
[Ada Compile]     unicode-names-cjk_strokes.ads
[Ada Compile]     unicode-names-cjk_symbols_and_punct.ads
[Ada Compile]     unicode-names-combining_diacritical.ads
[Ada Compile]     unicode-names-combining_diacritical_ext.ads
[Ada Compile]     unicode-names-combining_diacritical_sup.ads
[Ada Compile]     unicode-names-combining_diacritical_sym.ads
[Ada Compile]     unicode-names-combining_half_marks.ads
[Ada Compile]     unicode-names-common_indic_number_forms.ads
[Ada Compile]     unicode-names-control_pictures.ads
[Ada Compile]     unicode-names-coptic.ads
[Ada Compile]     unicode-names-coptic_epact_numbers.ads
[Ada Compile]     unicode-names-counting_rod_numerals.ads
[Ada Compile]     unicode-names-cuneiform.ads
[Ada Compile]     unicode-names-cuneiform_num_punctuation.ads
[Ada Compile]     unicode-names-currency_symbols.ads
[Ada Compile]     unicode-names-cypriot_syllabary.ads
[Ada Compile]     unicode-names-cyrillic.ads
[Ada Compile]     unicode-names-cyrillic_extended_a.ads
[Ada Compile]     unicode-names-cyrillic_extended_b.ads
[Ada Compile]     unicode-names-cyrillic_supplement.ads
[Ada Compile]     unicode-names-deseret.ads
[Ada Compile]     unicode-names-devanagari.ads
[Ada Compile]     unicode-names-devanagari_extended.ads
[Ada Compile]     unicode-names-dingbats.ads
[Ada Compile]     unicode-names-domino_tiles.ads
[Ada Compile]     unicode-names-duployan.ads
[Ada Compile]     unicode-names-early_dynastic_cuneiform.ads
[Ada Compile]     unicode-names-egyptian_hieroglyphs.ads
[Ada Compile]     unicode-names-elbasan.ads
[Ada Compile]     unicode-names-emoticons.ads
[Ada Compile]     unicode-names-enclosed_alphanum_sup.ads
[Ada Compile]     unicode-names-enclosed_alphanumerics.ads
[Ada Compile]     unicode-names-enclosed_ideographic_sup.ads
[Ada Compile]     unicode-names-ethiopic.ads
[Ada Compile]     unicode-names-ethiopic_extended.ads
[Ada Compile]     unicode-names-ethiopic_extended_a.ads
[Ada Compile]     unicode-names-ethiopic_supplement.ads
[Ada Compile]     unicode-names-general_punctuation.ads
[Ada Compile]     unicode-names-geometric_shapes.ads
[Ada Compile]     unicode-names-geometric_shapes_extended.ads
[Ada Compile]     unicode-names-georgian.ads
[Ada Compile]     unicode-names-georgian_supplement.ads
[Ada Compile]     unicode-names-glagolitic.ads
[Ada Compile]     unicode-names-gothic.ads
[Ada Compile]     unicode-names-grantha.ads
[Ada Compile]     unicode-names-greek_and_coptic.ads
[Ada Compile]     unicode-names-greek_extended.ads
[Ada Compile]     unicode-names-gujarati.ads
[Ada Compile]     unicode-names-gurmukhi.ads
[Ada Compile]     unicode-names-half_full_width_forms.ads
[Ada Compile]     unicode-names-hangul_compatibility_jamo.ads
[Ada Compile]     unicode-names-hangul_jamo.ads
[Ada Compile]     unicode-names-hangul_jamo_extended_a.ads
[Ada Compile]     unicode-names-hangul_jamo_extended_b.ads
[Ada Compile]     unicode-names-hanunoo.ads
[Ada Compile]     unicode-names-hatran.ads
[Ada Compile]     unicode-names-hebrew.ads
[Ada Compile]     unicode-names-hiragana.ads
[Ada Compile]     unicode-names-ideograph_descr_chars.ads
[Ada Compile]     unicode-names-imperial_aramaic.ads
[Ada Compile]     unicode-names-inscriptional_pahlavi.ads
[Ada Compile]     unicode-names-inscriptional_parthian.ads
[Ada Compile]     unicode-names-ipa_extensions.ads
[Ada Compile]     unicode-names-javanese.ads
[Ada Compile]     unicode-names-kaithi.ads
[Ada Compile]     unicode-names-kana_supplement.ads
[Ada Compile]     unicode-names-kanbun.ads
[Ada Compile]     unicode-names-kangxi_radicals.ads
[Ada Compile]     unicode-names-kannada.ads
[Ada Compile]     unicode-names-katakana.ads
[Ada Compile]     unicode-names-katakana_phonetic_ext.ads
[Ada Compile]     unicode-names-kayah_li.ads
[Ada Compile]     unicode-names-kharoshthi.ads
[Ada Compile]     unicode-names-khmer.ads
[Ada Compile]     unicode-names-khmer_symbols.ads
[Ada Compile]     unicode-names-khojki.ads
[Ada Compile]     unicode-names-khudawadi.ads
[Ada Compile]     unicode-names-lao.ads
[Ada Compile]     unicode-names-latin_1_supplement.ads
[Ada Compile]     unicode-names-latin_extended_a.ads
[Ada Compile]     unicode-names-latin_extended_additional.ads
[Ada Compile]     unicode-names-latin_extended_b.ads
[Ada Compile]     unicode-names-latin_extended_c.ads
[Ada Compile]     unicode-names-latin_extended_d.ads
[Ada Compile]     unicode-names-latin_extended_e.ads
[Ada Compile]     unicode-names-lepcha.ads
[Ada Compile]     unicode-names-letterlike_symbols.ads
[Ada Compile]     unicode-names-limbu.ads
[Ada Compile]     unicode-names-linear_a.ads
[Ada Compile]     unicode-names-linear_b_ideograms.ads
[Ada Compile]     unicode-names-linear_b_syllabary.ads
[Ada Compile]     unicode-names-lisu.ads
[Ada Compile]     unicode-names-lycian.ads
[Ada Compile]     unicode-names-lydian.ads
[Ada Compile]     unicode-names-mahajani.ads
[Ada Compile]     unicode-names-mahjong_tiles.ads
[Ada Compile]     unicode-names-malayalam.ads
[Ada Compile]     unicode-names-mandaic.ads
[Ada Compile]     unicode-names-manichaean.ads
[Ada Compile]     unicode-names-math_alphanumeric_symb.ads
[Ada Compile]     unicode-names-mathematical_operators.ads
[Ada Compile]     unicode-names-meetei_mayek.ads
[Ada Compile]     unicode-names-meetei_mayek_extensions.ads
[Ada Compile]     unicode-names-mende_kikakui.ads
[Ada Compile]     unicode-names-meroitic_cursive.ads
[Ada Compile]     unicode-names-meroitic_hieroglyphs.ads
[Ada Compile]     unicode-names-miao.ads
[Ada Compile]     unicode-names-misc_math_symbols_a.ads
[Ada Compile]     unicode-names-misc_math_symbols_b.ads
[Ada Compile]     unicode-names-misc_symbols_and_arrows.ads
[Ada Compile]     unicode-names-misc_symbols_pictographs.ads
[Ada Compile]     unicode-names-miscellaneous_symbols.ads
[Ada Compile]     unicode-names-miscellaneous_technical.ads
[Ada Compile]     unicode-names-modi.ads
[Ada Compile]     unicode-names-modifier_tone_letters.ads
[Ada Compile]     unicode-names-mongolian.ads
[Ada Compile]     unicode-names-mro.ads
[Ada Compile]     unicode-names-multani.ads
[Ada Compile]     unicode-names-musical_symbols.ads
[Ada Compile]     unicode-names-myanmar.ads
[Ada Compile]     unicode-names-myanmar_extended_a.ads
[Ada Compile]     unicode-names-myanmar_extended_b.ads
[Ada Compile]     unicode-names-nabataean.ads
[Ada Compile]     unicode-names-new_tai_lue.ads
[Ada Compile]     unicode-names-nko.ads
[Ada Compile]     unicode-names-number_forms.ads
[Ada Compile]     unicode-names-ogham.ads
[Ada Compile]     unicode-names-ol_chiki.ads
[Ada Compile]     unicode-names-old_hungarian.ads
[Ada Compile]     unicode-names-old_italic.ads
[Ada Compile]     unicode-names-old_north_arabian.ads
[Ada Compile]     unicode-names-old_permic.ads
[Ada Compile]     unicode-names-old_persian.ads
[Ada Compile]     unicode-names-old_south_arabian.ads
[Ada Compile]     unicode-names-old_turkic.ads
[Ada Compile]     unicode-names-optical_chars_recognition.ads
[Ada Compile]     unicode-names-oriya.ads
[Ada Compile]     unicode-names-ornamental_dingbats.ads
[Ada Compile]     unicode-names-osmanya.ads
[Ada Compile]     unicode-names-pahawh_hmong.ads
[Ada Compile]     unicode-names-palmyrene.ads
[Ada Compile]     unicode-names-pau_cin_hau.ads
[Ada Compile]     unicode-names-phags_pa.ads
[Ada Compile]     unicode-names-phaistos_disc.ads
[Ada Compile]     unicode-names-phoenician.ads
[Ada Compile]     unicode-names-phonetic_ext_sup.ads
[Ada Compile]     unicode-names-phonetic_extensions.ads
[Archive]         libxmlada_schema.a
[Ada Compile]     unicode-names-playing_cards.ads
[Ada Compile]     unicode-names-psalter_pahlavi.ads
[Ada Compile]     unicode-names-rejang.ads
[Ada Compile]     unicode-names-rumi_numeral_symbols.ads
[Ada Compile]     unicode-names-runic.ads
[Ada Compile]     unicode-names-samaritan.ads
[Ada Compile]     unicode-names-saurashtra.ads
[Ada Compile]     unicode-names-sharada.ads
[Ada Compile]     unicode-names-shavian.ads
[Ada Compile]     unicode-names-shorthand_format_controls.ads
[Ada Compile]     unicode-names-siddham.ads
[Ada Compile]     unicode-names-sinhala.ads
[Ada Compile]     unicode-names-sinhala_archaic_numbers.ads
[Ada Compile]     unicode-names-small_form_variants.ads
[Ada Compile]     unicode-names-sora_sompeng.ads
[Ada Compile]     unicode-names-spacing_modifier_letters.ads
[Ada Compile]     unicode-names-specials.ads
[Ada Compile]     unicode-names-sundanese.ads
[Ada Compile]     unicode-names-sundanese_supplement.ads
[Ada Compile]     unicode-names-sup_math_operators.ads
[Ada Compile]     unicode-names-sup_symbols_pictographs.ads
[Ada Compile]     unicode-names-super_and_sub_scripts.ads
[Ada Compile]     unicode-names-supplemental_arrows_a.ads
[Ada Compile]     unicode-names-supplemental_arrows_b.ads
[Ada Compile]     unicode-names-supplemental_arrows_c.ads
[Ada Compile]     unicode-names-supplemental_punctuation.ads
[Ada Compile]     unicode-names-sutton_signwriting.ads
[Ada Compile]     unicode-names-syloti_nagri.ads
[Ada Compile]     unicode-names-syriac.ads
[Ada Compile]     unicode-names-tagalog.ads
[Ada Compile]     unicode-names-tagbanwa.ads
[Ada Compile]     unicode-names-tags.ads
[Ada Compile]     unicode-names-tai_le.ads
[Ada Compile]     unicode-names-tai_tham.ads
[Ada Compile]     unicode-names-tai_viet.ads
[Ada Compile]     unicode-names-tai_xuan_jing_symbols.ads
[Ada Compile]     unicode-names-takri.ads
[Ada Compile]     unicode-names-tamil.ads
[Ada Compile]     unicode-names-telugu.ads
[Ada Compile]     unicode-names-thaana.ads
[Ada Compile]     unicode-names-thai.ads
[Ada Compile]     unicode-names-tibetan.ads
[Ada Compile]     unicode-names-tifinagh.ads
[Ada Compile]     unicode-names-tirhuta.ads
[Ada Compile]     unicode-names-transport_and_map_symbols.ads
[Ada Compile]     unicode-names-ugaritic.ads
[Ada Compile]     unicode-names-vai.ads
[Ada Compile]     unicode-names-variation_selectors.ads
[Ada Compile]     unicode-names-variation_selectors_sup.ads
[Ada Compile]     unicode-names-vedic_extensions.ads
[Ada Compile]     unicode-names-vertical_forms.ads
[Ada Compile]     unicode-names-warang_citi.ads
[Ada Compile]     unicode-names-yi_radicals.ads
[Ada Compile]     unicode-names-yi_syllables.ads
[Ada Compile]     unicode-names-yijing_hexagram_symbols.ads
[Ada Compile]     unicode-names.ads
[Ada Compile]     unicode.adb
[Archive]         libxmlada_unicode.a
Note: Building xmlada=26.0.0/dom/xmlada_dom.gpr (2/6)...
[Ada Compile]     dom-core-attrs.adb
[Ada Compile]     dom-core-cdata_sections.ads
[Ada Compile]     dom-core-character_datas.adb
[Ada Compile]     dom-core-comments.ads
[Ada Compile]     dom-core-document_fragments.ads
[Ada Compile]     dom-core-document_types.adb
[Ada Compile]     dom-core-documents.adb
[Ada Compile]     dom-core-elements.adb
[Ada Compile]     dom-core-entity_references.ads
[Ada Compile]     dom-core-nodes.adb
[Ada Compile]     dom-core-notations.adb
[Ada Compile]     dom-core-processing_instructions.ads
[Ada Compile]     dom-core-texts.adb
[Ada Compile]     dom-core.adb
[Ada Compile]     dom-readers.adb
[Ada Compile]     dom.ads
[Ada Compile]     input_sources-file.adb
[Ada Compile]     input_sources-http.adb
[Ada Compile]     input_sources-socket.adb
[Ada Compile]     input_sources-strings.adb
[Ada Compile]     input_sources.adb
[Ada Compile]     sax-attributes.adb
[Ada Compile]     sax-encodings.ads
[Ada Compile]     sax-exceptions.adb
[Ada Compile]     sax-htable.adb
[Ada Compile]     sax-locators.adb
[Ada Compile]     sax-models.adb
[Ada Compile]     sax-pointers.adb
[Ada Compile]     sax-readers.adb
[Ada Compile]     sax-state_machines.adb
[Ada Compile]     sax-symbols.adb
[Ada Compile]     sax-utils.adb
[Ada Compile]     sax.ads
[Ada Compile]     unicode-ccs-iso_8859_1.adb
[Ada Compile]     unicode-ccs-iso_8859_15.adb
[Ada Compile]     unicode-ccs-iso_8859_2.adb
[Ada Compile]     unicode-ccs-iso_8859_3.adb
[Ada Compile]     unicode-ccs-iso_8859_4.adb
[Ada Compile]     unicode-ccs-windows_1251.adb
[Ada Compile]     unicode-ccs-windows_1252.adb
[Ada Compile]     unicode-ccs.adb
[Ada Compile]     unicode-ces-basic_8bit.adb
[Ada Compile]     unicode-ces-utf16.adb
[Ada Compile]     unicode-ces-utf32.adb
[Ada Compile]     unicode-ces-utf8.adb
[Ada Compile]     unicode-ces.adb
[Ada Compile]     unicode-encodings.adb
[Ada Compile]     unicode-names-aegean_numbers.ads
[Ada Compile]     unicode-names-ahom.ads
[Ada Compile]     unicode-names-alchemical_symbols.ads
[Ada Compile]     unicode-names-alpha_presentation_forms.ads
[Ada Compile]     unicode-names-anatolian_hieroglyphs.ads
[Ada Compile]     unicode-names-ancient_greek_music.ads
[Ada Compile]     unicode-names-ancient_greek_numbers.ads
[Ada Compile]     unicode-names-ancient_symbols.ads
[Ada Compile]     unicode-names-arabic.ads
[Ada Compile]     unicode-names-arabic_extended_a.ads
[Ada Compile]     unicode-names-arabic_math_alpha_symb.ads
[Ada Compile]     unicode-names-arabic_present_formsa.ads
[Ada Compile]     unicode-names-arabic_present_formsb.ads
[Ada Compile]     unicode-names-arabic_supplement.ads
[Ada Compile]     unicode-names-armenian.ads
[Ada Compile]     unicode-names-arrows.ads
[Ada Compile]     unicode-names-avestan.ads
[Ada Compile]     unicode-names-balinese.ads
[Ada Compile]     unicode-names-bamum.ads
[Ada Compile]     unicode-names-bamum_supplement.ads
[Ada Compile]     unicode-names-basic_latin.ads
[Ada Compile]     unicode-names-bassa_vah.ads
[Ada Compile]     unicode-names-batak.ads
[Ada Compile]     unicode-names-bengali.ads
[Ada Compile]     unicode-names-block_elements.ads
[Ada Compile]     unicode-names-bopomofo.ads
[Ada Compile]     unicode-names-bopomofo_extended.ads
[Ada Compile]     unicode-names-box_drawing.ads
[Ada Compile]     unicode-names-brahmi.ads
[Ada Compile]     unicode-names-braille_patterns.ads
[Ada Compile]     unicode-names-buginese.ads
[Ada Compile]     unicode-names-buhid.ads
[Ada Compile]     unicode-names-byzantine_musical_symbols.ads
[Ada Compile]     unicode-names-canadian_aboriginal.ads
[Ada Compile]     unicode-names-canadian_aboriginal_ext.ads
[Ada Compile]     unicode-names-carian.ads
[Ada Compile]     unicode-names-caucasian_albanian.ads
[Ada Compile]     unicode-names-chakma.ads
[Ada Compile]     unicode-names-cham.ads
[Ada Compile]     unicode-names-cherokee.ads
[Ada Compile]     unicode-names-cherokee_supplement.ads
[Ada Compile]     unicode-names-cjk_compat_ideo_sup.ads
[Ada Compile]     unicode-names-cjk_compat_ideographs.ads
[Ada Compile]     unicode-names-cjk_compatibility.ads
[Ada Compile]     unicode-names-cjk_compatibility_forms.ads
[Ada Compile]     unicode-names-cjk_letters_months.ads
[Ada Compile]     unicode-names-cjk_radicals_supplement.ads
[Ada Compile]     unicode-names-cjk_strokes.ads
[Ada Compile]     unicode-names-cjk_symbols_and_punct.ads
[Ada Compile]     unicode-names-combining_diacritical.ads
[Ada Compile]     unicode-names-combining_diacritical_ext.ads
[Ada Compile]     unicode-names-combining_diacritical_sup.ads
[Ada Compile]     unicode-names-combining_diacritical_sym.ads
[Ada Compile]     unicode-names-combining_half_marks.ads
[Ada Compile]     unicode-names-common_indic_number_forms.ads
[Ada Compile]     unicode-names-control_pictures.ads
[Ada Compile]     unicode-names-coptic.ads
[Ada Compile]     unicode-names-coptic_epact_numbers.ads
[Ada Compile]     unicode-names-counting_rod_numerals.ads
[Ada Compile]     unicode-names-cuneiform.ads
[Ada Compile]     unicode-names-cuneiform_num_punctuation.ads
[Ada Compile]     unicode-names-currency_symbols.ads
[Ada Compile]     unicode-names-cypriot_syllabary.ads
[Ada Compile]     unicode-names-cyrillic.ads
[Ada Compile]     unicode-names-cyrillic_extended_a.ads
[Ada Compile]     unicode-names-cyrillic_extended_b.ads
[Ada Compile]     unicode-names-cyrillic_supplement.ads
[Ada Compile]     unicode-names-deseret.ads
[Ada Compile]     unicode-names-devanagari.ads
[Ada Compile]     unicode-names-devanagari_extended.ads
[Ada Compile]     unicode-names-dingbats.ads
[Ada Compile]     unicode-names-domino_tiles.ads
[Ada Compile]     unicode-names-duployan.ads
[Ada Compile]     unicode-names-early_dynastic_cuneiform.ads
[Ada Compile]     unicode-names-egyptian_hieroglyphs.ads
[Ada Compile]     unicode-names-elbasan.ads
[Ada Compile]     unicode-names-emoticons.ads
[Ada Compile]     unicode-names-enclosed_alphanum_sup.ads
[Ada Compile]     unicode-names-enclosed_alphanumerics.ads
[Ada Compile]     unicode-names-enclosed_ideographic_sup.ads
[Ada Compile]     unicode-names-ethiopic.ads
[Ada Compile]     unicode-names-ethiopic_extended.ads
[Ada Compile]     unicode-names-ethiopic_extended_a.ads
[Ada Compile]     unicode-names-ethiopic_supplement.ads
[Ada Compile]     unicode-names-general_punctuation.ads
[Ada Compile]     unicode-names-geometric_shapes.ads
[Ada Compile]     unicode-names-geometric_shapes_extended.ads
[Ada Compile]     unicode-names-georgian.ads
[Ada Compile]     unicode-names-georgian_supplement.ads
[Ada Compile]     unicode-names-glagolitic.ads
[Ada Compile]     unicode-names-gothic.ads
[Ada Compile]     unicode-names-grantha.ads
[Ada Compile]     unicode-names-greek_and_coptic.ads
[Ada Compile]     unicode-names-greek_extended.ads
[Ada Compile]     unicode-names-gujarati.ads
[Ada Compile]     unicode-names-gurmukhi.ads
[Ada Compile]     unicode-names-half_full_width_forms.ads
[Ada Compile]     unicode-names-hangul_compatibility_jamo.ads
[Ada Compile]     unicode-names-hangul_jamo.ads
[Ada Compile]     unicode-names-hangul_jamo_extended_a.ads
[Ada Compile]     unicode-names-hangul_jamo_extended_b.ads
[Ada Compile]     unicode-names-hanunoo.ads
[Ada Compile]     unicode-names-hatran.ads
[Ada Compile]     unicode-names-hebrew.ads
[Ada Compile]     unicode-names-hiragana.ads
[Ada Compile]     unicode-names-ideograph_descr_chars.ads
[Ada Compile]     unicode-names-imperial_aramaic.ads
[Ada Compile]     unicode-names-inscriptional_pahlavi.ads
[Ada Compile]     unicode-names-inscriptional_parthian.ads
[Ada Compile]     unicode-names-ipa_extensions.ads
[Ada Compile]     unicode-names-javanese.ads
[Ada Compile]     unicode-names-kaithi.ads
[Ada Compile]     unicode-names-kana_supplement.ads
[Ada Compile]     unicode-names-kanbun.ads
[Ada Compile]     unicode-names-kangxi_radicals.ads
[Ada Compile]     unicode-names-kannada.ads
[Ada Compile]     unicode-names-katakana.ads
[Ada Compile]     unicode-names-katakana_phonetic_ext.ads
[Ada Compile]     unicode-names-kayah_li.ads
[Ada Compile]     unicode-names-kharoshthi.ads
[Ada Compile]     unicode-names-khmer.ads
[Ada Compile]     unicode-names-khmer_symbols.ads
[Ada Compile]     unicode-names-khojki.ads
[Ada Compile]     unicode-names-khudawadi.ads
[Ada Compile]     unicode-names-lao.ads
[Ada Compile]     unicode-names-latin_1_supplement.ads
[Ada Compile]     unicode-names-latin_extended_a.ads
[Ada Compile]     unicode-names-latin_extended_additional.ads
[Ada Compile]     unicode-names-latin_extended_b.ads
[Ada Compile]     unicode-names-latin_extended_c.ads
[Ada Compile]     unicode-names-latin_extended_d.ads
[Ada Compile]     unicode-names-latin_extended_e.ads
[Ada Compile]     unicode-names-lepcha.ads
[Ada Compile]     unicode-names-letterlike_symbols.ads
[Ada Compile]     unicode-names-limbu.ads
[Ada Compile]     unicode-names-linear_a.ads
[Ada Compile]     unicode-names-linear_b_ideograms.ads
[Ada Compile]     unicode-names-linear_b_syllabary.ads
[Ada Compile]     unicode-names-lisu.ads
[Ada Compile]     unicode-names-lycian.ads
[Ada Compile]     unicode-names-lydian.ads
[Ada Compile]     unicode-names-mahajani.ads
[Ada Compile]     unicode-names-mahjong_tiles.ads
[Ada Compile]     unicode-names-malayalam.ads
[Ada Compile]     unicode-names-mandaic.ads
[Ada Compile]     unicode-names-manichaean.ads
[Ada Compile]     unicode-names-math_alphanumeric_symb.ads
[Ada Compile]     unicode-names-mathematical_operators.ads
[Ada Compile]     unicode-names-meetei_mayek.ads
[Ada Compile]     unicode-names-meetei_mayek_extensions.ads
[Ada Compile]     unicode-names-mende_kikakui.ads
[Ada Compile]     unicode-names-meroitic_cursive.ads
[Ada Compile]     unicode-names-meroitic_hieroglyphs.ads
[Ada Compile]     unicode-names-miao.ads
[Ada Compile]     unicode-names-misc_math_symbols_a.ads
[Ada Compile]     unicode-names-misc_math_symbols_b.ads
[Ada Compile]     unicode-names-misc_symbols_and_arrows.ads
[Ada Compile]     unicode-names-misc_symbols_pictographs.ads
[Ada Compile]     unicode-names-miscellaneous_symbols.ads
[Ada Compile]     unicode-names-miscellaneous_technical.ads
[Ada Compile]     unicode-names-modi.ads
[Ada Compile]     unicode-names-modifier_tone_letters.ads
[Ada Compile]     unicode-names-mongolian.ads
[Ada Compile]     unicode-names-mro.ads
[Ada Compile]     unicode-names-multani.ads
[Ada Compile]     unicode-names-musical_symbols.ads
[Ada Compile]     unicode-names-myanmar.ads
[Ada Compile]     unicode-names-myanmar_extended_a.ads
[Ada Compile]     unicode-names-myanmar_extended_b.ads
[Ada Compile]     unicode-names-nabataean.ads
[Ada Compile]     unicode-names-new_tai_lue.ads
[Ada Compile]     unicode-names-nko.ads
[Ada Compile]     unicode-names-number_forms.ads
[Ada Compile]     unicode-names-ogham.ads
[Ada Compile]     unicode-names-ol_chiki.ads
[Ada Compile]     unicode-names-old_hungarian.ads
[Ada Compile]     unicode-names-old_italic.ads
[Ada Compile]     unicode-names-old_north_arabian.ads
[Ada Compile]     unicode-names-old_permic.ads
[Ada Compile]     unicode-names-old_persian.ads
[Ada Compile]     unicode-names-old_south_arabian.ads
[Ada Compile]     unicode-names-old_turkic.ads
[Ada Compile]     unicode-names-optical_chars_recognition.ads
[Ada Compile]     unicode-names-oriya.ads
[Ada Compile]     unicode-names-ornamental_dingbats.ads
[Ada Compile]     unicode-names-osmanya.ads
[Ada Compile]     unicode-names-pahawh_hmong.ads
[Ada Compile]     unicode-names-palmyrene.ads
[Ada Compile]     unicode-names-pau_cin_hau.ads
[Ada Compile]     unicode-names-phags_pa.ads
[Ada Compile]     unicode-names-phaistos_disc.ads
[Ada Compile]     unicode-names-phoenician.ads
[Ada Compile]     unicode-names-phonetic_ext_sup.ads
[Ada Compile]     unicode-names-phonetic_extensions.ads
[Ada Compile]     unicode-names-playing_cards.ads
[Ada Compile]     unicode-names-psalter_pahlavi.ads
[Ada Compile]     unicode-names-rejang.ads
[Ada Compile]     unicode-names-rumi_numeral_symbols.ads
[Ada Compile]     unicode-names-runic.ads
[Ada Compile]     unicode-names-samaritan.ads
[Ada Compile]     unicode-names-saurashtra.ads
[Ada Compile]     unicode-names-sharada.ads
[Ada Compile]     unicode-names-shavian.ads
[Ada Compile]     unicode-names-shorthand_format_controls.ads
[Ada Compile]     unicode-names-siddham.ads
[Ada Compile]     unicode-names-sinhala.ads
[Ada Compile]     unicode-names-sinhala_archaic_numbers.ads
[Ada Compile]     unicode-names-small_form_variants.ads
[Ada Compile]     unicode-names-sora_sompeng.ads
[Ada Compile]     unicode-names-spacing_modifier_letters.ads
[Ada Compile]     unicode-names-specials.ads
[Ada Compile]     unicode-names-sundanese.ads
[Ada Compile]     unicode-names-sundanese_supplement.ads
[Ada Compile]     unicode-names-sup_math_operators.ads
[Ada Compile]     unicode-names-sup_symbols_pictographs.ads
[Ada Compile]     unicode-names-super_and_sub_scripts.ads
[Ada Compile]     unicode-names-supplemental_arrows_a.ads
[Ada Compile]     unicode-names-supplemental_arrows_b.ads
[Ada Compile]     unicode-names-supplemental_arrows_c.ads
[Ada Compile]     unicode-names-supplemental_punctuation.ads
[Ada Compile]     unicode-names-sutton_signwriting.ads
[Ada Compile]     unicode-names-syloti_nagri.ads
[Ada Compile]     unicode-names-syriac.ads
[Ada Compile]     unicode-names-tagalog.ads
[Ada Compile]     unicode-names-tagbanwa.ads
[Ada Compile]     unicode-names-tags.ads
[Ada Compile]     unicode-names-tai_le.ads
[Ada Compile]     unicode-names-tai_tham.ads
[Ada Compile]     unicode-names-tai_viet.ads
[Ada Compile]     unicode-names-tai_xuan_jing_symbols.ads
[Ada Compile]     unicode-names-takri.ads
[Ada Compile]     unicode-names-tamil.ads
[Ada Compile]     unicode-names-telugu.ads
[Ada Compile]     unicode-names-thaana.ads
[Ada Compile]     unicode-names-thai.ads
[Ada Compile]     unicode-names-tibetan.ads
[Ada Compile]     unicode-names-tifinagh.ads
[Ada Compile]     unicode-names-tirhuta.ads
[Ada Compile]     unicode-names-transport_and_map_symbols.ads
[Ada Compile]     unicode-names-ugaritic.ads
[Ada Compile]     unicode-names-vai.ads
[Ada Compile]     unicode-names-variation_selectors.ads
[Ada Compile]     unicode-names-variation_selectors_sup.ads
[Ada Compile]     unicode-names-vedic_extensions.ads
[Ada Compile]     unicode-names-vertical_forms.ads
[Ada Compile]     unicode-names-warang_citi.ads
[Ada Compile]     unicode-names-yi_radicals.ads
[Ada Compile]     unicode-names-yi_syllables.ads
[Ada Compile]     unicode-names-yijing_hexagram_symbols.ads
[Ada Compile]     unicode-names.ads
[Ada Compile]     unicode.adb
Note: Building xmlada=26.0.0/sax/xmlada_sax.gpr (3/6)...
Note: Building xmlada=26.0.0/input_sources/xmlada_input.gpr (4/6)...
Note: Building xmlada=26.0.0/schema/xmlada_schema.gpr (5/6)...
[Ada Compile]     schema-date_time.adb
[Ada Compile]     schema-decimal.adb
[Ada Compile]     schema-dom_readers.adb
[Ada Compile]     schema-readers.adb
[Ada Compile]     schema-schema_readers.adb
[Ada Compile]     schema-simple_types.adb
[Ada Compile]     schema-validators-xsd_grammar.adb
[Ada Compile]     schema-validators.adb
[Ada Compile]     schema.adb
Note: Building xmlada=26.0.0/unicode/xmlada_unicode.gpr (6/6)...
Success: Build finished successfully in 73.65 seconds.
Found declared GPR file: distrib/xmlada.gpr
Found declared GPR file: dom/xmlada_dom.gpr
Found declared GPR file: sax/xmlada_sax.gpr
Found declared GPR file: input_sources/xmlada_input.gpr
Found declared GPR file: schema/xmlada_schema.gpr
Found declared GPR file: unicode/xmlada_unicode.gpr
[alr test] Test completed SUCCESSFULLY
