Test ran at 2026-07-08 01:30:21.518277+00:00

SOLUTION:
mathpaqs=20260205.0.0: A collection of mathematical, 100% portable, packages
Origin: source archive mathpaqs_2026_02_05.zip at https://sourceforge.net/projects/mathpaqs/files/mathpaqs_2026_02_05.zip with hash sha512:abed7ef9fa92f6941bf0ca1073445d1a717661fdbf5cd54314c08b917158ed93deadcb7ad0352cfa21831b3db07add48254c7fbd948a1856f322cef9de9e1877
Properties:
   Author: Gautier de Montmollin
   Description: A collection of mathematical, 100% portable, packages
   Executable: arenstorf
   Executable: arithmetic_compression
   Executable: biomorph
   Executable: champ_vt
   Executable: cr_demo
   Executable: fractal
   Executable: ppm2func
   Executable: show_floats_limits
   License: MIT
   Long_Description: ![Mathpaqs illustration](https://mathpaqs.sourceforge.io/mathpaqs_files/image001.jpg)

Various mathematical packages including algebra, finite elements, random variables, probability dependency models, unlimited integers.

Key features of the Mathpaqs library:

* Standalone
* Pure Ada
* Unconditionally portable (*)
* Tests and demos included
* **Free**, Open-Source

Some demos, graphical demos and test programs are included.
___

(*) within limits of compiler's provided integer types and target architecture capacity.

   Maintainer: alejandro@mosteo.com
   Maintainers_Logins: mosteo
   Maintainers_Logins: zertovitch
   Name: mathpaqs
   Project_File: mathpaqs_project_tree.gpr
   Tag: algebra
   Tag: contour
   Tag: contour-plot
   Tag: formula-parser
   Tag: fractal
   Tag: kutta
   Tag: linear-algebra
   Tag: mathematics
   Tag: matrix
   Tag: numerics
   Tag: pareto
   Tag: poisson
   Tag: polynomial
   Tag: probability
   Tag: random
   Tag: rational
   Tag: runge
   Tag: runge-kutta
   Tag: statistics
   Version: 20260205.0.0
   Website: https://mathpaqs.sourceforge.io/
Dependencies (direct):
   apdf>=9.0.0
Dependencies (solution):
   apdf=9.0.0
   gid=14.0.0
Dependencies (graph):
   apdf=9.0.0            --> gid=14.0.0 (>=13.0.1)
   mathpaqs=20260205.0.0 --> apdf=9.0.0 (>=9.0.0)


LOG:
[alr test] Testing mathpaqs=20260205.0.0
[alr test] Spawning retrieval for remote crate: alr -d -n get mathpaqs=20260205.0.0
Note: Deploying mathpaqs=20260205.0.0...

######################################################################## 100.0%
######################################################################## 100.0%
######################################################################## 100.0%
######################################################################## 100.0%
#=#=#                                                                          
######################################################################## 100.0%
Note: Deploying gid=14.0.0...

######################################################################## 100.0%
######################################################################## 100.0%
######################################################################## 100.0%
######################################################################## 100.0%
#=#=#                                                                          
#####                                                                      8.2%
######################################################################## 100.0%
Note: Deploying apdf=9.0.0...

######################################################################## 100.0%
######################################################################## 100.0%
######################################################################## 100.0%
######################################################################## 100.0%
#=#=#                                                                          
##=#=#                                                                         
##=O#- #                                                                       
#-#O=#  #                                                                      
####                                                                       5.8%
######                                                                     8.7%
############                                                              17.4%
###############################                                           43.7%
######################################################################## 100.0%

mathpaqs=20260205.0.0 successfully retrieved.
Dependencies were solved as follows:

   + apdf 9.0.0  (new)
   + gid  14.0.0 (new,indirect)
[alr test] Spawning default test for remote crate: alr -d -n build --release -- -cargs:Ada -gnatwn
Note: Building gid=14.0.0/gid.gpr...
Setup
   [mkdir]        object directory for project GID
Compile
   [Ada]          to_png.adb
   [Ada]          to_bmp.adb
   [Ada]          mini.adb
   [Ada]          all_rgb.adb
   [Ada]          benchmark.adb
   [Ada]          clusters.adb
   [Ada]          color_avg.adb
   [Ada]          comp_img.adb
   [Ada]          is_opaque.adb
   [Ada]          recurve.adb
   [Ada]          steg.adb
   [Ada]          dumb_png.adb
   [Ada]          gid.adb
   [Ada]          color_distances.adb
   [Ada]          color_statistics.adb
   [Ada]          comp_img_fct.adb
   [Ada]          fast_io.adb
   [Ada]          gid-decoding_bmp.adb
   [Ada]          gid-decoding_gif.adb
   [Ada]          gid-decoding_jpg.adb
   [Ada]          gid-decoding_png.adb
   [Ada]          gid-decoding_pnm.adb
   [Ada]          gid-decoding_qoi.adb
   [Ada]          gid-decoding_tga.adb
   [Ada]          gid-headers.adb
   [Ada]          gid-buffering.adb
   [Ada]          gid-color_tables.adb
   [Ada]          gid-decoding_png-huffman.adb
Bind
   [gprbind]      to_png.bexch
   [gprbind]      to_bmp.bexch
   [gprbind]      mini.bexch
   [gprbind]      all_rgb.bexch
   [Ada]          all_rgb.ali
   [Ada]          to_png.ali
   [Ada]          mini.ali
   [Ada]          to_bmp.ali
   [gprbind]      benchmark.bexch
   [gprbind]      clusters.bexch
   [Ada]          benchmark.ali
   [gprbind]      color_avg.bexch
   [gprbind]      comp_img.bexch
   [Ada]          color_avg.ali
   [Ada]          clusters.ali
   [Ada]          comp_img.ali
   [gprbind]      is_opaque.bexch
   [gprbind]      recurve.bexch
   [Ada]          is_opaque.ali
   [gprbind]      steg.bexch
   [Ada]          steg.ali
   [Ada]          recurve.ali
Link
   [link]         to_png.adb
   [link]         to_bmp.adb
   [link]         mini.adb
   [link]         all_rgb.adb
   [link]         benchmark.adb
   [link]         clusters.adb
   [link]         color_avg.adb
   [link]         comp_img.adb
   [link]         is_opaque.adb
   [link]         recurve.adb
   [link]         steg.adb
Note: Building apdf=9.0.0/pdf_out_project_tree.gpr...
Setup
   [mkdir]        object directory for project PDF_Out_Project_Tree
Compile
   [Ada]          pdf_out_demo.adb
   [Ada]          color_pinstripe_printer.adb
   [Ada]          hilbert_curve.adb
   [Ada]          k_means.adb
   [Ada]          koch_curve.adb
   [Ada]          peano_curve.adb
   [Ada]          pinstripe_printer.adb
   [Ada]          sierpinski_arrowhead_curve.adb
   [Ada]          img2pdf.adb
   [Ada]          arc_test.adb
   [Ada]          coord_test.adb
   [Ada]          page_test.adb
   [Ada]          validation_test.adb
   [Ada]          pdf_out.adb
   [Ada]          bar_code.ads
   [Ada]          fancy_page.adb
   [Ada]          insert_mascot.adb
   [Ada]          qr_code.ads
   [Ada]          pdf_out-fonts.adb
   [Ada]          pdf_out-images.adb
Bind
   [gprbind]      pdf_out_demo.bexch
   [gprbind]      color_pinstripe_printer.bexch
   [Ada]          pdf_out_demo.ali
   [gprbind]      hilbert_curve.bexch
   [gprbind]      k_means.bexch
   [Ada]          hilbert_curve.ali
   [Ada]          color_pinstripe_printer.ali
   [Ada]          k_means.ali
   [gprbind]      koch_curve.bexch
   [gprbind]      peano_curve.bexch
   [Ada]          koch_curve.ali
   [gprbind]      pinstripe_printer.bexch
   [Ada]          peano_curve.ali
   [gprbind]      sierpinski_arrowhead_curve.bexch
   [Ada]          pinstripe_printer.ali
   [Ada]          sierpinski_arrowhead_curve.ali
   [gprbind]      img2pdf.bexch
   [gprbind]      arc_test.bexch
   [Ada]          img2pdf.ali
   [gprbind]      coord_test.bexch
   [Ada]          arc_test.ali
   [gprbind]      page_test.bexch
   [Ada]          coord_test.ali
   [Ada]          page_test.ali
   [gprbind]      validation_test.bexch
   [Ada]          validation_test.ali
Link
   [link]         pdf_out_demo.adb
   [link]         color_pinstripe_printer.adb
   [link]         hilbert_curve.adb
   [link]         k_means.adb
   [link]         koch_curve.adb
   [link]         peano_curve.adb
   [link]         pinstripe_printer.adb
   [link]         sierpinski_arrowhead_curve.adb
   [link]         img2pdf.adb
   [link]         arc_test.adb
   [link]         coord_test.adb
   [link]         page_test.adb
   [link]         validation_test.adb
Note: Building mathpaqs=20260205.0.0/mathpaqs_project_tree.gpr...
Compile
   [Ada]          arithmetic_compression.adb
   [Ada]          covid_19.adb
   [Ada]          heat.adb
   [Ada]          pi_digits.adb
   [Ada]          ppm2func.adb
   [Ada]          sim_alea.adb
   [Ada]          show_floats_limits.adb
   [Ada]          three_lakes.adb
   [Ada]          arenstorf.adb
   [Ada]          biomorph.adb
   [Ada]          champ_vt.adb
   [Ada]          cr_demo.adb
   [Ada]          eds_1.adb
   [Ada]          fractal.adb
   [Ada]          multi_precision_integers.adb
   [Ada]          graph.adb
   [Ada]          contours.adb
   [Ada]          beta_function.adb
   [Ada]          error_function.adb
   [Ada]          gamma_function.adb
   [Ada]          generic_random_functions.adb
   [Ada]          graph-standard_fonts.ads
   [Ada]          phi_function.adb
   [Ada]          graph-f.ads
   [Ada]          graph-f-bold.adb
   [Ada]          graph-f-complex.adb
   [Ada]          graph-f-eurostyle.adb
   [Ada]          graph-f-gothic.adb
   [Ada]          graph-f-helv.adb
   [Ada]          graph-f-helv_b.adb
   [Ada]          graph-f-helv_bi.adb
   [Ada]          graph-f-helv_i.adb
   [Ada]          graph-f-noble.adb
graph.adb:44:43: warning: there are no others
graph.adb:48:43: warning: there are no others
graph.adb:238:03: warning: "current_fill_pattern_user" is not modified, could be declared constant
graph.adb:249:03: warning: "multi_page_available" is not modified, could be declared constant
graph.adb:758:23: warning: formal parameter "x" is not referenced
graph.adb:758:25: warning: formal parameter "y" is not referenced
graph.adb:758:36: warning: formal parameter "border" is not referenced
graph.adb:832:20: warning: lower bound check only fails if it is invalid
graph.adb:987:12: warning: "others" choice is redundant
graph.adb:987:12: warning: previous choices cover all values
graph.adb:1146:49: warning: redundant conversion, "dx" is of type "Float"
graph.adb:1147:49: warning: redundant conversion, "dy" is of type "Float"
graph.adb:1170:49: warning: redundant conversion, "dx" is of type "Float"
graph.adb:1171:49: warning: redundant conversion, "dy" is of type "Float"
graph.adb:1204:07: warning: "f" is not modified, could be declared constant
graph.adb:1372:05: warning: "c" is not modified, could be declared constant
graph.adb:1559:27: warning: formal parameter "col" is not referenced
graph.adb:1559:32: warning: formal parameter "r" is not referenced
graph.adb:1559:34: warning: formal parameter "g" is not referenced
graph.adb:1559:36: warning: formal parameter "b" is not referenced
   [Ada]          graph-f-sansserif.adb
   [Ada]          graph-f-script.adb
   [Ada]          graph-f-simple.adb
   [Ada]          graph-f-small.adb
   [Ada]          graph-f-triplex.adb
   [Ada]          graph-f-triscript.adb
   [Ada]          multi_precision_integers-check.adb
   [Ada]          dormand_prince_8.ads
   [Ada]          graph-postscript_driver.adb
   [Ada]          time_display.adb
   [Ada]          multi_precision_integers-io.adb
Bind
   [gprbind]      arithmetic_compression.bexch
   [gprbind]      covid_19.bexch
   [Ada]          arithmetic_compression.ali
   [gprbind]      heat.bexch
   [Ada]          covid_19.ali
   [gprbind]      pi_digits.bexch
   [Ada]          heat.ali
   [Ada]          pi_digits.ali
   [gprbind]      ppm2func.bexch
   [Ada]          ppm2func.ali
   [gprbind]      sim_alea.bexch
   [Ada]          sim_alea.ali
   [gprbind]      show_floats_limits.bexch
   [gprbind]      three_lakes.bexch
   [Ada]          show_floats_limits.ali
   [Ada]          three_lakes.ali
   [gprbind]      arenstorf.bexch
   [gprbind]      biomorph.bexch
   [Ada]          arenstorf.ali
   [gprbind]      champ_vt.bexch
   [Ada]          biomorph.ali
   [Ada]          champ_vt.ali
   [gprbind]      cr_demo.bexch
   [Ada]          cr_demo.ali
   [gprbind]      eds_1.bexch
   [Ada]          eds_1.ali
   [gprbind]      fractal.bexch
   [Ada]          fractal.ali
Link
   [link]         arithmetic_compression.adb
   [link]         covid_19.adb
   [link]         heat.adb
   [link]         pi_digits.adb
   [link]         ppm2func.adb
   [link]         sim_alea.adb
   [link]         show_floats_limits.adb
   [link]         three_lakes.adb
   [link]         arenstorf.adb
   [link]         biomorph.adb
   [link]         champ_vt.adb
   [link]         cr_demo.adb
   [link]         eds_1.adb
   [link]         fractal.adb
Success: Build finished successfully in 73.77 seconds.
Found declared GPR file: mathpaqs_project_tree.gpr
[alr test] Test completed SUCCESSFULLY
