Test ran at 2026-10-02 12:59:50.565201+00:00

SOLUTION:
swiss_micros_tools=1.8.11: Cross-platform tools to supercharge your Swiss Micros experience
Origin: source archive swiss_micros_tools-1.8.11.tgz at https://sourceforge.net/projects/calculator-scripts/files/Alire/swiss_micros_tools-1.8.11.tgz with hashes sha256:9336fbdb3e42061e3ea542f9f17c34c2eca68531e362fcbfcf870b88ea0a0334, sha512:cb3faa33caf63b07d6d3b9bb15ee3a8fb60552433234917acb9e228ddf78bb99ca027ad7d0065e38604211c3baf6409d7f33ae180f3bd411e5281bc4996cc1bf
Properties:
   Test run: alr run (from ${CRATE_ROOT}/test)
   Author: Martin Krischik <krischik@users.sourceforge.net>
   Build Switches: 
   Description: Cross-platform tools to supercharge your Swiss Micros experience
   Executable: dm_receive-main.adb
   Executable: dm_set_time-main.adb
   License: GPL-3.0-or-later
   Long_Description: ## Swiss Micros Tools

Step into the golden era of handheld computing with **swiss_micros_tools**, a versatile suite that turbocharges your
SwissMicros calculator adventures!  Unlike workflows shackled to a serial terminal, this toolkit puts the three most
important USB-serial chores on the command line - no eyeballing a watch and no precision Enter-key gymnastics.

Currently implemented is **dm_set_time**: it sets the calculator clock second-precise from the host. Planned companions
are **dm_receive** and **dm_send**, completing the trio so you can move programs and data without opening a terminal at
all.

Unlike many tools shackled to Windows, this toolkit runs flawlessly on **macOS**, **Linux**, and **Windows**. Built with
the precision of **Ada 2022** for unshakeable reliability, the tools talk to the calculator over the USB serial link
with the same care SwissMicros put into the hardware.

### Getting started

Put the calculator into **SERIAL CONSOLE** mode before starting any of the tools. All three commands accept the same two
options so you can find your feet immediately:

```
    -d Device   --device=Device       device file (unix) or name (windows)
                                      of the USB serial device.
                DM_SERIAL_DEVICE=     set via environment variable

    -?          --help                this help
```

### Key Features

* **dm_set_time** *(available now)*: Set the calculator clock to the host time, second-precise - no watching a second
  hand and stabbing Enter.
* **dm_receive** *(planned)*: Pull programs and data from the calculator without a terminal session.
* **dm_send** *(planned)*: Push programs and data to the calculator without a terminal session.
* **Cross-Platform Power**: Runs natively on macOS, Linux, and Windows - like a portable Ada generic, no OS exceptions.
* **Open Source**: Hosted on [SourceForge](https://calculator-scripts.sourceforge.io/hp41cx-tools/), ready for you to
  hack, extend, and share with the retro computing community.

### Why You'll Love It

SwissMicros calculators already feel like the best of the 1980s, rebuilt for today. **swiss_micros_tools** removes the
last awkward step: talking to them through a raw serial console when all you wanted was the time set, a dump saved, or a
program loaded. Join the retro computing revolution - on any desktop OS, and without a terminal in sight.

   Maintainer: Martin Krischik <krischik@users.sourceforge.net>
   Maintainers_Logins: krischik
   Name: swiss_micros_tools
   Tag: calculator
   Tag: tools
   Tag: retrocomputing
   Tag: ada-2022
   Tag: dm16l
   Tag: cross-platform
   Version: 1.8.11
   Website: https://calculator-scripts.sourceforge.io/hp41cx-tools/
Dependencies (direct):
   adacl^8.0
   adacl_desktop^8.0
   adacl_regexp^8.0
   adacl_serial^8.0
Dependencies (solution):
   adacl=8.0.0
   adacl_desktop=8.0.0
   adacl_regexp=8.0.0
   adacl_serial=8.0.0
Dependencies (graph):
   adacl_desktop=8.0.0       --> adacl=8.0.0 (^8.0)
   adacl_regexp=8.0.0        --> adacl_desktop=8.0.0 (^8.0)
   adacl_serial=8.0.0        --> adacl=8.0.0 (^8.0)
   swiss_micros_tools=1.8.11 --> adacl=8.0.0 (^8.0)
   swiss_micros_tools=1.8.11 --> adacl_desktop=8.0.0 (^8.0)
   swiss_micros_tools=1.8.11 --> adacl_regexp=8.0.0 (^8.0)
   swiss_micros_tools=1.8.11 --> adacl_serial=8.0.0 (^8.0)


LOG:
Note: Synchronizing workspace...
Dependencies automatically updated as follows:

   +  adacl              8.0.0  (new,indirect)
   +  adacl_aunit        8.0.0  (new)
   +  adacl_desktop      8.0.0  (new)
   +  adacl_regexp       8.0.0  (new,indirect)
   +  adacl_serial       8.0.0  (new,indirect)
   +  aunit              26.0.0 (new,indirect)
   +. swiss_micros_tools 1.8.11 (new,path=..)
Note: Deploying adacl_aunit=8.0.0...
#=#=#                                                                          
##O#-#                                                                         

######################################################################## 100.0%
######################################################################## 100.0%
######################################################################## 100.0%
######################################################################## 100.0%##O=#  #                                                                       

######################################################################## 100.0%
Note: Found 1 nested crate in /Users/runner/.local/share/alire/releases/adacl_aunit_8.0.0_0347c69c:
   test/adacl_aunit_test=8.0.0: AdaCL: AUnit Test Suite for AdaCL AUnit

Note: Building swiss_micros_tools=1.8.11/swiss_micros_tools.gpr...
Setup
   [mkdir]        object directory for project AdaCL
   [mkdir]        library directory for project AdaCL
   [mkdir]        object directory for project AdaCL_Desktop
   [mkdir]        library directory for project AdaCL_Desktop
   [mkdir]        object directory for project AdaCL_RegExp
   [mkdir]        library directory for project AdaCL_RegExp
   [mkdir]        object directory for project AdaCL_Serial
   [mkdir]        library directory for project AdaCL_Serial
   [mkdir]        object directory for project Swiss_Micros_Tools
   [mkdir]        exec directory for project Swiss_Micros_Tools
Compile
   [Ada]          dm_receive-main.adb
   [Ada]          dm_set_time-main.adb
   [Ada]          adacl_serial_config.ads
clang: warning: overriding deployment version from '16.0' to '26.0' [-Woverriding-deployment-version]
   [Ada]          adacl-serial_io.adb
clang: warning: overriding deployment version from '16.0' to '26.0' [-Woverriding-deployment-version]
   [Ada]          adacl_regexp_config.ads
clang: warning: overriding deployment version from '16.0' to '26.0' [-Woverriding-deployment-version]
   [Ada]          adacl-strings-spitbol-table_integer.ads
clang: warning: overriding deployment version from '16.0' to '26.0' [-Woverriding-deployment-version]
   [Ada]          adacl-wide_strings-spitbol-table_vstring.ads
/Users/runner/.local/share/alire/builds/adacl_serial_8.0.0_fcb3e317/451b569d9b587501fd34bc5b317046091a3131b9e417bec83107bda7575ac098/src/adacl-serial_io.adb:255:121: (style) this line is too long [-gnatyM]
clang: warning: overriding deployment version from '16.0' to '26.0' [-Woverriding-deployment-version]
   [Ada]          adacl-generic_strings-regexp.adb
clang: warning: overriding deployment version from '16.0' to '26.0' [-Woverriding-deployment-version]
   [Ada]          adacl-strings-spitbol-table_boolean.ads
clang: warning: overriding deployment version from '16.0' to '26.0' [-Woverriding-deployment-version]
   [Ada]          adacl-wide_strings-spitbol.adb
clang: warning: overriding deployment version from '16.0' to '26.0' [-Woverriding-deployment-version]
   [Ada]          adacl-wide_strings-regexp.ads
clang: warning: overriding deployment version from '16.0' to '26.0' [-Woverriding-deployment-version]
   [Ada]          adacl-wide_wide_strings-spitbol-table_integer.ads
clang: warning: overriding deployment version from '16.0' to '26.0' [-Woverriding-deployment-version]
   [Ada]          adacl-wide_wide_strings-spitbol-table_boolean.ads
clang: warning: overriding deployment version from '16.0' to '26.0' [-Woverriding-deployment-version]
   [Ada]          adacl-wide_strings-spitbol-patterns.adb
clang: warning: overriding deployment version from '16.0' to '26.0' [-Woverriding-deployment-version]
   [Ada]          adacl-wide_wide_strings-regexp.ads
clang: warning: overriding deployment version from '16.0' to '26.0' [-Woverriding-deployment-version]
   [Ada]          adacl-wide_wide_strings-spitbol-patterns.adb
clang: warning: overriding deployment version from '16.0' to '26.0' [-Woverriding-deployment-version]
   [Ada]          adacl-generic_strings-hash.adb
clang: warning: overriding deployment version from '16.0' to '26.0' [-Woverriding-deployment-version]
   [Ada]          adacl-strings-regexp.ads
clang: warning: overriding deployment version from '16.0' to '26.0' [-Woverriding-deployment-version]
   [Ada]          adacl-wide_strings-spitbol-table_boolean.ads
clang: warning: overriding deployment version from '16.0' to '26.0' [-Woverriding-deployment-version]
   [Ada]          adacl-wide_wide_strings-spitbol.adb
clang: warning: overriding deployment version from '16.0' to '26.0' [-Woverriding-deployment-version]
   [Ada]          adacl-generic_strings.ads
clang: warning: overriding deployment version from '16.0' to '26.0' [-Woverriding-deployment-version]
   [Ada]          adacl-wide_strings-spitbol-table_integer.ads
clang: warning: overriding deployment version from '16.0' to '26.0' [-Woverriding-deployment-version]
   [Ada]          adacl-strings-spitbol-table_vstring.ads
clang: warning: overriding deployment version from '16.0' to '26.0' [-Woverriding-deployment-version]
   [Ada]          adacl-wide_wide_strings-spitbol-table_vstring.ads
clang: warning: overriding deployment version from '16.0' to '26.0' [-Woverriding-deployment-version]
   [Ada]          adacl-strings-spitbol.adb
clang: warning: overriding deployment version from '16.0' to '26.0' [-Woverriding-deployment-version]
   [Ada]          adacl-strings-spitbol-patterns.adb
clang: warning: overriding deployment version from '16.0' to '26.0' [-Woverriding-deployment-version]
   [Ada]          adacl_desktop_config.ads
clang: warning: overriding deployment version from '16.0' to '26.0' [-Woverriding-deployment-version]
   [Ada]          adacl-os-to_wide_wide_string.adb
clang: warning: overriding deployment version from '16.0' to '26.0' [-Woverriding-deployment-version]
   [Ada]          adacl-os-to_utf_string.adb
clang: warning: overriding deployment version from '16.0' to '26.0' [-Woverriding-deployment-version]
   [Ada]          adacl-os-low_level.ads
clang: warning: overriding deployment version from '16.0' to '26.0' [-Woverriding-deployment-version]
   [Ada]          adacl-strings-io.adb
clang: warning: overriding deployment version from '16.0' to '26.0' [-Woverriding-deployment-version]
   [Ada]          adacl-command_line.ads
clang: warning: overriding deployment version from '16.0' to '26.0' [-Woverriding-deployment-version]
   [Ada]          adacl-strings-hex.adb
clang: warning: overriding deployment version from '16.0' to '26.0' [-Woverriding-deployment-version]
   [Ada]          adacl-wide_strings-hex.adb
clang: warning: overriding deployment version from '16.0' to '26.0' [-Woverriding-deployment-version]
   [Ada]          adacl-strings-vectors.ads
clang: warning: overriding deployment version from '16.0' to '26.0' [-Woverriding-deployment-version]
   [Ada]          adacl-strings-dec.adb
clang: warning: overriding deployment version from '16.0' to '26.0' [-Woverriding-deployment-version]
   [Ada]          adacl-wide_strings-dec.adb
clang: warning: overriding deployment version from '16.0' to '26.0' [-Woverriding-deployment-version]
   [Ada]          adacl-os.ads
clang: warning: overriding deployment version from '16.0' to '26.0' [-Woverriding-deployment-version]
   [Ada]          adacl-wide_wide_strings-vectors.ads
clang: warning: overriding deployment version from '16.0' to '26.0' [-Woverriding-deployment-version]
   [Ada]          adacl-calendar.adb
clang: warning: overriding deployment version from '16.0' to '26.0' [-Woverriding-deployment-version]
   [Ada]          adacl-wide_wide_strings-hex.adb
clang: warning: overriding deployment version from '16.0' to '26.0' [-Woverriding-deployment-version]
   [Ada]          adacl-wide_wide_strings-dec.adb
clang: warning: overriding deployment version from '16.0' to '26.0' [-Woverriding-deployment-version]
   [Ada]          adacl-queue.adb
clang: warning: overriding deployment version from '16.0' to '26.0' [-Woverriding-deployment-version]
   [Ada]          adacl-wide_strings-io.adb
clang: warning: overriding deployment version from '16.0' to '26.0' [-Woverriding-deployment-version]
   [Ada]          adacl-pointer-shared_with_delete.adb
clang: warning: overriding deployment version from '16.0' to '26.0' [-Woverriding-deployment-version]
   [Ada]          adacl-pointer-holder.adb
clang: warning: overriding deployment version from '16.0' to '26.0' [-Woverriding-deployment-version]
   [Ada]          adacl-command_line-getopt.adb
clang: warning: overriding deployment version from '16.0' to '26.0' [-Woverriding-deployment-version]
   [Ada]          adacl-wide_wide_strings-bin.adb
clang: warning: overriding deployment version from '16.0' to '26.0' [-Woverriding-deployment-version]
   [Ada]          adacl-wide_wide_strings-io.adb
clang: warning: overriding deployment version from '16.0' to '26.0' [-Woverriding-deployment-version]
   [Ada]          adacl-pointer.ads
clang: warning: overriding deployment version from '16.0' to '26.0' [-Woverriding-deployment-version]
   [Ada]          adacl-pointer-element.adb
clang: warning: overriding deployment version from '16.0' to '26.0' [-Woverriding-deployment-version]
   [Ada]          adacl-trace.adb
clang: warning: overriding deployment version from '16.0' to '26.0' [-Woverriding-deployment-version]
   [Ada]          adacl-pointer-shared.ads
clang: warning: overriding deployment version from '16.0' to '26.0' [-Woverriding-deployment-version]
   [Ada]          adacl-wide_wide_strings.adb
clang: warning: overriding deployment version from '16.0' to '26.0' [-Woverriding-deployment-version]
   [Ada]          adacl-base.ads
clang: warning: overriding deployment version from '16.0' to '26.0' [-Woverriding-deployment-version]
   [Ada]          adacl-strings-bin.adb
clang: warning: overriding deployment version from '16.0' to '26.0' [-Woverriding-deployment-version]
   [Ada]          adacl-wide_strings-bin.adb
clang: warning: overriding deployment version from '16.0' to '26.0' [-Woverriding-deployment-version]
   [Ada]          adacl-pointer-unique_with_delete.adb
clang: warning: overriding deployment version from '16.0' to '26.0' [-Woverriding-deployment-version]
   [Ada]          adacl-limited_base.ads
clang: warning: overriding deployment version from '16.0' to '26.0' [-Woverriding-deployment-version]
   [Ada]          adacl-wide_strings.adb
clang: warning: overriding deployment version from '16.0' to '26.0' [-Woverriding-deployment-version]
   [Ada]          adacl-strings.adb
clang: warning: overriding deployment version from '16.0' to '26.0' [-Woverriding-deployment-version]
   [Ada]          adacl-pointer-unique.ads
clang: warning: overriding deployment version from '16.0' to '26.0' [-Woverriding-deployment-version]
   [Ada]          adacl-wide_strings-vectors.ads
clang: warning: overriding deployment version from '16.0' to '26.0' [-Woverriding-deployment-version]
   [Ada]          adacl_config.ads
clang: warning: overriding deployment version from '16.0' to '26.0' [-Woverriding-deployment-version]
   [Ada]          adacl.ads
clang: warning: overriding deployment version from '16.0' to '26.0' [-Woverriding-deployment-version]
   [Ada]          dm_receive.ads
clang: warning: overriding deployment version from '16.0' to '26.0' [-Woverriding-deployment-version]
   [Ada]          swiss_micros.ads
clang: warning: overriding deployment version from '16.0' to '26.0' [-Woverriding-deployment-version]
   [Ada]          swiss_micros-console_io.adb
clang: warning: overriding deployment version from '16.0' to '26.0' [-Woverriding-deployment-version]
   [Ada]          dm_set_time.ads
clang: warning: overriding deployment version from '16.0' to '26.0' [-Woverriding-deployment-version]
   [Ada]          dm_set_time-command_line.adb
clang: warning: overriding deployment version from '16.0' to '26.0' [-Woverriding-deployment-version]
clang: warning: overriding deployment version from '16.0' to '26.0' [-Woverriding-deployment-version]
   [Ada]          swiss_micros-command_line.adb
/Users/runner/.local/share/alire/builds/adacl_desktop_8.0.0_f8165a62/9ba2f2a16700647bd7fa67b8fb7e9b46c10c7527b81c67d92d80fafad826b460/src/adacl-trace.ads:191:07: warning: "Exit_Cases" is not a valid aspect identifier [enabled by default]
/Users/runner/.local/share/alire/builds/adacl_desktop_8.0.0_f8165a62/9ba2f2a16700647bd7fa67b8fb7e9b46c10c7527b81c67d92d80fafad826b460/src/adacl-trace.ads:205:07: warning: "Exit_Cases" is not a valid aspect identifier [enabled by default]
/Users/runner/.local/share/alire/builds/adacl_desktop_8.0.0_f8165a62/9ba2f2a16700647bd7fa67b8fb7e9b46c10c7527b81c67d92d80fafad826b460/src/adacl-trace.ads:219:07: warning: "Exit_Cases" is not a valid aspect identifier [enabled by default]
/Users/runner/.local/share/alire/builds/adacl_desktop_8.0.0_f8165a62/9ba2f2a16700647bd7fa67b8fb7e9b46c10c7527b81c67d92d80fafad826b460/src/adacl-trace.ads:233:07: warning: "Exit_Cases" is not a valid aspect identifier [enabled by default]
/Users/runner/.local/share/alire/builds/adacl_desktop_8.0.0_f8165a62/9ba2f2a16700647bd7fa67b8fb7e9b46c10c7527b81c67d92d80fafad826b460/src/adacl-trace.ads:250:15: warning: "Exit_Cases" is not a valid aspect identifier [enabled by default]
/Users/runner/.local/share/alire/builds/adacl_desktop_8.0.0_f8165a62/9ba2f2a16700647bd7fa67b8fb7e9b46c10c7527b81c67d92d80fafad826b460/src/adacl-trace.ads:268:07: warning: "Exit_Cases" is not a valid aspect identifier [enabled by default]
clang: warning: overriding deployment version from '16.0' to '26.0' [-Woverriding-deployment-version]
clang: warning: overriding deployment version from '16.0' to '26.0' [-Woverriding-deployment-version]
   [Ada]          swiss_micros_tools_config.ads
clang: warning: overriding deployment version from '16.0' to '26.0' [-Woverriding-deployment-version]
Build Libraries
   [gprlib]       AdaCL.lexch
   [gprlib]       AdaCL_Desktop.lexch
   [archive]      libAdaCL.a
   [index]        libAdaCL.a
   [gprlib]       AdaCL_RegExp.lexch
   [archive]      libAdaCL_Desktop.a
   [index]        libAdaCL_Desktop.a
   [gprlib]       AdaCL_Serial.lexch
   [archive]      libAdaCL_Serial.a
   [archive]      libAdaCL_RegExp.a
   [index]        libAdaCL_Serial.a
   [index]        libAdaCL_RegExp.a
Bind
   [gprbind]      dm_receive-main.bexch
   [gprbind]      dm_set_time-main.bexch
   [Ada]          dm_set_time-main.ali
   [Ada]          dm_receive-main.ali
clang: warning: overriding deployment version from '16.0' to '26.0' [-Woverriding-deployment-version]
clang: warning: overriding deployment version from '16.0' to '26.0' [-Woverriding-deployment-version]
Link
   [link]         dm_receive-main.adb
   [link]         dm_set_time-main.adb
Note: Building swiss_micros_tools_test=1.8.11/swiss_micros_tools_test.gpr...
Setup
   [mkdir]        object directory for project AdaCL_AUnit
   [mkdir]        library directory for project AdaCL_AUnit
   [mkdir]        object directory for project Swiss_Micros_Tools_Test
   [mkdir]        exec directory for project Swiss_Micros_Tools_Test
Compile
   [Ada]          swiss_micros_test-main.adb
   [Ada]          adacl_aunit_config.ads
   [Ada]          adacl-assert-arrays.adb
clang: warning: overriding deployment version from '16.0' to '26.0' [-Woverriding-deployment-version]
   [Ada]          adacl-trace-assert.ads
/Users/runner/.local/share/alire/builds/adacl_aunit_8.0.0_0347c69c/1b5ac78b131de1b6a77c42dc26ffc494f27b4871cfa4d78b66a7d891a3616353/src/adacl-assert-arrays.ads:56:07: warning: "Exit_Cases" is not a valid aspect identifier [enabled by default]
/Users/runner/.local/share/alire/builds/adacl_aunit_8.0.0_0347c69c/1b5ac78b131de1b6a77c42dc26ffc494f27b4871cfa4d78b66a7d891a3616353/src/adacl-assert-arrays.ads:74:07: warning: "Exit_Cases" is not a valid aspect identifier [enabled by default]
clang: warning: overriding deployment version from '16.0' to '26.0' [-Woverriding-deployment-version]
   [Ada]          adacl-assert-indefinite_vectors.adb
clang: warning: overriding deployment version from '16.0' to '26.0' [-Woverriding-deployment-version]
   [Ada]          adacl-assert-discrete.adb
/Users/runner/.local/share/alire/builds/adacl_aunit_8.0.0_0347c69c/1b5ac78b131de1b6a77c42dc26ffc494f27b4871cfa4d78b66a7d891a3616353/src/adacl-assert-indefinite_vectors.ads:58:07: warning: "Exit_Cases" is not a valid aspect identifier [enabled by default]
/Users/runner/.local/share/alire/builds/adacl_aunit_8.0.0_0347c69c/1b5ac78b131de1b6a77c42dc26ffc494f27b4871cfa4d78b66a7d891a3616353/src/adacl-assert-indefinite_vectors.ads:76:07: warning: "Exit_Cases" is not a valid aspect identifier [enabled by default]
clang: warning: overriding deployment version from '16.0' to '26.0' [-Woverriding-deployment-version]
   [Ada]          adacl-assert-pointer.adb
/Users/runner/.local/share/alire/builds/adacl_aunit_8.0.0_0347c69c/1b5ac78b131de1b6a77c42dc26ffc494f27b4871cfa4d78b66a7d891a3616353/src/adacl-assert-discrete.ads:50:07: warning: "Exit_Cases" is not a valid aspect identifier [enabled by default]
/Users/runner/.local/share/alire/builds/adacl_aunit_8.0.0_0347c69c/1b5ac78b131de1b6a77c42dc26ffc494f27b4871cfa4d78b66a7d891a3616353/src/adacl-assert-discrete.ads:68:07: warning: "Exit_Cases" is not a valid aspect identifier [enabled by default]
/Users/runner/.local/share/alire/builds/adacl_aunit_8.0.0_0347c69c/1b5ac78b131de1b6a77c42dc26ffc494f27b4871cfa4d78b66a7d891a3616353/src/adacl-assert-discrete.ads:86:07: warning: "Exit_Cases" is not a valid aspect identifier [enabled by default]
/Users/runner/.local/share/alire/builds/adacl_aunit_8.0.0_0347c69c/1b5ac78b131de1b6a77c42dc26ffc494f27b4871cfa4d78b66a7d891a3616353/src/adacl-assert-discrete.ads:104:07: warning: "Exit_Cases" is not a valid aspect identifier [enabled by default]
/Users/runner/.local/share/alire/builds/adacl_aunit_8.0.0_0347c69c/1b5ac78b131de1b6a77c42dc26ffc494f27b4871cfa4d78b66a7d891a3616353/src/adacl-assert-discrete.ads:122:07: warning: "Exit_Cases" is not a valid aspect identifier [enabled by default]
/Users/runner/.local/share/alire/builds/adacl_aunit_8.0.0_0347c69c/1b5ac78b131de1b6a77c42dc26ffc494f27b4871cfa4d78b66a7d891a3616353/src/adacl-assert-discrete.ads:140:07: warning: "Exit_Cases" is not a valid aspect identifier [enabled by default]
/Users/runner/.local/share/alire/builds/adacl_aunit_8.0.0_0347c69c/1b5ac78b131de1b6a77c42dc26ffc494f27b4871cfa4d78b66a7d891a3616353/src/adacl-assert-discrete.ads:160:07: warning: "Exit_Cases" is not a valid aspect identifier [enabled by default]
clang: warning: overriding deployment version from '16.0' to '26.0' [-Woverriding-deployment-version]
   [Ada]          adacl-assert-fixed.adb
/Users/runner/.local/share/alire/builds/adacl_aunit_8.0.0_0347c69c/1b5ac78b131de1b6a77c42dc26ffc494f27b4871cfa4d78b66a7d891a3616353/src/adacl-assert-pointer.ads:51:07: warning: "Exit_Cases" is not a valid aspect identifier [enabled by default]
/Users/runner/.local/share/alire/builds/adacl_aunit_8.0.0_0347c69c/1b5ac78b131de1b6a77c42dc26ffc494f27b4871cfa4d78b66a7d891a3616353/src/adacl-assert-pointer.ads:69:07: warning: "Exit_Cases" is not a valid aspect identifier [enabled by default]
/Users/runner/.local/share/alire/builds/adacl_aunit_8.0.0_0347c69c/1b5ac78b131de1b6a77c42dc26ffc494f27b4871cfa4d78b66a7d891a3616353/src/adacl-assert-pointer.ads:85:07: warning: "Exit_Cases" is not a valid aspect identifier [enabled by default]
/Users/runner/.local/share/alire/builds/adacl_aunit_8.0.0_0347c69c/1b5ac78b131de1b6a77c42dc26ffc494f27b4871cfa4d78b66a7d891a3616353/src/adacl-assert-pointer.ads:101:07: warning: "Exit_Cases" is not a valid aspect identifier [enabled by default]
clang: warning: overriding deployment version from '16.0' to '26.0' [-Woverriding-deployment-version]
   [Ada]          adacl-assert.adb
/Users/runner/.local/share/alire/builds/adacl_aunit_8.0.0_0347c69c/1b5ac78b131de1b6a77c42dc26ffc494f27b4871cfa4d78b66a7d891a3616353/src/adacl-assert-fixed.ads:50:07: warning: "Exit_Cases" is not a valid aspect identifier [enabled by default]
/Users/runner/.local/share/alire/builds/adacl_aunit_8.0.0_0347c69c/1b5ac78b131de1b6a77c42dc26ffc494f27b4871cfa4d78b66a7d891a3616353/src/adacl-assert-fixed.ads:68:07: warning: "Exit_Cases" is not a valid aspect identifier [enabled by default]
/Users/runner/.local/share/alire/builds/adacl_aunit_8.0.0_0347c69c/1b5ac78b131de1b6a77c42dc26ffc494f27b4871cfa4d78b66a7d891a3616353/src/adacl-assert-fixed.ads:86:07: warning: "Exit_Cases" is not a valid aspect identifier [enabled by default]
/Users/runner/.local/share/alire/builds/adacl_aunit_8.0.0_0347c69c/1b5ac78b131de1b6a77c42dc26ffc494f27b4871cfa4d78b66a7d891a3616353/src/adacl-assert-fixed.ads:104:07: warning: "Exit_Cases" is not a valid aspect identifier [enabled by default]
/Users/runner/.local/share/alire/builds/adacl_aunit_8.0.0_0347c69c/1b5ac78b131de1b6a77c42dc26ffc494f27b4871cfa4d78b66a7d891a3616353/src/adacl-assert-fixed.ads:122:07: warning: "Exit_Cases" is not a valid aspect identifier [enabled by default]
/Users/runner/.local/share/alire/builds/adacl_aunit_8.0.0_0347c69c/1b5ac78b131de1b6a77c42dc26ffc494f27b4871cfa4d78b66a7d891a3616353/src/adacl-assert-fixed.ads:140:07: warning: "Exit_Cases" is not a valid aspect identifier [enabled by default]
/Users/runner/.local/share/alire/builds/adacl_aunit_8.0.0_0347c69c/1b5ac78b131de1b6a77c42dc26ffc494f27b4871cfa4d78b66a7d891a3616353/src/adacl-assert-fixed.ads:160:07: warning: "Exit_Cases" is not a valid aspect identifier [enabled by default]
clang: warning: overriding deployment version from '16.0' to '26.0' [-Woverriding-deployment-version]
   [Ada]          adacl-test_cases.ads
clang: warning: overriding deployment version from '16.0' to '26.0' [-Woverriding-deployment-version]
   [Ada]          adacl-test_cases-parameters.adb
/Users/runner/.local/share/alire/builds/adacl_aunit_8.0.0_0347c69c/1b5ac78b131de1b6a77c42dc26ffc494f27b4871cfa4d78b66a7d891a3616353/src/adacl-assert.ads:65:07: warning: "Exit_Cases" is not a valid aspect identifier [enabled by default]
/Users/runner/.local/share/alire/builds/adacl_aunit_8.0.0_0347c69c/1b5ac78b131de1b6a77c42dc26ffc494f27b4871cfa4d78b66a7d891a3616353/src/adacl-assert.ads:83:07: warning: "Exit_Cases" is not a valid aspect identifier [enabled by default]
/Users/runner/.local/share/alire/builds/adacl_aunit_8.0.0_0347c69c/1b5ac78b131de1b6a77c42dc26ffc494f27b4871cfa4d78b66a7d891a3616353/src/adacl-assert.ads:101:07: warning: "Exit_Cases" is not a valid aspect identifier [enabled by default]
/Users/runner/.local/share/alire/builds/adacl_aunit_8.0.0_0347c69c/1b5ac78b131de1b6a77c42dc26ffc494f27b4871cfa4d78b66a7d891a3616353/src/adacl-assert.ads:121:07: warning: "Exit_Cases" is not a valid aspect identifier [enabled by default]
/Users/runner/.local/share/alire/builds/adacl_aunit_8.0.0_0347c69c/1b5ac78b131de1b6a77c42dc26ffc494f27b4871cfa4d78b66a7d891a3616353/src/adacl-assert.ads:139:07: warning: "Exit_Cases" is not a valid aspect identifier [enabled by default]
/Users/runner/.local/share/alire/builds/adacl_aunit_8.0.0_0347c69c/1b5ac78b131de1b6a77c42dc26ffc494f27b4871cfa4d78b66a7d891a3616353/src/adacl-assert.ads:157:07: warning: "Exit_Cases" is not a valid aspect identifier [enabled by default]
/Users/runner/.local/share/alire/builds/adacl_aunit_8.0.0_0347c69c/1b5ac78b131de1b6a77c42dc26ffc494f27b4871cfa4d78b66a7d891a3616353/src/adacl-assert.ads:177:07: warning: "Exit_Cases" is not a valid aspect identifier [enabled by default]
/Users/runner/.local/share/alire/builds/adacl_aunit_8.0.0_0347c69c/1b5ac78b131de1b6a77c42dc26ffc494f27b4871cfa4d78b66a7d891a3616353/src/adacl-assert.ads:195:07: warning: "Exit_Cases" is not a valid aspect identifier [enabled by default]
/Users/runner/.local/share/alire/builds/adacl_aunit_8.0.0_0347c69c/1b5ac78b131de1b6a77c42dc26ffc494f27b4871cfa4d78b66a7d891a3616353/src/adacl-assert.ads:213:07: warning: "Exit_Cases" is not a valid aspect identifier [enabled by default]
/Users/runner/.local/share/alire/builds/adacl_aunit_8.0.0_0347c69c/1b5ac78b131de1b6a77c42dc26ffc494f27b4871cfa4d78b66a7d891a3616353/src/adacl-assert.ads:231:07: warning: "Exit_Cases" is not a valid aspect identifier [enabled by default]
/Users/runner/.local/share/alire/builds/adacl_aunit_8.0.0_0347c69c/1b5ac78b131de1b6a77c42dc26ffc494f27b4871cfa4d78b66a7d891a3616353/src/adacl-assert.ads:247:07: warning: "Exit_Cases" is not a valid aspect identifier [enabled by default]
/Users/runner/.local/share/alire/builds/adacl_aunit_8.0.0_0347c69c/1b5ac78b131de1b6a77c42dc26ffc494f27b4871cfa4d78b66a7d891a3616353/src/adacl-assert.ads:267:07: warning: "Exit_Cases" is not a valid aspect identifier [enabled by default]
/Users/runner/.local/share/alire/builds/adacl_aunit_8.0.0_0347c69c/1b5ac78b131de1b6a77c42dc26ffc494f27b4871cfa4d78b66a7d891a3616353/src/adacl-assert.ads:287:07: warning: "Exit_Cases" is not a valid aspect identifier [enabled by default]
/Users/runner/.local/share/alire/builds/adacl_aunit_8.0.0_0347c69c/1b5ac78b131de1b6a77c42dc26ffc494f27b4871cfa4d78b66a7d891a3616353/src/adacl-assert.ads:305:07: warning: "Exit_Cases" is not a valid aspect identifier [enabled by default]
/Users/runner/.local/share/alire/builds/adacl_aunit_8.0.0_0347c69c/1b5ac78b131de1b6a77c42dc26ffc494f27b4871cfa4d78b66a7d891a3616353/src/adacl-assert.ads:323:07: warning: "Exit_Cases" is not a valid aspect identifier [enabled by default]
clang: warning: overriding deployment version from '16.0' to '26.0' [-Woverriding-deployment-version]
   [Ada]          adacl-assert-vectors.adb
/Users/runner/.local/share/alire/builds/adacl_aunit_8.0.0_0347c69c/1b5ac78b131de1b6a77c42dc26ffc494f27b4871cfa4d78b66a7d891a3616353/src/adacl-assert-vectors.ads:58:07: warning: "Exit_Cases" is not a valid aspect identifier [enabled by default]
/Users/runner/.local/share/alire/builds/adacl_aunit_8.0.0_0347c69c/1b5ac78b131de1b6a77c42dc26ffc494f27b4871cfa4d78b66a7d891a3616353/src/adacl-assert-vectors.ads:76:07: warning: "Exit_Cases" is not a valid aspect identifier [enabled by default]
clang: warning: overriding deployment version from '16.0' to '26.0' [-Woverriding-deployment-version]
   [Ada]          adacl-assert-decimal.adb
/Users/runner/.local/share/alire/builds/adacl_aunit_8.0.0_0347c69c/1b5ac78b131de1b6a77c42dc26ffc494f27b4871cfa4d78b66a7d891a3616353/src/adacl-assert-decimal.ads:50:07: warning: "Exit_Cases" is not a valid aspect identifier [enabled by default]
/Users/runner/.local/share/alire/builds/adacl_aunit_8.0.0_0347c69c/1b5ac78b131de1b6a77c42dc26ffc494f27b4871cfa4d78b66a7d891a3616353/src/adacl-assert-decimal.ads:68:07: warning: "Exit_Cases" is not a valid aspect identifier [enabled by default]
/Users/runner/.local/share/alire/builds/adacl_aunit_8.0.0_0347c69c/1b5ac78b131de1b6a77c42dc26ffc494f27b4871cfa4d78b66a7d891a3616353/src/adacl-assert-decimal.ads:86:07: warning: "Exit_Cases" is not a valid aspect identifier [enabled by default]
/Users/runner/.local/share/alire/builds/adacl_aunit_8.0.0_0347c69c/1b5ac78b131de1b6a77c42dc26ffc494f27b4871cfa4d78b66a7d891a3616353/src/adacl-assert-decimal.ads:104:07: warning: "Exit_Cases" is not a valid aspect identifier [enabled by default]
/Users/runner/.local/share/alire/builds/adacl_aunit_8.0.0_0347c69c/1b5ac78b131de1b6a77c42dc26ffc494f27b4871cfa4d78b66a7d891a3616353/src/adacl-assert-decimal.ads:122:07: warning: "Exit_Cases" is not a valid aspect identifier [enabled by default]
/Users/runner/.local/share/alire/builds/adacl_aunit_8.0.0_0347c69c/1b5ac78b131de1b6a77c42dc26ffc494f27b4871cfa4d78b66a7d891a3616353/src/adacl-assert-decimal.ads:140:07: warning: "Exit_Cases" is not a valid aspect identifier [enabled by default]
/Users/runner/.local/share/alire/builds/adacl_aunit_8.0.0_0347c69c/1b5ac78b131de1b6a77c42dc26ffc494f27b4871cfa4d78b66a7d891a3616353/src/adacl-assert-decimal.ads:160:07: warning: "Exit_Cases" is not a valid aspect identifier [enabled by default]
clang: warning: overriding deployment version from '16.0' to '26.0' [-Woverriding-deployment-version]
   [Ada]          adacl-assert-float.adb
clang: warning: overriding deployment version from '16.0' to '26.0' [-Woverriding-deployment-version]
   [Ada]          swiss_micros_test.adb
/Users/runner/.local/share/alire/builds/adacl_aunit_8.0.0_0347c69c/1b5ac78b131de1b6a77c42dc26ffc494f27b4871cfa4d78b66a7d891a3616353/src/adacl-assert-float.ads:51:07: warning: "Exit_Cases" is not a valid aspect identifier [enabled by default]
/Users/runner/.local/share/alire/builds/adacl_aunit_8.0.0_0347c69c/1b5ac78b131de1b6a77c42dc26ffc494f27b4871cfa4d78b66a7d891a3616353/src/adacl-assert-float.ads:69:07: warning: "Exit_Cases" is not a valid aspect identifier [enabled by default]
/Users/runner/.local/share/alire/builds/adacl_aunit_8.0.0_0347c69c/1b5ac78b131de1b6a77c42dc26ffc494f27b4871cfa4d78b66a7d891a3616353/src/adacl-assert-float.ads:87:07: warning: "Exit_Cases" is not a valid aspect identifier [enabled by default]
/Users/runner/.local/share/alire/builds/adacl_aunit_8.0.0_0347c69c/1b5ac78b131de1b6a77c42dc26ffc494f27b4871cfa4d78b66a7d891a3616353/src/adacl-assert-float.ads:105:07: warning: "Exit_Cases" is not a valid aspect identifier [enabled by default]
/Users/runner/.local/share/alire/builds/adacl_aunit_8.0.0_0347c69c/1b5ac78b131de1b6a77c42dc26ffc494f27b4871cfa4d78b66a7d891a3616353/src/adacl-assert-float.ads:123:07: warning: "Exit_Cases" is not a valid aspect identifier [enabled by default]
/Users/runner/.local/share/alire/builds/adacl_aunit_8.0.0_0347c69c/1b5ac78b131de1b6a77c42dc26ffc494f27b4871cfa4d78b66a7d891a3616353/src/adacl-assert-float.ads:141:07: warning: "Exit_Cases" is not a valid aspect identifier [enabled by default]
/Users/runner/.local/share/alire/builds/adacl_aunit_8.0.0_0347c69c/1b5ac78b131de1b6a77c42dc26ffc494f27b4871cfa4d78b66a7d891a3616353/src/adacl-assert-float.ads:161:07: warning: "Exit_Cases" is not a valid aspect identifier [enabled by default]
clang: warning: overriding deployment version from '16.0' to '26.0' [-Woverriding-deployment-version]
   [Ada]          swiss_micros_test-suite.adb
clang: warning: overriding deployment version from '16.0' to '26.0' [-Woverriding-deployment-version]
clang: warning: overriding deployment version from '16.0' to '26.0' [-Woverriding-deployment-version]
clang: warning: overriding deployment version from '16.0' to '26.0' [-Woverriding-deployment-version]
Build Libraries
   [gprlib]       AdaCL_AUnit.lexch
   [archive]      libAdaCL_AUnit.a
   [index]        libAdaCL_AUnit.a
Bind
   [gprbind]      swiss_micros_test-main.bexch
   [Ada]          swiss_micros_test-main.ali
clang: warning: overriding deployment version from '16.0' to '26.0' [-Woverriding-deployment-version]
Link
   [link]         swiss_micros_test-main.adb
Success: Build finished successfully in 25.55 seconds.
dyld[67994]: duplicate LC_RPATH '/Users/runner/.local/share/alire/toolchains/gnat_native_14.2.1_cc5517d6/lib' in /Users/runner/work/alire-crates-ci/alire-crates-ci/test/0b7f04bf-7225-4d2e-a4d9-86e6ead6cb7a/swiss_micros_tools_1.8.11_9336fbdb/test/bin/swiss_micros_test-main
dyld[67994]: duplicate LC_RPATH '/Users/runner/.local/share/alire/toolchains/gnat_native_14.2.1_cc5517d6/lib'
[alr test] Test action exited with error code 1
