Test ran at 2025-08-13 12:38:52.632009+00:00

SOLUTION:
markdown=25.0.0: Markdown parser (draft)
Origin: source archive markdown-25.0.0.zip at https://github.com/adacore/markdown/archive/v25.0.0/markdown-25.0.0.zip with hash sha512:0acbc1c07ba7b21631a19fd568d5e86925e20e9f03fd711b092c726cc3fcf4965563d3825b32e47dd2eae22cb8300c60fad6d160a1a9753c86c1d1f618489b89
Properties:
   Author: AdaCore
   Configuration: no modifiers
   Description: Markdown parser (draft)
   License: Apache-2.0
   Long_Description: The markdown parser is an early stage of development. Just a few element is implemented and API will change in the future.
   Maintainer: Max Reznik <reznik@adacore.com>
   Maintainers_Logins: reznikmm
   Name: markdown
   Project_File: gnat/markdown.gpr
   Tag: markdown
   Tag: gfm
   Tag: commonmark
   Version: 25.0.0
Dependencies (direct):
   vss~25.0.0
Dependencies (solution):
   gnat=15.1.2 (gnat_native)
   vss=25.0.0
Dependencies (graph):
   markdown=25.0.0 --> vss=25.0.0 (~25.0.0)
   vss=25.0.0      --> gnat=15.1.2 (gnat_native) (>=11 & <2000)


LOG:
[alr test] Testing markdown=25.0.0
[alr test] Spawning retrieval for remote crate: alr -d -n get markdown=25.0.0
Note: Deploying markdown=25.0.0...
#=#=#                                                                          
##O#-#                                                                         
##O=#  #                                                                       
#=#=-#  #                                                                      
 #=#=-#   #                                                                    
Note: Deploying vss=25.0.0...
#=#=#                                                                          
##O#-#                                                                         
##O=#  #                                                                       
#=#=-#  #                                                                      
 #=#=-#   #                                                                    
  #=#=- #   #                                                                  
   #=#=- #   #                                                                 

markdown=25.0.0 successfully retrieved.
Dependencies were solved as follows:

   +b gnat 15.1.2 (new,gnat_native,indirect,binary)
   +  vss  25.0.0 (new)
[alr test] Spawning default test for remote crate: alr -d -n build --release -- -cargs:Ada -gnatwn
Note: Building markdown=25.0.0/gnat/markdown.gpr...
Setup
   [mkdir]        object directory for project VSS_GNAT
   [mkdir]        library directory for project VSS_GNAT
   [mkdir]        object directory for project Markdown
   [mkdir]        library directory for project Markdown
Compile
   [Ada]          vss-regular_expressions-engines.adb
   [Ada]          vss-regular_expressions.adb
   [Ada]          vss-regular_expressions-name_sets.adb
   [Ada]          vss-regular_expressions-category_maps.adb
   [Ada]          vss-regular_expressions-ecma_parser.adb
   [Ada]          vss-regular_expressions-utilities.adb
   [Ada]          vss-regular_expressions-pike_engines.adb
   [Ada]          vss-regular_expressions-matches.adb
   [Ada]          a-suvsau.adb
   [Ada]          a-szuvau.adb
   [Ada]          vss-implementation-ucd_core.ads
   [Ada]          vss-implementation-ucd_normalization_utf8.ads
   [Ada]          vss-implementation-ucd_casing_utf8.ads
   [Ada]          vss-implementation-ucd_normalization_common.ads
   [Ada]          vss-string_vectors-internals.adb
   [Ada]          vss-implementation-text_handlers-utf8-dynamic.adb
   [Ada]          vss-strings-cursors-iterators-characters.adb
   [Ada]          vss-strings-templates.adb
   [Ada]          vss-strings-converters-decoders-eucjp.adb
   [Ada]          vss-characters.adb
   [Ada]          vss-strings-cursors-internals.adb
   [Ada]          vss-strings-formatters-strings.adb
   [Ada]          vss-strings-converters-decoders-gb18030-indices.ads
   [Ada]          vss-implementation-fnv_hash.adb
   [Ada]          vss-implementation-ucd_casing.adb
   [Ada]          vss-implementation-line_iterators.adb
   [Ada]          vss-implementation-strings.adb
   [Ada]          vss-strings-converters-encoders.adb
   [Ada]          vss-locales.adb
   [Ada]          vss-strings-formatters-generic_integers.adb
   [Ada]          vss-strings-cursors-markers-internals.adb
   [Ada]          vss-strings-converters-decoders-gb18030.adb
   [Ada]          vss-strings-converters-decoders-utf8.adb
   [Ada]          vss-strings-converters-decoders-iso88592.adb
   [Ada]          vss-strings-cursors-iterators-words.adb
   [Ada]          vss-strings-converters-decoders-iso88591.adb
   [Ada]          vss-strings-converters-decoders-iso88595.adb
   [Ada]          vss-strings-converters-decoders-iso885915.adb
   [Ada]          vss-implementation.ads
   [Ada]          vss-implementation-utf8_normalization.adb
   [Ada]          vss-strings-formatters-generic_modulars.adb
   [Ada]          vss-strings-converters-encoders-utf8.adb
   [Ada]          vss-strings-converters-decoders-iso88596.adb
   [Ada]          vss-strings-converters-decoders-iso88597.adb
   [Ada]          vss-implementation-utf8_casing.adb
   [Ada]          vss-strings-utilities.adb
   [Ada]          vss-strings-converters-decoders-gb18030-ranges.ads
   [Ada]          vss-strings-formatters-generic_enumerations.adb
   [Ada]          vss-strings-converters-decoders-iso88599.adb
   [Ada]          vss-transformers-normalization.adb
   [Ada]          vss-implementation-utf8_encoding.adb
   [Ada]          vss-strings-converters-decoders-eucjp-jis0212.ads
   [Ada]          vss-strings-converters-decoders-iso88598.adb
   [Ada]          vss-strings-cursors-iterators-grapheme_clusters.adb
   [Ada]          vss-strings-converters.adb
   [Ada]          vss-strings-converters-decoders.adb
   [Ada]          vss-strings-hash.adb
   [Ada]          vss-string_vectors.adb
   [Ada]          vss-strings.adb
   [Ada]          vss-transformers-caseless.adb
   [Ada]          vss-strings-cursors-markers.adb
   [Ada]          vss-strings-cursors-iterators-lines.adb
   [Ada]          vss-implementation-character_codes.ads
   [Ada]          vss-strings-converters-decoders-koi8r.adb
   [Ada]          vss-transformers-casing.adb
   [Ada]          vss-strings-converters-decoders-index_jis0208.ads
   [Ada]          vss-strings-cursors.adb
   [Ada]          vss-implementation-text_handlers-utf8-static.adb
   [Ada]          vss-strings-converters-decoders-shiftjis.adb
   [Ada]          vss-implementation-text_handlers-nul.adb
   [Ada]          vss-strings-conversions.adb
   [Ada]          vss-implementation-text_handlers-utf8.adb
   [Ada]          vss-implementation-referrers.adb
   [Ada]          vss-strings-internals.adb
   [Ada]          vss-implementation-text_handlers.adb
   [Ada]          vss-implementation-string_vectors.adb
   [Ada]          vss-strings-formatters.ads
   [Ada]          vss-characters-specials.ads
   [Ada]          vss-characters-latin.ads
   [Ada]          vss-strings-cursors-iterators.ads
   [Ada]          vss-characters-punctuations.ads
   [Ada]          vss-strings-grapheme_cluster_iterators.ads
   [Ada]          vss-strings-markers.ads
   [Ada]          vss-strings-formatters-booleans.ads
   [Ada]          vss-unicode.ads
   [Ada]          vss-strings-word_iterators.ads
   [Ada]          vss.ads
   [Ada]          vss-strings-formatters-integers.ads
   [Ada]          vss-strings-character_iterators.ads
   [Ada]          vss-strings-line_iterators.ads
   [Ada]          vss-transformers.ads
   [Ada]          vss-text_streams-file_output.adb
   [Ada]          vss-text_streams-file_input.adb
   [Ada]          vss-implementation-line_terminator.adb
   [Ada]          vss-stream_element_vectors-internals.adb
   [Ada]          vss-text_streams-memory_utf8_output.adb
   [Ada]          vss-text_streams-memory_utf8_input.adb
   [Ada]          vss-text_streams-standards.adb
   [Ada]          vss-stream_element_vectors.adb
   [Ada]          vss-stream_element_vectors-conversions.adb
   [Ada]          vss-text_streams.ads
   [Ada]          vss-environments.adb
   [Ada]          vss-application.adb
   [Ada]          vss-command_line-parsers.adb
   [Ada]          vss-command_line.adb
   [Ada]          vss-implementation-gcc.ads
   [Ada]          vss-implementation-environment_utilities__posix.adb
   [Ada]          vss-standard_paths__posix.adb
   [Ada]          markdown-implementation-code_spans.adb
   [Ada]          markdown-blocks-internals.adb
   [Ada]          markdown-blocks-thematic_breaks.adb
   [Ada]          markdown-blocks-quotes.adb
   [Ada]          markdown-blocks-tables.adb
   [Ada]          markdown-block_containers.adb
   [Ada]          markdown-implementation-fenced_code_blocks.adb
   [Ada]          markdown-implementation-lists.adb
   [Ada]          markdown-blocks.adb
   [Ada]          markdown-list_items.adb
   [Ada]          markdown-implementation-documents.adb
   [Ada]          markdown-list_items-internals.adb
   [Ada]          markdown-implementation-indented_code_blocks.adb
   [Ada]          markdown-blocks-html.adb
   [Ada]          markdown-parsers-enable_gfm.adb
   [Ada]          markdown-implementation-paragraphs.adb
   [Ada]          markdown-simple_inline_parsers.adb
   [Ada]          markdown-parsers.adb
   [Ada]          markdown-implementation-quotes.adb
   [Ada]          markdown-implementation-auto_links.adb
   [Ada]          markdown-implementation-indented_code_blocks-gnatdoc.adb
   [Ada]          markdown-blocks-lists.adb
   [Ada]          markdown-blocks-fenced_code.adb
   [Ada]          markdown-blocks-atx_headings.adb
   [Ada]          markdown-implementation-paragraphs-tables.adb
   [Ada]          markdown-implementation.adb
   [Ada]          markdown-emphasis_delimiters.adb
   [Ada]          markdown-blocks-indented_code.adb
   [Ada]          markdown-blocks-paragraphs.adb
   [Ada]          markdown-implementation-thematic_breaks.adb
   [Ada]          markdown-implementation-list_items.adb
   [Ada]          markdown-parsers-gnatdoc_enable.adb
   [Ada]          markdown-inline_parsers.adb
   [Ada]          markdown-documents-internals.adb
   [Ada]          markdown-documents.adb
   [Ada]          markdown-implementation-atx_headings.adb
   [Ada]          markdown-implementation-html_blocks.adb
   [Ada]          markdown.ads
   [Ada]          markdown-annotations.ads
Build Libraries
   [gprlib]       vss-gnat.lexch
   [gprlib]       vss.lexch
   [archive]      libvss-gnat.a
   [index]        libvss-gnat.a
   [gprlib]       vss-regexp.lexch
   [archive]      libvss.a
   [index]        libvss.a
   [gprlib]       markdown.lexch
   [archive]      libvss-regexp.a
   [index]        libvss-regexp.a
   [archive]      libmarkdown.a
   [index]        libmarkdown.a
Success: Build finished successfully in 14.66 seconds.
Found declared GPR file: gnat/markdown.gpr
[alr test] Test completed SUCCESSFULLY
