Test ran at 2025-09-03 12:37:57.143973+00:00

SOLUTION:
lvgl_ada_simulator=1.0.0: Native simulator of an LVGL display
Origin: commit 7750e873429279c5f5cc461a578a559251f77a63 from https://github.com/Fabien-Chouteau/lvgl-ada-simulator.git
Properties:
   Author: Fabien Chouteau
   Description: Native simulator of an LVGL display
   License: MIT
   Maintainer: Fabien Chouteau <fabien.chouteau@gmail.com>
   Maintainers_Logins: Fabien-Chouteau
   Name: lvgl_ada_simulator
   Tag: gui
   Tag: lvgl
   Tag: simulator
   Version: 1.0.0
   Website: https://github.com/Fabien-Chouteau/lvgl-ada-simulator
Dependencies (direct):
   asfml^2.5.3
   lvgl_ada^1
Dependencies (solution):
   asfml=2.6.0
   libcsfml=2.6.0
   lvgl_ada=1.0.0
Dependencies (graph):
   asfml=2.6.0              --> libcsfml=2.6.0 (^2.6.0)
   lvgl_ada_simulator=1.0.0 --> asfml=2.6.0 (^2.5.3)
   lvgl_ada_simulator=1.0.0 --> lvgl_ada=1.0.0 (^1)


LOG:
[alr test] Testing lvgl_ada_simulator=1.0.0
[alr test] Spawning retrieval for remote crate: alr -d -n get lvgl_ada_simulator=1.0.0
Note: Deploying lvgl_ada_simulator=1.0.0...
Note: Deploying lvgl_ada=1.0.0...

lvgl_ada_simulator=1.0.0 successfully retrieved.
Dependencies were solved as follows:

   +  asfml    2.6.0 (new)
   +b libcsfml 2.6.0 (new,indirect,system package)
   +  lvgl_ada 1.0.0 (new)
[alr test] Spawning default test for remote crate: alr -d -n build --release -- -cargs:Ada -gnatwn
Warning: Configuration variable 'lvgl_ada.density_per_inch' not set and has no default value.
Warning: Configuration variable 'lvgl_ada.pixel_bit_depth' not set and has no default value.
Warning: Configuration variable 'lvgl_ada.horizontal_resolution' not set and has no default value.
Warning: Configuration variable 'lvgl_ada.vertical_resolution' not set and has no default value.
stderr: Configuration variables without a default remain unset
ERROR: Configuration variables without a default remain unset
