Test ran at 2026-02-10 12:53:54.547245+00:00

SOLUTION:
chipmunk2d=0.1.0: Ada bindings for Chipmunk2D
Origin: commit 3fa66f621c575d7b6f36a1e61ceb1cec15ad6154 from https://github.com/Fabien-Chouteau/chipmunk2D-ada.git
Properties:
   Author: Fabien Chouteau
   Description: Ada bindings for Chipmunk2D
   License: MIT
   Maintainer: Fabien Chouteau <fabien.chouteau@gmail.com>
   Maintainers_Logins: Fabien-Chouteau
   Name: chipmunk2d
   Tag: gamedev
   Tag: binding
   Version: 0.1.0
   Website: 
Dependencies (direct):
   libchipmunk^7.0.3
Dependencies (solution):
   libchipmunk=7.0.3
Dependencies (graph):
   chipmunk2d=0.1.0 --> libchipmunk=7.0.3 (^7.0.3)


LOG:
[alr test] Testing chipmunk2d=0.1.0
[alr test] Spawning retrieval for remote crate: alr -d -n get chipmunk2d=0.1.0
Note: Deploying chipmunk2d=0.1.0...
Note: Deploying libchipmunk=7.0.3...
The system package 'chipmunk' is about to be installed.
This action might require admin privileges and impact your system installation.
Do you want Alire to install this system package?
Using default: Yes
::warning::Treating chipmunk as a formula. For the cask, use homebrew/cask/chipmunk or specify the `--cask` flag. To silence this message, use the `--formula` flag.
[32m==>[0m [1mFetching downloads for: [32mchipmunk-physics[39m[0m
✔︎ Bottle Manifest chipmunk-physics (7.0.3)
✔︎ Bottle chipmunk-physics (7.0.3)
[34m==>[0m [1mPouring chipmunk-physics--7.0.3.arm64_sequoia.bottle.tar.gz[0m
🍺  /opt/homebrew/Cellar/chipmunk-physics/7.0.3: 513 files, 5MB

chipmunk2d=0.1.0 successfully retrieved.
Dependencies were solved as follows:

   +b libchipmunk 7.0.3 (new,system package)
[alr test] Spawning default test for remote crate: alr -d -n build --release -- -cargs:Ada -gnatwn
Note: Building chipmunk2d=0.1.0/chipmunk2d.gpr...
Setup
   [mkdir]        object directory for project Chipmunk2d
   [mkdir]        library directory for project Chipmunk2d
Compile
   [C]            cpfloat_limits.c
   [Ada]          chipmunk2d_config.ads
   [Ada]          chipmunk-simple_motors.ads
   [Ada]          chipmunk-damped_springs.ads
   [Ada]          chipmunk.ads
   [Ada]          chipmunk-bodies.ads
   [Ada]          chipmunk-arbiters.ads
   [Ada]          chipmunk-gear_joints.ads
   [Ada]          chipmunk-polyshapes.ads
   [Ada]          chipmunk-ratchet_joints.ads
   [Ada]          chipmunk-damped_rotary_springs.ads
   [Ada]          chipmunk-spaces.ads
   [Ada]          chipmunk-shapes.ads
   [Ada]          chipmunk-rotary_limit_joints.ads
   [Ada]          chipmunk-slide_joints.ads
   [Ada]          chipmunk-pivot_joints.ads
   [Ada]          chipmunk-groove_joints.ads
   [Ada]          chipmunk-constraints.ads
   [Ada]          chipmunk-pin_joints.ads
Build Libraries
   [gprlib]       Chipmunk2d.lexch
   [archive]      libChipmunk2d.a
   [index]        libChipmunk2d.a
Success: Build finished successfully in 2.31 seconds.
Found declared GPR file: chipmunk2d.gpr
[alr test] Test completed SUCCESSFULLY
