Test ran at 2026-08-25 13:06:01.777703+00:00

SOLUTION:
spawn_glib=26.0.0: A simple library to spawn processes and communicate with them.
Origin: source archive v26.0.0.zip at https://github.com/AdaCore/spawn/archive/refs/tags/v26.0.0.zip with hash sha512:8114896a28acdc55b7caecdda995b99006fa88606abaea2d2c717df5baccd8187e6fc00e6c30e8921fc600e56255fb64a6e1922a3e6be30ee1b957650e2ee9e3
Properties:
   Author: AdaCore
   Configuration: no modifiers
   Description: A simple library to spawn processes and communicate with them.
   GPR Scenario: SPAWN_OS := unix | osx | Windows_NT
   case OS is
      when Linux => GPR External: SPAWN_OS := unix
      when Macos => GPR External: SPAWN_OS := osx
      when Windows => GPR External: SPAWN_OS := Windows_NT
   License: Apache-2.0 WITH LLVM-exception
   Long_Description: This is Glib integrated implementation of a spawn processes interface.
   Maintainer: Vadim Godunko <vgodunko@gmail.com>
   Maintainer: Max Reznik <reznikmm@gmail.com>
   Maintainer: chouteau@adacore.com
   Maintainer: sagaert@adacore.com
   Maintainers_Logins: godunko
   Maintainers_Logins: reznikmm
   Maintainers_Logins: Fabien-Chouteau
   Maintainers_Logins: AldanTanneo
   Name: spawn_glib
   Project_File: gnat/spawn_glib.gpr
   Tag: process
   Tag: launch
   Tag: pipe
   Tag: glib
   Version: 26.0.0
   Website: https://github.com/AdaCore/spawn
Dependencies (direct):
   gtkada>=23
Dependencies (solution):
   gtkada=26.0.0
   libgtk3=3.24.52
   make=4.4.1
   pkg_config=0.29.2
Dependencies (graph):
   gtkada=26.0.0     --> libgtk3=3.24.52 (>=3.24.24)
   gtkada=26.0.0     --> make=4.4.1 (*)
   gtkada=26.0.0     --> pkg_config=0.29.2 (*)
   spawn_glib=26.0.0 --> gtkada=26.0.0 (>=23)


LOG:
[alr test] Testing spawn_glib=26.0.0
[alr test] Spawning retrieval for remote crate: alr -d -n get spawn_glib=26.0.0
Can't find C:\Strawberry\perl\bin\pkg-config on PATH, '.' not in PATH.
Note: Deploying spawn_glib=26.0.0...

#=#=#                                                                          
Note: Deploying libgtk3=3.24.52...
The system package 'mingw-w64-x86_64-gtk3' is about to be installed.
This action might require admin privileges and impact your system installation.
Do you want Alire to install this system package?
Using default: Yes
resolving dependencies...
looking for conflicting packages...
warning: dependency cycle detected:
warning: mingw-w64-x86_64-libwebp will be installed before its mingw-w64-x86_64-libtiff dependency
warning: dependency cycle detected:
warning: mingw-w64-x86_64-harfbuzz will be installed before its mingw-w64-x86_64-freetype dependency

Packages (58) mingw-w64-x86_64-adwaita-icon-theme-50.0-1  mingw-w64-x86_64-adwaita-icon-theme-legacy-46.2-1  mingw-w64-x86_64-atk-2.60.6-1  mingw-w64-x86_64-brotli-1.2.0-1  mingw-w64-x86_64-bzip2-1.0.8-4  mingw-w64-x86_64-cairo-1.18.4-4  mingw-w64-x86_64-egl-headers-1.5.r284.3ae2b7c-1  mingw-w64-x86_64-expat-2.8.3-1  mingw-w64-x86_64-fontconfig-2.18.3-1  mingw-w64-x86_64-freetype-2.14.3-1  mingw-w64-x86_64-fribidi-1.0.16-1  mingw-w64-x86_64-gcc-libs-16.2.0-3  mingw-w64-x86_64-gdk-pixbuf2-2.44.7-1  mingw-w64-x86_64-gettext-runtime-1.0-1  mingw-w64-x86_64-giflib-6.1.3-1  mingw-w64-x86_64-gles-headers-3.2.r1065.7fc154c-1  mingw-w64-x86_64-glib2-2.88.3-1  mingw-w64-x86_64-graphite2-1.3.15-1  mingw-w64-x86_64-gtk-update-icon-cache-3.24.52-1  mingw-w64-x86_64-harfbuzz-14.3.1-1  mingw-w64-x86_64-hicolor-icon-theme-0.18-1  mingw-w64-x86_64-jbigkit-2.1-6  mingw-w64-x86_64-json-glib-1.10.8-2  mingw-w64-x86_64-lerc-4.1.1-1  mingw-w64-x86_64-libb2-0.98.1-3  mingw-w64-x86_64-libdatrie-0.2.14-1  mingw-w64-x86_64-libdeflate-1.26-1  mingw-w64-x86_64-libepoxy-1.5.10-7  mingw-w64-x86_64-libffi-3.8.0-1  mingw-w64-x86_64-libjpeg-turbo-3.2.0-1  mingw-w64-x86_64-libpng-1.6.58-1  mingw-w64-x86_64-librsvg-2.62.3-1  mingw-w64-x86_64-libsystre-1.0.2-2  mingw-w64-x86_64-libthai-0.1.30-1  mingw-w64-x86_64-libtiff-4.7.2-1  mingw-w64-x86_64-libtre-0.9.0-2  mingw-w64-x86_64-libwebp-1.6.0-1  mingw-w64-x86_64-libwinpthread-14.0.0.r302.gd7f3c5201-1  mingw-w64-x86_64-libxml2-2.15.3-1  mingw-w64-x86_64-lzo2-2.10-3  mingw-w64-x86_64-mpdecimal-4.0.1-3  mingw-w64-x86_64-ncurses-6.6-4  mingw-w64-x86_64-openssl-3.6.3-1  mingw-w64-x86_64-pango-1.58.2-1  mingw-w64-x86_64-pcre2-10.47-1  mingw-w64-x86_64-pixman-0.46.4-3  mingw-w64-x86_64-python-3.14.7-1  mingw-w64-x86_64-python-packaging-26.3-1  mingw-w64-x86_64-shared-mime-info-2.5.1-1  mingw-w64-x86_64-sqlite3-3.53.4-1  mingw-w64-x86_64-tcl-8.6.18-1  mingw-w64-x86_64-tk-8.6.18-1  mingw-w64-x86_64-tzdata-2026c-1  mingw-w64-x86_64-wineditline-2.208-1  mingw-w64-x86_64-xz-5.8.3-1  mingw-w64-x86_64-zlib-1.3.2-2  mingw-w64-x86_64-zstd-1.5.7-2  mingw-w64-x86_64-gtk3-3.24.52-1

Total Download Size:   101.88 MiB
Total Installed Size:  746.11 MiB

:: Proceed with installation? [Y/n] 
:: Retrieving packages...
 mingw-w64-x86_64-python-3.14.7-1-any downloading...
 mingw-w64-x86_64-librsvg-2.62.3-1-any downloading...
 mingw-w64-x86_64-gtk3-3.24.52-1-any downloading...
 mingw-w64-x86_64-openssl-3.6.3-1-any downloading...
 mingw-w64-x86_64-glib2-2.88.3-1-any downloading...
 mingw-w64-x86_64-tcl-8.6.18-1-any downloading...
 mingw-w64-x86_64-sqlite3-3.53.4-1-any downloading...
 mingw-w64-x86_64-harfbuzz-14.3.1-1-any downloading...
 mingw-w64-x86_64-adwaita-icon-theme-legacy-46.2-1-any downloading...
 mingw-w64-x86_64-tk-8.6.18-1-any downloading...
 mingw-w64-x86_64-adwaita-icon-theme-50.0-1-any downloading...
 mingw-w64-x86_64-ncurses-6.6-4-any downloading...
 mingw-w64-x86_64-pcre2-10.47-1-any downloading...
 mingw-w64-x86_64-gcc-libs-16.2.0-3-any downloading...
 mingw-w64-x86_64-libxml2-2.15.3-1-any downloading...
 mingw-w64-x86_64-cairo-1.18.4-4-any downloading...
 mingw-w64-x86_64-libepoxy-1.5.10-7-any downloading...
 mingw-w64-x86_64-gdk-pixbuf2-2.44.7-1-any downloading...
 mingw-w64-x86_64-shared-mime-info-2.5.1-1-any downloading...
 mingw-w64-x86_64-libjpeg-turbo-3.2.0-1-any downloading...
 mingw-w64-x86_64-libtiff-4.7.2-1-any downloading...
 mingw-w64-x86_64-pango-1.58.2-1-any downloading...
 mingw-w64-x86_64-zstd-1.5.7-2-any downloading...
 mingw-w64-x86_64-freetype-2.14.3-1-any downloading...
 mingw-w64-x86_64-libwebp-1.6.0-1-any downloading...
 mingw-w64-x86_64-xz-5.8.3-1-any downloading...
 mingw-w64-x86_64-brotli-1.2.0-1-any downloading...
 mingw-w64-x86_64-gettext-runtime-1.0-1-any downloading...
 mingw-w64-x86_64-atk-2.60.6-1-any downloading...
 mingw-w64-x86_64-libpng-1.6.58-1-any downloading...
 mingw-w64-x86_64-pixman-0.46.4-3-any downloading...
 mingw-w64-x86_64-lerc-4.1.1-1-any downloading...
 mingw-w64-x86_64-fontconfig-2.18.3-1-any downloading...
 mingw-w64-x86_64-python-packaging-26.3-1-any downloading...
 mingw-w64-x86_64-tzdata-2026c-1-any downloading...
 mingw-w64-x86_64-libthai-0.1.30-1-any downloading...
 mingw-w64-x86_64-json-glib-1.10.8-2-any downloading...
 mingw-w64-x86_64-expat-2.8.3-1-any downloading...
 mingw-w64-x86_64-mpdecimal-4.0.1-3-any downloading...
 mingw-w64-x86_64-graphite2-1.3.15-1-any downloading...
 mingw-w64-x86_64-giflib-6.1.3-1-any downloading...
 mingw-w64-x86_64-zlib-1.3.2-2-any downloading...
 mingw-w64-x86_64-jbigkit-2.1-6-any downloading...
 mingw-w64-x86_64-lzo2-2.10-3-any downloading...
 mingw-w64-x86_64-bzip2-1.0.8-4-any downloading...
 mingw-w64-x86_64-libdeflate-1.26-1-any downloading...
 mingw-w64-x86_64-fribidi-1.0.16-1-any downloading...
 mingw-w64-x86_64-libtre-0.9.0-2-any downloading...
 mingw-w64-x86_64-libdatrie-0.2.14-1-any downloading...
 mingw-w64-x86_64-wineditline-2.208-1-any downloading...
 mingw-w64-x86_64-gles-headers-3.2.r1065.7fc154c-1-any downloading...
 mingw-w64-x86_64-libffi-3.8.0-1-any downloading...
 mingw-w64-x86_64-libwinpthread-14.0.0.r302.gd7f3c5201-1-any downloading...
 mingw-w64-x86_64-gtk-update-icon-cache-3.24.52-1-any downloading...
 mingw-w64-x86_64-libb2-0.98.1-3-any downloading...
 mingw-w64-x86_64-hicolor-icon-theme-0.18-1-any downloading...
 mingw-w64-x86_64-egl-headers-1.5.r284.3ae2b7c-1-any downloading...
 mingw-w64-x86_64-libsystre-1.0.2-2-any downloading...
checking keyring...
checking package integrity...
loading package files...
checking for file conflicts...
checking available disk space...
:: Processing package changes...
installing mingw-w64-x86_64-libwinpthread...
installing mingw-w64-x86_64-tzdata...
installing mingw-w64-x86_64-gcc-libs...
installing mingw-w64-x86_64-hicolor-icon-theme...
installing mingw-w64-x86_64-gettext-runtime...
installing mingw-w64-x86_64-libffi...
installing mingw-w64-x86_64-bzip2...
installing mingw-w64-x86_64-wineditline...
installing mingw-w64-x86_64-zlib...
installing mingw-w64-x86_64-pcre2...
installing mingw-w64-x86_64-expat...
installing mingw-w64-x86_64-mpdecimal...
installing mingw-w64-x86_64-libtre...
installing mingw-w64-x86_64-libsystre...
installing mingw-w64-x86_64-ncurses...
installing mingw-w64-x86_64-openssl...
Optional dependencies for mingw-w64-x86_64-openssl
    mingw-w64-x86_64-ca-certificates
installing mingw-w64-x86_64-tcl...
installing mingw-w64-x86_64-sqlite3...
installing mingw-w64-x86_64-tk...
installing mingw-w64-x86_64-libb2...
installing mingw-w64-x86_64-xz...
installing mingw-w64-x86_64-python...
installing mingw-w64-x86_64-python-packaging...
installing mingw-w64-x86_64-glib2...
installing mingw-w64-x86_64-libjpeg-turbo...
installing mingw-w64-x86_64-libpng...
installing mingw-w64-x86_64-jbigkit...
installing mingw-w64-x86_64-lerc...
installing mingw-w64-x86_64-libdeflate...
installing mingw-w64-x86_64-giflib...
installing mingw-w64-x86_64-libwebp...
installing mingw-w64-x86_64-zstd...
installing mingw-w64-x86_64-libtiff...
installing mingw-w64-x86_64-gdk-pixbuf2...
Optional dependencies for mingw-w64-x86_64-gdk-pixbuf2
    mingw-w64-x86_64-libwmf: Load .wmf and .apm
    mingw-w64-x86_64-libavif: Load .avif
    mingw-w64-x86_64-libheif: Load .heif, .heic, and .avif
    mingw-w64-x86_64-libjxl: Load .jxl
    mingw-w64-x86_64-librsvg: Load .svg, .svgz, and .svg.gz [pending]
    mingw-w64-x86_64-webp-pixbuf-loader: Load .webp
installing mingw-w64-x86_64-brotli...
installing mingw-w64-x86_64-graphite2...
installing mingw-w64-x86_64-harfbuzz...
installing mingw-w64-x86_64-freetype...
installing mingw-w64-x86_64-fontconfig...
updating font cache... done.
installing mingw-w64-x86_64-lzo2...
installing mingw-w64-x86_64-pixman...
installing mingw-w64-x86_64-cairo...
installing mingw-w64-x86_64-libxml2...
Optional dependencies for mingw-w64-x86_64-libxml2
    mingw-w64-x86_64-python: Python bindings [installed]
installing mingw-w64-x86_64-fribidi...
installing mingw-w64-x86_64-libdatrie...
Optional dependencies for mingw-w64-x86_64-libdatrie
    mingw-w64-x86_64-libdatrie-docs: Documentation
installing mingw-w64-x86_64-libthai...
Optional dependencies for mingw-w64-x86_64-libthai
    mingw-w64-x86_64-libthai-docs: Documentation
installing mingw-w64-x86_64-pango...
installing mingw-w64-x86_64-librsvg...
Optional dependencies for mingw-w64-x86_64-librsvg
    mingw-w64-x86_64-gtk3: for rsvg-view-3 [pending]
installing mingw-w64-x86_64-gtk-update-icon-cache...
installing mingw-w64-x86_64-adwaita-icon-theme-legacy...
installing mingw-w64-x86_64-adwaita-icon-theme...
installing mingw-w64-x86_64-atk...
installing mingw-w64-x86_64-json-glib...
installing mingw-w64-x86_64-egl-headers...
installing mingw-w64-x86_64-gles-headers...
installing mingw-w64-x86_64-libepoxy...
installing mingw-w64-x86_64-shared-mime-info...
installing mingw-w64-x86_64-gtk3...
:: Running post-transaction hooks...
(1/5) Updating fontconfig cache...
(2/5) Probing GDK-Pixbuf loader modules...
(3/5) Compiling GSettings XML schema files...
(4/5) Updating icon theme caches...
(5/5) Updating the MIME type database...

Note that 'C:/Users/runneradmin/AppData/Local/alire/cache/msys64/mingw64/share' is not in the search path
set by the XDG_DATA_HOME and XDG_DATA_DIRS
environment variables, so applications may not
be able to find it until you set them. The
directories currently searched are:

- C:\Users\runneradmin\.local\share
- /usr/local/share/
- /usr/share/

Note: Deploying pkg_config=0.29.2...
The system package 'mingw-w64-x86_64-pkg-config' is about to be installed.
This action might require admin privileges and impact your system installation.
Do you want Alire to install this system package?
Using default: Yes
resolving dependencies...
looking for conflicting packages...

Packages (1) mingw-w64-x86_64-pkg-config-0.29.2-6

Total Download Size:   0.25 MiB
Total Installed Size:  0.68 MiB

:: Proceed with installation? [Y/n] 
:: Retrieving packages...
 mingw-w64-x86_64-pkg-config-0.29.2-6-any downloading...
checking keyring...
checking package integrity...
loading package files...
checking for file conflicts...
checking available disk space...
:: Processing package changes...
installing mingw-w64-x86_64-pkg-config...
Note: Deploying gtkada=26.0.0...

#=#=#                                                                          
##O#-#                                                                         
##=O#- #                                                                       
# #=O#- #                                                                      
 # #=O#-  #                                                                    
  # #=O=#   #                                                                  
   # #=O=#   #                                                                 
    # -#O=-#   #                                                               

spawn_glib=26.0.0 successfully retrieved.
Dependencies were solved as follows:

   +  gtkada     26.0.0  (new)
   +b libgtk3    3.24.52 (new,indirect,system package)
   +b make       4.4.1   (new,indirect,system package)
   +b pkg_config 0.29.2  (new,indirect,system package)
[alr test] Spawning default test for remote crate: alr -d -n build --release -- -cargs:Ada -gnatwn
Note: Running post-fetch actions for gtkada=26.0.0...
configure: loading site script /usr/local/etc/config.site
checking build system type... x86_64-pc-mingw64
checking host system type... x86_64-pc-mingw64
checking target system type... x86_64-pc-mingw64
checking for pkg-config... /mingw64/bin/pkg-config
checking pkg-config is at least version 0.9.0... yes
checking for gcc... gcc
checking whether the C compiler works... yes
checking for C compiler default output file name... a.exe
checking for suffix of executables... .exe
checking whether we are cross compiling... no
checking for suffix of object files... o
checking whether we are using the GNU C compiler... yes
checking whether gcc accepts -g... yes
checking for gcc option to accept ISO C89... none needed
checking for gprbuild... /c/Users/runneradmin/AppData/Local/alire/cache/toolchains/gprbuild_26.0.1_68a6817f/bin/gprbuild
checking for gprinstall... /c/Users/runneradmin/AppData/Local/alire/cache/toolchains/gprbuild_26.0.1_68a6817f/bin/gprinstall
checking that your gnat compiler works with a simple example... yes
checking whether NLS is requested... yes
checking for gettext in libc... no
checking for bindtextdomain in -lintl... yes
checking for gettext in libintl... checking for gettext in -lintl... yes
yes
checking for GTK... yes
checking for pkg-config... (cached) /mingw64/bin/pkg-config
checking pkg-config is at least version 0.16... yes
checking for GTK+ - version >= 3.24.24... yes (version 3.24.52)
checking for GMODULE... yes
checking for FONTCONFIG... yes
configure: creating ./config.status
config.status: creating Makefile
config.status: creating gtkada_shared.gpr
config.status: creating po/Makefile
config.status: creating docs/gtkada_rm/html/static/index.html
configure: --------- Summary for Gtkada 18.0w -----------------
configure:   Shared libraries:       yes (default: static)
configure: --------------------------------------------
gnatprep -DGETTEXT_INTL=True -DHAVE_GETTEXT=True src/gtkada-intl.gpb src/gtkada-intl.adb
Note: Building spawn_glib=26.0.0/gnat/spawn_glib.gpr...
"C:\Users\runneradmin\AppData\Local\alire\cache\builds\gtkada_26.0.0_489d17d3\9c35c42707f626e4da78aacf6c39f2cb3e5ab17bf69247e56de60936a17a22e8\src\obj\gtkada\relocatable" created
"C:\Users\runneradmin\AppData\Local\alire\cache\builds\gtkada_26.0.0_489d17d3\9c35c42707f626e4da78aacf6c39f2cb3e5ab17bf69247e56de60936a17a22e8\src\lib\gtkada\relocatable" created
"..\.obj\spawn_glib\static" created
"..\.libs\spawn_glib\static" created
spawn-internal-monitor-osx_initialize.adb: warning: unit name "SPAWN.INTERNAL.MONITOR" does not match source name. The source will be ignored.
spawn-internal-monitor-unix_initialize.adb: warning: unit name "SPAWN.INTERNAL.MONITOR" does not match source name. The source will be ignored.
spawn_glib.gpr:28:30: warning: there are no sources of language "c" in this project
[Ada Compile]     cairo-font_face.ads
[Ada Compile]     cairo-font_options.adb
[Ada Compile]     cairo-image_surface.adb
[Ada Compile]     cairo-matrix.ads
[Ada Compile]     cairo-pattern.ads
[Ada Compile]     cairo-pdf.adb
[Ada Compile]     cairo-png.adb
[Ada Compile]     cairo-region.adb
[Ada Compile]     cairo-scaled_font.ads
[Ada Compile]     cairo-surface.adb
[Ada Compile]     cairo-svg.adb
[Ada Compile]     cairo.adb
[Ada Compile]     fontconfig.adb
[Ada Compile]     gdk-cairo.adb
[Ada Compile]     gdk-color.adb
[Ada Compile]     gdk-cursor.adb
[Ada Compile]     gdk-device.adb
[Ada Compile]     gdk-device_manager.adb
[Ada Compile]     gdk-device_tool.adb
[Ada Compile]     gdk-display.adb
[Ada Compile]     gdk-display_manager.adb
[Ada Compile]     gdk-dnd.adb
[Ada Compile]     gdk-drag_contexts.adb
[Ada Compile]     gdk-drawing_context.adb
[Ada Compile]     gdk-event.adb
[Ada Compile]     gdk-frame_clock.adb
[Ada Compile]     gdk-frame_timings.adb
[Ada Compile]     gdk-glcontext.adb
[Ada Compile]     gdk-input.ads
[Ada Compile]     gdk-keyval.adb
[Ada Compile]     gdk-main.adb
[Ada Compile]     gdk-monitor.adb
[Ada Compile]     gdk-pixbuf.adb
[Ada Compile]     gdk-property.adb
[Ada Compile]     gdk-rectangle.adb
[Ada Compile]     gdk-rgba.adb
[Ada Compile]     gdk-screen.adb
[Ada Compile]     gdk-seat.adb
[Ada Compile]     gdk-threads.ads
[Ada Compile]     gdk-types-keysyms.ads
[Ada Compile]     gdk-types.ads
[Ada Compile]     gdk-visual.adb
[Ada Compile]     gdk-window.adb
[Ada Compile]     gdk-window_attr.adb
[Ada Compile]     gdk.ads
[Ada Compile]     glib-action.adb
[Ada Compile]     glib-action_group.adb
[Ada Compile]     glib-action_map.adb
[Ada Compile]     glib-application.adb
[Ada Compile]     glib-cancellable.adb
[Ada Compile]     glib-convert.adb
[Ada Compile]     glib-enums.ads
[Ada Compile]     glib-error.adb
[Ada Compile]     glib-g_icon.adb
[Ada Compile]     glib-generic_properties.adb
[Ada Compile]     glib-glist.adb
[Ada Compile]     glib-gnodes.adb
[Ada Compile]     glib-graphs-layouts.adb
[Ada Compile]     glib-graphs.adb
[Ada Compile]     glib-gslist.adb
[Ada Compile]     glib-iochannel.adb
[Ada Compile]     glib-key_file.adb
[Ada Compile]     glib-list_model.adb
[Ada Compile]     glib-main.adb
[Ada Compile]     glib-menu.adb
[Ada Compile]     glib-menu_model.adb
[Ada Compile]     glib-messages.adb
[Ada Compile]     glib-module.adb
[Ada Compile]     glib-notification.adb
[Ada Compile]     glib-object.adb
[Ada Compile]     glib-option.adb
[Ada Compile]     glib-poll.adb
[Ada Compile]     glib-properties-creation.adb
[Ada Compile]     glib-properties.adb
[Ada Compile]     glib-simple_action.adb
[Ada Compile]     glib-simple_action_group.adb
[Ada Compile]     glib-spawn.adb
[Ada Compile]     glib-string.adb
[Ada Compile]     glib-type_conversion_hooks.adb
[Ada Compile]     glib-types.adb
[Ada Compile]     glib-unicode.adb
[Ada Compile]     glib-utils.adb
[Ada Compile]     glib-values.adb
[Ada Compile]     glib-variant.adb
[Ada Compile]     glib-xml.adb
[Ada Compile]     glib-xml_int.ads
[Ada Compile]     glib.adb
[Ada Compile]     gtk-about_dialog.adb
[Ada Compile]     gtk-accel_group.adb
[Ada Compile]     gtk-accel_label.adb
[Ada Compile]     gtk-accel_map.adb
[Ada Compile]     gtk-action.adb
[Ada Compile]     gtk-action_bar.adb
[Ada Compile]     gtk-action_group.adb
[Ada Compile]     gtk-actionable.adb
[Ada Compile]     gtk-activatable.adb
[Ada Compile]     gtk-adjustment.adb
[Ada Compile]     gtk-alignment.adb
[Ada Compile]     gtk-application.adb
[Ada Compile]     gtk-application_window.adb
[Ada Compile]     gtk-arguments.adb
[Ada Compile]     gtk-arrow.adb
[Ada Compile]     gtk-aspect_frame.adb
[Ada Compile]     gtk-assistant.adb
[Ada Compile]     gtk-bin.adb
[Ada Compile]     gtk-binding_set.adb
[Ada Compile]     gtk-bindings.adb
[Ada Compile]     gtk-box.adb
[Ada Compile]     gtk-buildable.adb
[Ada Compile]     gtk-builder.adb
[Ada Compile]     gtk-button.adb
[Ada Compile]     gtk-button_box.adb
[Ada Compile]     gtk-calendar.adb
[Ada Compile]     gtk-cell_area.adb
[Ada Compile]     gtk-cell_area_box.adb
[Ada Compile]     gtk-cell_area_context.adb
[Ada Compile]     gtk-cell_editable.adb
[Ada Compile]     gtk-cell_layout.adb
[Ada Compile]     gtk-cell_renderer.adb
[Ada Compile]     gtk-cell_renderer_accel.adb
[Ada Compile]     gtk-cell_renderer_combo.adb
[Ada Compile]     gtk-cell_renderer_pixbuf.adb
[Ada Compile]     gtk-cell_renderer_progress.adb
[Ada Compile]     gtk-cell_renderer_spin.adb
[Ada Compile]     gtk-cell_renderer_spinner.adb
[Ada Compile]     gtk-cell_renderer_text.adb
[Ada Compile]     gtk-cell_renderer_toggle.adb
[Ada Compile]     gtk-cell_view.adb
[Ada Compile]     gtk-check_button.adb
[Ada Compile]     gtk-check_menu_item.adb
[Ada Compile]     gtk-clipboard.adb
[Ada Compile]     gtk-color_button.adb
[Ada Compile]     gtk-color_chooser.adb
[Ada Compile]     gtk-color_chooser_dialog.adb
[Ada Compile]     gtk-color_chooser_widget.adb
[Ada Compile]     gtk-color_selection.adb
[Ada Compile]     gtk-color_selection_dialog.adb
[Ada Compile]     gtk-combo_box.adb
[Ada Compile]     gtk-combo_box_text.adb
[Ada Compile]     gtk-container.adb
[Ada Compile]     gtk-css_provider.adb
[Ada Compile]     gtk-css_section.adb
[Ada Compile]     gtk-dialog.adb
[Ada Compile]     gtk-dnd.adb
[Ada Compile]     gtk-drawing_area.adb
[Ada Compile]     gtk-editable.adb
[Ada Compile]     gtk-entry_buffer.adb
[Ada Compile]     gtk-entry_completion.adb
[Ada Compile]     gtk-enums.adb
[Ada Compile]     gtk-event_box.adb
[Ada Compile]     gtk-event_controller.adb
[Ada Compile]     gtk-expander.adb
[Ada Compile]     gtk-file_chooser.adb
gtk-enums.adb:38:04: warning: possible aliasing problem for type "Chars_Ptr" [enabled by default]
gtk-enums.adb:38:04: warning: use -fno-strict-aliasing switch for references [enabled by default]
gtk-enums.adb:38:04: warning: or use "pragma No_Strict_Aliasing (Chars_Ptr);" [enabled by default]
[Ada Compile]     gtk-file_chooser_button.adb
[Ada Compile]     gtk-file_chooser_dialog.adb
[Ada Compile]     gtk-file_chooser_widget.adb
[Ada Compile]     gtk-file_filter.adb
[Ada Compile]     gtk-fixed.adb
[Ada Compile]     gtk-flow_box.adb
[Ada Compile]     gtk-flow_box_child.adb
[Ada Compile]     gtk-font_button.adb
[Ada Compile]     gtk-font_chooser.adb
[Ada Compile]     gtk-font_chooser_dialog.adb
[Ada Compile]     gtk-font_chooser_widget.adb
[Ada Compile]     gtk-font_selection.adb
[Ada Compile]     gtk-font_selection_dialog.adb
[Ada Compile]     gtk-frame.adb
[Ada Compile]     gtk-gentry.adb
[Ada Compile]     gtk-gesture.adb
[Ada Compile]     gtk-gesture_drag.adb
[Ada Compile]     gtk-gesture_long_press.adb
[Ada Compile]     gtk-gesture_multi_press.adb
[Ada Compile]     gtk-gesture_pan.adb
[Ada Compile]     gtk-gesture_rotate.adb
[Ada Compile]     gtk-gesture_single.adb
[Ada Compile]     gtk-gesture_swipe.adb
[Ada Compile]     gtk-gesture_zoom.adb
[Ada Compile]     gtk-glarea.adb
[Ada Compile]     gtk-gradient.adb
[Ada Compile]     gtk-grange.adb
[Ada Compile]     gtk-grid.adb
[Ada Compile]     gtk-handle_box.adb
[Ada Compile]     gtk-handlers.adb
[Ada Compile]     gtk-hbutton_box.adb
[Ada Compile]     gtk-header_bar.adb
[Ada Compile]     gtk-hsv.adb
[Ada Compile]     gtk-icon_factory.adb
[Ada Compile]     gtk-icon_set.adb
[Ada Compile]     gtk-icon_source.adb
[Ada Compile]     gtk-icon_theme.adb
[Ada Compile]     gtk-icon_view.adb
[Ada Compile]     gtk-im_context.adb
[Ada Compile]     gtk-im_context_simple.adb
[Ada Compile]     gtk-im_multi_context.adb
[Ada Compile]     gtk-image.adb
[Ada Compile]     gtk-image_menu_item.adb
[Ada Compile]     gtk-info_bar.adb
[Ada Compile]     gtk-invisible.adb
[Ada Compile]     gtk-label.adb
[Ada Compile]     gtk-layout.adb
[Ada Compile]     gtk-level_bar.adb
[Ada Compile]     gtk-link_button.adb
[Ada Compile]     gtk-list_box.adb
[Ada Compile]     gtk-list_box_row.adb
[Ada Compile]     gtk-list_store.adb
[Ada Compile]     gtk-main.adb
[Ada Compile]     gtk-marshallers.adb
[Ada Compile]     gtk-menu.adb
[Ada Compile]     gtk-menu_bar.adb
[Ada Compile]     gtk-menu_button.adb
[Ada Compile]     gtk-menu_item.adb
[Ada Compile]     gtk-menu_shell.adb
[Ada Compile]     gtk-menu_tool_button.adb
[Ada Compile]     gtk-message_dialog.adb
[Ada Compile]     gtk-misc.adb
[Ada Compile]     gtk-notebook.adb
[Ada Compile]     gtk-offscreen_window.adb
[Ada Compile]     gtk-orientable.adb
[Ada Compile]     gtk-overlay.adb
[Ada Compile]     gtk-page_setup.adb
[Ada Compile]     gtk-paned.adb
[Ada Compile]     gtk-paper_size.adb
[Ada Compile]     gtk-popover.adb
[Ada Compile]     gtk-print_context.adb
[Ada Compile]     gtk-print_operation.adb
[Ada Compile]     gtk-print_operation_preview.adb
[Ada Compile]     gtk-print_settings.adb
[Ada Compile]     gtk-progress_bar.adb
[Ada Compile]     gtk-radio_action.adb
[Ada Compile]     gtk-radio_button.adb
[Ada Compile]     gtk-radio_menu_item.adb
[Ada Compile]     gtk-radio_tool_button.adb
[Ada Compile]     gtk-rc.adb
[Ada Compile]     gtk-recent_action.adb
[Ada Compile]     gtk-recent_chooser.adb
[Ada Compile]     gtk-recent_chooser_dialog.adb
[Ada Compile]     gtk-recent_chooser_menu.adb
[Ada Compile]     gtk-recent_chooser_widget.adb
[Ada Compile]     gtk-recent_filter.adb
[Ada Compile]     gtk-recent_info.adb
[Ada Compile]     gtk-recent_manager.adb
[Ada Compile]     gtk-revealer.adb
[Ada Compile]     gtk-scale.adb
[Ada Compile]     gtk-scale_button.adb
[Ada Compile]     gtk-scrollable.adb
[Ada Compile]     gtk-scrollbar.adb
[Ada Compile]     gtk-scrolled_window.adb
[Ada Compile]     gtk-search_bar.adb
[Ada Compile]     gtk-search_entry.adb
[Ada Compile]     gtk-selection_data.adb
[Ada Compile]     gtk-separator.adb
[Ada Compile]     gtk-separator_menu_item.adb
[Ada Compile]     gtk-separator_tool_item.adb
[Ada Compile]     gtk-settings.adb
[Ada Compile]     gtk-shortcuts_window.adb
[Ada Compile]     gtk-size_group.adb
[Ada Compile]     gtk-spin_button.adb
[Ada Compile]     gtk-spinner.adb
[Ada Compile]     gtk-stack.adb
[Ada Compile]     gtk-stack_switcher.adb
[Ada Compile]     gtk-status_bar.adb
[Ada Compile]     gtk-status_icon.adb
[Ada Compile]     gtk-stock.adb
[Ada Compile]     gtk-style.adb
[Ada Compile]     gtk-style_context.adb
[Ada Compile]     gtk-style_properties.adb
[Ada Compile]     gtk-style_provider.adb
[Ada Compile]     gtk-switch.adb
[Ada Compile]     gtk-symbolic_color.adb
[Ada Compile]     gtk-table.adb
[Ada Compile]     gtk-target_entry.adb
[Ada Compile]     gtk-target_list.adb
[Ada Compile]     gtk-tearoff_menu_item.adb
[Ada Compile]     gtk-text_attributes.adb
[Ada Compile]     gtk-text_buffer.adb
[Ada Compile]     gtk-text_child.adb
[Ada Compile]     gtk-text_child_anchor.adb
[Ada Compile]     gtk-text_iter.adb
[Ada Compile]     gtk-text_mark.adb
[Ada Compile]     gtk-text_tag.adb
[Ada Compile]     gtk-text_tag_table.adb
[Ada Compile]     gtk-text_view.adb
[Ada Compile]     gtk-theming_engine.adb
[Ada Compile]     gtk-toggle_action.adb
[Ada Compile]     gtk-toggle_button.adb
[Ada Compile]     gtk-toggle_tool_button.adb
[Ada Compile]     gtk-tool_button.adb
[Ada Compile]     gtk-tool_item.adb
[Ada Compile]     gtk-tool_item_group.adb
[Ada Compile]     gtk-tool_palette.adb
[Ada Compile]     gtk-tool_shell.adb
[Ada Compile]     gtk-toolbar.adb
[Ada Compile]     gtk-tooltip.adb
[Ada Compile]     gtk-tree_drag_dest.adb
[Ada Compile]     gtk-tree_drag_source.adb
[Ada Compile]     gtk-tree_model-utils.adb
[Ada Compile]     gtk-tree_model.adb
[Ada Compile]     gtk-tree_model_filter.adb
[Ada Compile]     gtk-tree_model_sort.adb
[Ada Compile]     gtk-tree_row_reference.adb
[Ada Compile]     gtk-tree_selection.adb
[Ada Compile]     gtk-tree_sortable.adb
[Ada Compile]     gtk-tree_store.adb
[Ada Compile]     gtk-tree_view.adb
[Ada Compile]     gtk-tree_view_column.adb
[Ada Compile]     gtk-type_conversion.adb
[Ada Compile]     gtk-ui_manager.adb
[Ada Compile]     gtk-vbutton_box.adb
[Ada Compile]     gtk-viewport.adb
[Ada Compile]     gtk-volume_button.adb
[Ada Compile]     gtk-widget.adb
[Ada Compile]     gtk-window.adb
[Ada Compile]     gtk.ads
[Ada Compile]     gtkada-abstract_list_model.adb
[Ada Compile]     gtkada-abstract_tree_model.adb
[Ada Compile]     gtkada-application.adb
[Ada Compile]     gtkada-bindings.adb
[Ada Compile]     gtkada-builder.adb
[Ada Compile]     gtkada-c.adb
[Ada Compile]     gtkada-canvas.adb
[Ada Compile]     gtkada-canvas_view-astar.adb
[Ada Compile]     gtkada-canvas_view-links.adb
[Ada Compile]     gtkada-canvas_view-models-layers.adb
[Ada Compile]     gtkada-canvas_view-models.adb
[Ada Compile]     gtkada-canvas_view-objects.adb
[Ada Compile]     gtkada-canvas_view-rtrees.adb
[Ada Compile]     gtkada-canvas_view-views.adb
[Ada Compile]     gtkada-canvas_view.adb
[Ada Compile]     gtkada-dialogs.adb
[Ada Compile]     gtkada-file_selection.adb
[Ada Compile]     gtkada-handlers.ads
[Ada Compile]     gtkada-intl.adb
[Ada Compile]     gtkada-mdi.adb
[Ada Compile]     gtkada-multi_paned.adb
[Ada Compile]     gtkada-multiline_entry.adb
[Ada Compile]     gtkada-pixmaps.ads
[Ada Compile]     gtkada-printing.adb
[Ada Compile]     gtkada-stock_icons.ads
[Ada Compile]     gtkada-stock_labels.ads
[Ada Compile]     gtkada-style.adb
[Ada Compile]     gtkada-types.adb
[Ada Compile]     gtkada.ads
[Ada Compile]     pango-attributes.adb
[Ada Compile]     pango-cairo.adb
[Ada Compile]     pango-context.adb
[Ada Compile]     pango-coverage.adb
[Ada Compile]     pango-enums.adb
[Ada Compile]     pango-font.adb
[Ada Compile]     pango-font_face.adb
[Ada Compile]     pango-font_family.adb
[Ada Compile]     pango-font_map.adb
[Ada Compile]     pango-font_metrics.adb
[Ada Compile]     pango-fontset.adb
[Ada Compile]     pango-language.adb
[Ada Compile]     pango-layout.adb
[Ada Compile]     pango-matrix.adb
[Ada Compile]     pango-tabs.adb
[Ada Compile]     pango.ads
[C Compile]       misc.c
[C Compile]       misc_generated.c
[Ada Compile]     spawn-common.adb
[Ada Compile]     spawn-environments-internal__windows.adb
[Ada Compile]     spawn-environments.adb
[Ada Compile]     spawn-internal-windows.adb
[Ada Compile]     spawn-internal__glib_windows.adb
C:\Users\runneradmin\AppData\Local\alire\cache\builds\gtkada_26.0.0_489d17d3\9c35c42707f626e4da78aacf6c39f2cb3e5ab17bf69247e56de60936a17a22e8\src\misc.c: In function 'ada_gdk_pixbuf_animation_new_from_file':
C:\Users\runneradmin\AppData\Local\alire\cache\builds\gtkada_26.0.0_489d17d3\9c35c42707f626e4da78aacf6c39f2cb3e5ab17bf69247e56de60936a17a22e8\src\misc.c:100:3: warning: 'gdk_pixbuf_animation_new_from_file_utf8' is deprecated [-Wdeprecated-declarations]
  100 |   return gdk_pixbuf_animation_new_from_file_utf8 (filename, error);
      |   ^~~~~~
In file included from C:/Users/runneradmin/AppData/Local/alire/cache/msys64/mingw64/include/gdk-pixbuf-2.0/gdk-pixbuf/gdk-pixbuf.h:36,
                 from C:/Users/runneradmin/AppData/Local/alire/cache/msys64/mingw64/include/gtk-3.0/gdk/gdkpixbuf.h:33,
                 from C:/Users/runneradmin/AppData/Local/alire/cache/msys64/mingw64/include/gtk-3.0/gdk/gdkcairo.h:29,
                 from C:/Users/runneradmin/AppData/Local/alire/cache/msys64/mingw64/include/gtk-3.0/gdk/gdk.h:33,
                 from C:\Users\runneradmin\AppData\Local\alire\cache\builds\gtkada_26.0.0_489d17d3\9c35c42707f626e4da78aacf6c39f2cb3e5ab17bf69247e56de60936a17a22e8\src\misc.c:38:
C:/Users/runneradmin/AppData/Local/alire/cache/msys64/mingw64/include/gdk-pixbuf-2.0/gdk-pixbuf/gdk-pixbuf-animation.h:58:21: note: declared here
   58 | GdkPixbufAnimation *gdk_pixbuf_animation_new_from_file_utf8   (const char         *filename,
      |                     ^~~~~~~~~~~~~~~~~~~~~~~~~~~~~~~~~~~~~~~
C:\Users\runneradmin\AppData\Local\alire\cache\builds\gtkada_26.0.0_489d17d3\9c35c42707f626e4da78aacf6c39f2cb3e5ab17bf69247e56de60936a17a22e8\src\misc.c: In function 'ada_gdk_event_get_keyval':
C:\Users\runneradmin\AppData\Local\alire\cache\builds\gtkada_26.0.0_489d17d3\9c35c42707f626e4da78aacf6c39f2cb3e5ab17bf69247e56de60936a17a22e8\src\misc.c:765:39: warning: result of '2 << 31' requires 34 bits to represent, but 'int' only has 32 bits [-Wshift-overflow=]
  765 | #define ada_gdk_invalid_gint_value ((2<<31) - 1)
      |                                       ^~
C:\Users\runneradmin\AppData\Local\alire\cache\builds\gtkada_26.0.0_489d17d3\9c35c42707f626e4da78aacf6c39f2cb3e5ab17bf69247e56de60936a17a22e8\src\misc.c:814:12: note: in expansion of macro 'ada_gdk_invalid_gint_value'
  814 |     return ada_gdk_invalid_gint_value;
      |            ^~~~~~~~~~~~~~~~~~~~~~~~~~
C:\Users\runneradmin\AppData\Local\alire\cache\builds\gtkada_26.0.0_489d17d3\9c35c42707f626e4da78aacf6c39f2cb3e5ab17bf69247e56de60936a17a22e8\src\misc.c: In function 'ada_gtk_application_startup':
C:\Users\runneradmin\AppData\Local\alire\cache\builds\gtkada_26.0.0_489d17d3\9c35c42707f626e4da78aacf6c39f2cb3e5ab17bf69247e56de60936a17a22e8\src\misc.c:2001:5: warning: initialization discards 'const' qualifier from pointer target type [-Wdiscarded-qualifiers]
 2001 |     g_application_get_application_id (G_APPLICATION (application));
      |     ^~~~~~~~~~~~~~~~~~~~~~~~~~~~~~~~
[Ada Compile]     spawn-polls.ads
[Ada Compile]     spawn-posix.ads
[Ada Compile]     spawn-process_listeners.ads
[Ada Compile]     spawn-processes.adb
[Ada Compile]     spawn-string_vectors.ads
[Ada Compile]     spawn-windows_api.adb
[Ada Compile]     spawn.ads
[Archive]         libspawn_glib.a
[Archive]         libgtkada.a
Success: Build finished successfully in 163.54 seconds.
Found declared GPR file: gnat/spawn_glib.gpr
[alr test] Test completed SUCCESSFULLY
