Test ran at 2025-10-10 12:25:46.235613+00:00

SOLUTION:
hp41cx_tools=1.8.0: Cross-platform tools to supercharge your HP-41CX emulator experience
Origin: source archive hp41cx_tools-1.8.0.tgz at https://sourceforge.net/projects/calculator-scripts/files/Alire/hp41cx_tools-1.8.0.tgz with hashes sha256:761cdea058f556d7f12aa25dcaa3a5c7cabed687b5b2916903e66155263e89c7, sha512:c0dd6c8e281a7b960e8bef0fd162977a1a8c0bd47af03c18db59adfba9c689fd5b16c40d30cf841a012e815952c5ac2fc1a9463e4bbef80631efb44dca4297e1
Properties:
   Author: Martin Krischik <krischik@users.sourceforge.net>
   Build Switches: 
   Description: Cross-platform tools to supercharge your HP-41CX emulator experience
   Executable: hp41cx_tools-main
   Executable: hp41cx_tools-dm41_to_px41
   Executable: hp41cx_tools-px41_to_dm41
   Executable: hp41cx_tools-unicode_to_dm41
   Executable: hp41cx_tools-unicode_to_px41
   License: GPL-3.0-or-later
   Long_Description: ## HP-41CX Emulator Tools

Step into the golden era of retro computing with **hp41cx_tools**, a versatile
suite that turbocharges your HP-41CX emulator adventures! Unlike many tools
shackled to Windows, this toolkit runs flawlessly on **macOS**, **Linux**, and
**Windows**, making it the ultimate companion for enthusiasts using the iconic
[PX-41CX](https://paxer.net/PX-41CX/) from Paxer or the sleek
[DM41X](https://www.swissmicros.com/product/dm41x) from SwissMicros. Channel
your inner 1980s programming wizard and master memory dumps, FOCAL source code,
*and now encoding* with ease - compiling UTF-8 FOCAL straight into upload-ready
dump files for the PX-41CY emulator.

Built with the precision of **Ada 2022** for unshakeable reliability, these
tools decode, convert, and encode data with the finesse of the HP-41CX's
legendary keystrokes. Paired with intuitive **ZShell scripts** for macOS and
Linux, the suite streamlines complex workflows, whether you're on a modern
MacBook, a Linux workstation, or a Windows PC. This cross-platform prowess
ensures every retro computing fan can join the fun, no matter their
setup - grateful shoutout to Pierre Houbert's pioneering
[PX41CX_Interface.xls](https://paxer.net/PX-41CX_Interface.zip) and its
VisualBasic wizardry, which lit the fuse for this focused PX-41CX/DM41X
journey.

### Key Features

- **Memory Dump Decoder**: Transform raw HP-41CX emulator memory dumps into
  readable FOCAL source code with pinpoint accuracy.
- **Source Code Converter**: Seamlessly convert between PX-41CX and DM41X FOCAL
  code styles, bridging emulator ecosystems.
- **FOCAL Encoder**: Compile modern UTF-8 encoded FOCAL programs into precise
  dump files, ready for PX-41CY emulator upload - vintage vibes meet UTF-8
  pipelines.
- **Unicode Support**: Convert Unicode-encoded FOCAL programs to PX-41CX or
  DM41X formats, blending vintage charm with modern workflows.
- **Cross-Platform Power**: Runs natively on macOS, Linux, and Windows - like a
  portable Ada generic, no OS exceptions.
- **Open Source**: Hosted on
  [SourceForge](https://sourceforge.net/p/calculator-scripts/code/ci/master/tree/Tools/hp41cx_tools/src/),
  ready for you to hack, extend, and share with the retro computing community.
- **Comprehensive Docs**: Explore detailed guides via
  [GNATdoc](https://calculator-scripts.sourceforge.io/gnatdoc/hp41cx-tools).

### Why You'll Love It

Relive the thrill of programming the HP-41CX, the calculator that defined a
generation of scientific and hobbyist triumphs. Whether you're decoding vintage
memory dumps, converting code styles, or encoding fresh FOCAL scripts,
**hp41cx_tools** brings the past to life with unmatched versatility. Join the
retro computing revolution and make your emulator sing - on any desktop OS!

   Maintainer: Martin Krischik <krischik@users.sourceforge.net>
   Maintainers_Logins: krischik
   Name: hp41cx_tools
   Tag: calculator
   Tag: tools
   Tag: retrocomputing
   Tag: ada-2022
   Tag: hp-41cx
   Tag: dm41x
   Tag: px41cx
   Tag: cross-platform
   Version: 1.8.0
   Website: https://calculator-scripts.sourceforge.io/hp41cx-tools/
Dependencies (direct):
   adacl^7.0.1
   adacl_regexp^7.0.0
   adacl_sar^7.0.0
Dependencies (solution):
   adacl=7.0.1
   adacl_regexp=7.0.1
   adacl_sar=7.0.1
Dependencies (graph):
   adacl_regexp=7.0.1 --> adacl=7.0.1 (^7.0.0)
   adacl_sar=7.0.1    --> adacl=7.0.1 (^7.0.0)
   hp41cx_tools=1.8.0 --> adacl=7.0.1 (^7.0.1)
   hp41cx_tools=1.8.0 --> adacl_regexp=7.0.1 (^7.0.0)
   hp41cx_tools=1.8.0 --> adacl_sar=7.0.1 (^7.0.0)


LOG:
[alr test] Testing hp41cx_tools=1.8.0
[alr test] Spawning retrieval for remote crate: alr -d -n get hp41cx_tools=1.8.0
Note: Deploying hp41cx_tools=1.8.0...

######################################################################## 100.0%
######################################################################## 100.0%
######################################################################## 100.0%
######################################################################## 100.0%
#=#=#                                                                          
####                                                                       6.0%
##################################################                        70.3%
######################################################################## 100.0%
Note: Deploying adacl_regexp=7.0.1...

######################################################################## 100.0%
######################################################################## 100.0%
######################################################################## 100.0%
######################################################################## 100.0%
#=#=#                                                                          
#################                                                         23.8%
######################################################################## 100.0%
Note: Deploying adacl_sar=7.0.1...

######################################################################## 100.0%
######################################################################## 100.0%
######################################################################## 100.0%
######################################################################## 100.0%
#=#=#                                                                          
##################################                                        47.9%
######################################################################## 100.0%

hp41cx_tools=1.8.0 successfully retrieved.
Dependencies were solved as follows:

   + adacl        7.0.1 (new)
   + adacl_regexp 7.0.1 (new)
   + adacl_sar    7.0.1 (new)
[alr test] Spawning default test for remote crate: alr -d -n build --release -- -cargs:Ada -gnatwn
Note: Building hp41cx_tools=1.8.0/hp41cx_tools.gpr...
Setup
   [mkdir]        object directory for project AdaCL_RegExp
   [mkdir]        library directory for project AdaCL_RegExp
   [mkdir]        object directory for project AdaCL_SAR
   [mkdir]        library directory for project AdaCL_SAR
   [mkdir]        object directory for project HP41CX_Tools
   [mkdir]        exec directory for project HP41CX_Tools
Compile
   [Ada]          hp41cx_tools-main.adb
   [Ada]          hp41cx_tools-dm41_to_px41.adb
   [Ada]          hp41cx_tools-px41_to_dm41.adb
   [Ada]          hp41cx_tools-unicode_to_dm41.adb
gnat1: invalid switch: -gnat2022
gnat1: invalid switch: -gnat2022
gnat1: invalid switch: -gnat2022
gnat1: invalid switch: -gnat2022

   compilation of hp41cx_tools-main.adb failed
   compilation of hp41cx_tools-dm41_to_px41.adb failed
   compilation of hp41cx_tools-px41_to_dm41.adb failed
   compilation of hp41cx_tools-unicode_to_dm41.adb failed

gprbuild: *** compilation phase failed
stderr: Command ["gprbuild", "-s", "-j0", "-p", "-P", "D:\a\alire-crates-ci\alire-crates-ci\test\ddfe85b3-8a7b-42b3-9dbc-2c7c7010c588\hp41cx_tools_1.8.0_761cdea0\hp41cx_tools.gpr", "-cargs:Ada", "-gnatwn"] exited with code 4
ERROR: Command ["gprbuild", "-s", "-j0", "-p", "-P", "D:\a\alire-crates-ci\alire-crates-ci\test\ddfe85b3-8a7b-42b3-9dbc-2c7c7010c588\hp41cx_tools_1.8.0_761cdea0\hp41cx_tools.gpr", "-cargs:Ada", "-gnatwn"] exited with code 4
stderr: ALIRE.CHECKED_ERROR
stderr: Command ["gprbuild", "-s", "-j0", "-p", "-P", "D:\a\alire-crates-ci\alire-crates-ci\test\ddfe85b3-8a7b-42b3-9dbc-2c7c7010c588\hp41cx_tools_1.8.0_761cdea0\hp41cx_tools.gpr", "-cargs:Ada", "-gnatwn"] exited with code 4
stderr: raised ALIRE.CHECKED_ERROR : alire-stored-error:1
[D:\a\alire-crates-ci\alire-crates-ci\alire_install\bin\alr.exe]
0x7ff64fd1da2a Semantic_Versioning.Basic.Restrictions.First_Index at alire.adb:284
0x7ff64f91595b Semantic_Versioning.Basic.Restrictions.First_Index at alire-os_lib-subprocess.adb:111
0x7ff64fbccba1 Semantic_Versioning.Basic.Restrictions.First_Index at alire-spawn.adb:22
0x7ff64fbcdd5d Semantic_Versioning.Basic.Restrictions.First_Index at alire-spawn.adb:68
0x7ff64faf2d64 Semantic_Versioning.Basic.Restrictions.First_Index at alire-roots.adb:189
0x7ff64faf11da Semantic_Versioning.Basic.Restrictions.First_Index at alire-roots.adb:255
0x7ff64fb1912d Semantic_Versioning.Basic.Restrictions.First_Index at alire-roots.adb:2143
0x7ff64fb882f9 Semantic_Versioning.Basic.Restrictions.First_Index at alire-solutions.adb:1472
0x7ff64fb87424 Semantic_Versioning.Basic.Restrictions.First_Index at alire-solutions.adb:1555
0x7ff64fb1922c Semantic_Versioning.Basic.Restrictions.First_Index at alire-roots.adb:2147
0x7ff64fb192fa Semantic_Versioning.Basic.Restrictions.First_Index at alire-roots.adb:2127
0x7ff64faf17a7 Semantic_Versioning.Basic.Restrictions.First_Index at alire-roots.adb:286
0x7ff64faf1912 Semantic_Versioning.Basic.Restrictions.First_Index at alire-roots.adb:114
0x7ff64f263baa Semantic_Versioning.Basic.Restrictions.First_Index at alr-commands-build.adb:145
0x7ff64f26341e Semantic_Versioning.Basic.Restrictions.First_Index at alr-commands-build.adb:113
0x7ff64f2635ba Semantic_Versioning.Basic.Restrictions.First_Index at alr-commands-build.adb:54
0x7ff64f315dea Semantic_Versioning.Basic.Restrictions.First_Index at clic-subcommand-instance.adb:749
0x7ff64f322b0e Semantic_Versioning.Basic.Restrictions.First_Index at alr-commands.adb:632
0x7ff64f1f16a0 Alr.Main at alr-main.adb:13
0x7ff64f1f5270 Main at b__alr-main.adb:2454
0x7ff64f1f133e __tmainCRTStartup at ???
0x7ff64f1f1144 mainCRTStartup at ???
[C:\Windows\System32\KERNEL32.DLL]
0x7ffbdddae8d5
[C:\Windows\SYSTEM32\ntdll.dll]
0x7ffbdfae8d9a

stderr: ALIRE.ROOTS.BUILD._WRAPPED_STATEMENTS.BUILD_FAILED
stderr: alire-roots.adb:202
stderr: raised ALIRE.ROOTS.BUILD._WRAPPED_STATEMENTS.BUILD_FAILED : alire-roots.adb:202
[D:\a\alire-crates-ci\alire-crates-ci\alire_install\bin\alr.exe]
0x7ff64faf313c Semantic_Versioning.Basic.Restrictions.First_Index at alire-roots.adb:202
0x7ff64faf11da Semantic_Versioning.Basic.Restrictions.First_Index at alire-roots.adb:255
0x7ff64fb1912d Semantic_Versioning.Basic.Restrictions.First_Index at alire-roots.adb:2143
0x7ff64fb882f9 Semantic_Versioning.Basic.Restrictions.First_Index at alire-solutions.adb:1472
0x7ff64fb87424 Semantic_Versioning.Basic.Restrictions.First_Index at alire-solutions.adb:1555
0x7ff64fb1922c Semantic_Versioning.Basic.Restrictions.First_Index at alire-roots.adb:2147
0x7ff64fb192fa Semantic_Versioning.Basic.Restrictions.First_Index at alire-roots.adb:2127
0x7ff64faf17a7 Semantic_Versioning.Basic.Restrictions.First_Index at alire-roots.adb:286
0x7ff64faf1912 Semantic_Versioning.Basic.Restrictions.First_Index at alire-roots.adb:114
0x7ff64f263baa Semantic_Versioning.Basic.Restrictions.First_Index at alr-commands-build.adb:145
0x7ff64f26341e Semantic_Versioning.Basic.Restrictions.First_Index at alr-commands-build.adb:113
0x7ff64f2635ba Semantic_Versioning.Basic.Restrictions.First_Index at alr-commands-build.adb:54
0x7ff64f315dea Semantic_Versioning.Basic.Restrictions.First_Index at clic-subcommand-instance.adb:749
0x7ff64f322b0e Semantic_Versioning.Basic.Restrictions.First_Index at alr-commands.adb:632
0x7ff64f1f16a0 Alr.Main at alr-main.adb:13
0x7ff64f1f5270 Main at b__alr-main.adb:2454
0x7ff64f1f133e __tmainCRTStartup at ???
0x7ff64f1f1144 mainCRTStartup at ???
[C:\Windows\System32\KERNEL32.DLL]
0x7ffbdddae8d5
[C:\Windows\SYSTEM32\ntdll.dll]
0x7ffbdfae8d9a

ERROR: Compilation failed.
