Test ran at 2026-08-26 01:00:04.191852+00:00

SOLUTION:
matreshka_spikedog_awsd=21.0.0: Web-application server. API library
Origin: commit 1478b224545c3fa67dc5a8899d3c535d61dc41e6 from https://github.com/reznikmm/matreshka-alire
Properties:
   Author: Vadim Godunko
   Description: Web-application server. API library
   Executable: spikedog_awsd
   GPR External: LIBRARY_TYPE := relocatable
   License: BSD-3-Clause
   Maintainer: Vadim Godunko <vgodunko@gmail.com>
   Maintainer: Maxim Reznik <reznikmm@gmail.com>
   Maintainers_Logins: godunko
   Maintainers_Logins: reznikmm
   Name: matreshka_spikedog_awsd
   Project_File: build_matreshka_spikedog_awsd.gpr
   Tag: web
   Tag: servlet
   Version: 21.0.0
   Website: https://github.com/godunko/matreshka
Dependencies (direct):
   aws*
   matreshka_league21.0.0
   matreshka_spikedog_core21.0.0
Dependencies (solution):
   aws=25.2.0
   gnat=16.1.0 (gnat_native)
   gnatcoll=25.0.0
   libgpr=25.0.0
   make=4.4.1
   matreshka_league=21.0.0
   matreshka_servlet=21.0.0
   matreshka_spikedog_api=21.0.0
   matreshka_spikedog_core=21.0.0
   openssl=3.6.3
   xmlada=25.0.0
Dependencies (graph):
   aws=25.2.0                     --> gnat=16.1.0 (gnat_native) (>=12)
   aws=25.2.0                     --> gnatcoll=25.0.0 (~25.0.0)
   aws=25.2.0                     --> make=4.4.1 (*)
   aws=25.2.0                     --> openssl=3.6.3 (>=1.1.0)
   aws=25.2.0                     --> xmlada=25.0.0 (~25.0.0)
   gnatcoll=25.0.0                --> gnat=16.1.0 (gnat_native) (>=13)
   gnatcoll=25.0.0                --> libgpr=25.0.0 (~25.0.0)
   libgpr=25.0.0                  --> gnat=16.1.0 (gnat_native) (/=2020)
   libgpr=25.0.0                  --> xmlada=25.0.0 (~25.0.0)
   matreshka_league=21.0.0        --> make=4.4.1 (*)
   matreshka_servlet=21.0.0       --> matreshka_league=21.0.0 (21.0.0)
   matreshka_spikedog_api=21.0.0  --> matreshka_league=21.0.0 (21.0.0)
   matreshka_spikedog_api=21.0.0  --> matreshka_servlet=21.0.0 (21.0.0)
   matreshka_spikedog_awsd=21.0.0 --> aws=25.2.0 (*)
   matreshka_spikedog_awsd=21.0.0 --> matreshka_league=21.0.0 (21.0.0)
   matreshka_spikedog_awsd=21.0.0 --> matreshka_spikedog_core=21.0.0 (21.0.0)
   matreshka_spikedog_core=21.0.0 --> matreshka_league=21.0.0 (21.0.0)
   matreshka_spikedog_core=21.0.0 --> matreshka_spikedog_api=21.0.0 (21.0.0)
   xmlada=25.0.0                  --> gnat=16.1.0 (gnat_native) (>=11)


LOG:
[alr test] Testing matreshka_spikedog_awsd=21.0.0
[alr test] Spawning retrieval for remote crate: alr -d -n get matreshka_spikedog_awsd=21.0.0
Note: Deploying matreshka_spikedog_awsd=21.0.0...
Note: Deploying make=4.4.1...
The system package 'make' is about to be installed.
This action might require admin privileges and impact your system installation.
Do you want Alire to install this system package?
Using default: Yes
resolving dependencies...
looking for conflicting packages...

Packages (1) make-4.4.1-3

Total Download Size:   0.49 MiB
Total Installed Size:  1.62 MiB

:: Proceed with installation? [Y/n] 
:: Retrieving packages...
 make-4.4.1-3-x86_64 downloading...
checking keyring...
checking package integrity...
loading package files...
checking for file conflicts...
checking available disk space...
:: Processing package changes...
installing make...
:: Running post-transaction hooks...
(1/1) Updating the info directory file...
Note: Deploying openssl=3.6.3...
The system package 'mingw-w64-x86_64-openssl' is about to be installed.
This action might require admin privileges and impact your system installation.
Do you want Alire to install this system package?
Using default: Yes
resolving dependencies...
looking for conflicting packages...

Packages (1) mingw-w64-x86_64-openssl-3.6.3-1

Total Download Size:    7.87 MiB
Total Installed Size:  58.92 MiB

:: Proceed with installation? [Y/n] 
:: Retrieving packages...
 mingw-w64-x86_64-openssl-3.6.3-1-any downloading...
checking keyring...
checking package integrity...
loading package files...
checking for file conflicts...
checking available disk space...
:: Processing package changes...
installing mingw-w64-x86_64-openssl...
Optional dependencies for mingw-w64-x86_64-openssl
    mingw-w64-x86_64-ca-certificates
Note: Deploying matreshka_league=21.0.0...

#=#=#                                                                          
######################                                                    31.0%
#######################################                                   54.6%
#######################################################################  100.0%
######################################################################## 100.0%
Note: Deploying libgpr=25.0.0...

#=#=#                                                                          
##O#-#                                                                         
##=O#- #                                                                       
Note: Deploying matreshka_servlet=21.0.0...
Note: Deploying gnatcoll=25.0.0...

#=#=#                                                                          
##O#-#                                                                         
##=O#- #                                                                       
# #=O#- #                                                                      
 # #=O#-  #                                                                    
  # #=O=#   #                                                                  
Note: Deploying matreshka_spikedog_api=21.0.0...
Note: Deploying aws=25.2.0...

#=#=#                                                                          
######################################################################## 100.0%
Note: Deploying matreshka_spikedog_core=21.0.0...

matreshka_spikedog_awsd=21.0.0 successfully retrieved.
Dependencies were solved as follows:

   +  aws                     25.2.0 (new)
   +b gnat                    16.1.0 (new,gnat_native,indirect,binary)
   +  gnatcoll                25.0.0 (new,indirect)
   +  libgpr                  25.0.0 (new,indirect)
   +b make                    4.4.1  (new,indirect,system package)
   +  matreshka_league        21.0.0 (new)
   +  matreshka_servlet       21.0.0 (new,indirect)
   +  matreshka_spikedog_api  21.0.0 (new,indirect)
   +  matreshka_spikedog_core 21.0.0 (new)
   +b openssl                 3.6.3  (new,indirect,system package)
   +  xmlada                  25.0.0 (new,indirect)
[alr test] Spawning default test for remote crate: alr -d -n build --release -- -cargs:Ada -gnatwn
stderr: ADA.IO_EXCEPTIONS.USE_ERROR
stderr: copy of "C:\Users\runneradmin\AppData\Local\alire\cache\releases\matreshka_league_21.0.0_0c8f4d47\source\amf\uml\amf-internals-factories-primitive_types_factories-convert_unlimited_natural_to_string.a
stderr: raised ADA.IO_EXCEPTIONS.USE_ERROR : copy of "C:\Users\runneradmin\AppData\Local\alire\cache\releases\matreshka_league_21.0.0_0c8f4d47\source\amf\uml\amf-internals-factories-primitive_types_factories-convert_unlimited_natural_to_string.a
[D:\a\alire-crates-ci\alire-crates-ci\alire_install\bin\alr.exe]
0x7ff698cd68ff Semantic_Versioning.Basic.Restrictions.First_Index at a-direct.adb:368
0x7ff698e48296 Semantic_Versioning.Basic.Restrictions.First_Index at den-filesystem.adb:81
0x7ff698e46d68 Semantic_Versioning.Basic.Restrictions.First_Index at den-filesystem.adb:215
0x7ff698e48390 Semantic_Versioning.Basic.Restrictions.First_Index at den-filesystem.adb:86
0x7ff698e46d68 Semantic_Versioning.Basic.Restrictions.First_Index at den-filesystem.adb:215
0x7ff698e47f48 Semantic_Versioning.Basic.Restrictions.First_Index at den-filesystem.adb:140
0x7ff698e46b4d Semantic_Versioning.Basic.Restrictions.First_Index at den-filesystem.adb:217
0x7ff698e47f26 Semantic_Versioning.Basic.Restrictions.First_Index at den-filesystem.adb:137
0x7ff698e46b4d Semantic_Versioning.Basic.Restrictions.First_Index at den-filesystem.adb:217
0x7ff698e47f26 Semantic_Versioning.Basic.Restrictions.First_Index at den-filesystem.adb:137
0x7ff698e46b4d Semantic_Versioning.Basic.Restrictions.First_Index at den-filesystem.adb:217
0x7ff698e47f26 Semantic_Versioning.Basic.Restrictions.First_Index at den-filesystem.adb:137
0x7ff698e46b4d Semantic_Versioning.Basic.Restrictions.First_Index at den-filesystem.adb:217
0x7ff6981a5fd8 Semantic_Versioning.Basic.Restrictions.First_Index at alire-builds.adb:61
0x7ff69893ee46 Semantic_Versioning.Basic.Restrictions.First_Index at alire-roots.adb:907
0x7ff69895912d Semantic_Versioning.Basic.Restrictions.First_Index at alire-roots.adb:2143
0x7ff6989c82f9 Semantic_Versioning.Basic.Restrictions.First_Index at alire-solutions.adb:1472
0x7ff6989c70ef Semantic_Versioning.Basic.Restrictions.First_Index at alire-solutions.adb:1539
0x7ff69895922c Semantic_Versioning.Basic.Restrictions.First_Index at alire-roots.adb:2147
0x7ff6989592fa Semantic_Versioning.Basic.Restrictions.First_Index at alire-roots.adb:2127
0x7ff69893e3d4 Semantic_Versioning.Basic.Restrictions.First_Index at alire-roots.adb:919
0x7ff6989303e8 Semantic_Versioning.Basic.Restrictions.First_Index at alire-roots.adb:90
0x7ff698930588 Semantic_Versioning.Basic.Restrictions.First_Index at alire-roots.adb:59
0x7ff69893173b Semantic_Versioning.Basic.Restrictions.First_Index at alire-roots.adb:278
0x7ff698931912 Semantic_Versioning.Basic.Restrictions.First_Index at alire-roots.adb:114
0x7ff6980a3baa Semantic_Versioning.Basic.Restrictions.First_Index at alr-commands-build.adb:145
0x7ff6980a341e Semantic_Versioning.Basic.Restrictions.First_Index at alr-commands-build.adb:113
0x7ff6980a35ba Semantic_Versioning.Basic.Restrictions.First_Index at alr-commands-build.adb:54
0x7ff698155dea Semantic_Versioning.Basic.Restrictions.First_Index at clic-subcommand-instance.adb:749
0x7ff698162b0e Semantic_Versioning.Basic.Restrictions.First_Index at alr-commands.adb:632
0x7ff6980316a0 Alr.Main at alr-main.adb:13
0x7ff698035270 Main at b__alr-main.adb:2454
0x7ff69803133e __tmainCRTStartup at ???
0x7ff698031144 mainCRTStartup at ???
[C:\Windows\System32\KERNEL32.DLL]
0x7ff97937e8d5
[C:\Windows\SYSTEM32\ntdll.dll]
0x7ff97b64c53a

stderr: Could not sync build dir from C:\Users\runneradmin\AppData\Local\alire\cache\releases\matreshka_league_21.0.0_0c8f4d47 to C:\Users\runneradmin\AppData\Local\alire\cache\builds\matreshka_league_21.0.0_0c8f4d47\74f9da22935e6b871f1735451f0e9c90f1822f72279cae8c502d6e873f1698c4
ERROR: Could not sync build dir from C:\Users\runneradmin\AppData\Local\alire\cache\releases\matreshka_league_21.0.0_0c8f4d47 to C:\Users\runneradmin\AppData\Local\alire\cache\builds\matreshka_league_21.0.0_0c8f4d47\74f9da22935e6b871f1735451f0e9c90f1822f72279cae8c502d6e873f1698c4
