Test ran at 2026-05-14 01:43:58.830837+00:00

SOLUTION:
zbinfo=1.5.0: Display localization information for ZanyBlue Ada Localization
Origin: commit 12b866dd373d38d7528aed858b022c75cd4bef5f from https://github.com/Blady-Com/zanyblue.git
Properties:
   Author: Michael Rohan
   Description: Display localization information for ZanyBlue Ada Localization
   Executable: zbinfo
   License: custom-zanyblue
   Maintainer: Pascal Pignard <blady.net@orange.fr>
   Maintainers_Logins: Blady-Com
   Name: zbinfo
   Project_File: zbinfo.gpr
   Tag: localization
   Tag: l10n
   Tag: international
   Tag: i18n
   Version: 1.5.0
   Website: https://sourceforge.net/projects/zanyblue
Dependencies (direct):
   zblib1.5.0
Dependencies (solution):
   zblib=1.5.0
Dependencies (graph):
   zbinfo=1.5.0 --> zblib=1.5.0 (1.5.0)


LOG:
Failed to locate log
