Test ran at 2026-08-21 12:56:04.841101+00:00

SOLUTION:
adabots=2.1.0: Learn Ada by programming Minecraft robots
Origin: commit a16786ccff74a85e2bf8c3a5511b01e6fa13d3a3 from https://github.com/TamaMcGlinn/adabots.git
Properties:
   Author: Tama McGlinn
   Description: Learn Ada by programming Minecraft robots
   License: MIT
   Maintainer: Tama McGlinn <t.mcglinn@gmail.com>
   Maintainers_Logins: TamaMcGlinn
   Name: adabots
   Project_File: adabots.gpr
   Tag: learn
   Tag: ada
   Tag: minecraft
   Tag: computercraft
   Tag: robots
   Tag: teach
   Tag: children
   Version: 2.1.0
   Website: adabots.net
Dependencies (direct):
   json^5.0.3
   utilada_curl^2.5.0
Dependencies (solution):
   gnat=10.3.2 (gnat_native)
   json=5.0.3
   libcurl=8.21.0
   utilada=2.9.0
   utilada_curl=2.9.0
Dependencies (graph):
   adabots=2.1.0      --> json=5.0.3 (^5.0.3)
   adabots=2.1.0      --> utilada_curl=2.9.0 (^2.5.0)
   json=5.0.3         --> gnat=10.3.2 (gnat_native) (<=13)
   utilada_curl=2.9.0 --> libcurl=8.21.0 (*)
   utilada_curl=2.9.0 --> utilada=2.9.0 (^2.9.0)


LOG:
[alr test] Testing adabots=2.1.0
[alr test] Spawning retrieval for remote crate: alr -d -n get adabots=2.1.0
Note: Deploying adabots=2.1.0...
Note: Deploying libcurl=8.21.0...
The system package 'mingw-w64-x86_64-curl' is about to be installed.
This action might require admin privileges and impact your system installation.
Do you want Alire to install this system package?
Using default: Yes
resolving dependencies...
looking for conflicting packages...

Packages (16) mingw-w64-x86_64-c-ares-1.34.8-1  mingw-w64-x86_64-ca-certificates-20260816-1  mingw-w64-x86_64-gmp-6.3.0-2  mingw-w64-x86_64-gnutls-3.8.13-3  mingw-w64-x86_64-libidn2-2.3.8-4  mingw-w64-x86_64-libpsl-0.21.5-3  mingw-w64-x86_64-libssh2-1.11.1-2  mingw-w64-x86_64-libtasn1-4.21.0-1  mingw-w64-x86_64-libunistring-1.4.2-1  mingw-w64-x86_64-nettle-4.0-1  mingw-w64-x86_64-nghttp2-1.70.0-1  mingw-w64-x86_64-nghttp3-1.18.0-1  mingw-w64-x86_64-ngtcp2-1.25.0-1  mingw-w64-x86_64-p11-kit-0.26.5-1  mingw-w64-x86_64-zstd-1.5.7-2  mingw-w64-x86_64-curl-8.21.0-2

Total Download Size:    9.23 MiB
Total Installed Size:  46.23 MiB

:: Proceed with installation? [Y/n] 
:: Retrieving packages...
 mingw-w64-x86_64-gnutls-3.8.13-3-any downloading...
 mingw-w64-x86_64-curl-8.21.0-2-any downloading...
 mingw-w64-x86_64-libunistring-1.4.2-1-any downloading...
 mingw-w64-x86_64-zstd-1.5.7-2-any downloading...
 mingw-w64-x86_64-p11-kit-0.26.5-1-any downloading...
 mingw-w64-x86_64-gmp-6.3.0-2-any downloading...
 mingw-w64-x86_64-nettle-4.0-1-any downloading...
 mingw-w64-x86_64-ca-certificates-20260816-1-any downloading...
 mingw-w64-x86_64-c-ares-1.34.8-1-any downloading...
 mingw-w64-x86_64-libssh2-1.11.1-2-any downloading...
 mingw-w64-x86_64-ngtcp2-1.25.0-1-any downloading...
 mingw-w64-x86_64-nghttp2-1.70.0-1-any downloading...
 mingw-w64-x86_64-libtasn1-4.21.0-1-any downloading...
 mingw-w64-x86_64-libidn2-2.3.8-4-any downloading...
 mingw-w64-x86_64-nghttp3-1.18.0-1-any downloading...
 mingw-w64-x86_64-libpsl-0.21.5-3-any downloading...
checking keyring...
checking package integrity...
loading package files...
checking for file conflicts...
checking available disk space...
:: Processing package changes...
installing mingw-w64-x86_64-c-ares...
installing mingw-w64-x86_64-libunistring...
installing mingw-w64-x86_64-libidn2...
installing mingw-w64-x86_64-libpsl...
installing mingw-w64-x86_64-zstd...
installing mingw-w64-x86_64-libtasn1...
installing mingw-w64-x86_64-p11-kit...
installing mingw-w64-x86_64-ca-certificates...
installing mingw-w64-x86_64-libssh2...
installing mingw-w64-x86_64-nghttp2...
installing mingw-w64-x86_64-gmp...
installing mingw-w64-x86_64-nettle...
installing mingw-w64-x86_64-gnutls...
installing mingw-w64-x86_64-ngtcp2...
installing mingw-w64-x86_64-nghttp3...
installing mingw-w64-x86_64-curl...
Note: Deploying utilada=2.9.0...
Note: Deploying json=5.0.3...
Note: Deploying utilada_curl=2.9.0...

adabots=2.1.0 successfully retrieved.
Dependencies were solved as follows:

   +b gnat         10.3.2 (new,gnat_native,indirect,binary)
   +  json         5.0.3  (new)
   +b libcurl      8.21.0 (new,indirect,system package)
   +  utilada      2.9.0  (new,indirect)
   +  utilada_curl 2.9.0  (new)
[alr test] Spawning default test for remote crate: alr -d -n build --release -- -cargs:Ada -gnatwn
Note: Building json=5.0.3/json.gpr (1/2)...
"build\obj\release" created
"build\lib" created
[Ada Compile]     json-parsers.adb
[Ada Compile]     json-streams.adb
[Ada Compile]     json-tokenizers.adb
[Ada Compile]     json-types.adb
[Ada Compile]     json.ads
[Archive]         libjson-ada.a
Note: Building json=5.0.3/json_pretty_print.gpr (2/2)...
json_pretty_print.gpr:10:08: warning: attribute "Library_Dir" cannot be used in standard projects
"build\tools\obj\release" created
"build\bin" created
[Ada Compile]     pretty_print.adb
[Ada Bind]        pretty_print
[Ada Post-Bind]   b__pretty_print.adb
[Link]            pretty_print.exe
Note: Building adabots=2.1.0/adabots.gpr...
"C:\Users\runneradmin\AppData\Local\alire\cache\builds\utilada_2.9.0_bd635f55\c30ea90678bc77366aa95729d7d71b1de209710d5cd558154538f651619f3694\obj\utilada_core\static" created
"C:\Users\runneradmin\AppData\Local\alire\cache\builds\utilada_2.9.0_bd635f55\c30ea90678bc77366aa95729d7d71b1de209710d5cd558154538f651619f3694\lib\utilada_core\static" created
"C:\Users\runneradmin\AppData\Local\alire\cache\builds\utilada_2.9.0_bd635f55\c30ea90678bc77366aa95729d7d71b1de209710d5cd558154538f651619f3694\obj\utilada_sys\static" created
"C:\Users\runneradmin\AppData\Local\alire\cache\builds\utilada_2.9.0_bd635f55\c30ea90678bc77366aa95729d7d71b1de209710d5cd558154538f651619f3694\lib\utilada_sys\static" created
"C:\Users\runneradmin\AppData\Local\alire\cache\builds\ada_util_bd635f55\32ac882ed573ff3ba4ff3becb9af962079953e55b8c3f1a331f73e88bf9b1873\obj\utilada_curl\static" created
"C:\Users\runneradmin\AppData\Local\alire\cache\builds\ada_util_bd635f55\32ac882ed573ff3ba4ff3becb9af962079953e55b8c3f1a331f73e88bf9b1873\lib\utilada_curl\static" created
"obj" created
[Ada Compile]     util-http-clients-curl-constants.ads
[Ada Compile]     util-http-clients-curl.adb
[Ada Compile]     util-beans-basic-lists.adb
[Ada Compile]     util-beans-basic-ranges.adb
[Ada Compile]     util-beans-basic.ads
[Ada Compile]     util-beans-factory.adb
[Ada Compile]     util-beans-lists-strings.adb
[Ada Compile]     util-beans-lists.ads
[Archive]         libutilada_curl.a
[Ada Compile]     util-beans-methods.ads
[Ada Compile]     util-beans-objects-datasets.adb
[Ada Compile]     util-beans-objects-enums.adb
[Ada Compile]     util-beans-objects-hash.adb
[Ada Compile]     util-beans-objects-iterators.adb
[Ada Compile]     util-beans-objects-lists.adb
[Ada Compile]     util-beans-objects-maps.adb
[Ada Compile]     util-beans-objects-pairs.adb
[Ada Compile]     util-beans-objects-records.adb
[Ada Compile]     util-beans-objects-time.adb
[Ada Compile]     util-beans-objects-to_access.adb
[Ada Compile]     util-beans-objects-vectors.adb
[Ada Compile]     util-beans-objects.adb
[Ada Compile]     util-beans-ranges.ads
[Ada Compile]     util-beans.ads
[Ada Compile]     util-commands-consoles-text.adb
[Ada Compile]     util-commands-consoles.adb
[Ada Compile]     util-commands-drivers.adb
[Ada Compile]     util-commands-parsers-gnat_parser.adb
[Ada Compile]     util-commands-parsers.adb
[Ada Compile]     util-commands-raw_io.ads
[Ada Compile]     util-commands-text_io.ads
[Ada Compile]     util-commands.adb
[Ada Compile]     util-dates-formats.adb
[Ada Compile]     util-dates-iso8601.adb
[Ada Compile]     util-dates-rfc7231.adb
[Ada Compile]     util-dates-simple_format.adb
[Ada Compile]     util-dates.adb
[Ada Compile]     util-events-channels.adb
[Ada Compile]     util-events-timers.adb
util-dates-to_ada_time_64.adb:14:32: "long_long" not declared in "C"
util-dates-to_ada_time_64.adb:15:18: "long_long" not declared in "C"
util-dates-to_ada_time_64.adb:17:43: "To_Duration_64" not declared in "Conversions"
util-dates-to_ada_time_64.adb:19:22: "To_Ada_Time_64" not declared in "Conversions"
utilada_base.gpr: error: [Ada Compile] util-dates.adb (utilada_base.gpr) failed with status 1
stderr: Command ["gprbuild", "-s", "-j0", "-p", "-P", "D:\a\alire-crates-ci\alire-crates-ci\test\7a8656a4-276b-4403-a1b1-6a0deff3ba2e\adabots_2.1.0_a16786cc\adabots.gpr", "-cargs:Ada", "-gnatwn"] exited with code 4
ERROR: Command ["gprbuild", "-s", "-j0", "-p", "-P", "D:\a\alire-crates-ci\alire-crates-ci\test\7a8656a4-276b-4403-a1b1-6a0deff3ba2e\adabots_2.1.0_a16786cc\adabots.gpr", "-cargs:Ada", "-gnatwn"] exited with code 4
stderr: ALIRE.CHECKED_ERROR
stderr: Command ["gprbuild", "-s", "-j0", "-p", "-P", "D:\a\alire-crates-ci\alire-crates-ci\test\7a8656a4-276b-4403-a1b1-6a0deff3ba2e\adabots_2.1.0_a16786cc\adabots.gpr", "-cargs:Ada", "-gnatwn"] exited with code 4
stderr: raised ALIRE.CHECKED_ERROR : alire-stored-error:1
[D:\a\alire-crates-ci\alire-crates-ci\alire_install\bin\alr.exe]
0x7ff760c8da2a Semantic_Versioning.Basic.Restrictions.First_Index at alire.adb:284
0x7ff76088595b Semantic_Versioning.Basic.Restrictions.First_Index at alire-os_lib-subprocess.adb:111
0x7ff760b3cba1 Semantic_Versioning.Basic.Restrictions.First_Index at alire-spawn.adb:22
0x7ff760b3dd5d Semantic_Versioning.Basic.Restrictions.First_Index at alire-spawn.adb:68
0x7ff760a62d64 Semantic_Versioning.Basic.Restrictions.First_Index at alire-roots.adb:189
0x7ff760a611da Semantic_Versioning.Basic.Restrictions.First_Index at alire-roots.adb:255
0x7ff760a8912d Semantic_Versioning.Basic.Restrictions.First_Index at alire-roots.adb:2143
0x7ff760af82f9 Semantic_Versioning.Basic.Restrictions.First_Index at alire-solutions.adb:1472
0x7ff760af7424 Semantic_Versioning.Basic.Restrictions.First_Index at alire-solutions.adb:1555
0x7ff760a8922c Semantic_Versioning.Basic.Restrictions.First_Index at alire-roots.adb:2147
0x7ff760a892fa Semantic_Versioning.Basic.Restrictions.First_Index at alire-roots.adb:2127
0x7ff760a617a7 Semantic_Versioning.Basic.Restrictions.First_Index at alire-roots.adb:286
0x7ff760a61912 Semantic_Versioning.Basic.Restrictions.First_Index at alire-roots.adb:114
0x7ff7601d3baa Semantic_Versioning.Basic.Restrictions.First_Index at alr-commands-build.adb:145
0x7ff7601d341e Semantic_Versioning.Basic.Restrictions.First_Index at alr-commands-build.adb:113
0x7ff7601d35ba Semantic_Versioning.Basic.Restrictions.First_Index at alr-commands-build.adb:54
0x7ff760285dea Semantic_Versioning.Basic.Restrictions.First_Index at clic-subcommand-instance.adb:749
0x7ff760292b0e Semantic_Versioning.Basic.Restrictions.First_Index at alr-commands.adb:632
0x7ff7601616a0 Alr.Main at alr-main.adb:13
0x7ff760165270 Main at b__alr-main.adb:2454
0x7ff76016133e __tmainCRTStartup at ???
0x7ff760161144 mainCRTStartup at ???
[C:\Windows\System32\KERNEL32.DLL]
0x7ff92217e8d5
[C:\Windows\SYSTEM32\ntdll.dll]
0x7ff92324c53a

stderr: ALIRE.ROOTS.BUILD._WRAPPED_STATEMENTS.BUILD_FAILED
stderr: alire-roots.adb:202
stderr: raised ALIRE.ROOTS.BUILD._WRAPPED_STATEMENTS.BUILD_FAILED : alire-roots.adb:202
[D:\a\alire-crates-ci\alire-crates-ci\alire_install\bin\alr.exe]
0x7ff760a6313c Semantic_Versioning.Basic.Restrictions.First_Index at alire-roots.adb:202
0x7ff760a611da Semantic_Versioning.Basic.Restrictions.First_Index at alire-roots.adb:255
0x7ff760a8912d Semantic_Versioning.Basic.Restrictions.First_Index at alire-roots.adb:2143
0x7ff760af82f9 Semantic_Versioning.Basic.Restrictions.First_Index at alire-solutions.adb:1472
0x7ff760af7424 Semantic_Versioning.Basic.Restrictions.First_Index at alire-solutions.adb:1555
0x7ff760a8922c Semantic_Versioning.Basic.Restrictions.First_Index at alire-roots.adb:2147
0x7ff760a892fa Semantic_Versioning.Basic.Restrictions.First_Index at alire-roots.adb:2127
0x7ff760a617a7 Semantic_Versioning.Basic.Restrictions.First_Index at alire-roots.adb:286
0x7ff760a61912 Semantic_Versioning.Basic.Restrictions.First_Index at alire-roots.adb:114
0x7ff7601d3baa Semantic_Versioning.Basic.Restrictions.First_Index at alr-commands-build.adb:145
0x7ff7601d341e Semantic_Versioning.Basic.Restrictions.First_Index at alr-commands-build.adb:113
0x7ff7601d35ba Semantic_Versioning.Basic.Restrictions.First_Index at alr-commands-build.adb:54
0x7ff760285dea Semantic_Versioning.Basic.Restrictions.First_Index at clic-subcommand-instance.adb:749
0x7ff760292b0e Semantic_Versioning.Basic.Restrictions.First_Index at alr-commands.adb:632
0x7ff7601616a0 Alr.Main at alr-main.adb:13
0x7ff760165270 Main at b__alr-main.adb:2454
0x7ff76016133e __tmainCRTStartup at ???
0x7ff760161144 mainCRTStartup at ???
[C:\Windows\System32\KERNEL32.DLL]
0x7ff92217e8d5
[C:\Windows\SYSTEM32\ntdll.dll]
0x7ff92324c53a

ERROR: Compilation failed.
