Test ran at 2025-12-01 12:24:53.031954+00:00

SOLUTION:
distance=0.1.0: A formally verified library for calculating numeric, text distances
Origin: commit e265e32656db1284ef750cbd473db95424e5b215 from https://github.com/adarium-labs/distance.git
Properties:
   Author: Heziode
   Description: A formally verified library for calculating numeric, text distances
   License: Apache-2.0 WITH LLVM-exception
   Long_Description: # Distance

A formally verified Ada/SPARK library for computing distance and similarity metrics.

## Features

- **Numeric Distances**: Euclidean, Manhattan, Minkowski, Chebyshev, Canberra
- **Statistical Measures**: Cosine Similarity
- **Text Distances**: Levenshtein, Damerau-Levenshtein, Hamming, Jaro-Winkler, Sørensen-Dice

## Highlights

- Pure Ada 2012 with SPARK annotations
- Generic implementations for flexible type support
- No external dependencies (test suite uses AUnit)
- Comprehensive preconditions and postconditions

## Usage

```ada
with Ada.Numerics.Elementary_Functions;
with Distance.Numeric.Signatures;
with Distance.Numeric.Euclidean_Generic;

procedure Example is
   type Float_Vector is array (Positive range <>) of Float;

   package Float_Math is new Ada.Numerics.Elementary_Functions (Float);
   package Float_Sig is new Distance.Numeric.Signatures
     (Element_Type => Float,
      Zero         => 0.0,
      One          => 1.0,
      Sqrt         => Float_Math.Sqrt,
      "**"         => Float_Math."**",
      Max_Element  => Float'Last);

   function Euclidean is new Distance.Numeric.Euclidean_Generic
     (Numeric_Ops => Float_Sig, Index_Type => Positive, Vector => Float_Vector);

   D : Float := Euclidean ((0.0, 0.0), (3.0, 4.0));  --  D = 5.0
begin
   null;
end Example;
```

For fixed-point and integer types, you can use [Spark_Math](https://github.com/adarium-labs/spark_math) to provide the required operations.

   Maintainer: Heziode <heziode@protonmail.com>
   Maintainers_Logins: heziode
   Name: distance
   Tag: ada
   Tag: spark
   Tag: distance
   Tag: metrics
   Tag: algorithms
   Tag: mathematics
   Tag: string
   Tag: similarity
   Tag: levenshtein
   Tag: geospatial
   Tag: high-integrity
   Tag: alire
   Tag: data-science
   Version: 0.1.0
   Website: 


LOG:
[alr test] Testing distance=0.1.0
[alr test] Spawning retrieval for remote crate: alr -d -n get distance=0.1.0
Note: Deploying distance=0.1.0...

distance=0.1.0 successfully retrieved.
There are no dependencies.
[alr test] Spawning default test for remote crate: alr -d -n build --release -- -cargs:Ada -gnatwn
Note: Building distance=0.1.0/distance.gpr...
Setup
   [mkdir]        object directory for project Distance
   [mkdir]        library directory for project Distance
Compile
   [Ada]          distance_config.ads
   [Ada]          distance-textual-levenshtein.adb
   [Ada]          distance-numeric-manhattan_generic.adb
   [Ada]          distance.ads
distance-numeric-manhattan_generic.adb:26:07: error: pragma "Loop_Invariant" must appear next to pragma at line 19

   compilation of distance-numeric-manhattan_generic.adb failed

gprbuild: *** compilation phase failed
stderr: Command ["gprbuild", "-s", "-j0", "-p", "-P", "/home/runner/work/alire-crates-ci/alire-crates-ci/test/bf68d578-47c8-4fa8-b7a0-858160d26c21/distance_0.1.0_e265e326/distance.gpr", "-cargs:Ada", "-gnatwn"] exited with code 4
ERROR: Command ["gprbuild", "-s", "-j0", "-p", "-P", "/home/runner/work/alire-crates-ci/alire-crates-ci/test/bf68d578-47c8-4fa8-b7a0-858160d26c21/distance_0.1.0_e265e326/distance.gpr", "-cargs:Ada", "-gnatwn"] exited with code 4
stderr: ALIRE.CHECKED_ERROR
stderr: Command ["gprbuild", "-s", "-j0", "-p", "-P", "/home/runner/work/alire-crates-ci/alire-crates-ci/test/bf68d578-47c8-4fa8-b7a0-858160d26c21/distance_0.1.0_e265e326/distance.gpr", "-cargs:Ada", "-gnatwn"] exited with code 4
stderr: raised ALIRE.CHECKED_ERROR : alire-stored-error:1
[/home/runner/work/alire-crates-ci/alire-crates-ci/alire_install/bin/alr]
0xe75bc6 Alire.Raise_Checked_Error at alire.adb:284
0xac1a54 Alire.Os_Lib.Subprocess.Checked_Spawn at alire-os_lib-subprocess.adb:111
0xd40276 Alire.Spawn.Command at alire-spawn.adb:22
0xd412ee Alire.Spawn.Gprbuild at alire-spawn.adb:68
0xc748cb Alire.Roots.Build at alire-roots.adb:189
0xc7301a Alire.Roots.Build at alire-roots.adb:255
0xc9832b Alire.Roots.Traverse at alire-roots.adb:2143
0xcfee85 Alire.Solutions.Traverse.Visit at alire-solutions.adb:1472
0xcfdfcc Alire.Solutions.Traverse at alire-solutions.adb:1555
0xc9841e Alire.Roots.Traverse at alire-roots.adb:2147
0xc984dd Alire.Roots.Traverse at alire-roots.adb:2127
0xc7359b Alire.Roots.Build at alire-roots.adb:286
0xc736d7 Alire.Roots.Build at alire-roots.adb:114
0x49aa0d Alr.Commands.Build.Execute at alr-commands-build.adb:145
0x49a36d Alr.Commands.Build.Execute at alr-commands-build.adb:113
0x49a51f Alr.Commands.Build.Execute at alr-commands-build.adb:54
0x53bbcc Alr.Commands.Sub_Cmd.Execute at clic-subcommand-instance.adb:749
0x5472be Alr.Commands.Execute at alr-commands.adb:632
0x43d48a Alr.Main at alr-main.adb:13
0x4403a3 Main at b__alr-main.adb:2445
[/lib/x86_64-linux-gnu/libc.so.6]
0x7f73fa42a1c8
0x7f73fa42a289
[/home/runner/work/alire-crates-ci/alire-crates-ci/alire_install/bin/alr]
0x43d323 _start at ???
0xfffffffffffffffe

stderr: ALIRE.ROOTS.BUILD._WRAPPED_STATEMENTS.BUILD_FAILED
stderr: alire-roots.adb:202
stderr: raised ALIRE.ROOTS.BUILD._WRAPPED_STATEMENTS.BUILD_FAILED : alire-roots.adb:202
[/home/runner/work/alire-crates-ci/alire-crates-ci/alire_install/bin/alr]
0xc74cc7 Alire.Roots.Build at alire-roots.adb:202
0xc7301a Alire.Roots.Build at alire-roots.adb:255
0xc9832b Alire.Roots.Traverse at alire-roots.adb:2143
0xcfee85 Alire.Solutions.Traverse.Visit at alire-solutions.adb:1472
0xcfdfcc Alire.Solutions.Traverse at alire-solutions.adb:1555
0xc9841e Alire.Roots.Traverse at alire-roots.adb:2147
0xc984dd Alire.Roots.Traverse at alire-roots.adb:2127
0xc7359b Alire.Roots.Build at alire-roots.adb:286
0xc736d7 Alire.Roots.Build at alire-roots.adb:114
0x49aa0d Alr.Commands.Build.Execute at alr-commands-build.adb:145
0x49a36d Alr.Commands.Build.Execute at alr-commands-build.adb:113
0x49a51f Alr.Commands.Build.Execute at alr-commands-build.adb:54
0x53bbcc Alr.Commands.Sub_Cmd.Execute at clic-subcommand-instance.adb:749
0x5472be Alr.Commands.Execute at alr-commands.adb:632
0x43d48a Alr.Main at alr-main.adb:13
0x4403a3 Main at b__alr-main.adb:2445
[/lib/x86_64-linux-gnu/libc.so.6]
0x7f73fa42a1c8
0x7f73fa42a289
[/home/runner/work/alire-crates-ci/alire-crates-ci/alire_install/bin/alr]
0x43d323 _start at ???
0xfffffffffffffffe

ERROR: Compilation failed.
