Test ran at 2025-10-09 12:49:56.464465+00:00

SOLUTION:
emacs_gpr_query=1.0.2: Emacs xref backend using information output by GNAT compiler.
Origin: commit 9619300ce22062e2677b0536e7b69dca182f316e from https://git.savannah.gnu.org/git/emacs/elpa.git
Properties:
   Author: Stephen Leake
   Description: Emacs xref backend using information output by GNAT compiler.
   Executable: gpr_query
   License: GPL-3.0-or-later
   Maintainer: Stephen Leake <stephen_leake@stephe-leake.org>
   Maintainers_Logins: stephe-ada-guru
   Name: emacs_gpr_query
   Project_File: emacs_gpr_query.gpr
   Tag: emacs
   Tag: xref
   Version: 1.0.2
   Website: https://elpa.gnu.org/packages/gpr-query.html
Dependencies (direct):
   gnat(>=11 & <2000) | >=2021
   gnatcoll^22.0.0
   gnatcoll_sqlite^22.0.0
   gnatcoll_xref^22.0.0
Dependencies (solution):
   gnat=14.2.1 (gnat_native)
   gnatcoll=22.0.0
   gnatcoll_iconv=22.0.0
   gnatcoll_sql=22.0.0
   gnatcoll_sqlite=22.0.0
   gnatcoll_xref=22.0.0
   libgpr=22.0.0
   xmlada=22.0.0
Dependencies (graph):
   emacs_gpr_query=1.0.2  --> gnat=14.2.1 (gnat_native) ((>=11 & <2000) | >=2021)
   emacs_gpr_query=1.0.2  --> gnatcoll=22.0.0 (^22.0.0)
   emacs_gpr_query=1.0.2  --> gnatcoll_sqlite=22.0.0 (^22.0.0)
   emacs_gpr_query=1.0.2  --> gnatcoll_xref=22.0.0 (^22.0.0)
   gnatcoll=22.0.0        --> libgpr=22.0.0 (~22.0.0)
   gnatcoll_iconv=22.0.0  --> gnatcoll=22.0.0 (~22.0.0)
   gnatcoll_sql=22.0.0    --> gnatcoll=22.0.0 (~22.0.0)
   gnatcoll_sqlite=22.0.0 --> gnatcoll=22.0.0 (~22.0.0)
   gnatcoll_sqlite=22.0.0 --> gnatcoll_sql=22.0.0 (~22.0.0)
   gnatcoll_xref=22.0.0   --> gnatcoll=22.0.0 (~22.0.0)
   gnatcoll_xref=22.0.0   --> gnatcoll_iconv=22.0.0 (~22.0.0)
   gnatcoll_xref=22.0.0   --> gnatcoll_sql=22.0.0 (~22.0.0)
   gnatcoll_xref=22.0.0   --> gnatcoll_sqlite=22.0.0 (~22.0.0)
   libgpr=22.0.0          --> gnat=14.2.1 (gnat_native) (/=2020)
   libgpr=22.0.0          --> xmlada=22.0.0 (~22.0.0)
   xmlada=22.0.0          --> gnat=14.2.1 (gnat_native) (>=11)


LOG:
[alr test] Testing emacs_gpr_query=1.0.2
[alr test] Spawning retrieval for remote crate: alr -d -n get emacs_gpr_query=1.0.2
Note: Deploying emacs_gpr_query=1.0.2...
error: RPC failed; HTTP 504 curl 22 The requested URL returned error: 504
fatal: the remote end hung up unexpectedly
stderr: Command ["git", "clone", "--recursive", "-q", "https://git.savannah.gnu.org/git/emacs/elpa.git", "/home/runner/work/alire-crates-ci/alire-crates-ci/test/16d34578-7448-48f1-99f6-7957f97f1722/alr-ybcl.tmp"] exited with code 128
stderr: Generating Outcome_Failure with message: Command ["git", "clone", "--recursive", "-q", "https://git.savannah.gnu.org/git/emacs/elpa.git", "/home/runner/work/alire-crates-ci/alire-crates-ci/test/16d34578-7448-48f1-99f6-7957f97f1722/alr-ybcl.tmp"] exited with code 128
stderr: Generating Outcome_Failure with call stack:
stderr: raised AAA.DEBUG.STACK_TRACE.DEBUG_EXCEPTION : aaa-debug.adb:44
[/home/runner/work/alire-crates-ci/alire-crates-ci/alire_install/bin/alr]
0xfcfcdb Aaa.Debug.Stack_Trace at aaa-debug.adb:44
0xe744f2 Alire.Outcome_Failure at alire.adb:226
0xe74c7f Alire.Outcome_Failure at alire.adb:223
0x824b63 Alire.Errors.Get at alire-errors.adb:106
0x824c24 Alire.Errors.Get at alire-errors.adb:104
0xe449e2 Alire.Vcss.Git.Clone_Branch at alire-vcss-git.adb:253
0xe434ea Alire.Vcss.Git.Clone at alire-vcss-git.adb:200
0x9f0043 Alire.Origins.Deployers.Git.Deploy at alire-origins-deployers-git.adb:16
0xa1909b Alire.Origins.Deployers.Deploy_Steps at alire-origins-deployers.adb:123
0xa1a528 Alire.Origins.Deployers.Deploy at alire-origins-deployers.adb:170
0xc4528a Alire.Releases.Deploy at alire-releases.adb:341
0xc7d8a3 Alire.Roots.Create_For_Release at alire-roots.adb:723
0xc7de47 Alire.Roots.Create_For_Release at alire-roots.adb:714
0x4aab90 Alr.Commands.Get.Retrieve at alr-commands-get.adb:134
0x4ae94f Alr.Commands.Get.Execute at alr-commands-get.adb:380
0x4aeafd Alr.Commands.Get.Execute at alr-commands-get.adb:256
0x53bbcc Alr.Commands.Sub_Cmd.Execute at clic-subcommand-instance.adb:749
0x5472be Alr.Commands.Execute at alr-commands.adb:632
0x43d48a Alr.Main at alr-main.adb:13
0x4403a3 Main at b__alr-main.adb:2445
[/lib/x86_64-linux-gnu/libc.so.6]
0x7f85a8e2a1c8
0x7f85a8e2a289
[/home/runner/work/alire-crates-ci/alire-crates-ci/alire_install/bin/alr]
0x43d323 _start at ???
0xfffffffffffffffe

stderr: ALIRE.CHECKED_ERROR
stderr: Command ["git", "clone", "--recursive", "-q", "https://git.savannah.gnu.org/git/emacs/elpa.git", "/home/runner/work/alire-crates-ci/alire-crates-ci/test/16d34578-7448-48f1-99f6-7957f97f1722/alr-ybcl.tmp"] exited with code 128
stderr: raised ALIRE.CHECKED_ERROR : alire-stored-error:2
[/home/runner/work/alire-crates-ci/alire-crates-ci/alire_install/bin/alr]
0xe72ea3 Alire.Assert at alire.adb:158
0x9f0066 Alire.Origins.Deployers.Git.Deploy at alire-origins-deployers-git.adb:16
0xa1909b Alire.Origins.Deployers.Deploy_Steps at alire-origins-deployers.adb:123
0xa1a528 Alire.Origins.Deployers.Deploy at alire-origins-deployers.adb:170
0xc4528a Alire.Releases.Deploy at alire-releases.adb:341
0xc7d8a3 Alire.Roots.Create_For_Release at alire-roots.adb:723
0xc7de47 Alire.Roots.Create_For_Release at alire-roots.adb:714
0x4aab90 Alr.Commands.Get.Retrieve at alr-commands-get.adb:134
0x4ae94f Alr.Commands.Get.Execute at alr-commands-get.adb:380
0x4aeafd Alr.Commands.Get.Execute at alr-commands-get.adb:256
0x53bbcc Alr.Commands.Sub_Cmd.Execute at clic-subcommand-instance.adb:749
0x5472be Alr.Commands.Execute at alr-commands.adb:632
0x43d48a Alr.Main at alr-main.adb:13
0x4403a3 Main at b__alr-main.adb:2445
[/lib/x86_64-linux-gnu/libc.so.6]
0x7f85a8e2a1c8
0x7f85a8e2a289
[/home/runner/work/alire-crates-ci/alire-crates-ci/alire_install/bin/alr]
0x43d323 _start at ???
0xfffffffffffffffe

stderr: Generating Outcome_Failure with message: Deployment of commit 9619300ce22062e2677b0536e7b69dca182f316e from https://git.savannah.gnu.org/git/emacs/elpa.git to /home/runner/work/alire-crates-ci/alire-crates-ci/test/16d34578-7448-48f1-99f6-7957f97f1722/emacs_gpr_query_1.0.2_9619300c failed
stderr: Generating Outcome_Failure with call stack:
stderr: raised AAA.DEBUG.STACK_TRACE.DEBUG_EXCEPTION : aaa-debug.adb:44
[/home/runner/work/alire-crates-ci/alire-crates-ci/alire_install/bin/alr]
0xfcfcdb Aaa.Debug.Stack_Trace at aaa-debug.adb:44
0xe744f2 Alire.Outcome_Failure at alire.adb:226
0xe74c7f Alire.Outcome_Failure at alire.adb:223
0xa19c66 Alire.Origins.Deployers.Deploy_Steps at alire-origins-deployers.adb:155
0xa1a528 Alire.Origins.Deployers.Deploy at alire-origins-deployers.adb:170
0xc4528a Alire.Releases.Deploy at alire-releases.adb:341
0xc7d8a3 Alire.Roots.Create_For_Release at alire-roots.adb:723
0xc7de47 Alire.Roots.Create_For_Release at alire-roots.adb:714
0x4aab90 Alr.Commands.Get.Retrieve at alr-commands-get.adb:134
0x4ae94f Alr.Commands.Get.Execute at alr-commands-get.adb:380
0x4aeafd Alr.Commands.Get.Execute at alr-commands-get.adb:256
0x53bbcc Alr.Commands.Sub_Cmd.Execute at clic-subcommand-instance.adb:749
0x5472be Alr.Commands.Execute at alr-commands.adb:632
0x43d48a Alr.Main at alr-main.adb:13
0x4403a3 Main at b__alr-main.adb:2445
[/lib/x86_64-linux-gnu/libc.so.6]
0x7f85a8e2a1c8
0x7f85a8e2a289
[/home/runner/work/alire-crates-ci/alire-crates-ci/alire_install/bin/alr]
0x43d323 _start at ???
0xfffffffffffffffe

stderr: ALIRE.CHECKED_ERROR
stderr: Deployment of commit 9619300ce22062e2677b0536e7b69dca182f316e from https://git.savannah.gnu.org/git/emacs/elpa.git to /home/runner/work/alire-crates-ci/alire-crates-ci/test/16d34578-7448-48f1-99f6-7957f97f1722/emacs_gpr_query_1.0.2_9619300c failed
stderr: raised ALIRE.CHECKED_ERROR : alire-stored-error:3
[/home/runner/work/alire-crates-ci/alire-crates-ci/alire_install/bin/alr]
0xe72ea3 Alire.Assert at alire.adb:158
0xc452b2 Alire.Releases.Deploy at alire-releases.adb:341
0xc7d8a3 Alire.Roots.Create_For_Release at alire-roots.adb:723
0xc7de47 Alire.Roots.Create_For_Release at alire-roots.adb:714
0x4aab90 Alr.Commands.Get.Retrieve at alr-commands-get.adb:134
0x4ae94f Alr.Commands.Get.Execute at alr-commands-get.adb:380
0x4aeafd Alr.Commands.Get.Execute at alr-commands-get.adb:256
0x53bbcc Alr.Commands.Sub_Cmd.Execute at clic-subcommand-instance.adb:749
0x5472be Alr.Commands.Execute at alr-commands.adb:632
0x43d48a Alr.Main at alr-main.adb:13
0x4403a3 Main at b__alr-main.adb:2445
[/lib/x86_64-linux-gnu/libc.so.6]
0x7f85a8e2a1c8
0x7f85a8e2a289
[/home/runner/work/alire-crates-ci/alire-crates-ci/alire_install/bin/alr]
0x43d323 _start at ???
0xfffffffffffffffe

ERROR: Deployment of commit 9619300ce22062e2677b0536e7b69dca182f316e from https://git.savannah.gnu.org/git/emacs/elpa.git to /home/runner/work/alire-crates-ci/alire-crates-ci/test/16d34578-7448-48f1-99f6-7957f97f1722/emacs_gpr_query_1.0.2_9619300c failed
****** UNEXPECTED EXCEPTION FOLLOWS:
raised ADA.IO_EXCEPTIONS.NAME_ERROR : directory "emacs_gpr_query_1.0.2_9619300c" does not exist
[/home/runner/work/alire-crates-ci/alire-crates-ci/alire_install/bin/alr]
0x10de9d0 Ada.Directories.Set_Directory at a-direct.adb:1103
0x7d99a8 Alire.Directories.Initialize at alire-directories.adb:443
0x7d1ac0 alire__directories__guardDI at ???
0x5590b4 Alr.Commands.Test.Do_Test.Test_Release.Test_Action.Default_Test.Remote_Test at alr-commands-test.adb:243
0x5586a8 Alr.Commands.Test.Do_Test.Test_Release.Test_Action.Default_Test at alr-commands-test.adb:273
0x557d37 Alr.Commands.Test.Do_Test.Test_Release.Test_Action at alr-commands-test.adb:355
0x555b58 Alr.Commands.Test.Do_Test.Test_Release at alr-commands-test.adb:389
0x5544e1 Alr.Commands.Test.Do_Test at alr-commands-test.adb:498
0x55cc93 Alr.Commands.Test.Execute at alr-commands-test.adb:691
0x55cec7 Alr.Commands.Test.Execute at alr-commands-test.adb:533
0x53bbcc Alr.Commands.Sub_Cmd.Execute at clic-subcommand-instance.adb:749
0x5472be Alr.Commands.Execute at alr-commands.adb:632
0x43d48a Alr.Main at alr-main.adb:13
0x4403a3 Main at b__alr-main.adb:2445
[/lib/x86_64-linux-gnu/libc.so.6]
0x7f26c722a1c8
0x7f26c722a289
[/home/runner/work/alire-crates-ci/alire-crates-ci/alire_install/bin/alr]
0x43d323 _start at ???
0xfffffffffffffffe

****** TRACE END
