Test ran at 2025-06-05 13:03:36.391748+00:00

SOLUTION:
whitakers_words=0.20240801.0: William Whitaker's WORDS, a Latin dictionary
Origin: commit bbf5d50cf4026c17d35f07ce85771954b95c6af9 from https://github.com/mosteo/whitakers-words.git
Available when: (case OS is Windows => False)
Properties:
   Post_Fetch run: make (from ${CRATE_ROOT}/.)
   Author: William A. Whitaker
   Author: Martin Keegan
   Configuration: no modifiers
   Description: William Whitaker's WORDS, a Latin dictionary
   Executable: words
   License: Custom-Public-Domain
   Maintainer: alejandro@mosteo.com
   Maintainers_Logins: mosteo
   Name: whitakers_words
   Project_File: commands.gpr
   Version: 0.20240801.0
   Website: https://bitbucket.org/ben-crowell/whitakers-words/
Dependencies (direct):
   gnat/=7.3
   make*
Dependencies (solution):
   gnat=13.3.0 (gnat_external)
   make=4.3.0
Dependencies (graph):
   whitakers_words=0.20240801.0 --> gnat=13.3.0 (gnat_external) (/=7.3)
   whitakers_words=0.20240801.0 --> make=4.3.0 (*)


LOG:
Spawning: alr -d -n get --build whitakers_words=0.20240801.0
Note: Deploying whitakers_words=0.20240801.0...
Note: Alire has selected automatically this toolchain:
   gprbuild=22.0.1
   gnat_native=14.2.1
You can select a different toolchain at any time with `alr toolchain --select`
Download will start now:
Note: Deploying gprbuild=22.0.1...
#=#=#                                                                          

                                                                           0.1%
###################                                                       27.2%
#####################################                                     52.4%
############################################################              84.3%
######################################################################## 100.0%
Note: gprbuild=22.0.1 installed successfully.
Note: Deploying gnat_native=14.2.1...
#=#=#                                                                          

                                                                           0.0%
#                                                                          1.8%
##                                                                         2.9%
###                                                                        4.7%
####                                                                       5.9%
#####                                                                      7.0%
#####                                                                      7.1%
######                                                                     8.6%
######                                                                     8.8%
#######                                                                   10.0%
#######                                                                   10.0%
########                                                                  11.7%
########                                                                  11.7%
#########                                                                 13.4%
##########                                                                14.6%
##########                                                                15.3%
###########                                                               16.7%
############                                                              17.6%
##############                                                            19.9%
##############                                                            20.5%
################                                                          22.3%
################                                                          23.4%
#################                                                         23.9%
#################                                                         23.9%
##################                                                        25.8%
##################                                                        26.4%
####################                                                      28.7%
#####################                                                     29.3%
######################                                                    30.9%
#######################                                                   32.2%
########################                                                  33.9%
#########################                                                 35.2%
##########################                                                37.0%
###########################                                               38.1%
############################                                              39.1%
############################                                              39.8%
#############################                                             41.0%
##############################                                            41.9%
##############################                                            41.9%
##############################                                            42.5%
###############################                                           43.9%
################################                                          45.4%
#################################                                         46.9%
##################################                                        48.2%
###################################                                       49.8%
#####################################                                     52.1%
#####################################                                     52.7%
#######################################                                   54.9%
########################################                                  55.6%
#########################################                                 57.4%
##########################################                                58.6%
###########################################                               59.7%
###########################################                               59.7%
###########################################                               60.4%
############################################                              61.5%
#############################################                             62.7%
##############################################                            64.4%
###############################################                           66.2%
################################################                          67.4%
#################################################                         69.1%
##################################################                        70.3%
###################################################                       72.1%
####################################################                      73.2%
######################################################                    75.0%
######################################################                    76.1%
########################################################                  77.8%
########################################################                  79.1%
##########################################################                80.9%
###########################################################               82.0%
############################################################              84.4%
#############################################################             84.9%
##############################################################            86.8%
###############################################################           87.9%
###############################################################           87.9%
###############################################################           88.0%
###############################################################           88.5%
################################################################          89.3%
#################################################################         90.8%
##################################################################        92.4%
###################################################################       93.7%
####################################################################      95.6%
#####################################################################     96.6%
######################################################################    98.4%
#######################################################################   99.6%
######################################################################## 100.0%
Note: gnat_native=14.2.1 installed successfully.
Note: Running post-fetch actions for whitakers_words=0.20240801.0...
sed 's|@datadir@|.|' src/latin_utils/latin_utils-config.adb.in > src/latin_utils/latin_utils-config.adb
gprbuild -p -j4 commands.gpr
gprconfig: can't find a native toolchain for language 'ada'
gprconfig: can't find a native toolchain for language 'ada'
Setup
   [mkdir]        object directory for project Latin_Utils
   [mkdir]        library directory for project Latin_Utils
   [mkdir]        object directory for project Support_Utils
   [mkdir]        library directory for project Support_Utils
   [mkdir]        object directory for project Words_Engine
   [mkdir]        library directory for project Words_Engine
   [mkdir]        exec directory for project Commands
words_engine.gpr:9:25: warning: libraries are not supported on this platform
support_utils.gpr:9:25: warning: libraries are not supported on this platform
latin_utils.gpr:8:25: warning: libraries are not supported on this platform
latin_utils.gpr:3:17: no compiler for language "Ada", cannot compile "latin_utils-config.adb"
gprbuild: *** compilation phase failed
make: *** [Makefile:40: commands] Error 4
stderr: Command ["make"] exited with code 2
ERROR: Command ["make"] exited with code 2
