Test ran at 2026-08-23 12:36:04.097380+00:00

SOLUTION:
matreshka_amf=21.0.0: Implementation of OMG's Meta Object Facility (MOF)
Origin: commit abff6b28bdb8e19de9f9c27c6dd3107d981adb22 from https://github.com/reznikmm/matreshka-alire
Available when: (case OS is Windows => False, others => True)
Properties:
   Author: Vadim Godunko
   Description: Implementation of OMG's Meta Object Facility (MOF)
   License: BSD-3-Clause
   Maintainer: Vadim Godunko <vgodunko@gmail.com>
   Maintainer: Maxim Reznik <reznikmm@gmail.com>
   Maintainers_Logins: godunko
   Maintainers_Logins: reznikmm
   Name: matreshka_amf
   Project_File: build_matreshka_amf.gpr
   Tag: uml
   Tag: meta
   Tag: mof
   Version: 21.0.0
   Website: https://github.com/godunko/matreshka
Dependencies (direct):
   matreshka_league21.0.0
   matreshka_xml21.0.0
Dependencies (solution):
   make=4.3.0
   matreshka_league=21.0.0
   matreshka_xml=21.0.0
Dependencies (graph):
   matreshka_amf=21.0.0    --> matreshka_league=21.0.0 (21.0.0)
   matreshka_amf=21.0.0    --> matreshka_xml=21.0.0 (21.0.0)
   matreshka_league=21.0.0 --> make=4.3.0 (*)
   matreshka_xml=21.0.0    --> matreshka_league=21.0.0 (21.0.0)


LOG:
[alr test] Testing matreshka_amf=21.0.0
[alr test] Spawning retrieval for remote crate: alr -d -n get matreshka_amf=21.0.0
Note: Deploying matreshka_amf=21.0.0...
Note: Deploying matreshka_xml=21.0.0...

matreshka_amf=21.0.0 successfully retrieved.
Dependencies were solved as follows:

   +b make             4.3.0  (new,indirect,system package)
   +  matreshka_league 21.0.0 (new)
   +  matreshka_xml    21.0.0 (new)
[alr test] Spawning default test for remote crate: alr -d -n build --release -- -cargs:Ada -gnatwn
Note: Building matreshka_amf=21.0.0/build_matreshka_amf.gpr...
Setup
   [mkdir]        object directory for project Matreshka_Xml
   [mkdir]        object directory for project Matreshka_AMF
Compile
   [Ada]          xml-sax-html5_writers.adb
   [Ada]          xml-templates-processors-parser.adb
   [Ada]          xml-templates-streams-holders.ads
   [Ada]          xml-templates-processors.adb
   [Ada]          xml-templates-streams.ads
   [Ada]          xml-templates.ads
   [Ada]          xml-sax-event_writers.adb
   [Ada]          matreshka-dom_comments.adb
   [Ada]          xml-dom-attributes.ads
   [Ada]          xml-dom-notations.ads
   [Ada]          matreshka-dom_entities.adb
   [Ada]          matreshka-dom_documents.adb
   [Ada]          matreshka-dom_document_types.adb
   [Ada]          matreshka-dom_builders.adb
   [Ada]          xml-dom-visitors.adb
   [Ada]          matreshka-dom_nodes.adb
   [Ada]          matreshka-dom_processing_instructions.adb
   [Ada]          xml-dom-elements.adb
   [Ada]          matreshka-dom_cdata_sections.adb
xml-dom-elements.adb:55:07: warning: variable "Old_Attr" is assigned but never read [-gnatwm]
xml-dom-elements.adb:58:07: warning: possibly useless assignment to "Old_Attr", value might not be referenced [-gnatwm]
   [Ada]          xml-dom-cdata_sections.ads
   [Ada]          matreshka-dom_document_fragments.adb
   [Ada]          xml-dom-documents.ads
   [Ada]          matreshka-dom_lists.adb
   [Ada]          xml-dom-document_fragments.ads
   [Ada]          matreshka-dom_character_datas.adb
matreshka-dom_lists.adb:44:15: warning: unit "Matreshka.DOM_Documents" is not referenced [-gnatwu]
matreshka-dom_lists.adb:45:15: warning: unit "Matreshka.DOM_Elements" is not referenced [-gnatwu]
   [Ada]          xml-dom-entities.ads
   [Ada]          matreshka-dom_entity_references.adb
matreshka-dom_documents.adb:152:07: warning: constant "Node" is not referenced [-gnatwu]
   [Ada]          xml-dom-document_types.ads
   [Ada]          xml-dom-comments.ads
   [Ada]          xml-dom-nodes-hash.adb
   [Ada]          xml-dom-nodes.adb
   [Ada]          matreshka-dom_attributes.adb
   [Ada]          xml-dom-entity_references.ads
xml-dom-nodes.adb:55:07: warning: variable "Aux" is assigned but never read [-gnatwm]
xml-dom-nodes.adb:58:07: warning: possibly useless assignment to "Aux", value might not be referenced [-gnatwm]
xml-dom-nodes.adb:69:07: warning: variable "Aux" is assigned but never read [-gnatwm]
xml-dom-nodes.adb:72:07: warning: possibly useless assignment to "Aux", value might not be referenced [-gnatwm]
   [Ada]          xml-dom-character_datas.ads
   [Ada]          xml-dom.ads
   [Ada]          matreshka-dom_texts.adb
   [Ada]          matreshka-dom_elements.adb
matreshka-dom_builders.adb:63:06: warning: formal parameter "Success" is not referenced [-gnatwf]
matreshka-dom_builders.adb:65:07: warning: "Aux" is not modified, could be declared constant [-gnatwk]
matreshka-dom_builders.adb:82:06: warning: formal parameter "Success" is not referenced [-gnatwf]
matreshka-dom_builders.adb:152:06: warning: formal parameter "Success" is not referenced [-gnatwf]
matreshka-dom_builders.adb:180:06: warning: formal parameter "Success" is not referenced [-gnatwf]
   [Ada]          matreshka-dom_notations.adb
   [Ada]          xml-dom-processing_instructions.ads
   [Ada]          xml-dom-texts.ads
matreshka-dom_attributes.adb:46:13: warning: unit "XML.DOM.Entity_References" is not referenced [-gnatwu]
   [Ada]          matreshka-xml_catalogs-loader.adb
   [Ada]          matreshka-xml_catalogs-handlers.adb
   [Ada]          matreshka-xml_catalogs-normalization.adb
matreshka-dom_elements.adb:45:15: warning: unit "Matreshka.DOM_Documents" is not referenced [-gnatwu]
   [Ada]          matreshka-xml_catalogs-resolver.adb
   [Ada]          xml-catalogs.ads
   [Ada]          matreshka-xml_catalogs.ads
   [Ada]          matreshka-xml_catalogs-entry_files.adb
   [Ada]          league-holders-json_arrays.ads
league-holders-json_arrays.ads:47:01: error: instantiation error at league-holders-generic_iterable_holders.adb:88
league-holders-json_arrays.ads:47:01: error: actual for aliased formal "Self" has wrong accessibility in return (RM 6.4.1(6.4))
matreshka-xml_catalogs-handlers.adb:129:14: warning: procedure "Error" is not referenced [-gnatwu]
matreshka-xml_catalogs-handlers.adb:296:06: warning: formal parameter "Self" is not referenced [-gnatwf]
matreshka-xml_catalogs-handlers.adb:298:06: warning: formal parameter "Success" is not referenced [-gnatwf]
matreshka-xml_catalogs-handlers.adb:320:06: warning: formal parameter "Self" is not referenced [-gnatwf]
matreshka-xml_catalogs-handlers.adb:541:06: warning: formal parameter "Success" is not referenced [-gnatwf]
matreshka-xml_catalogs-handlers.adb:601:06: warning: formal parameter "Success" is not referenced [-gnatwf]
matreshka-xml_catalogs-handlers.adb:1025:06: warning: formal parameter "Success" is not referenced [-gnatwf]
matreshka-xml_catalogs-handlers.adb:1115:06: warning: formal parameter "Self" is not referenced [-gnatwf]
matreshka-xml_catalogs-handlers.adb:1117:06: warning: formal parameter "Success" is not referenced [-gnatwf]

   compilation of league-holders-json_arrays.ads failed

gprbuild: *** compilation phase failed
stderr: Command ["gprbuild", "-s", "-j0", "-p", "-P", "/home/runner/work/alire-crates-ci/alire-crates-ci/test/cedfec6b-01ba-46e0-834a-1828e12de40f/matreshka_amf_21.0.0_abff6b28/build_matreshka_amf.gpr", "-cargs:Ada", "-gnatwn"] exited with code 4
ERROR: Command ["gprbuild", "-s", "-j0", "-p", "-P", "/home/runner/work/alire-crates-ci/alire-crates-ci/test/cedfec6b-01ba-46e0-834a-1828e12de40f/matreshka_amf_21.0.0_abff6b28/build_matreshka_amf.gpr", "-cargs:Ada", "-gnatwn"] exited with code 4
stderr: ALIRE.CHECKED_ERROR
stderr: Command ["gprbuild", "-s", "-j0", "-p", "-P", "/home/runner/work/alire-crates-ci/alire-crates-ci/test/cedfec6b-01ba-46e0-834a-1828e12de40f/matreshka_amf_21.0.0_abff6b28/build_matreshka_amf.gpr", "-cargs:Ada", "-gnatwn"] exited with code 4
stderr: raised ALIRE.CHECKED_ERROR : alire-stored-error:1
[/home/runner/work/alire-crates-ci/alire-crates-ci/alire_install/bin/alr]
0xe75bc6 Alire.Raise_Checked_Error at alire.adb:284
0xac1a54 Alire.Os_Lib.Subprocess.Checked_Spawn at alire-os_lib-subprocess.adb:111
0xd40276 Alire.Spawn.Command at alire-spawn.adb:22
0xd412ee Alire.Spawn.Gprbuild at alire-spawn.adb:68
0xc748cb Alire.Roots.Build at alire-roots.adb:189
0xc7301a Alire.Roots.Build at alire-roots.adb:255
0xc9832b Alire.Roots.Traverse at alire-roots.adb:2143
0xcfee85 Alire.Solutions.Traverse.Visit at alire-solutions.adb:1472
0xcfdfcc Alire.Solutions.Traverse at alire-solutions.adb:1555
0xc9841e Alire.Roots.Traverse at alire-roots.adb:2147
0xc984dd Alire.Roots.Traverse at alire-roots.adb:2127
0xc7359b Alire.Roots.Build at alire-roots.adb:286
0xc736d7 Alire.Roots.Build at alire-roots.adb:114
0x49aa0d Alr.Commands.Build.Execute at alr-commands-build.adb:145
0x49a36d Alr.Commands.Build.Execute at alr-commands-build.adb:113
0x49a51f Alr.Commands.Build.Execute at alr-commands-build.adb:54
0x53bbcc Alr.Commands.Sub_Cmd.Execute at clic-subcommand-instance.adb:749
0x5472be Alr.Commands.Execute at alr-commands.adb:632
0x43d48a Alr.Main at alr-main.adb:13
0x4403a3 Main at b__alr-main.adb:2445
[/lib/x86_64-linux-gnu/libc.so.6]
0x7fb43922a1c8
0x7fb43922a289
[/home/runner/work/alire-crates-ci/alire-crates-ci/alire_install/bin/alr]
0x43d323 _start at ???
0xfffffffffffffffe

stderr: ALIRE.ROOTS.BUILD._WRAPPED_STATEMENTS.BUILD_FAILED
stderr: alire-roots.adb:202
stderr: raised ALIRE.ROOTS.BUILD._WRAPPED_STATEMENTS.BUILD_FAILED : alire-roots.adb:202
[/home/runner/work/alire-crates-ci/alire-crates-ci/alire_install/bin/alr]
0xc74cc7 Alire.Roots.Build at alire-roots.adb:202
0xc7301a Alire.Roots.Build at alire-roots.adb:255
0xc9832b Alire.Roots.Traverse at alire-roots.adb:2143
0xcfee85 Alire.Solutions.Traverse.Visit at alire-solutions.adb:1472
0xcfdfcc Alire.Solutions.Traverse at alire-solutions.adb:1555
0xc9841e Alire.Roots.Traverse at alire-roots.adb:2147
0xc984dd Alire.Roots.Traverse at alire-roots.adb:2127
0xc7359b Alire.Roots.Build at alire-roots.adb:286
0xc736d7 Alire.Roots.Build at alire-roots.adb:114
0x49aa0d Alr.Commands.Build.Execute at alr-commands-build.adb:145
0x49a36d Alr.Commands.Build.Execute at alr-commands-build.adb:113
0x49a51f Alr.Commands.Build.Execute at alr-commands-build.adb:54
0x53bbcc Alr.Commands.Sub_Cmd.Execute at clic-subcommand-instance.adb:749
0x5472be Alr.Commands.Execute at alr-commands.adb:632
0x43d48a Alr.Main at alr-main.adb:13
0x4403a3 Main at b__alr-main.adb:2445
[/lib/x86_64-linux-gnu/libc.so.6]
0x7fb43922a1c8
0x7fb43922a289
[/home/runner/work/alire-crates-ci/alire-crates-ci/alire_install/bin/alr]
0x43d323 _start at ???
0xfffffffffffffffe

ERROR: Compilation failed.
