Test ran at 2025-05-27 12:44:58.581787+00:00

SOLUTION:
gnoga=2.1.2: gnoga - The GNU Omnificent GUI for Ada
Origin: commit 5f127c56986a7a1a562b405d7934eabf8e624c25 from https://github.com/Blady-Com/gnoga.git
Properties:
   Author: David Botton
   Description: gnoga - The GNU Omnificent GUI for Ada
   case OS is
      when Linux => GPR External: PRJ_TARGET := Linux
      when Macos => GPR External: PRJ_TARGET := OSX
      when Windows => GPR External: PRJ_TARGET := Windows
   License: GPL-3.0-only WITH GCC-exception-3.1
   Maintainer: Pascal Pignard <blady.net@orange.fr>
   Maintainers_Logins: Blady-Com
   Name: gnoga
   Project_File: lib_gnoga.gpr
   Tag: gui
   Tag: web
   Tag: server
   Tag: http
   Tag: https
   Tag: ssl
   Version: 2.1.2
   Website: https://github.com/Blady-Com/gnoga
Dependencies (direct):
   gnat>=2021 | (>=12 & <2000)
   simple_components^4.62.0
   uxstrings~0.4.0+alpha-20220803
Dependencies (solution):
   gnat=14.2.1 (gnat_native)
   libgnutls=3.8.3
   simple_components=4.68.0
   unixodbc=2.3.12
   uxstrings=0.4.1+alpha-20230223
Dependencies (graph):
   gnoga=2.1.2                    --> gnat=14.2.1 (gnat_native) (>=2021 | (>=12 & <2000))
   gnoga=2.1.2                    --> simple_components=4.68.0 (^4.62.0)
   gnoga=2.1.2                    --> uxstrings=0.4.1+alpha-20230223 (~0.4.0+alpha-20220803)
   simple_components=4.68.0       --> gnat=14.2.1 (gnat_native) (>=2021 | (>=12 & <2000))
   simple_components=4.68.0       --> libgnutls=3.8.3 (^3.7)
   simple_components=4.68.0       --> unixodbc=2.3.12 (^2.3)
   uxstrings=0.4.1+alpha-20230223 --> gnat=14.2.1 (gnat_native) (>=2021 | (>=12 & <2000))
   uxstrings=0.4.1+alpha-20230223 --> simple_components=4.68.0 (^4.62.0)


LOG:
Spawning: alr -d -n get --build gnoga=2.1.2
Note: Deploying gnoga=2.1.2...
Note: Building gnoga=2.1.2/lib_gnoga.gpr...
Setup
   [mkdir]        object directory for project Lib_Gnoga
   [mkdir]        library directory for project Lib_Gnoga
Compile
   [Ada]          gnoga-gui-plugin-message_boxes.adb
   [Ada]          gnoga-gui-plugin-boot_strap.adb
   [Ada]          gnoga-gui-plugin-pixi-graphics.adb
   [Ada]          gnoga-gui-plugin-pixi.adb
gnoga-gui-plugin-pixi-graphics.adb:39:17: warning: unit "Ada.Strings.Unbounded" is not referenced [-gnatwu]
gnoga-gui-plugin-pixi-graphics.adb:120:36: warning: Bounds_Padding no more available. [enabled by default]
gnoga-gui-plugin-pixi-graphics.adb:132:36: warning: Bounds_Padding no more available. [enabled by default]
gnoga-gui-plugin-pixi-graphics.adb:145:36: warning: Fill_Alpha no more available. [enabled by default]
gnoga-gui-plugin-pixi-graphics.adb:458:36: warning: Add_Hole no more available. [enabled by default]
gnoga-gui-plugin-pixi-graphics.adb:670:36: warning: Generate_Canvas_Texture no more available. [enabled by default]
   [Ada]          gnoga-gui-plugin-pixi-text.adb
   [Ada]          gnoga-gui-plugin-pixi-sprite.adb
   [Ada]          gnoga-gui-plugin-jstree.adb
gnoga-gui-plugin-pixi.adb:312:36: warning: Create from renderer is no more available. [enabled by default]
   [Ada]          gnoga-gui-plugin-mnmenu.adb
   [Ada]          gnoga-gui-plugin-jqueryui-widget.adb
   [Ada]          gnoga-gui-plugin-jqueryui.adb
   [Ada]          gnoga-gui-plugin-ace_editor.adb
gnoga-gui-plugin-pixi-sprite.adb:39:09: warning: unit "Ada.Strings" is not referenced [-gnatwu]
gnoga-gui-plugin-pixi-sprite.adb:179:36: warning: Pattern unimplemented [enabled by default]
gnoga-gui-plugin-pixi-sprite.adb:192:36: warning: Pattern unimplemented [enabled by default]
   [Ada]          gnoga-gui-plugin-ace_editor-console_io.adb
   [Ada]          gnoga-gui-view-card.adb
gnoga-gui-plugin-ace_editor-console_io.adb:40:09: warning: unit "Ada.Strings" is not referenced [-gnatwu]
gnoga-gui-plugin-ace_editor-console_io.adb:171:36: warning: Set_Page_Length unimplemented [enabled by default]
gnoga-gui-plugin-ace_editor-console_io.adb:268:36: warning: Skip_Page unimplemented [enabled by default]
gnoga-gui-plugin-ace_editor-console_io.adb:282:36: warning: End_Of_Page unimplemented [enabled by default]
   [Ada]          gnoga-gui-document.adb
   [Ada]          gnoga-gui-view-grid.adb
   [Ada]          gnoga-gui-element-style_block.adb
   [Ada]          gnoga-server-connection-common.ads
   [Ada]          gnoga-gui-view-modal_dialog.adb
gnoga-gui-view-grid.adb:68:16: warning: function "TR_Height" is not referenced [-gnatwu]
   [Ada]          gnoga-server-mime.adb
   [Ada]          gnoga-gui-navigator.adb
   [Ada]          gnoga-application-multi_connect.adb
   [Ada]          gnoga-types.adb
   [Ada]          gnoga-application-singleton.adb
   [Ada]          gnoga-gui-element-form.adb
   [Ada]          gnoga-client-files.adb
   [Ada]          gnoga-server-template_parser-simple.adb
gnoga-server-template_parser-simple.adb:107:17: warning: "F" modified by call, but value might not be referenced [-gnatw.o]
   [Ada]          gnoga-gui-location.adb
   [Ada]          gnoga-application-gtk_window.adb
gnoga-application-gtk_window.adb:69:10: warning: "Launch_Gtk_Window.URL" involves a tagged type which does not correspond to any C type [-gnatwx]
   [Ada]          gnoga-gui-element-common.adb
   [Ada]          gnoga-gui-view-console.adb
   [Ada]          gnoga-types-colors.adb
   [Ada]          gnoga-server-template_parser.adb
   [Ada]          gnoga-gui-element-canvas-context_2d-sprite.adb
   [Ada]          gnoga-gui-element.adb
gnoga-server-template_parser.adb:317:14: warning: "F" modified by call, but value might not be referenced [-gnatw.o]
   [Ada]          gnoga-types-key_codes.ads
   [Ada]          gnoga-gui-modal_dialog.adb
   [Ada]          gnoga-gui-element-phrase.adb
   [Ada]          gnoga-client-bind_page.adb
   [Ada]          gnoga-gui-view.adb
   [Ada]          gnoga-server-database.adb
   [Ada]          gnoga-server-template_parser-python.adb
   [Ada]          gnoga-gui-element-form-fieldset.adb
   [Ada]          gnoga-gui-element-table.adb
   [Ada]          gnoga-gui-view-docker.adb
   [Ada]          gnoga-gui-element-canvas-context_2d.adb
   [Ada]          gnoga-gui-element-canvas-context_2d-plotting.adb
   [Ada]          gnoga-server-model-table.adb
   [Ada]          gnoga-application.adb
   [Ada]          gnoga-gui-window.adb
   [Ada]          gnoga-server-model.adb
   [Ada]          gnoga-gui-element-svg.adb
   [Ada]          gnoga-gui-plugin-macgap.adb
gnoga-server-model.adb:63:07: warning: formal subtypes conform but come from different declarations [-gnatw_p]
gnoga-server-model.adb:126:13: warning: result subtypes conform but come from different declarations [-gnatw_p]
   [Ada]          gnoga-gui-element-canvas.adb
   [Ada]          gnoga-gui-element-multimedia.adb
   [Ada]          gnoga-server-model-queries.adb
gnoga-gui-window.adb:72:16: warning: function "Split" is not referenced [-gnatwu]
   [Ada]          gnoga-gui-element-list.adb
   [Ada]          gnoga-client-storage.adb
gnoga-client-storage.adb:155:13: warning: function "Local_Storage" is not referenced [-gnatwu]
gnoga-client-storage.adb:192:13: warning: function "Session_Storage" is not referenced [-gnatwu]
   [Ada]          gnoga.adb
   [Ada]          gnoga-gui-plugin.ads
   [Ada]          gnoga-server-database-mysql.adb
   [Ada]          gnoga-server.adb
gnoga.ads:46:12: warning: redefinition of entity "String" in Standard [-gnatw.k]
   [Ada]          gnoga-server-connection.adb
   [Ada]          gnoga-client.ads
   [Ada]          gnoga-server-database-sqlite.adb
   [Ada]          gnoga-gui-base.adb
gnoga-server-database-mysql.adb:89:10: warning: "MYSQL_Real_Connect.mHost" involves a tagged type which does not correspond to any C type [-gnatwx]
gnoga-server-database-mysql.adb:90:10: warning: "MYSQL_Real_Connect.mUser" involves a tagged type which does not correspond to any C type [-gnatwx]
gnoga-server-database-mysql.adb:91:10: warning: "MYSQL_Real_Connect.Passwd" involves a tagged type which does not correspond to any C type [-gnatwx]
gnoga-server-database-mysql.adb:101:10: warning: "MYSQL_Select_DB.db" involves a tagged type which does not correspond to any C type [-gnatwx]
gnoga-server-database-mysql.adb:146:10: warning: "MYSQL_Real_Query.q" involves a tagged type which does not correspond to any C type [-gnatwx]
gnoga-server-database-mysql.adb:324:10: warning: "MYSQL_Real_Query.q" involves a tagged type which does not correspond to any C type [-gnatwx]
   [Ada]          gnoga-gui-element-section.adb
gnoga-server-database-sqlite.adb:81:07: warning: named number "SQLITE_OPEN_NOMUTEX" is not referenced [-gnatwu]
   [Ada]          gnoga-gui.ads
   [Ada]          gnoga-gui-screen.adb
   [Ada]          gnoga-gui-element-iframe.adb
   [Ada]          gnoga-server-migration.adb
   [Ada]          gnoga-gui-plugin-jquery.adb
   [Ada]          gnoga-gui-module.ads
gnoga-gui-base.adb:123:07: warning: named number "No_Button" is not referenced [-gnatwu]
gnoga-server-connection.adb:367:07: warning: use clause for private type "String" defined at gnoga.ads:46 has no effect [-gnatwu]
gnoga-server-connection.adb:1603:10: warning: formal subtypes conform but come from different declarations [-gnatw_p]
gnoga-server-connection.adb:1613:39: warning: formal subtypes conform but come from different declarations [-gnatw_p]
gnoga-server-connection.adb:1821:10: warning: use clause for private type "String" defined at gnoga.ads:46 has no effect [-gnatwu]
gnoga-server-connection.adb:1827:10: warning: use clause for private type "String" defined at gnoga.ads:46 has no effect [-gnatwu]
Build Libraries
   [gprlib]       gnoga.lexch
   [archive]      libgnoga.a
   [index]        libgnoga.a

gnoga=2.1.2 successfully retrieved and built.
Dependencies were solved as follows:

   +b gnat              14.2.1               (new,gnat_native,binary)
   +b libgnutls         3.8.3                (new,indirect,system package)
   +  simple_components 4.68.0               (new)
   +b unixodbc          2.3.12               (new,indirect,system package)
   +  uxstrings         0.4.1+alpha-20230223 (new)
Found declared GPR file: lib_gnoga.gpr
