Test ran at 2026-08-24 12:54:04.391037+00:00

SOLUTION:
eeprom_i2c=8.0.1: EEPROM I2C drivers library for embedded platforms
Origin: commit 555a0529352e6c18c468b5c7bd78f77751596544 from https://github.com/hgrodriguez/eeprom_i2c.git
Properties:
   Author: Holger Rodriguez
   Description: EEPROM I2C drivers library for embedded platforms
   License: BSD-3-Clause
   Maintainer: Holger Rodriguez <github@roseng.ch>
   Maintainers_Logins: hgrodriguez
   Name: eeprom_i2c
   Tag: embedded
   Tag: nostd
   Tag: eeprom
   Tag: rp2040
   Tag: i2c
   Version: 8.0.1
   Website: https://github.com/hgrodriguez/eeprom_i2c
Dependencies (direct):
   hal^1
Dependencies (solution):
   hal=1.0.0
Dependencies (graph):
   eeprom_i2c=8.0.1 --> hal=1.0.0 (^1)


LOG:
[alr test] Testing eeprom_i2c=8.0.1
[alr test] Spawning retrieval for remote crate: alr -d -n get eeprom_i2c=8.0.1
Note: Deploying eeprom_i2c=8.0.1...
Note: Deploying hal=1.0.0...

eeprom_i2c=8.0.1 successfully retrieved.
Dependencies were solved as follows:

   + hal 1.0.0 (new)
[alr test] Spawning default test for remote crate: alr -d -n build --release -- -cargs:Ada -gnatwn
Note: Building eeprom_i2c=8.0.1/eeprom_i2c.gpr...
"C:\Users\runneradmin\AppData\Local\alire\cache\builds\hal_1.0.0_084c6412\fa2d32234670876efcb6c47e184de8e6251b21c4c9eb4827dd89ccf323a9f0fd\obj" created
"C:\Users\runneradmin\AppData\Local\alire\cache\builds\hal_1.0.0_084c6412\fa2d32234670876efcb6c47e184de8e6251b21c4c9eb4827dd89ccf323a9f0fd\lib" created
"obj" created
"lib" created
[Ada Compile]     hal-audio.ads
[Ada Compile]     hal-bitmap.ads
[Ada Compile]     hal-block_drivers.ads
[Ada Compile]     hal-dsi.ads
[Ada Compile]     hal-filesystem.ads
[Ada Compile]     hal-flash.ads
[Ada Compile]     hal-framebuffer.ads
[Ada Compile]     hal-gpio.ads
[Ada Compile]     hal-i2c.ads
[Ada Compile]     hal-real_time_clock.ads
[Ada Compile]     hal-sdmmc.adb
[Ada Compile]     hal-spi.ads
[Ada Compile]     hal-time.ads
[Ada Compile]     hal-touch_panel.ads
[Ada Compile]     hal-uart.ads
[Ada Compile]     hal.ads
[Ada Compile]     eeprom_i2c-mc24xx01.ads
[Ada Compile]     eeprom_i2c-mc24xx02.ads
[Ada Compile]     eeprom_i2c-mc24xx04.ads
[Archive]         libhal.a
[Ada Compile]     eeprom_i2c-mc24xx08.ads
[Ada Compile]     eeprom_i2c-mc24xx1024.ads
[Ada Compile]     eeprom_i2c-mc24xx128.ads
[Ada Compile]     eeprom_i2c-mc24xx16.ads
[Ada Compile]     eeprom_i2c-mc24xx256.ads
[Ada Compile]     eeprom_i2c-mc24xx32.ads
[Ada Compile]     eeprom_i2c-mc24xx512.ads
[Ada Compile]     eeprom_i2c-mc24xx64.ads
[Ada Compile]     eeprom_i2c.adb
[Archive]         libEeprom_I2c.a
Success: Build finished successfully in 3.15 seconds.
Found declared GPR file: eeprom_i2c.gpr
[alr test] Test completed SUCCESSFULLY
