Test ran at 2025-06-18 01:16:28.307503+00:00

SOLUTION:
dummyserver=1.0.0: DummyServer is a terminal program that serves dummy content
Origin: commit 9a6e8708b748fc1f16b8fdd69c3944ae4e7ebcb3 from https://github.com/bracke/dummyserver.git
Properties:
   Author: Bent Bracke
   Description: DummyServer is a terminal program that serves dummy content
   Executable: dummyserver
   License: CC0-1.0
   Long_Description: DummyServer is a terminal program that serves dummy content (resources). These resources are defined in a single JSON configuration and configuration is thus very simple and fast. The prime purpose of DummyServer is to serve content to test client applications.
   Maintainer: Bent Bracke <bent@bracke.dk>
   Maintainers_Logins: bracke
   Name: dummyserver
   Tag: http
   Tag: server
   Tag: test
   Tag: terminal
   Tag: console
   Version: 1.0.0
   Website: https://github.com/bracke/dummyserver
Dependencies (direct):
   json^5.0.3
Dependencies (solution):
   gnat=12.2.1 (gnat_native)
   json=5.0.3
Dependencies (graph):
   dummyserver=1.0.0 --> json=5.0.3 (^5.0.3)
   json=5.0.3        --> gnat=12.2.1 (gnat_native) (<=13)


LOG:
Spawning: alr -d -n get --build dummyserver=1.0.0
Note: Deploying dummyserver=1.0.0...
Note: Deploying gnat_native=12.2.1...
#=#=#                                                                         
##O#-#                                                                        

                                                                           0.0%
#                                                                          1.9%
##                                                                         3.4%
####                                                                       6.8%
#######                                                                   10.1%
##########                                                                14.1%
############                                                              16.9%
##############                                                            20.3%
#################                                                         23.6%
###################                                                       27.0%
######################                                                    30.8%
########################                                                  33.8%
##########################                                                37.2%
#############################                                             40.5%
###############################                                           43.9%
##################################                                        47.7%
####################################                                      50.7%
######################################                                    54.0%
#########################################                                 57.4%
###########################################                               60.8%
##############################################                            64.2%
################################################                          67.6%
###################################################                       70.9%
#####################################################                     74.3%
#######################################################                   77.7%
##########################################################                81.1%
############################################################              84.5%
###############################################################           87.8%
#################################################################         91.2%
####################################################################      94.6%
######################################################################    98.0%
######################################################################## 100.0%
Note: gnat_native=12.2.1 installed successfully.
Note: Deploying json=5.0.3...
Note: Building json=5.0.3/json.gpr (1/2)...
Setup
   [mkdir]        object directory for project JSON
   [mkdir]        library directory for project JSON
Compile
   [Ada]          json-parsers.adb
   [Ada]          json.ads
   [Ada]          json-streams.adb
   [Ada]          json-tokenizers.adb
   [Ada]          json-types.adb
Build Libraries
   [gprlib]       json-ada.lexch
   [archive]      libjson-ada.a
   [index]        libjson-ada.a
Note: Building json=5.0.3/json_pretty_print.gpr (2/2)...
Setup
   [mkdir]        object directory for project JSON_Pretty_Print
   [mkdir]        exec directory for project JSON_Pretty_Print
Compile
   [Ada]          pretty_print.adb
Bind
   [gprbind]      pretty_print.bexch
   [Ada]          pretty_print.ali
Link
   [link]         pretty_print.adb
Note: Building dummyserver=1.0.0/dummyserver.gpr...
Setup
   [mkdir]        object directory for project Dummyserver
   [mkdir]        exec directory for project Dummyserver
Compile
   [Ada]          dummyserver.adb
   [Ada]          configuration.adb
   [Ada]          server.adb
   [Ada]          black.ads
   [Ada]          black-request.adb
   [Ada]          black-response.adb
   [Ada]          gnat-sockets-convenience.adb
   [Ada]          black-text_io.adb
   [Ada]          url_utilities.adb
   [Ada]          black-http.adb
   [Ada]          black-mime_types.ads
   [Ada]          black-optional_http_method.ads
   [Ada]          black-optional_natural.ads
   [Ada]          black-optional_string.ads
   [Ada]          black-parameter.ads
   [Ada]          black-parameter-vectors.ads
   [Ada]          black-parsing.adb
   [Ada]          hex_utilities.adb
   [Ada]          black-generic_optional.adb
Bind
   [gprbind]      dummyserver.bexch
   [Ada]          dummyserver.ali
Link
   [link]         dummyserver.adb

dummyserver=1.0.0 successfully retrieved and built.
Dependencies were solved as follows:

   +b gnat 12.2.1 (new,gnat_native,indirect,binary)
   +  json 5.0.3  (new)
Found declared GPR file: dummyserver.gpr
FAIL: Declared executable not found after compilation: dummyserver
