Test ran at 2025-06-08 01:13:55.845342+00:00

SOLUTION:
emacs_wisitoken_grammar_mode=1.3.0: parser for Emacs wisitoken-grammar mode
Origin: commit 97b377b32e65815bf743b329c948a96693190a2c from https://git.savannah.nongnu.org/git/ada-mode.git
Properties:
   Pre_Build run: make -f Alire.make wisitoken_grammar_1_re2c.c (from ${CRATE_ROOT}/.)
   Author: Stephen Leake
   Description: parser for Emacs wisitoken-grammar mode
   Executable: wisitoken_grammar_mode_parse
   License: GPL-3.0-or-later
   Long_Description: Generalized LR error-correcting parser for WisiToken grammar source
files, generated using WisiToken, interfaced to Emacs via the wisi
package.

Provides semantic highlighting, indent, single-file navigation. 

   Maintainer: Stephen Leake <stephen_leake@stephe-leake.org>
   Maintainers_Logins: stephe-ada-guru
   Name: emacs_wisitoken_grammar_mode
   Project_File: emacs_wisitoken_grammar_mode.gpr
   Tag: indent
   Tag: highlight
   Tag: parser
   Tag: emacs
   Version: 1.3.0
   Website: https://elpa.gnu.org/packages/wisitoken-grammar-mode.html
Dependencies (direct):
   emacs_wisi~4.2.0
   gnat(>=11 & <2000) | >=2021
   re2c>=2.2
   stephes_ada_library~3.7.2
   wisitoken~4.1.0
Dependencies (solution):
   emacs_wisi=4.2.0
   gnat=14.2.1 (gnat_external)
   gnatcoll=22.0.0
   libgpr=22.0.0
   re2c=3.1.0
   stephes_ada_library=3.7.3
   wisitoken=4.1.0
   xmlada=22.0.0
Dependencies (graph):
   emacs_wisi=4.2.0                   --> gnat=14.2.1 (gnat_external) ((>=11 & <2000) | >=2021)
   emacs_wisi=4.2.0                   --> stephes_ada_library=3.7.3 (~3.7.2)
   emacs_wisi=4.2.0                   --> wisitoken=4.1.0 (~4.1.0)
   emacs_wisitoken_grammar_mode=1.3.0 --> emacs_wisi=4.2.0 (~4.2.0)
   emacs_wisitoken_grammar_mode=1.3.0 --> gnat=14.2.1 (gnat_external) ((>=11 & <2000) | >=2021)
   emacs_wisitoken_grammar_mode=1.3.0 --> re2c=3.1.0 (>=2.2)
   emacs_wisitoken_grammar_mode=1.3.0 --> stephes_ada_library=3.7.3 (~3.7.2)
   emacs_wisitoken_grammar_mode=1.3.0 --> wisitoken=4.1.0 (~4.1.0)
   gnatcoll=22.0.0                    --> libgpr=22.0.0 (~22.0.0)
   libgpr=22.0.0                      --> gnat=14.2.1 (gnat_external) (/=2020)
   libgpr=22.0.0                      --> xmlada=22.0.0 (~22.0.0)
   stephes_ada_library=3.7.3          --> gnat=14.2.1 (gnat_external) ((>=11 & <2000) | >=2021)
   wisitoken=4.1.0                    --> gnat=14.2.1 (gnat_external) ((>=11 & <2000) | >=2021)
   wisitoken=4.1.0                    --> gnatcoll=22.0.0 (^22.0.0)
   wisitoken=4.1.0                    --> stephes_ada_library=3.7.3 (~3.7.2)
   xmlada=22.0.0                      --> gnat=14.2.1 (gnat_external) (>=11)


LOG:
Spawning: alr -d -n get --build emacs_wisitoken_grammar_mode=1.3.0
Note: Deploying emacs_wisitoken_grammar_mode=1.3.0...
hint: Using 'master' as the name for the initial branch. This default branch name
hint: is subject to change. To configure the initial branch name to use in all
hint: of your new repositories, which will suppress this warning, call:
hint:
hint: 	git config --global init.defaultBranch <name>
hint:
hint: Names commonly chosen instead of 'master' are 'main', 'trunk' and
hint: 'development'. The just-created branch can be renamed via this command:
hint:
hint: 	git branch -m <name>
warning: remote HEAD refers to nonexistent ref, unable to checkout
Note: Deploying re2c=3.1.0...
The system package 're2c' is about to be installed.
This action might require admin privileges and impact your system installation.
Do you want Alire to install this system package?
Using default: Yes
Last metadata expiration check: 0:04:51 ago on Sun Jun  8 01:08:10 2025.
Dependencies resolved.
================================================================================
 Package        Architecture     Version                 Repository        Size
================================================================================
Installing:
 re2c           x86_64           3.1-2.fc40              fedora           621 k

Transaction Summary
================================================================================
Install  1 Package

Total download size: 621 k
Installed size: 4.0 M
Downloading Packages:
re2c-3.1-2.fc40.x86_64.rpm                      2.3 MB/s | 621 kB     00:00    
--------------------------------------------------------------------------------
Total                                           1.9 MB/s | 621 kB     00:00     
Running transaction check
Transaction check succeeded.
Running transaction test
Transaction test succeeded.
Running transaction
  Preparing        :                                                        1/1 
  Installing       : re2c-3.1-2.fc40.x86_64                                 1/1 
  Running scriptlet: re2c-3.1-2.fc40.x86_64                                 1/1 

Installed:
  re2c-3.1-2.fc40.x86_64                                                        

Complete!
Note: Deploying stephes_ada_library=3.7.3...
hint: Using 'master' as the name for the initial branch. This default branch name
hint: is subject to change. To configure the initial branch name to use in all
hint: of your new repositories, which will suppress this warning, call:
hint:
hint: 	git config --global init.defaultBranch <name>
hint:
hint: Names commonly chosen instead of 'master' are 'main', 'trunk' and
hint: 'development'. The just-created branch can be renamed via this command:
hint:
hint: 	git branch -m <name>
warning: remote HEAD refers to nonexistent ref, unable to checkout
Note: Deploying xmlada=22.0.0...
#=#=#                                                                          
##=#=#                                                                         
Note: Deploying libgpr=22.0.0...
#=#=#                                                                          
##=#=#                                                                         
Note: Deploying gnatcoll=22.0.0...
#=#=#                                                                          
##=#=#                                                                         
Note: Deploying wisitoken=4.1.0...
#=#=#                                                                          
##O#-#                                                                         
##O=#  #                                                                       
#=#=-#  #                                                                      
-#O#- #   #                                                                    
-=#=#   #   #                                                                  
-=O#-#   #   #                                                                 

#                                                                          1.5%
########                                                                  12.2%
##############                                                            19.8%
##################                                                        25.9%
#######################                                                   32.0%
#############################                                             41.1%
##############################                                            42.7%
######################################                                    53.3%
#########################################                                 57.9%
##############################################                            64.0%
#################################################                         68.6%
#####################################################                     74.7%
#########################################################                 79.2%
###########################################################               82.3%
#############################################################             85.3%
#################################################################         91.4%
####################################################################      94.5%
######################################################################    97.5%
######################################################################## 100.0%
Note: Deploying emacs_wisi=4.2.0...
#=#=#                                                                          
##O#-#                                                                         
##O=#  #                                                                       
#=#=-#  #                                                                      
-#O#- #   #                                                                    
-=#=#   #   #                                                                  
-=O#-#   #   #                                                                 
-=O=#  #   #   #                                                               

###############                                                           21.2%
######################                                                    31.9%
##############################################                            64.0%
######################################################################## 100.0%
Note: Alire has selected automatically this toolchain:
   gprbuild=22.0.1
   gnat_native=14.2.1
You can select a different toolchain at any time with `alr toolchain --select`
Download will start now:
Note: Deploying gprbuild=22.0.1...

                                                                           0.0%
#########################                                                 35.9%
######################################################################## 100.0%
Note: gprbuild=22.0.1 installed successfully.
Note: Deploying gnat_native=14.2.1...

                                                                           0.0%
######                                                                     9.2%
#############                                                             18.1%
####################                                                      28.2%
##########################                                                36.9%
#################################                                         46.8%
######################################                                    54.0%
##############################################                            64.0%
#####################################################                     74.4%
############################################################              84.5%
###################################################################       94.4%
######################################################################## 100.0%
Note: gnat_native=14.2.1 installed successfully.
Note: Running post-fetch actions for xmlada=22.0.0...
checking build system type... x86_64-unknown-linux-gnu
checking host system type... x86_64-unknown-linux-gnu
checking target system type... x86_64-unknown-linux-gnu
checking whether gnat can build shared libs... no
checking for a BSD-compatible install... /usr/bin/install -c
checking whether ln -s works... yes
configure: creating ./config.status
config.status: creating xmlada_shared.gpr
config.status: creating Makefile
config.status: creating tests/dom/default.gpr
Note: Building wisitoken=4.1.0/build/wisitoken_alire.gpr (1/2)...
gnatcoll.gpr:254:07: warning: value "windows" is not used as label
gprconfig: can't find a native toolchain for language 'ada'
gprconfig: can't find a native toolchain for language 'ada'
Setup
   [mkdir]        object directory for project XmlAda_Sax
   [mkdir]        library directory for project XmlAda_Sax
   [mkdir]        object directory for project XmlAda_Schema
   [mkdir]        object directory for project GPR
   [mkdir]        library directory for project GPR
   [mkdir]        object directory for project GnatColl
   [mkdir]        library directory for project GnatColl
   [mkdir]        object directory for project Stephes_Ada_Library
   [mkdir]        exec directory for project Stephes_Ada_Library
   [mkdir]        object directory for project Wisitoken_Alire
   [mkdir]        library directory for project Wisitoken_Alire
xmlada_unicode.gpr:26:09: warning: there are no sources of language "C" in this project
xmlada_sax.gpr:28:09: warning: there are no sources of language "C" in this project
xmlada_input.gpr:27:09: warning: there are no sources of language "C" in this project
xmlada_dom.gpr:28:09: warning: there are no sources of language "C" in this project
xmlada_schema.gpr:29:09: warning: there are no sources of language "C" in this project
stephes_ada_library.gpr:21:09: warning: there are no sources of language "C" in this project
gpr.gpr:21:17: no compiler for language "Ada", cannot compile "gpr-proc.ads"
gprbuild: *** compilation phase failed
stderr: Command ["gprbuild", "-s", "-j0", "-p", "-P", "/root/.local/share/alire/builds/wisitoken_4.1.0_f9cd282e/a9e98aad847e9411e36f767a6691788a129dcc6ed447b1fd64e0622d1340694a/build/wisitoken_alire.gpr"] exited with code 4
ERROR: Command ["gprbuild", "-s", "-j0", "-p", "-P", "/root/.local/share/alire/builds/wisitoken_4.1.0_f9cd282e/a9e98aad847e9411e36f767a6691788a129dcc6ed447b1fd64e0622d1340694a/build/wisitoken_alire.gpr"] exited with code 4
stderr: ALIRE.CHECKED_ERROR
stderr: Command ["gprbuild", "-s", "-j0", "-p", "-P", "/root/.local/share/alire/builds/wisitoken_4.1.0_f9cd282e/a9e98aad847e9411e36f767a6691788a129dcc6ed447b1fd64e0622d1340694a/build/wisitoken_alire.gpr"] exited with code 4
stderr: raised ALIRE.CHECKED_ERROR : alire-stored-error:1
[/usr/bin/alr]
0xe16f5e Alire.Raise_Checked_Error at alire.adb:284
0xa845be Alire.Os_Lib.Subprocess.Checked_Spawn at alire-os_lib-subprocess.adb:111
0xcef7be Alire.Spawn.Command at alire-spawn.adb:21
0xcefdde Alire.Spawn.Gprbuild at alire-spawn.adb:41
0xc31d1f Alire.Roots.Build at alire-roots.adb:186
0xc304da Alire.Roots.Build at alire-roots.adb:252
0xc53d6f Alire.Roots.Traverse at alire-roots.adb:2075
0xcba1fd Alire.Solutions.Traverse.Visit at alire-solutions.adb:1480
0xcb901a Alire.Solutions.Traverse at alire-solutions.adb:1547
0xc53e62 Alire.Roots.Traverse at alire-roots.adb:2079
0xc53f21 Alire.Roots.Traverse at alire-roots.adb:2059
0xc30a46 Alire.Roots.Build at alire-roots.adb:283
0xc30b2b Alire.Roots.Build at alire-roots.adb:111
0x4a5e38 Alr.Commands.Get.Retrieve at alr-commands-get.adb:205
0x4a94f3 Alr.Commands.Get.Execute at alr-commands-get.adb:378
0x4a96a1 Alr.Commands.Get.Execute at alr-commands-get.adb:256
0x533c96 Alr.Commands.Sub_Cmd.Execute at clic-subcommand-instance.adb:749
0x53eff7 Alr.Commands.Execute at alr-commands.adb:561
0x43953a Alr.Main at alr-main.adb:13
0x43c1d3 Main at b__alr-main.adb:2299
[/lib64/libc.so.6]
0x7fb11d965086
0x7fb11d965149
[/usr/bin/alr]
0x4393dc _start at ???
0xfffffffffffffffe


Warning: emacs_wisitoken_grammar_mode=1.3.0 successfully retrieved but its build failed.
Dependencies were solved as follows:

   +  emacs_wisi          4.2.0  (new)
   +b gnat                14.2.1 (new,gnat_external,executable in path)
   +  gnatcoll            22.0.0 (new,indirect)
   +  libgpr              22.0.0 (new,indirect)
   +b re2c                3.1.0  (new,system package)
   +  stephes_ada_library 3.7.3  (new)
   +  wisitoken           4.1.0  (new)
   +  xmlada              22.0.0 (new,indirect)
ERROR: Build ended with errors
