Test ran at 2026-10-03 14:26:26.337799+00:00

SOLUTION:
espidf_netif=0.1.0: Ada/ESP-IDF: network interface and sockets bindings
Origin: commit 29077b6be0350c407c738a9f4917302f4e86e597 from https://github.com/godunko/espidf_netif.git
Properties:
   Author: Vadim Godunko
   Configuration: no modifiers
   Description: Ada/ESP-IDF: network interface and sockets bindings
   License: Apache-2.0 WITH LLVM-exception
   Long_Description: Ada bindings for the ESP-IDF network interface abstraction (`esp_netif`) and the lwIP sockets API.

Covers:
- initialization of the TCP/IP stack;
- query of interface IP information;
- configuration of DHCP server options (including captive portal URI);
- BSD sockets (`socket`, `bind`, `sendto`, `recvfrom`) with typed address families,
  socket types and protocols.

   Maintainer: Vadim Godunko <vgodunko@gmail.com>
   Maintainers_Logins: godunko
   Name: espidf_netif
   Tag: a0b
   Tag: embedded
   Tag: esp
   Tag: esp32
   Tag: espidf
   Tag: netif
   Version: 0.1.0
   Website: https://github.com/godunko/espidf_netif
Dependencies (direct):
   espidf_event^0.1.0
Dependencies (solution):
   a0b_base=0.5.0
   espidf=0.2.0
   espidf_event=0.1.0
Dependencies (graph):
   espidf=0.2.0       --> a0b_base=0.5.0 (^0.5.0)
   espidf_event=0.1.0 --> espidf=0.2.0 (^0.2.0)
   espidf_netif=0.1.0 --> espidf_event=0.1.0 (^0.1.0)


LOG:
[alr test] Testing espidf_netif=0.1.0
[alr test] Spawning retrieval for remote crate: alr -d -n get espidf_netif=0.1.0
Note: Deploying espidf_netif=0.1.0...
Note: Deploying espidf_event=0.1.0...
Warning: Possible tilde intended instead of caret for a 0.x version.
   Alire does not change the meaning of caret and tilde for pre/post-1.0 versions.
   The suspicious dependency is: espidf_event^0.1.0
   You can disable this warning by setting the option warning.caret to false.

espidf_netif=0.1.0 successfully retrieved.
Dependencies were solved as follows:

   + a0b_base     0.5.0 (new,indirect)
   + espidf       0.2.0 (new,indirect)
   + espidf_event 0.1.0 (new)
[alr test] Spawning default test for remote crate: alr -d -n build --release -- -cargs:Ada -gnatwn
Note: Building espidf_netif=0.1.0/espidf_netif.gpr...
"C:\Users\runneradmin\AppData\Local\alire\cache\builds\espidf_event_0.1.0_210b46d8\0a5258d6627d97a40664bc6d68ed669e7fe022be749aa94b3840c556d8cdef4b\.objs\x86_64-windows\none" created
"C:\Users\runneradmin\AppData\Local\alire\cache\builds\espidf_event_0.1.0_210b46d8\0a5258d6627d97a40664bc6d68ed669e7fe022be749aa94b3840c556d8cdef4b\.libs\x86_64-windows\none" created
".objs\x86_64-windows\none" created
".libs\x86_64-windows\none" created
a0b-types-big_endian.adb:10:22: warning: "Unsigned_64" is already use-visible through previous use_type_clause
[Ada Compile]     espidf-ada_esp_check_error.adb
[Ada Compile]     espidf-c_strings.adb
[Ada Compile]     espidf-driver.ads
[Ada Compile]     espidf-hal.ads
espidf-ada_esp_check_error.adb:45:18: missing operand
espidf-ada_esp_check_error.adb:45:19: target_name is an Ada 2020 feature
espidf-ada_esp_check_error.adb:49:19: target_name is an Ada 2020 feature
espidf.gpr: error: [Ada Compile] espidf-ada_esp_check_error.adb (espidf.gpr) failed with status 1
espidf-c_strings.adb:267:20: target_name is an Ada 2020 feature
espidf-c_strings.adb:296:28: target_name is an Ada 2020 feature
espidf-c_strings.adb:297:28: target_name is an Ada 2020 feature
espidf-c_strings.adb:323:25: target_name is an Ada 2020 feature
espidf-c_strings.adb:324:25: target_name is an Ada 2020 feature
espidf-c_strings.adb:337:28: target_name is an Ada 2020 feature
espidf-c_strings.adb:338:28: target_name is an Ada 2020 feature
espidf-c_strings.adb:368:28: target_name is an Ada 2020 feature
espidf-c_strings.adb:369:28: target_name is an Ada 2020 feature
espidf-c_strings.adb:388:28: target_name is an Ada 2020 feature
espidf-c_strings.adb:389:28: target_name is an Ada 2020 feature
espidf.gpr: error: [Ada Compile] espidf-c_strings.adb (espidf.gpr) failed with status 1
espidf.ads:63:56: "Static" is not a valid aspect identifier
espidf.gpr: error: [Ada Compile] espidf-driver.ads (espidf.gpr) failed with status 1
espidf.ads:63:56: "Static" is not a valid aspect identifier
espidf.gpr: error: [Ada Compile] espidf-hal.ads (espidf.gpr) failed with status 1
stderr: Command ["gprbuild", "-s", "-j0", "-p", "-P", "D:\a\alire-crates-ci\alire-crates-ci\test\1326a008-2469-4255-83a9-d7ca9a0abc3a\espidf_netif_0.1.0_29077b6b\espidf_netif.gpr", "-cargs:Ada", "-gnatwn"] exited with code 4
ERROR: Command ["gprbuild", "-s", "-j0", "-p", "-P", "D:\a\alire-crates-ci\alire-crates-ci\test\1326a008-2469-4255-83a9-d7ca9a0abc3a\espidf_netif_0.1.0_29077b6b\espidf_netif.gpr", "-cargs:Ada", "-gnatwn"] exited with code 4
stderr: ALIRE.CHECKED_ERROR
stderr: Command ["gprbuild", "-s", "-j0", "-p", "-P", "D:\a\alire-crates-ci\alire-crates-ci\test\1326a008-2469-4255-83a9-d7ca9a0abc3a\espidf_netif_0.1.0_29077b6b\espidf_netif.gpr", "-cargs:Ada", "-gnatwn"] exited with code 4
stderr: raised ALIRE.CHECKED_ERROR : alire-stored-error:1
[D:\a\alire-crates-ci\alire-crates-ci\alire_install\bin\alr.exe]
0x7ff68cd5da2a Semantic_Versioning.Basic.Restrictions.First_Index at alire.adb:284
0x7ff68c95595b Semantic_Versioning.Basic.Restrictions.First_Index at alire-os_lib-subprocess.adb:111
0x7ff68cc0cba1 Semantic_Versioning.Basic.Restrictions.First_Index at alire-spawn.adb:22
0x7ff68cc0dd5d Semantic_Versioning.Basic.Restrictions.First_Index at alire-spawn.adb:68
0x7ff68cb32d64 Semantic_Versioning.Basic.Restrictions.First_Index at alire-roots.adb:189
0x7ff68cb311da Semantic_Versioning.Basic.Restrictions.First_Index at alire-roots.adb:255
0x7ff68cb5912d Semantic_Versioning.Basic.Restrictions.First_Index at alire-roots.adb:2143
0x7ff68cbc82f9 Semantic_Versioning.Basic.Restrictions.First_Index at alire-solutions.adb:1472
0x7ff68cbc7424 Semantic_Versioning.Basic.Restrictions.First_Index at alire-solutions.adb:1555
0x7ff68cb5922c Semantic_Versioning.Basic.Restrictions.First_Index at alire-roots.adb:2147
0x7ff68cb592fa Semantic_Versioning.Basic.Restrictions.First_Index at alire-roots.adb:2127
0x7ff68cb317a7 Semantic_Versioning.Basic.Restrictions.First_Index at alire-roots.adb:286
0x7ff68cb31912 Semantic_Versioning.Basic.Restrictions.First_Index at alire-roots.adb:114
0x7ff68c2a3baa Semantic_Versioning.Basic.Restrictions.First_Index at alr-commands-build.adb:145
0x7ff68c2a341e Semantic_Versioning.Basic.Restrictions.First_Index at alr-commands-build.adb:113
0x7ff68c2a35ba Semantic_Versioning.Basic.Restrictions.First_Index at alr-commands-build.adb:54
0x7ff68c355dea Semantic_Versioning.Basic.Restrictions.First_Index at clic-subcommand-instance.adb:749
0x7ff68c362b0e Semantic_Versioning.Basic.Restrictions.First_Index at alr-commands.adb:632
0x7ff68c2316a0 Alr.Main at alr-main.adb:13
0x7ff68c235270 Main at b__alr-main.adb:2454
0x7ff68c23133e __tmainCRTStartup at ???
0x7ff68c231144 mainCRTStartup at ???
[C:\Windows\System32\KERNEL32.DLL]
0x7ff962cce985
[C:\Windows\SYSTEM32\ntdll.dll]
0x7ff96468c53a

stderr: ALIRE.ROOTS.BUILD._WRAPPED_STATEMENTS.BUILD_FAILED
stderr: alire-roots.adb:202
stderr: raised ALIRE.ROOTS.BUILD._WRAPPED_STATEMENTS.BUILD_FAILED : alire-roots.adb:202
[D:\a\alire-crates-ci\alire-crates-ci\alire_install\bin\alr.exe]
0x7ff68cb3313c Semantic_Versioning.Basic.Restrictions.First_Index at alire-roots.adb:202
0x7ff68cb311da Semantic_Versioning.Basic.Restrictions.First_Index at alire-roots.adb:255
0x7ff68cb5912d Semantic_Versioning.Basic.Restrictions.First_Index at alire-roots.adb:2143
0x7ff68cbc82f9 Semantic_Versioning.Basic.Restrictions.First_Index at alire-solutions.adb:1472
0x7ff68cbc7424 Semantic_Versioning.Basic.Restrictions.First_Index at alire-solutions.adb:1555
0x7ff68cb5922c Semantic_Versioning.Basic.Restrictions.First_Index at alire-roots.adb:2147
0x7ff68cb592fa Semantic_Versioning.Basic.Restrictions.First_Index at alire-roots.adb:2127
0x7ff68cb317a7 Semantic_Versioning.Basic.Restrictions.First_Index at alire-roots.adb:286
0x7ff68cb31912 Semantic_Versioning.Basic.Restrictions.First_Index at alire-roots.adb:114
0x7ff68c2a3baa Semantic_Versioning.Basic.Restrictions.First_Index at alr-commands-build.adb:145
0x7ff68c2a341e Semantic_Versioning.Basic.Restrictions.First_Index at alr-commands-build.adb:113
0x7ff68c2a35ba Semantic_Versioning.Basic.Restrictions.First_Index at alr-commands-build.adb:54
0x7ff68c355dea Semantic_Versioning.Basic.Restrictions.First_Index at clic-subcommand-instance.adb:749
0x7ff68c362b0e Semantic_Versioning.Basic.Restrictions.First_Index at alr-commands.adb:632
0x7ff68c2316a0 Alr.Main at alr-main.adb:13
0x7ff68c235270 Main at b__alr-main.adb:2454
0x7ff68c23133e __tmainCRTStartup at ???
0x7ff68c231144 mainCRTStartup at ???
[C:\Windows\System32\KERNEL32.DLL]
0x7ff962cce985
[C:\Windows\SYSTEM32\ntdll.dll]
0x7ff96468c53a

ERROR: Compilation failed.
