Test ran at 2026-09-26 13:08:11.000678+00:00

SOLUTION:
hybrid_lib_ada=2.0.0: Hybrid DDD/Clean/Hexagonal library starter for Ada 2022
Origin: commit 203e385d8d26c53b304cfe025b0aee7590fdc84a from https://github.com/abitofhelp/hybrid_lib_ada.git
Properties:
   Author: Michael Gardner
   Build Switches: 
   Description: Hybrid DDD/Clean/Hexagonal library starter for Ada 2022
   License: BSD-3-Clause
   Maintainer: Michael Gardner <mike@abitofhelp.com>
   Maintainers_Logins: abitofhelp
   Name: hybrid_lib_ada
   Project_File: hybrid_lib_ada.gpr
   Tag: hexagonal
   Tag: ddd
   Tag: clean
   Tag: library
   Tag: template
   Tag: functional
   Tag: result-monad
   Tag: greeter
   Tag: spark
   Tag: embedded
   Version: 2.0.0
   Website: https://github.com/abitofhelp/hybrid_lib_ada
Dependencies (direct):
   functional^3.0.0
   gnat>=13
Dependencies (solution):
   functional=3.0.0
   gnat=13.2.2 (gnat_native)
Dependencies (graph):
   functional=3.0.0     --> gnat=13.2.2 (gnat_native) (>=13)
   hybrid_lib_ada=2.0.0 --> functional=3.0.0 (^3.0.0)
   hybrid_lib_ada=2.0.0 --> gnat=13.2.2 (gnat_native) (>=13)


LOG:
[alr test] Testing hybrid_lib_ada=2.0.0
[alr test] Spawning retrieval for remote crate: alr -d -n get hybrid_lib_ada=2.0.0
Note: Deploying hybrid_lib_ada=2.0.0...
git@github.com: Permission denied (publickey).
fatal: Could not read from remote repository.

Please make sure you have the correct access rights
and the repository exists.
fatal: clone of 'git@github.com:abitofhelp/hybrid_scripts_python.git' into submodule path 'D:/a/alire-crates-ci/alire-crates-ci/test/d29ddae0-1eec-469e-b8e4-70c7dc353861/alr-ctmy.tmp/scripts/python/shared' failed
Failed to clone 'scripts/python/shared'. Retry scheduled
git@github.com: Permission denied (publickey).
fatal: Could not read from remote repository.

Please make sure you have the correct access rights
and the repository exists.
fatal: clone of 'git@github.com:abitofhelp/hybrid_test_python.git' into submodule path 'D:/a/alire-crates-ci/alire-crates-ci/test/d29ddae0-1eec-469e-b8e4-70c7dc353861/alr-ctmy.tmp/test/scripts/python/shared' failed
Failed to clone 'test/scripts/python/shared'. Retry scheduled
git@github.com: Permission denied (publickey).
fatal: Could not read from remote repository.

Please make sure you have the correct access rights
and the repository exists.
fatal: clone of 'git@github.com:abitofhelp/hybrid_scripts_python.git' into submodule path 'D:/a/alire-crates-ci/alire-crates-ci/test/d29ddae0-1eec-469e-b8e4-70c7dc353861/alr-ctmy.tmp/scripts/python/shared' failed
Failed to clone 'scripts/python/shared' a second time, aborting
stderr: Command ["git", "clone", "--recursive", "-q", "https://github.com/abitofhelp/hybrid_lib_ada.git", "D:\a\alire-crates-ci\alire-crates-ci\test\d29ddae0-1eec-469e-b8e4-70c7dc353861\alr-ctmy.tmp"] exited with code 1
stderr: Generating Outcome_Failure with message: Command ["git", "clone", "--recursive", "-q", "https://github.com/abitofhelp/hybrid_lib_ada.git", "D:\a\alire-crates-ci\alire-crates-ci\test\d29ddae0-1eec-469e-b8e4-70c7dc353861\alr-ctmy.tmp"] exited with code 1
stderr: Generating Outcome_Failure with call stack:
stderr: raised AAA.DEBUG.STACK_TRACE.DEBUG_EXCEPTION : aaa-debug.adb:44
[D:\a\alire-crates-ci\alire-crates-ci\alire_install\bin\alr.exe]
0x7ff79a6b2307 Semantic_Versioning.Basic.Restrictions.First_Index at aaa-debug.adb:44
0x7ff79a46c118 Semantic_Versioning.Basic.Restrictions.First_Index at alire.adb:226
0x7ff79a46c994 Semantic_Versioning.Basic.Restrictions.First_Index at alire.adb:223
0x7ff799d8f374 Semantic_Versioning.Basic.Restrictions.First_Index at alire-errors.adb:106
0x7ff799d8f441 Semantic_Versioning.Basic.Restrictions.First_Index at alire-errors.adb:104
0x7ff79a437ebd Semantic_Versioning.Basic.Restrictions.First_Index at alire-vcss-git.adb:253
0x7ff79a436790 Semantic_Versioning.Basic.Restrictions.First_Index at alire-vcss-git.adb:200
0x7ff799f802ec Semantic_Versioning.Basic.Restrictions.First_Index at alire-origins-deployers-git.adb:16
0x7ff799fadbc3 Semantic_Versioning.Basic.Restrictions.First_Index at alire-origins-deployers.adb:123
0x7ff799faf275 Semantic_Versioning.Basic.Restrictions.First_Index at alire-origins-deployers.adb:170
0x7ff79a21095e Semantic_Versioning.Basic.Restrictions.First_Index at alire-releases.adb:341
0x7ff79a24c4ab Semantic_Versioning.Basic.Restrictions.First_Index at alire-roots.adb:723
0x7ff79a24cafa Semantic_Versioning.Basic.Restrictions.First_Index at alire-roots.adb:714
0x7ff7999c5fe3 Semantic_Versioning.Basic.Restrictions.First_Index at alr-commands-get.adb:134
0x7ff7999ca1c2 Semantic_Versioning.Basic.Restrictions.First_Index at alr-commands-get.adb:380
0x7ff7999ca37e Semantic_Versioning.Basic.Restrictions.First_Index at alr-commands-get.adb:256
0x7ff799a65dea Semantic_Versioning.Basic.Restrictions.First_Index at clic-subcommand-instance.adb:749
0x7ff799a72b0e Semantic_Versioning.Basic.Restrictions.First_Index at alr-commands.adb:632
0x7ff7999416a0 Alr.Main at alr-main.adb:13
0x7ff799945270 Main at b__alr-main.adb:2454
0x7ff79994133e __tmainCRTStartup at ???
0x7ff799941144 mainCRTStartup at ???
[C:\Windows\System32\KERNEL32.DLL]
0x7ffd93eae985
[C:\Windows\SYSTEM32\ntdll.dll]
0x7ffd9450c53a

stderr: ALIRE.CHECKED_ERROR
stderr: Command ["git", "clone", "--recursive", "-q", "https://github.com/abitofhelp/hybrid_lib_ada.git", "D:\a\alire-crates-ci\alire-crates-ci\test\d29ddae0-1eec-469e-b8e4-70c7dc353861\alr-ctmy.tmp"] exited with code 1
stderr: raised ALIRE.CHECKED_ERROR : alire-stored-error:2
[D:\a\alire-crates-ci\alire-crates-ci\alire_install\bin\alr.exe]
0x7ff79a46a8da Semantic_Versioning.Basic.Restrictions.First_Index at alire.adb:158
0x7ff799f80314 Semantic_Versioning.Basic.Restrictions.First_Index at alire-origins-deployers-git.adb:16
0x7ff799fadbc3 Semantic_Versioning.Basic.Restrictions.First_Index at alire-origins-deployers.adb:123
0x7ff799faf275 Semantic_Versioning.Basic.Restrictions.First_Index at alire-origins-deployers.adb:170
0x7ff79a21095e Semantic_Versioning.Basic.Restrictions.First_Index at alire-releases.adb:341
0x7ff79a24c4ab Semantic_Versioning.Basic.Restrictions.First_Index at alire-roots.adb:723
0x7ff79a24cafa Semantic_Versioning.Basic.Restrictions.First_Index at alire-roots.adb:714
0x7ff7999c5fe3 Semantic_Versioning.Basic.Restrictions.First_Index at alr-commands-get.adb:134
0x7ff7999ca1c2 Semantic_Versioning.Basic.Restrictions.First_Index at alr-commands-get.adb:380
0x7ff7999ca37e Semantic_Versioning.Basic.Restrictions.First_Index at alr-commands-get.adb:256
0x7ff799a65dea Semantic_Versioning.Basic.Restrictions.First_Index at clic-subcommand-instance.adb:749
0x7ff799a72b0e Semantic_Versioning.Basic.Restrictions.First_Index at alr-commands.adb:632
0x7ff7999416a0 Alr.Main at alr-main.adb:13
0x7ff799945270 Main at b__alr-main.adb:2454
0x7ff79994133e __tmainCRTStartup at ???
0x7ff799941144 mainCRTStartup at ???
[C:\Windows\System32\KERNEL32.DLL]
0x7ffd93eae985
[C:\Windows\SYSTEM32\ntdll.dll]
0x7ffd9450c53a

stderr: Generating Outcome_Failure with message: Deployment of commit 203e385d8d26c53b304cfe025b0aee7590fdc84a from https://github.com/abitofhelp/hybrid_lib_ada.git to D:\a\alire-crates-ci\alire-crates-ci\test\d29ddae0-1eec-469e-b8e4-70c7dc353861\hybrid_lib_ada_2.0.0_203e385d failed
stderr: Generating Outcome_Failure with call stack:
stderr: raised AAA.DEBUG.STACK_TRACE.DEBUG_EXCEPTION : aaa-debug.adb:44
[D:\a\alire-crates-ci\alire-crates-ci\alire_install\bin\alr.exe]
0x7ff79a6b2307 Semantic_Versioning.Basic.Restrictions.First_Index at aaa-debug.adb:44
0x7ff79a46c118 Semantic_Versioning.Basic.Restrictions.First_Index at alire.adb:226
0x7ff79a46c994 Semantic_Versioning.Basic.Restrictions.First_Index at alire.adb:223
0x7ff799fae93a Semantic_Versioning.Basic.Restrictions.First_Index at alire-origins-deployers.adb:155
0x7ff799faf275 Semantic_Versioning.Basic.Restrictions.First_Index at alire-origins-deployers.adb:170
0x7ff79a21095e Semantic_Versioning.Basic.Restrictions.First_Index at alire-releases.adb:341
0x7ff79a24c4ab Semantic_Versioning.Basic.Restrictions.First_Index at alire-roots.adb:723
0x7ff79a24cafa Semantic_Versioning.Basic.Restrictions.First_Index at alire-roots.adb:714
0x7ff7999c5fe3 Semantic_Versioning.Basic.Restrictions.First_Index at alr-commands-get.adb:134
0x7ff7999ca1c2 Semantic_Versioning.Basic.Restrictions.First_Index at alr-commands-get.adb:380
0x7ff7999ca37e Semantic_Versioning.Basic.Restrictions.First_Index at alr-commands-get.adb:256
0x7ff799a65dea Semantic_Versioning.Basic.Restrictions.First_Index at clic-subcommand-instance.adb:749
0x7ff799a72b0e Semantic_Versioning.Basic.Restrictions.First_Index at alr-commands.adb:632
0x7ff7999416a0 Alr.Main at alr-main.adb:13
0x7ff799945270 Main at b__alr-main.adb:2454
0x7ff79994133e __tmainCRTStartup at ???
0x7ff799941144 mainCRTStartup at ???
[C:\Windows\System32\KERNEL32.DLL]
0x7ffd93eae985
[C:\Windows\SYSTEM32\ntdll.dll]
0x7ffd9450c53a

Not resetting hidden file - D:\a\alire-crates-ci\alire-crates-ci\test\d29ddae0-1eec-469e-b8e4-70c7dc353861\alr-ctmy.tmp\.git
Not resetting hidden file - D:\a\alire-crates-ci\alire-crates-ci\test\d29ddae0-1eec-469e-b8e4-70c7dc353861\alr-ctmy.tmp\.git
stderr: ALIRE.CHECKED_ERROR
stderr: Deployment of commit 203e385d8d26c53b304cfe025b0aee7590fdc84a from https://github.com/abitofhelp/hybrid_lib_ada.git to D:\a\alire-crates-ci\alire-crates-ci\test\d29ddae0-1eec-469e-b8e4-70c7dc353861\hybrid_lib_ada_2.0.0_203e385d failed
stderr: raised ALIRE.CHECKED_ERROR : alire-stored-error:3
[D:\a\alire-crates-ci\alire-crates-ci\alire_install\bin\alr.exe]
0x7ff79a46a8da Semantic_Versioning.Basic.Restrictions.First_Index at alire.adb:158
0x7ff79a210986 Semantic_Versioning.Basic.Restrictions.First_Index at alire-releases.adb:341
0x7ff79a24c4ab Semantic_Versioning.Basic.Restrictions.First_Index at alire-roots.adb:723
0x7ff79a24cafa Semantic_Versioning.Basic.Restrictions.First_Index at alire-roots.adb:714
0x7ff7999c5fe3 Semantic_Versioning.Basic.Restrictions.First_Index at alr-commands-get.adb:134
0x7ff7999ca1c2 Semantic_Versioning.Basic.Restrictions.First_Index at alr-commands-get.adb:380
0x7ff7999ca37e Semantic_Versioning.Basic.Restrictions.First_Index at alr-commands-get.adb:256
0x7ff799a65dea Semantic_Versioning.Basic.Restrictions.First_Index at clic-subcommand-instance.adb:749
0x7ff799a72b0e Semantic_Versioning.Basic.Restrictions.First_Index at alr-commands.adb:632
0x7ff7999416a0 Alr.Main at alr-main.adb:13
0x7ff799945270 Main at b__alr-main.adb:2454
0x7ff79994133e __tmainCRTStartup at ???
0x7ff799941144 mainCRTStartup at ???
[C:\Windows\System32\KERNEL32.DLL]
0x7ffd93eae985
[C:\Windows\SYSTEM32\ntdll.dll]
0x7ffd9450c53a

ERROR: Deployment of commit 203e385d8d26c53b304cfe025b0aee7590fdc84a from https://github.com/abitofhelp/hybrid_lib_ada.git to D:\a\alire-crates-ci\alire-crates-ci\test\d29ddae0-1eec-469e-b8e4-70c7dc353861\hybrid_lib_ada_2.0.0_203e385d failed
****** UNEXPECTED EXCEPTION FOLLOWS:
raised ADA.IO_EXCEPTIONS.NAME_ERROR : directory "hybrid_lib_ada_2.0.0_203e385d" does not exist
[D:\a\alire-crates-ci\alire-crates-ci\alire_install\bin\alr.exe]
0x7ff79a5e858f Semantic_Versioning.Basic.Restrictions.First_Index at a-direct.adb:1103
0x7ff799d3ca61 Semantic_Versioning.Basic.Restrictions.First_Index at alire-directories.adb:443
0x7ff799d33b52 semantic_versioning__basic__restrictions__first_index at ???
0x7ff799a86781 Semantic_Versioning.Basic.Restrictions.First_Index at alr-commands-test.adb:243
0x7ff799a85c49 Semantic_Versioning.Basic.Restrictions.First_Index at alr-commands-test.adb:273
0x7ff799a8526b Semantic_Versioning.Basic.Restrictions.First_Index at alr-commands-test.adb:355
0x7ff799a82e4d Semantic_Versioning.Basic.Restrictions.First_Index at alr-commands-test.adb:389
0x7ff799a8154b Semantic_Versioning.Basic.Restrictions.First_Index at alr-commands-test.adb:498
0x7ff799a8a79d Semantic_Versioning.Basic.Restrictions.First_Index at alr-commands-test.adb:691
0x7ff799a8a9bc Semantic_Versioning.Basic.Restrictions.First_Index at alr-commands-test.adb:533
0x7ff799a65dea Semantic_Versioning.Basic.Restrictions.First_Index at clic-subcommand-instance.adb:749
0x7ff799a72b0e Semantic_Versioning.Basic.Restrictions.First_Index at alr-commands.adb:632
0x7ff7999416a0 Alr.Main at alr-main.adb:13
0x7ff799945270 Main at b__alr-main.adb:2454
0x7ff79994133e __tmainCRTStartup at ???
0x7ff799941144 mainCRTStartup at ???
[C:\Windows\System32\KERNEL32.DLL]
0x7ffd93eae985
[C:\Windows\SYSTEM32\ntdll.dll]
0x7ffd9450c53a

****** TRACE END
