Test ran at 2025-09-30 01:33:43.408586+00:00

SOLUTION:
ada_voxel_space_demo=1.0.1: Voxel Space render engine demo in Ada
Origin: source archive ada_voxel_space_demo-1.0.1.zip at https://github.com/Fabien-Chouteau/ada-voxel-space-demo/releases/download/v1.0.1/ada_voxel_space_demo-1.0.1.zip with hash sha512:69740326ce512b57e15e311e82bbbd500bdbcb434290af598a379fbee8a157f9c6a18321d6b36164aae78687c0012f051bd7fcdb5eebd85ed6b2cec33a0b3917
Properties:
   Description: Voxel Space render engine demo in Ada
   Executable: main
   License: MIT
   Maintainer: fabien.chouteau@gmail.com
   Maintainers_Logins: Fabien-Chouteau
   Name: ada_voxel_space_demo
   Project_File: ada_voxel_space_demo.gpr
   Version: 1.0.1
Dependencies (direct):
   sdlada^2.3.1
Dependencies (solution):
   libsdl2=2.26.0
   libsdl2_image=2.8.2
   libsdl2_mixer=2.8.1
   libsdl2_ttf=2.20.2
   make=4.3.0
   sdlada=2.5.20
Dependencies (graph):
   ada_voxel_space_demo=1.0.1 --> sdlada=2.5.20 (^2.3.1)
   sdlada=2.5.20              --> libsdl2=2.26.0 (^2.0.0)
   sdlada=2.5.20              --> libsdl2_image=2.8.2 (^2.0.0)
   sdlada=2.5.20              --> libsdl2_mixer=2.8.1 (^2.0.0)
   sdlada=2.5.20              --> libsdl2_ttf=2.20.2 (^2.0.0)
   sdlada=2.5.20              --> make=4.3.0 (*)


LOG:
[alr test] Testing ada_voxel_space_demo=1.0.1
[alr test] Spawning retrieval for remote crate: alr -d -n get ada_voxel_space_demo=1.0.1
Note: Deploying ada_voxel_space_demo=1.0.1...
#=#=#                                                                         

######################################################################## 100.0%
Note: Deploying libsdl2=2.26.0...
The system package 'SDL2-devel' is about to be installed.
This action might require admin privileges and impact your system installation.
Do you want Alire to install this system package?
Using default: Yes
Last metadata expiration check: 0:24:59 ago on Tue Sep 30 01:08:23 2025.
Dependencies resolved.
================================================================================
 Package                   Arch        Version             Repository      Size
================================================================================
Installing:
 SDL2-devel                x86_64      2.26.0-1.el9        appstream      402 k
Installing dependencies:
 SDL2                      x86_64      2.26.0-1.el9        appstream      682 k
 cairo                     x86_64      1.17.4-7.el9        appstream      660 k
 cmake-filesystem          x86_64      3.26.5-2.el9        appstream       19 k
 fribidi                   x86_64      1.0.10-6.el9.2      appstream       85 k
 hwdata                    noarch      0.348-9.20.el9      baseos         1.7 M
 libX11-devel              x86_64      1.7.0-11.el9        appstream      1.1 M
 libXau-devel              x86_64      1.0.9-8.el9         appstream       14 k
 libXext                   x86_64      1.3.4-8.el9         appstream       40 k
 libXft                    x86_64      2.3.3-8.el9         appstream       62 k
 libXrender                x86_64      0.9.10-16.el9       appstream       28 k
 libXxf86vm                x86_64      1.1.4-18.el9        appstream       19 k
 libdatrie                 x86_64      0.2.13-4.el9        appstream       33 k
 libdecor                  x86_64      0.1.1-1.el9         appstream       43 k
 libdrm                    x86_64      2.4.123-2.el9       appstream      161 k
 libglvnd                  x86_64      1:1.3.4-1.el9       appstream      135 k
 libglvnd-core-devel       x86_64      1:1.3.4-1.el9       appstream       18 k
 libglvnd-devel            x86_64      1:1.3.4-1.el9       appstream      161 k
 libglvnd-egl              x86_64      1:1.3.4-1.el9       appstream       37 k
 libglvnd-gles             x86_64      1:1.3.4-1.el9       appstream       33 k
 libglvnd-glx              x86_64      1:1.3.4-1.el9       appstream      142 k
 libglvnd-opengl           x86_64      1:1.3.4-1.el9       appstream       43 k
 libpciaccess              x86_64      0.16-7.el9          baseos          27 k
 libthai                   x86_64      0.1.28-8.el9        appstream      208 k
 libwayland-client         x86_64      1.21.0-1.el9        appstream       33 k
 libwayland-cursor         x86_64      1.21.0-1.el9        appstream       19 k
 libwayland-server         x86_64      1.21.0-1.el9        appstream       42 k
 libxcb-devel              x86_64      1.13.1-9.el9        appstream      1.5 M
 libxshmfence              x86_64      1.3-10.el9          appstream       13 k
 mesa-dri-drivers          x86_64      25.0.7-2.el9        appstream      9.7 M
 mesa-filesystem           x86_64      25.0.7-2.el9        appstream       11 k
 mesa-libEGL               x86_64      25.0.7-2.el9        appstream      136 k
 mesa-libEGL-devel         x86_64      25.0.7-2.el9        appstream       14 k
 mesa-libGL                x86_64      25.0.7-2.el9        appstream      154 k
 mesa-libgbm               x86_64      25.0.7-2.el9        appstream       16 k
 pango                     x86_64      1.48.7-3.el9        appstream      302 k
 pixman                    x86_64      0.40.0-6.el9        appstream      269 k
 spirv-tools-libs          x86_64      2025.2-1.el9        appstream      1.5 M
 xorg-x11-proto-devel      noarch      2024.1-1.el9        appstream      310 k

Transaction Summary
================================================================================
Install  39 Packages

Total download size: 20 M
Installed size: 74 M
Downloading Packages:
(1/39): SDL2-2.26.0-1.el9.x86_64.rpm            3.5 MB/s | 682 kB     00:00    
(2/39): SDL2-devel-2.26.0-1.el9.x86_64.rpm      6.6 MB/s | 402 kB     00:00    
(3/39): cairo-1.17.4-7.el9.x86_64.rpm            14 MB/s | 660 kB     00:00    
(4/39): libpciaccess-0.16-7.el9.x86_64.rpm       86 kB/s |  27 kB     00:00    
(5/39): cmake-filesystem-3.26.5-2.el9.x86_64.rp 809 kB/s |  19 kB     00:00    
(6/39): hwdata-0.348-9.20.el9.noarch.rpm        4.6 MB/s | 1.7 MB     00:00    
(7/39): libX11-devel-1.7.0-11.el9.x86_64.rpm     18 MB/s | 1.1 MB     00:00    
(8/39): fribidi-1.0.10-6.el9.2.x86_64.rpm       921 kB/s |  85 kB     00:00    
(9/39): libXext-1.3.4-8.el9.x86_64.rpm          1.5 MB/s |  40 kB     00:00    
(10/39): libXau-devel-1.0.9-8.el9.x86_64.rpm    222 kB/s |  14 kB     00:00    
(11/39): libXrender-0.9.10-16.el9.x86_64.rpm    1.1 MB/s |  28 kB     00:00    
(12/39): libXft-2.3.3-8.el9.x86_64.rpm          2.2 MB/s |  62 kB     00:00    
(13/39): libXxf86vm-1.1.4-18.el9.x86_64.rpm     661 kB/s |  19 kB     00:00    
(14/39): libdatrie-0.2.13-4.el9.x86_64.rpm      1.2 MB/s |  33 kB     00:00    
(15/39): libdecor-0.1.1-1.el9.x86_64.rpm        977 kB/s |  43 kB     00:00    
(16/39): libglvnd-1.3.4-1.el9.x86_64.rpm        3.0 MB/s | 135 kB     00:00    
(17/39): libglvnd-core-devel-1.3.4-1.el9.x86_64 597 kB/s |  18 kB     00:00    
(18/39): libdrm-2.4.123-2.el9.x86_64.rpm        2.3 MB/s | 161 kB     00:00    
(19/39): libglvnd-egl-1.3.4-1.el9.x86_64.rpm    1.4 MB/s |  37 kB     00:00    
(20/39): libglvnd-gles-1.3.4-1.el9.x86_64.rpm   1.2 MB/s |  33 kB     00:00    
(21/39): libglvnd-devel-1.3.4-1.el9.x86_64.rpm  2.6 MB/s | 161 kB     00:00    
(22/39): libglvnd-glx-1.3.4-1.el9.x86_64.rpm    3.7 MB/s | 142 kB     00:00    
(23/39): libwayland-client-1.21.0-1.el9.x86_64. 1.2 MB/s |  33 kB     00:00    
(24/39): libglvnd-opengl-1.3.4-1.el9.x86_64.rpm 839 kB/s |  43 kB     00:00    
(25/39): libthai-0.1.28-8.el9.x86_64.rpm        3.8 MB/s | 208 kB     00:00    
(26/39): libwayland-cursor-1.21.0-1.el9.x86_64. 804 kB/s |  19 kB     00:00    
(27/39): libwayland-server-1.21.0-1.el9.x86_64. 1.6 MB/s |  42 kB     00:00    
(28/39): libxshmfence-1.3-10.el9.x86_64.rpm     544 kB/s |  13 kB     00:00    
(29/39): mesa-filesystem-25.0.7-2.el9.x86_64.rp 455 kB/s |  11 kB     00:00    
(30/39): mesa-libEGL-25.0.7-2.el9.x86_64.rpm    3.6 MB/s | 136 kB     00:00    
(31/39): libxcb-devel-1.13.1-9.el9.x86_64.rpm    15 MB/s | 1.5 MB     00:00    
(32/39): mesa-libEGL-devel-25.0.7-2.el9.x86_64. 379 kB/s |  14 kB     00:00    
(33/39): mesa-libGL-25.0.7-2.el9.x86_64.rpm     3.9 MB/s | 154 kB     00:00    
(34/39): mesa-libgbm-25.0.7-2.el9.x86_64.rpm    695 kB/s |  16 kB     00:00    
(35/39): pango-1.48.7-3.el9.x86_64.rpm          7.2 MB/s | 302 kB     00:00    
(36/39): pixman-0.40.0-6.el9.x86_64.rpm         6.5 MB/s | 269 kB     00:00    
(37/39): spirv-tools-libs-2025.2-1.el9.x86_64.r  25 MB/s | 1.5 MB     00:00    
(38/39): mesa-dri-drivers-25.0.7-2.el9.x86_64.r  38 MB/s | 9.7 MB     00:00    
(39/39): xorg-x11-proto-devel-2024.1-1.el9.noar 3.7 MB/s | 310 kB     00:00    
--------------------------------------------------------------------------------
Total                                            17 MB/s |  20 MB     00:01     
Running transaction check
Transaction check succeeded.
Running transaction test
Transaction test succeeded.
Running transaction
  Preparing        :                                                        1/1 
  Installing       : libglvnd-1:1.3.4-1.el9.x86_64                         1/39 
  Installing       : libXext-1.3.4-8.el9.x86_64                            2/39 
  Installing       : libwayland-client-1.21.0-1.el9.x86_64                 3/39 
  Installing       : libXrender-0.9.10-16.el9.x86_64                       4/39 
  Installing       : xorg-x11-proto-devel-2024.1-1.el9.noarch              5/39 
  Installing       : libwayland-server-1.21.0-1.el9.x86_64                 6/39 
  Installing       : libXau-devel-1.0.9-8.el9.x86_64                       7/39 
  Installing       : libxcb-devel-1.13.1-9.el9.x86_64                      8/39 
  Installing       : libX11-devel-1.7.0-11.el9.x86_64                      9/39 
  Installing       : libXft-2.3.3-8.el9.x86_64                            10/39 
  Installing       : libwayland-cursor-1.21.0-1.el9.x86_64                11/39 
  Installing       : libXxf86vm-1.1.4-18.el9.x86_64                       12/39 
  Installing       : libglvnd-opengl-1:1.3.4-1.el9.x86_64                 13/39 
  Installing       : spirv-tools-libs-2025.2-1.el9.x86_64                 14/39 
  Installing       : pixman-0.40.0-6.el9.x86_64                           15/39 
  Installing       : cairo-1.17.4-7.el9.x86_64                            16/39 
  Installing       : mesa-filesystem-25.0.7-2.el9.x86_64                  17/39 
  Installing       : libxshmfence-1.3-10.el9.x86_64                       18/39 
  Installing       : libglvnd-core-devel-1:1.3.4-1.el9.x86_64             19/39 
  Installing       : libdatrie-0.2.13-4.el9.x86_64                        20/39 
  Installing       : libthai-0.1.28-8.el9.x86_64                          21/39 
  Installing       : fribidi-1.0.10-6.el9.2.x86_64                        22/39 
  Installing       : pango-1.48.7-3.el9.x86_64                            23/39 
  Installing       : libdecor-0.1.1-1.el9.x86_64                          24/39 
  Installing       : SDL2-2.26.0-1.el9.x86_64                             25/39 
  Installing       : cmake-filesystem-3.26.5-2.el9.x86_64                 26/39 
  Installing       : hwdata-0.348-9.20.el9.noarch                         27/39 
  Installing       : libpciaccess-0.16-7.el9.x86_64                       28/39 
  Installing       : libdrm-2.4.123-2.el9.x86_64                          29/39 
  Installing       : libglvnd-egl-1:1.3.4-1.el9.x86_64                    30/39 
  Installing       : mesa-dri-drivers-25.0.7-2.el9.x86_64                 31/39 
  Installing       : mesa-libgbm-25.0.7-2.el9.x86_64                      32/39 
  Installing       : mesa-libEGL-25.0.7-2.el9.x86_64                      33/39 
  Installing       : libglvnd-gles-1:1.3.4-1.el9.x86_64                   34/39 
  Installing       : libglvnd-glx-1:1.3.4-1.el9.x86_64                    35/39 
  Installing       : mesa-libGL-25.0.7-2.el9.x86_64                       36/39 
  Installing       : libglvnd-devel-1:1.3.4-1.el9.x86_64                  37/39 
  Installing       : mesa-libEGL-devel-25.0.7-2.el9.x86_64                38/39 
  Installing       : SDL2-devel-2.26.0-1.el9.x86_64                       39/39 
  Running scriptlet: SDL2-devel-2.26.0-1.el9.x86_64                       39/39 
  Verifying        : hwdata-0.348-9.20.el9.noarch                          1/39 
  Verifying        : libpciaccess-0.16-7.el9.x86_64                        2/39 
  Verifying        : SDL2-2.26.0-1.el9.x86_64                              3/39 
  Verifying        : SDL2-devel-2.26.0-1.el9.x86_64                        4/39 
  Verifying        : cairo-1.17.4-7.el9.x86_64                             5/39 
  Verifying        : cmake-filesystem-3.26.5-2.el9.x86_64                  6/39 
  Verifying        : fribidi-1.0.10-6.el9.2.x86_64                         7/39 
  Verifying        : libX11-devel-1.7.0-11.el9.x86_64                      8/39 
  Verifying        : libXau-devel-1.0.9-8.el9.x86_64                       9/39 
  Verifying        : libXext-1.3.4-8.el9.x86_64                           10/39 
  Verifying        : libXft-2.3.3-8.el9.x86_64                            11/39 
  Verifying        : libXrender-0.9.10-16.el9.x86_64                      12/39 
  Verifying        : libXxf86vm-1.1.4-18.el9.x86_64                       13/39 
  Verifying        : libdatrie-0.2.13-4.el9.x86_64                        14/39 
  Verifying        : libdecor-0.1.1-1.el9.x86_64                          15/39 
  Verifying        : libdrm-2.4.123-2.el9.x86_64                          16/39 
  Verifying        : libglvnd-1:1.3.4-1.el9.x86_64                        17/39 
  Verifying        : libglvnd-core-devel-1:1.3.4-1.el9.x86_64             18/39 
  Verifying        : libglvnd-devel-1:1.3.4-1.el9.x86_64                  19/39 
  Verifying        : libglvnd-egl-1:1.3.4-1.el9.x86_64                    20/39 
  Verifying        : libglvnd-gles-1:1.3.4-1.el9.x86_64                   21/39 
  Verifying        : libglvnd-glx-1:1.3.4-1.el9.x86_64                    22/39 
  Verifying        : libglvnd-opengl-1:1.3.4-1.el9.x86_64                 23/39 
  Verifying        : libthai-0.1.28-8.el9.x86_64                          24/39 
  Verifying        : libwayland-client-1.21.0-1.el9.x86_64                25/39 
  Verifying        : libwayland-cursor-1.21.0-1.el9.x86_64                26/39 
  Verifying        : libwayland-server-1.21.0-1.el9.x86_64                27/39 
  Verifying        : libxcb-devel-1.13.1-9.el9.x86_64                     28/39 
  Verifying        : libxshmfence-1.3-10.el9.x86_64                       29/39 
  Verifying        : mesa-dri-drivers-25.0.7-2.el9.x86_64                 30/39 
  Verifying        : mesa-filesystem-25.0.7-2.el9.x86_64                  31/39 
  Verifying        : mesa-libEGL-25.0.7-2.el9.x86_64                      32/39 
  Verifying        : mesa-libEGL-devel-25.0.7-2.el9.x86_64                33/39 
  Verifying        : mesa-libGL-25.0.7-2.el9.x86_64                       34/39 
  Verifying        : mesa-libgbm-25.0.7-2.el9.x86_64                      35/39 
  Verifying        : pango-1.48.7-3.el9.x86_64                            36/39 
  Verifying        : pixman-0.40.0-6.el9.x86_64                           37/39 
  Verifying        : spirv-tools-libs-2025.2-1.el9.x86_64                 38/39 
  Verifying        : xorg-x11-proto-devel-2024.1-1.el9.noarch             39/39 

Installed:
  SDL2-2.26.0-1.el9.x86_64                                                      
  SDL2-devel-2.26.0-1.el9.x86_64                                                
  cairo-1.17.4-7.el9.x86_64                                                     
  cmake-filesystem-3.26.5-2.el9.x86_64                                          
  fribidi-1.0.10-6.el9.2.x86_64                                                 
  hwdata-0.348-9.20.el9.noarch                                                  
  libX11-devel-1.7.0-11.el9.x86_64                                              
  libXau-devel-1.0.9-8.el9.x86_64                                               
  libXext-1.3.4-8.el9.x86_64                                                    
  libXft-2.3.3-8.el9.x86_64                                                     
  libXrender-0.9.10-16.el9.x86_64                                               
  libXxf86vm-1.1.4-18.el9.x86_64                                                
  libdatrie-0.2.13-4.el9.x86_64                                                 
  libdecor-0.1.1-1.el9.x86_64                                                   
  libdrm-2.4.123-2.el9.x86_64                                                   
  libglvnd-1:1.3.4-1.el9.x86_64                                                 
  libglvnd-core-devel-1:1.3.4-1.el9.x86_64                                      
  libglvnd-devel-1:1.3.4-1.el9.x86_64                                           
  libglvnd-egl-1:1.3.4-1.el9.x86_64                                             
  libglvnd-gles-1:1.3.4-1.el9.x86_64                                            
  libglvnd-glx-1:1.3.4-1.el9.x86_64                                             
  libglvnd-opengl-1:1.3.4-1.el9.x86_64                                          
  libpciaccess-0.16-7.el9.x86_64                                                
  libthai-0.1.28-8.el9.x86_64                                                   
  libwayland-client-1.21.0-1.el9.x86_64                                         
  libwayland-cursor-1.21.0-1.el9.x86_64                                         
  libwayland-server-1.21.0-1.el9.x86_64                                         
  libxcb-devel-1.13.1-9.el9.x86_64                                              
  libxshmfence-1.3-10.el9.x86_64                                                
  mesa-dri-drivers-25.0.7-2.el9.x86_64                                          
  mesa-filesystem-25.0.7-2.el9.x86_64                                           
  mesa-libEGL-25.0.7-2.el9.x86_64                                               
  mesa-libEGL-devel-25.0.7-2.el9.x86_64                                         
  mesa-libGL-25.0.7-2.el9.x86_64                                                
  mesa-libgbm-25.0.7-2.el9.x86_64                                               
  pango-1.48.7-3.el9.x86_64                                                     
  pixman-0.40.0-6.el9.x86_64                                                    
  spirv-tools-libs-2025.2-1.el9.x86_64                                          
  xorg-x11-proto-devel-2024.1-1.el9.noarch                                      

Complete!
Note: Deploying libsdl2_image=2.8.2...
The system package 'SDL2_image-devel' is about to be installed.
This action might require admin privileges and impact your system installation.
Do you want Alire to install this system package?
Using default: Yes
Last metadata expiration check: 0:25:03 ago on Tue Sep 30 01:08:23 2025.
Dependencies resolved.
================================================================================
 Package                Architecture Version              Repository       Size
================================================================================
Installing:
 SDL2_image-devel       x86_64       2.8.2-1.el9          epel             18 k
Installing dependencies:
 SDL2_image             x86_64       2.8.2-1.el9          epel            105 k
 jbigkit-libs           x86_64       2.1-23.el9           appstream        53 k
 libjpeg-turbo          x86_64       2.0.90-7.el9         appstream       175 k
 libtiff                x86_64       4.4.0-15.el9         appstream       197 k
 libtiff-devel          x86_64       4.4.0-15.el9         appstream       571 k
 libwebp                x86_64       1.2.0-8.el9          appstream       277 k
 libwebp-devel          x86_64       1.2.0-8.el9          appstream        33 k

Transaction Summary
================================================================================
Install  8 Packages

Total download size: 1.4 M
Installed size: 4.1 M
Downloading Packages:
(1/8): jbigkit-libs-2.1-23.el9.x86_64.rpm       655 kB/s |  53 kB     00:00    
(2/8): libjpeg-turbo-2.0.90-7.el9.x86_64.rpm    2.1 MB/s | 175 kB     00:00    
(3/8): libtiff-4.4.0-15.el9.x86_64.rpm          2.3 MB/s | 197 kB     00:00    
(4/8): libwebp-devel-1.2.0-8.el9.x86_64.rpm     2.3 MB/s |  33 kB     00:00    
(5/8): libwebp-1.2.0-8.el9.x86_64.rpm           8.9 MB/s | 277 kB     00:00    
(6/8): libtiff-devel-4.4.0-15.el9.x86_64.rpm     11 MB/s | 571 kB     00:00    
(7/8): SDL2_image-devel-2.8.2-1.el9.x86_64.rpm   71 kB/s |  18 kB     00:00    
(8/8): SDL2_image-2.8.2-1.el9.x86_64.rpm        350 kB/s | 105 kB     00:00    
--------------------------------------------------------------------------------
Total                                           1.8 MB/s | 1.4 MB     00:00     
Running transaction check
Transaction check succeeded.
Running transaction test
Transaction test succeeded.
Running transaction
  Preparing        :                                                        1/1 
  Installing       : libwebp-1.2.0-8.el9.x86_64                             1/8 
  Installing       : libwebp-devel-1.2.0-8.el9.x86_64                       2/8 
  Installing       : libjpeg-turbo-2.0.90-7.el9.x86_64                      3/8 
  Installing       : jbigkit-libs-2.1-23.el9.x86_64                         4/8 
  Installing       : libtiff-4.4.0-15.el9.x86_64                            5/8 
  Installing       : libtiff-devel-4.4.0-15.el9.x86_64                      6/8 
  Installing       : SDL2_image-2.8.2-1.el9.x86_64                          7/8 
  Installing       : SDL2_image-devel-2.8.2-1.el9.x86_64                    8/8 
  Running scriptlet: SDL2_image-devel-2.8.2-1.el9.x86_64                    8/8 
  Verifying        : jbigkit-libs-2.1-23.el9.x86_64                         1/8 
  Verifying        : libjpeg-turbo-2.0.90-7.el9.x86_64                      2/8 
  Verifying        : libtiff-4.4.0-15.el9.x86_64                            3/8 
  Verifying        : libtiff-devel-4.4.0-15.el9.x86_64                      4/8 
  Verifying        : libwebp-1.2.0-8.el9.x86_64                             5/8 
  Verifying        : libwebp-devel-1.2.0-8.el9.x86_64                       6/8 
  Verifying        : SDL2_image-2.8.2-1.el9.x86_64                          7/8 
  Verifying        : SDL2_image-devel-2.8.2-1.el9.x86_64                    8/8 

Installed:
  SDL2_image-2.8.2-1.el9.x86_64        SDL2_image-devel-2.8.2-1.el9.x86_64      
  jbigkit-libs-2.1-23.el9.x86_64       libjpeg-turbo-2.0.90-7.el9.x86_64        
  libtiff-4.4.0-15.el9.x86_64          libtiff-devel-4.4.0-15.el9.x86_64        
  libwebp-1.2.0-8.el9.x86_64           libwebp-devel-1.2.0-8.el9.x86_64         

Complete!
Note: Deploying libsdl2_mixer=2.8.1...
The system package 'SDL2_mixer-devel' is about to be installed.
This action might require admin privileges and impact your system installation.
Do you want Alire to install this system package?
Using default: Yes
Last metadata expiration check: 0:25:05 ago on Tue Sep 30 01:08:23 2025.
Dependencies resolved.
================================================================================
 Package                  Architecture   Version             Repository    Size
================================================================================
Installing:
 SDL2_mixer-devel         x86_64         2.8.1-1.el9         epel          36 k
Installing dependencies:
 SDL2_mixer               x86_64         2.8.1-1.el9         epel         167 k

Transaction Summary
================================================================================
Install  2 Packages

Total download size: 204 k
Installed size: 505 k
Downloading Packages:
(1/2): SDL2_mixer-devel-2.8.1-1.el9.x86_64.rpm  195 kB/s |  36 kB     00:00    
(2/2): SDL2_mixer-2.8.1-1.el9.x86_64.rpm        556 kB/s | 167 kB     00:00    
--------------------------------------------------------------------------------
Total                                           134 kB/s | 204 kB     00:01     
Running transaction check
Transaction check succeeded.
Running transaction test
Transaction test succeeded.
Running transaction
  Preparing        :                                                        1/1 
  Installing       : SDL2_mixer-2.8.1-1.el9.x86_64                          1/2 
  Installing       : SDL2_mixer-devel-2.8.1-1.el9.x86_64                    2/2 
  Running scriptlet: SDL2_mixer-devel-2.8.1-1.el9.x86_64                    2/2 
  Verifying        : SDL2_mixer-2.8.1-1.el9.x86_64                          1/2 
  Verifying        : SDL2_mixer-devel-2.8.1-1.el9.x86_64                    2/2 

Installed:
  SDL2_mixer-2.8.1-1.el9.x86_64       SDL2_mixer-devel-2.8.1-1.el9.x86_64      

Complete!
Note: Deploying libsdl2_ttf=2.20.2...
The system package 'SDL2_ttf-devel' is about to be installed.
This action might require admin privileges and impact your system installation.
Do you want Alire to install this system package?
Using default: Yes
Last metadata expiration check: 0:25:07 ago on Tue Sep 30 01:08:23 2025.
Dependencies resolved.
================================================================================
 Package                   Arch       Version               Repository     Size
================================================================================
Installing:
 SDL2_ttf-devel            x86_64     2.20.2-1.el9          epel           21 k
Installing dependencies:
 SDL2_ttf                  x86_64     2.20.2-1.el9          epel           40 k
 brotli                    x86_64     1.0.9-7.el9           appstream     312 k
 brotli-devel              x86_64     1.0.9-7.el9           appstream      31 k
 bzip2-devel               x86_64     1.0.8-10.el9          appstream     214 k
 freetype-devel            x86_64     2.10.4-11.el9         appstream     1.1 M
 glib2-devel               x86_64     2.68.4-16.el9         appstream     552 k
 graphite2-devel           x86_64     1.3.14-9.el9          appstream      22 k
 harfbuzz-devel            x86_64     2.7.4-10.el9          appstream     347 k
 harfbuzz-icu              x86_64     2.7.4-10.el9          appstream      14 k
 libblkid-devel            x86_64     2.37.4-21.el9         appstream      17 k
 libffi-devel              x86_64     3.4.2-8.el9           appstream      29 k
 libicu                    x86_64     67.1-10.el9           baseos        9.6 M
 libicu-devel              x86_64     67.1-10.el9           appstream     937 k
 libmount-devel            x86_64     2.37.4-21.el9         appstream      18 k
 libpng-devel              x86_64     2:1.6.37-12.el9       appstream     293 k
 libselinux-devel          x86_64     3.6-3.el9             appstream     159 k
 libsepol-devel            x86_64     3.6-3.el9             appstream      47 k
 pcre-cpp                  x86_64     8.44-4.el9            appstream      26 k
 pcre-devel                x86_64     8.44-4.el9            appstream     506 k
 pcre-utf16                x86_64     8.44-4.el9            appstream     184 k
 pcre-utf32                x86_64     8.44-4.el9            appstream     174 k
 pcre2-devel               x86_64     10.40-6.el9           appstream     512 k
 pcre2-utf16               x86_64     10.40-6.el9           appstream     214 k
 pcre2-utf32               x86_64     10.40-6.el9           appstream     203 k
 sysprof-capture-devel     x86_64     3.40.1-3.el9          appstream      60 k
 zlib-devel                x86_64     1.2.11-41.el9         appstream      45 k

Transaction Summary
================================================================================
Install  27 Packages

Total download size: 16 M
Installed size: 59 M
Downloading Packages:
(1/27): libicu-67.1-10.el9.x86_64.rpm            47 MB/s | 9.6 MB     00:00    
(2/27): brotli-devel-1.0.9-7.el9.x86_64.rpm      17 kB/s |  31 kB     00:01    
(3/27): bzip2-devel-1.0.8-10.el9.x86_64.rpm     119 kB/s | 214 kB     00:01    
(4/27): brotli-1.0.9-7.el9.x86_64.rpm           146 kB/s | 312 kB     00:02    
(5/27): graphite2-devel-1.3.14-9.el9.x86_64.rpm 278 kB/s |  22 kB     00:00    
(6/27): glib2-devel-2.68.4-16.el9.x86_64.rpm    1.9 MB/s | 552 kB     00:00    
(7/27): harfbuzz-icu-2.7.4-10.el9.x86_64.rpm    172 kB/s |  14 kB     00:00    
(8/27): libblkid-devel-2.37.4-21.el9.x86_64.rpm 210 kB/s |  17 kB     00:00    
(9/27): libffi-devel-3.4.2-8.el9.x86_64.rpm     370 kB/s |  29 kB     00:00    
(10/27): harfbuzz-devel-2.7.4-10.el9.x86_64.rpm 826 kB/s | 347 kB     00:00    
(11/27): libmount-devel-2.37.4-21.el9.x86_64.rp 235 kB/s |  18 kB     00:00    
(12/27): libicu-devel-67.1-10.el9.x86_64.rpm    2.5 MB/s | 937 kB     00:00    
(13/27): freetype-devel-2.10.4-11.el9.x86_64.rp 964 kB/s | 1.1 MB     00:01    
(14/27): libselinux-devel-3.6-3.el9.x86_64.rpm  1.9 MB/s | 159 kB     00:00    
(15/27): libsepol-devel-3.6-3.el9.x86_64.rpm    601 kB/s |  47 kB     00:00    
(16/27): libpng-devel-1.6.37-12.el9.x86_64.rpm  833 kB/s | 293 kB     00:00    
(17/27): pcre-cpp-8.44-4.el9.x86_64.rpm         321 kB/s |  26 kB     00:00    
(18/27): pcre-utf32-8.44-4.el9.x86_64.rpm       2.1 MB/s | 174 kB     00:00    
(19/27): pcre-utf16-8.44-4.el9.x86_64.rpm       855 kB/s | 184 kB     00:00    
(20/27): pcre2-devel-10.40-6.el9.x86_64.rpm     2.3 MB/s | 512 kB     00:00    
(21/27): pcre2-utf32-10.40-6.el9.x86_64.rpm     2.4 MB/s | 203 kB     00:00    
(22/27): sysprof-capture-devel-3.40.1-3.el9.x86 746 kB/s |  60 kB     00:00    
(23/27): pcre2-utf16-10.40-6.el9.x86_64.rpm     756 kB/s | 214 kB     00:00    
(24/27): pcre-devel-8.44-4.el9.x86_64.rpm       899 kB/s | 506 kB     00:00    
(25/27): zlib-devel-1.2.11-41.el9.x86_64.rpm    562 kB/s |  45 kB     00:00    
(26/27): SDL2_ttf-2.20.2-1.el9.x86_64.rpm       338 kB/s |  40 kB     00:00    
(27/27): SDL2_ttf-devel-2.20.2-1.el9.x86_64.rpm 226 kB/s |  21 kB     00:00    
--------------------------------------------------------------------------------
Total                                           3.5 MB/s |  16 MB     00:04     
Running transaction check
Transaction check succeeded.
Running transaction test
Transaction test succeeded.
Running transaction
  Preparing        :                                                        1/1 
  Installing       : zlib-devel-1.2.11-41.el9.x86_64                       1/27 
  Installing       : libicu-67.1-10.el9.x86_64                             2/27 
  Installing       : harfbuzz-icu-2.7.4-10.el9.x86_64                      3/27 
  Installing       : libicu-devel-67.1-10.el9.x86_64                       4/27 
  Installing       : libpng-devel-2:1.6.37-12.el9.x86_64                   5/27 
  Installing       : SDL2_ttf-2.20.2-1.el9.x86_64                          6/27 
  Installing       : sysprof-capture-devel-3.40.1-3.el9.x86_64             7/27 
  Installing       : pcre2-utf32-10.40-6.el9.x86_64                        8/27 
  Installing       : pcre2-utf16-10.40-6.el9.x86_64                        9/27 
  Installing       : pcre2-devel-10.40-6.el9.x86_64                       10/27 
  Installing       : pcre-utf32-8.44-4.el9.x86_64                         11/27 
  Installing       : pcre-utf16-8.44-4.el9.x86_64                         12/27 
  Installing       : pcre-cpp-8.44-4.el9.x86_64                           13/27 
  Installing       : pcre-devel-8.44-4.el9.x86_64                         14/27 
  Installing       : libsepol-devel-3.6-3.el9.x86_64                      15/27 
  Installing       : libselinux-devel-3.6-3.el9.x86_64                    16/27 
  Installing       : libffi-devel-3.4.2-8.el9.x86_64                      17/27 
  Installing       : libblkid-devel-2.37.4-21.el9.x86_64                  18/27 
  Installing       : libmount-devel-2.37.4-21.el9.x86_64                  19/27 
  Installing       : glib2-devel-2.68.4-16.el9.x86_64                     20/27 
  Installing       : graphite2-devel-1.3.14-9.el9.x86_64                  21/27 
  Installing       : bzip2-devel-1.0.8-10.el9.x86_64                      22/27 
  Installing       : brotli-1.0.9-7.el9.x86_64                            23/27 
  Installing       : brotli-devel-1.0.9-7.el9.x86_64                      24/27 
  Installing       : freetype-devel-2.10.4-11.el9.x86_64                  25/27 
  Installing       : harfbuzz-devel-2.7.4-10.el9.x86_64                   26/27 
  Installing       : SDL2_ttf-devel-2.20.2-1.el9.x86_64                   27/27 
  Running scriptlet: SDL2_ttf-devel-2.20.2-1.el9.x86_64                   27/27 
  Verifying        : libicu-67.1-10.el9.x86_64                             1/27 
  Verifying        : brotli-1.0.9-7.el9.x86_64                             2/27 
  Verifying        : brotli-devel-1.0.9-7.el9.x86_64                       3/27 
  Verifying        : bzip2-devel-1.0.8-10.el9.x86_64                       4/27 
  Verifying        : freetype-devel-2.10.4-11.el9.x86_64                   5/27 
  Verifying        : glib2-devel-2.68.4-16.el9.x86_64                      6/27 
  Verifying        : graphite2-devel-1.3.14-9.el9.x86_64                   7/27 
  Verifying        : harfbuzz-devel-2.7.4-10.el9.x86_64                    8/27 
  Verifying        : harfbuzz-icu-2.7.4-10.el9.x86_64                      9/27 
  Verifying        : libblkid-devel-2.37.4-21.el9.x86_64                  10/27 
  Verifying        : libffi-devel-3.4.2-8.el9.x86_64                      11/27 
  Verifying        : libicu-devel-67.1-10.el9.x86_64                      12/27 
  Verifying        : libmount-devel-2.37.4-21.el9.x86_64                  13/27 
  Verifying        : libpng-devel-2:1.6.37-12.el9.x86_64                  14/27 
  Verifying        : libselinux-devel-3.6-3.el9.x86_64                    15/27 
  Verifying        : libsepol-devel-3.6-3.el9.x86_64                      16/27 
  Verifying        : pcre-cpp-8.44-4.el9.x86_64                           17/27 
  Verifying        : pcre-devel-8.44-4.el9.x86_64                         18/27 
  Verifying        : pcre-utf16-8.44-4.el9.x86_64                         19/27 
  Verifying        : pcre-utf32-8.44-4.el9.x86_64                         20/27 
  Verifying        : pcre2-devel-10.40-6.el9.x86_64                       21/27 
  Verifying        : pcre2-utf16-10.40-6.el9.x86_64                       22/27 
  Verifying        : pcre2-utf32-10.40-6.el9.x86_64                       23/27 
  Verifying        : sysprof-capture-devel-3.40.1-3.el9.x86_64            24/27 
  Verifying        : zlib-devel-1.2.11-41.el9.x86_64                      25/27 
  Verifying        : SDL2_ttf-2.20.2-1.el9.x86_64                         26/27 
  Verifying        : SDL2_ttf-devel-2.20.2-1.el9.x86_64                   27/27 

Installed:
  SDL2_ttf-2.20.2-1.el9.x86_64        SDL2_ttf-devel-2.20.2-1.el9.x86_64       
  brotli-1.0.9-7.el9.x86_64           brotli-devel-1.0.9-7.el9.x86_64          
  bzip2-devel-1.0.8-10.el9.x86_64     freetype-devel-2.10.4-11.el9.x86_64      
  glib2-devel-2.68.4-16.el9.x86_64    graphite2-devel-1.3.14-9.el9.x86_64      
  harfbuzz-devel-2.7.4-10.el9.x86_64  harfbuzz-icu-2.7.4-10.el9.x86_64         
  libblkid-devel-2.37.4-21.el9.x86_64 libffi-devel-3.4.2-8.el9.x86_64          
  libicu-67.1-10.el9.x86_64           libicu-devel-67.1-10.el9.x86_64          
  libmount-devel-2.37.4-21.el9.x86_64 libpng-devel-2:1.6.37-12.el9.x86_64      
  libselinux-devel-3.6-3.el9.x86_64   libsepol-devel-3.6-3.el9.x86_64          
  pcre-cpp-8.44-4.el9.x86_64          pcre-devel-8.44-4.el9.x86_64             
  pcre-utf16-8.44-4.el9.x86_64        pcre-utf32-8.44-4.el9.x86_64             
  pcre2-devel-10.40-6.el9.x86_64      pcre2-utf16-10.40-6.el9.x86_64           
  pcre2-utf32-10.40-6.el9.x86_64      sysprof-capture-devel-3.40.1-3.el9.x86_64
  zlib-devel-1.2.11-41.el9.x86_64    

Complete!
Note: Deploying sdlada=2.5.20...

ada_voxel_space_demo=1.0.1 successfully retrieved.
Dependencies were solved as follows:

   +b libsdl2       2.26.0 (new,indirect,system package)
   +b libsdl2_image 2.8.2  (new,indirect,system package)
   +b libsdl2_mixer 2.8.1  (new,indirect,system package)
   +b libsdl2_ttf   2.20.2 (new,indirect,system package)
   +b make          4.3.0  (new,indirect,system package)
   +  sdlada        2.5.20 (new)
[alr test] Spawning default test for remote crate: alr -d -n build --release -- -cargs:Ada -gnatwn
Note: Running pre-build actions for sdlada=2.5.20...
make: Entering directory '/root/.local/share/alire/builds/sdlada_2.5.20_cd53c280/b806e89a70826130f309c821b0062d4880d742c187463f2005eec1b7a4d4d286/build/gnat'
mkdir -p gen/src/
gprbuild -p -gnat2012 -XSDL_MODE=debug -XSDL_PLATFORM=linux \
	-Ptools.gpr
Setup
   [mkdir]        object directory for project Tools
Compile
   [Ada]          gen_keyboard.adb
   [Ada]          scancodes.ads
   [Ada]          utils.adb
Bind
   [gprbind]      gen_keyboard.bexch
   [Ada]          gen_keyboard.ali
Link
   [link]         gen_keyboard.adb
./gen/debug/tools/gen_keyboard > gen/src/sdl-events-keyboards.ads
make: Leaving directory '/root/.local/share/alire/builds/sdlada_2.5.20_cd53c280/b806e89a70826130f309c821b0062d4880d742c187463f2005eec1b7a4d4d286/build/gnat'
Note: Building ada_voxel_space_demo=1.0.1/ada_voxel_space_demo.gpr...
Setup
   [mkdir]        object directory for project SDLAda
   [mkdir]        object directory for project Ada_Voxel_Space_Demo
Compile
   [Ada]          main.adb
   [C]            version_ttf.c
   [C]            version_images.c
   [C]            version.c
   [Ada]          sdl-ttfs-versions.adb
   [Ada]          sdl-ttfs-makers.adb
   [Ada]          sdl-ttfs.adb
   [Ada]          sdl-images-io.adb
   [Ada]          sdl-images.adb
   [Ada]          sdl-images-versions.adb
   [Ada]          sdl-video-pixel_formats.adb
   [Ada]          sdl-video-renderers.adb
   [Ada]          sdl-video-rectangles.adb
   [Ada]          sdl-video-windows-manager.adb
   [Ada]          sdl-video-surfaces-makers.adb
   [Ada]          sdl-video-textures-makers.adb
   [Ada]          sdl-video-displays.adb
   [Ada]          sdl-video-gl.adb
   [Ada]          sdl-video-windows.adb
   [Ada]          sdl-video-textures.adb
   [Ada]          sdl-video.adb
   [Ada]          sdl-video-pixels.ads
   [Ada]          sdl-video-renderers-makers.adb
   [Ada]          sdl-video-palettes.adb
   [Ada]          sdl-video-surfaces.adb
   [Ada]          sdl-video-windows-makers.adb
   [Ada]          sdl-rwops.adb
   [Ada]          sdl-rwops-streams.adb
   [Ada]          sdl-inputs-joysticks-game_controllers-makers.adb
   [Ada]          sdl-inputs-mice.adb
   [Ada]          sdl-inputs-keyboards.adb
   [Ada]          sdl-inputs-mice-cursors.adb
   [Ada]          sdl-inputs-joysticks-game_controllers.adb
   [Ada]          sdl-inputs-joysticks-makers.adb
   [Ada]          sdl-inputs-joysticks.adb
   [Ada]          sdl-inputs.ads
   [Ada]          sdl-events.ads
   [Ada]          sdl-events-files.ads
   [Ada]          sdl-events-events.adb
   [Ada]          sdl-events-controllers.ads
sdl-inputs-joysticks.adb:69:04: (style) missing "overriding" indicator in body of "=" [-gnatyO]
sdl-inputs-joysticks.ads:56:04: (style) missing "overriding" indicator in declaration of "=" [-gnatyO]
sdl-inputs-joysticks.ads:56:13: warning: missing overriding indicator for "=" [enabled by default]
   [Ada]          sdl-events-keyboards.adb
   [Ada]          sdl-events-joysticks-game_controllers.adb
   [Ada]          sdl-events-mice.ads
   [Ada]          sdl-events-touches.ads
   [Ada]          sdl-events-joysticks.adb
   [Ada]          sdl-events-windows.ads
   [Ada]          sdl-audio-sample_formats.ads
   [Ada]          sdl-audio-devices.adb
   [Ada]          sdl-audio.adb
   [Ada]          sdl-platform.adb
   [Ada]          sdl-c_pointers.ads
   [Ada]          sdl.adb
   [Ada]          sdl-cpus.adb
   [Ada]          sdl-error.adb
   [Ada]          sdl-power.adb
   [Ada]          sdl-clipboard.adb
   [Ada]          sdl-log.adb
   [Ada]          sdl-hints.adb
   [Ada]          sdl-versions.adb
   [Ada]          sdl-libraries.adb
   [Ada]          sdl-timers.ads
sdl_display.adb:51:59: error: expected type "Standard.Integer"
sdl_display.adb:51:59: error: found type "Interfaces.C.int"
sdl_display.adb:52:59: error: expected type "Standard.Integer"
sdl_display.adb:52:59: error: found type "Interfaces.C.int"
sdl_display.adb:74:56: error: expected type "Standard.Integer"
sdl_display.adb:74:56: error: found type "Interfaces.C.int"
sdl_display.adb:75:56: error: expected type "Standard.Integer"
sdl_display.adb:75:56: error: found type "Interfaces.C.int"
sdl_display.adb:94:52: error: expected type "Standard.Integer"
sdl_display.adb:94:52: error: found type "Interfaces.C.int"
sdl_display.adb:95:52: error: expected type "Standard.Integer"
sdl_display.adb:95:52: error: found type "Interfaces.C.int"
sdl_display.adb:132:31: error: no candidate interpretations match the actuals:
sdl_display.adb:132:31: error: too many arguments in call to "SDL.Video.Windows.Makers.Create"
sdl_display.adb:136:10: error: expected type "Positive_Dimension" defined at sdl.ads:60
sdl_display.adb:136:10: error: found type "Standard.Integer"
sdl_display.adb:136:10: error:   ==> in call to "Create" at sdl-video-windows-makers.ads:23
sdl_display.adb:147:23: error: expected type "Dimension" defined at sdl.ads:58
sdl_display.adb:147:23: error: found type "Standard.Integer"
sdl_display.adb:148:23: error: expected type "Dimension" defined at sdl.ads:58
sdl_display.adb:148:23: error: found type "Standard.Integer"

   compilation of main.adb failed

gprbuild: *** compilation phase failed
stderr: Command ["gprbuild", "-s", "-j0", "-p", "-P", "/home/runner/work/alire-crates-ci/alire-crates-ci/test/750ab0d3-f7b6-4e23-9ff3-2a0c0d0503fb/ada_voxel_space_demo_1.0.1_69740326/ada_voxel_space_demo.gpr", "-cargs:Ada", "-gnatwn"] exited with code 4
ERROR: Command ["gprbuild", "-s", "-j0", "-p", "-P", "/home/runner/work/alire-crates-ci/alire-crates-ci/test/750ab0d3-f7b6-4e23-9ff3-2a0c0d0503fb/ada_voxel_space_demo_1.0.1_69740326/ada_voxel_space_demo.gpr", "-cargs:Ada", "-gnatwn"] exited with code 4
stderr: ALIRE.CHECKED_ERROR
stderr: Command ["gprbuild", "-s", "-j0", "-p", "-P", "/home/runner/work/alire-crates-ci/alire-crates-ci/test/750ab0d3-f7b6-4e23-9ff3-2a0c0d0503fb/ada_voxel_space_demo_1.0.1_69740326/ada_voxel_space_demo.gpr", "-cargs:Ada", "-gnatwn"] exited with code 4
stderr: raised ALIRE.CHECKED_ERROR : alire-stored-error:1
[/usr/bin/alr]
0xe75bc6 Alire.Raise_Checked_Error at alire.adb:284
0xac1a54 Alire.Os_Lib.Subprocess.Checked_Spawn at alire-os_lib-subprocess.adb:111
0xd40276 Alire.Spawn.Command at alire-spawn.adb:22
0xd412ee Alire.Spawn.Gprbuild at alire-spawn.adb:68
0xc748cb Alire.Roots.Build at alire-roots.adb:189
0xc7301a Alire.Roots.Build at alire-roots.adb:255
0xc9832b Alire.Roots.Traverse at alire-roots.adb:2143
0xcfee85 Alire.Solutions.Traverse.Visit at alire-solutions.adb:1472
0xcfdfcc Alire.Solutions.Traverse at alire-solutions.adb:1555
0xc9841e Alire.Roots.Traverse at alire-roots.adb:2147
0xc984dd Alire.Roots.Traverse at alire-roots.adb:2127
0xc7359b Alire.Roots.Build at alire-roots.adb:286
0xc736d7 Alire.Roots.Build at alire-roots.adb:114
0x49aa0d Alr.Commands.Build.Execute at alr-commands-build.adb:145
0x49a36d Alr.Commands.Build.Execute at alr-commands-build.adb:113
0x49a51f Alr.Commands.Build.Execute at alr-commands-build.adb:54
0x53bbcc Alr.Commands.Sub_Cmd.Execute at clic-subcommand-instance.adb:749
0x5472be Alr.Commands.Execute at alr-commands.adb:632
0x43d48a Alr.Main at alr-main.adb:13
0x4403a3 Main at b__alr-main.adb:2445
[/lib64/libc.so.6]
0x7fdfca9ef60e
0x7fdfca9ef6be
[/usr/bin/alr]
0x43d323 _start at ???
0xfffffffffffffffe

stderr: ALIRE.ROOTS.BUILD._WRAPPED_STATEMENTS.BUILD_FAILED
stderr: alire-roots.adb:202
stderr: raised ALIRE.ROOTS.BUILD._WRAPPED_STATEMENTS.BUILD_FAILED : alire-roots.adb:202
[/usr/bin/alr]
0xc74cc7 Alire.Roots.Build at alire-roots.adb:202
0xc7301a Alire.Roots.Build at alire-roots.adb:255
0xc9832b Alire.Roots.Traverse at alire-roots.adb:2143
0xcfee85 Alire.Solutions.Traverse.Visit at alire-solutions.adb:1472
0xcfdfcc Alire.Solutions.Traverse at alire-solutions.adb:1555
0xc9841e Alire.Roots.Traverse at alire-roots.adb:2147
0xc984dd Alire.Roots.Traverse at alire-roots.adb:2127
0xc7359b Alire.Roots.Build at alire-roots.adb:286
0xc736d7 Alire.Roots.Build at alire-roots.adb:114
0x49aa0d Alr.Commands.Build.Execute at alr-commands-build.adb:145
0x49a36d Alr.Commands.Build.Execute at alr-commands-build.adb:113
0x49a51f Alr.Commands.Build.Execute at alr-commands-build.adb:54
0x53bbcc Alr.Commands.Sub_Cmd.Execute at clic-subcommand-instance.adb:749
0x5472be Alr.Commands.Execute at alr-commands.adb:632
0x43d48a Alr.Main at alr-main.adb:13
0x4403a3 Main at b__alr-main.adb:2445
[/lib64/libc.so.6]
0x7fdfca9ef60e
0x7fdfca9ef6be
[/usr/bin/alr]
0x43d323 _start at ???
0xfffffffffffffffe

ERROR: Compilation failed.
