Test ran at 2025-10-19 00:44:53.371209+00:00

SOLUTION:
a0b_tools=0.1.0: A0B Tools: Runtime Generator
Origin: commit 39e79120e51c646cd330e77cc38f359b81ee6194 from https://github.com/godunko/a0b-tools.git
Properties:
   Author: Vadim Godunko
   Auto_Gpr_With: auto-gpr-with=false
   Configuration: no modifiers
   Description: A0B Tools: Runtime Generator
   Environment: PATH=${PATH}:${CRATE_ROOT}/bin
   Executable: a0b-runtime
   License: GPL-3.0-or-later
   Maintainer: Vadim Godunko <vgodunko@gmail.com>
   Maintainers_Logins: godunko
   Name: a0b_tools
   Project_File: gnat/a0b_tools.gpr
   Tag: a0b
   Tag: tools
   Tag: runtime
   Version: 0.1.0
   Website: https://github.com/godunko/a0b-tools
Dependencies (direct):
   a0b_base*
   gnat*
   gnatcoll*
   vss*
Dependencies (solution):
   a0b_base=0.4.0
   gnat=12.2.1 (gnat_native)
   gnatcoll=24.0.0
   libgpr=24.0.0
   vss=25.0.0
   xmlada=24.0.0
Dependencies (graph):
   a0b_tools=0.1.0 --> a0b_base=0.4.0 (*)
   a0b_tools=0.1.0 --> gnat=12.2.1 (gnat_native) (*)
   a0b_tools=0.1.0 --> gnatcoll=24.0.0 (*)
   a0b_tools=0.1.0 --> vss=25.0.0 (*)
   gnatcoll=24.0.0 --> libgpr=24.0.0 (~24.0.0)
   libgpr=24.0.0   --> gnat=12.2.1 (gnat_native) (/=2020)
   libgpr=24.0.0   --> xmlada=24.0.0 (~24.0.0)
   vss=25.0.0      --> gnat=12.2.1 (gnat_native) (>=11 & <2000)
   xmlada=24.0.0   --> gnat=12.2.1 (gnat_native) (>=11)


LOG:
[alr test] Testing a0b_tools=0.1.0
[alr test] Spawning retrieval for remote crate: alr -d -n get a0b_tools=0.1.0
Note: Deploying a0b_tools=0.1.0...
Note: Deploying a0b_base=0.4.0...
Note: Deploying vss=25.0.0...

#=#=#                                                                          
##O#-#                                                                         
##=O#- #                                                                       
# #=O#- #                                                                      
Note: Deploying xmlada=24.0.0...

#=#=#                                                                          
##O#-#                                                                         
##=O#- #                                                                       
Note: Deploying libgpr=24.0.0...

#=#=#                                                                          
##O#-#                                                                         
##=O#- #                                                                       
Note: Deploying gnatcoll=24.0.0...

#=#=#                                                                          
##O#-#                                                                         
##=O#- #                                                                       

a0b_tools=0.1.0 successfully retrieved.
Dependencies were solved as follows:

   +  a0b_base 0.4.0  (new)
   +b gnat     12.2.1 (new,gnat_native,binary)
   +  gnatcoll 24.0.0 (new)
   +  libgpr   24.0.0 (new,indirect)
   +  vss      25.0.0 (new)
   +  xmlada   24.0.0 (new,indirect)
[alr test] Spawning default test for remote crate: alr -d -n build --release -- -cargs:Ada -gnatwn
Note: Running post-fetch actions for xmlada=24.0.0...
configure: loading site script /usr/local/etc/config.site
checking build system type... x86_64-pc-mingw64
checking host system type... x86_64-pc-mingw64
checking target system type... x86_64-pc-mingw64
checking whether gnat can build shared libs... yes
checking for a BSD-compatible install... /usr/bin/install -c
checking whether ln -s works... no, using cp -pR
configure: creating ./config.status
config.status: creating xmlada_shared.gpr
config.status: creating Makefile
config.status: creating tests/dom/default.gpr
Note: Building a0b_tools=0.1.0/gnat/a0b_tools.gpr...
Setup
   [mkdir]        object directory for project A0B_Base
   [mkdir]        library directory for project A0B_Base
   [mkdir]        object directory for project XmlAda_Sax
   [mkdir]        library directory for project XmlAda_Sax
   [mkdir]        object directory for project XmlAda_Schema
   [mkdir]        object directory for project GPR
   [mkdir]        library directory for project GPR
   [mkdir]        object directory for project GnatColl
   [mkdir]        library directory for project GnatColl
   [mkdir]        object directory for project VSS_GNAT
   [mkdir]        library directory for project VSS_GNAT
   [mkdir]        object directory for project A0B_Tools
   [mkdir]        exec directory for project A0B_Tools
Compile
   [Ada]          rtg-driver.adb
   [Ada]          vss-xml-xmlada_readers.adb
   [Ada]          vss-xml-implementation-xmlada_parse_errors.adb
   [Ada]          vss-xml-implementation-xmlada_locators.adb
   [Ada]          vss-xml-implementation-xmlada_attributes.adb
   [Ada]          vss-xml-templates-proxies-strings.adb
vss-string_vectors.ads:192:09: error: premature use of "Empty_Virtual_String_Vector" in call or instance

   compilation of rtg-driver.adb failed

gprbuild: *** compilation phase failed
stderr: Command ["gprbuild", "-s", "-j0", "-p", "-P", "D:\a\alire-crates-ci\alire-crates-ci\test\f1c30c74-2711-46e6-85ea-18628c4b7358\a0b_tools_0.1.0_39e79120\gnat/a0b_tools.gpr", "-cargs:Ada", "-gnatwn"] exited with code 4
ERROR: Command ["gprbuild", "-s", "-j0", "-p", "-P", "D:\a\alire-crates-ci\alire-crates-ci\test\f1c30c74-2711-46e6-85ea-18628c4b7358\a0b_tools_0.1.0_39e79120\gnat/a0b_tools.gpr", "-cargs:Ada", "-gnatwn"] exited with code 4
stderr: ALIRE.CHECKED_ERROR
stderr: Command ["gprbuild", "-s", "-j0", "-p", "-P", "D:\a\alire-crates-ci\alire-crates-ci\test\f1c30c74-2711-46e6-85ea-18628c4b7358\a0b_tools_0.1.0_39e79120\gnat/a0b_tools.gpr", "-cargs:Ada", "-gnatwn"] exited with code 4
stderr: raised ALIRE.CHECKED_ERROR : alire-stored-error:1
[D:\a\alire-crates-ci\alire-crates-ci\alire_install\bin\alr.exe]
0x7ff60d7dda2a Semantic_Versioning.Basic.Restrictions.First_Index at alire.adb:284
0x7ff60d3d595b Semantic_Versioning.Basic.Restrictions.First_Index at alire-os_lib-subprocess.adb:111
0x7ff60d68cba1 Semantic_Versioning.Basic.Restrictions.First_Index at alire-spawn.adb:22
0x7ff60d68dd5d Semantic_Versioning.Basic.Restrictions.First_Index at alire-spawn.adb:68
0x7ff60d5b2d64 Semantic_Versioning.Basic.Restrictions.First_Index at alire-roots.adb:189
0x7ff60d5b11da Semantic_Versioning.Basic.Restrictions.First_Index at alire-roots.adb:255
0x7ff60d5d912d Semantic_Versioning.Basic.Restrictions.First_Index at alire-roots.adb:2143
0x7ff60d6482f9 Semantic_Versioning.Basic.Restrictions.First_Index at alire-solutions.adb:1472
0x7ff60d647424 Semantic_Versioning.Basic.Restrictions.First_Index at alire-solutions.adb:1555
0x7ff60d5d922c Semantic_Versioning.Basic.Restrictions.First_Index at alire-roots.adb:2147
0x7ff60d5d92fa Semantic_Versioning.Basic.Restrictions.First_Index at alire-roots.adb:2127
0x7ff60d5b17a7 Semantic_Versioning.Basic.Restrictions.First_Index at alire-roots.adb:286
0x7ff60d5b1912 Semantic_Versioning.Basic.Restrictions.First_Index at alire-roots.adb:114
0x7ff60cd23baa Semantic_Versioning.Basic.Restrictions.First_Index at alr-commands-build.adb:145
0x7ff60cd2341e Semantic_Versioning.Basic.Restrictions.First_Index at alr-commands-build.adb:113
0x7ff60cd235ba Semantic_Versioning.Basic.Restrictions.First_Index at alr-commands-build.adb:54
0x7ff60cdd5dea Semantic_Versioning.Basic.Restrictions.First_Index at clic-subcommand-instance.adb:749
0x7ff60cde2b0e Semantic_Versioning.Basic.Restrictions.First_Index at alr-commands.adb:632
0x7ff60ccb16a0 Alr.Main at alr-main.adb:13
0x7ff60ccb5270 Main at b__alr-main.adb:2454
0x7ff60ccb133e __tmainCRTStartup at ???
0x7ff60ccb1144 mainCRTStartup at ???
[C:\Windows\System32\KERNEL32.DLL]
0x7ffd4189e8d5
[C:\Windows\SYSTEM32\ntdll.dll]
0x7ffd4320c53a

stderr: ALIRE.ROOTS.BUILD._WRAPPED_STATEMENTS.BUILD_FAILED
stderr: alire-roots.adb:202
stderr: raised ALIRE.ROOTS.BUILD._WRAPPED_STATEMENTS.BUILD_FAILED : alire-roots.adb:202
[D:\a\alire-crates-ci\alire-crates-ci\alire_install\bin\alr.exe]
0x7ff60d5b313c Semantic_Versioning.Basic.Restrictions.First_Index at alire-roots.adb:202
0x7ff60d5b11da Semantic_Versioning.Basic.Restrictions.First_Index at alire-roots.adb:255
0x7ff60d5d912d Semantic_Versioning.Basic.Restrictions.First_Index at alire-roots.adb:2143
0x7ff60d6482f9 Semantic_Versioning.Basic.Restrictions.First_Index at alire-solutions.adb:1472
0x7ff60d647424 Semantic_Versioning.Basic.Restrictions.First_Index at alire-solutions.adb:1555
0x7ff60d5d922c Semantic_Versioning.Basic.Restrictions.First_Index at alire-roots.adb:2147
0x7ff60d5d92fa Semantic_Versioning.Basic.Restrictions.First_Index at alire-roots.adb:2127
0x7ff60d5b17a7 Semantic_Versioning.Basic.Restrictions.First_Index at alire-roots.adb:286
0x7ff60d5b1912 Semantic_Versioning.Basic.Restrictions.First_Index at alire-roots.adb:114
0x7ff60cd23baa Semantic_Versioning.Basic.Restrictions.First_Index at alr-commands-build.adb:145
0x7ff60cd2341e Semantic_Versioning.Basic.Restrictions.First_Index at alr-commands-build.adb:113
0x7ff60cd235ba Semantic_Versioning.Basic.Restrictions.First_Index at alr-commands-build.adb:54
0x7ff60cdd5dea Semantic_Versioning.Basic.Restrictions.First_Index at clic-subcommand-instance.adb:749
0x7ff60cde2b0e Semantic_Versioning.Basic.Restrictions.First_Index at alr-commands.adb:632
0x7ff60ccb16a0 Alr.Main at alr-main.adb:13
0x7ff60ccb5270 Main at b__alr-main.adb:2454
0x7ff60ccb133e __tmainCRTStartup at ???
0x7ff60ccb1144 mainCRTStartup at ???
[C:\Windows\System32\KERNEL32.DLL]
0x7ffd4189e8d5
[C:\Windows\SYSTEM32\ntdll.dll]
0x7ffd4320c53a

ERROR: Compilation failed.
