Test ran at 2026-01-01 01:08:24.763697+00:00

SOLUTION:
ada_voxel_space_demo=1.0.1: Voxel Space render engine demo in Ada
Origin: source archive ada_voxel_space_demo-1.0.1.zip at https://github.com/Fabien-Chouteau/ada-voxel-space-demo/releases/download/v1.0.1/ada_voxel_space_demo-1.0.1.zip with hash sha512:69740326ce512b57e15e311e82bbbd500bdbcb434290af598a379fbee8a157f9c6a18321d6b36164aae78687c0012f051bd7fcdb5eebd85ed6b2cec33a0b3917
Properties:
   Description: Voxel Space render engine demo in Ada
   Executable: main
   License: MIT
   Maintainer: fabien.chouteau@gmail.com
   Maintainers_Logins: Fabien-Chouteau
   Name: ada_voxel_space_demo
   Project_File: ada_voxel_space_demo.gpr
   Version: 1.0.1
Dependencies (direct):
   sdlada^2.3.1
Dependencies (solution):
   libsdl2=2.30.0
   libsdl2_image=2.8.2
   libsdl2_mixer=2.8.0
   libsdl2_ttf=2.22.0
   make=4.3.0
   sdlada=2.5.20
Dependencies (graph):
   ada_voxel_space_demo=1.0.1 --> sdlada=2.5.20 (^2.3.1)
   sdlada=2.5.20              --> libsdl2=2.30.0 (^2.0.0)
   sdlada=2.5.20              --> libsdl2_image=2.8.2 (^2.0.0)
   sdlada=2.5.20              --> libsdl2_mixer=2.8.0 (^2.0.0)
   sdlada=2.5.20              --> libsdl2_ttf=2.22.0 (^2.0.0)
   sdlada=2.5.20              --> make=4.3.0 (*)


LOG:
[alr test] Testing ada_voxel_space_demo=1.0.1
[alr test] Spawning retrieval for remote crate: alr -d -n get ada_voxel_space_demo=1.0.1
Note: Deploying ada_voxel_space_demo=1.0.1...
#=#=#                                                                          

#                                                                          1.5%
######################################################################## 100.0%
Note: Deploying libsdl2=2.30.0...
The system package 'libsdl2-dev' is about to be installed.
This action might require admin privileges and impact your system installation.
Do you want Alire to install this system package?
Using default: Yes
(Reading database ... 
(Reading database ... 5%
(Reading database ... 10%
(Reading database ... 15%
(Reading database ... 20%
(Reading database ... 25%
(Reading database ... 30%
(Reading database ... 35%
(Reading database ... 40%
(Reading database ... 45%
(Reading database ... 50%
(Reading database ... 55%
(Reading database ... 60%
(Reading database ... 65%
(Reading database ... 70%
(Reading database ... 75%
(Reading database ... 80%
(Reading database ... 85%
(Reading database ... 90%
(Reading database ... 95%
(Reading database ... 100%
(Reading database ... 220994 files and directories currently installed.)
Preparing to unpack .../systemd-dev_255.4-1ubuntu8.12_all.deb ...
Unpacking systemd-dev (255.4-1ubuntu8.12) over (255.4-1ubuntu8.11) ...
Preparing to unpack .../systemd-resolved_255.4-1ubuntu8.12_amd64.deb ...
Unpacking systemd-resolved (255.4-1ubuntu8.12) over (255.4-1ubuntu8.11) ...
Preparing to unpack .../systemd-coredump_255.4-1ubuntu8.12_amd64.deb ...
Unpacking systemd-coredump (255.4-1ubuntu8.12) over (255.4-1ubuntu8.11) ...
Preparing to unpack .../libsystemd-shared_255.4-1ubuntu8.12_amd64.deb ...
Unpacking libsystemd-shared:amd64 (255.4-1ubuntu8.12) over (255.4-1ubuntu8.11) ...
Preparing to unpack .../libsystemd0_255.4-1ubuntu8.12_amd64.deb ...
Unpacking libsystemd0:amd64 (255.4-1ubuntu8.12) over (255.4-1ubuntu8.11) ...
Setting up libsystemd0:amd64 (255.4-1ubuntu8.12) ...
(Reading database ... 
(Reading database ... 5%
(Reading database ... 10%
(Reading database ... 15%
(Reading database ... 20%
(Reading database ... 25%
(Reading database ... 30%
(Reading database ... 35%
(Reading database ... 40%
(Reading database ... 45%
(Reading database ... 50%
(Reading database ... 55%
(Reading database ... 60%
(Reading database ... 65%
(Reading database ... 70%
(Reading database ... 75%
(Reading database ... 80%
(Reading database ... 85%
(Reading database ... 90%
(Reading database ... 95%
(Reading database ... 100%
(Reading database ... 220994 files and directories currently installed.)
Preparing to unpack .../0-systemd-sysv_255.4-1ubuntu8.12_amd64.deb ...
Unpacking systemd-sysv (255.4-1ubuntu8.12) over (255.4-1ubuntu8.11) ...
Preparing to unpack .../1-libnss-systemd_255.4-1ubuntu8.12_amd64.deb ...
Unpacking libnss-systemd:amd64 (255.4-1ubuntu8.12) over (255.4-1ubuntu8.11) ...
Preparing to unpack .../2-libpam-systemd_255.4-1ubuntu8.12_amd64.deb ...
Unpacking libpam-systemd:amd64 (255.4-1ubuntu8.12) over (255.4-1ubuntu8.11) ...
Preparing to unpack .../3-systemd_255.4-1ubuntu8.12_amd64.deb ...
Unpacking systemd (255.4-1ubuntu8.12) over (255.4-1ubuntu8.11) ...
Preparing to unpack .../4-udev_255.4-1ubuntu8.12_amd64.deb ...
Unpacking udev (255.4-1ubuntu8.12) over (255.4-1ubuntu8.11) ...
Preparing to unpack .../5-libudev1_255.4-1ubuntu8.12_amd64.deb ...
Unpacking libudev1:amd64 (255.4-1ubuntu8.12) over (255.4-1ubuntu8.11) ...
Setting up libudev1:amd64 (255.4-1ubuntu8.12) ...
Selecting previously unselected package libibus-1.0-5:amd64.
(Reading database ... 
(Reading database ... 5%
(Reading database ... 10%
(Reading database ... 15%
(Reading database ... 20%
(Reading database ... 25%
(Reading database ... 30%
(Reading database ... 35%
(Reading database ... 40%
(Reading database ... 45%
(Reading database ... 50%
(Reading database ... 55%
(Reading database ... 60%
(Reading database ... 65%
(Reading database ... 70%
(Reading database ... 75%
(Reading database ... 80%
(Reading database ... 85%
(Reading database ... 90%
(Reading database ... 95%
(Reading database ... 100%
(Reading database ... 220994 files and directories currently installed.)
Preparing to unpack .../00-libibus-1.0-5_1.5.29-2_amd64.deb ...
Unpacking libibus-1.0-5:amd64 (1.5.29-2) ...
Selecting previously unselected package gir1.2-ibus-1.0:amd64.
Preparing to unpack .../01-gir1.2-ibus-1.0_1.5.29-2_amd64.deb ...
Unpacking gir1.2-ibus-1.0:amd64 (1.5.29-2) ...
Selecting previously unselected package libasound2-dev:amd64.
Preparing to unpack .../02-libasound2-dev_1.2.11-1ubuntu0.1_amd64.deb ...
Unpacking libasound2-dev:amd64 (1.2.11-1ubuntu0.1) ...
Selecting previously unselected package libasyncns0:amd64.
Preparing to unpack .../03-libasyncns0_0.8-6build4_amd64.deb ...
Unpacking libasyncns0:amd64 (0.8-6build4) ...
Selecting previously unselected package libdecor-0-0:amd64.
Preparing to unpack .../04-libdecor-0-0_0.2.2-1build2_amd64.deb ...
Unpacking libdecor-0-0:amd64 (0.2.2-1build2) ...
Selecting previously unselected package libdecor-0-dev:amd64.
Preparing to unpack .../05-libdecor-0-dev_0.2.2-1build2_amd64.deb ...
Unpacking libdecor-0-dev:amd64 (0.2.2-1build2) ...
Selecting previously unselected package libdecor-0-plugin-1-gtk:amd64.
Preparing to unpack .../06-libdecor-0-plugin-1-gtk_0.2.2-1build2_amd64.deb ...
Unpacking libdecor-0-plugin-1-gtk:amd64 (0.2.2-1build2) ...
Selecting previously unselected package libdrm-radeon1:amd64.
Preparing to unpack .../07-libdrm-radeon1_2.4.122-1~ubuntu0.24.04.2_amd64.deb ...
Unpacking libdrm-radeon1:amd64 (2.4.122-1~ubuntu0.24.04.2) ...
Selecting previously unselected package libdrm-nouveau2:amd64.
Preparing to unpack .../08-libdrm-nouveau2_2.4.122-1~ubuntu0.24.04.2_amd64.deb ...
Unpacking libdrm-nouveau2:amd64 (2.4.122-1~ubuntu0.24.04.2) ...
Selecting previously unselected package libpciaccess-dev:amd64.
Preparing to unpack .../09-libpciaccess-dev_0.17-3ubuntu0.24.04.2_amd64.deb ...
Unpacking libpciaccess-dev:amd64 (0.17-3ubuntu0.24.04.2) ...
Selecting previously unselected package libdrm-dev:amd64.
Preparing to unpack .../10-libdrm-dev_2.4.122-1~ubuntu0.24.04.2_amd64.deb ...
Unpacking libdrm-dev:amd64 (2.4.122-1~ubuntu0.24.04.2) ...
Selecting previously unselected package libflac12t64:amd64.
Preparing to unpack .../11-libflac12t64_1.4.3+ds-2.1ubuntu2_amd64.deb ...
Unpacking libflac12t64:amd64 (1.4.3+ds-2.1ubuntu2) ...
Selecting previously unselected package libgbm-dev:amd64.
Preparing to unpack .../12-libgbm-dev_25.0.7-0ubuntu0.24.04.2_amd64.deb ...
Unpacking libgbm-dev:amd64 (25.0.7-0ubuntu0.24.04.2) ...
Selecting previously unselected package libibus-1.0-dev:amd64.
Preparing to unpack .../13-libibus-1.0-dev_1.5.29-2_amd64.deb ...
Unpacking libibus-1.0-dev:amd64 (1.5.29-2) ...
Selecting previously unselected package libmp3lame0:amd64.
Preparing to unpack .../14-libmp3lame0_3.100-6build1_amd64.deb ...
Unpacking libmp3lame0:amd64 (3.100-6build1) ...
Selecting previously unselected package libmpg123-0t64:amd64.
Preparing to unpack .../15-libmpg123-0t64_1.32.5-1ubuntu1.1_amd64.deb ...
Unpacking libmpg123-0t64:amd64 (1.32.5-1ubuntu1.1) ...
Selecting previously unselected package libopus0:amd64.
Preparing to unpack .../16-libopus0_1.4-1build1_amd64.deb ...
Unpacking libopus0:amd64 (1.4-1build1) ...
Selecting previously unselected package libvorbisenc2:amd64.
Preparing to unpack .../17-libvorbisenc2_1.3.7-1build3_amd64.deb ...
Unpacking libvorbisenc2:amd64 (1.3.7-1build3) ...
Selecting previously unselected package libsndfile1:amd64.
Preparing to unpack .../18-libsndfile1_1.2.2-1ubuntu5.24.04.1_amd64.deb ...
Unpacking libsndfile1:amd64 (1.2.2-1ubuntu5.24.04.1) ...
Selecting previously unselected package libpulse0:amd64.
Preparing to unpack .../19-libpulse0_1%3a16.1+dfsg1-2ubuntu10.1_amd64.deb ...
Unpacking libpulse0:amd64 (1:16.1+dfsg1-2ubuntu10.1) ...
Selecting previously unselected package libpulse-mainloop-glib0:amd64.
Preparing to unpack .../20-libpulse-mainloop-glib0_1%3a16.1+dfsg1-2ubuntu10.1_amd64.deb ...
Unpacking libpulse-mainloop-glib0:amd64 (1:16.1+dfsg1-2ubuntu10.1) ...
Selecting previously unselected package libpulse-dev:amd64.
Preparing to unpack .../21-libpulse-dev_1%3a16.1+dfsg1-2ubuntu10.1_amd64.deb ...
Unpacking libpulse-dev:amd64 (1:16.1+dfsg1-2ubuntu10.1) ...
Selecting previously unselected package libsamplerate0:amd64.
Preparing to unpack .../22-libsamplerate0_0.2.2-4build1_amd64.deb ...
Unpacking libsamplerate0:amd64 (0.2.2-4build1) ...
Selecting previously unselected package libsamplerate0-dev:amd64.
Preparing to unpack .../23-libsamplerate0-dev_0.2.2-4build1_amd64.deb ...
Unpacking libsamplerate0-dev:amd64 (0.2.2-4build1) ...
Selecting previously unselected package libsdl2-2.0-0:amd64.
Preparing to unpack .../24-libsdl2-2.0-0_2.30.0+dfsg-1ubuntu3.1_amd64.deb ...
Unpacking libsdl2-2.0-0:amd64 (2.30.0+dfsg-1ubuntu3.1) ...
Selecting previously unselected package libsndio7.0:amd64.
Preparing to unpack .../25-libsndio7.0_1.9.0-0.3build3_amd64.deb ...
Unpacking libsndio7.0:amd64 (1.9.0-0.3build3) ...
Selecting previously unselected package libsndio-dev:amd64.
Preparing to unpack .../26-libsndio-dev_1.9.0-0.3build3_amd64.deb ...
Unpacking libsndio-dev:amd64 (1.9.0-0.3build3) ...
Selecting previously unselected package libudev-dev:amd64.
Preparing to unpack .../27-libudev-dev_255.4-1ubuntu8.12_amd64.deb ...
Unpacking libudev-dev:amd64 (255.4-1ubuntu8.12) ...
Selecting previously unselected package libxss-dev:amd64.
Preparing to unpack .../28-libxss-dev_1%3a1.2.3-1build3_amd64.deb ...
Unpacking libxss-dev:amd64 (1:1.2.3-1build3) ...
Selecting previously unselected package libxt-dev:amd64.
Preparing to unpack .../29-libxt-dev_1%3a1.2.1-1.2build1_amd64.deb ...
Unpacking libxt-dev:amd64 (1:1.2.1-1.2build1) ...
Selecting previously unselected package libxv1:amd64.
Preparing to unpack .../30-libxv1_2%3a1.0.11-1.1build1_amd64.deb ...
Unpacking libxv1:amd64 (2:1.0.11-1.1build1) ...
Selecting previously unselected package libxv-dev:amd64.
Preparing to unpack .../31-libxv-dev_2%3a1.0.11-1.1build1_amd64.deb ...
Unpacking libxv-dev:amd64 (2:1.0.11-1.1build1) ...
Selecting previously unselected package libxxf86vm-dev:amd64.
Preparing to unpack .../32-libxxf86vm-dev_1%3a1.1.4-1build4_amd64.deb ...
Unpacking libxxf86vm-dev:amd64 (1:1.1.4-1build4) ...
Selecting previously unselected package libsdl2-dev:amd64.
Preparing to unpack .../33-libsdl2-dev_2.30.0+dfsg-1ubuntu3.1_amd64.deb ...
Unpacking libsdl2-dev:amd64 (2.30.0+dfsg-1ubuntu3.1) ...
Setting up libdrm-nouveau2:amd64 (2.4.122-1~ubuntu0.24.04.2) ...
Setting up libpciaccess-dev:amd64 (0.17-3ubuntu0.24.04.2) ...
Setting up libdrm-radeon1:amd64 (2.4.122-1~ubuntu0.24.04.2) ...
Setting up libxxf86vm-dev:amd64 (1:1.1.4-1build4) ...
Setting up libibus-1.0-5:amd64 (1.5.29-2) ...
Setting up systemd-dev (255.4-1ubuntu8.12) ...
Setting up libmpg123-0t64:amd64 (1.32.5-1ubuntu1.1) ...
Setting up libxss-dev:amd64 (1:1.2.3-1build3) ...
Setting up libgbm-dev:amd64 (25.0.7-0ubuntu0.24.04.2) ...
Setting up libxt-dev:amd64 (1:1.2.1-1.2build1) ...
Setting up libopus0:amd64 (1.4-1build1) ...
Setting up libxv1:amd64 (2:1.0.11-1.1build1) ...
Setting up libsystemd-shared:amd64 (255.4-1ubuntu8.12) ...
Setting up libudev-dev:amd64 (255.4-1ubuntu8.12) ...
Setting up libsndio7.0:amd64 (1.9.0-0.3build3) ...
Setting up libasyncns0:amd64 (0.8-6build4) ...
Setting up libdecor-0-0:amd64 (0.2.2-1build2) ...
Setting up libflac12t64:amd64 (1.4.3+ds-2.1ubuntu2) ...
Setting up libasound2-dev:amd64 (1.2.11-1ubuntu0.1) ...
Setting up libsamplerate0:amd64 (0.2.2-4build1) ...
Setting up gir1.2-ibus-1.0:amd64 (1.5.29-2) ...
Setting up libdecor-0-plugin-1-gtk:amd64 (0.2.2-1build2) ...
Setting up libmp3lame0:amd64 (3.100-6build1) ...
Setting up libvorbisenc2:amd64 (1.3.7-1build3) ...
Setting up libdrm-dev:amd64 (2.4.122-1~ubuntu0.24.04.2) ...
Setting up libsndio-dev:amd64 (1.9.0-0.3build3) ...
Setting up libsamplerate0-dev:amd64 (0.2.2-4build1) ...
Setting up systemd (255.4-1ubuntu8.12) ...
Setting up libibus-1.0-dev:amd64 (1.5.29-2) ...
Setting up libdecor-0-dev:amd64 (0.2.2-1build2) ...
Setting up libxv-dev:amd64 (2:1.0.11-1.1build1) ...
Setting up udev (255.4-1ubuntu8.12) ...
Setting up libsndfile1:amd64 (1.2.2-1ubuntu5.24.04.1) ...
Setting up systemd-resolved (255.4-1ubuntu8.12) ...
Setting up systemd-sysv (255.4-1ubuntu8.12) ...
Setting up libpulse0:amd64 (1:16.1+dfsg1-2ubuntu10.1) ...
Setting up systemd-coredump (255.4-1ubuntu8.12) ...
Setting up libnss-systemd:amd64 (255.4-1ubuntu8.12) ...
Setting up libpulse-mainloop-glib0:amd64 (1:16.1+dfsg1-2ubuntu10.1) ...
Setting up libpulse-dev:amd64 (1:16.1+dfsg1-2ubuntu10.1) ...
Setting up libpam-systemd:amd64 (255.4-1ubuntu8.12) ...
Setting up libsdl2-2.0-0:amd64 (2.30.0+dfsg-1ubuntu3.1) ...
Setting up libsdl2-dev:amd64 (2.30.0+dfsg-1ubuntu3.1) ...
Processing triggers for man-db (2.12.0-4build2) ...
Not building database; man-db/auto-update is not 'true'.
Processing triggers for dbus (1.14.10-4ubuntu4.1) ...
Processing triggers for initramfs-tools (0.142ubuntu25.5) ...
update-initramfs: Generating /boot/initrd.img-6.11.0-1018-azure
Processing triggers for libc-bin (2.39-0ubuntu8.6) ...

Running kernel seems to be up-to-date.

Restarting services...
 systemctl restart multipathd.service php8.3-fpm.service polkit.service rsyslog.service udisks2.service

Service restarts being deferred:
 systemctl restart ModemManager.service
 /etc/needrestart/restart.d/dbus.service
 systemctl restart docker.service
 systemctl restart getty@tty1.service
 systemctl restart hosted-compute-agent.service
 systemctl restart networkd-dispatcher.service
 systemctl restart serial-getty@ttyS0.service
 systemctl restart systemd-logind.service
 systemctl restart walinuxagent.service

No containers need to be restarted.

User sessions running outdated binaries:
 runner @ user manager service: systemd[1056]

No VM guests are running outdated hypervisor (qemu) binaries on this host.
Note: Deploying libsdl2_image=2.8.2...
The system package 'libsdl2-image-dev' is about to be installed.
This action might require admin privileges and impact your system installation.
Do you want Alire to install this system package?
Using default: Yes
Selecting previously unselected package libsdl2-image-2.0-0:amd64.
(Reading database ... 
(Reading database ... 5%
(Reading database ... 10%
(Reading database ... 15%
(Reading database ... 20%
(Reading database ... 25%
(Reading database ... 30%
(Reading database ... 35%
(Reading database ... 40%
(Reading database ... 45%
(Reading database ... 50%
(Reading database ... 55%
(Reading database ... 60%
(Reading database ... 65%
(Reading database ... 70%
(Reading database ... 75%
(Reading database ... 80%
(Reading database ... 85%
(Reading database ... 90%
(Reading database ... 95%
(Reading database ... 100%
(Reading database ... 222026 files and directories currently installed.)
Preparing to unpack .../libsdl2-image-2.0-0_2.8.2+dfsg-1build2_amd64.deb ...
Unpacking libsdl2-image-2.0-0:amd64 (2.8.2+dfsg-1build2) ...
Selecting previously unselected package libsdl2-image-dev:amd64.
Preparing to unpack .../libsdl2-image-dev_2.8.2+dfsg-1build2_amd64.deb ...
Unpacking libsdl2-image-dev:amd64 (2.8.2+dfsg-1build2) ...
Setting up libsdl2-image-2.0-0:amd64 (2.8.2+dfsg-1build2) ...
Setting up libsdl2-image-dev:amd64 (2.8.2+dfsg-1build2) ...
Processing triggers for libc-bin (2.39-0ubuntu8.6) ...

Running kernel seems to be up-to-date.

Restarting services...

Service restarts being deferred:
 /etc/needrestart/restart.d/dbus.service
 systemctl restart docker.service
 systemctl restart getty@tty1.service
 systemctl restart hosted-compute-agent.service
 systemctl restart networkd-dispatcher.service
 systemctl restart serial-getty@ttyS0.service
 systemctl restart systemd-logind.service
 systemctl restart walinuxagent.service

No containers need to be restarted.

User sessions running outdated binaries:
 runner @ user manager service: systemd[1056]

No VM guests are running outdated hypervisor (qemu) binaries on this host.
Note: Deploying libsdl2_mixer=2.8.0...
The system package 'libsdl2-mixer-dev' is about to be installed.
This action might require admin privileges and impact your system installation.
Do you want Alire to install this system package?
Using default: Yes
Selecting previously unselected package libogg-dev:amd64.
(Reading database ... 
(Reading database ... 5%
(Reading database ... 10%
(Reading database ... 15%
(Reading database ... 20%
(Reading database ... 25%
(Reading database ... 30%
(Reading database ... 35%
(Reading database ... 40%
(Reading database ... 45%
(Reading database ... 50%
(Reading database ... 55%
(Reading database ... 60%
(Reading database ... 65%
(Reading database ... 70%
(Reading database ... 75%
(Reading database ... 80%
(Reading database ... 85%
(Reading database ... 90%
(Reading database ... 95%
(Reading database ... 100%
(Reading database ... 222046 files and directories currently installed.)
Preparing to unpack .../00-libogg-dev_1.3.5-3build1_amd64.deb ...
Unpacking libogg-dev:amd64 (1.3.5-3build1) ...
Selecting previously unselected package libflac-dev:amd64.
Preparing to unpack .../01-libflac-dev_1.4.3+ds-2.1ubuntu2_amd64.deb ...
Unpacking libflac-dev:amd64 (1.4.3+ds-2.1ubuntu2) ...
Selecting previously unselected package libinstpatch-1.0-2:amd64.
Preparing to unpack .../02-libinstpatch-1.0-2_1.1.6-1build2_amd64.deb ...
Unpacking libinstpatch-1.0-2:amd64 (1.1.6-1build2) ...
Selecting previously unselected package libjack0:amd64.
Preparing to unpack .../03-libjack0_1%3a0.126.0-2build3_amd64.deb ...
Unpacking libjack0:amd64 (1:0.126.0-2build3) ...
Selecting previously unselected package libwebrtc-audio-processing1:amd64.
Preparing to unpack .../04-libwebrtc-audio-processing1_0.3.1-0ubuntu6_amd64.deb ...
Unpacking libwebrtc-audio-processing1:amd64 (0.3.1-0ubuntu6) ...
Selecting previously unselected package libspa-0.2-modules:amd64.
Preparing to unpack .../05-libspa-0.2-modules_1.0.5-1ubuntu3.2_amd64.deb ...
Unpacking libspa-0.2-modules:amd64 (1.0.5-1ubuntu3.2) ...
Selecting previously unselected package libpipewire-0.3-0t64:amd64.
Preparing to unpack .../06-libpipewire-0.3-0t64_1.0.5-1ubuntu3.2_amd64.deb ...
Unpacking libpipewire-0.3-0t64:amd64 (1.0.5-1ubuntu3.2) ...
Selecting previously unselected package timgm6mb-soundfont.
Preparing to unpack .../07-timgm6mb-soundfont_1.3-5_all.deb ...
Unpacking timgm6mb-soundfont (1.3-5) ...
Selecting previously unselected package libfluidsynth3:amd64.
Preparing to unpack .../08-libfluidsynth3_2.3.4-1build3_amd64.deb ...
Unpacking libfluidsynth3:amd64 (2.3.4-1build3) ...
Selecting previously unselected package libout123-0t64:amd64.
Preparing to unpack .../09-libout123-0t64_1.32.5-1ubuntu1.1_amd64.deb ...
Unpacking libout123-0t64:amd64 (1.32.5-1ubuntu1.1) ...
Selecting previously unselected package libsyn123-0t64:amd64.
Preparing to unpack .../10-libsyn123-0t64_1.32.5-1ubuntu1.1_amd64.deb ...
Unpacking libsyn123-0t64:amd64 (1.32.5-1ubuntu1.1) ...
Selecting previously unselected package libmpg123-dev:amd64.
Preparing to unpack .../11-libmpg123-dev_1.32.5-1ubuntu1.1_amd64.deb ...
Unpacking libmpg123-dev:amd64 (1.32.5-1ubuntu1.1) ...
Selecting previously unselected package libopus-dev:amd64.
Preparing to unpack .../12-libopus-dev_1.4-1build1_amd64.deb ...
Unpacking libopus-dev:amd64 (1.4-1build1) ...
Selecting previously unselected package libvorbis-dev:amd64.
Preparing to unpack .../13-libvorbis-dev_1.3.7-1build3_amd64.deb ...
Unpacking libvorbis-dev:amd64 (1.3.7-1build3) ...
Selecting previously unselected package libsndfile1-dev:amd64.
Preparing to unpack .../14-libsndfile1-dev_1.2.2-1ubuntu5.24.04.1_amd64.deb ...
Unpacking libsndfile1-dev:amd64 (1.2.2-1ubuntu5.24.04.1) ...
Selecting previously unselected package libinstpatch-dev:amd64.
Preparing to unpack .../15-libinstpatch-dev_1.1.6-1build2_amd64.deb ...
Unpacking libinstpatch-dev:amd64 (1.1.6-1build2) ...
Selecting previously unselected package libjack-dev:amd64.
Preparing to unpack .../16-libjack-dev_1%3a0.126.0-2build3_amd64.deb ...
Unpacking libjack-dev:amd64 (1:0.126.0-2build3) ...
Selecting previously unselected package libspa-0.2-dev:amd64.
Preparing to unpack .../17-libspa-0.2-dev_1.0.5-1ubuntu3.2_amd64.deb ...
Unpacking libspa-0.2-dev:amd64 (1.0.5-1ubuntu3.2) ...
Selecting previously unselected package libpipewire-0.3-dev:amd64.
Preparing to unpack .../18-libpipewire-0.3-dev_1.0.5-1ubuntu3.2_amd64.deb ...
Unpacking libpipewire-0.3-dev:amd64 (1.0.5-1ubuntu3.2) ...
Selecting previously unselected package libreadline-dev:amd64.
Preparing to unpack .../19-libreadline-dev_8.2-4build1_amd64.deb ...
Unpacking libreadline-dev:amd64 (8.2-4build1) ...
Selecting previously unselected package libsystemd-dev:amd64.
Preparing to unpack .../20-libsystemd-dev_255.4-1ubuntu8.12_amd64.deb ...
Unpacking libsystemd-dev:amd64 (255.4-1ubuntu8.12) ...
Selecting previously unselected package libfluidsynth-dev:amd64.
Preparing to unpack .../21-libfluidsynth-dev_2.3.4-1build3_amd64.deb ...
Unpacking libfluidsynth-dev:amd64 (2.3.4-1build3) ...
Selecting previously unselected package libmodplug1:amd64.
Preparing to unpack .../22-libmodplug1_1%3a0.8.9.0-3build1_amd64.deb ...
Unpacking libmodplug1:amd64 (1:0.8.9.0-3build1) ...
Selecting previously unselected package libmodplug-dev:amd64.
Preparing to unpack .../23-libmodplug-dev_1%3a0.8.9.0-3build1_amd64.deb ...
Unpacking libmodplug-dev:amd64 (1:0.8.9.0-3build1) ...
Selecting previously unselected package libopusfile0:amd64.
Preparing to unpack .../24-libopusfile0_0.12-4build3_amd64.deb ...
Unpacking libopusfile0:amd64 (0.12-4build3) ...
Selecting previously unselected package libopusfile-dev:amd64.
Preparing to unpack .../25-libopusfile-dev_0.12-4build3_amd64.deb ...
Unpacking libopusfile-dev:amd64 (0.12-4build3) ...
Selecting previously unselected package libpipewire-0.3-common.
Preparing to unpack .../26-libpipewire-0.3-common_1.0.5-1ubuntu3.2_all.deb ...
Unpacking libpipewire-0.3-common (1.0.5-1ubuntu3.2) ...
Selecting previously unselected package libsdl2-mixer-2.0-0:amd64.
Preparing to unpack .../27-libsdl2-mixer-2.0-0_2.8.0+dfsg-1build3_amd64.deb ...
Unpacking libsdl2-mixer-2.0-0:amd64 (2.8.0+dfsg-1build3) ...
Selecting previously unselected package libsdl2-mixer-dev:amd64.
Preparing to unpack .../28-libsdl2-mixer-dev_2.8.0+dfsg-1build3_amd64.deb ...
Unpacking libsdl2-mixer-dev:amd64 (2.8.0+dfsg-1build3) ...
Setting up libpipewire-0.3-common (1.0.5-1ubuntu3.2) ...
Setting up libmodplug1:amd64 (1:0.8.9.0-3build1) ...
Setting up libmodplug-dev:amd64 (1:0.8.9.0-3build1) ...
Setting up libwebrtc-audio-processing1:amd64 (0.3.1-0ubuntu6) ...
Setting up libogg-dev:amd64 (1.3.5-3build1) ...
Setting up libreadline-dev:amd64 (8.2-4build1) ...
Setting up libopus-dev:amd64 (1.4-1build1) ...
Setting up libsyn123-0t64:amd64 (1.32.5-1ubuntu1.1) ...
Setting up libspa-0.2-modules:amd64 (1.0.5-1ubuntu3.2) ...
Setting up libjack0:amd64 (1:0.126.0-2build3) ...
Setting up libout123-0t64:amd64 (1.32.5-1ubuntu1.1) ...
Setting up libjack-dev:amd64 (1:0.126.0-2build3) ...
Setting up libspa-0.2-dev:amd64 (1.0.5-1ubuntu3.2) ...
Setting up timgm6mb-soundfont (1.3-5) ...
update-alternatives: using /usr/share/sounds/sf2/TimGM6mb.sf2 to provide /usr/share/sounds/sf2/default-GM.sf2 (default-GM.sf2) in auto mode
update-alternatives: using /usr/share/sounds/sf2/TimGM6mb.sf2 to provide /usr/share/sounds/sf3/default-GM.sf3 (default-GM.sf3) in auto mode
Setting up libopusfile0:amd64 (0.12-4build3) ...
Setting up libpipewire-0.3-0t64:amd64 (1.0.5-1ubuntu3.2) ...
Setting up libinstpatch-1.0-2:amd64 (1.1.6-1build2) ...
Setting up libsystemd-dev:amd64 (255.4-1ubuntu8.12) ...
Setting up libfluidsynth3:amd64 (2.3.4-1build3) ...
Setting up libvorbis-dev:amd64 (1.3.7-1build3) ...
Setting up libflac-dev:amd64 (1.4.3+ds-2.1ubuntu2) ...
Setting up libopusfile-dev:amd64 (0.12-4build3) ...
Setting up libmpg123-dev:amd64 (1.32.5-1ubuntu1.1) ...
Setting up libsdl2-mixer-2.0-0:amd64 (2.8.0+dfsg-1build3) ...
Setting up libsndfile1-dev:amd64 (1.2.2-1ubuntu5.24.04.1) ...
Setting up libpipewire-0.3-dev:amd64 (1.0.5-1ubuntu3.2) ...
Setting up libinstpatch-dev:amd64 (1.1.6-1build2) ...
Setting up libfluidsynth-dev:amd64 (2.3.4-1build3) ...
Setting up libsdl2-mixer-dev:amd64 (2.8.0+dfsg-1build3) ...
Processing triggers for libc-bin (2.39-0ubuntu8.6) ...
Processing triggers for man-db (2.12.0-4build2) ...
Not building database; man-db/auto-update is not 'true'.
Processing triggers for install-info (7.1-3build2) ...

Running kernel seems to be up-to-date.

Restarting services...

Service restarts being deferred:
 /etc/needrestart/restart.d/dbus.service
 systemctl restart docker.service
 systemctl restart getty@tty1.service
 systemctl restart hosted-compute-agent.service
 systemctl restart networkd-dispatcher.service
 systemctl restart serial-getty@ttyS0.service
 systemctl restart systemd-logind.service
 systemctl restart walinuxagent.service

No containers need to be restarted.

User sessions running outdated binaries:
 runner @ user manager service: systemd[1056]

No VM guests are running outdated hypervisor (qemu) binaries on this host.
Note: Deploying libsdl2_ttf=2.22.0...
The system package 'libsdl2-ttf-dev' is about to be installed.
This action might require admin privileges and impact your system installation.
Do you want Alire to install this system package?
Using default: Yes
Selecting previously unselected package libsdl2-ttf-2.0-0:amd64.
(Reading database ... 
(Reading database ... 5%
(Reading database ... 10%
(Reading database ... 15%
(Reading database ... 20%
(Reading database ... 25%
(Reading database ... 30%
(Reading database ... 35%
(Reading database ... 40%
(Reading database ... 45%
(Reading database ... 50%
(Reading database ... 55%
(Reading database ... 60%
(Reading database ... 65%
(Reading database ... 70%
(Reading database ... 75%
(Reading database ... 80%
(Reading database ... 85%
(Reading database ... 90%
(Reading database ... 95%
(Reading database ... 100%
(Reading database ... 223831 files and directories currently installed.)
Preparing to unpack .../libsdl2-ttf-2.0-0_2.22.0+dfsg-1_amd64.deb ...
Unpacking libsdl2-ttf-2.0-0:amd64 (2.22.0+dfsg-1) ...
Selecting previously unselected package libsdl2-ttf-dev:amd64.
Preparing to unpack .../libsdl2-ttf-dev_2.22.0+dfsg-1_amd64.deb ...
Unpacking libsdl2-ttf-dev:amd64 (2.22.0+dfsg-1) ...
Setting up libsdl2-ttf-2.0-0:amd64 (2.22.0+dfsg-1) ...
Setting up libsdl2-ttf-dev:amd64 (2.22.0+dfsg-1) ...
Processing triggers for libc-bin (2.39-0ubuntu8.6) ...

Running kernel seems to be up-to-date.

Restarting services...

Service restarts being deferred:
 /etc/needrestart/restart.d/dbus.service
 systemctl restart docker.service
 systemctl restart getty@tty1.service
 systemctl restart hosted-compute-agent.service
 systemctl restart networkd-dispatcher.service
 systemctl restart serial-getty@ttyS0.service
 systemctl restart systemd-logind.service
 systemctl restart walinuxagent.service

No containers need to be restarted.

User sessions running outdated binaries:
 runner @ user manager service: systemd[1056]

No VM guests are running outdated hypervisor (qemu) binaries on this host.
Note: Deploying sdlada=2.5.20...

ada_voxel_space_demo=1.0.1 successfully retrieved.
Dependencies were solved as follows:

   +b libsdl2       2.30.0 (new,indirect,system package)
   +b libsdl2_image 2.8.2  (new,indirect,system package)
   +b libsdl2_mixer 2.8.0  (new,indirect,system package)
   +b libsdl2_ttf   2.22.0 (new,indirect,system package)
   +b make          4.3.0  (new,indirect,system package)
   +  sdlada        2.5.20 (new)
[alr test] Spawning default test for remote crate: alr -d -n build --release -- -cargs:Ada -gnatwn
Note: Running pre-build actions for sdlada=2.5.20...
make: Entering directory '/home/runner/.local/share/alire/builds/sdlada_2.5.20_cd53c280/6fb7cd5e05f2b64bf02112f09e955137cec2f3e30d76d03bfc25fea29d6751d6/build/gnat'
mkdir -p gen/src/
gprbuild -p -gnat2012 -XSDL_MODE=debug -XSDL_PLATFORM=linux \
	-Ptools.gpr
Setup
   [mkdir]        object directory for project Tools
Compile
   [Ada]          gen_keyboard.adb
   [Ada]          scancodes.ads
   [Ada]          utils.adb
Bind
   [gprbind]      gen_keyboard.bexch
   [Ada]          gen_keyboard.ali
Link
   [link]         gen_keyboard.adb
/home/runner/.local/share/alire/toolchains/gnat_native_11.2.4_2f37a10b/bin/../lib/gcc/x86_64-pc-linux-gnu/11.2.0/../../../../x86_64-pc-linux-gnu/bin/ld: /lib/x86_64-linux-gnu/libc.so.6: unknown type [0x13] section `.relr.dyn'
/home/runner/.local/share/alire/toolchains/gnat_native_11.2.4_2f37a10b/bin/../lib/gcc/x86_64-pc-linux-gnu/11.2.0/../../../../x86_64-pc-linux-gnu/bin/ld: skipping incompatible /lib/x86_64-linux-gnu/libc.so.6 when searching for /lib/x86_64-linux-gnu/libc.so.6
/home/runner/.local/share/alire/toolchains/gnat_native_11.2.4_2f37a10b/bin/../lib/gcc/x86_64-pc-linux-gnu/11.2.0/../../../../x86_64-pc-linux-gnu/bin/ld: cannot find /lib/x86_64-linux-gnu/libc.so.6
/home/runner/.local/share/alire/toolchains/gnat_native_11.2.4_2f37a10b/bin/../lib/gcc/x86_64-pc-linux-gnu/11.2.0/../../../../x86_64-pc-linux-gnu/bin/ld: /lib/x86_64-linux-gnu/libc.so.6: unknown type [0x13] section `.relr.dyn'
/home/runner/.local/share/alire/toolchains/gnat_native_11.2.4_2f37a10b/bin/../lib/gcc/x86_64-pc-linux-gnu/11.2.0/../../../../x86_64-pc-linux-gnu/bin/ld: skipping incompatible /lib/x86_64-linux-gnu/libc.so.6 when searching for /lib/x86_64-linux-gnu/libc.so.6
/home/runner/.local/share/alire/toolchains/gnat_native_11.2.4_2f37a10b/bin/../lib/gcc/x86_64-pc-linux-gnu/11.2.0/../../../../x86_64-pc-linux-gnu/bin/ld: /lib64/ld-linux-x86-64.so.2: unknown type [0x13] section `.relr.dyn'
/home/runner/.local/share/alire/toolchains/gnat_native_11.2.4_2f37a10b/bin/../lib/gcc/x86_64-pc-linux-gnu/11.2.0/../../../../x86_64-pc-linux-gnu/bin/ld: skipping incompatible /lib64/ld-linux-x86-64.so.2 when searching for /lib64/ld-linux-x86-64.so.2
/home/runner/.local/share/alire/toolchains/gnat_native_11.2.4_2f37a10b/bin/../lib/gcc/x86_64-pc-linux-gnu/11.2.0/../../../../x86_64-pc-linux-gnu/bin/ld: cannot find /lib64/ld-linux-x86-64.so.2
/home/runner/.local/share/alire/toolchains/gnat_native_11.2.4_2f37a10b/bin/../lib/gcc/x86_64-pc-linux-gnu/11.2.0/../../../../x86_64-pc-linux-gnu/bin/ld: /lib64/ld-linux-x86-64.so.2: unknown type [0x13] section `.relr.dyn'
/home/runner/.local/share/alire/toolchains/gnat_native_11.2.4_2f37a10b/bin/../lib/gcc/x86_64-pc-linux-gnu/11.2.0/../../../../x86_64-pc-linux-gnu/bin/ld: skipping incompatible /lib64/ld-linux-x86-64.so.2 when searching for /lib64/ld-linux-x86-64.so.2
collect2: error: ld returned 1 exit status
gprbuild: link of gen_keyboard.adb failed
gprbuild: failed command was: /home/runner/.local/share/alire/toolchains/gnat_native_11.2.4_2f37a10b/bin/gcc gen_keyboard.o b__gen_keyboard.o /home/runner/.local/share/alire/builds/sdlada_2.5.20_cd53c280/6fb7cd5e05f2b64bf02112f09e955137cec2f3e30d76d03bfc25fea29d6751d6/build/gnat/gen/debug/tools/.obj/scancodes.o /home/runner/.local/share/alire/builds/sdlada_2.5.20_cd53c280/6fb7cd5e05f2b64bf02112f09e955137cec2f3e30d76d03bfc25fea29d6751d6/build/gnat/gen/debug/tools/.obj/utils.o -L/home/runner/.local/share/alire/builds/sdlada_2.5.20_cd53c280/6fb7cd5e05f2b64bf02112f09e955137cec2f3e30d76d03bfc25fea29d6751d6/build/gnat/gen/debug/tools/.obj/ -L/home/runner/.local/share/alire/builds/sdlada_2.5.20_cd53c280/6fb7cd5e05f2b64bf02112f09e955137cec2f3e30d76d03bfc25fea29d6751d6/build/gnat/gen/debug/tools/.obj/ -L/home/runner/.local/share/alire/toolchains/gnat_native_11.2.4_2f37a10b/lib/gcc/x86_64-pc-linux-gnu/11.2.0/adalib/ -static-libgcc /home/runner/.local/share/alire/toolchains/gnat_native_11.2.4_2f37a10b/lib/gcc/x86_64-pc-linux-gnu/11.2.0/adalib/libgnat.a -ldl -Wl,-rpath-link,/home/runner/.local/share/alire/toolchains/gnat_native_11.2.4_2f37a10b/lib/gcc/x86_64-pc-linux-gnu/11.2.0//adalib -Wl,-z,origin,-rpath,$ORIGIN//.obj:$ORIGIN/../../../../../../../..//toolchains/gnat_native_11.2.4_2f37a10b/lib/gcc/x86_64-pc-linux-gnu/11.2.0/adalib -o /home/runner/.local/share/alire/builds/sdlada_2.5.20_cd53c280/6fb7cd5e05f2b64bf02112f09e955137cec2f3e30d76d03bfc25fea29d6751d6/build/gnat/gen/debug/tools//gen_keyboard
make: *** [makefile:72: gen/debug/tools/gen_keyboard] Error 4
make: Leaving directory '/home/runner/.local/share/alire/builds/sdlada_2.5.20_cd53c280/6fb7cd5e05f2b64bf02112f09e955137cec2f3e30d76d03bfc25fea29d6751d6/build/gnat'
Warning: Execution failed for action: Pre_Build run: make -C ./build/gnat tools (from ${CRATE_ROOT}/.)
Warning: Exit code: 2
Warning: Action output not captured, check it above.
stderr: ALIRE.PROPERTIES.ACTIONS.ACTION_FAILED
stderr: Action failed with exit code 2
stderr: raised ALIRE.PROPERTIES.ACTIONS.ACTION_FAILED : Action failed with exit code 2
[/home/runner/work/alire-crates-ci/alire-crates-ci/alire_install/bin/alr]
0xacc145 Alire.Properties.Actions.Executor.Execute_Actions at alire-properties-actions-executor.adb:130
0xaca6d9 Alire.Properties.Actions.Executor.Execute_Actions at alire-properties-actions-executor.adb:36
0xc72f21 Alire.Roots.Build at alire-roots.adb:243
0xc9832b Alire.Roots.Traverse at alire-roots.adb:2143
0xcfee85 Alire.Solutions.Traverse.Visit at alire-solutions.adb:1472
0xcfdca2 Alire.Solutions.Traverse at alire-solutions.adb:1539
0xc9841e Alire.Roots.Traverse at alire-roots.adb:2147
0xc984dd Alire.Roots.Traverse at alire-roots.adb:2127
0xc7359b Alire.Roots.Build at alire-roots.adb:286
0xc736d7 Alire.Roots.Build at alire-roots.adb:114
0x49aa0d Alr.Commands.Build.Execute at alr-commands-build.adb:145
0x49a36d Alr.Commands.Build.Execute at alr-commands-build.adb:113
0x49a51f Alr.Commands.Build.Execute at alr-commands-build.adb:54
0x53bbcc Alr.Commands.Sub_Cmd.Execute at clic-subcommand-instance.adb:749
0x5472be Alr.Commands.Execute at alr-commands.adb:632
0x43d48a Alr.Main at alr-main.adb:13
0x4403a3 Main at b__alr-main.adb:2445
[/lib/x86_64-linux-gnu/libc.so.6]
0x7fd83562a1c8
0x7fd83562a289
[/home/runner/work/alire-crates-ci/alire-crates-ci/alire_install/bin/alr]
0x43d323 _start at ???
0xfffffffffffffffe

ERROR: Compilation failed.
