Test ran at 2026-10-09 01:20:44.645172+00:00

SOLUTION:
espidf_tinyusb_msc=0.1.0: Ada/ESP-IDF: TinyUSB Mass Storage Class bindings
Origin: commit 2b3f82e97f2b44063d4653593c4d7bc5d00985f8 from https://github.com/godunko/espidf_tinyusb_msc.git
Properties:
   Author: Vadim Godunko
   Configuration: no modifiers
   Description: Ada/ESP-IDF: TinyUSB Mass Storage Class bindings
   License: Apache-2.0 WITH LLVM-exception
   Long_Description: Ada bindings for the Mass Storage Class (MSC) part of Espressif's TinyUSB integration
(`espressif/esp_tinyusb`).

Covers creation of an MSC storage backed by a wear-levelled internal flash partition,
and switching of its mount point between the application (VFS) and the USB host.

   Maintainer: Vadim Godunko <vgodunko@gmail.com>
   Maintainers_Logins: godunko
   Name: espidf_tinyusb_msc
   Tag: a0b
   Tag: embedded
   Tag: esp
   Tag: esp32
   Tag: espidf
   Tag: tinyusb
   Version: 0.1.0
   Website: https://github.com/godunko/espidf_tinyusb_msc
Dependencies (direct):
   espidf_tinyusb^0.1.0
   espidf_wear_levelling^0.1.0
Dependencies (solution):
   a0b_base=0.5.0
   espidf=0.2.0
   espidf_partition=0.1.0
   espidf_tinyusb=0.1.0
   espidf_wear_levelling=0.1.0
Dependencies (graph):
   espidf=0.2.0                --> a0b_base=0.5.0 (^0.5.0)
   espidf_partition=0.1.0      --> espidf=0.2.0 (^0.2.0)
   espidf_tinyusb=0.1.0        --> espidf=0.2.0 (^0.2.0)
   espidf_tinyusb_msc=0.1.0    --> espidf_tinyusb=0.1.0 (^0.1.0)
   espidf_tinyusb_msc=0.1.0    --> espidf_wear_levelling=0.1.0 (^0.1.0)
   espidf_wear_levelling=0.1.0 --> espidf_partition=0.1.0 (^0.1.0)


LOG:
[alr test] Testing espidf_tinyusb_msc=0.1.0
[alr test] Spawning retrieval for remote crate: alr -d -n get espidf_tinyusb_msc=0.1.0
Note: Deploying espidf_tinyusb_msc=0.1.0...
Note: Deploying a0b_base=0.5.0...
Note: Deploying espidf=0.2.0...
Note: Deploying espidf_partition=0.1.0...
Note: Deploying espidf_tinyusb=0.1.0...
Note: Deploying espidf_wear_levelling=0.1.0...
Warning: Possible tilde intended instead of caret for a 0.x version.
   Alire does not change the meaning of caret and tilde for pre/post-1.0 versions.
   The suspicious dependency is: espidf_tinyusb^0.1.0
   You can disable this warning by setting the option warning.caret to false.

espidf_tinyusb_msc=0.1.0 successfully retrieved.
Dependencies were solved as follows:

   + a0b_base              0.5.0 (new,indirect)
   + espidf                0.2.0 (new,indirect)
   + espidf_partition      0.1.0 (new,indirect)
   + espidf_tinyusb        0.1.0 (new)
   + espidf_wear_levelling 0.1.0 (new)
[alr test] Spawning default test for remote crate: alr -d -n build --release -- -cargs:Ada -gnatwn
Note: Building espidf_tinyusb_msc=0.1.0/espidf_tinyusb_msc.gpr...
"C:\Users\runneradmin\AppData\Local\alire\cache\builds\a0b_base_0.5.0_882bbc92\d4b9a665cd65e53512d7299f09faa80adc8cb0717486a18cc1c06b266dd5f534\.objs\x86_64-windows\none" created
"C:\Users\runneradmin\AppData\Local\alire\cache\builds\a0b_base_0.5.0_882bbc92\d4b9a665cd65e53512d7299f09faa80adc8cb0717486a18cc1c06b266dd5f534\.libs\x86_64-windows\none" created
"C:\Users\runneradmin\AppData\Local\alire\cache\builds\espidf_0.2.0_180c1c28\54bda9d901488a516f8d406de7cd0651646a19ce91e6b3a04167d51ff153b62f\.objs\x86_64-windows\none" created
"C:\Users\runneradmin\AppData\Local\alire\cache\builds\espidf_0.2.0_180c1c28\54bda9d901488a516f8d406de7cd0651646a19ce91e6b3a04167d51ff153b62f\.libs\x86_64-windows\none" created
"C:\Users\runneradmin\AppData\Local\alire\cache\builds\espidf_tinyusb_0.1.0_75b23d3b\6e984070ad1a28a882ca04a9be3b13917840928b177e3d3f4d66a522b7ddded0\.objs\x86_64-windows\none" created
"C:\Users\runneradmin\AppData\Local\alire\cache\builds\espidf_tinyusb_0.1.0_75b23d3b\6e984070ad1a28a882ca04a9be3b13917840928b177e3d3f4d66a522b7ddded0\.libs\x86_64-windows\none" created
"C:\Users\runneradmin\AppData\Local\alire\cache\builds\espidf_partition_0.1.0_9e84402f\9a931a1b35bc475c76d3001caedc02f76d8f6f0ddb4e0084d80b20957b9a66cb\.objs\x86_64-windows\none" created
"C:\Users\runneradmin\AppData\Local\alire\cache\builds\espidf_partition_0.1.0_9e84402f\9a931a1b35bc475c76d3001caedc02f76d8f6f0ddb4e0084d80b20957b9a66cb\.libs\x86_64-windows\none" created
"C:\Users\runneradmin\AppData\Local\alire\cache\builds\espidf_wear_levelling_0.1.0_630755ca\1dc92d4108054d691de721171a29ee71501693f7117c0c7367c07063f847bb95\.objs\x86_64-windows\none" created
"C:\Users\runneradmin\AppData\Local\alire\cache\builds\espidf_wear_levelling_0.1.0_630755ca\1dc92d4108054d691de721171a29ee71501693f7117c0c7367c07063f847bb95\.libs\x86_64-windows\none" created
".objs\x86_64-windows\none" created
".libs\x86_64-windows\none" created
[Ada Compile]     a0b-peripherals.ads
[Ada Compile]     a0b-types-arrays.ads
[Ada Compile]     a0b-types-big_endian.adb
[Ada Compile]     a0b-types-enumerable.ads
[Ada Compile]     a0b-types-gcc_builtins.ads
[Ada Compile]     a0b-types-svd.ads
a0b-types-big_endian.adb:10:22: warning: "Unsigned_64" is already use-visible through previous use_type_clause
[Ada Compile]     a0b-types.ads
[Ada Compile]     a0b.ads
[Ada Compile]     espidf-ada_esp_check_error.adb
[Ada Compile]     espidf-c_strings.adb
espidf-ada_esp_check_error.adb:45:18: missing operand
espidf-ada_esp_check_error.adb:45:19: target_name is an Ada 2020 feature
espidf-ada_esp_check_error.adb:49:19: target_name is an Ada 2020 feature
espidf.gpr: error: [Ada Compile] espidf-ada_esp_check_error.adb (espidf.gpr) failed with status 1
espidf-c_strings.adb:267:20: target_name is an Ada 2020 feature
espidf-c_strings.adb:296:28: target_name is an Ada 2020 feature
espidf-c_strings.adb:297:28: target_name is an Ada 2020 feature
espidf-c_strings.adb:323:25: target_name is an Ada 2020 feature
espidf-c_strings.adb:324:25: target_name is an Ada 2020 feature
espidf-c_strings.adb:337:28: target_name is an Ada 2020 feature
espidf-c_strings.adb:338:28: target_name is an Ada 2020 feature
espidf-c_strings.adb:368:28: target_name is an Ada 2020 feature
espidf-c_strings.adb:369:28: target_name is an Ada 2020 feature
espidf-c_strings.adb:388:28: target_name is an Ada 2020 feature
espidf-c_strings.adb:389:28: target_name is an Ada 2020 feature
espidf.gpr: error: [Ada Compile] espidf-c_strings.adb (espidf.gpr) failed with status 1
stderr: Command ["gprbuild", "-s", "-j0", "-p", "-P", "D:\a\alire-crates-ci\alire-crates-ci\test\19ecf397-68d7-4b0f-8241-f457829ad749\espidf_tinyusb_msc_0.1.0_2b3f82e9\espidf_tinyusb_msc.gpr", "-cargs:Ada", "-gnatwn"] exited with code 4
ERROR: Command ["gprbuild", "-s", "-j0", "-p", "-P", "D:\a\alire-crates-ci\alire-crates-ci\test\19ecf397-68d7-4b0f-8241-f457829ad749\espidf_tinyusb_msc_0.1.0_2b3f82e9\espidf_tinyusb_msc.gpr", "-cargs:Ada", "-gnatwn"] exited with code 4
stderr: ALIRE.CHECKED_ERROR
stderr: Command ["gprbuild", "-s", "-j0", "-p", "-P", "D:\a\alire-crates-ci\alire-crates-ci\test\19ecf397-68d7-4b0f-8241-f457829ad749\espidf_tinyusb_msc_0.1.0_2b3f82e9\espidf_tinyusb_msc.gpr", "-cargs:Ada", "-gnatwn"] exited with code 4
stderr: raised ALIRE.CHECKED_ERROR : alire-stored-error:1
[D:\a\alire-crates-ci\alire-crates-ci\alire_install\bin\alr.exe]
0x7ff75bbada2a Semantic_Versioning.Basic.Restrictions.First_Index at alire.adb:284
0x7ff75b7a595b Semantic_Versioning.Basic.Restrictions.First_Index at alire-os_lib-subprocess.adb:111
0x7ff75ba5cba1 Semantic_Versioning.Basic.Restrictions.First_Index at alire-spawn.adb:22
0x7ff75ba5dd5d Semantic_Versioning.Basic.Restrictions.First_Index at alire-spawn.adb:68
0x7ff75b982d64 Semantic_Versioning.Basic.Restrictions.First_Index at alire-roots.adb:189
0x7ff75b9811da Semantic_Versioning.Basic.Restrictions.First_Index at alire-roots.adb:255
0x7ff75b9a912d Semantic_Versioning.Basic.Restrictions.First_Index at alire-roots.adb:2143
0x7ff75ba182f9 Semantic_Versioning.Basic.Restrictions.First_Index at alire-solutions.adb:1472
0x7ff75ba17424 Semantic_Versioning.Basic.Restrictions.First_Index at alire-solutions.adb:1555
0x7ff75b9a922c Semantic_Versioning.Basic.Restrictions.First_Index at alire-roots.adb:2147
0x7ff75b9a92fa Semantic_Versioning.Basic.Restrictions.First_Index at alire-roots.adb:2127
0x7ff75b9817a7 Semantic_Versioning.Basic.Restrictions.First_Index at alire-roots.adb:286
0x7ff75b981912 Semantic_Versioning.Basic.Restrictions.First_Index at alire-roots.adb:114
0x7ff75b0f3baa Semantic_Versioning.Basic.Restrictions.First_Index at alr-commands-build.adb:145
0x7ff75b0f341e Semantic_Versioning.Basic.Restrictions.First_Index at alr-commands-build.adb:113
0x7ff75b0f35ba Semantic_Versioning.Basic.Restrictions.First_Index at alr-commands-build.adb:54
0x7ff75b1a5dea Semantic_Versioning.Basic.Restrictions.First_Index at clic-subcommand-instance.adb:749
0x7ff75b1b2b0e Semantic_Versioning.Basic.Restrictions.First_Index at alr-commands.adb:632
0x7ff75b0816a0 Alr.Main at alr-main.adb:13
0x7ff75b085270 Main at b__alr-main.adb:2454
0x7ff75b08133e __tmainCRTStartup at ???
0x7ff75b081144 mainCRTStartup at ???
[C:\Windows\System32\KERNEL32.DLL]
0x7ff99169e985
[C:\Windows\SYSTEM32\ntdll.dll]
0x7ff992acc53a

stderr: ALIRE.ROOTS.BUILD._WRAPPED_STATEMENTS.BUILD_FAILED
stderr: alire-roots.adb:202
stderr: raised ALIRE.ROOTS.BUILD._WRAPPED_STATEMENTS.BUILD_FAILED : alire-roots.adb:202
[D:\a\alire-crates-ci\alire-crates-ci\alire_install\bin\alr.exe]
0x7ff75b98313c Semantic_Versioning.Basic.Restrictions.First_Index at alire-roots.adb:202
0x7ff75b9811da Semantic_Versioning.Basic.Restrictions.First_Index at alire-roots.adb:255
0x7ff75b9a912d Semantic_Versioning.Basic.Restrictions.First_Index at alire-roots.adb:2143
0x7ff75ba182f9 Semantic_Versioning.Basic.Restrictions.First_Index at alire-solutions.adb:1472
0x7ff75ba17424 Semantic_Versioning.Basic.Restrictions.First_Index at alire-solutions.adb:1555
0x7ff75b9a922c Semantic_Versioning.Basic.Restrictions.First_Index at alire-roots.adb:2147
0x7ff75b9a92fa Semantic_Versioning.Basic.Restrictions.First_Index at alire-roots.adb:2127
0x7ff75b9817a7 Semantic_Versioning.Basic.Restrictions.First_Index at alire-roots.adb:286
0x7ff75b981912 Semantic_Versioning.Basic.Restrictions.First_Index at alire-roots.adb:114
0x7ff75b0f3baa Semantic_Versioning.Basic.Restrictions.First_Index at alr-commands-build.adb:145
0x7ff75b0f341e Semantic_Versioning.Basic.Restrictions.First_Index at alr-commands-build.adb:113
0x7ff75b0f35ba Semantic_Versioning.Basic.Restrictions.First_Index at alr-commands-build.adb:54
0x7ff75b1a5dea Semantic_Versioning.Basic.Restrictions.First_Index at clic-subcommand-instance.adb:749
0x7ff75b1b2b0e Semantic_Versioning.Basic.Restrictions.First_Index at alr-commands.adb:632
0x7ff75b0816a0 Alr.Main at alr-main.adb:13
0x7ff75b085270 Main at b__alr-main.adb:2454
0x7ff75b08133e __tmainCRTStartup at ???
0x7ff75b081144 mainCRTStartup at ???
[C:\Windows\System32\KERNEL32.DLL]
0x7ff99169e985
[C:\Windows\SYSTEM32\ntdll.dll]
0x7ff992acc53a

ERROR: Compilation failed.
