Test ran at 2026-09-10 01:20:56.617991+00:00

SOLUTION:
hirtos=2.0.0: High-Integrity RTOS
Origin: commit 66847740b093b19386959b0e7b65b0a09172a082 from https://github.com/jgrivera67/HiRTOS.git
Properties:
   Test run: alr build (from ${CRATE_ROOT}/sample_apps/fvp_armv8r_aarch32_hello)
   Test run: alr build (from ${CRATE_ROOT}/sample_apps/esp32_c3_hello)
   Author: J. German Rivera
   Config type: Platform : Enum (arm_fvp, esp32_c3) default: 'arm_fvp'
   Configuration: no modifiers
   Description: High-Integrity RTOS
   License: Apache-2.0
   Maintainer: J. German Rivera <jgrivera67@gmail.com>
   Maintainers_Logins: jgrivera67
   Name: hirtos
   Tag: rtos
   Version: 2.0.0
   Website: https://github.com/jgrivera67/HiRTOS


LOG:
Note: Synchronizing workspace...
Dependencies automatically updated as follows:

   New solution is incomplete.
   +b       gnat_arm_elf 16.1.0 (new,binary)
   +b       gnatprove    16.1.0 (new,binary)
   +.       hirtos       2.0.0  (new,path=../..)
   Missing:
   +!       gprbuild     ^22    (new,missing)
   
   i  The solution requires a toolchain that is
      not yet installed. Accepting the solution
      will download and install this toolchain.
Note: Deploying gnat_arm_elf=16.1.0...
#=#=#                                                                          

##                                                                         2.9%
####                                                                       5.7%
####                                                                       6.6%
#######                                                                    9.9%
#########                                                                 13.4%
###########                                                               16.3%
#############                                                             19.3%
################                                                          22.5%
##################                                                        26.0%
#####################                                                     29.9%
######################                                                    30.7%
######################                                                    31.7%
########################                                                  33.7%
##########################                                                37.0%
##############################                                            41.7%
###############################                                           43.3%
#################################                                         46.9%
##################################                                        47.3%
##################################                                        47.4%
##################################                                        47.5%
###################################                                       48.7%
####################################                                      51.3%
#######################################                                   54.9%
##########################################                                58.4%
############################################                              61.8%
#############################################                             63.2%
##############################################                            64.3%
################################################                          67.8%
###################################################                       70.9%
######################################################                    75.0%
########################################################                  78.7%
###########################################################               82.1%
##############################################################            86.2%
#################################################################         90.5%
####################################################################      95.0%
######################################################################    97.9%
######################################################################## 100.0%
Note: gnat_arm_elf=16.1.0 installed successfully.
Note: Deploying gnatprove=16.1.0...
#=#=#                                                                          

                                                                           0.4%
##                                                                         3.4%
###                                                                        4.5%
#####                                                                      7.2%
######                                                                     8.7%
#######                                                                   10.2%
########                                                                  12.3%
##########                                                                14.4%
###########                                                               16.5%
##############                                                            19.9%
##############                                                            20.5%
################                                                          23.5%
#################                                                         24.4%
##################                                                        26.4%
####################                                                      28.5%
######################                                                    31.9%
########################                                                  33.6%
#########################                                                 35.0%
##########################                                                36.7%
###########################                                               38.0%
#############################                                             40.4%
#############################                                             40.8%
################################                                          44.7%
#################################                                         45.9%
##################################                                        47.2%
###################################                                       48.9%
#####################################                                     51.5%
#####################################                                     52.3%
######################################                                    53.2%
#######################################                                   54.5%
#######################################                                   55.2%
#########################################                                 57.0%
#########################################                                 58.3%
###########################################                               60.5%
#############################################                             62.8%
##############################################                            65.2%
################################################                          66.9%
#################################################                         68.6%
#################################################                         69.2%
###################################################                       71.8%
####################################################                      73.3%
######################################################                    75.2%
#######################################################                   76.4%
#######################################################                   77.5%
#########################################################                 80.2%
##########################################################                81.7%
#############################################################             84.7%
#############################################################             85.7%
##############################################################            87.4%
################################################################          89.6%
#################################################################         90.5%
###################################################################       94.2%
######################################################################    97.7%
######################################################################## 100.0%
Warning: The following external dependencies are unavailable within Alire:
Warning:    gprbuild^22
Warning: They should be made available in the environment by the user.

Warning: Generating possibly incomplete configuration because of missing dependencies
warn: Generating possibly incomplete environment because of missing dependencies
Note: Building fvp_armv8r_aarch32_hello=0.1.0-dev/fvp_armv8r_aarch32_hello.gpr...
ERROR: Cannot locate gprbuild, please check that you have a GNAT and GPRbuild installation in your environment.
ERROR: Compilation failed.
[alr test] Test action exited with error code 1
