Test ran at 2025-10-10 12:49:41.811906+00:00

SOLUTION:
a0b_stm32f2_generic_gpio=0.1.0: A0B: STM32F2+ Generic GPIO
Origin: commit 8f38aacb92d84b69bcc702b740bad5eeb366631b from https://github.com/godunko/a0b-stm32f2-generic_gpio.git
Properties:
   Test run: alr build (from ${CRATE_ROOT}/selftest)
   Author: Vadim Godunko
   Configuration: no modifiers
   Description: A0B: STM32F2+ Generic GPIO
   License: Apache-2.0 WITH LLVM-exception
   Maintainer: Vadim Godunko <vgodunko@gmail.com>
   Maintainers_Logins: godunko
   Name: a0b_stm32f2_generic_gpio
   Project_File: gnat/a0b_stm32f2_generic_gpio.gpr
   Tag: a0b
   Tag: embedded
   Tag: stm32
   Tag: gpio
   Version: 0.1.0
Dependencies (direct):
   a0b_gpio*
Dependencies (solution):
   a0b_base=0.4.0
   a0b_gpio=0.1.0
Dependencies (graph):
   a0b_gpio=0.1.0                 --> a0b_base=0.4.0 (*)
   a0b_stm32f2_generic_gpio=0.1.0 --> a0b_gpio=0.1.0 (*)


LOG:
Note: Synchronizing workspace...
Dependencies automatically updated as follows:

   +  a0b_base                 0.4.0  (new,indirect)
   +  a0b_gpio                 0.1.0  (new,indirect)
   +. a0b_stm32f2_generic_gpio 0.1.0  (new,path=..)
   +b gnat_arm_elf             15.2.1 (new,binary)
   
   i  The solution requires a toolchain that is
      not yet installed. Accepting the solution
      will download and install this toolchain.
Note: Deploying gnat_arm_elf=15.2.1...

#=#=#                                                                          
                                                                           0.2%
#                                                                          1.4%
#                                                                          2.4%
###                                                                        4.4%
###                                                                        5.0%
####                                                                       6.6%
#####                                                                      7.1%
######                                                                     8.4%
######                                                                     9.4%
########                                                                  11.4%
########                                                                  12.0%
#########                                                                 13.7%
##########                                                                14.5%
###########                                                               16.2%
############                                                              17.4%
#############                                                             18.6%
##############                                                            19.6%
##############                                                            20.7%
###############                                                           21.2%
################                                                          22.6%
################                                                          23.6%
#################                                                         24.6%
#################                                                         24.6%
##################                                                        25.9%
###################                                                       27.5%
####################                                                      28.3%
#####################                                                     29.5%
######################                                                    30.6%
#######################                                                   32.4%
#######################                                                   33.0%
########################                                                  34.4%
#########################                                                 35.3%
##########################                                                37.2%
###########################                                               37.7%
############################                                              39.7%
############################                                              40.1%
#############################                                             41.6%
##############################                                            42.4%
###############################                                           44.4%
################################                                          45.5%
#################################                                         46.7%
##################################                                        47.5%
###################################                                       49.0%
###################################                                       49.7%
####################################                                      50.2%
####################################                                      50.2%
#####################################                                     51.5%
#####################################                                     51.9%
######################################                                    53.9%
#######################################                                   54.5%
########################################                                  56.0%
########################################                                  56.5%
#########################################                                 58.2%
##########################################                                58.9%
##########################################                                58.9%
##########################################                                59.1%
##########################################                                59.6%
###########################################                               61.0%
############################################                              61.3%
############################################                              62.2%
#############################################                             63.1%
#############################################                             63.9%
##############################################                            64.5%
##############################################                            64.5%
###############################################                           65.9%
################################################                          67.5%
#################################################                         68.3%
#################################################                         69.1%
##################################################                        70.4%
###################################################                       71.0%
###################################################                       71.6%
###################################################                       71.6%
####################################################                      72.5%
#####################################################                     73.9%
######################################################                    75.4%
######################################################                    76.3%
#######################################################                   77.3%
########################################################                  78.0%
#########################################################                 79.5%
#########################################################                 80.0%
##########################################################                81.4%
###########################################################               82.4%
###########################################################               83.0%
###########################################################               83.1%
############################################################              83.4%
############################################################              84.6%
#############################################################             85.7%
##############################################################            87.1%
################################################################          89.2%
#################################################################         90.5%
##################################################################        91.8%
###################################################################       93.8%
####################################################################      94.6%
#####################################################################     96.1%
######################################################################    97.4%
######################################################################    98.5%
#######################################################################   99.2%
######################################################################## 100.0%
Note: gnat_arm_elf=15.2.1 installed successfully.

Note: Building a0b_stm32f2_generic_gpio_selftest=0.1.0-dev/a0b_stm32f2_generic_gpio_selftest.gpr...
Setup
   [mkdir]        object directory for project A0B_Base
   [mkdir]        library directory for project A0B_Base
   [mkdir]        object directory for project A0B_GPIO
   [mkdir]        object directory for project A0B_STM32F2_Generic_GPIO
   [mkdir]        library directory for project A0B_STM32F2_Generic_GPIO
a0b_stm32f2_generic_gpio_selftest.gpr:9:09: warning: there are no sources of language "Ada" in this project
Compile
   [Ada]          a0b.ads
   [Ada]          a0b-types.ads
   [Ada]          a0b-types-svd.ads
   [Ada]          a0b-types-gcc_builtins.ads
   [Ada]          a0b-types-big_endian.adb
   [Ada]          a0b-types-arrays.ads
   [Ada]          a0b-peripherals.ads
   [Ada]          a0b-gpio.ads
   [Ada]          a0b-stm32.ads
   [Ada]          a0b-stm32-generic_gpio.adb
   [Ada]          a0b-peripherals-gpio.ads
a0b-stm32-generic_gpio.ads:20:19: warning: procedure "Disable_GPIO_Clock" is not referenced [-gnatwu]
Build Libraries
   [gprlib]       a0b_base.lexch
   [gprlib]       a0b_stm32f2_generic_gpio.lexch
   [archive]      liba0b_base.a
   [index]        liba0b_base.a
   [archive]      liba0b_stm32f2_generic_gpio.a
   [index]        liba0b_stm32f2_generic_gpio.a
Success: Build finished successfully in 2.16 seconds.
[alr test] Test completed SUCCESSFULLY
