Test ran at 2026-07-29 01:24:57.562294+00:00

SOLUTION:
aho_corasick=0.3.0: Aho-Corasick Implementation
Origin: commit fddeabadee10c6eb44bec7ea75d8e0e798237ed0 from https://github.com/docandrew/aho_corasick.git
Properties:
   Author: docandrew
   Description: Aho-Corasick Implementation
   License: MIT OR Apache-2.0 WITH LLVM-exception
   Maintainer: docandrew <jonfandrew@fastmail.com>
   Maintainers_Logins: docandrew
   Name: aho_corasick
   Tag: strings
   Tag: search
   Tag: matching
   Tag: intrusion
   Tag: aho-corasick
   Version: 0.3.0
   Website: 
Dependencies (direct):
   gnatprove^15.1.0
Dependencies (solution):
   gnatprove=15.1.0
Dependencies (graph):
   aho_corasick=0.3.0 --> gnatprove=15.1.0 (^15.1.0)


LOG:
[alr test] Testing aho_corasick=0.3.0
[alr test] Spawning retrieval for remote crate: alr -d -n get aho_corasick=0.3.0
Note: Deploying aho_corasick=0.3.0...
Note: Deploying gnatprove=15.1.0...

#=#=#                                                                          
                                                                           0.0%
#                                                                          1.8%
##                                                                         3.7%
####                                                                       6.7%
#####                                                                      7.7%
######                                                                     9.0%
#######                                                                   10.7%
########                                                                  12.4%
#########                                                                 13.9%
##########                                                                14.3%
###########                                                               15.9%
###########                                                               16.3%
############                                                              17.7%
##############                                                            19.5%
################                                                          23.0%
#################                                                         24.1%
#################                                                         24.8%
###################                                                       26.9%
####################                                                      28.3%
#####################                                                     30.5%
#######################                                                   32.1%
########################                                                  33.8%
########################                                                  34.7%
#########################                                                 35.4%
###########################                                               37.8%
############################                                              39.2%
#############################                                             41.2%
##############################                                            42.5%
###############################                                           43.9%
###############################                                           44.3%
################################                                          44.6%
################################                                          45.7%
#################################                                         46.2%
##################################                                        47.8%
##################################                                        48.1%
###################################                                       49.6%
#####################################                                     51.7%
#####################################                                     52.4%
######################################                                    53.8%
#######################################                                   54.9%
########################################                                  55.9%
########################################                                  56.6%
##########################################                                58.4%
##########################################                                58.9%
##########################################                                59.5%
###########################################                               60.2%
############################################                              61.7%
############################################                              62.3%
##############################################                            64.8%
###############################################                           66.6%
################################################                          68.0%
#################################################                         69.0%
##################################################                        70.8%
####################################################                      72.7%
#####################################################                     74.3%
######################################################                    76.1%
#######################################################                   77.5%
########################################################                  78.8%
#########################################################                 79.8%
##########################################################                80.7%
###########################################################               83.2%
############################################################              84.1%
#############################################################             85.0%
##############################################################            86.7%
###############################################################           87.8%
################################################################          90.3%
#################################################################         91.3%
##################################################################        92.0%
##################################################################        92.7%
####################################################################      95.6%
######################################################################    97.7%
######################################################################## 100.0%

aho_corasick=0.3.0 successfully retrieved.
Dependencies were solved as follows:

   +b gnatprove 15.1.0 (new,binary)
[alr test] Spawning default test for remote crate: alr -d -n build --release -- -cargs:Ada -gnatwn
Note: Building aho_corasick=0.3.0/aho_corasick.gpr...
sparklib.gpr:1:26: extended project file "sparklib_internal" not found
sparklib.gpr:1:26: extended by "D:\a\alire-crates-ci\alire-crates-ci\test\f4134512-61e7-4922-b0ae-ca330d94099d\aho_corasick_0.3.0_fddeabad\sparklib.gpr"
sparklib.gpr:1:26: imported by "D:\a\alire-crates-ci\alire-crates-ci\test\f4134512-61e7-4922-b0ae-ca330d94099d\aho_corasick_0.3.0_fddeabad\aho_corasick.gpr"
gprbuild: "D:\a\alire-crates-ci\alire-crates-ci\test\f4134512-61e7-4922-b0ae-ca330d94099d\aho_corasick_0.3.0_fddeabad\aho_corasick.gpr" processing failed
stderr: Command ["gprbuild", "-s", "-j0", "-p", "-P", "D:\a\alire-crates-ci\alire-crates-ci\test\f4134512-61e7-4922-b0ae-ca330d94099d\aho_corasick_0.3.0_fddeabad\aho_corasick.gpr", "-cargs:Ada", "-gnatwn"] exited with code 5
ERROR: Command ["gprbuild", "-s", "-j0", "-p", "-P", "D:\a\alire-crates-ci\alire-crates-ci\test\f4134512-61e7-4922-b0ae-ca330d94099d\aho_corasick_0.3.0_fddeabad\aho_corasick.gpr", "-cargs:Ada", "-gnatwn"] exited with code 5
stderr: ALIRE.CHECKED_ERROR
stderr: Command ["gprbuild", "-s", "-j0", "-p", "-P", "D:\a\alire-crates-ci\alire-crates-ci\test\f4134512-61e7-4922-b0ae-ca330d94099d\aho_corasick_0.3.0_fddeabad\aho_corasick.gpr", "-cargs:Ada", "-gnatwn"] exited with code 5
stderr: raised ALIRE.CHECKED_ERROR : alire-stored-error:1
[D:\a\alire-crates-ci\alire-crates-ci\alire_install\bin\alr.exe]
0x7ff618ecda2a Semantic_Versioning.Basic.Restrictions.First_Index at alire.adb:284
0x7ff618ac595b Semantic_Versioning.Basic.Restrictions.First_Index at alire-os_lib-subprocess.adb:111
0x7ff618d7cba1 Semantic_Versioning.Basic.Restrictions.First_Index at alire-spawn.adb:22
0x7ff618d7dd5d Semantic_Versioning.Basic.Restrictions.First_Index at alire-spawn.adb:68
0x7ff618ca2d64 Semantic_Versioning.Basic.Restrictions.First_Index at alire-roots.adb:189
0x7ff618ca11da Semantic_Versioning.Basic.Restrictions.First_Index at alire-roots.adb:255
0x7ff618cc912d Semantic_Versioning.Basic.Restrictions.First_Index at alire-roots.adb:2143
0x7ff618d382f9 Semantic_Versioning.Basic.Restrictions.First_Index at alire-solutions.adb:1472
0x7ff618d37424 Semantic_Versioning.Basic.Restrictions.First_Index at alire-solutions.adb:1555
0x7ff618cc922c Semantic_Versioning.Basic.Restrictions.First_Index at alire-roots.adb:2147
0x7ff618cc92fa Semantic_Versioning.Basic.Restrictions.First_Index at alire-roots.adb:2127
0x7ff618ca17a7 Semantic_Versioning.Basic.Restrictions.First_Index at alire-roots.adb:286
0x7ff618ca1912 Semantic_Versioning.Basic.Restrictions.First_Index at alire-roots.adb:114
0x7ff618413baa Semantic_Versioning.Basic.Restrictions.First_Index at alr-commands-build.adb:145
0x7ff61841341e Semantic_Versioning.Basic.Restrictions.First_Index at alr-commands-build.adb:113
0x7ff6184135ba Semantic_Versioning.Basic.Restrictions.First_Index at alr-commands-build.adb:54
0x7ff6184c5dea Semantic_Versioning.Basic.Restrictions.First_Index at clic-subcommand-instance.adb:749
0x7ff6184d2b0e Semantic_Versioning.Basic.Restrictions.First_Index at alr-commands.adb:632
0x7ff6183a16a0 Alr.Main at alr-main.adb:13
0x7ff6183a5270 Main at b__alr-main.adb:2454
0x7ff6183a133e __tmainCRTStartup at ???
0x7ff6183a1144 mainCRTStartup at ???
[C:\Windows\System32\KERNEL32.DLL]
0x7ffed8bee8d5
[C:\Windows\SYSTEM32\ntdll.dll]
0x7ffed934c53a

stderr: ALIRE.ROOTS.BUILD._WRAPPED_STATEMENTS.BUILD_FAILED
stderr: alire-roots.adb:202
stderr: raised ALIRE.ROOTS.BUILD._WRAPPED_STATEMENTS.BUILD_FAILED : alire-roots.adb:202
[D:\a\alire-crates-ci\alire-crates-ci\alire_install\bin\alr.exe]
0x7ff618ca313c Semantic_Versioning.Basic.Restrictions.First_Index at alire-roots.adb:202
0x7ff618ca11da Semantic_Versioning.Basic.Restrictions.First_Index at alire-roots.adb:255
0x7ff618cc912d Semantic_Versioning.Basic.Restrictions.First_Index at alire-roots.adb:2143
0x7ff618d382f9 Semantic_Versioning.Basic.Restrictions.First_Index at alire-solutions.adb:1472
0x7ff618d37424 Semantic_Versioning.Basic.Restrictions.First_Index at alire-solutions.adb:1555
0x7ff618cc922c Semantic_Versioning.Basic.Restrictions.First_Index at alire-roots.adb:2147
0x7ff618cc92fa Semantic_Versioning.Basic.Restrictions.First_Index at alire-roots.adb:2127
0x7ff618ca17a7 Semantic_Versioning.Basic.Restrictions.First_Index at alire-roots.adb:286
0x7ff618ca1912 Semantic_Versioning.Basic.Restrictions.First_Index at alire-roots.adb:114
0x7ff618413baa Semantic_Versioning.Basic.Restrictions.First_Index at alr-commands-build.adb:145
0x7ff61841341e Semantic_Versioning.Basic.Restrictions.First_Index at alr-commands-build.adb:113
0x7ff6184135ba Semantic_Versioning.Basic.Restrictions.First_Index at alr-commands-build.adb:54
0x7ff6184c5dea Semantic_Versioning.Basic.Restrictions.First_Index at clic-subcommand-instance.adb:749
0x7ff6184d2b0e Semantic_Versioning.Basic.Restrictions.First_Index at alr-commands.adb:632
0x7ff6183a16a0 Alr.Main at alr-main.adb:13
0x7ff6183a5270 Main at b__alr-main.adb:2454
0x7ff6183a133e __tmainCRTStartup at ???
0x7ff6183a1144 mainCRTStartup at ???
[C:\Windows\System32\KERNEL32.DLL]
0x7ffed8bee8d5
[C:\Windows\SYSTEM32\ntdll.dll]
0x7ffed934c53a

ERROR: Compilation failed.
