Test ran at 2026-05-08 13:25:38.580741+00:00

SOLUTION:
cose_ada=0.1.0: COSE (RFC 9052 / 9053) library for Ada 2022
Origin: commit 6aa26c1628af06286954e30cbbfc81910c5c883c from https://github.com/b-erdem/cose_ada.git
Properties:
   Author: Baris Erdem
   Description: COSE (RFC 9052 / 9053) library for Ada 2022
   License: Apache-2.0
   Long_Description: COSE (CBOR Object Signing and Encryption, RFC 9052 / 9053)
implementation for Ada 2022 with partial SPARK coverage. Supports the
six COSE message types: COSE_Mac0, COSE_Mac, COSE_Sign1, COSE_Sign,
COSE_Encrypt0, and COSE_Encrypt. Algorithms: HMAC-SHA-256,
HMAC-SHA-512, EdDSA (Ed25519), and ChaCha20-Poly1305 AEAD. Uses
cbor_ada for CBOR operations, hmac_ada for HMAC, and SPARKNaCl for
Ed25519 and ChaCha20-Poly1305. No heap allocation, suitable for
embedded and safety-critical systems.

   Maintainer: Baris Erdem <baris@erdem.dev>
   Maintainers_Logins: b-erdem
   Name: cose_ada
   Tag: cose
   Tag: rfc9052
   Tag: cbor
   Tag: security
   Tag: spark
   Tag: embedded
   Tag: iot
   Tag: webauthn
   Version: 0.1.0
   Website: https://github.com/b-erdem/cose_ada
Dependencies (direct):
   cbor_ada~0.2.0
   hmac_ada~0.2.0
   sparknacl^4.0.1
Dependencies (solution):
   cbor_ada=0.2.0
   gnat=15.2.1 (gnat_native)
   hmac_ada=0.2.0
   sparknacl=4.0.1
Dependencies (graph):
   cose_ada=0.1.0  --> cbor_ada=0.2.0 (~0.2.0)
   cose_ada=0.1.0  --> hmac_ada=0.2.0 (~0.2.0)
   cose_ada=0.1.0  --> sparknacl=4.0.1 (^4.0.1)
   sparknacl=4.0.1 --> gnat=15.2.1 (gnat_native) (>=14.2.1)


LOG:
[alr test] Testing cose_ada=0.1.0
[alr test] Spawning retrieval for remote crate: alr -d -n get cose_ada=0.1.0
Note: Deploying cose_ada=0.1.0...

cose_ada=0.1.0 successfully retrieved.
Dependencies were solved as follows:

   +  cbor_ada  0.2.0  (new)
   +b gnat      15.2.1 (new,gnat_native,indirect,binary)
   +  hmac_ada  0.2.0  (new)
   +  sparknacl 4.0.1  (new)
[alr test] Spawning default test for remote crate: alr -d -n build --release -- -cargs:Ada -gnatwn
Note: Building cose_ada=0.1.0/cose_ada.gpr...
Setup
   [mkdir]        object directory for project Cose_Ada
   [mkdir]        library directory for project Cose_Ada
Compile
   [Ada]          cose-hmac_sha512.adb
   [Ada]          cose-mac.adb
   [Ada]          cose-sign.adb
   [Ada]          cose-headers.adb
   [Ada]          cose-encrypt0.adb
   [Ada]          cose.adb
   [Ada]          cose-encrypt.adb
cose-mac.adb:214:30: warning: can never be greater than, could replace by "=" [-gnatwc]
cose-mac.adb:404:38: warning: condition can only be False if invalid values present [-gnatwc]
cose-mac.adb:510:20: warning: condition can only be True if invalid values present [-gnatwc]
cose-mac.adb:510:20: warning: condition is always False [-gnatwc]
cose-mac.adb:510:20: warning: (see assignment at line 500) [-gnatwc]
cose-mac.adb:655:22: warning: condition is always True [-gnatwc]
cose-mac.adb:655:39: warning: condition is always True [-gnatwc]
   [Ada]          cose-sign1.adb
cose-sign.adb:318:27: warning: can never be greater than, could replace by "=" [-gnatwc]
cose-sign.adb:533:35: warning: condition can only be False if invalid values present [-gnatwc]
cose-sign.adb:640:20: warning: condition can only be True if invalid values present [-gnatwc]
cose-sign.adb:640:20: warning: condition is always False [-gnatwc]
cose-sign.adb:640:20: warning: (see assignment at line 628) [-gnatwc]
cose-sign.adb:760:22: warning: condition is always True [-gnatwc]
cose-sign.adb:760:39: warning: condition is always True [-gnatwc]
   [Ada]          cose-codec_utils.adb
cose-encrypt0.adb:569:20: warning: condition can only be True if invalid values present [-gnatwc]
cose-encrypt0.adb:569:20: warning: condition is always False [-gnatwc]
cose-encrypt0.adb:569:20: warning: (see assignment at line 556) [-gnatwc]
   [Ada]          cose-mac0.adb
cose-codec_utils.adb:9:04: warning: "ITEM_COUNT" is already use-visible through previous use_type_clause at cose-codec_utils.ads:15 [-gnatwr]
cose-codec_utils.adb:9:04: warning: use clause for type "Item_Count" defined at cbor.ads:153 has no effect [-gnatwu]
cose-codec_utils.adb:107:45: warning: can never be greater than, could replace by "=" [-gnatwc]
cose-sign1.adb:544:20: warning: condition can only be True if invalid values present [-gnatwc]
cose-sign1.adb:544:20: warning: condition is always False [-gnatwc]
cose-sign1.adb:544:20: warning: (see assignment at line 531) [-gnatwc]
cose-mac0.adb:502:20: warning: condition can only be True if invalid values present [-gnatwc]
cose-mac0.adb:502:20: warning: condition is always False [-gnatwc]
cose-mac0.adb:502:20: warning: (see assignment at line 489) [-gnatwc]
cose-encrypt.adb:248:30: warning: can never be greater than, could replace by "=" [-gnatwc]
cose-encrypt.adb:427:38: warning: condition can only be False if invalid values present [-gnatwc]
cose-encrypt.adb:528:20: warning: condition can only be True if invalid values present [-gnatwc]
cose-encrypt.adb:528:20: warning: condition is always False [-gnatwc]
cose-encrypt.adb:528:20: warning: (see assignment at line 518) [-gnatwc]
cose-encrypt.adb:710:22: warning: condition is always True [-gnatwc]
cose-encrypt.adb:710:39: warning: condition is always True [-gnatwc]
Build Libraries
   [gprlib]       cose_ada.lexch
   [archive]      libcose_ada.a
   [index]        libcose_ada.a
Success: Build finished successfully in 1.45 seconds.
Found declared GPR file: cose_ada.gpr
[alr test] Test completed SUCCESSFULLY
