Test ran at 2026-09-29 13:04:44.810772+00:00

SOLUTION:
frostlake=0.1.0: Ada driver for Frostlake, speaking the engine's HTTP protocol
Origin: commit e12c3edb81748595991b1393bcbf0ce5b8132e01 from https://github.com/Frostlake-DB/frostlake-ada.git
Properties:
   Author: Michal Lorek
   Description: Ada driver for Frostlake, speaking the engine's HTTP protocol
   License: Apache-2.0
   Long_Description: A dependency-free Ada 2022 client for Frostlake's DatabaseHttpServer:
DSN-based connections, client-side parameter binding, typed result cells
(exact NUMBER digits, DATE/TIMESTAMP values, BINARY bytes), transactions,
and session handling. Needs nothing beyond GNAT's own runtime library.

   Maintainer: Michal Lorek <michal.lorek@gmail.com>
   Maintainers_Logins: mlorek
   Name: frostlake
   Project_File: frostlake.gpr
   Tag: database
   Tag: sql
   Tag: driver
   Tag: frostlake
   Tag: snowflake
   Version: 0.1.0
   Website: https://github.com/Frostlake-DB/frostlake-ada


LOG:
[alr test] Testing frostlake=0.1.0
[alr test] Spawning retrieval for remote crate: alr -d -n get frostlake=0.1.0
Note: Deploying frostlake=0.1.0...

frostlake=0.1.0 successfully retrieved.
There are no dependencies.
[alr test] Spawning default test for remote crate: alr -d -n build --release -- -cargs:Ada -gnatwn
Note: Building frostlake=0.1.0/frostlake.gpr...
"obj" created
"lib" created
[Ada Compile]     frostlake-http.adb
[Ada Compile]     frostlake-sql.adb
[Ada Compile]     frostlake-wire.adb
[Ada Compile]     frostlake.adb
gnat1: invalid switch: -gnat2022
frostlake.gpr: error: [Ada Compile] frostlake-http.adb (frostlake.gpr) failed with status 1
gnat1: invalid switch: -gnat2022
frostlake.gpr: error: [Ada Compile] frostlake-sql.adb (frostlake.gpr) failed with status 1
gnat1: invalid switch: -gnat2022
frostlake.gpr: error: [Ada Compile] frostlake-wire.adb (frostlake.gpr) failed with status 1
gnat1: invalid switch: -gnat2022
frostlake.gpr: error: [Ada Compile] frostlake.adb (frostlake.gpr) failed with status 1
stderr: Command ["gprbuild", "-s", "-j0", "-p", "-P", "D:\a\alire-crates-ci\alire-crates-ci\test\9659e111-1dcd-4542-8b43-22370e619507\frostlake_0.1.0_e12c3edb\frostlake.gpr", "-cargs:Ada", "-gnatwn"] exited with code 4
ERROR: Command ["gprbuild", "-s", "-j0", "-p", "-P", "D:\a\alire-crates-ci\alire-crates-ci\test\9659e111-1dcd-4542-8b43-22370e619507\frostlake_0.1.0_e12c3edb\frostlake.gpr", "-cargs:Ada", "-gnatwn"] exited with code 4
stderr: ALIRE.CHECKED_ERROR
stderr: Command ["gprbuild", "-s", "-j0", "-p", "-P", "D:\a\alire-crates-ci\alire-crates-ci\test\9659e111-1dcd-4542-8b43-22370e619507\frostlake_0.1.0_e12c3edb\frostlake.gpr", "-cargs:Ada", "-gnatwn"] exited with code 4
stderr: raised ALIRE.CHECKED_ERROR : alire-stored-error:1
[D:\a\alire-crates-ci\alire-crates-ci\alire_install\bin\alr.exe]
0x7ff7d50eda2a Semantic_Versioning.Basic.Restrictions.First_Index at alire.adb:284
0x7ff7d4ce595b Semantic_Versioning.Basic.Restrictions.First_Index at alire-os_lib-subprocess.adb:111
0x7ff7d4f9cba1 Semantic_Versioning.Basic.Restrictions.First_Index at alire-spawn.adb:22
0x7ff7d4f9dd5d Semantic_Versioning.Basic.Restrictions.First_Index at alire-spawn.adb:68
0x7ff7d4ec2d64 Semantic_Versioning.Basic.Restrictions.First_Index at alire-roots.adb:189
0x7ff7d4ec11da Semantic_Versioning.Basic.Restrictions.First_Index at alire-roots.adb:255
0x7ff7d4ee912d Semantic_Versioning.Basic.Restrictions.First_Index at alire-roots.adb:2143
0x7ff7d4f582f9 Semantic_Versioning.Basic.Restrictions.First_Index at alire-solutions.adb:1472
0x7ff7d4f57424 Semantic_Versioning.Basic.Restrictions.First_Index at alire-solutions.adb:1555
0x7ff7d4ee922c Semantic_Versioning.Basic.Restrictions.First_Index at alire-roots.adb:2147
0x7ff7d4ee92fa Semantic_Versioning.Basic.Restrictions.First_Index at alire-roots.adb:2127
0x7ff7d4ec17a7 Semantic_Versioning.Basic.Restrictions.First_Index at alire-roots.adb:286
0x7ff7d4ec1912 Semantic_Versioning.Basic.Restrictions.First_Index at alire-roots.adb:114
0x7ff7d4633baa Semantic_Versioning.Basic.Restrictions.First_Index at alr-commands-build.adb:145
0x7ff7d463341e Semantic_Versioning.Basic.Restrictions.First_Index at alr-commands-build.adb:113
0x7ff7d46335ba Semantic_Versioning.Basic.Restrictions.First_Index at alr-commands-build.adb:54
0x7ff7d46e5dea Semantic_Versioning.Basic.Restrictions.First_Index at clic-subcommand-instance.adb:749
0x7ff7d46f2b0e Semantic_Versioning.Basic.Restrictions.First_Index at alr-commands.adb:632
0x7ff7d45c16a0 Alr.Main at alr-main.adb:13
0x7ff7d45c5270 Main at b__alr-main.adb:2454
0x7ff7d45c133e __tmainCRTStartup at ???
0x7ff7d45c1144 mainCRTStartup at ???
[C:\Windows\System32\KERNEL32.DLL]
0x7ffcc63ce985
[C:\Windows\SYSTEM32\ntdll.dll]
0x7ffcc86ac53a

stderr: ALIRE.ROOTS.BUILD._WRAPPED_STATEMENTS.BUILD_FAILED
stderr: alire-roots.adb:202
stderr: raised ALIRE.ROOTS.BUILD._WRAPPED_STATEMENTS.BUILD_FAILED : alire-roots.adb:202
[D:\a\alire-crates-ci\alire-crates-ci\alire_install\bin\alr.exe]
0x7ff7d4ec313c Semantic_Versioning.Basic.Restrictions.First_Index at alire-roots.adb:202
0x7ff7d4ec11da Semantic_Versioning.Basic.Restrictions.First_Index at alire-roots.adb:255
0x7ff7d4ee912d Semantic_Versioning.Basic.Restrictions.First_Index at alire-roots.adb:2143
0x7ff7d4f582f9 Semantic_Versioning.Basic.Restrictions.First_Index at alire-solutions.adb:1472
0x7ff7d4f57424 Semantic_Versioning.Basic.Restrictions.First_Index at alire-solutions.adb:1555
0x7ff7d4ee922c Semantic_Versioning.Basic.Restrictions.First_Index at alire-roots.adb:2147
0x7ff7d4ee92fa Semantic_Versioning.Basic.Restrictions.First_Index at alire-roots.adb:2127
0x7ff7d4ec17a7 Semantic_Versioning.Basic.Restrictions.First_Index at alire-roots.adb:286
0x7ff7d4ec1912 Semantic_Versioning.Basic.Restrictions.First_Index at alire-roots.adb:114
0x7ff7d4633baa Semantic_Versioning.Basic.Restrictions.First_Index at alr-commands-build.adb:145
0x7ff7d463341e Semantic_Versioning.Basic.Restrictions.First_Index at alr-commands-build.adb:113
0x7ff7d46335ba Semantic_Versioning.Basic.Restrictions.First_Index at alr-commands-build.adb:54
0x7ff7d46e5dea Semantic_Versioning.Basic.Restrictions.First_Index at clic-subcommand-instance.adb:749
0x7ff7d46f2b0e Semantic_Versioning.Basic.Restrictions.First_Index at alr-commands.adb:632
0x7ff7d45c16a0 Alr.Main at alr-main.adb:13
0x7ff7d45c5270 Main at b__alr-main.adb:2454
0x7ff7d45c133e __tmainCRTStartup at ???
0x7ff7d45c1144 mainCRTStartup at ???
[C:\Windows\System32\KERNEL32.DLL]
0x7ffcc63ce985
[C:\Windows\SYSTEM32\ntdll.dll]
0x7ffcc86ac53a

ERROR: Compilation failed.
