Test ran at 2026-08-30 01:23:10.691571+00:00

SOLUTION:
simple_components=4.81.1: Simple Components - A collection of support packages
Origin: commit 65d78a1205a3b4f271697111093972a4a3072486 from https://github.com/Blady-Com/dak_simple_components.git
Properties:
   Author: Dmitry A. Kazakov
   Description: Simple Components - A collection of support packages
   GPR Scenario: Development := Debug | Release | Profile
   GPR Scenario: Driver := MySQL | PostgreSQL | SyBase | CT_Lib
   GPR Scenario: Legacy := Ada95 | Ada2005 | Ada2012
   GPR Scenario: Target_OS := Windows | Windows_NT | Linux | UNIX | OSX | FreeBSD | auto
   GPR Scenario: Tasking := Multiple | Single
   GPR Scenario: Traced_Objects := Off | On
   GPR External: Object_Dir := nested
   GPR External: Target_OS := auto
   GPR External: arch := auto
   GPR External: odbc := auto
   License: GPL-2.0-only WITH GCC-exception-2.0
   Maintainer: alejandro@mosteo.com
   Maintainer: blady.net@orange.fr
   Maintainers_Logins: mosteo
   Maintainers_Logins: Blady-Com
   Name: simple_components
   Project_File: components-ada.gpr
   Project_File: components-connections_server-elv_max_cube.gpr
   Project_File: components-connections_server-http_server-sqlite_browser.gpr
   Project_File: components-connections_server-http_server.gpr
   Project_File: components-connections_server-ldap.gpr
   Project_File: components-connections_server-modbus.gpr
   Project_File: components-connections_server-mqtt.gpr
   Project_File: components-connections_server-openssl.gpr
   Project_File: components-connections_server-secure.gpr
   Project_File: components-connections_server-smtp.gpr
   Project_File: components-connections_server.gpr
   Project_File: components-gnutls.gpr
   Project_File: components-json.gpr
   Project_File: components-julia.gpr
   Project_File: components-ntp.gpr
   Project_File: components-odbc.gpr
   Project_File: components-openssl.gpr
   Project_File: components-python.gpr
   Project_File: components-sqlite.gpr
   Project_File: components.gpr
   Project_File: strings_edit.gpr
   Project_File: tables.gpr
   Tag: collection
   Version: 4.81.1
   Website: http://www.dmitry-kazakov.de/ada/components.htm
Dependencies (direct):
   libgnutls^3.7
   unixodbc^2.3
Dependencies (missing):
   libgnutls^3.7 (direct,hinted)
   unixodbc^2.3 (direct,hinted)
Dependencies (graph):
   simple_components=4.81.1 --> libgnutls^3.7
   simple_components=4.81.1 --> unixodbc^2.3
Dependencies cannot be met


LOG:
