Test ran at 2025-07-18 12:26:57.342805+00:00

SOLUTION:
gnat_native=15.1.2: The GNAT Ada compiler - Native
Provides: gnat=15.1.2
Origin: (case OS is Linux => (case Host_Arch is Aarch64 => binary archive gnat-aarch64-linux-15.1.0-2.tar.gz at https://github.com/alire-project/GNAT-FSF-builds/releases/download/gnat-15.1.0-2/gnat-aarch64-linux-15.1.0-2.tar.gz, X86_64 => binary archive gnat-x86_64-linux-15.1.0-2.tar.gz at https://github.com/alire-project/GNAT-FSF-builds/releases/download/gnat-15.1.0-2/gnat-x86_64-linux-15.1.0-2.tar.gz), Macos => (case Host_Arch is Aarch64 => binary archive gnat-aarch64-darwin-15.1.0-2.tar.gz at https://github.com/alire-project/GNAT-FSF-builds/releases/download/gnat-15.1.0-2/gnat-aarch64-darwin-15.1.0-2.tar.gz, X86_64 => binary archive gnat-x86_64-darwin-15.1.0-2.tar.gz at https://github.com/alire-project/GNAT-FSF-builds/releases/download/gnat-15.1.0-2/gnat-x86_64-darwin-15.1.0-2.tar.gz), Windows => (case Host_Arch is X86_64 => binary archive gnat-x86_64-windows64-15.1.0-2.tar.gz at https://github.com/alire-project/GNAT-FSF-builds/releases/download/gnat-15.1.0-2/gnat-x86_64-windows64-15.1.0-2.tar.gz)) with hash sha256:f0e902c010158a79d04c06d3aee5b5999875d9b4c66c876009deffcaa3639df3
Properties:
   Auto_Gpr_With: auto-gpr-with=false
   Configuration: no modifiers
   Description: The GNAT Ada compiler - Native
   case OS is
      when Linux => (Environment: LD_LIBRARY_PATH=${CRATE_ROOT}/lib64:${LD_LIBRARY_PATH} and Environment: LD_RUN_PATH=${CRATE_ROOT}/lib64:${LD_RUN_PATH} and Environment: LIBRARY_PATH=${CRATE_ROOT}/lib64:${LIBRARY_PATH} and Environment: PATH=${CRATE_ROOT}/bin:${PATH})
      when Macos => (Environment: LD_LIBRARY_PATH=${CRATE_ROOT}/lib:${LD_LIBRARY_PATH} and Environment: LD_RUN_PATH=${CRATE_ROOT}/lib:${LD_RUN_PATH} and Environment: LIBRARY_PATH=${CRATE_ROOT}/lib:${LIBRARY_PATH} and Environment: PATH=${CRATE_ROOT}/bin:${PATH})
      when Windows => (case Host_Arch is X86_64 => (Environment: LD_LIBRARY_PATH=${CRATE_ROOT}/lib:${LD_LIBRARY_PATH} and Environment: LD_RUN_PATH=${CRATE_ROOT}/lib:${LD_RUN_PATH} and Environment: LIBRARY_PATH=${CRATE_ROOT}/lib:${LIBRARY_PATH} and Environment: PATH=${CRATE_ROOT}/bin:${PATH}))
   License: GPL-3.0-or-later AND GPL-3.0-or-later WITH GCC-exception-3.1
   Maintainer: Fabien Chouteau <chouteau@adacore.com>
   Maintainer: César Sagaert <sagaert@adacore.com>
   Maintainers_Logins: Fabien-Chouteau
   Maintainers_Logins: AldanTanneo
   Name: gnat_native
   Version: 15.1.2
   Website: https://github.com/alire-project/GNAT-FSF-builds


LOG:
[alr test] Testing gnat_native=15.1.2
[alr test] Spawning retrieval for remote crate: alr -d -n get gnat_native=15.1.2
Note: Deploying gnat_native=15.1.2...
#=#=#                                                                          

                                                                           0.0%
#                                                                          2.8%
#####                                                                      7.3%
#######                                                                   10.3%
###########                                                               15.3%
#############                                                             19.2%
#################                                                         24.7%
#####################                                                     30.0%
#######################                                                   33.1%
##########################                                                37.4%
#############################                                             41.1%
################################                                          45.6%
###################################                                       49.5%
#######################################                                   54.2%
#########################################                                 57.7%
#############################################                             63.2%
#################################################                         68.6%
####################################################                      72.7%
#######################################################                   76.9%
###########################################################               82.0%
#############################################################             86.0%
#################################################################         90.7%
#####################################################################     96.2%
######################################################################## 100.0%

gnat_native=15.1.2 successfully retrieved.
There are no dependencies.
[alr test] Test completed SUCCESSFULLY
