Test ran at 2025-05-16 01:02:39.678375+00:00

SOLUTION:
wordlist=0.1.3: An English word list
Origin: commit fad16afcc384075bd0fda36d98b95d78778e46c7 from https://github.com/mosteo/wordlist_ada.git
Properties:
   Author: Alejandro R. Mosteo
   Config type: Logging : Boolean default: 'false'
   Config type: Wordset : Enum (small, large, wordle) default: 'large'
   Configuration: no modifiers
   Description: An English word list
   License: MIT
   Maintainer: Alejandro R. Mosteo <alejandro@mosteo.com>
   Maintainers_Logins: mosteo
   Name: wordlist
   Tag: wordlist
   Tag: english
   Version: 0.1.3
Dependencies (direct):
   aaa~0.2.5
   ada_toml~0.3.0
   gnat>=11 & <2000
   resources~0.1.0
Dependencies (solution):
   aaa=0.2.6
   ada_toml=0.3.0
   gnat=14.2.1 (gnat_native)
   resources=0.1.0
Dependencies (graph):
   wordlist=0.1.3 --> aaa=0.2.6 (~0.2.5)
   wordlist=0.1.3 --> ada_toml=0.3.0 (~0.3.0)
   wordlist=0.1.3 --> gnat=14.2.1 (gnat_native) (>=11 & <2000)
   wordlist=0.1.3 --> resources=0.1.0 (~0.1.0)


LOG:
Spawning: alr -d -n get --build wordlist=0.1.3
Note: Deploying wordlist=0.1.3...
Note: Building wordlist=0.1.3/wordlist.gpr...
Setup
   [mkdir]        object directory for project Wordlist
   [mkdir]        library directory for project Wordlist
Compile
   [Ada]          wordlist_config.ads
   [Ada]          wordlist.adb
Build Libraries
   [gprlib]       Wordlist.lexch
   [archive]      libWordlist.a
   [index]        libWordlist.a

wordlist=0.1.3 successfully retrieved and built.
Dependencies were solved as follows:

   +  aaa       0.2.6  (new)
   +  ada_toml  0.3.0  (new)
   +b gnat      14.2.1 (new,gnat_native,binary)
   +  resources 0.1.0  (new)
Found declared GPR file: wordlist.gpr
