Test ran at 2026-07-10 01:22:08.888712+00:00

SOLUTION:
gnat_arm_elf=15.3.1: The GNAT Ada compiler - ARM cross-compiler
Provides: gnat=15.3.1
Origin: (case OS is Linux => (case Host_Arch is Aarch64 => binary archive gnat-arm-elf-linux64-aarch64-15.3.0-1.tar.gz at https://github.com/alire-project/GNAT-FSF-builds/releases/download/gnat-15.3.0-1/gnat-arm-elf-linux64-aarch64-15.3.0-1.tar.gz, X86_64 => binary archive gnat-arm-elf-linux64-x86_64-15.3.0-1.tar.gz at https://github.com/alire-project/GNAT-FSF-builds/releases/download/gnat-15.3.0-1/gnat-arm-elf-linux64-x86_64-15.3.0-1.tar.gz), Macos => (case Host_Arch is Aarch64 => binary archive gnat-arm-elf-darwin-aarch64-15.3.0-1.tar.gz at https://github.com/alire-project/GNAT-FSF-builds/releases/download/gnat-15.3.0-1/gnat-arm-elf-darwin-aarch64-15.3.0-1.tar.gz, X86_64 => binary archive gnat-arm-elf-darwin-x86_64-15.3.0-1.tar.gz at https://github.com/alire-project/GNAT-FSF-builds/releases/download/gnat-15.3.0-1/gnat-arm-elf-darwin-x86_64-15.3.0-1.tar.gz), Windows => (case Host_Arch is X86_64 => binary archive gnat-arm-elf-windows64-x86_64-15.3.0-1.tar.gz at https://github.com/alire-project/GNAT-FSF-builds/releases/download/gnat-15.3.0-1/gnat-arm-elf-windows64-x86_64-15.3.0-1.tar.gz)) with hash sha256:5b86c77f4f502dabcf8a4a24bdcf8cd12c3f5e249c74691f5cde3110028cb908
Properties:
   Auto_Gpr_With: auto-gpr-with=false
   Configuration: no modifiers
   Description: The GNAT Ada compiler - ARM cross-compiler
   Environment: PATH=${CRATE_ROOT}/bin:${PATH}
   License: GPL-3.0-or-later AND GPL-3.0-or-later WITH GCC-exception-3.1
   Maintainer: chouteau@adacore.com
   Maintainer: sagaert@adacore.com
   Maintainers_Logins: Fabien-Chouteau
   Maintainers_Logins: AldanTanneo
   Name: gnat_arm_elf
   Version: 15.3.1
   Website: https://github.com/alire-project/GNAT-FSF-builds


LOG:
[alr test] Testing gnat_arm_elf=15.3.1
[alr test] Spawning retrieval for remote crate: alr -d -n get gnat_arm_elf=15.3.1
Note: Deploying gnat_arm_elf=15.3.1...

#=#=#                                                                          
##                                                                         3.4%
#####                                                                      7.6%
########                                                                  12.5%
############                                                              17.3%
################                                                          22.5%
###################                                                       26.8%
#######################                                                   32.1%
#########################                                                 36.0%
############################                                              40.0%
###############################                                           44.0%
##################################                                        48.3%
#####################################                                     52.5%
######################################                                    53.9%
#########################################                                 58.3%
##############################################                            64.5%
###############################################                           66.6%
################################################                          67.8%
####################################################                      73.3%
########################################################                  78.0%
###########################################################               82.0%
############################################################              83.9%
###############################################################           88.4%
####################################################################      94.5%
######################################################################## 100.0%

gnat_arm_elf=15.3.1 successfully retrieved.
There are no dependencies.
[alr test] Test completed SUCCESSFULLY
