Test ran at 2025-09-28 01:24:57.565847+00:00

SOLUTION:
emacs_gpr_query=1.0.2: Emacs xref backend using information output by GNAT compiler.
Origin: commit 9619300ce22062e2677b0536e7b69dca182f316e from https://git.savannah.gnu.org/git/emacs/elpa.git
Properties:
   Author: Stephen Leake
   Description: Emacs xref backend using information output by GNAT compiler.
   Executable: gpr_query
   License: GPL-3.0-or-later
   Maintainer: Stephen Leake <stephen_leake@stephe-leake.org>
   Maintainers_Logins: stephe-ada-guru
   Name: emacs_gpr_query
   Project_File: emacs_gpr_query.gpr
   Tag: emacs
   Tag: xref
   Version: 1.0.2
   Website: https://elpa.gnu.org/packages/gpr-query.html
Dependencies (direct):
   gnat(>=11 & <2000) | >=2021
   gnatcoll^22.0.0
   gnatcoll_sqlite^22.0.0
   gnatcoll_xref^22.0.0
Dependencies (solution):
   gnat=15.1.2 (gnat_native)
   gnatcoll=22.0.0
   gnatcoll_iconv=22.0.0
   gnatcoll_sql=22.0.0
   gnatcoll_sqlite=22.0.0
   gnatcoll_xref=22.0.0
   libgpr=22.0.0
   libiconv=1.18.0
   xmlada=22.0.0
Dependencies (graph):
   emacs_gpr_query=1.0.2  --> gnat=15.1.2 (gnat_native) ((>=11 & <2000) | >=2021)
   emacs_gpr_query=1.0.2  --> gnatcoll=22.0.0 (^22.0.0)
   emacs_gpr_query=1.0.2  --> gnatcoll_sqlite=22.0.0 (^22.0.0)
   emacs_gpr_query=1.0.2  --> gnatcoll_xref=22.0.0 (^22.0.0)
   gnatcoll=22.0.0        --> libgpr=22.0.0 (~22.0.0)
   gnatcoll_iconv=22.0.0  --> gnatcoll=22.0.0 (~22.0.0)
   gnatcoll_iconv=22.0.0  --> libiconv=1.18.0 (*)
   gnatcoll_sql=22.0.0    --> gnatcoll=22.0.0 (~22.0.0)
   gnatcoll_sqlite=22.0.0 --> gnatcoll=22.0.0 (~22.0.0)
   gnatcoll_sqlite=22.0.0 --> gnatcoll_sql=22.0.0 (~22.0.0)
   gnatcoll_xref=22.0.0   --> gnatcoll=22.0.0 (~22.0.0)
   gnatcoll_xref=22.0.0   --> gnatcoll_iconv=22.0.0 (~22.0.0)
   gnatcoll_xref=22.0.0   --> gnatcoll_sql=22.0.0 (~22.0.0)
   gnatcoll_xref=22.0.0   --> gnatcoll_sqlite=22.0.0 (~22.0.0)
   libgpr=22.0.0          --> gnat=15.1.2 (gnat_native) (/=2020)
   libgpr=22.0.0          --> xmlada=22.0.0 (~22.0.0)
   xmlada=22.0.0          --> gnat=15.1.2 (gnat_native) (>=11)


LOG:
[alr test] Testing emacs_gpr_query=1.0.2
[alr test] Spawning retrieval for remote crate: alr -d -n get emacs_gpr_query=1.0.2
Note: Deploying emacs_gpr_query=1.0.2...
error: RPC failed; curl 56 schannel: server closed abruptly (missing close_notify)
fetch-pack: unexpected disconnect while reading sideband packet
fatal: early EOF
fatal: fetch-pack: invalid index-pack output
stderr: Command ["git", "clone", "--recursive", "-q", "https://git.savannah.gnu.org/git/emacs/elpa.git", "D:\a\alire-crates-ci\alire-crates-ci\test\13d3ca59-dc8e-4e0e-a733-d9521d6a0d90\alr-hpwz.tmp"] exited with code 128
stderr: Generating Outcome_Failure with message: Command ["git", "clone", "--recursive", "-q", "https://git.savannah.gnu.org/git/emacs/elpa.git", "D:\a\alire-crates-ci\alire-crates-ci\test\13d3ca59-dc8e-4e0e-a733-d9521d6a0d90\alr-hpwz.tmp"] exited with code 128
stderr: Generating Outcome_Failure with call stack:
stderr: raised AAA.DEBUG.STACK_TRACE.DEBUG_EXCEPTION : aaa-debug.adb:44
[D:\a\alire-crates-ci\alire-crates-ci\alire_install\bin\alr.exe]
0x7ff76b9d2307 Semantic_Versioning.Basic.Restrictions.First_Index at aaa-debug.adb:44
0x7ff76b78c118 Semantic_Versioning.Basic.Restrictions.First_Index at alire.adb:226
0x7ff76b78c994 Semantic_Versioning.Basic.Restrictions.First_Index at alire.adb:223
0x7ff76b0af374 Semantic_Versioning.Basic.Restrictions.First_Index at alire-errors.adb:106
0x7ff76b0af441 Semantic_Versioning.Basic.Restrictions.First_Index at alire-errors.adb:104
0x7ff76b757ebd Semantic_Versioning.Basic.Restrictions.First_Index at alire-vcss-git.adb:253
0x7ff76b756790 Semantic_Versioning.Basic.Restrictions.First_Index at alire-vcss-git.adb:200
0x7ff76b2a02ec Semantic_Versioning.Basic.Restrictions.First_Index at alire-origins-deployers-git.adb:16
0x7ff76b2cdbc3 Semantic_Versioning.Basic.Restrictions.First_Index at alire-origins-deployers.adb:123
0x7ff76b2cf275 Semantic_Versioning.Basic.Restrictions.First_Index at alire-origins-deployers.adb:170
0x7ff76b53095e Semantic_Versioning.Basic.Restrictions.First_Index at alire-releases.adb:341
0x7ff76b56c4ab Semantic_Versioning.Basic.Restrictions.First_Index at alire-roots.adb:723
0x7ff76b56cafa Semantic_Versioning.Basic.Restrictions.First_Index at alire-roots.adb:714
0x7ff76ace5fe3 Semantic_Versioning.Basic.Restrictions.First_Index at alr-commands-get.adb:134
0x7ff76acea1c2 Semantic_Versioning.Basic.Restrictions.First_Index at alr-commands-get.adb:380
0x7ff76acea37e Semantic_Versioning.Basic.Restrictions.First_Index at alr-commands-get.adb:256
0x7ff76ad85dea Semantic_Versioning.Basic.Restrictions.First_Index at clic-subcommand-instance.adb:749
0x7ff76ad92b0e Semantic_Versioning.Basic.Restrictions.First_Index at alr-commands.adb:632
0x7ff76ac616a0 Alr.Main at alr-main.adb:13
0x7ff76ac65270 Main at b__alr-main.adb:2454
0x7ff76ac6133e __tmainCRTStartup at ???
0x7ff76ac61144 mainCRTStartup at ???
[C:\Windows\System32\KERNEL32.DLL]
0x7ff83312e8d5
[C:\Windows\SYSTEM32\ntdll.dll]
0x7ff834348d9a

stderr: ALIRE.CHECKED_ERROR
stderr: Command ["git", "clone", "--recursive", "-q", "https://git.savannah.gnu.org/git/emacs/elpa.git", "D:\a\alire-crates-ci\alire-crates-ci\test\13d3ca59-dc8e-4e0e-a733-d9521d6a0d90\alr-hpwz.tmp"] exited with code 128
stderr: raised ALIRE.CHECKED_ERROR : alire-stored-error:2
[D:\a\alire-crates-ci\alire-crates-ci\alire_install\bin\alr.exe]
0x7ff76b78a8da Semantic_Versioning.Basic.Restrictions.First_Index at alire.adb:158
0x7ff76b2a0314 Semantic_Versioning.Basic.Restrictions.First_Index at alire-origins-deployers-git.adb:16
0x7ff76b2cdbc3 Semantic_Versioning.Basic.Restrictions.First_Index at alire-origins-deployers.adb:123
0x7ff76b2cf275 Semantic_Versioning.Basic.Restrictions.First_Index at alire-origins-deployers.adb:170
0x7ff76b53095e Semantic_Versioning.Basic.Restrictions.First_Index at alire-releases.adb:341
0x7ff76b56c4ab Semantic_Versioning.Basic.Restrictions.First_Index at alire-roots.adb:723
0x7ff76b56cafa Semantic_Versioning.Basic.Restrictions.First_Index at alire-roots.adb:714
0x7ff76ace5fe3 Semantic_Versioning.Basic.Restrictions.First_Index at alr-commands-get.adb:134
0x7ff76acea1c2 Semantic_Versioning.Basic.Restrictions.First_Index at alr-commands-get.adb:380
0x7ff76acea37e Semantic_Versioning.Basic.Restrictions.First_Index at alr-commands-get.adb:256
0x7ff76ad85dea Semantic_Versioning.Basic.Restrictions.First_Index at clic-subcommand-instance.adb:749
0x7ff76ad92b0e Semantic_Versioning.Basic.Restrictions.First_Index at alr-commands.adb:632
0x7ff76ac616a0 Alr.Main at alr-main.adb:13
0x7ff76ac65270 Main at b__alr-main.adb:2454
0x7ff76ac6133e __tmainCRTStartup at ???
0x7ff76ac61144 mainCRTStartup at ???
[C:\Windows\System32\KERNEL32.DLL]
0x7ff83312e8d5
[C:\Windows\SYSTEM32\ntdll.dll]
0x7ff834348d9a

stderr: Generating Outcome_Failure with message: Deployment of commit 9619300ce22062e2677b0536e7b69dca182f316e from https://git.savannah.gnu.org/git/emacs/elpa.git to D:\a\alire-crates-ci\alire-crates-ci\test\13d3ca59-dc8e-4e0e-a733-d9521d6a0d90\emacs_gpr_query_1.0.2_9619300c failed
stderr: Generating Outcome_Failure with call stack:
stderr: raised AAA.DEBUG.STACK_TRACE.DEBUG_EXCEPTION : aaa-debug.adb:44
[D:\a\alire-crates-ci\alire-crates-ci\alire_install\bin\alr.exe]
0x7ff76b9d2307 Semantic_Versioning.Basic.Restrictions.First_Index at aaa-debug.adb:44
0x7ff76b78c118 Semantic_Versioning.Basic.Restrictions.First_Index at alire.adb:226
0x7ff76b78c994 Semantic_Versioning.Basic.Restrictions.First_Index at alire.adb:223
0x7ff76b2ce93a Semantic_Versioning.Basic.Restrictions.First_Index at alire-origins-deployers.adb:155
0x7ff76b2cf275 Semantic_Versioning.Basic.Restrictions.First_Index at alire-origins-deployers.adb:170
0x7ff76b53095e Semantic_Versioning.Basic.Restrictions.First_Index at alire-releases.adb:341
0x7ff76b56c4ab Semantic_Versioning.Basic.Restrictions.First_Index at alire-roots.adb:723
0x7ff76b56cafa Semantic_Versioning.Basic.Restrictions.First_Index at alire-roots.adb:714
0x7ff76ace5fe3 Semantic_Versioning.Basic.Restrictions.First_Index at alr-commands-get.adb:134
0x7ff76acea1c2 Semantic_Versioning.Basic.Restrictions.First_Index at alr-commands-get.adb:380
0x7ff76acea37e Semantic_Versioning.Basic.Restrictions.First_Index at alr-commands-get.adb:256
0x7ff76ad85dea Semantic_Versioning.Basic.Restrictions.First_Index at clic-subcommand-instance.adb:749
0x7ff76ad92b0e Semantic_Versioning.Basic.Restrictions.First_Index at alr-commands.adb:632
0x7ff76ac616a0 Alr.Main at alr-main.adb:13
0x7ff76ac65270 Main at b__alr-main.adb:2454
0x7ff76ac6133e __tmainCRTStartup at ???
0x7ff76ac61144 mainCRTStartup at ???
[C:\Windows\System32\KERNEL32.DLL]
0x7ff83312e8d5
[C:\Windows\SYSTEM32\ntdll.dll]
0x7ff834348d9a

stderr: ALIRE.CHECKED_ERROR
stderr: Deployment of commit 9619300ce22062e2677b0536e7b69dca182f316e from https://git.savannah.gnu.org/git/emacs/elpa.git to D:\a\alire-crates-ci\alire-crates-ci\test\13d3ca59-dc8e-4e0e-a733-d9521d6a0d90\emacs_gpr_query_1.0.2_9619300c failed
stderr: raised ALIRE.CHECKED_ERROR : alire-stored-error:3
[D:\a\alire-crates-ci\alire-crates-ci\alire_install\bin\alr.exe]
0x7ff76b78a8da Semantic_Versioning.Basic.Restrictions.First_Index at alire.adb:158
0x7ff76b530986 Semantic_Versioning.Basic.Restrictions.First_Index at alire-releases.adb:341
0x7ff76b56c4ab Semantic_Versioning.Basic.Restrictions.First_Index at alire-roots.adb:723
0x7ff76b56cafa Semantic_Versioning.Basic.Restrictions.First_Index at alire-roots.adb:714
0x7ff76ace5fe3 Semantic_Versioning.Basic.Restrictions.First_Index at alr-commands-get.adb:134
0x7ff76acea1c2 Semantic_Versioning.Basic.Restrictions.First_Index at alr-commands-get.adb:380
0x7ff76acea37e Semantic_Versioning.Basic.Restrictions.First_Index at alr-commands-get.adb:256
0x7ff76ad85dea Semantic_Versioning.Basic.Restrictions.First_Index at clic-subcommand-instance.adb:749
0x7ff76ad92b0e Semantic_Versioning.Basic.Restrictions.First_Index at alr-commands.adb:632
0x7ff76ac616a0 Alr.Main at alr-main.adb:13
0x7ff76ac65270 Main at b__alr-main.adb:2454
0x7ff76ac6133e __tmainCRTStartup at ???
0x7ff76ac61144 mainCRTStartup at ???
[C:\Windows\System32\KERNEL32.DLL]
0x7ff83312e8d5
[C:\Windows\SYSTEM32\ntdll.dll]
0x7ff834348d9a

ERROR: Deployment of commit 9619300ce22062e2677b0536e7b69dca182f316e from https://git.savannah.gnu.org/git/emacs/elpa.git to D:\a\alire-crates-ci\alire-crates-ci\test\13d3ca59-dc8e-4e0e-a733-d9521d6a0d90\emacs_gpr_query_1.0.2_9619300c failed
****** UNEXPECTED EXCEPTION FOLLOWS:
raised ADA.IO_EXCEPTIONS.NAME_ERROR : directory "emacs_gpr_query_1.0.2_9619300c" does not exist
[D:\a\alire-crates-ci\alire-crates-ci\alire_install\bin\alr.exe]
0x7ff76b90858f Semantic_Versioning.Basic.Restrictions.First_Index at a-direct.adb:1103
0x7ff76b05ca61 Semantic_Versioning.Basic.Restrictions.First_Index at alire-directories.adb:443
0x7ff76b053b52 semantic_versioning__basic__restrictions__first_index at ???
0x7ff76ada6781 Semantic_Versioning.Basic.Restrictions.First_Index at alr-commands-test.adb:243
0x7ff76ada5c49 Semantic_Versioning.Basic.Restrictions.First_Index at alr-commands-test.adb:273
0x7ff76ada526b Semantic_Versioning.Basic.Restrictions.First_Index at alr-commands-test.adb:355
0x7ff76ada2e4d Semantic_Versioning.Basic.Restrictions.First_Index at alr-commands-test.adb:389
0x7ff76ada154b Semantic_Versioning.Basic.Restrictions.First_Index at alr-commands-test.adb:498
0x7ff76adaa79d Semantic_Versioning.Basic.Restrictions.First_Index at alr-commands-test.adb:691
0x7ff76adaa9bc Semantic_Versioning.Basic.Restrictions.First_Index at alr-commands-test.adb:533
0x7ff76ad85dea Semantic_Versioning.Basic.Restrictions.First_Index at clic-subcommand-instance.adb:749
0x7ff76ad92b0e Semantic_Versioning.Basic.Restrictions.First_Index at alr-commands.adb:632
0x7ff76ac616a0 Alr.Main at alr-main.adb:13
0x7ff76ac65270 Main at b__alr-main.adb:2454
0x7ff76ac6133e __tmainCRTStartup at ???
0x7ff76ac61144 mainCRTStartup at ???
[C:\Windows\System32\KERNEL32.DLL]
0x7ff83312e8d5
[C:\Windows\SYSTEM32\ntdll.dll]
0x7ff834348d9a

****** TRACE END
