Test ran at 2026-09-30 13:08:36.931692+00:00

SOLUTION:
bme280=1.0.0: Driver for BME280 Humidity sensor
Origin: commit 85a38919aa896c4c2a66825a135c87149224044c from https://github.com/reznikmm/bme280.git
Properties:
   Author: Max Reznik
   Build Switches: 
   Configuration: no modifiers
   Description: Driver for BME280 Humidity sensor
   License: Apache-2.0 WITH LLVM-exception
   Maintainer: Max Reznik <reznikmm@gmail.com>
   Maintainers_Logins: reznikmm
   Name: bme280
   Project_File: gnat/bme280.gpr
   Tag: sensor
   Tag: humidity
   Tag: temperature
   Tag: pressure
   Tag: driver
   Version: 1.0.0
   Website: https://github.com/reznikmm/bme280
Dependencies (direct):
   gnat>=11 & <2000
   hal~0.3.0
Dependencies (solution):
   gnat=15.3.1 (gnat_native)
   hal=0.3.1
Dependencies (graph):
   bme280=1.0.0 --> gnat=15.3.1 (gnat_native) (>=11 & <2000)
   bme280=1.0.0 --> hal=0.3.1 (~0.3.0)


LOG:
[alr test] Testing bme280=1.0.0
[alr test] Spawning retrieval for remote crate: alr -d -n get bme280=1.0.0
Note: Deploying bme280=1.0.0...
Note: Deploying hal=0.3.1...

bme280=1.0.0 successfully retrieved.
Dependencies were solved as follows:

   +b gnat 15.3.1 (new,gnat_native,binary)
   +  hal  0.3.1  (new)
[alr test] Spawning default test for remote crate: alr -d -n build --release -- -cargs:Ada -gnatwn
Note: Building bme280=1.0.0/gnat/bme280.gpr...
"C:\Users\runneradmin\AppData\Local\alire\cache\builds\hal_0.3.1_58bb6bd7\80c667a14c0bbb0e2f7f185d159ae83222559bacb1087172cc6e81c0134d5570\obj" created
"C:\Users\runneradmin\AppData\Local\alire\cache\builds\hal_0.3.1_58bb6bd7\80c667a14c0bbb0e2f7f185d159ae83222559bacb1087172cc6e81c0134d5570\lib" created
"..\.obj\release" created
"..\.lib" created
[Ada Compile]     hal-audio.ads
[Ada Compile]     hal-bitmap.ads
[Ada Compile]     hal-block_drivers.ads
[Ada Compile]     hal-dsi.ads
[Ada Compile]     hal-filesystem.ads
[Ada Compile]     hal-flash.ads
[Ada Compile]     hal-framebuffer.ads
[Ada Compile]     hal-gpio.ads
[Ada Compile]     hal-i2c.ads
[Ada Compile]     hal-real_time_clock.ads
[Ada Compile]     hal-sdmmc.adb
[Ada Compile]     hal-spi.ads
[Ada Compile]     hal-time.ads
[Ada Compile]     hal-touch_panel.ads
[Ada Compile]     hal-uart.ads
[Ada Compile]     hal.ads
[Ada Compile]     bme280-generic_sensor.adb
[Ada Compile]     bme280-i2c.adb
[Ada Compile]     bme280-i2c_sensors.adb
[Archive]         libhal.a
[Ada Compile]     bme280-internal.adb
[Ada Compile]     bme280-sensors.ads
[Ada Compile]     bme280-spi.adb
[Ada Compile]     bme280-spi_sensors.adb
[Ada Compile]     bme280.adb
[Archive]         libBme280.a
Success: Build finished successfully in 2.35 seconds.
Found declared GPR file: gnat/bme280.gpr
[alr test] Test completed SUCCESSFULLY
