Test ran at 2025-09-23 01:14:56.022103+00:00

SOLUTION:
rxada=0.1.1: Experimental implementation of ReactiveX in Ada
Origin: commit dd9da799f34674bf8f890392e3b96fedc0cc9cda from https://github.com/mosteo/rxada.git
Properties:
   Author: Alejandro R. Mosteo
   Configuration: no modifiers
   Description: Experimental implementation of ReactiveX in Ada
   License: LGPL-3.0-only
   Maintainer: Alejandro R. Mosteo <alejandro@mosteo.com>
   Maintainers_Logins: mosteo
   Name: rxada
   Tag: rx
   Tag: reactive
   Tag: reactivex
   Tag: observer
   Version: 0.1.1
   Website: https://github.com/mosteo/rxada


LOG:
[alr test] Testing rxada=0.1.1
[alr test] Spawning retrieval for remote crate: alr -d -n get rxada=0.1.1
Note: Deploying rxada=0.1.1...

rxada=0.1.1 successfully retrieved.
There are no dependencies.
[alr test] Spawning default test for remote crate: alr -d -n build --release -- -cargs:Ada -gnatwn
Note: Alire has selected automatically this toolchain:
   gprbuild=25.0.1
   gnat_native=15.2.1
You can select a different toolchain at any time with `alr toolchain --select`
Download will start now:
Note: Deploying gprbuild=25.0.1...
#=#=#                                                                          

#########                                                                 13.5%
##########################                                                36.8%
####################################                                      51.1%
############################################                              62.5%
########################################################                  79.1%
#################################################################         91.1%
##################################################################        92.7%
####################################################################      94.9%
#####################################################################     96.4%
######################################################################    98.5%
######################################################################## 100.0%
Note: gprbuild=25.0.1 installed successfully.
Note: Deploying gnat_native=15.2.1...
#=#=#                                                                          

###                                                                        4.7%
####                                                                       6.6%
#####                                                                      7.9%
#########                                                                 13.1%
##############                                                            20.2%
###################                                                       26.6%
######################                                                    31.7%
#########################                                                 35.7%
#############################                                             41.2%
################################                                          45.5%
#####################################                                     52.2%
#######################################                                   55.2%
#########################################                                 58.3%
#############################################                             63.1%
################################################                          66.8%
##################################################                        70.4%
#####################################################                     73.7%
#####################################################                     74.1%
#########################################################                 79.6%
###########################################################               82.0%
##############################################################            86.3%
#################################################################         90.6%
###################################################################       93.5%
####################################################################      95.1%
######################################################################    98.2%
######################################################################## 100.0%
Note: gnat_native=15.2.1 installed successfully.
Note: Building rxada=0.1.1/rxada.gpr...
Compile
   [Ada]          rx-impl-transformers.adb
   [Ada]          rx-op-buffer.adb
   [Ada]          rx-op-print.adb
   [Ada]          rx-subscribe.adb
   [Ada]          rx-errors.adb
   [Ada]          rx-src-defer.adb
   [Ada]          rx-op-subscribe_on.adb
   [Ada]          rx-op-repeat.adb
   [Ada]          rx-subscriptions.adb
   [Ada]          rx-actions.adb
   [Ada]          rx-tools-semaphores.adb
   [Ada]          rx-impl-links.adb
   [Ada]          rx-impl-definite_observers.adb
   [Ada]          rx-debug.adb
   [Ada]          rx-op-hold.adb
   [Ada]          rx-schedulers-pools.adb
   [Ada]          rx-op-distinct.adb
   [Ada]          rx-op-take.adb
   [Ada]          rx-src-interval.adb
   [Ada]          rx-src-empty.adb
   [Ada]          rx-op-merge.adb
   [Ada]          rx-traits-arrays.adb
   [Ada]          rx-op-filter.adb
   [Ada]          rx-op-count.adb
   [Ada]          rx-op-serialize.adb
   [Ada]          rx-actions-typed.adb
   [Ada]          rx-src-timer.adb
   [Ada]          rx-dispatchers-immediate.adb
   [Ada]          rx-op-debounce.adb
   [Ada]          rx-src-ranges.adb
   [Ada]          rx-op-element_at.adb
   [Ada]          rx-op-no_op.adb
   [Ada]          rx-src-just.adb
   [Ada]          rx-op-split.adb
   [Ada]          rx-dispatchers-pools.adb
   [Ada]          rx-debug-observers.adb
   [Ada]          rx-op-do_on.adb
   [Ada]          rx-op-sample.adb
rx-debug-observers.adb:36:10: warning: unreachable code [enabled by default]
   [Ada]          rx-src-start.adb
   [Ada]          rx-dispatchers-single.adb
   [Ada]          rx-observables.adb
   [Ada]          rx-op-length.adb
   [Ada]          rx-dispatchers.adb
   [Ada]          rx-impl-definite_observables.adb
   [Ada]          rx-op-stopwatch.adb
   [Ada]          rx-src-from.adb
   [Ada]          rx-op-map.adb
   [Ada]          rx-operators.adb
   [Ada]          rx-defaults.adb
   [Ada]          rx-op-limit.adb
   [Ada]          rx-op-observe_on.adb
   [Ada]          rx-observables-image.adb
   [Ada]          rx-tools-lazies.adb
   [Ada]          rx-tools-holders.adb
   [Ada]          rx-tools-shared_data.adb
   [Ada]          rx-contracts.adb
   [Ada]          rx-op-last.adb
   [Ada]          rx-op-flatmap.adb
   [Ada]          rx-debug-heavy.adb
   [Ada]          rx-src-create.adb
   [Ada]          rx-impl-shared_observer.adb
   [Ada]          rx-op-funnel.adb
   [Ada]          rx-op-scan.adb
   [Ada]          rx-tests.adb
   [Ada]          rx-impl-casts.ads
   [Ada]          rx-tools.ads
   [Ada]          rx-op.ads
   [Ada]          rx-impl.ads
   [Ada]          rx-dispatchers-single-lazy.ads
   [Ada]          rx-impl-holders.ads
   [Ada]          rx-traits-iterable.ads
   [Ada]          rx-impl-preservers.ads
   [Ada]          rx-impl-std.ads
   [Ada]          rx-traits-definite_defaults.ads
   [Ada]          rx-impl-typed.ads
   [Ada]          rx-traits.ads
   [Ada]          rx-src.ads
   [Ada]          rx-traits-indefinite_defaults.ads
   [Ada]          rx-impl-events.ads
   [Ada]          rx-std.ads
   [Ada]          rx-valueless.ads
   [Ada]          rx-actions-transform.ads
   [Ada]          rx-types.ads
   [Ada]          rx-definites.ads
   [Ada]          rx-collections.ads
   [Ada]          rx-subscribers.ads
   [Ada]          rx-numeric_observables.ads
   [Ada]          rx-factories.ads
   [Ada]          rx-subjects.ads
   [Ada]          rx-traits-types.ads
   [Ada]          rx-schedulers.ads
   [Ada]          rx.ads
   [Ada]          rx-numeric_operators.ads
   [Ada]          rx-indefinites.ads
   [Ada]          rx-conversions.ads
rx-impl-std.ads:13:04: warning: in instantiation at a-cidlli.adb:531 [enabled by default]
rx-impl-std.ads:13:04: warning: in instantiation at rx-collections.ads:25 [enabled by default]
rx-impl-std.ads:13:04: warning: in instantiation at rx-observables.ads:62 [enabled by default]
rx-impl-std.ads:13:04: warning: in instantiation at rx-types.ads:16 [enabled by default]
rx-impl-std.ads:13:04: warning: in instantiation at rx-definites.ads:11 [enabled by default]
rx-impl-std.ads:13:04: warning: variable "Node" is not modified in loop body [enabled by default]
rx-impl-std.ads:13:04: warning: possible infinite loop [enabled by default]
rx-impl-std.ads:13:04: warning: in instantiation at a-cidlli.adb:1579 [enabled by default]
rx-impl-std.ads:13:04: warning: in instantiation at rx-collections.ads:25 [enabled by default]
rx-impl-std.ads:13:04: warning: in instantiation at rx-observables.ads:62 [enabled by default]
rx-impl-std.ads:13:04: warning: in instantiation at rx-types.ads:16 [enabled by default]
rx-impl-std.ads:13:04: warning: in instantiation at rx-definites.ads:11 [enabled by default]
rx-impl-std.ads:13:04: warning: variable "Node" is not modified in loop body [enabled by default]
rx-impl-std.ads:13:04: warning: possible infinite loop [enabled by default]
rx-impl-std.ads:13:04: warning: in instantiation at a-cidlli.adb:531 [enabled by default]
rx-impl-std.ads:13:04: warning: in instantiation at rx-op-repeat.adb:7 [enabled by default]
rx-impl-std.ads:13:04: warning: in instantiation at rx-observables.ads:708 [enabled by default]
rx-impl-std.ads:13:04: warning: in instantiation at rx-types.ads:16 [enabled by default]
rx-impl-std.ads:13:04: warning: in instantiation at rx-definites.ads:11 [enabled by default]
rx-impl-std.ads:13:04: warning: variable "Node" is not modified in loop body [enabled by default]
rx-impl-std.ads:13:04: warning: possible infinite loop [enabled by default]
rx-impl-std.ads:13:04: warning: in instantiation at a-cidlli.adb:1579 [enabled by default]
rx-impl-std.ads:13:04: warning: in instantiation at rx-op-repeat.adb:7 [enabled by default]
rx-impl-std.ads:13:04: warning: in instantiation at rx-observables.ads:708 [enabled by default]
rx-impl-std.ads:13:04: warning: in instantiation at rx-types.ads:16 [enabled by default]
rx-impl-std.ads:13:04: warning: in instantiation at rx-definites.ads:11 [enabled by default]
rx-impl-std.ads:13:04: warning: variable "Node" is not modified in loop body [enabled by default]
rx-impl-std.ads:13:04: warning: possible infinite loop [enabled by default]
Success: Build finished successfully in 113.23 seconds.
Found declared GPR file: rxada.gpr
[alr test] Test completed SUCCESSFULLY
