Test ran at 2026-06-25 13:24:55.201390+00:00

SOLUTION:
adacl_sar=7.1.2: AdaCL: Search and Replace with Wide/Wide-Wide Support
Origin: source archive adacl_sar-7.1.2.tgz at https://sourceforge.net/projects/adacl/files/Alire/adacl_sar-7.1.2.tgz with hashes sha256:dff0c40c7c1685dc75bd20a80f21c4d07448d29d3a00f8fc219a828a1a45b122, sha512:df7f487cca52ba81f34c414be35a8c3bd7c0b007b245ecfa2c85c1108fc41c33e2e05b341334cc8bc5c779bcbbc6c47602824a9e061aad1dc5d541cefbcca7a6
Properties:
   Author: Martin Krischik <krischik@users.sourceforge.net>
   Build Switches: 
   Description: AdaCL: Search and Replace with Wide/Wide-Wide Support
   License: GPL-3.0-or-later
   Long_Description: Powerful search-and-replace library for Ada 2022, developed by Martin Krischik, with wide and wide-wide character support.

Features:
- Load, transform, and store text
- Vector-based text transformations for efficient processing
- Supports standard, wide, and wide-wide characters for internationalisation
- Embedded transformations for internal text processing
- Extensible transformations via tagged types for complex operations
- Integrates with the Ada Class Library (AdaCL) for robust text handling

Licensed under GPL-3.0-or-later. Integrates with the Ada Class Library (AdaCL).

Source: [SourceForge](https://sourceforge.net/p/adacl/git/ci/master/tree/adacl_sar/src/)
Documentation: [GNATdoc](https://adacl.sourceforge.net/gnatdoc/adacl_sar/index.html)

   Maintainer: Martin Krischik <krischik@users.sourceforge.net>
   Maintainers_Logins: krischik
   Name: adacl_sar
   Tag: library
   Tag: strings
   Tag: search
   Tag: replace
   Tag: ada2022
   Version: 7.1.2
   Website: https://sourceforge.net/projects/adacl/
Dependencies (direct):
   adacl^7.1
Dependencies (solution):
   adacl=7.1.2
Dependencies (graph):
   adacl_sar=7.1.2 --> adacl=7.1.2 (^7.1)


LOG:
[alr test] Testing adacl_sar=7.1.2
[alr test] Spawning retrieval for remote crate: alr -d -n get adacl_sar=7.1.2
Note: Deploying adacl_sar=7.1.2...

######################################################################## 100.0%
######################################################################## 100.0%
######################################################################## 100.0%
######################################################################## 100.0%
#=#=#                                                                          
##=#=#                                                                         
##=O#- #                                                                       
#################                                                         23.6%
######################################################################## 100.0%
Note: Deploying adacl=7.1.2...

######################################################################## 100.0%
######################################################################## 100.0%
######################################################################## 100.0%
######################################################################## 100.0%
####################################                                      50.5%
######################################################################## 100.0%

adacl_sar=7.1.2 successfully retrieved.
Dependencies were solved as follows:

   + adacl 7.1.2 (new)
[alr test] Spawning default test for remote crate: alr -d -n build --release -- -cargs:Ada -gnatwn
Note: Building adacl_sar=7.1.2/adacl_sar.gpr...
Setup
   [mkdir]        object directory for project AdaCL
   [mkdir]        library directory for project AdaCL
   [mkdir]        object directory for project AdaCL_SAR
   [mkdir]        library directory for project AdaCL_SAR
Compile
   [Ada]          adacl_config.ads
   [Ada]          adacl-os-to_wide_wide_string.adb
   [Ada]          adacl-os-to_utf_string.adb
   [Ada]          adacl-os-low_level.ads
gnat1: invalid switch: -gnat2022
gnat1: invalid switch: -gnat2022
gnat1: invalid switch: -gnat2022
gnat1: invalid switch: -gnat2022

   compilation of adacl-os-low_level.ads failed
   compilation of adacl-os-to_utf_string.adb failed
   compilation of adacl-os-to_wide_wide_string.adb failed
   compilation of adacl_config.ads failed

gprbuild: *** compilation phase failed
stderr: Command ["gprbuild", "-s", "-j0", "-p", "-P", "D:\a\alire-crates-ci\alire-crates-ci\test\1164ca56-956f-4e04-b778-4fcd0f3f884c\adacl_sar_7.1.2_dff0c40c\adacl_sar.gpr", "-cargs:Ada", "-gnatwn"] exited with code 4
ERROR: Command ["gprbuild", "-s", "-j0", "-p", "-P", "D:\a\alire-crates-ci\alire-crates-ci\test\1164ca56-956f-4e04-b778-4fcd0f3f884c\adacl_sar_7.1.2_dff0c40c\adacl_sar.gpr", "-cargs:Ada", "-gnatwn"] exited with code 4
stderr: ALIRE.CHECKED_ERROR
stderr: Command ["gprbuild", "-s", "-j0", "-p", "-P", "D:\a\alire-crates-ci\alire-crates-ci\test\1164ca56-956f-4e04-b778-4fcd0f3f884c\adacl_sar_7.1.2_dff0c40c\adacl_sar.gpr", "-cargs:Ada", "-gnatwn"] exited with code 4
stderr: raised ALIRE.CHECKED_ERROR : alire-stored-error:1
[D:\a\alire-crates-ci\alire-crates-ci\alire_install\bin\alr.exe]
0x7ff7acebda2a Semantic_Versioning.Basic.Restrictions.First_Index at alire.adb:284
0x7ff7acab595b Semantic_Versioning.Basic.Restrictions.First_Index at alire-os_lib-subprocess.adb:111
0x7ff7acd6cba1 Semantic_Versioning.Basic.Restrictions.First_Index at alire-spawn.adb:22
0x7ff7acd6dd5d Semantic_Versioning.Basic.Restrictions.First_Index at alire-spawn.adb:68
0x7ff7acc92d64 Semantic_Versioning.Basic.Restrictions.First_Index at alire-roots.adb:189
0x7ff7acc911da Semantic_Versioning.Basic.Restrictions.First_Index at alire-roots.adb:255
0x7ff7accb912d Semantic_Versioning.Basic.Restrictions.First_Index at alire-roots.adb:2143
0x7ff7acd282f9 Semantic_Versioning.Basic.Restrictions.First_Index at alire-solutions.adb:1472
0x7ff7acd27424 Semantic_Versioning.Basic.Restrictions.First_Index at alire-solutions.adb:1555
0x7ff7accb922c Semantic_Versioning.Basic.Restrictions.First_Index at alire-roots.adb:2147
0x7ff7accb92fa Semantic_Versioning.Basic.Restrictions.First_Index at alire-roots.adb:2127
0x7ff7acc917a7 Semantic_Versioning.Basic.Restrictions.First_Index at alire-roots.adb:286
0x7ff7acc91912 Semantic_Versioning.Basic.Restrictions.First_Index at alire-roots.adb:114
0x7ff7ac403baa Semantic_Versioning.Basic.Restrictions.First_Index at alr-commands-build.adb:145
0x7ff7ac40341e Semantic_Versioning.Basic.Restrictions.First_Index at alr-commands-build.adb:113
0x7ff7ac4035ba Semantic_Versioning.Basic.Restrictions.First_Index at alr-commands-build.adb:54
0x7ff7ac4b5dea Semantic_Versioning.Basic.Restrictions.First_Index at clic-subcommand-instance.adb:749
0x7ff7ac4c2b0e Semantic_Versioning.Basic.Restrictions.First_Index at alr-commands.adb:632
0x7ff7ac3916a0 Alr.Main at alr-main.adb:13
0x7ff7ac395270 Main at b__alr-main.adb:2454
0x7ff7ac39133e __tmainCRTStartup at ???
0x7ff7ac391144 mainCRTStartup at ???
[C:\Windows\System32\KERNEL32.DLL]
0x7ffb1666e8d5
[C:\Windows\SYSTEM32\ntdll.dll]
0x7ffb1760c53a

stderr: ALIRE.ROOTS.BUILD._WRAPPED_STATEMENTS.BUILD_FAILED
stderr: alire-roots.adb:202
stderr: raised ALIRE.ROOTS.BUILD._WRAPPED_STATEMENTS.BUILD_FAILED : alire-roots.adb:202
[D:\a\alire-crates-ci\alire-crates-ci\alire_install\bin\alr.exe]
0x7ff7acc9313c Semantic_Versioning.Basic.Restrictions.First_Index at alire-roots.adb:202
0x7ff7acc911da Semantic_Versioning.Basic.Restrictions.First_Index at alire-roots.adb:255
0x7ff7accb912d Semantic_Versioning.Basic.Restrictions.First_Index at alire-roots.adb:2143
0x7ff7acd282f9 Semantic_Versioning.Basic.Restrictions.First_Index at alire-solutions.adb:1472
0x7ff7acd27424 Semantic_Versioning.Basic.Restrictions.First_Index at alire-solutions.adb:1555
0x7ff7accb922c Semantic_Versioning.Basic.Restrictions.First_Index at alire-roots.adb:2147
0x7ff7accb92fa Semantic_Versioning.Basic.Restrictions.First_Index at alire-roots.adb:2127
0x7ff7acc917a7 Semantic_Versioning.Basic.Restrictions.First_Index at alire-roots.adb:286
0x7ff7acc91912 Semantic_Versioning.Basic.Restrictions.First_Index at alire-roots.adb:114
0x7ff7ac403baa Semantic_Versioning.Basic.Restrictions.First_Index at alr-commands-build.adb:145
0x7ff7ac40341e Semantic_Versioning.Basic.Restrictions.First_Index at alr-commands-build.adb:113
0x7ff7ac4035ba Semantic_Versioning.Basic.Restrictions.First_Index at alr-commands-build.adb:54
0x7ff7ac4b5dea Semantic_Versioning.Basic.Restrictions.First_Index at clic-subcommand-instance.adb:749
0x7ff7ac4c2b0e Semantic_Versioning.Basic.Restrictions.First_Index at alr-commands.adb:632
0x7ff7ac3916a0 Alr.Main at alr-main.adb:13
0x7ff7ac395270 Main at b__alr-main.adb:2454
0x7ff7ac39133e __tmainCRTStartup at ???
0x7ff7ac391144 mainCRTStartup at ???
[C:\Windows\System32\KERNEL32.DLL]
0x7ffb1666e8d5
[C:\Windows\SYSTEM32\ntdll.dll]
0x7ffb1760c53a

ERROR: Compilation failed.
