Test ran at 2026-09-02 01:27:28.226690+00:00

SOLUTION:
binary_trees=20240519.0.0:  Ordered binary trees implemented without access types
Origin: commit 42ea72288130b796b51177046123685f2ddb6567 from https://github.com/bracke/Binary_Trees.git
Properties:
   Author: Jeff Carter
   Build Switches: 
   Description:  Ordered binary trees implemented without access types
   License: BSD-3-Clause
   Long_Description: # Binary_Trees
Ordered binary trees implemented without access types

Demonstration of a technique to be presented at the Ada Developers Workshop of the 2024 Ada-Europe conference

   Maintainer: Bent Bracke <bent@bracke.dk>
   Maintainers_Logins: bracke
   Name: binary_trees
   Tag: binarytrees
   Tag: trees
   Tag: noaccess
   Version: 20240519
   Website: https://github.com/bracke/Binary_Trees
Dependencies (direct):
   gnat<13.0 | >=13.3
Dependencies (solution):
   gnat=15.3.1 (gnat_native)
Dependencies (graph):
   binary_trees=20240519.0.0 --> gnat=15.3.1 (gnat_native) (<13.0 | >=13.3)


LOG:
[alr test] Testing binary_trees=20240519.0.0
[alr test] Spawning retrieval for remote crate: alr -d -n get binary_trees=20240519.0.0
Note: Deploying binary_trees=20240519.0.0...

binary_trees=20240519.0.0 successfully retrieved.
Dependencies were solved as follows:

   +b gnat 15.3.1 (new,gnat_native,binary)
[alr test] Spawning default test for remote crate: alr -d -n build --release -- -cargs:Ada -gnatwn
Note: Building binary_trees=20240519.0.0/binary_trees.gpr...
"obj\release" created
"lib" created
[Ada Compile]     binary_trees.adb
[Ada Compile]     binary_trees_config.ads
[Archive]         libBinary_Trees.a
Success: Build finished successfully in 1.59 seconds.
Found declared GPR file: binary_trees.gpr
[alr test] Test completed SUCCESSFULLY
