Test ran at 2026-06-03 14:22:40.553722+00:00

SOLUTION:
asfml=2.6.1: Ada binding to SFML, the Simple and Fast Multimedia Library
Origin: commit 52ca4a2bb983b73af2e6e1251c9c82ece94499e2 from https://github.com/mgrojo/ASFML.git
Properties:
   Author: Manuel Gomez
   Author: Dan Lee Vazquez Garcia
   Description: Ada binding to SFML, the Simple and Fast Multimedia Library
   License: custom-zlib-acknowledgement
   Long_Description: [![ASFML logo](https://raw.githubusercontent.com/mgrojo/ASFML/master/images/ASFML_Logo.svg)](https://www.sfml-dev.org)
![Ada (GNAT)](https://github.com/mgrojo/ASFML/workflows/Ada%20(GNAT)/badge.svg)
[![Gitter chat](https://badges.gitter.im/gitterHQ/gitter.png)](https://gitter.im/ada-lang/Lobby)
[![Mentioned in Awesome Ada](https://awesome.re/mentioned-badge.svg)](https://github.com/ohenley/awesome-ada)

ASFML is an Ada semi-thick binding to the
[SFML](https://www.sfml-dev.org/) library. It uses Ada types and
portable defined types which eliminates the inclusion of Ada interface
libraries, but most of the functions are directly imported.

# Documentation
Generated API documentation can be consulted [online](https://mgrojo.github.io/ASFML/doc/).

The Ada API follows the [CSFML](https://26.customprotocol.com/csfml/index.htm) interface, but
with some changes and additions for ease of use.

Applicability of the [SFML documentation](https://www.sfml-dev.org/learn.php) is usually straightforward.


   Maintainer: Manuel Gomez <mgrojo@gmail.com>
   Maintainers_Logins: mgrojo
   Name: asfml
   Tag: audio
   Tag: games
   Tag: opengl
   Tag: cross-platform
   Tag: multimedia
   Tag: binding
   Tag: graphics
   Tag: sfml
   Version: 2.6.1
   Website: https://mgrojo.github.io/ASFML/
Dependencies (direct):
   libcsfml^2.6.1
Dependencies (solution):
   libcsfml=2.6.1
Dependencies (graph):
   asfml=2.6.1 --> libcsfml=2.6.1 (^2.6.1)


LOG:
[alr test] Testing asfml=2.6.1
[alr test] Spawning retrieval for remote crate: alr -d -n get asfml=2.6.1
Note: Deploying asfml=2.6.1...
Note: Deploying libcsfml=2.6.1...
The system package 'mingw-w64-x86_64-csfml' is about to be installed.
This action might require admin privileges and impact your system installation.
Do you want Alire to install this system package?
Using default: Yes
resolving dependencies...
looking for conflicting packages...

Packages (7) mingw-w64-x86_64-flac-1.5.0-1  mingw-w64-x86_64-libmysofa-1.3.1-1  mingw-w64-x86_64-libogg-1.3.6-1  mingw-w64-x86_64-libvorbis-1.3.7-2  mingw-w64-x86_64-openal-1.24.3-2  mingw-w64-x86_64-sfml-2.6.1-1  mingw-w64-x86_64-csfml-2.6.1-1

Total Download Size:    4.29 MiB
Total Installed Size:  20.78 MiB

:: Proceed with installation? [Y/n] 
:: Retrieving packages...
 mingw-w64-x86_64-openal-1.24.3-2-any downloading...
 mingw-w64-x86_64-libmysofa-1.3.1-1-any downloading...
 mingw-w64-x86_64-sfml-2.6.1-1-any downloading...
 mingw-w64-x86_64-flac-1.5.0-1-any downloading...
 mingw-w64-x86_64-libvorbis-1.3.7-2-any downloading...
 mingw-w64-x86_64-libogg-1.3.6-1-any downloading...
 mingw-w64-x86_64-csfml-2.6.1-1-any downloading...
checking keyring...
checking package integrity...
loading package files...
checking for file conflicts...
checking available disk space...
:: Processing package changes...
installing mingw-w64-x86_64-libogg...
installing mingw-w64-x86_64-flac...
installing mingw-w64-x86_64-libvorbis...
installing mingw-w64-x86_64-libmysofa...
installing mingw-w64-x86_64-openal...
installing mingw-w64-x86_64-sfml...
installing mingw-w64-x86_64-csfml...

asfml=2.6.1 successfully retrieved.
Dependencies were solved as follows:

   +b libcsfml 2.6.1 (new,system package)
[alr test] Spawning default test for remote crate: alr -d -n build --release -- -cargs:Ada -gnatwn
Note: Building asfml=2.6.1/asfml.gpr...
Setup
   [mkdir]        object directory for project ASFML
   [mkdir]        library directory for project ASFML
Compile
   [Ada]          sf.ads
   [Ada]          sf-window.ads
   [Ada]          sf-window-windowhandle.ads
   [Ada]          sf-window-windowbase.adb
   [Ada]          sf-window-window.adb
   [Ada]          sf-window-vulkan.adb
   [Ada]          sf-window-videomode.ads
   [Ada]          sf-window-touch.ads
   [Ada]          sf-window-sensor.ads
   [Ada]          sf-window-mouse.ads
   [Ada]          sf-window-keyboard.adb
   [Ada]          sf-window-joystickidentification.ads
   [Ada]          sf-window-joystick.ads
   [Ada]          sf-window-glu.ads
   [Ada]          sf-window-gl.ads
   [Ada]          sf-window-event.ads
   [Ada]          sf-window-cursor.ads
   [Ada]          sf-window-context.adb
   [Ada]          sf-window-clipboard.adb
   [Ada]          sf-system.ads
   [Ada]          sf-system-vector3.ads
   [Ada]          sf-system-vector2.ads
   [Ada]          sf-system-time.ads
   [Ada]          sf-system-thread.ads
   [Ada]          sf-system-sleep.adb
   [Ada]          sf-system-mutex.ads
   [Ada]          sf-system-inputstream.ads
   [Ada]          sf-system-clock.ads
   [Ada]          sf-system-buffer.ads
   [Ada]          sf-network.ads
   [Ada]          sf-network-udpsocket.ads
   [Ada]          sf-network-tcpsocket.ads
   [Ada]          sf-network-tcplistener.ads
   [Ada]          sf-network-socketstatus.ads
   [Ada]          sf-network-socketselector.ads
   [Ada]          sf-network-packet.adb
   [Ada]          sf-network-ipaddress.adb
   [Ada]          sf-network-http.adb
   [Ada]          sf-network-ftp.adb
   [Ada]          sf-graphics.ads
   [Ada]          sf-graphics-view.ads
   [Ada]          sf-graphics-vertexbuffer.ads
   [Ada]          sf-graphics-vertexarray.ads
   [Ada]          sf-graphics-vertex.ads
   [Ada]          sf-graphics-transformable.ads
   [Ada]          sf-graphics-transform.ads
   [Ada]          sf-graphics-texture.adb
   [Ada]          sf-graphics-text.adb
   [Ada]          sf-graphics-sprite.ads
   [Ada]          sf-graphics-shape.ads
   [Ada]          sf-graphics-shader.adb
   [Ada]          sf-graphics-renderwindow.adb
   [Ada]          sf-graphics-rendertexture.ads
   [Ada]          sf-graphics-renderstates.ads
   [Ada]          sf-graphics-rectangleshape.ads
   [Ada]          sf-graphics-rect.ads
   [Ada]          sf-graphics-primitivetype.ads
   [Ada]          sf-graphics-image.adb
   [Ada]          sf-graphics-glyph.ads
   [Ada]          sf-graphics-glsl.ads
   [Ada]          sf-graphics-fontinfo.ads
   [Ada]          sf-graphics-font.adb
   [Ada]          sf-graphics-convexshape.ads
   [Ada]          sf-graphics-color.ads
   [Ada]          sf-graphics-circleshape.ads
   [Ada]          sf-graphics-blendmode.ads
   [Ada]          sf-audio.ads
   [Ada]          sf-audio-soundstream.ads
   [Ada]          sf-audio-soundstatus.ads
   [Ada]          sf-audio-soundrecorder.adb
   [Ada]          sf-audio-soundbufferrecorder.adb
   [Ada]          sf-audio-soundbuffer.adb
   [Ada]          sf-audio-sound.ads
   [Ada]          sf-audio-music.adb
   [Ada]          sf-audio-listener.ads
Build Libraries
   [gprlib]       asfml.lexch
   [archive]      libasfml.a
   [index]        libasfml.a
Success: Build finished successfully in 5.36 seconds.
Found declared GPR file: asfml.gpr
[alr test] Test completed SUCCESSFULLY
