Test ran at 2025-05-01 12:34:24.090195+00:00

SOLUTION:
gnat_arm_elf=14.2.1: The GNAT Ada compiler - ARM cross-compiler
Provides: gnat=14.2.1
Origin: (case OS is Linux => (case Host_Arch is X86_64 => binary archive gnat-arm-elf-linux64-x86_64-14.2.0-1.tar.gz at https://github.com/alire-project/GNAT-FSF-builds/releases/download/gnat-14.2.0-1/gnat-arm-elf-linux64-x86_64-14.2.0-1.tar.gz), Macos => (case Host_Arch is Aarch64 => binary archive gnat-arm-elf-darwin-aarch64-14.2.0-1.tar.gz at https://github.com/alire-project/GNAT-FSF-builds/releases/download/gnat-14.2.0-1/gnat-arm-elf-darwin-aarch64-14.2.0-1.tar.gz, X86_64 => binary archive gnat-arm-elf-darwin-x86_64-14.2.0-1.tar.gz at https://github.com/alire-project/GNAT-FSF-builds/releases/download/gnat-14.2.0-1/gnat-arm-elf-darwin-x86_64-14.2.0-1.tar.gz), Windows => (case Host_Arch is X86_64 => binary archive gnat-arm-elf-windows64-x86_64-14.2.0-1.tar.gz at https://github.com/alire-project/GNAT-FSF-builds/releases/download/gnat-14.2.0-1/gnat-arm-elf-windows64-x86_64-14.2.0-1.tar.gz)) with hash sha256:524d4d413837443b9ec34103a092b389c61f795a90229d25208350f262f9df14
Properties:
   Auto_Gpr_With: auto-gpr-with=false
   Configuration: no modifiers
   Description: The GNAT Ada compiler - ARM cross-compiler
   Environment: PATH=${CRATE_ROOT}/bin:${PATH}
   License: GPL-3.0-or-later AND GPL-3.0-or-later WITH GCC-exception-3.1
   Maintainer: chouteau@adacore.com
   Maintainers_Logins: Fabien-Chouteau
   Name: gnat_arm_elf
   Version: 14.2.1


LOG:
Spawning: alr -d -n get gnat_arm_elf=14.2.1
Note: Deploying gnat_arm_elf=14.2.1...
#=#=#                                                                          

                                                                           0.0%
#                                                                          2.2%
##                                                                         3.1%
##                                                                         3.1%
###                                                                        4.4%
####                                                                       6.6%
######                                                                     8.8%
#######                                                                   10.6%
########                                                                  11.3%
########                                                                  11.9%
########                                                                  11.9%
#########                                                                 13.2%
###########                                                               15.4%
############                                                              17.7%
#############                                                             19.1%
##############                                                            19.9%
################                                                          22.8%
##################                                                        26.1%
####################                                                      28.7%
######################                                                    31.4%
#######################                                                   33.2%
#########################                                                 35.4%
###########################                                               38.1%
#############################                                             41.2%
###############################                                           43.4%
################################                                          45.5%
##################################                                        47.5%
####################################                                      50.4%
####################################                                      51.3%
#####################################                                     52.8%
######################################                                    54.2%
########################################                                  56.0%
##########################################                                58.8%
###########################################                               61.0%
############################################                              62.1%
#############################################                             62.7%
#############################################                             62.7%
##############################################                            64.0%
################################################                          66.7%
#################################################                         68.6%
##################################################                        69.9%
##################################################                        70.6%
###################################################                       72.0%
####################################################                      72.8%
######################################################                    75.8%
#######################################################                   77.5%
#########################################################                 79.7%
##########################################################                81.1%
##########################################################                81.6%
############################################################              84.3%
#############################################################             85.6%
###############################################################           88.0%
#################################################################         90.5%
##################################################################        92.8%
####################################################################      95.3%
######################################################################    97.8%
#######################################################################   98.9%
######################################################################## 100.0%

gnat_arm_elf=14.2.1 successfully retrieved.
There are no dependencies.
