Test ran at 2025-10-20 12:48:44.398658+00:00

SOLUTION:
a0b_gpio=0.1.0: A0B GIOP API
Origin: commit 011067c7f5fae261ec4b30e015b324b895e2948b from https://github.com/godunko/a0b-gpio.git
Properties:
   Test run: alr build (from ${CRATE_ROOT}/selftest)
   Author: Vadim Godunko
   Configuration: no modifiers
   Description: A0B GIOP API
   License: Apache-2.0 WITH LLVM-exception
   Maintainer: Vadim Godunko <vgodunko@gmail.com>
   Maintainers_Logins: godunko
   Name: a0b_gpio
   Project_File: gnat/a0b_gpio.gpr
   Tag: embedded
   Tag: gpio
   Version: 0.1.0
Dependencies (direct):
   a0b_base*
Dependencies (solution):
   a0b_base=0.4.0
Dependencies (graph):
   a0b_gpio=0.1.0 --> a0b_base=0.4.0 (*)


LOG:
Note: Synchronizing workspace...
Dependencies automatically updated as follows:

   +  a0b_base     0.4.0  (new,indirect)
   +. a0b_gpio     0.1.0  (new,path=..)
   +b gnat_arm_elf 15.2.1 (new,binary)
   
   i  The solution requires a toolchain that is
      not yet installed. Accepting the solution
      will download and install this toolchain.
Note: Deploying gnat_arm_elf=15.2.1...

#=#=#                                                                          
##                                                                         2.9%
####                                                                       6.6%
#######                                                                   10.0%
#########                                                                 12.6%
#########                                                                 12.7%
############                                                              17.2%
##############                                                            20.7%
#################                                                         24.3%
###################                                                       27.7%
######################                                                    30.7%
########################                                                  33.6%
##########################                                                36.7%
############################                                              40.0%
###############################                                           43.3%
################################                                          44.8%
################################                                          44.9%
##################################                                        48.2%
#####################################                                     52.3%
########################################                                  55.6%
##########################################                                58.9%
############################################                              62.2%
###############################################                           65.7%
#################################################                         69.4%
####################################################                      73.0%
#######################################################                   77.1%
##########################################################                80.7%
############################################################              84.5%
###############################################################           88.1%
#################################################################         91.4%
####################################################################      94.8%
#######################################################################   98.8%
######################################################################## 100.0%
Note: gnat_arm_elf=15.2.1 installed successfully.

Note: Building a0b_gpio_selftest=0.1.0-dev/a0b_gpio_selftest.gpr...
Setup
   [mkdir]        object directory for project A0B_Base
   [mkdir]        library directory for project A0B_Base
   [mkdir]        object directory for project A0B_GPIO
a0b_gpio_selftest.gpr:9:09: warning: there are no sources of language "Ada" in this project
Compile
   [Ada]          a0b.ads
   [Ada]          a0b-types.ads
   [Ada]          a0b-types-svd.ads
   [Ada]          a0b-types-gcc_builtins.ads
   [Ada]          a0b-types-big_endian.adb
   [Ada]          a0b-types-arrays.ads
   [Ada]          a0b-peripherals.ads
   [Ada]          a0b-gpio.ads
Build Libraries
   [gprlib]       a0b_base.lexch
   [archive]      liba0b_base.a
   [index]        liba0b_base.a
Success: Build finished successfully in 2.15 seconds.
[alr test] Test completed SUCCESSFULLY
