Test ran at 2025-10-08 12:24:40.532340+00:00

SOLUTION:
adacl_sar=7.0.1: AdaCL: Search and Replace with Wide/Wide-Wide Support
Origin: source archive adacl_sar-7.0.1.tgz at https://sourceforge.net/projects/adacl/files/Alire/adacl_sar-7.0.1.tgz with hashes sha256:6a589f6739d492ef98839544c8edd1e2b90013146773c1ffeee8af87b80672a7, sha512:d9a24d1a19af7bd05d42a54b6e359a2991ebe9d8a273a4842aa3cc6ce095050e7159656b400679f972fe87c36d689d672020f00409fad46ff9b20abc26cb0d91
Properties:
   Author: Martin Krischik <krischik@users.sourceforge.net>
   Build Switches: 
   Description: AdaCL: Search and Replace with Wide/Wide-Wide Support
   License: GPL-3.0-or-later
   Long_Description: Powerful search-and-replace library for Ada 2022, developed by Martin Krischik, with wide and wide-wide character support.

Features:
- Load, transform, and store text
- Vector-based text transformations for efficient processing
- Supports standard, wide, and wide-wide characters for internationalisation
- Embedded transformations for internal text processing
- Extensible transformations via tagged types for complex operations
- Integrates with the Ada Class Library (AdaCL) for robust text handling

Licensed under GPL-3.0-or-later. Integrates with the Ada Class Library (AdaCL).

Source: [SourceForge](https://sourceforge.net/p/adacl/git/ci/master/tree/adacl_sar/src/)
Documentation: [GNATdoc](https://adacl.sourceforge.net/gnatdoc/adacl_sar/index.html)

   Maintainer: Martin Krischik <krischik@users.sourceforge.net>
   Maintainers_Logins: krischik
   Name: adacl_sar
   Tag: library
   Tag: strings
   Tag: search
   Tag: replace
   Tag: ada2022
   Version: 7.0.1
   Website: https://sourceforge.net/projects/adacl/
Dependencies (direct):
   adacl^7.0.0
Dependencies (solution):
   adacl=7.0.1
Dependencies (graph):
   adacl_sar=7.0.1 --> adacl=7.0.1 (^7.0.0)


LOG:
[alr test] Testing adacl_sar=7.0.1
[alr test] Spawning retrieval for remote crate: alr -d -n get adacl_sar=7.0.1
Note: Deploying adacl_sar=7.0.1...
#=#=#                                                                          

######################################################################## 100.0%
######################################################################## 100.0%
######################################################################## 100.0%##O#-#                                                                         

######################################################################## 100.0%##=O#- #                                                                       

######################################################################## 100.0%
Note: Deploying adacl=7.0.1...

######################################################################## 100.0%
######################################################################## 100.0%
######################################################################## 100.0%
######################################################################## 100.0%#=#=#                                                                          
##=#=#                                                                         
##=O#- #                                                                       
#-#O=#  #                                                                      
 #=#=-#   #                                                                    
 -#O#-  #   #                                                                  
 -=#=#   #   #                                                                 

######################################################################## 100.0%

adacl_sar=7.0.1 successfully retrieved.
Dependencies were solved as follows:

   + adacl 7.0.1 (new)
[alr test] Spawning default test for remote crate: alr -d -n build --release -- -cargs:Ada -gnatwn
Note: Building adacl_sar=7.0.1/adacl_sar.gpr...
Setup
   [mkdir]        object directory for project AdaCL
   [mkdir]        library directory for project AdaCL
   [mkdir]        object directory for project AdaCL_SAR
   [mkdir]        library directory for project AdaCL_SAR
Compile
   [Ada]          adacl_config.ads
   [Ada]          adacl-os-to_utf_string.adb
   [Ada]          adacl-os-low_level.ads
   [Ada]          adacl-os-to_wide_wide_string.adb
gnat1: invalid switch: -gnat2022
gnat1: invalid switch: -gnat2022
gnat1: invalid switch: -gnat2022
gnat1: invalid switch: -gnat2022

   compilation of adacl-os-to_wide_wide_string.adb failed
   compilation of adacl-os-low_level.ads failed
   compilation of adacl-os-to_utf_string.adb failed
   compilation of adacl_config.ads failed

gprbuild: *** compilation phase failed
stderr: Command ["gprbuild", "-s", "-j0", "-p", "-P", "/home/runner/work/alire-crates-ci/alire-crates-ci/test/b8b3c071-2505-4dfe-adc6-abb171d4c0e3/adacl_sar_7.0.1_6a589f67/adacl_sar.gpr", "-cargs:Ada", "-gnatwn"] exited with code 4
ERROR: Command ["gprbuild", "-s", "-j0", "-p", "-P", "/home/runner/work/alire-crates-ci/alire-crates-ci/test/b8b3c071-2505-4dfe-adc6-abb171d4c0e3/adacl_sar_7.0.1_6a589f67/adacl_sar.gpr", "-cargs:Ada", "-gnatwn"] exited with code 4
stderr: ALIRE.CHECKED_ERROR
stderr: Command ["gprbuild", "-s", "-j0", "-p", "-P", "/home/runner/work/alire-crates-ci/alire-crates-ci/test/b8b3c071-2505-4dfe-adc6-abb171d4c0e3/adacl_sar_7.0.1_6a589f67/adacl_sar.gpr", "-cargs:Ada", "-gnatwn"] exited with code 4
stderr: raised ALIRE.CHECKED_ERROR : alire-stored-error:1
[/home/runner/work/alire-crates-ci/alire-crates-ci/alire_install/bin/alr]
0xe75bc6 Alire.Raise_Checked_Error at alire.adb:284
0xac1a54 Alire.Os_Lib.Subprocess.Checked_Spawn at alire-os_lib-subprocess.adb:111
0xd40276 Alire.Spawn.Command at alire-spawn.adb:22
0xd412ee Alire.Spawn.Gprbuild at alire-spawn.adb:68
0xc748cb Alire.Roots.Build at alire-roots.adb:189
0xc7301a Alire.Roots.Build at alire-roots.adb:255
0xc9832b Alire.Roots.Traverse at alire-roots.adb:2143
0xcfee85 Alire.Solutions.Traverse.Visit at alire-solutions.adb:1472
0xcfdfcc Alire.Solutions.Traverse at alire-solutions.adb:1555
0xc9841e Alire.Roots.Traverse at alire-roots.adb:2147
0xc984dd Alire.Roots.Traverse at alire-roots.adb:2127
0xc7359b Alire.Roots.Build at alire-roots.adb:286
0xc736d7 Alire.Roots.Build at alire-roots.adb:114
0x49aa0d Alr.Commands.Build.Execute at alr-commands-build.adb:145
0x49a36d Alr.Commands.Build.Execute at alr-commands-build.adb:113
0x49a51f Alr.Commands.Build.Execute at alr-commands-build.adb:54
0x53bbcc Alr.Commands.Sub_Cmd.Execute at clic-subcommand-instance.adb:749
0x5472be Alr.Commands.Execute at alr-commands.adb:632
0x43d48a Alr.Main at alr-main.adb:13
0x4403a3 Main at b__alr-main.adb:2445
[/lib/x86_64-linux-gnu/libc.so.6]
0x7f24cf02a1c8
0x7f24cf02a289
[/home/runner/work/alire-crates-ci/alire-crates-ci/alire_install/bin/alr]
0x43d323 _start at ???
0xfffffffffffffffe

stderr: ALIRE.ROOTS.BUILD._WRAPPED_STATEMENTS.BUILD_FAILED
stderr: alire-roots.adb:202
stderr: raised ALIRE.ROOTS.BUILD._WRAPPED_STATEMENTS.BUILD_FAILED : alire-roots.adb:202
[/home/runner/work/alire-crates-ci/alire-crates-ci/alire_install/bin/alr]
0xc74cc7 Alire.Roots.Build at alire-roots.adb:202
0xc7301a Alire.Roots.Build at alire-roots.adb:255
0xc9832b Alire.Roots.Traverse at alire-roots.adb:2143
0xcfee85 Alire.Solutions.Traverse.Visit at alire-solutions.adb:1472
0xcfdfcc Alire.Solutions.Traverse at alire-solutions.adb:1555
0xc9841e Alire.Roots.Traverse at alire-roots.adb:2147
0xc984dd Alire.Roots.Traverse at alire-roots.adb:2127
0xc7359b Alire.Roots.Build at alire-roots.adb:286
0xc736d7 Alire.Roots.Build at alire-roots.adb:114
0x49aa0d Alr.Commands.Build.Execute at alr-commands-build.adb:145
0x49a36d Alr.Commands.Build.Execute at alr-commands-build.adb:113
0x49a51f Alr.Commands.Build.Execute at alr-commands-build.adb:54
0x53bbcc Alr.Commands.Sub_Cmd.Execute at clic-subcommand-instance.adb:749
0x5472be Alr.Commands.Execute at alr-commands.adb:632
0x43d48a Alr.Main at alr-main.adb:13
0x4403a3 Main at b__alr-main.adb:2445
[/lib/x86_64-linux-gnu/libc.so.6]
0x7f24cf02a1c8
0x7f24cf02a289
[/home/runner/work/alire-crates-ci/alire-crates-ci/alire_install/bin/alr]
0x43d323 _start at ???
0xfffffffffffffffe

ERROR: Compilation failed.
