Test ran at 2025-08-15 00:48:58.204988+00:00

SOLUTION:
a0b_stm32g4_gpio=0.1.0: A0B: STM32G4 GPIO
Origin: commit 2bc15160646b448fd070310dfd2110419ed86a73 from https://github.com/godunko/a0b-stm32g4-gpio.git
Properties:
   Test run: alr build (from ${CRATE_ROOT}/selftest)
   Author: Vadim Godunko
   Configuration: no modifiers
   Description: A0B: STM32G4 GPIO
   License: Apache-2.0 WITH LLVM-exception
   Maintainer: Vadim Godunko <vgodunko@gmail.com>
   Maintainers_Logins: godunko
   Name: a0b_stm32g4_gpio
   Project_File: gnat/a0b_stm32g4_gpio.gpr
   Tag: a0b
   Tag: embedded
   Tag: stm32
   Tag: stm32g4
   Tag: gpio
   Tag: exti
   Version: 0.1.0
Dependencies (direct):
   a0b_stm32f2_generic_exti*
   a0b_stm32g4*
Dependencies (solution):
   a0b_armv7m=0.4.0
   a0b_base=0.4.0
   a0b_callbacks=0.2.0
   a0b_exti=0.1.0
   a0b_gpio=0.1.0
   a0b_stm32f2_generic_exti=0.1.0
   a0b_stm32f2_generic_gpio=0.1.0
   a0b_stm32g4=0.1.0
   gnat_arm_elf=15.1.2
Dependencies (graph):
   a0b_armv7m=0.4.0               --> a0b_base=0.4.0 (*)
   a0b_armv7m=0.4.0               --> gnat_arm_elf=15.1.2 (*)
   a0b_callbacks=0.2.0            --> a0b_base=0.4.0 (*)
   a0b_exti=0.1.0                 --> a0b_base=0.4.0 (*)
   a0b_exti=0.1.0                 --> a0b_callbacks=0.2.0 (*)
   a0b_gpio=0.1.0                 --> a0b_base=0.4.0 (*)
   a0b_stm32f2_generic_exti=0.1.0 --> a0b_exti=0.1.0 (*)
   a0b_stm32f2_generic_exti=0.1.0 --> a0b_stm32f2_generic_gpio=0.1.0 (*)
   a0b_stm32f2_generic_gpio=0.1.0 --> a0b_gpio=0.1.0 (*)
   a0b_stm32g4=0.1.0              --> a0b_armv7m=0.4.0 (*)
   a0b_stm32g4_gpio=0.1.0         --> a0b_stm32f2_generic_exti=0.1.0 (*)
   a0b_stm32g4_gpio=0.1.0         --> a0b_stm32g4=0.1.0 (*)


LOG:
Note: Synchronizing workspace...
Dependencies automatically updated as follows:

   +  a0b_armv7m               0.4.0  (new,indirect)
   +  a0b_base                 0.4.0  (new,indirect)
   +  a0b_callbacks            0.2.0  (new,indirect)
   +  a0b_exti                 0.1.0  (new,indirect)
   +  a0b_gpio                 0.1.0  (new,indirect)
   +  a0b_stm32f2_generic_exti 0.1.0  (new,indirect)
   +  a0b_stm32f2_generic_gpio 0.1.0  (new,indirect)
   +  a0b_stm32g4              0.1.0  (new,indirect)
   +. a0b_stm32g4_gpio         0.1.0  (new,path=..)
   +b gnat_arm_elf             15.1.2 (new,binary)

Note: Building a0b_stm32g4_gpio_selftest=0.1.0-dev/a0b_stm32g4_gpio_selftest.gpr...
Setup
   [mkdir]        object directory for project A0B_STM32G4_GPIO
   [mkdir]        library directory for project A0B_STM32G4_GPIO
a0b_stm32g4_gpio_selftest.gpr:9:09: warning: there are no sources of language "Ada" in this project
Compile
   [Ada]          a0b-armv7m-startup_utilities.ads
   [Ada]          a0b-armv7m-startup_utilities-enable_fpu.adb
   [Ada]          a0b-armv7m-scs-mpu.ads
   [Ada]          a0b-armv7m-scs-nvic.ads
   [Ada]          a0b-armv7m-cache_utilities.adb
   [Ada]          a0b-armv7m-startup_utilities-fill_bss_section.adb
   [Ada]          a0b-armv7m-nvic_utilities.adb
   [Ada]          a0b-armv7m-scs-systick.ads
   [Ada]          a0b-armv7m-scs-fp.ads
   [Ada]          a0b-armv7m-profiling_utilities.adb
   [Ada]          a0b-armv7m-startup_utilities-copy_itcm_text_section.adb
   [Ada]          a0b-armv7m-parameters.ads
   [Ada]          a0b-armv7m-startup_utilities-memory_initialization.adb
   [Ada]          a0b-armv7m-scs-cache.ads
   [Ada]          a0b-armv7m-scs.ads
   [Ada]          a0b-armv7m-startup_utilities-copy_dtcm_data_section.adb
   [Ada]          a0b-armv7m.ads
a0b-armv7m-startup_utilities-memory_initialization.adb:16:04: warning: use clause for type "System.Storage_Elements.Storage_Offset" has no effect [-gnatwu]
   [Ada]          a0b-armv7m-scs-dwt.ads
   [Ada]          a0b-armv7m-startup_utilities-fill_dtcm_bss_section.adb
   [Ada]          a0b-armv7m-scs-scb.ads
   [Ada]          a0b-armv7m-startup_utilities-copy_data_section.adb
   [Ada]          a0b-armv7m-instructions.adb
   [Ada]          a0b-stm32g4-peripherals-flash.ads
   [Ada]          a0b-stm32g4-peripherals-pwr.ads
   [Ada]          a0b-stm32g4-peripherals.ads
   [Ada]          a0b-stm32g4-interrupts.ads
   [Ada]          a0b-stm32g4.ads
   [Ada]          a0b-stm32g4-peripherals-rcc.ads
   [Ada]          a0b-gpio.ads
   [Ada]          a0b-stm32-generic_gpio.adb
   [Ada]          a0b-stm32.ads
   [Ada]          a0b-peripherals-gpio.ads
a0b-stm32-generic_gpio.ads:20:19: warning: procedure "Disable_GPIO_Clock" is not referenced [-gnatwu]
   [Ada]          a0b-callbacks-generic_dispatching.adb
   [Ada]          a0b-callbacks-generic_parameterless.adb
   [Ada]          a0b-callbacks-generic_non_dispatching.adb
   [Ada]          a0b-callbacks-generic_discrete.adb
   [Ada]          a0b-callbacks.adb
   [Ada]          a0b-callbacks-generic_subprogram.adb
   [Ada]          a0b-types-gcc_builtins.ads
   [Ada]          a0b-peripherals.ads
   [Ada]          a0b-types-svd.ads
   [Ada]          a0b-types-big_endian.adb
   [Ada]          a0b.ads
   [Ada]          a0b-types-arrays.ads
   [Ada]          a0b-types.ads
   [Ada]          a0b-exti.ads
   [Ada]          a0b-peripherals-exti.ads
   [Ada]          a0b-peripherals-syscfg_exti.ads
   [Ada]          a0b-stm32-generic_gpio-generic_exti.adb
   [Ada]          a0b-stm32-generic_gpio-generic_exti-generic_interrupts__none.adb
   [Ada]          a0b-stm32-g4_gpio_exti-gpiog.ads
a0b-stm32-generic_gpio-generic_exti.ads:30:19: warning: procedure "Disable_EXTI_Clock" is not referenced [-gnatwu]
   [Ada]          a0b-stm32-g4_gpio_exti-gpioc.ads
a0b-stm32-generic_gpio-generic_exti-generic_interrupts__none.adb:14:11: warning: all instances of "EXTI0_Handler" will have the same external name [-gnatwx]
a0b-stm32-generic_gpio-generic_exti-generic_interrupts__none.adb:16:11: warning: all instances of "EXTI1_Handler" will have the same external name [-gnatwx]
a0b-stm32-generic_gpio-generic_exti-generic_interrupts__none.adb:18:11: warning: all instances of "EXTI2_Handler" will have the same external name [-gnatwx]
a0b-stm32-generic_gpio-generic_exti-generic_interrupts__none.adb:20:11: warning: all instances of "EXTI3_Handler" will have the same external name [-gnatwx]
a0b-stm32-generic_gpio-generic_exti-generic_interrupts__none.adb:22:11: warning: all instances of "EXTI4_Handler" will have the same external name [-gnatwx]
a0b-stm32-generic_gpio-generic_exti-generic_interrupts__none.adb:24:11: warning: all instances of "EXTI9_5_Handler" will have the same external name [-gnatwx]
a0b-stm32-generic_gpio-generic_exti-generic_interrupts__none.adb:26:11: warning: all instances of "EXTI15_10_Handler" will have the same external name [-gnatwx]
   [Ada]          a0b-stm32-g4_gpio_exti-gpioc-lines.ads
   [Ada]          a0b-stm32-g4_gpio_exti-gpiod.ads
   [Ada]          a0b-stm32-g4_gpio_exti-gpioa-lines.ads
   [Ada]          a0b-stm32-g4_gpio_exti.adb
   [Ada]          a0b-stm32-g4_gpio_exti-gpioe.ads
   [Ada]          a0b-stm32-g4_gpio_exti-gpiod-lines.ads
   [Ada]          a0b-stm32-g4_gpio_exti-gpiog-lines.ads
   [Ada]          a0b-stm32-g4_gpio_exti-gpioe-lines.ads
   [Ada]          a0b-stm32-g4_gpio_exti-gpiob.ads
   [Ada]          a0b-stm32-g4_gpio_exti-gpiof-lines.ads
   [Ada]          a0b-stm32-g4_gpio_exti-gpiob-lines.ads
   [Ada]          a0b-stm32-g4_gpio_exti-gpioa.ads
   [Ada]          a0b-stm32-g4_gpio_exti-gpiof.ads
Build Libraries
   [gprlib]       a0b_base.lexch
   [gprlib]       a0b_stm32f2_generic_gpio.lexch
   [archive]      liba0b_base.a
   [index]        liba0b_base.a
   [gprlib]       a0b_stm32f2_exti.lexch
   [archive]      liba0b_stm32f2_generic_gpio.a
   [index]        liba0b_stm32f2_generic_gpio.a
   [gprlib]       a0b_armv7m.lexch
   [gprlib]       a0b_stm32g4.lexch
   [archive]      liba0b_stm32f2_exti.a
   [archive]      liba0b_armv7m.a
   [index]        liba0b_stm32f2_exti.a
   [index]        liba0b_armv7m.a
   [gprlib]       a0b_stm32g4_gpio.lexch
   [archive]      liba0b_stm32g4.a
   [index]        liba0b_stm32g4.a
   [archive]      liba0b_stm32g4_gpio.a
   [index]        liba0b_stm32g4_gpio.a
Success: Build finished successfully in 1.32 seconds.
[alr test] Test completed SUCCESSFULLY
