Test ran at 2025-04-17 12:22:48.083621+00:00

SOLUTION:
gprbuild=24.0.1: The GPRBuild Ada/multilanguage build tool
Origin: (case OS is Macos => (case Host_Arch is Aarch64 => binary archive gprbuild-aarch64-darwin-24.0.0-1.tar.gz at https://github.com/alire-project/GNAT-FSF-builds/releases/download/gprbuild-24.0.0-1/gprbuild-aarch64-darwin-24.0.0-1.tar.gz)) with hash sha256:6f6b6658f1418f1f43d99f151b8bdcbf1a583dc7cb09348dfec4ca841955ff9c
Properties:
   Auto_Gpr_With: auto-gpr-with=false
   Configuration: no modifiers
   Description: The GPRBuild Ada/multilanguage build tool
   Environment: PATH=${CRATE_ROOT}/bin:${PATH}
   Maintainer: chouteau@adacore.com
   Maintainers_Logins: Fabien-Chouteau
   Name: gprbuild
   Version: 24.0.1


LOG:
Spawning: alr -d -n get gprbuild=24.0.1
Note: Deploying gprbuild=24.0.1...
#=#=#                                                                          
##O#-#                                                                         

                                                                           0.1%
########                                                                  11.3%
##############################                                            42.5%
##############################                                            42.5%
##############################                                            42.8%
##############################################                            64.3%
######################################################################    97.9%
######################################################################## 100.0%

gprbuild=24.0.1 successfully retrieved.
There are no dependencies.
