Test ran at 2026-07-06 01:28:09.167222+00:00

SOLUTION:
a0b_gpio=0.1.0: A0B GIOP API
Origin: commit 011067c7f5fae261ec4b30e015b324b895e2948b from https://github.com/godunko/a0b-gpio.git
Properties:
   Test run: alr build (from ${CRATE_ROOT}/selftest)
   Author: Vadim Godunko
   Configuration: no modifiers
   Description: A0B GIOP API
   License: Apache-2.0 WITH LLVM-exception
   Maintainer: Vadim Godunko <vgodunko@gmail.com>
   Maintainers_Logins: godunko
   Name: a0b_gpio
   Project_File: gnat/a0b_gpio.gpr
   Tag: embedded
   Tag: gpio
   Version: 0.1.0
Dependencies (direct):
   a0b_base*
Dependencies (solution):
   a0b_base=0.5.0
Dependencies (graph):
   a0b_gpio=0.1.0 --> a0b_base=0.5.0 (*)


LOG:
Note: Synchronizing workspace...
Dependencies automatically updated as follows:

   +  a0b_base     0.5.0  (new,indirect)
   +. a0b_gpio     0.1.0  (new,path=..)
   +b gnat_arm_elf 15.2.1 (new,binary)
   
   i  The solution requires a toolchain that is
      not yet installed. Accepting the solution
      will download and install this toolchain.
Note: Deploying gnat_arm_elf=15.2.1...

#=#=#                                                                          
##O#-#                                                                         
                                                                           0.0%
                                                                           0.5%
##                                                                         3.6%
####                                                                       6.8%
######                                                                     9.4%
########                                                                  11.8%
##########                                                                14.2%
###########                                                               15.5%
###########                                                               15.8%
#############                                                             18.6%
###############                                                           21.2%
#################                                                         23.9%
##################                                                        25.9%
#####################                                                     29.4%
######################                                                    30.8%
######################                                                    31.7%
########################                                                  34.0%
#########################                                                 35.3%
###########################                                               37.7%
###########################                                               38.3%
###########################                                               38.6%
###########################                                               38.7%
############################                                              39.6%
############################                                              40.0%
##############################                                            42.4%
################################                                          44.9%
#################################                                         46.2%
##################################                                        47.8%
####################################                                      50.6%
######################################                                    53.3%
#######################################                                   55.4%
########################################                                  56.7%
##########################################                                58.9%
############################################                              61.1%
#############################################                             63.4%
##############################################                            64.2%
##############################################                            64.9%
###############################################                           65.9%
################################################                          67.2%
#################################################                         69.2%
###################################################                       71.2%
####################################################                      73.0%
######################################################                    75.4%
#######################################################                   77.7%
#########################################################                 79.2%
#########################################################                 80.3%
##########################################################                80.7%
##########################################################                81.1%
##########################################################                81.5%
###########################################################               82.0%
###########################################################               82.5%
#############################################################             84.8%
##############################################################            87.4%
################################################################          90.2%
###################################################################       93.1%
####################################################################      95.4%
######################################################################    97.5%
######################################################################## 100.0%
Note: gnat_arm_elf=15.2.1 installed successfully.

Note: Building a0b_gpio_selftest=0.1.0-dev/a0b_gpio_selftest.gpr...
Setup
   [mkdir]        object directory for project A0B_Base
   [mkdir]        library directory for project A0B_Base
   [mkdir]        object directory for project A0B_GPIO
a0b_gpio_selftest.gpr:9:09: warning: there are no sources of language "Ada" in this project
Compile
   [Ada]          a0b.ads
   [Ada]          a0b-types.ads
   [Ada]          a0b-types-svd.ads
   [Ada]          a0b-types-gcc_builtins.ads
   [Ada]          a0b-types-enumerable.ads
   [Ada]          a0b-types-big_endian.adb
   [Ada]          a0b-types-arrays.ads
   [Ada]          a0b-peripherals.ads
   [Ada]          a0b-gpio.ads
a0b-types-big_endian.adb:10:04: warning: "Unsigned_64" is already use-visible through previous use_type_clause at a0b-types.ads:297 [-gnatwr]
a0b-types-big_endian.adb:10:04: warning: use clause for type "Unsigned_64" defined at a0b-types.ads:88 has no effect [-gnatwu]
Build Libraries
   [gprlib]       a0b_base.lexch
   [archive]      liba0b_base.a
   [index]        liba0b_base.a
Success: Build finished successfully in 1.30 seconds.
[alr test] Test completed SUCCESSFULLY
