Test ran at 2026-09-03 01:33:43.345476+00:00

SOLUTION:
libgpr2=26.0.0: Parser for GPR Project File
Origin: source archive v26.0.0.zip at https://github.com/AdaCore/gpr/archive/refs/tags/v26.0.0.zip with hash sha512:99e9d2cd944b200d64fcbc0fca94291fa4b01d1186dfe0cb7513aa79cd5912f743b6206d0d9d2a6029149bba50a0ce90441a05c7b4485fb2a19ac56582dbecfe
Properties:
   Post_Fetch run: make .build/kb/collect_kb .build/kb/gpr2-kb-embedded.ads .build/kb/gpr2-kb-embedded.adb (from ${CRATE_ROOT}/.)
   Author: AdaCore
   Configuration: no modifiers
   Description: Parser for GPR Project File
   Environment: GPR2KBDIR=$$GPRCONFIG_KB_ALIRE_PREFIX//db
   GPR Scenario: GPR2_BUILD := debug | release | release_checks | gnatcov
   GPR Scenario: GPR2_OS := Windows_NT | UNIX
   GPR Scenario: LIBRARY_TYPE := static | relocatable | static-pic
   GPR External: GPR2_BUILD := release
   case OS is
      when Windows => GPR External: GPR2_OS := Windows_NT
   License: Apache-2.0 WITH LLVM-exception
   Maintainer: chouteau@adacore.com
   Maintainer: sagaert@adacore.com
   Maintainers_Logins: Fabien-Chouteau
   Maintainers_Logins: AldanTanneo
   Name: libgpr2
   Project_File: gpr2.gpr
   Version: 26.0.0
   Website: https://github.com/AdaCore/gpr
Dependencies (direct):
   gnat<16
   gnatcoll^26.0.0
   gnatcoll_gmp^26.0.0
   gnatcoll_iconv^26.0.0
   gprconfig_kb^26.0.0
   make*
   xmlada^26.0.0
Dependencies (solution):
   gnat=15.3.1 (gnat_native)
   gnatcoll=26.0.0
   gnatcoll_gmp=26.0.0
   gnatcoll_iconv=26.0.0
   gnatcoll_minimal=26.0.0
   gprconfig_kb=26.0.0
   libgmp=6.3.0
   libiconv=1.19.0
   make=4.4.1
   xmlada=26.0.0
Dependencies (graph):
   gnatcoll=26.0.0         --> gnat=15.3.1 (gnat_native) (>=14)
   gnatcoll=26.0.0         --> gnatcoll_minimal=26.0.0 (~26.0.0)
   gnatcoll_gmp=26.0.0     --> gnatcoll_minimal=26.0.0 (~26.0.0)
   gnatcoll_gmp=26.0.0     --> libgmp=6.3.0 (*)
   gnatcoll_iconv=26.0.0   --> gnatcoll=26.0.0 (~26.0.0)
   gnatcoll_iconv=26.0.0   --> libiconv=1.19.0 (*)
   gnatcoll_minimal=26.0.0 --> gnat=15.3.1 (gnat_native) (>=14)
   libgpr2=26.0.0          --> gnat=15.3.1 (gnat_native) (<16)
   libgpr2=26.0.0          --> gnatcoll=26.0.0 (^26.0.0)
   libgpr2=26.0.0          --> gnatcoll_gmp=26.0.0 (^26.0.0)
   libgpr2=26.0.0          --> gnatcoll_iconv=26.0.0 (^26.0.0)
   libgpr2=26.0.0          --> gprconfig_kb=26.0.0 (^26.0.0)
   libgpr2=26.0.0          --> make=4.4.1 (*)
   libgpr2=26.0.0          --> xmlada=26.0.0 (^26.0.0)
   xmlada=26.0.0           --> gnat=15.3.1 (gnat_native) (>=11)


LOG:
[alr test] Testing libgpr2=26.0.0
[alr test] Spawning retrieval for remote crate: alr -d -n get libgpr2=26.0.0
Note: Deploying libgpr2=26.0.0...

#=#=#                                                                          
##O#-#                                                                         
##=O#- #                                                                       
# #=O#- #                                                                      
 # #=O#-  #                                                                    
Note: Deploying gnat_native=15.3.1...

#=#=#                                                                          
##                                                                         4.0%
#######                                                                   10.4%
############                                                              16.9%
#################                                                         23.7%
###################                                                       27.2%
########################                                                  34.5%
#############################                                             41.5%
##################################                                        47.3%
#########################################                                 57.4%
############################################                              62.4%
###################################################                       70.9%
#########################################################                 79.2%
#############################################################             85.9%
##################################################################        92.0%
######################################################################## 100.0%
Note: gnat_native=15.3.1 installed successfully.
Note: Deploying gprconfig_kb=26.0.0...

#=#=#                                                                          
##O#-#                                                                         
Note: Deploying libgmp=6.3.0...
The system package 'mingw-w64-x86_64-gmp' is about to be installed.
This action might require admin privileges and impact your system installation.
Do you want Alire to install this system package?
Using default: Yes
resolving dependencies...
looking for conflicting packages...

Packages (1) mingw-w64-x86_64-gmp-6.3.0-2

Total Download Size:   0.56 MiB
Total Installed Size:  2.98 MiB

:: Proceed with installation? [Y/n] 
:: Retrieving packages...
 mingw-w64-x86_64-gmp-6.3.0-2-any downloading...
checking keyring...
checking package integrity...
loading package files...
checking for file conflicts...
checking available disk space...
:: Processing package changes...
installing mingw-w64-x86_64-gmp...
Note: Deploying libiconv=1.19.0...
The system package 'mingw-w64-x86_64-libiconv' is about to be installed.
This action might require admin privileges and impact your system installation.
Do you want Alire to install this system package?
Using default: Yes
resolving dependencies...
looking for conflicting packages...

Packages (1) mingw-w64-x86_64-libiconv-1.19-1

Total Download Size:   0.71 MiB
Total Installed Size:  2.44 MiB

:: Proceed with installation? [Y/n] 
:: Retrieving packages...
 mingw-w64-x86_64-libiconv-1.19-1-any downloading...
checking keyring...
checking package integrity...
loading package files...
checking for file conflicts...
checking available disk space...
:: Processing package changes...
installing mingw-w64-x86_64-libiconv...
Note: Deploying make=4.4.1...
The system package 'make' is about to be installed.
This action might require admin privileges and impact your system installation.
Do you want Alire to install this system package?
Using default: Yes
resolving dependencies...
looking for conflicting packages...

Packages (1) make-4.4.1-3

Total Download Size:   0.49 MiB
Total Installed Size:  1.62 MiB

:: Proceed with installation? [Y/n] 
:: Retrieving packages...
 make-4.4.1-3-x86_64 downloading...
checking keyring...
checking package integrity...
loading package files...
checking for file conflicts...
checking available disk space...
:: Processing package changes...
installing make...
:: Running post-transaction hooks...
(1/1) Updating the info directory file...
Note: Deploying gnatcoll_minimal=26.0.0...

#=#=#                                                                          
##O#-#                                                                         
##=O#- #                                                                       
# #=O#- #                                                                      
 # #=O#-  #                                                                    
  # #=O=#   #                                                                  
Note: Deploying xmlada=26.0.0...

#=#=#                                                                          
##O#-#                                                                         
##=O#- #                                                                       
Note: Deploying gnatcoll=26.0.0...

#=#=#                                                                          
##=#=#                                                                         
##-=#=-#                                                                       
# #-=#=-#                                                                      
 # #-=#=- #                                                                    
  # #-=O#-  #                                                                  
   # #-=O#-  #                                                                 
Note: Deploying gnatcoll_gmp=26.0.0...

#=#=#                                                                          
##O#-#                                                                         
##=O#- #                                                                       
Note: Deploying gnatcoll_iconv=26.0.0...

#=#=#                                                                          

libgpr2=26.0.0 successfully retrieved.
Dependencies were solved as follows:

   +b gnat             15.3.1 (new,gnat_native,binary)
   +  gnatcoll         26.0.0 (new)
   +  gnatcoll_gmp     26.0.0 (new)
   +  gnatcoll_iconv   26.0.0 (new)
   +  gnatcoll_minimal 26.0.0 (new,indirect)
   +b gprconfig_kb     26.0.0 (new,binary)
   +b libgmp           6.3.0  (new,indirect,system package)
   +b libiconv         1.19.0 (new,indirect,system package)
   +b make             4.4.1  (new,system package)
   +  xmlada           26.0.0 (new)
[alr test] Spawning default test for remote crate: alr -d -n build --release -- -cargs:Ada -gnatwn
Note: Running post-fetch actions for xmlada=26.0.0...
configure: loading site script /usr/local/etc/config.site
checking build system type... x86_64-pc-mingw64
checking host system type... x86_64-pc-mingw64
checking target system type... x86_64-pc-mingw64
checking whether gnat can build shared libs... yes
checking for a BSD-compatible install... /usr/bin/install -c
checking whether ln -s works... no, using cp -pR
configure: creating ./config.status
config.status: creating xmlada_shared.gpr
config.status: creating Makefile
config.status: creating tests/dom/default.gpr
Note: Running post-fetch actions for libgpr2=26.0.0...
mkdir -p .build/kb
gprbuild -p -P ./kb/collect_kb.gpr -XKB_BUILD_DIR=.build/kb --relocate-build-tree
"..\.build\kb\obj" created
[Ada Compile]     collect_kb.adb
[Ada Bind]        collect_kb
[Ada Post-Bind]   b__collect_kb.adb
[Link]            collect_kb.exe
cp ./kb/gpr2-kb-embedded.ads .build/kb
.build/kb/collect_kb -o .build/kb $GPRCONFIG_KB_ALIRE_PREFIX\\db
collect_kb: parsing c:\users\runneradmin\appdata\local\alire\cache\releases\gprconfig_kb_26.0.0_8d626e98\db...
  c:\users\runneradmin\appdata\local\alire\cache\releases\gprconfig_kb_26.0.0_8d626e98\db\0_default.xml
  c:\users\runneradmin\appdata\local\alire\cache\releases\gprconfig_kb_26.0.0_8d626e98\db\aamp.xml
  c:\users\runneradmin\appdata\local\alire\cache\releases\gprconfig_kb_26.0.0_8d626e98\db\aamp_compilers.xml
  c:\users\runneradmin\appdata\local\alire\cache\releases\gprconfig_kb_26.0.0_8d626e98\db\aarch64-vx7.xml
  c:\users\runneradmin\appdata\local\alire\cache\releases\gprconfig_kb_26.0.0_8d626e98\db\aarch64-vx7r2.xml
  c:\users\runneradmin\appdata\local\alire\cache\releases\gprconfig_kb_26.0.0_8d626e98\db\arm-vx6.xml
  c:\users\runneradmin\appdata\local\alire\cache\releases\gprconfig_kb_26.0.0_8d626e98\db\arm-vx7.xml
  c:\users\runneradmin\appdata\local\alire\cache\releases\gprconfig_kb_26.0.0_8d626e98\db\arm-vx7r2.xml
  c:\users\runneradmin\appdata\local\alire\cache\releases\gprconfig_kb_26.0.0_8d626e98\db\asis.xml
  c:\users\runneradmin\appdata\local\alire\cache\releases\gprconfig_kb_26.0.0_8d626e98\db\asm.xml
  c:\users\runneradmin\appdata\local\alire\cache\releases\gprconfig_kb_26.0.0_8d626e98\db\baselined.xml
  c:\users\runneradmin\appdata\local\alire\cache\releases\gprconfig_kb_26.0.0_8d626e98\db\bin_img.xml
  c:\users\runneradmin\appdata\local\alire\cache\releases\gprconfig_kb_26.0.0_8d626e98\db\c.xml
  c:\users\runneradmin\appdata\local\alire\cache\releases\gprconfig_kb_26.0.0_8d626e98\db\clean.xml
  c:\users\runneradmin\appdata\local\alire\cache\releases\gprconfig_kb_26.0.0_8d626e98\db\compilers-aarch64-vx7r2-clang.xml
  c:\users\runneradmin\appdata\local\alire\cache\releases\gprconfig_kb_26.0.0_8d626e98\db\compilers-arm-vx7.xml
  c:\users\runneradmin\appdata\local\alire\cache\releases\gprconfig_kb_26.0.0_8d626e98\db\compilers-asis.xml
  c:\users\runneradmin\appdata\local\alire\cache\releases\gprconfig_kb_26.0.0_8d626e98\db\compilers-baselined.xml
  c:\users\runneradmin\appdata\local\alire\cache\releases\gprconfig_kb_26.0.0_8d626e98\db\compilers-e500v2-vx6.xml
  c:\users\runneradmin\appdata\local\alire\cache\releases\gprconfig_kb_26.0.0_8d626e98\db\compilers-e500v2-vx653.xml
  c:\users\runneradmin\appdata\local\alire\cache\releases\gprconfig_kb_26.0.0_8d626e98\db\compilers-e500v2-vx7.xml
  c:\users\runneradmin\appdata\local\alire\cache\releases\gprconfig_kb_26.0.0_8d626e98\db\compilers-e500v2-vx7r2.xml
  c:\users\runneradmin\appdata\local\alire\cache\releases\gprconfig_kb_26.0.0_8d626e98\db\compilers-ppc-vx653.xml
  c:\users\runneradmin\appdata\local\alire\cache\releases\gprconfig_kb_26.0.0_8d626e98\db\compilers-ppc-vx7.xml
  c:\users\runneradmin\appdata\local\alire\cache\releases\gprconfig_kb_26.0.0_8d626e98\db\compilers-ppc-vx7r2.xml
  c:\users\runneradmin\appdata\local\alire\cache\releases\gprconfig_kb_26.0.0_8d626e98\db\compilers-ppc64-vx7.xml
  c:\users\runneradmin\appdata\local\alire\cache\releases\gprconfig_kb_26.0.0_8d626e98\db\compilers-ppc64-vx7r2-clang.xml
  c:\users\runneradmin\appdata\local\alire\cache\releases\gprconfig_kb_26.0.0_8d626e98\db\compilers-ppc64-vx7r2.xml
  c:\users\runneradmin\appdata\local\alire\cache\releases\gprconfig_kb_26.0.0_8d626e98\db\compilers-vxworks.xml
  c:\users\runneradmin\appdata\local\alire\cache\releases\gprconfig_kb_26.0.0_8d626e98\db\compilers-x86-vx7.xml
  c:\users\runneradmin\appdata\local\alire\cache\releases\gprconfig_kb_26.0.0_8d626e98\db\compilers-x86_64-vx7.xml
  c:\users\runneradmin\appdata\local\alire\cache\releases\gprconfig_kb_26.0.0_8d626e98\db\compilers-x86_64-vx7r2-clang.xml
  c:\users\runneradmin\appdata\local\alire\cache\releases\gprconfig_kb_26.0.0_8d626e98\db\compilers.xml
  c:\users\runneradmin\appdata\local\alire\cache\releases\gprconfig_kb_26.0.0_8d626e98\db\cpp.xml
  c:\users\runneradmin\appdata\local\alire\cache\releases\gprconfig_kb_26.0.0_8d626e98\db\cross.xml
  c:\users\runneradmin\appdata\local\alire\cache\releases\gprconfig_kb_26.0.0_8d626e98\db\e500v2-vx6.xml
  c:\users\runneradmin\appdata\local\alire\cache\releases\gprconfig_kb_26.0.0_8d626e98\db\e500v2-vx653.xml
  c:\users\runneradmin\appdata\local\alire\cache\releases\gprconfig_kb_26.0.0_8d626e98\db\e500v2-vx7.xml
  c:\users\runneradmin\appdata\local\alire\cache\releases\gprconfig_kb_26.0.0_8d626e98\db\e500v2-vx7r2.xml
  c:\users\runneradmin\appdata\local\alire\cache\releases\gprconfig_kb_26.0.0_8d626e98\db\env.ent
  c:\users\runneradmin\appdata\local\alire\cache\releases\gprconfig_kb_26.0.0_8d626e98\db\fallback_targets.xml
  c:\users\runneradmin\appdata\local\alire\cache\releases\gprconfig_kb_26.0.0_8d626e98\db\fortran.xml
  c:\users\runneradmin\appdata\local\alire\cache\releases\gprconfig_kb_26.0.0_8d626e98\db\gnat.xml
  c:\users\runneradmin\appdata\local\alire\cache\releases\gprconfig_kb_26.0.0_8d626e98\db\gprconfig.xsd
  c:\users\runneradmin\appdata\local\alire\cache\releases\gprconfig_kb_26.0.0_8d626e98\db\linker.xml
  c:\users\runneradmin\appdata\local\alire\cache\releases\gprconfig_kb_26.0.0_8d626e98\db\morello-vx7r2.xml
  c:\users\runneradmin\appdata\local\alire\cache\releases\gprconfig_kb_26.0.0_8d626e98\db\nocompiler.xml
  c:\users\runneradmin\appdata\local\alire\cache\releases\gprconfig_kb_26.0.0_8d626e98\db\ppc-vx6.xml
  c:\users\runneradmin\appdata\local\alire\cache\releases\gprconfig_kb_26.0.0_8d626e98\db\ppc-vx653.xml
  c:\users\runneradmin\appdata\local\alire\cache\releases\gprconfig_kb_26.0.0_8d626e98\db\ppc-vx7.xml
  c:\users\runneradmin\appdata\local\alire\cache\releases\gprconfig_kb_26.0.0_8d626e98\db\ppc-vx7r2.xml
  c:\users\runneradmin\appdata\local\alire\cache\releases\gprconfig_kb_26.0.0_8d626e98\db\ppc64-vx7.xml
  c:\users\runneradmin\appdata\local\alire\cache\releases\gprconfig_kb_26.0.0_8d626e98\db\ppc64-vx7r2.xml
  c:\users\runneradmin\appdata\local\alire\cache\releases\gprconfig_kb_26.0.0_8d626e98\db\shortcuts.ent
  c:\users\runneradmin\appdata\local\alire\cache\releases\gprconfig_kb_26.0.0_8d626e98\db\targetset.xml
  c:\users\runneradmin\appdata\local\alire\cache\releases\gprconfig_kb_26.0.0_8d626e98\db\tricore-compilers.xml
  c:\users\runneradmin\appdata\local\alire\cache\releases\gprconfig_kb_26.0.0_8d626e98\db\tricore-configuration.xml
  c:\users\runneradmin\appdata\local\alire\cache\releases\gprconfig_kb_26.0.0_8d626e98\db\tricore-target.xml
  c:\users\runneradmin\appdata\local\alire\cache\releases\gprconfig_kb_26.0.0_8d626e98\db\vx6.ent
  c:\users\runneradmin\appdata\local\alire\cache\releases\gprconfig_kb_26.0.0_8d626e98\db\vx653.ent
  c:\users\runneradmin\appdata\local\alire\cache\releases\gprconfig_kb_26.0.0_8d626e98\db\vx7.ent
  c:\users\runneradmin\appdata\local\alire\cache\releases\gprconfig_kb_26.0.0_8d626e98\db\vx7r2.ent
  c:\users\runneradmin\appdata\local\alire\cache\releases\gprconfig_kb_26.0.0_8d626e98\db\vx7r2_compilers.xml
  c:\users\runneradmin\appdata\local\alire\cache\releases\gprconfig_kb_26.0.0_8d626e98\db\vxworks.ent
  c:\users\runneradmin\appdata\local\alire\cache\releases\gprconfig_kb_26.0.0_8d626e98\db\vxworks.xml
  c:\users\runneradmin\appdata\local\alire\cache\releases\gprconfig_kb_26.0.0_8d626e98\db\windres.xml
  c:\users\runneradmin\appdata\local\alire\cache\releases\gprconfig_kb_26.0.0_8d626e98\db\x86-vx6.xml
  c:\users\runneradmin\appdata\local\alire\cache\releases\gprconfig_kb_26.0.0_8d626e98\db\x86-vx7.xml
  c:\users\runneradmin\appdata\local\alire\cache\releases\gprconfig_kb_26.0.0_8d626e98\db\x86-vx7r2.xml
  c:\users\runneradmin\appdata\local\alire\cache\releases\gprconfig_kb_26.0.0_8d626e98\db\x86_64-vx7.xml
  c:\users\runneradmin\appdata\local\alire\cache\releases\gprconfig_kb_26.0.0_8d626e98\db\x86_64-vx7r2.xml
Note: Building libgpr2=26.0.0/gpr2.gpr...
"C:\Users\runneradmin\AppData\Local\alire\cache\builds\gnatcoll_minimal_26.0.0_cc5dd0a1\e9a495ac2b76c5ceed0eb1261c22f0c1a2e37a472702171974749d381fd59476\minimal\obj\gnatcoll_minimal\all" created
"C:\Users\runneradmin\AppData\Local\alire\cache\builds\gnatcoll_minimal_26.0.0_cc5dd0a1\e9a495ac2b76c5ceed0eb1261c22f0c1a2e37a472702171974749d381fd59476\minimal\lib\gnatcoll_core\static" created
"C:\Users\runneradmin\AppData\Local\alire\cache\builds\gnatcoll_26.0.0_cc5dd0a1\6f525b53cf0c90a73baa434920646bb3ce44293557944d19282931b683b7ed59\core\obj\gnatcoll_core\all" created
"C:\Users\runneradmin\AppData\Local\alire\cache\builds\gnatcoll_26.0.0_cc5dd0a1\6f525b53cf0c90a73baa434920646bb3ce44293557944d19282931b683b7ed59\core\lib\gnatcoll_core\static" created
"C:\Users\runneradmin\AppData\Local\alire\cache\builds\gnatcoll_gmp_26.0.0_dacec6f3\5c9afb30f8e15fbdf74d396b460422501dbf57e6909353553727e9c8ab2c6999\gmp\obj\static" created
"C:\Users\runneradmin\AppData\Local\alire\cache\builds\gnatcoll_gmp_26.0.0_dacec6f3\5c9afb30f8e15fbdf74d396b460422501dbf57e6909353553727e9c8ab2c6999\gmp\lib\static" created
"C:\Users\runneradmin\AppData\Local\alire\cache\builds\gnatcoll_iconv_26.0.0_dacec6f3\d336ca9210e7ff872946e57ae1cf4523d41f84aa4363ef4eab02ed857278bd01\iconv\obj\static" created
"C:\Users\runneradmin\AppData\Local\alire\cache\builds\gnatcoll_iconv_26.0.0_dacec6f3\d336ca9210e7ff872946e57ae1cf4523d41f84aa4363ef4eab02ed857278bd01\iconv\lib\static" created
"C:\Users\runneradmin\AppData\Local\alire\cache\builds\xmlada_26.0.0_b140ed4a\d742d3eb05395e43cb8d228624b1f652ccc6ec71a070dc9d50d1ba6f2db9480b\sax\obj\static" created
"C:\Users\runneradmin\AppData\Local\alire\cache\builds\xmlada_26.0.0_b140ed4a\d742d3eb05395e43cb8d228624b1f652ccc6ec71a070dc9d50d1ba6f2db9480b\sax\lib\static" created
"C:\Users\runneradmin\AppData\Local\alire\cache\builds\xmlada_26.0.0_b140ed4a\d742d3eb05395e43cb8d228624b1f652ccc6ec71a070dc9d50d1ba6f2db9480b\schema\obj\static" created
".build\release\obj-static" created
".build\release\lib-static" created
[Ada Compile]     gnatcoll-arg_lists.adb
[Ada Compile]     gnatcoll-buffer.adb
[Ada Compile]     gnatcoll-config.adb
[Ada Compile]     gnatcoll-directed_graph.adb
[Ada Compile]     gnatcoll-email-mailboxes.adb
[Ada Compile]     gnatcoll-email-parser.adb
[Ada Compile]     gnatcoll-email-utils.adb
[Ada Compile]     gnatcoll-email.adb
[Ada Compile]     gnatcoll-file_indexes.adb
[Ada Compile]     gnatcoll-file_paths.adb
[Ada Compile]     gnatcoll-format_columns_vertical.ads
[Ada Compile]     gnatcoll-formatters.adb
[Ada Compile]     gnatcoll-geometry.adb
[Ada Compile]     gnatcoll-hash-blake3.adb
[Ada Compile]     gnatcoll-hash-xxhash__generic.adb
[Ada Compile]     gnatcoll-hash.ads
[Ada Compile]     gnatcoll-io-native.adb
[Ada Compile]     gnatcoll-io-remote-unix.adb
[Ada Compile]     gnatcoll-io-remote-windows.adb
[Ada Compile]     gnatcoll-io-remote.adb
[Ada Compile]     gnatcoll-io.adb
[Ada Compile]     gnatcoll-json-utility.adb
[Ada Compile]     gnatcoll-json.adb
[Ada Compile]     gnatcoll-mmap-system__win32.adb
[Ada Compile]     gnatcoll-mmap.adb
[Ada Compile]     gnatcoll-opt_parse-misc_parsers.adb
[Ada Compile]     gnatcoll-opt_parse.adb
[Ada Compile]     gnatcoll-os-constants__windows.ads
[Ada Compile]     gnatcoll-os-dir.adb
[Ada Compile]     gnatcoll-os-dir_types__win32.ads
[Ada Compile]     gnatcoll-os-fs.adb
[Ada Compile]     gnatcoll-os-fsutil.adb
[Ada Compile]     gnatcoll-os-process.adb
[Ada Compile]     gnatcoll-os-process_types__win32.adb
[Ada Compile]     gnatcoll-os-random__win32.adb
[Ada Compile]     gnatcoll-os-stat.adb
[Ada Compile]     gnatcoll-os-temp.adb
[Ada Compile]     gnatcoll-os-win32-files.adb
[Ada Compile]     gnatcoll-os-win32-process.ads
[Ada Compile]     gnatcoll-os-win32-strings.adb
[Ada Compile]     gnatcoll-os-win32.adb
[Ada Compile]     gnatcoll-os.ads
[Ada Compile]     gnatcoll-paragraph_filling-badnesses.adb
[Ada Compile]     gnatcoll-paragraph_filling-words.adb
[Ada Compile]     gnatcoll-paragraph_filling.adb
[Ada Compile]     gnatcoll-path.adb
[Ada Compile]     gnatcoll-plugins__windows.adb
[Ada Compile]     gnatcoll-pools.adb
[Ada Compile]     gnatcoll-random.adb
[Ada Compile]     gnatcoll-remote-db.adb
[Ada Compile]     gnatcoll-remote.ads
[Ada Compile]     gnatcoll-scripts-impl.adb
[Ada Compile]     gnatcoll-scripts-utils.adb
[Ada Compile]     gnatcoll-scripts.adb
[Ada Compile]     gnatcoll-string_builders.adb
[Ada Compile]     gnatcoll-string_list_builders.adb
[Ada Compile]     gnatcoll-strings.ads
[Ada Compile]     gnatcoll-strings_impl.adb
[Ada Compile]     gnatcoll-symbols.adb
[Ada Compile]     gnatcoll-templates.adb
[Ada Compile]     gnatcoll-terminal.adb
[Ada Compile]     gnatcoll-traces.adb
[Ada Compile]     gnatcoll-utils.adb
[Ada Compile]     gnatcoll-vfs.adb
[Ada Compile]     gnatcoll-vfs_types.ads
[Ada Compile]     gnatcoll-vfs_utils.adb
[Ada Compile]     gnatcoll-wstring_builders.adb
[Ada Compile]     gnatcoll-wstring_list_builders.adb
[C Compile]       blake3.c
[C Compile]       blake3_dispatch.c
[C Compile]       blake3_portable.c
[C Compile]       executable_path.c
[C Compile]       gnatcoll_support.c
[C Compile]       link_max.c
[C Compile]       objlist_file.c
[C Compile]       run_path_option.c
[C Compile]       separate_run_path_option.c
[C Compile]       set_std_prefix.c
[C Compile]       terminals.c
[C Compile]       update_path.c
[C Compile]       win32-wrappers.c
[C Compile]       xxhash.c
[Ada Compile]     gnatcoll-gmp-integers-io.adb
[Ada Compile]     gnatcoll-gmp-integers-misc.adb
[Ada Compile]     gnatcoll-gmp-integers-number_theoretic.adb
[Ada Compile]     gnatcoll-gmp-integers-random.adb
[Ada Compile]     gnatcoll-gmp-integers-root_extraction.adb
[Ada Compile]     gnatcoll-gmp-integers.adb
[Ada Compile]     gnatcoll-gmp-lib.ads
[Ada Compile]     gnatcoll-gmp-random_state.adb
[Ada Compile]     gnatcoll-gmp-rational_numbers.adb
[Archive]         libgnatcoll_core.a
[Ada Compile]     gnatcoll-gmp.ads
[C Compile]       gmp_support.c
[C Compile]       gnatcoll-gmp-mpz_even_p.c
[C Compile]       gnatcoll-gmp-mpz_odd_p.c
[C Compile]       gnatcoll-gmp-mpz_sign.c
[Ada Compile]     gnatcoll-iconv.adb
[C Compile]       iconv_support.c
[Ada Compile]     gnatcoll-any_types.adb
[Ada Compile]     gnatcoll-asserts.adb
[Ada Compile]     gnatcoll-atomic.adb
[Archive]         libgnatcoll_gmp.a
[Ada Compile]     gnatcoll-boyer_moore.adb
[Ada Compile]     gnatcoll-coders-base64.adb
[Ada Compile]     gnatcoll-coders-streams.adb
[Archive]         libgnatcoll_iconv.a
[Ada Compile]     gnatcoll-coders.adb
[Ada Compile]     gnatcoll-damerau_levenshtein_distance.ads
[Ada Compile]     gnatcoll-damerau_levenshtein_generic.adb
[Ada Compile]     gnatcoll-locks.adb
[Ada Compile]     gnatcoll-memory.adb
[Ada Compile]     gnatcoll-promises.adb
[Ada Compile]     gnatcoll-refcount-weakref.adb
[Ada Compile]     gnatcoll-refcount.adb
[Ada Compile]     gnatcoll-storage_pools-alignment.adb
gnatcoll-refcount.ads:90:04: warning: in instantiation at gnatcoll-storage_pools-headers.adb:57 [enabled by default]
gnatcoll-refcount.ads:90:04: warning: possible aliasing problem for type "Header_Access" [enabled by default]
gnatcoll-refcount.ads:90:04: warning: use -fno-strict-aliasing switch for references [enabled by default]
gnatcoll-refcount.ads:90:04: warning: or use "pragma No_Strict_Aliasing (Header_Access);" [enabled by default]
[Ada Compile]     gnatcoll-storage_pools-headers.adb
[Ada Compile]     gnatcoll-storage_pools.ads
[Ada Compile]     gnatcoll-tribooleans.adb
[Ada Compile]     gnatcoll.ads
[C Compile]       getRSS.c
[C Compile]       gnatcoll_atomics.c
[Ada Compile]     dom-core-attrs.adb
[Ada Compile]     dom-core-cdata_sections.ads
[Ada Compile]     dom-core-character_datas.adb
[Ada Compile]     dom-core-comments.ads
[Ada Compile]     dom-core-document_fragments.ads
[Ada Compile]     dom-core-document_types.adb
[Ada Compile]     dom-core-documents.adb
[Ada Compile]     dom-core-elements.adb
[Ada Compile]     dom-core-entity_references.ads
[Ada Compile]     dom-core-nodes.adb
[Ada Compile]     dom-core-notations.adb
[Ada Compile]     dom-core-processing_instructions.ads
[Ada Compile]     dom-core-texts.adb
[Ada Compile]     dom-core.adb
[Ada Compile]     dom-readers.adb
[Archive]         libgnatcoll_minimal.a
[Ada Compile]     dom.ads
[Ada Compile]     input_sources-file.adb
[Ada Compile]     input_sources-http.adb
[Ada Compile]     input_sources-socket.adb
[Ada Compile]     input_sources-strings.adb
[Ada Compile]     input_sources.adb
[Ada Compile]     sax-attributes.adb
[Archive]         libxmlada_dom.a
[Ada Compile]     sax-encodings.ads
[Ada Compile]     sax-exceptions.adb
[Ada Compile]     sax-htable.adb
[Archive]         libxmlada_input_sources.a
[Ada Compile]     sax-locators.adb
[Ada Compile]     sax-models.adb
[Ada Compile]     sax-pointers.adb
[Ada Compile]     sax-readers.adb
[Ada Compile]     sax-state_machines.adb
[Ada Compile]     sax-symbols.adb
[Ada Compile]     sax-utils.adb
[Ada Compile]     sax.ads
[Ada Compile]     schema-date_time.adb
[Ada Compile]     schema-decimal.adb
[Ada Compile]     schema-dom_readers.adb
[Ada Compile]     schema-readers.adb
[Ada Compile]     schema-schema_readers.adb
[Ada Compile]     schema-simple_types.adb
[Ada Compile]     schema-validators-xsd_grammar.adb
[Ada Compile]     schema-validators.adb
[Archive]         libxmlada_sax.a
[Ada Compile]     schema.adb
[Ada Compile]     unicode-ccs-iso_8859_1.adb
[Ada Compile]     unicode-ccs-iso_8859_15.adb
[Ada Compile]     unicode-ccs-iso_8859_2.adb
[Ada Compile]     unicode-ccs-iso_8859_3.adb
[Ada Compile]     unicode-ccs-iso_8859_4.adb
[Ada Compile]     unicode-ccs-windows_1251.adb
[Ada Compile]     unicode-ccs-windows_1252.adb
[Ada Compile]     unicode-ccs.adb
[Ada Compile]     unicode-ces-basic_8bit.adb
[Ada Compile]     unicode-ces-utf16.adb
[Ada Compile]     unicode-ces-utf32.adb
[Ada Compile]     unicode-ces-utf8.adb
[Ada Compile]     unicode-ces.adb
[Ada Compile]     unicode-encodings.adb
[Ada Compile]     unicode-names-aegean_numbers.ads
[Ada Compile]     unicode-names-ahom.ads
[Ada Compile]     unicode-names-alchemical_symbols.ads
[Ada Compile]     unicode-names-alpha_presentation_forms.ads
[Ada Compile]     unicode-names-anatolian_hieroglyphs.ads
[Ada Compile]     unicode-names-ancient_greek_music.ads
[Ada Compile]     unicode-names-ancient_greek_numbers.ads
[Ada Compile]     unicode-names-ancient_symbols.ads
[Ada Compile]     unicode-names-arabic.ads
[Ada Compile]     unicode-names-arabic_extended_a.ads
[Ada Compile]     unicode-names-arabic_math_alpha_symb.ads
[Ada Compile]     unicode-names-arabic_present_formsa.ads
[Ada Compile]     unicode-names-arabic_present_formsb.ads
[Ada Compile]     unicode-names-arabic_supplement.ads
[Ada Compile]     unicode-names-armenian.ads
[Ada Compile]     unicode-names-arrows.ads
[Ada Compile]     unicode-names-avestan.ads
[Ada Compile]     unicode-names-balinese.ads
[Ada Compile]     unicode-names-bamum.ads
[Ada Compile]     unicode-names-bamum_supplement.ads
[Ada Compile]     unicode-names-basic_latin.ads
[Ada Compile]     unicode-names-bassa_vah.ads
[Ada Compile]     unicode-names-batak.ads
[Ada Compile]     unicode-names-bengali.ads
[Ada Compile]     unicode-names-block_elements.ads
[Ada Compile]     unicode-names-bopomofo.ads
[Ada Compile]     unicode-names-bopomofo_extended.ads
[Ada Compile]     unicode-names-box_drawing.ads
[Ada Compile]     unicode-names-brahmi.ads
[Ada Compile]     unicode-names-braille_patterns.ads
[Ada Compile]     unicode-names-buginese.ads
[Ada Compile]     unicode-names-buhid.ads
[Ada Compile]     unicode-names-byzantine_musical_symbols.ads
[Ada Compile]     unicode-names-canadian_aboriginal.ads
[Ada Compile]     unicode-names-canadian_aboriginal_ext.ads
[Ada Compile]     unicode-names-carian.ads
[Ada Compile]     unicode-names-caucasian_albanian.ads
[Ada Compile]     unicode-names-chakma.ads
[Ada Compile]     unicode-names-cham.ads
[Ada Compile]     unicode-names-cherokee.ads
[Ada Compile]     unicode-names-cherokee_supplement.ads
[Ada Compile]     unicode-names-cjk_compat_ideo_sup.ads
[Ada Compile]     unicode-names-cjk_compat_ideographs.ads
[Ada Compile]     unicode-names-cjk_compatibility.ads
[Ada Compile]     unicode-names-cjk_compatibility_forms.ads
[Ada Compile]     unicode-names-cjk_letters_months.ads
[Ada Compile]     unicode-names-cjk_radicals_supplement.ads
[Ada Compile]     unicode-names-cjk_strokes.ads
[Ada Compile]     unicode-names-cjk_symbols_and_punct.ads
[Ada Compile]     unicode-names-combining_diacritical.ads
[Ada Compile]     unicode-names-combining_diacritical_ext.ads
[Ada Compile]     unicode-names-combining_diacritical_sup.ads
[Ada Compile]     unicode-names-combining_diacritical_sym.ads
[Ada Compile]     unicode-names-combining_half_marks.ads
[Ada Compile]     unicode-names-common_indic_number_forms.ads
[Ada Compile]     unicode-names-control_pictures.ads
[Ada Compile]     unicode-names-coptic.ads
[Ada Compile]     unicode-names-coptic_epact_numbers.ads
[Ada Compile]     unicode-names-counting_rod_numerals.ads
[Ada Compile]     unicode-names-cuneiform.ads
[Ada Compile]     unicode-names-cuneiform_num_punctuation.ads
[Ada Compile]     unicode-names-currency_symbols.ads
[Ada Compile]     unicode-names-cypriot_syllabary.ads
[Ada Compile]     unicode-names-cyrillic.ads
[Ada Compile]     unicode-names-cyrillic_extended_a.ads
[Ada Compile]     unicode-names-cyrillic_extended_b.ads
[Ada Compile]     unicode-names-cyrillic_supplement.ads
[Ada Compile]     unicode-names-deseret.ads
[Ada Compile]     unicode-names-devanagari.ads
[Ada Compile]     unicode-names-devanagari_extended.ads
[Ada Compile]     unicode-names-dingbats.ads
[Ada Compile]     unicode-names-domino_tiles.ads
[Ada Compile]     unicode-names-duployan.ads
[Ada Compile]     unicode-names-early_dynastic_cuneiform.ads
[Ada Compile]     unicode-names-egyptian_hieroglyphs.ads
[Ada Compile]     unicode-names-elbasan.ads
[Ada Compile]     unicode-names-emoticons.ads
[Ada Compile]     unicode-names-enclosed_alphanum_sup.ads
[Ada Compile]     unicode-names-enclosed_alphanumerics.ads
[Ada Compile]     unicode-names-enclosed_ideographic_sup.ads
[Ada Compile]     unicode-names-ethiopic.ads
[Ada Compile]     unicode-names-ethiopic_extended.ads
[Ada Compile]     unicode-names-ethiopic_extended_a.ads
[Ada Compile]     unicode-names-ethiopic_supplement.ads
[Ada Compile]     unicode-names-general_punctuation.ads
[Ada Compile]     unicode-names-geometric_shapes.ads
[Ada Compile]     unicode-names-geometric_shapes_extended.ads
[Ada Compile]     unicode-names-georgian.ads
[Ada Compile]     unicode-names-georgian_supplement.ads
[Ada Compile]     unicode-names-glagolitic.ads
[Ada Compile]     unicode-names-gothic.ads
[Ada Compile]     unicode-names-grantha.ads
[Ada Compile]     unicode-names-greek_and_coptic.ads
[Ada Compile]     unicode-names-greek_extended.ads
[Ada Compile]     unicode-names-gujarati.ads
[Ada Compile]     unicode-names-gurmukhi.ads
[Ada Compile]     unicode-names-half_full_width_forms.ads
[Ada Compile]     unicode-names-hangul_compatibility_jamo.ads
[Ada Compile]     unicode-names-hangul_jamo.ads
[Ada Compile]     unicode-names-hangul_jamo_extended_a.ads
[Ada Compile]     unicode-names-hangul_jamo_extended_b.ads
[Ada Compile]     unicode-names-hanunoo.ads
[Ada Compile]     unicode-names-hatran.ads
[Ada Compile]     unicode-names-hebrew.ads
[Ada Compile]     unicode-names-hiragana.ads
[Ada Compile]     unicode-names-ideograph_descr_chars.ads
[Ada Compile]     unicode-names-imperial_aramaic.ads
[Ada Compile]     unicode-names-inscriptional_pahlavi.ads
[Ada Compile]     unicode-names-inscriptional_parthian.ads
[Ada Compile]     unicode-names-ipa_extensions.ads
[Ada Compile]     unicode-names-javanese.ads
[Ada Compile]     unicode-names-kaithi.ads
[Ada Compile]     unicode-names-kana_supplement.ads
[Ada Compile]     unicode-names-kanbun.ads
[Ada Compile]     unicode-names-kangxi_radicals.ads
[Ada Compile]     unicode-names-kannada.ads
[Ada Compile]     unicode-names-katakana.ads
[Ada Compile]     unicode-names-katakana_phonetic_ext.ads
[Ada Compile]     unicode-names-kayah_li.ads
[Ada Compile]     unicode-names-kharoshthi.ads
[Ada Compile]     unicode-names-khmer.ads
[Ada Compile]     unicode-names-khmer_symbols.ads
[Ada Compile]     unicode-names-khojki.ads
[Ada Compile]     unicode-names-khudawadi.ads
[Ada Compile]     unicode-names-lao.ads
[Ada Compile]     unicode-names-latin_1_supplement.ads
[Ada Compile]     unicode-names-latin_extended_a.ads
[Ada Compile]     unicode-names-latin_extended_additional.ads
[Ada Compile]     unicode-names-latin_extended_b.ads
[Ada Compile]     unicode-names-latin_extended_c.ads
[Ada Compile]     unicode-names-latin_extended_d.ads
[Ada Compile]     unicode-names-latin_extended_e.ads
[Ada Compile]     unicode-names-lepcha.ads
[Ada Compile]     unicode-names-letterlike_symbols.ads
[Ada Compile]     unicode-names-limbu.ads
[Ada Compile]     unicode-names-linear_a.ads
[Ada Compile]     unicode-names-linear_b_ideograms.ads
[Ada Compile]     unicode-names-linear_b_syllabary.ads
[Ada Compile]     unicode-names-lisu.ads
[Ada Compile]     unicode-names-lycian.ads
[Ada Compile]     unicode-names-lydian.ads
[Ada Compile]     unicode-names-mahajani.ads
[Ada Compile]     unicode-names-mahjong_tiles.ads
[Ada Compile]     unicode-names-malayalam.ads
[Ada Compile]     unicode-names-mandaic.ads
[Ada Compile]     unicode-names-manichaean.ads
[Ada Compile]     unicode-names-math_alphanumeric_symb.ads
[Ada Compile]     unicode-names-mathematical_operators.ads
[Ada Compile]     unicode-names-meetei_mayek.ads
[Ada Compile]     unicode-names-meetei_mayek_extensions.ads
[Ada Compile]     unicode-names-mende_kikakui.ads
[Ada Compile]     unicode-names-meroitic_cursive.ads
[Ada Compile]     unicode-names-meroitic_hieroglyphs.ads
[Ada Compile]     unicode-names-miao.ads
[Ada Compile]     unicode-names-misc_math_symbols_a.ads
[Ada Compile]     unicode-names-misc_math_symbols_b.ads
[Ada Compile]     unicode-names-misc_symbols_and_arrows.ads
[Ada Compile]     unicode-names-misc_symbols_pictographs.ads
[Ada Compile]     unicode-names-miscellaneous_symbols.ads
[Ada Compile]     unicode-names-miscellaneous_technical.ads
[Ada Compile]     unicode-names-modi.ads
[Ada Compile]     unicode-names-modifier_tone_letters.ads
[Ada Compile]     unicode-names-mongolian.ads
[Ada Compile]     unicode-names-mro.ads
[Ada Compile]     unicode-names-multani.ads
[Ada Compile]     unicode-names-musical_symbols.ads
[Ada Compile]     unicode-names-myanmar.ads
[Ada Compile]     unicode-names-myanmar_extended_a.ads
[Ada Compile]     unicode-names-myanmar_extended_b.ads
[Ada Compile]     unicode-names-nabataean.ads
[Ada Compile]     unicode-names-new_tai_lue.ads
[Ada Compile]     unicode-names-nko.ads
[Ada Compile]     unicode-names-number_forms.ads
[Ada Compile]     unicode-names-ogham.ads
[Ada Compile]     unicode-names-ol_chiki.ads
[Ada Compile]     unicode-names-old_hungarian.ads
[Ada Compile]     unicode-names-old_italic.ads
[Ada Compile]     unicode-names-old_north_arabian.ads
[Ada Compile]     unicode-names-old_permic.ads
[Ada Compile]     unicode-names-old_persian.ads
[Ada Compile]     unicode-names-old_south_arabian.ads
[Ada Compile]     unicode-names-old_turkic.ads
[Ada Compile]     unicode-names-optical_chars_recognition.ads
[Ada Compile]     unicode-names-oriya.ads
[Ada Compile]     unicode-names-ornamental_dingbats.ads
[Ada Compile]     unicode-names-osmanya.ads
[Ada Compile]     unicode-names-pahawh_hmong.ads
[Ada Compile]     unicode-names-palmyrene.ads
[Ada Compile]     unicode-names-pau_cin_hau.ads
[Ada Compile]     unicode-names-phags_pa.ads
[Ada Compile]     unicode-names-phaistos_disc.ads
[Ada Compile]     unicode-names-phoenician.ads
[Ada Compile]     unicode-names-phonetic_ext_sup.ads
[Ada Compile]     unicode-names-phonetic_extensions.ads
[Ada Compile]     unicode-names-playing_cards.ads
[Ada Compile]     unicode-names-psalter_pahlavi.ads
[Ada Compile]     unicode-names-rejang.ads
[Ada Compile]     unicode-names-rumi_numeral_symbols.ads
[Ada Compile]     unicode-names-runic.ads
[Ada Compile]     unicode-names-samaritan.ads
[Ada Compile]     unicode-names-saurashtra.ads
[Ada Compile]     unicode-names-sharada.ads
[Ada Compile]     unicode-names-shavian.ads
[Ada Compile]     unicode-names-shorthand_format_controls.ads
[Ada Compile]     unicode-names-siddham.ads
[Ada Compile]     unicode-names-sinhala.ads
[Ada Compile]     unicode-names-sinhala_archaic_numbers.ads
[Ada Compile]     unicode-names-small_form_variants.ads
[Ada Compile]     unicode-names-sora_sompeng.ads
[Ada Compile]     unicode-names-spacing_modifier_letters.ads
[Archive]         libxmlada_schema.a
[Ada Compile]     unicode-names-specials.ads
[Ada Compile]     unicode-names-sundanese.ads
[Ada Compile]     unicode-names-sundanese_supplement.ads
[Ada Compile]     unicode-names-sup_math_operators.ads
[Ada Compile]     unicode-names-sup_symbols_pictographs.ads
[Ada Compile]     unicode-names-super_and_sub_scripts.ads
[Ada Compile]     unicode-names-supplemental_arrows_a.ads
[Ada Compile]     unicode-names-supplemental_arrows_b.ads
[Ada Compile]     unicode-names-supplemental_arrows_c.ads
[Ada Compile]     unicode-names-supplemental_punctuation.ads
[Ada Compile]     unicode-names-sutton_signwriting.ads
[Ada Compile]     unicode-names-syloti_nagri.ads
[Ada Compile]     unicode-names-syriac.ads
[Ada Compile]     unicode-names-tagalog.ads
[Ada Compile]     unicode-names-tagbanwa.ads
[Ada Compile]     unicode-names-tags.ads
[Ada Compile]     unicode-names-tai_le.ads
[Ada Compile]     unicode-names-tai_tham.ads
[Ada Compile]     unicode-names-tai_viet.ads
[Ada Compile]     unicode-names-tai_xuan_jing_symbols.ads
[Ada Compile]     unicode-names-takri.ads
[Ada Compile]     unicode-names-tamil.ads
[Ada Compile]     unicode-names-telugu.ads
[Ada Compile]     unicode-names-thaana.ads
[Ada Compile]     unicode-names-thai.ads
[Ada Compile]     unicode-names-tibetan.ads
[Ada Compile]     unicode-names-tifinagh.ads
[Ada Compile]     unicode-names-tirhuta.ads
[Ada Compile]     unicode-names-transport_and_map_symbols.ads
[Ada Compile]     unicode-names-ugaritic.ads
[Ada Compile]     unicode-names-vai.ads
[Ada Compile]     unicode-names-variation_selectors.ads
[Ada Compile]     unicode-names-variation_selectors_sup.ads
[Ada Compile]     unicode-names-vedic_extensions.ads
[Ada Compile]     unicode-names-vertical_forms.ads
[Ada Compile]     unicode-names-warang_citi.ads
[Ada Compile]     unicode-names-yi_radicals.ads
[Ada Compile]     unicode-names-yi_syllables.ads
[Ada Compile]     unicode-names-yijing_hexagram_symbols.ads
[Ada Compile]     unicode-names.ads
[Ada Compile]     unicode.adb
[Ada Compile]     gpr2-build-actions-ada_bind.adb
[Ada Compile]     gpr2-build-actions-archive_extract.adb
[Ada Compile]     gpr2-build-actions-archive_table_list.adb
[Archive]         libxmlada_unicode.a
[Ada Compile]     gpr2-build-actions-compile-ada.adb
[Ada Compile]     gpr2-build-actions-compile.adb
[Ada Compile]     gpr2-build-actions-link-partial.adb
[Ada Compile]     gpr2-build-actions-link.adb
[Ada Compile]     gpr2-build-actions-link_options_extract.adb
[Ada Compile]     gpr2-build-actions-link_options_insert.adb
[Ada Compile]     gpr2-build-actions-post_bind.adb
[Ada Compile]     gpr2-build-actions-sets.ads
[Ada Compile]     gpr2-build-actions.adb
[Ada Compile]     gpr2-build-actions_population.adb
[Ada Compile]     gpr2-build-ali_parser.adb
[Ada Compile]     gpr2-build-artifacts-files.adb
[Ada Compile]     gpr2-build-artifacts-key_value.adb
[Ada Compile]     gpr2-build-artifacts-library.ads
[Ada Compile]     gpr2-build-artifacts-object_file.ads
[Ada Compile]     gpr2-build-artifacts.adb
[Ada Compile]     gpr2-build-command_line.adb
[Ada Compile]     gpr2-build-compilation_unit-maps.ads
[Ada Compile]     gpr2-build-compilation_unit.adb
[Ada Compile]     gpr2-build-external_options.adb
[Ada Compile]     gpr2-build-jobserver.adb
[Ada Compile]     gpr2-build-jobserver_protocol-pipe.adb
[Ada Compile]     gpr2-build-jobserver_protocol-semaphore.adb
[Ada Compile]     gpr2-build-jobserver_protocol.ads
[Ada Compile]     gpr2-build-makefile_parser.adb
[Ada Compile]     gpr2-build-options.ads
[Ada Compile]     gpr2-build-process_manager-json.adb
[Ada Compile]     gpr2-build-process_manager.adb
[Ada Compile]     gpr2-build-response_files.adb
[Ada Compile]     gpr2-build-signature.adb
[Ada Compile]     gpr2-build-source-sets.adb
[Ada Compile]     gpr2-build-source.ads
[Ada Compile]     gpr2-build-source_base-ada_parser.adb
[Ada Compile]     gpr2-build-source_base-vectors.ads
[Ada Compile]     gpr2-build-source_base.adb
[Ada Compile]     gpr2-build-tree_db.adb
[Ada Compile]     gpr2-build-unit_info-list.adb
[Ada Compile]     gpr2-build-unit_info.adb
[Ada Compile]     gpr2-build-view_db.adb
[Ada Compile]     gpr2-build-view_tables.adb
[Ada Compile]     gpr2-build.ads
[Ada Compile]     gpr2-builtin.adb
[Ada Compile]     gpr2-configuration_internal.adb
[Ada Compile]     gpr2-containers.adb
[Ada Compile]     gpr2-context.adb
[Ada Compile]     gpr2-environment.adb
[Ada Compile]     gpr2-file_readers.adb
[Ada Compile]     gpr2-kb-compiler_iterator.adb
[Ada Compile]     gpr2-kb-embedded.adb
[Ada Compile]     gpr2-kb-parsing.adb
[Ada Compile]     gpr2-kb.adb
[Ada Compile]     gpr2-log.adb
[Ada Compile]     gpr2-message.adb
[Ada Compile]     gpr2-options-opt_parse.adb
[Ada Compile]     gpr2-options.adb
[Ada Compile]     gpr2-pack_internal.ads
[Ada Compile]     gpr2-path_name-set.adb
[Ada Compile]     gpr2-path_name.adb
[Ada Compile]     gpr2-project-attr_values.adb
[Ada Compile]     gpr2-project-attribute-set.adb
[Ada Compile]     gpr2-project-attribute.adb
[Ada Compile]     gpr2-project-attribute_cache.adb
[Ada Compile]     gpr2-project-attribute_index.adb
[Ada Compile]     gpr2-project-configuration.adb
[Ada Compile]     gpr2-project-external-set.ads
[Ada Compile]     gpr2-project-external.adb
[Ada Compile]     gpr2-project-import-set.adb
[Ada Compile]     gpr2-project-import.adb
[Ada Compile]     gpr2-project-name_values.adb
[Ada Compile]     gpr2-project-pretty_printer.adb
[Ada Compile]     gpr2-project-registry-attribute-description.adb
[Ada Compile]     gpr2-project-registry-attribute.adb
[Ada Compile]     gpr2-project-registry-exchange.adb
[Ada Compile]     gpr2-project-registry-pack-description.adb
[Ada Compile]     gpr2-project-registry-pack.adb
[Ada Compile]     gpr2-project-registry.ads
[Ada Compile]     gpr2-project-tree-view_builder.adb
[Ada Compile]     gpr2-project-tree.adb
[Ada Compile]     gpr2-project-typ-set.ads
[Ada Compile]     gpr2-project-typ.adb
[Ada Compile]     gpr2-project-variable-set.ads
[Ada Compile]     gpr2-project-variable.adb
[Ada Compile]     gpr2-project-view-set.ads
[Ada Compile]     gpr2-project-view-vector.ads
[Ada Compile]     gpr2-project-view.adb
[Ada Compile]     gpr2-project.adb
[Ada Compile]     gpr2-project_parser-create.adb
[Ada Compile]     gpr2-project_parser-registry.adb
[Ada Compile]     gpr2-project_parser-set.ads
[Ada Compile]     gpr2-project_parser.adb
[Ada Compile]     gpr2-reporter-console.adb
[Ada Compile]     gpr2-reporter-holders.ads
[Ada Compile]     gpr2-reporter-log.adb
[Ada Compile]     gpr2-reporter.adb
[Ada Compile]     gpr2-source_reference-attribute.ads
[Ada Compile]     gpr2-source_reference-identifier-set.ads
[Ada Compile]     gpr2-source_reference-identifier.ads
[Ada Compile]     gpr2-source_reference-pack.ads
[Ada Compile]     gpr2-source_reference-scalar_value.ads
[Ada Compile]     gpr2-source_reference-text_value-g_set.ads
[Ada Compile]     gpr2-source_reference-text_value.adb
[Ada Compile]     gpr2-source_reference-value.ads
[Ada Compile]     gpr2-source_reference.adb
[Ada Compile]     gpr2-tree_internal-view_builder.adb
[Ada Compile]     gpr2-tree_internal.adb
[Ada Compile]     gpr2-utils-hash.adb
[Ada Compile]     gpr2-utils.ads
[Ada Compile]     gpr2-version.adb
[Ada Compile]     gpr2-view_base_internal.ads
[Ada Compile]     gpr2-view_ids-dags.adb
[Ada Compile]     gpr2-view_ids-set.ads
[Ada Compile]     gpr2-view_ids-vector.ads
[Ada Compile]     gpr2-view_ids.adb
[Ada Compile]     gpr2-view_internal.adb
[Ada Compile]     gpr2.adb
[Ada Compile]     gpr_parser-analysis.adb
[Ada Compile]     gpr_parser-basic_ada_parser.adb
[Ada Compile]     gpr_parser-c.adb
[Ada Compile]     gpr_parser-common.adb
[Ada Compile]     gpr_parser-debug.adb
[Ada Compile]     gpr_parser-generic_api-introspection.ads
[Ada Compile]     gpr_parser-generic_api.adb
[Ada Compile]     gpr_parser-generic_impl.adb
[Ada Compile]     gpr_parser-generic_introspection.adb
[Ada Compile]     gpr_parser-implementation-c.adb
[Ada Compile]     gpr_parser-implementation.adb
[Ada Compile]     gpr_parser-iterators.adb
[Ada Compile]     gpr_parser-lexer.adb
[Ada Compile]     gpr_parser-lexer_implementation.adb
[Ada Compile]     gpr_parser-lexer_state_machine.adb
[Ada Compile]     gpr_parser-parsers.adb
[Ada Compile]     gpr_parser-private_converters.adb
[Ada Compile]     gpr_parser-public_converters.adb
[Ada Compile]     gpr_parser-rewriting.adb
[Ada Compile]     gpr_parser-rewriting_implementation.adb
[Ada Compile]     gpr_parser-unparsing.adb
[Ada Compile]     gpr_parser-unparsing_implementation.adb
[Ada Compile]     gpr_parser.ads
[Ada Compile]     gpr_parser_adasat-builders.adb
[Ada Compile]     gpr_parser_adasat-decisions.adb
[Ada Compile]     gpr_parser_adasat-dpll.adb
[Ada Compile]     gpr_parser_adasat-formulas.adb
[Ada Compile]     gpr_parser_adasat-helpers.adb
[Ada Compile]     gpr_parser_adasat-internals.ads
[Ada Compile]     gpr_parser_adasat-theory.ads
[Ada Compile]     gpr_parser_adasat-vectors.adb
[Ada Compile]     gpr_parser_adasat.adb
[Ada Compile]     gpr_parser_support-adalog-debug.adb
[Ada Compile]     gpr_parser_support-adalog-generic_main_support.adb
[Ada Compile]     gpr_parser_support-adalog-logic_var.adb
[Ada Compile]     gpr_parser_support-adalog-main_support.ads
[Ada Compile]     gpr_parser_support-adalog-solver.adb
[Ada Compile]     gpr_parser_support-adalog-solver_interface.adb
[Ada Compile]     gpr_parser_support-adalog.ads
[Ada Compile]     gpr_parser_support-array_utils.adb
[Ada Compile]     gpr_parser_support-boxes.adb
[Ada Compile]     gpr_parser_support-bump_ptr.ads
[Ada Compile]     gpr_parser_support-bump_ptr_vectors.adb
[Ada Compile]     gpr_parser_support-cheap_sets.adb
[Ada Compile]     gpr_parser_support-diagnostics-output.adb
[Ada Compile]     gpr_parser_support-diagnostics.adb
[Ada Compile]     gpr_parser_support-errors.ads
[Ada Compile]     gpr_parser_support-file_readers.adb
[Ada Compile]     gpr_parser_support-generic_api-analysis.adb
[Ada Compile]     gpr_parser_support-generic_api-introspection.adb
[Ada Compile]     gpr_parser_support-generic_api.adb
[Ada Compile]     gpr_parser_support-generic_bump_ptr.adb
[Ada Compile]     gpr_parser_support-hashes.adb
[Ada Compile]     gpr_parser_support-images.adb
[Ada Compile]     gpr_parser_support-internal-analysis.adb
[Ada Compile]     gpr_parser_support-internal-conversions.ads
[Ada Compile]     gpr_parser_support-internal-descriptor.ads
[Ada Compile]     gpr_parser_support-internal-introspection.adb
[Ada Compile]     gpr_parser_support-internal.ads
[Ada Compile]     gpr_parser_support-iterators.adb
[Ada Compile]     gpr_parser_support-lexical_envs.ads
[Ada Compile]     gpr_parser_support-lexical_envs_impl.adb
[Ada Compile]     gpr_parser_support-names-maps.adb
[Ada Compile]     gpr_parser_support-names.adb
[Ada Compile]     gpr_parser_support-packrat.adb
[Ada Compile]     gpr_parser_support-relative_get.adb
[Ada Compile]     gpr_parser_support-slocs.adb
[Ada Compile]     gpr_parser_support-symbols-precomputed.adb
[Ada Compile]     gpr_parser_support-symbols.adb
[Ada Compile]     gpr_parser_support-text.adb
[Ada Compile]     gpr_parser_support-token_data_handlers.adb
[Ada Compile]     gpr_parser_support-tree_traversal_iterator.adb
[Ada Compile]     gpr_parser_support-types.ads
[Ada Compile]     gpr_parser_support-vectors.adb
[Ada Compile]     gpr_parser_support.ads
[C Compile]       gpr_parser-gdb.c
[Archive]         libgpr2.a
Success: Build finished successfully in 446.41 seconds.
Found declared GPR file: gpr2.gpr
[alr test] Test completed SUCCESSFULLY
