Test ran at 2026-06-22 14:13:38.387068+00:00

SOLUTION:
utilada_lzma=2.9.0: Utility Library streams with LZMA support
Origin: commit bd635f55729b99ca1d2633fb487fe17f935e7d6b from https://gitlab.com/stcarrez/ada-util.git
Properties:
   Author: Stephane.Carrez@gmail.com
   Configuration: no modifiers
   Description: Utility Library streams with LZMA support
   GPR Scenario: UTIL_BUILD := distrib | debug | optimize | profile | coverage
   GPR Scenario: UTIL_LIBRARY_TYPE := relocatable | static | static-pic
   License: Apache-2.0
   Long_Description: [![Build Status](https://img.shields.io/endpoint?url=https://porion.vacs.fr/porion/api/v1/projects/ada-util/badges/build.json)](https://porion.vacs.fr/porion/projects/view/ada-util/summary)
[![Test Status](https://img.shields.io/endpoint?url=https://porion.vacs.fr/porion/api/v1/projects/ada-util/badges/tests.json)](https://porion.vacs.fr/porion/projects/view/ada-util/xunits)
[![Coverage](https://img.shields.io/endpoint?url=https://porion.vacs.fr/porion/api/v1/projects/ada-util/badges/coverage.json)](https://porion.vacs.fr/porion/projects/view/ada-util/summary)
[![Documentation Status](https://readthedocs.org/projects/ada-util/badge/?version=latest)](https://ada-util.readthedocs.io/en/latest/?badge=latest)

This small library provides LZMA streams.

# Documentation

* [Ada Utility Library Programmer's Guide](https://ada-util.readthedocs.io/en/latest/) [PDF](https://github.com/stcarrez/ada-util/blob/master/docs/utilada-book.pdf)


   Maintainer: Stephane.Carrez@gmail.com
   Maintainers_Logins: stcarrez
   Name: utilada_lzma
   Project_File: utilada_lzma.gpr
   Tag: lzma
   Tag: streams
   Version: 2.9.0
   Website: https://gitlab.com/stcarrez/ada-util
Dependencies (direct):
   lzmada^1.1.2
   utilada^2.9.0
Dependencies (solution):
   liblzma=5.6.1
   lzmada=1.1.5
   utilada=2.9.0
Dependencies (graph):
   lzmada=1.1.5       --> liblzma=5.6.1 (*)
   utilada_lzma=2.9.0 --> lzmada=1.1.5 (^1.1.2)
   utilada_lzma=2.9.0 --> utilada=2.9.0 (^2.9.0)


LOG:
Failed to locate log
