Test ran at 2025-07-17 00:53:39.291314+00:00

SOLUTION:
ltp_305=0.3.0: Driver for Pimoroni LED
Origin: commit 10379efdee1832d4675f25a14e749efe84de8b18 from https://github.com/hgrodriguez/ltp_305.git
Properties:
   Author: Jeremy Grosser
   Description: Driver for Pimoroni LED
   License: BSD-3-Clause
   Maintainer: Jeremy Grosser <jeremy@synack.me>
   Maintainer: Holger Rodriguez <github@roseng.ch>
   Maintainers_Logins: JeremyGrosser
   Maintainers_Logins: hgrodriguez
   Name: ltp_305
   Tag: embedded
   Tag: led
   Tag: rp2040
   Tag: i2c
   Version: 0.3.0
   Website: https://github.com/hgrodriguez/ltp_305
Dependencies (direct):
   hal^1
Dependencies (solution):
   hal=1.0.0
Dependencies (graph):
   ltp_305=0.3.0 --> hal=1.0.0 (^1)


LOG:
[alr test] Testing ltp_305=0.3.0
[alr test] Spawning retrieval for remote crate: alr -d -n get ltp_305=0.3.0
Note: Deploying ltp_305=0.3.0...

ltp_305=0.3.0 successfully retrieved.
Dependencies were solved as follows:

   + hal 1.0.0 (new)
[alr test] Spawning default test for remote crate: alr -d -n build --release -- -cargs:Ada -gnatwn
Note: Building ltp_305=0.3.0/ltp_305.gpr...
Setup
   [mkdir]        object directory for project Ltp_305
   [mkdir]        library directory for project Ltp_305
Compile
   [Ada]          ltp_305_config.ads
   [Ada]          ltp_305.adb
   [Ada]          ltp_305-font.adb
Build Libraries
   [gprlib]       ltp_305.lexch
   [archive]      libltp_305.a
   [index]        libltp_305.a
Success: Build finished successfully in 0.47 seconds.
Found declared GPR file: ltp_305.gpr
[alr test] Test completed SUCCESSFULLY
