Test ran at 2026-08-08 12:36:25.720063+00:00

SOLUTION:
lace_opengl=1.0.0: Provides an openGL engine.
Origin: commit 62eae8404662be5ee3915534097fc6dd669541c3 from https://github.com/charlie5/lace.git
Properties:
   Author: Rod Kay
   Description: Provides an openGL engine.
   case Distribution is
      when Msys2 => Environment: C_INCLUDE_PATH=${C_INCLUDE_PATH}:${DISTRIB_ROOT}/mingw64/include/freetype2
   License: ISC
   Maintainer: Rod Kay <rodakay5@gmail.com>
   Maintainers_Logins: charlie5
   Name: lace_opengl
   Project_File: library/opengl.gpr
   Tag: graphics
   Tag: 3d
   Version: 1.0.0
   Website: https://github.com/charlie5/lace
Dependencies (direct):
   case OS is
      when Windows => libmesa*
   lace_collada^1.0.0
   libfreetype^2
Dependencies (solution):
   lace_collada=1.0.0
   lace_math=1.0.0
   lace_shared=1.0.0
   lace_xml=1.0.0
   libexpat=2.6.1
Dependencies (missing):
   libfreetype^2 (direct,hinted)
Dependencies (graph):
   lace_collada=1.0.0 --> lace_math=1.0.0 (^1.0.0)
   lace_collada=1.0.0 --> lace_xml=1.0.0 (^1.0.0)
   lace_math=1.0.0    --> lace_shared=1.0.0 (^1.0.0)
   lace_opengl=1.0.0  --> lace_collada=1.0.0 (^1.0.0)
   lace_opengl=1.0.0  --> libfreetype^2
   lace_xml=1.0.0     --> lace_shared=1.0.0 (^1.0.0)
   lace_xml=1.0.0     --> libexpat=2.6.1 (*)
Dependencies cannot be met


LOG:
Failed to locate log
