Test ran at 2026-04-01 12:53:25.419266+00:00

SOLUTION:
elogs=1.3.3: Embedded logging, proven absent of runtime errors
Origin: commit c6df359198a56a7d7d0bff6add1f94f99d546e8b from https://github.com/kevlar700/elogs.git
Properties:
   Author: Kevin Chadwick
   Build Switches: 
   Config type: Device_ID_Length : Integer range -9223372036854775808 .. 9223372036854775807 default: '12'
   Config type: Log_ID_Length : Integer range -9223372036854775808 .. 9223372036854775807 default: '16'
   Config type: Max_Log_Count : Integer range -9223372036854775808 .. 9223372036854775807 default: '50'
   Config type: Max_Message_Length : Integer range -9223372036854775808 .. 9223372036854775807 default: '200'
   Config type: Version_Length : Integer range -9223372036854775808 .. 9223372036854775807 default: '8'
   Configuration: no modifiers
   Description: Embedded logging, proven absent of runtime errors
   License: 0BSD
   Maintainer: Kevin Chadwick <kc-ada@elansys.co>
   Maintainers_Logins: kevlar700
   Name: elogs
   Tag: spark
   Tag: embedded
   Tag: zfp
   Tag: logging
   Tag: log
   Version: 1.3.3
   Website: https://github.com/kevlar700/elogs
Dependencies (direct):
   gnat(>=13 & <2000) | ^11 | >=2020
   gnatprove^15.1.0
Dependencies (solution):
   gnat=15.1.2 (gnat_native)
   gnatprove=15.1.0
Dependencies (graph):
   elogs=1.3.3 --> gnat=15.1.2 (gnat_native) ((>=13 & <2000) | ^11 | >=2020)
   elogs=1.3.3 --> gnatprove=15.1.0 (^15.1.0)


LOG:
[alr test] Testing elogs=1.3.3
[alr test] Spawning retrieval for remote crate: alr -d -n get elogs=1.3.3
Note: Deploying elogs=1.3.3...
Note: Deploying gnatprove=15.1.0...

#=#=#                                                                          
##                                                                         3.4%
######                                                                     8.9%
#########                                                                 13.7%
##############                                                            19.9%
##################                                                        25.9%
######################                                                    31.5%
##########################                                                36.9%
##############################                                            42.5%
##############################                                            42.5%
###################################                                       48.9%
#######################################                                   54.9%
###########################################                               60.6%
###############################################                           65.4%
#################################################                         68.5%
######################################################                    75.3%
##########################################################                81.0%
##############################################################            86.5%
##################################################################        92.1%
######################################################################    97.3%
######################################################################## 100.0%

elogs=1.3.3 successfully retrieved.
Dependencies were solved as follows:

   +b gnat      15.1.2 (new,gnat_native,binary)
   +b gnatprove 15.1.0 (new,binary)
[alr test] Spawning default test for remote crate: alr -d -n build --release -- -cargs:Ada -gnatwn
Note: Building elogs=1.3.3/elogs.gpr...
Setup
   [mkdir]        object directory for project Elogs
   [mkdir]        library directory for project Elogs
Compile
   [Ada]          elogs_config.ads
   [Ada]          elogs_test.adb
   [Ada]          elogs.adb
Build Libraries
   [gprlib]       Elogs.lexch
   [archive]      libElogs.a
   [index]        libElogs.a
Success: Build finished successfully in 2.62 seconds.
Found declared GPR file: elogs.gpr
[alr test] Test completed SUCCESSFULLY
