Test ran at 2026-07-12 12:34:13.950156+00:00

SOLUTION:
levenshtein_distance=1.0.0: Implementation of levenshtein distance.
Origin: commit 6882f3d127d3fc29fa23325e168d27c113b9c4e3 from https://github.com/2K-d/levenshtein_distance.git
Properties:
   Test run: alr run (from ${CRATE_ROOT}/tests)
   Author: 2K-d
   Description: Implementation of levenshtein distance.
   License: MIT
   Maintainer: 2K-d <contact@vrcode.dev>
   Maintainers_Logins: 2K-d
   Name: levenshtein_distance
   Tag: levenshtein
   Tag: distance
   Tag: algorithm
   Version: 1.0.0
   Website: vrcode.dev


LOG:
Note: Synchronizing workspace...
Dependencies automatically updated as follows:

   New solution is incomplete.
   +        aunit                25.0.0  (new)
   +.       levenshtein_distance 1.0.0   (new,path=..)
   Missing:
   +!       gnatcov              ^22.0.1 (new,missing:unavailable)
Note: Deploying aunit=25.0.0...
#=#=#                                                                          
##O#-#                                                                         
##O=#  #                                                                       
#=#=-#  #                                                                      
 #=#=-#   #                                                                    
  #=#=- #   #                                                                  

Warning: Generating possibly incomplete configuration because of missing dependencies
warn: Generating possibly incomplete environment because of missing dependencies
Note: Building tests=0.1.0-dev/tests.gpr...
Setup
   [mkdir]        object directory for project AUnit
   [mkdir]        library directory for project AUnit
   [mkdir]        object directory for project Levenshtein_Distance
   [mkdir]        library directory for project Levenshtein_Distance
   [mkdir]        object directory for project Tests
   [mkdir]        exec directory for project Tests
Compile
   [Ada]          tests.adb
   [Ada]          levenshtein_distance_config.ads
   [Ada]          levenshtein_distance.adb
clang: warning: overriding deployment version from '16.0' to '26.0' [-Woverriding-deployment-version]
   [Ada]          aunit-io.ads
clang: warning: overriding deployment version from '16.0' to '26.0' [-Woverriding-deployment-version]
   [Ada]          aunit-memory.adb
clang: warning: overriding deployment version from '16.0' to '26.0' [-Woverriding-deployment-version]
   [Ada]          aunit-memory-utils.adb
clang: warning: overriding deployment version from '16.0' to '26.0' [-Woverriding-deployment-version]
   [Ada]          aunit-time_measure.adb
clang: warning: overriding deployment version from '16.0' to '26.0' [-Woverriding-deployment-version]
   [Ada]          aunit-reporter-junit.adb
clang: warning: overriding deployment version from '16.0' to '26.0' [-Woverriding-deployment-version]
   [Ada]          aunit-reporter-xml.adb
clang: warning: overriding deployment version from '16.0' to '26.0' [-Woverriding-deployment-version]
   [Ada]          aunit-reporter-gnattest.adb
clang: warning: overriding deployment version from '16.0' to '26.0' [-Woverriding-deployment-version]
   [Ada]          aunit-reporter-text.adb
clang: warning: overriding deployment version from '16.0' to '26.0' [-Woverriding-deployment-version]
   [Ada]          ada_containers.ads
clang: warning: overriding deployment version from '16.0' to '26.0' [-Woverriding-deployment-version]
   [Ada]          ada_containers-aunit_lists.adb
clang: warning: overriding deployment version from '16.0' to '26.0' [-Woverriding-deployment-version]
   [Ada]          aunit-assertions.adb
clang: warning: overriding deployment version from '16.0' to '26.0' [-Woverriding-deployment-version]
   [Ada]          aunit-test_fixtures.adb
clang: warning: overriding deployment version from '16.0' to '26.0' [-Woverriding-deployment-version]
   [Ada]          aunit-tests.ads
clang: warning: overriding deployment version from '16.0' to '26.0' [-Woverriding-deployment-version]
   [Ada]          aunit-test_filters.adb
clang: warning: overriding deployment version from '16.0' to '26.0' [-Woverriding-deployment-version]
   [Ada]          aunit-test_results.adb
clang: warning: overriding deployment version from '16.0' to '26.0' [-Woverriding-deployment-version]
   [Ada]          aunit-reporter.adb
clang: warning: overriding deployment version from '16.0' to '26.0' [-Woverriding-deployment-version]
   [Ada]          aunit.adb
clang: warning: overriding deployment version from '16.0' to '26.0' [-Woverriding-deployment-version]
   [Ada]          aunit-test_caller.adb
clang: warning: overriding deployment version from '16.0' to '26.0' [-Woverriding-deployment-version]
   [Ada]          aunit-options.ads
clang: warning: overriding deployment version from '16.0' to '26.0' [-Woverriding-deployment-version]
   [Ada]          aunit-test_suites.adb
clang: warning: overriding deployment version from '16.0' to '26.0' [-Woverriding-deployment-version]
   [Ada]          aunit-run.adb
clang: warning: overriding deployment version from '16.0' to '26.0' [-Woverriding-deployment-version]
   [Ada]          aunit-simple_test_cases.adb
clang: warning: overriding deployment version from '16.0' to '26.0' [-Woverriding-deployment-version]
   [Ada]          aunit-test_cases.adb
clang: warning: overriding deployment version from '16.0' to '26.0' [-Woverriding-deployment-version]
   [Ada]          suite.adb
clang: warning: overriding deployment version from '16.0' to '26.0' [-Woverriding-deployment-version]
suite.adb:27:80: (style) this line is too long: 87 [-gnatyM]
clang: warning: overriding deployment version from '16.0' to '26.0' [-Woverriding-deployment-version]
clang: warning: overriding deployment version from '16.0' to '26.0' [-Woverriding-deployment-version]
Build Libraries
   [gprlib]       aunit.lexch
   [gprlib]       Levenshtein_Distance.lexch
   [archive]      libLevenshtein_Distance.a
   [archive]      libaunit.a
   [index]        libLevenshtein_Distance.a
   [index]        libaunit.a
Bind
   [gprbind]      tests.bexch
   [Ada]          tests.ali
clang: warning: overriding deployment version from '16.0' to '26.0' [-Woverriding-deployment-version]
Link
   [link]         tests.adb
ld: library not found for -lSystem
collect2: error: ld returned 1 exit status
gprbuild: link of tests.adb failed
gprbuild: failed command was: /users/runner/.local/share/alire/toolchains/gnat_native_15.1.2_60748c54/bin/gcc tests.o b__tests.o /Users/runner/work/alire-crates-ci/alire-crates-ci/test/2060ff0d-7d50-4ed1-96a0-13aeb0d28398/levenshtein_distance_1.0.0_6882f3d1/tests/obj/development/suite.o /Users/runner/work/alire-crates-ci/alire-crates-ci/test/2060ff0d-7d50-4ed1-96a0-13aeb0d28398/levenshtein_distance_1.0.0_6882f3d1/lib/libLevenshtein_Distance.a /Users/runner/.local/share/alire/builds/aunit_25.0.0_3882c581/5016b330b962c6f721e70106cb9e96fe7113d9c0d82842adb3b39c6d453b5e44/lib/aunit/native-full/libaunit.a -L/Users/runner/work/alire-crates-ci/alire-crates-ci/test/2060ff0d-7d50-4ed1-96a0-13aeb0d28398/levenshtein_distance_1.0.0_6882f3d1/tests/obj/development/ -L/Users/runner/work/alire-crates-ci/alire-crates-ci/test/2060ff0d-7d50-4ed1-96a0-13aeb0d28398/levenshtein_distance_1.0.0_6882f3d1/tests/obj/development/ -L/Users/runner/.local/share/alire/builds/aunit_25.0.0_3882c581/5016b330b962c6f721e70106cb9e96fe7113d9c0d82842adb3b39c6d453b5e44/lib/aunit/native-full/ -L/Users/runner/work/alire-crates-ci/alire-crates-ci/test/2060ff0d-7d50-4ed1-96a0-13aeb0d28398/levenshtein_distance_1.0.0_6882f3d1/lib/ -L/users/runner/.local/share/alire/toolchains/gnat_native_15.1.2_60748c54/lib/gcc/aarch64-apple-darwin23.6.0/15.0.1/adalib/ -static-libgcc /users/runner/.local/share/alire/toolchains/gnat_native_15.1.2_60748c54/lib/gcc/aarch64-apple-darwin23.6.0/15.0.1/adalib/libgnat.a -Wl,-rpath,@executable_path/..//obj/development -Wl,-rpath,@executable_path/../../../../../../../..//.local/share/alire/builds/aunit_25.0.0_3882c581/5016b330b962c6f721e70106cb9e96fe7113d9c0d82842adb3b39c6d453b5e44/lib/aunit/native-full -Wl,-rpath,@executable_path/../..//lib -Wl,-rpath,@executable_path/../../../../../../../..//.local/share/alire/toolchains/gnat_native_15.1.2_60748c54/lib/gcc/aarch64-apple-darwin23.6.0/15.0.1/adalib -o /Users/runner/work/alire-crates-ci/alire-crates-ci/test/2060ff0d-7d50-4ed1-96a0-13aeb0d28398/levenshtein_distance_1.0.0_6882f3d1/tests/bin//tests
ERROR: Command ["gprbuild", "-s", "-j0", "-p", "-P", "/Users/runner/work/alire-crates-ci/alire-crates-ci/test/2060ff0d-7d50-4ed1-96a0-13aeb0d28398/levenshtein_distance_1.0.0_6882f3d1/tests/tests.gpr"] exited with code 4
ERROR: Build failed
[alr test] Test action exited with error code 1
