Test ran at 2026-10-03 01:20:33.093764+00:00

SOLUTION:
espidf_tinyusb=0.1.0: Ada/ESP-IDF: TinyUSB device stack bindings
Origin: commit 75b23d3b293ae398a16ab88e535d380d39bc2759 from https://github.com/godunko/espidf_tinyusb.git
Properties:
   Author: Vadim Godunko
   Configuration: no modifiers
   Description: Ada/ESP-IDF: TinyUSB device stack bindings
   License: Apache-2.0 WITH LLVM-exception
   Long_Description: Ada bindings for Espressif's TinyUSB integration (`espressif/esp_tinyusb`).

Covers configuration and installation of the TinyUSB device driver. USB device classes
are provided by separate crates, e.g. `espidf_tinyusb_msc` for Mass Storage Class.

   Maintainer: Vadim Godunko <vgodunko@gmail.com>
   Maintainers_Logins: godunko
   Name: espidf_tinyusb
   Tag: a0b
   Tag: embedded
   Tag: esp
   Tag: esp32
   Tag: espidf
   Tag: tinyusb
   Version: 0.1.0
   Website: https://github.com/godunko/espidf_tinyusb
Dependencies (direct):
   espidf^0.2.0
Dependencies (solution):
   a0b_base=0.5.0
   espidf=0.2.0
Dependencies (graph):
   espidf=0.2.0         --> a0b_base=0.5.0 (^0.5.0)
   espidf_tinyusb=0.1.0 --> espidf=0.2.0 (^0.2.0)


LOG:
[alr test] Testing espidf_tinyusb=0.1.0
[alr test] Spawning retrieval for remote crate: alr -d -n get espidf_tinyusb=0.1.0
Note: Deploying espidf_tinyusb=0.1.0...
Note: Deploying a0b_base=0.5.0...
Note: Deploying espidf=0.2.0...
Warning: Possible tilde intended instead of caret for a 0.x version.
   Alire does not change the meaning of caret and tilde for pre/post-1.0 versions.
   The suspicious dependency is: espidf^0.2.0
   You can disable this warning by setting the option warning.caret to false.

espidf_tinyusb=0.1.0 successfully retrieved.
Dependencies were solved as follows:

   + a0b_base 0.5.0 (new,indirect)
   + espidf   0.2.0 (new)
[alr test] Spawning default test for remote crate: alr -d -n build --release -- -cargs:Ada -gnatwn
Note: Building espidf_tinyusb=0.1.0/espidf_tinyusb.gpr...
"C:\Users\runneradmin\AppData\Local\alire\cache\builds\a0b_base_0.5.0_882bbc92\d88bcac46815521019b513b6d258185e30a1688835cd62a2366472dd4a25d14b\.objs\x86_64-windows\none" created
"C:\Users\runneradmin\AppData\Local\alire\cache\builds\a0b_base_0.5.0_882bbc92\d88bcac46815521019b513b6d258185e30a1688835cd62a2366472dd4a25d14b\.libs\x86_64-windows\none" created
"C:\Users\runneradmin\AppData\Local\alire\cache\builds\espidf_0.2.0_180c1c28\f8b5093d7ce555ab69266cdda8cc9feb2eb4a4908e5f771b90b8f41019b1c89d\.objs\x86_64-windows\none" created
"C:\Users\runneradmin\AppData\Local\alire\cache\builds\espidf_0.2.0_180c1c28\f8b5093d7ce555ab69266cdda8cc9feb2eb4a4908e5f771b90b8f41019b1c89d\.libs\x86_64-windows\none" created
".objs\x86_64-windows\none" created
".libs\x86_64-windows\none" created
[Ada Compile]     a0b-peripherals.ads
[Ada Compile]     a0b-types-arrays.ads
[Ada Compile]     a0b-types-big_endian.adb
[Ada Compile]     a0b-types-enumerable.ads
[Ada Compile]     a0b-types-gcc_builtins.ads
[Ada Compile]     a0b-types-svd.ads
a0b-types-big_endian.adb:10:22: warning: "Unsigned_64" is already use-visible through previous use_type_clause
[Ada Compile]     a0b-types.ads
[Ada Compile]     a0b.ads
[Ada Compile]     espidf-ada_esp_check_error.adb
[Ada Compile]     espidf-c_strings.adb
espidf-ada_esp_check_error.adb:45:19: target name is an Ada 2020 feature
espidf-ada_esp_check_error.adb:45:19: unit must be compiled with -gnat2020 switch
espidf-ada_esp_check_error.adb:49:19: target name is an Ada 2020 feature
espidf-ada_esp_check_error.adb:49:19: unit must be compiled with -gnat2020 switch
espidf.gpr: error: [Ada Compile] espidf-ada_esp_check_error.adb (espidf.gpr) failed with status 1
espidf-c_strings.adb:267:20: target name is an Ada 2020 feature
espidf-c_strings.adb:267:20: unit must be compiled with -gnat2020 switch
espidf-c_strings.adb:296:28: target name is an Ada 2020 feature
espidf-c_strings.adb:296:28: unit must be compiled with -gnat2020 switch
espidf-c_strings.adb:297:28: target name is an Ada 2020 feature
espidf-c_strings.adb:297:28: unit must be compiled with -gnat2020 switch
espidf-c_strings.adb:323:25: target name is an Ada 2020 feature
espidf-c_strings.adb:323:25: unit must be compiled with -gnat2020 switch
espidf-c_strings.adb:324:25: target name is an Ada 2020 feature
espidf-c_strings.adb:324:25: unit must be compiled with -gnat2020 switch
espidf-c_strings.adb:337:28: target name is an Ada 2020 feature
espidf-c_strings.adb:337:28: unit must be compiled with -gnat2020 switch
espidf-c_strings.adb:338:28: target name is an Ada 2020 feature
espidf-c_strings.adb:338:28: unit must be compiled with -gnat2020 switch
espidf-c_strings.adb:368:28: target name is an Ada 2020 feature
espidf-c_strings.adb:368:28: unit must be compiled with -gnat2020 switch
espidf-c_strings.adb:369:28: target name is an Ada 2020 feature
espidf-c_strings.adb:369:28: unit must be compiled with -gnat2020 switch
espidf-c_strings.adb:388:28: target name is an Ada 2020 feature
espidf-c_strings.adb:388:28: unit must be compiled with -gnat2020 switch
espidf-c_strings.adb:389:28: target name is an Ada 2020 feature
espidf-c_strings.adb:389:28: unit must be compiled with -gnat2020 switch
espidf.gpr: error: [Ada Compile] espidf-c_strings.adb (espidf.gpr) failed with status 1
stderr: Command ["gprbuild", "-s", "-j0", "-p", "-P", "D:\a\alire-crates-ci\alire-crates-ci\test\6a264494-3a96-4823-93d9-9f7b549d0948\espidf_tinyusb_0.1.0_75b23d3b\espidf_tinyusb.gpr", "-cargs:Ada", "-gnatwn"] exited with code 4
ERROR: Command ["gprbuild", "-s", "-j0", "-p", "-P", "D:\a\alire-crates-ci\alire-crates-ci\test\6a264494-3a96-4823-93d9-9f7b549d0948\espidf_tinyusb_0.1.0_75b23d3b\espidf_tinyusb.gpr", "-cargs:Ada", "-gnatwn"] exited with code 4
stderr: ALIRE.CHECKED_ERROR
stderr: Command ["gprbuild", "-s", "-j0", "-p", "-P", "D:\a\alire-crates-ci\alire-crates-ci\test\6a264494-3a96-4823-93d9-9f7b549d0948\espidf_tinyusb_0.1.0_75b23d3b\espidf_tinyusb.gpr", "-cargs:Ada", "-gnatwn"] exited with code 4
stderr: raised ALIRE.CHECKED_ERROR : alire-stored-error:1
[D:\a\alire-crates-ci\alire-crates-ci\alire_install\bin\alr.exe]
0x7ff698c2da2a Semantic_Versioning.Basic.Restrictions.First_Index at alire.adb:284
0x7ff69882595b Semantic_Versioning.Basic.Restrictions.First_Index at alire-os_lib-subprocess.adb:111
0x7ff698adcba1 Semantic_Versioning.Basic.Restrictions.First_Index at alire-spawn.adb:22
0x7ff698addd5d Semantic_Versioning.Basic.Restrictions.First_Index at alire-spawn.adb:68
0x7ff698a02d64 Semantic_Versioning.Basic.Restrictions.First_Index at alire-roots.adb:189
0x7ff698a011da Semantic_Versioning.Basic.Restrictions.First_Index at alire-roots.adb:255
0x7ff698a2912d Semantic_Versioning.Basic.Restrictions.First_Index at alire-roots.adb:2143
0x7ff698a982f9 Semantic_Versioning.Basic.Restrictions.First_Index at alire-solutions.adb:1472
0x7ff698a97424 Semantic_Versioning.Basic.Restrictions.First_Index at alire-solutions.adb:1555
0x7ff698a2922c Semantic_Versioning.Basic.Restrictions.First_Index at alire-roots.adb:2147
0x7ff698a292fa Semantic_Versioning.Basic.Restrictions.First_Index at alire-roots.adb:2127
0x7ff698a017a7 Semantic_Versioning.Basic.Restrictions.First_Index at alire-roots.adb:286
0x7ff698a01912 Semantic_Versioning.Basic.Restrictions.First_Index at alire-roots.adb:114
0x7ff698173baa Semantic_Versioning.Basic.Restrictions.First_Index at alr-commands-build.adb:145
0x7ff69817341e Semantic_Versioning.Basic.Restrictions.First_Index at alr-commands-build.adb:113
0x7ff6981735ba Semantic_Versioning.Basic.Restrictions.First_Index at alr-commands-build.adb:54
0x7ff698225dea Semantic_Versioning.Basic.Restrictions.First_Index at clic-subcommand-instance.adb:749
0x7ff698232b0e Semantic_Versioning.Basic.Restrictions.First_Index at alr-commands.adb:632
0x7ff6981016a0 Alr.Main at alr-main.adb:13
0x7ff698105270 Main at b__alr-main.adb:2454
0x7ff69810133e __tmainCRTStartup at ???
0x7ff698101144 mainCRTStartup at ???
[C:\Windows\System32\KERNEL32.DLL]
0x7ff810b9e985
[C:\Windows\SYSTEM32\ntdll.dll]
0x7ff81106c53a

stderr: ALIRE.ROOTS.BUILD._WRAPPED_STATEMENTS.BUILD_FAILED
stderr: alire-roots.adb:202
stderr: raised ALIRE.ROOTS.BUILD._WRAPPED_STATEMENTS.BUILD_FAILED : alire-roots.adb:202
[D:\a\alire-crates-ci\alire-crates-ci\alire_install\bin\alr.exe]
0x7ff698a0313c Semantic_Versioning.Basic.Restrictions.First_Index at alire-roots.adb:202
0x7ff698a011da Semantic_Versioning.Basic.Restrictions.First_Index at alire-roots.adb:255
0x7ff698a2912d Semantic_Versioning.Basic.Restrictions.First_Index at alire-roots.adb:2143
0x7ff698a982f9 Semantic_Versioning.Basic.Restrictions.First_Index at alire-solutions.adb:1472
0x7ff698a97424 Semantic_Versioning.Basic.Restrictions.First_Index at alire-solutions.adb:1555
0x7ff698a2922c Semantic_Versioning.Basic.Restrictions.First_Index at alire-roots.adb:2147
0x7ff698a292fa Semantic_Versioning.Basic.Restrictions.First_Index at alire-roots.adb:2127
0x7ff698a017a7 Semantic_Versioning.Basic.Restrictions.First_Index at alire-roots.adb:286
0x7ff698a01912 Semantic_Versioning.Basic.Restrictions.First_Index at alire-roots.adb:114
0x7ff698173baa Semantic_Versioning.Basic.Restrictions.First_Index at alr-commands-build.adb:145
0x7ff69817341e Semantic_Versioning.Basic.Restrictions.First_Index at alr-commands-build.adb:113
0x7ff6981735ba Semantic_Versioning.Basic.Restrictions.First_Index at alr-commands-build.adb:54
0x7ff698225dea Semantic_Versioning.Basic.Restrictions.First_Index at clic-subcommand-instance.adb:749
0x7ff698232b0e Semantic_Versioning.Basic.Restrictions.First_Index at alr-commands.adb:632
0x7ff6981016a0 Alr.Main at alr-main.adb:13
0x7ff698105270 Main at b__alr-main.adb:2454
0x7ff69810133e __tmainCRTStartup at ???
0x7ff698101144 mainCRTStartup at ???
[C:\Windows\System32\KERNEL32.DLL]
0x7ff810b9e985
[C:\Windows\SYSTEM32\ntdll.dll]
0x7ff81106c53a

ERROR: Compilation failed.
