Test ran at 2025-02-09 13:05:49.044438+00:00

SOLUTION:
dummyserver=1.0.0: DummyServer is a terminal program that serves dummy content
Origin: commit 9a6e8708b748fc1f16b8fdd69c3944ae4e7ebcb3 from https://github.com/bracke/dummyserver.git
Properties:
   Author: Bent Bracke
   Description: DummyServer is a terminal program that serves dummy content
   Executable: dummyserver
   License: CC0-1.0
   Long_Description: DummyServer is a terminal program that serves dummy content (resources). These resources are defined in a single JSON configuration and configuration is thus very simple and fast. The prime purpose of DummyServer is to serve content to test client applications.
   Maintainer: Bent Bracke <bent@bracke.dk>
   Maintainers_Logins: bracke
   Name: dummyserver
   Tag: http
   Tag: server
   Tag: test
   Tag: terminal
   Tag: console
   Version: 1.0.0
   Website: https://github.com/bracke/dummyserver
Dependencies (direct):
   json^5.0.3
Dependencies (solution):
   gnat=12.2.1 (gnat_native)
   json=5.0.3
Dependencies (graph):
   dummyserver=1.0.0 --> json=5.0.3 (^5.0.3)
   json=5.0.3        --> gnat=12.2.1 (gnat_native) (<=13)


LOG:
Spawning: alr -d -n get --build dummyserver=1.0.0
Note: Deploying dummyserver=1.0.0...
Note: Deploying gnat_native=12.2.1...
#=#=#                                                                          
##O#-#                                                                         

                                                                           0.0%
#                                                                          2.2%
##                                                                         3.4%
###                                                                        4.6%
####                                                                       6.8%
#######                                                                   10.5%
#########                                                                 12.7%
#########                                                                 13.5%
##########                                                                14.9%
##########                                                                14.9%
###########                                                               16.5%
##############                                                            20.2%
##############                                                            20.3%
##################                                                        25.0%
###################                                                       27.0%
#####################                                                     29.7%
#######################                                                   33.3%
########################                                                  34.6%
##########################                                                37.2%
#############################                                             40.9%
##############################                                            42.0%
##############################                                            42.0%
###############################                                           43.2%
################################                                          45.3%
##################################                                        47.3%
##################################                                        48.0%
###################################                                       48.6%
###################################                                       49.2%
###################################                                       49.9%
####################################                                      50.4%
####################################                                      50.7%
######################################                                    53.2%
######################################                                    54.1%
########################################                                  56.5%
#########################################                                 57.4%
############################################                              61.3%
#############################################                             63.5%
##############################################                            64.2%
###############################################                           65.4%
###############################################                           65.4%
###############################################                           66.6%
################################################                          67.6%
###################################################                       71.9%
#######################################################                   76.6%
#######################################################                   77.7%
#########################################################                 80.5%
##########################################################                81.1%
############################################################              84.4%
###############################################################           87.8%
#################################################################         90.6%
#################################################################         91.2%
###################################################################       93.3%
####################################################################      94.7%
####################################################################      95.7%
######################################################################    98.0%
######################################################################## 100.0%
Note: gnat_native=12.2.1 installed successfully.
Note: Deploying json=5.0.3...
Note: Building json=5.0.3/json.gpr (1/2)...
Setup
   [mkdir]        object directory for project JSON
   [mkdir]        library directory for project JSON
Compile
   [Ada]          json-streams.adb
   [Ada]          json-tokenizers.adb
   [Ada]          json-types.adb
   [Ada]          json.ads
   [Ada]          json-parsers.adb
Build Libraries
   [gprlib]       json-ada.lexch
   [archive]      libjson-ada.a
   [index]        libjson-ada.a
Note: Building json=5.0.3/json_pretty_print.gpr (2/2)...
Setup
   [mkdir]        object directory for project JSON_Pretty_Print
   [mkdir]        exec directory for project JSON_Pretty_Print
Compile
   [Ada]          pretty_print.adb
Bind
   [gprbind]      pretty_print.bexch
   [Ada]          pretty_print.ali
Link
   [link]         pretty_print.adb
Note: Building dummyserver=1.0.0/dummyserver.gpr...
Setup
   [mkdir]        object directory for project Dummyserver
   [mkdir]        exec directory for project Dummyserver
Compile
   [Ada]          dummyserver.adb
   [Ada]          configuration.adb
   [Ada]          server.adb
   [Ada]          black.ads
   [Ada]          black-request.adb
   [Ada]          black-response.adb
   [Ada]          gnat-sockets-convenience.adb
   [Ada]          black-parsing.adb
   [Ada]          black-text_io.adb
   [Ada]          black-http.adb
   [Ada]          black-mime_types.ads
   [Ada]          url_utilities.adb
   [Ada]          black-optional_http_method.ads
   [Ada]          black-optional_natural.ads
   [Ada]          black-optional_string.ads
   [Ada]          black-parameter.ads
   [Ada]          black-parameter-vectors.ads
   [Ada]          black-generic_optional.adb
   [Ada]          hex_utilities.adb
Bind
   [gprbind]      dummyserver.bexch
   [Ada]          dummyserver.ali
Link
   [link]         dummyserver.adb

dummyserver=1.0.0 successfully retrieved and built.
Dependencies were solved as follows:

   +b gnat 12.2.1 (new,gnat_native,indirect,binary)
   +  json 5.0.3  (new)
Found declared GPR file: dummyserver.gpr
FAIL: Declared executable not found after compilation: dummyserver
