Test ran at 2026-01-18 01:34:18.161782+00:00

SOLUTION:
gnatcoll_postgres=26.0.0: GNAT Components Collection - postgres
Origin: source archive v26.0.0.zip at https://github.com/AdaCore/gnatcoll-db/archive/refs/tags/v26.0.0.zip with hash sha512:65ed82f825d80cfd3e3e762f424c9a0e8ad0a99613f7d4cb2419e24955d5c2b3ac567f5703c14b4e9b69580881e5104786e0db00a1c9c1f04daeb9c2c4263a21
Properties:
   Author: AdaCore
   Configuration: no modifiers
   Description: GNAT Components Collection - postgres
   License: GPL-3.0-or-later WITH GCC-exception-3.1
   Maintainer: chouteau@adacore.com
   Maintainer: sagaert@adacore.com
   Maintainers_Logins: Fabien-Chouteau
   Maintainers_Logins: AldanTanneo
   Name: gnatcoll_postgres
   Project_File: postgres/gnatcoll_postgres.gpr
   Tag: gnatcoll
   Tag: gnatcoll-db
   Tag: postgres
   Tag: postgresql
   Tag: database
   Version: 26.0.0
   Website: https://github.com/adacore/gnatcoll-db
Dependencies (direct):
   gnatcoll_sql~26.0.0
   gnatcoll~26.0.0
   postgresql*
Dependencies (solution):
   gnat=15.2.1 (gnat_native)
   gnatcoll=26.0.0
   gnatcoll_minimal=26.0.0
   gnatcoll_sql=26.0.0
   postgresql=18.1.0
Dependencies (graph):
   gnatcoll=26.0.0          --> gnat=15.2.1 (gnat_native) (>=14)
   gnatcoll=26.0.0          --> gnatcoll_minimal=26.0.0 (~26.0.0)
   gnatcoll_minimal=26.0.0  --> gnat=15.2.1 (gnat_native) (>=14)
   gnatcoll_postgres=26.0.0 --> gnatcoll=26.0.0 (~26.0.0)
   gnatcoll_postgres=26.0.0 --> gnatcoll_sql=26.0.0 (~26.0.0)
   gnatcoll_postgres=26.0.0 --> postgresql=18.1.0 (*)
   gnatcoll_sql=26.0.0      --> gnatcoll=26.0.0 (~26.0.0)


LOG:
[alr test] Testing gnatcoll_postgres=26.0.0
[alr test] Spawning retrieval for remote crate: alr -d -n get gnatcoll_postgres=26.0.0
Note: Deploying gnatcoll_postgres=26.0.0...

#=#=#                                                                          
##O#-#                                                                         
##=O#- #                                                                       
# #=O#- #                                                                      
Note: Deploying postgresql=18.1.0...
The system package 'postgresql' is about to be installed.
This action might require admin privileges and impact your system installation.
Do you want Alire to install this system package?
Using default: Yes
resolving dependencies...
looking for conflicting packages...

Package (7)            New Version     Net Change  Download Size

core/libedit           20250104_3.1-1    0.26 MiB       0.11 MiB
extra/liburing         2.13-1            0.41 MiB       0.21 MiB
extra/libxslt          1.1.45-2          0.78 MiB       0.20 MiB
extra/llvm-libs        21.1.6-2        150.01 MiB      38.45 MiB
extra/numactl          2.0.19-1          0.24 MiB       0.08 MiB
extra/postgresql-libs  18.1-2           10.58 MiB       1.90 MiB
extra/postgresql       18.1-2           65.62 MiB      19.52 MiB

Total Download Size:    60.47 MiB
Total Installed Size:  227.91 MiB

:: Proceed with installation? [Y/n] 
:: Retrieving packages...
 llvm-libs-21.1.6-2-x86_64 downloading...
 postgresql-18.1-2-x86_64 downloading...
 postgresql-libs-18.1-2-x86_64 downloading...
 liburing-2.13-1-x86_64 downloading...
 libxslt-1.1.45-2-x86_64 downloading...
 libedit-20250104_3.1-1-x86_64 downloading...
 numactl-2.0.19-1-x86_64 downloading...
checking keyring...
checking package integrity...
loading package files...
checking for file conflicts...
:: Processing package changes...
installing liburing...
installing libxslt...
Optional dependencies for libxslt
    python: Python bindings [installed]
installing libedit...
installing llvm-libs...
installing numactl...
installing postgresql-libs...
installing postgresql...
Optional dependencies for postgresql
    logrotate: rotates system logs automatically
    perl: for PL/Perl support [installed]
    postgresql-old-upgrade: upgrade from previous major version using pg_upgrade
    python: for PL/Python 3 support [installed]
    tcl: for PL/Tcl support
:: Running post-transaction hooks...
(1/4) Creating system user accounts...
Creating group 'postgres' with GID 970.
Creating user 'postgres' (PostgreSQL user) with UID 970 and GID 970.
(2/4) Reloading system manager configuration...
  Skipped: Current root is not booted.
(3/4) Creating temporary files...
/usr/lib/tmpfiles.d/journal-nocow.conf:26: Failed to resolve specifier: uninitialized /etc/ detected, skipping.
All rules containing unresolvable specifiers will be skipped.
(4/4) Arming ConditionNeedsUpdate...
Note: Deploying gnatcoll_sql=26.0.0...

#=#=#                                                                          
##O#-#                                                                         
##=O#- #                                                                       

gnatcoll_postgres=26.0.0 successfully retrieved.
Dependencies were solved as follows:

   +b gnat             15.2.1 (new,gnat_native,indirect,binary)
   +  gnatcoll         26.0.0 (new)
   +  gnatcoll_minimal 26.0.0 (new,indirect)
   +  gnatcoll_sql     26.0.0 (new)
   +b postgresql       18.1.0 (new,system package)
[alr test] Spawning default test for remote crate: alr -d -n build --release -- -cargs:Ada -gnatwn
Note: Building gnatcoll_postgres=26.0.0/postgres/gnatcoll_postgres.gpr...
Setup
   [mkdir]        object directory for project GNATCOLL_Minimal
   [mkdir]        library directory for project GNATCOLL_Minimal
   [mkdir]        object directory for project GNATCOLL_Core
   [mkdir]        library directory for project GNATCOLL_Core
   [mkdir]        object directory for project GnatColl_SQL
   [mkdir]        library directory for project GnatColl_SQL
   [mkdir]        object directory for project GnatColl_Postgres
   [mkdir]        library directory for project GnatColl_Postgres
Compile
   [Ada]          gnatcoll-sql-exec_private.adb
   [Ada]          gnatcoll-sql.adb
   [Ada]          gnatcoll-sql-inspect.adb
   [Ada]          gnatcoll-sql-exec-tasking.adb
   [Ada]          gnatcoll-sql-orm-impl.adb
   [Ada]          gnatcoll-sql-orm.adb
   [Ada]          gnatcoll-sql-exec.adb
   [Ada]          gnatcoll-sql-sessions.adb
   [Ada]          gnatcoll-sql_fields.adb
   [Ada]          gnatcoll-sql_impl.adb
   [C]            gnatcoll_atomics.c
   [C]            getRSS.c
   [Ada]          gnatcoll.ads
   [Ada]          gnatcoll-storage_pools.ads
   [Ada]          gnatcoll-promises.adb
   [Ada]          gnatcoll-refcount-weakref.adb
   [Ada]          gnatcoll-storage_pools-alignment.adb
   [Ada]          gnatcoll-memory.adb
   [Ada]          gnatcoll-refcount.adb
gnatcoll-refcount.ads:90:04: warning: in instantiation at gnatcoll-storage_pools-headers.adb:57 [enabled by default]
gnatcoll-refcount.ads:90:04: warning: possible aliasing problem for type "Header_Access" [enabled by default]
gnatcoll-refcount.ads:90:04: warning: use -fno-strict-aliasing switch for references [enabled by default]
gnatcoll-refcount.ads:90:04: warning: or use "pragma No_Strict_Aliasing (Header_Access);" [enabled by default]
   [Ada]          gnatcoll-damerau_levenshtein_generic.adb
   [Ada]          gnatcoll-coders-streams.adb
   [Ada]          gnatcoll-coders.adb
   [Ada]          gnatcoll-locks.adb
   [Ada]          gnatcoll-any_types.adb
   [Ada]          gnatcoll-coders-base64.adb
   [Ada]          gnatcoll-storage_pools-headers.adb
   [Ada]          gnatcoll-damerau_levenshtein_distance.ads
   [Ada]          gnatcoll-boyer_moore.adb
   [Ada]          gnatcoll-atomic.adb
   [Ada]          gnatcoll-asserts.adb
   [Ada]          gnatcoll-tribooleans.adb
   [C]            process-wrappers.c
   [C]            libc-wrappers.c
   [C]            xxhash.c
   [C]            blake3_dispatch.c
   [C]            blake3.c
   [C]            blake3_portable.c
   [C]            set_std_prefix.c
   [C]            separate_run_path_option.c
   [C]            update_path.c
   [C]            gnatcoll_support.c
   [C]            terminals.c
   [C]            run_path_option.c
   [C]            executable_path.c
   [C]            objlist_file.c
   [C]            link_max.c
   [Ada]          gnatcoll-os-libc-spawn.ads
   [Ada]          gnatcoll-os-libc.ads
   [Ada]          gnatcoll-os-libc-dirent.ads
   [Ada]          gnatcoll-os-libc-stat.ads
   [Ada]          gnatcoll-os-libc-utime.ads
   [Ada]          gnatcoll-hash-blake3.adb
   [Ada]          gnatcoll-hash.ads
   [Ada]          gnatcoll-paragraph_filling-badnesses.adb
   [Ada]          gnatcoll-paragraph_filling-words.adb
   [Ada]          gnatcoll-paragraph_filling.adb
   [Ada]          gnatcoll-os-process.adb
   [Ada]          gnatcoll-os.ads
   [Ada]          gnatcoll-os-fs.adb
   [Ada]          gnatcoll-os-dir.adb
   [Ada]          gnatcoll-os-fsutil.adb
   [Ada]          gnatcoll-os-stat.adb
   [Ada]          gnatcoll-os-temp.adb
   [Ada]          gnatcoll-io-remote-windows.adb
   [Ada]          gnatcoll-strings_impl.adb
   [Ada]          gnatcoll-string_builders.adb
   [Ada]          gnatcoll-format_columns_vertical.ads
   [Ada]          gnatcoll-opt_parse-misc_parsers.adb
   [Ada]          gnatcoll-file_paths.adb
   [Ada]          gnatcoll-email-utils.adb
   [Ada]          gnatcoll-random.adb
   [Ada]          gnatcoll-symbols.adb
   [Ada]          gnatcoll-pools.adb
   [Ada]          gnatcoll-strings.ads
   [Ada]          gnatcoll-wstring_list_builders.adb
   [Ada]          gnatcoll-io-native.adb
   [Ada]          gnatcoll-remote.ads
   [Ada]          gnatcoll-wstring_builders.adb
   [Ada]          gnatcoll-io.adb
   [Ada]          gnatcoll-traces.adb
   [Ada]          gnatcoll-buffer.adb
   [Ada]          gnatcoll-formatters.adb
   [Ada]          gnatcoll-vfs_types.ads
   [Ada]          gnatcoll-mmap.adb
   [Ada]          gnatcoll-email-mailboxes.adb
   [Ada]          gnatcoll-vfs_utils.adb
   [Ada]          gnatcoll-email-parser.adb
   [Ada]          gnatcoll-io-remote-unix.adb
   [Ada]          gnatcoll-terminal.adb
   [Ada]          gnatcoll-io-remote.adb
   [Ada]          gnatcoll-scripts.adb
   [Ada]          gnatcoll-scripts-impl.adb
   [Ada]          gnatcoll-file_indexes.adb
   [Ada]          gnatcoll-email.adb
   [Ada]          gnatcoll-templates.adb
   [Ada]          gnatcoll-json-utility.adb
   [Ada]          gnatcoll-path.adb
   [Ada]          gnatcoll-remote-db.adb
   [Ada]          gnatcoll-directed_graph.adb
   [Ada]          gnatcoll-scripts-utils.adb
   [Ada]          gnatcoll-arg_lists.adb
   [Ada]          gnatcoll-vfs.adb
   [Ada]          gnatcoll-json.adb
   [Ada]          gnatcoll-utils.adb
   [Ada]          gnatcoll-string_list_builders.adb
   [Ada]          gnatcoll-config.adb
   [Ada]          gnatcoll-opt_parse.adb
   [Ada]          gnatcoll-geometry.adb
   [Ada]          gnatcoll-hash-xxhash__generic.adb
   [Ada]          gnatcoll-mmap-system__unix.adb
   [Ada]          gnatcoll-plugins__unix.adb
   [Ada]          gnatcoll-os-process_types__unix.adb
   [Ada]          gnatcoll-os-random__unix.adb
   [Ada]          gnatcoll-os-constants__unix.ads
   [Ada]          gnatcoll-os-dir_types__unix.ads
   [Ada]          gnatcoll-os-libc_constants__linux.ads
   [C]            postgres_support.c
   [Ada]          gnatcoll-sql-postgres-gnade.adb
   [Ada]          gnatcoll-sql-postgres.adb
   [Ada]          gnatcoll-sql-ranges.adb
   [Ada]          gnatcoll-sql-postgres-builder.adb
Build Libraries
   [gprlib]       gnatcoll_minimal.lexch
   [gprlib]       gnatcoll_core.lexch
   [archive]      libgnatcoll_minimal.a
   [index]        libgnatcoll_minimal.a
   [gprlib]       gnatcoll_sql.lexch
   [archive]      libgnatcoll_core.a
   [index]        libgnatcoll_core.a
   [gprlib]       gnatcoll_postgres.lexch
   [archive]      libgnatcoll_sql.a
   [index]        libgnatcoll_sql.a
   [archive]      libgnatcoll_postgres.a
   [index]        libgnatcoll_postgres.a
Success: Build finished successfully in 78.40 seconds.
Found declared GPR file: postgres/gnatcoll_postgres.gpr
[alr test] Test completed SUCCESSFULLY
