Test ran at 2026-08-26 00:55:36.967034+00:00

SOLUTION:
anteforth=0.1.1: A Forth virtual machine
Origin: commit 6f6d3d289edb88d1ab361e0c4f5d2094491bb9e6 from https://github.com/pyjarrett/anteforth.git
Properties:
   Author: Paul Jarrett
   Build Switches: 
   Description: A Forth virtual machine
   Executable: anteforth
   License: GPL-3.0-or-later
   Maintainer: Paul Jarrett <jarrett.paul.young@gmail.com>
   Maintainers_Logins: pyjarrett
   Name: anteforth
   Tag: forth
   Tag: vm
   Tag: spark
   Version: 0.1.1
   Website: 
Dependencies (direct):
   gnatprove^15.1.0
Dependencies (solution):
   gnatprove=15.1.0
Dependencies (graph):
   anteforth=0.1.1 --> gnatprove=15.1.0 (^15.1.0)


LOG:
[alr test] Testing anteforth=0.1.1
[alr test] Spawning retrieval for remote crate: alr -d -n get anteforth=0.1.1
Note: Deploying anteforth=0.1.1...
Note: Deploying gnatprove=15.1.0...

#=#=#                                                                          
#                                                                          2.6%
###                                                                        5.4%
#####                                                                      7.1%
#######                                                                   10.3%
########                                                                  12.4%
##########                                                                14.6%
############                                                              17.8%
##############                                                            19.7%
##############                                                            19.7%
################                                                          23.2%
#################                                                         24.0%
#################                                                         24.5%
##################                                                        25.2%
##################                                                        26.2%
###################                                                       27.5%
####################                                                      28.7%
#####################                                                     29.4%
#####################                                                     30.0%
#######################                                                   32.0%
########################                                                  34.3%
#########################                                                 35.1%
###########################                                               37.8%
#############################                                             40.7%
##############################                                            43.0%
###############################                                           43.9%
################################                                          45.7%
##################################                                        47.4%
##################################                                        47.9%
###################################                                       49.3%
####################################                                      51.3%
######################################                                    53.1%
########################################                                  55.8%
##########################################                                58.9%
############################################                              61.3%
#############################################                             62.9%
###############################################                           65.5%
###############################################                           66.2%
################################################                          67.7%
#################################################                         69.2%
###################################################                       70.9%
####################################################                      73.1%
#####################################################                     74.2%
######################################################                    75.7%
#######################################################                   77.7%
#########################################################                 79.9%
#########################################################                 80.4%
##########################################################                80.9%
###########################################################               83.2%
#############################################################             84.9%
###############################################################           87.6%
#################################################################         90.4%
#################################################################         91.1%
##################################################################        92.0%
###################################################################       93.8%
####################################################################      95.7%
######################################################################    97.7%
#######################################################################   99.8%
######################################################################## 100.0%

anteforth=0.1.1 successfully retrieved.
Dependencies were solved as follows:

   +b gnatprove 15.1.0 (new,binary)
[alr test] Spawning default test for remote crate: alr -d -n build --release -- -cargs:Ada -gnatwn
Note: Building anteforth=0.1.1/anteforth.gpr...
"obj\release" created
"bin" created
[Ada Compile]     anteforth.adb
[Ada Compile]     terminal_input_buffers.adb
[Ada Compile]     vms-builtins.adb
[Ada Compile]     vms.adb
[Ada Bind]        anteforth
[Ada Post-Bind]   b__anteforth.adb
[Link]            anteforth.exe
Success: Build finished successfully in 9.20 seconds.
Found declared GPR file: anteforth.gpr
[alr test] Test completed SUCCESSFULLY
