Test ran at 2026-04-23 13:30:07.539790+00:00

SOLUTION:
pico_ada_c04_pwm=1.5.1: Chapter 4: Analog LED with PWM
Origin: source archive pico_ada_c04_pwm-1.5.1.tgz at https://sourceforge.net/projects/pi-ada-tutorial/files/Alire/pico_ada_c04_pwm-1.5.1.tgz with hashes sha256:852b4decd0912adf36c9c1763944055bb22e837d3451ee157a15696298184eee, sha512:2272f7f06629c552ea49574fe3037a819d10343ec797191e8d3cfd0e2a87a4cc5f4f52e516ac4b6c6d543b5d2c8aec222746102bf5930e28d9aa4a5a3b682d0e
Properties:
   Author: Martin Krischik <krischik@users.sourceforge.net>
   Build Switches: 
   Config set: light_tasking_rp2040 {Board := rpi_pico, Max_CPUs := 2}
   Config set: rp2040_hal {Interrupts := bb_runtimes, Use_Startup := false}
   Configuration: no modifiers
   Description: Chapter 4: Analog LED with PWM
   Executable: pwm
   Executable: sketch_04_1_breathing_light
   Executable: sketch_04_2_flowing_light_2
   License: GPL-3.0-or-later
   Long_Description: Building smooth breathing LEDs and flowing light bars with hardware PWM on the
Raspberry Pi Pico using Ada. From jittery duty cycles to perfect linear dimming - guided by the Voltcraft MSO-5102B
oscilloscope and a deep dive into PWM slice mapping on both Pico 1 and Pico 2.

In this chapter we create a reusable Pico.Analog package for PWM-based analogue output. We start with a classic
breathing light, then move on to a flowing light bar. Along the way the MSO-5102B reveals the real behaviour of our
code, and we discover (and fix) a subtle bug in the experimental RP2350 HAL.

Contained in Chapter 04 are:

1. Pwm                         - Original PWM sample from Jeremy Grosser
2. sketch_04_1_breathing_light - Chapter 4.1 Blink internal LED
3. sketch_04_2_flowing_light_2 - Chapter 4.1 Project Meteor Flowing Light

Read the full tutorial at [Chapter 4: Analog & PWM](https://pi-ada-tutorial.sourceforge.io/pico_ada_c04_pwm), [GNATdoc
documentation](https://pi-ada-tutorial.sourceforge.io/gnatdoc/pico_ada_c04_pwm/), [SourceForge
repository](https://sourceforge.net/p/pi-ada-tutorial/code/ci/master/tree/pico_ada_c04_pwm/)

   Maintainer: Martin Krischik <krischik@users.sourceforge.net>
   Maintainers_Logins: krischik
   Name: pico_ada_c04_pwm
   Tag: raspberry
   Tag: pi
   Tag: pico
   Tag: rp2040
   Tag: tasking
   Tag: light-tasking
   Tag: ada2022
   Tag: embedded
   Version: 1.5.1
   Website: https://pi-ada-tutorial.sourceforge.io/pico_ada_c04_pwm
Dependencies (direct):
   light_tasking_rp2040^15.2
   pico_bsp^2.2
   pico_xbsp^1.5
   rp2040_hal^2.7.1
Dependencies (solution):
   atomic=1.1.0
   bbqueue=1.0.0
   cortex_m=1.1.0
   gnat=15.2.1 (gnat_arm_elf)
   gnat_arm_elf=15.2.1
   hal=1.0.0
   light_tasking_rp2040=15.3.0
   pico_bsp=2.2.0
   pico_xbsp=1.5.1
   rp2040_hal=2.7.1
   usb_embedded=1.0.1
Dependencies (graph):
   bbqueue=1.0.0               --> atomic=1.1.0 (^1.0.0)
   bbqueue=1.0.0               --> gnat=15.2.1 (gnat_arm_elf) (>=10)
   cortex_m=1.1.0              --> gnat_arm_elf=15.2.1 (>=12)
   cortex_m=1.1.0              --> hal=1.0.0 (~0.3 | ^1.0.0)
   light_tasking_rp2040=15.3.0 --> gnat_arm_elf=15.2.1 (^15)
   pico_ada_c04_pwm=1.5.1      --> light_tasking_rp2040=15.3.0 (^15.2)
   pico_ada_c04_pwm=1.5.1      --> pico_bsp=2.2.0 (^2.2)
   pico_ada_c04_pwm=1.5.1      --> pico_xbsp=1.5.1 (^1.5)
   pico_ada_c04_pwm=1.5.1      --> rp2040_hal=2.7.1 (^2.7.1)
   pico_bsp=2.2.0              --> rp2040_hal=2.7.1 (^2)
   pico_xbsp=1.5.1             --> pico_bsp=2.2.0 (^2.2)
   rp2040_hal=2.7.1            --> atomic=1.1.0 (^1)
   rp2040_hal=2.7.1            --> cortex_m=1.1.0 (^1)
   rp2040_hal=2.7.1            --> gnat_arm_elf=15.2.1 (>=14 & /=15.1.2)
   rp2040_hal=2.7.1            --> hal=1.0.0 (^1)
   rp2040_hal=2.7.1            --> usb_embedded=1.0.1 (^1)
   usb_embedded=1.0.1          --> bbqueue=1.0.0 (^1.0.0)
   usb_embedded=1.0.1          --> hal=1.0.0 (^1.0.0)


LOG:
[alr test] Testing pico_ada_c04_pwm=1.5.1
[alr test] Spawning retrieval for remote crate: alr -d -n get pico_ada_c04_pwm=1.5.1
Note: Deploying pico_ada_c04_pwm=1.5.1...

#=#=#                                                                          
##O#-#                                                                         
######################################################################## 100.0%
######################################################################## 100.0%
######################################################################## 100.0%
######################################################################## 100.0%
##O=#  #                                                                       
#-#O=#  #                                                                      
######################################################################## 100.0%

pico_ada_c04_pwm=1.5.1 successfully retrieved.
Dependencies were solved as follows:

   +  atomic               1.1.0  (new,indirect)
   +  bbqueue              1.0.0  (new,indirect)
   +  cortex_m             1.1.0  (new,indirect)
   +b gnat                 15.2.1 (new,gnat_arm_elf,indirect,binary)
   +b gnat_arm_elf         15.2.1 (new,indirect,binary)
   +  hal                  1.0.0  (new,indirect)
   +  light_tasking_rp2040 15.3.0 (new)
   +  pico_bsp             2.2.0  (new)
   +  pico_xbsp            1.5.1  (new)
   +  rp2040_hal           2.7.1  (new)
   +  usb_embedded         1.0.1  (new,indirect)
[alr test] Spawning default test for remote crate: alr -d -n build --release -- -cargs:Ada -gnatwn
Note: Building pico_ada_c04_pwm=1.5.1/pico_ada_c04_pwm.gpr...
Setup
   [mkdir]        object directory for project Pico_Ada_C04_PWM
   [mkdir]        exec directory for project Pico_Ada_C04_PWM
Compile
   [Ada]          pwm.adb
   [Ada]          sketch_04_1_breathing_light.adb
   [Ada]          sketch_04_2_flowing_light_2.adb
   [Ada]          pico_xbsp_config.ads
   [Ada]          pico-analog.adb
   [Ada]          pico-utils.adb
   [Ada]          pico-analog-rgb_led.adb
   [Ada]          pico-uart_io.adb
   [Ada]          bbqueue_config.ads
   [Ada]          bbqueue-buffers.adb
   [Ada]          bbqueue-buffers-framed.adb
   [Ada]          bbqueue.adb
   [Ada]          usb_embedded_config.ads
   [Ada]          usb-utils.adb
   [Ada]          usb.adb
   [Ada]          usb-device-hid-keyboard.adb
   [Ada]          usb-device-midi.adb
   [Ada]          usb-device-serial.adb
   [Ada]          usb-device-control.adb
   [Ada]          usb-hal.ads
   [Ada]          usb-device-hid-joystick.adb
   [Ada]          usb-device-hid.adb
   [Ada]          usb-hal-device.ads
   [Ada]          usb-device.adb
   [Ada]          usb-device-hid-gamepad.adb
   [Ada]          usb-logging.ads
   [Ada]          usb-lang.ads
   [Ada]          usb-device-hid-mouse.adb
   [Ada]          usb-logging-device__null.adb
   [Ada]          hal.ads
   [Ada]          hal-flash.ads
   [Ada]          hal-time.ads
   [Ada]          hal-spi.ads
   [Ada]          hal-framebuffer.ads
   [Ada]          hal-gpio.ads
   [Ada]          hal-real_time_clock.ads
   [Ada]          hal-bitmap.ads
   [Ada]          hal-touch_panel.ads
   [Ada]          hal-sdmmc.adb
   [Ada]          hal-dsi.ads
   [Ada]          hal-filesystem.ads
   [Ada]          hal-audio.ads
   [Ada]          hal-block_drivers.ads
   [Ada]          hal-uart.ads
   [Ada]          hal-i2c.ads
   [Ada]          cortex_m-nvic.adb
   [Ada]          cortex_m-cache.adb
   [Ada]          cortex_m_svd.ads
   [Ada]          cortex_m_svd-systick.ads
   [Ada]          cortex_m_svd-debug.ads
   [Ada]          cortex_m_svd-nvic.ads
   [Ada]          cortex_m_svd-scb.ads
   [Ada]          cortex_m_svd-dwt.ads
   [Ada]          cortex_m_config.ads
   [Ada]          cortex_m-hints.adb
   [Ada]          semihosting-filesystem.adb
   [Ada]          semihosting.adb
   [Ada]          cortex_m-systick.adb
   [Ada]          cortex_m-debug.adb
   [Ada]          cortex_m.ads
   [Ada]          memory_barriers.adb
   [Ada]          cortex_m-reset.adb
   [Ada]          cortex_m-dwt.adb
   [Ada]          atomic-critical_section.adb
   [Ada]          atomic-unsigned.adb
   [Ada]          atomic-basic_operations.adb
   [Ada]          atomic-signed.adb
   [Ada]          atomic.adb
   [Ada]          atomic_config.ads
   [Ada]          atomic-signed_16.ads
   [Ada]          atomic-signed_8.ads
   [Ada]          atomic-unsigned_32.ads
   [Ada]          atomic-unsigned_8.ads
   [Ada]          atomic-unsigned_16.ads
   [Ada]          atomic-signed_32.ads
Build Libraries
   [gprlib]       Atomic.lexch
   [gprlib]       hal.lexch
   [gprlib]       Cortex_M.lexch
   [archive]      libAtomic.a
   [archive]      libhal.a
   [index]        libAtomic.a
   [index]        libhal.a
   [gprlib]       Bbqueue.lexch
   [gprlib]       Usb_Embedded.lexch
   [archive]      libCortex_M.a
   [archive]      libBbqueue.a
   [index]        libBbqueue.a
   [index]        libCortex_M.a
   [archive]      libUsb_Embedded.a
   [index]        libUsb_Embedded.a
   [gprlib]       Rp2040_Hal.lexch
   [archive]      libRp2040_Hal.a
   [index]        libRp2040_Hal.a
   [gprlib]       Pico_Bsp.lexch
   [gprlib]       Pico_XBSP.lexch
   [archive]      libPico_Bsp.a
   [index]        libPico_Bsp.a
   [archive]      libPico_XBSP.a
   [index]        libPico_XBSP.a
Bind
   [gprbind]      pwm.bexch
   [Ada]          pwm.ali
   [gprbind]      sketch_04_1_breathing_light.bexch
   [Ada]          sketch_04_1_breathing_light.ali
   [gprbind]      sketch_04_2_flowing_light_2.bexch
   [Ada]          sketch_04_2_flowing_light_2.ali
Link
   [link]         pwm.adb
   [link]         sketch_04_1_breathing_light.adb
   [link]         sketch_04_2_flowing_light_2.adb
Success: Build finished successfully in 3.31 seconds.
Found declared GPR file: pico_ada_c04_pwm.gpr
[alr test] Test completed SUCCESSFULLY
