Test ran at 2026-05-07 13:42:46.621713+00:00

SOLUTION:
musicplayer=20210719.0.0: A Music Player
Origin: commit 495babedd83cc48294de981baafd4f7c488ab8f6 from https://github.com/bracke/MP.git
Properties:
   Author: Jeff Carter
   Build Switches: 
   Description: A Music Player
   Executable: mp
   License: BSD-3-Clause
   Long_Description: # MP
A Music Player

Uses the Gnoga audio widget to create a music player.

This does what I want from a music player. Considering all the features that most music players have that this doesn't, I presume that most people will find MP lacking. However, it may serve someone as the basis for a more complex player.

The audio widget seems to require relative paths to the audio files. The file browser in this program will only choose audio files that are in the program's working directory, or in a directory under that.

MP uses [the Gnoga File Selection widget](https://github.com/jrcarter/Gnoga_File_Selection), which has only been tested on Linux.

MP uses [the PragmAda Reusable Components](https://github.com/jrcarter/PragmARC).

   Maintainer: Bent Bracke <bent@bracke.dk>
   Maintainers_Logins: bracke
   Name: musicplayer
   Tag: music
   Tag: audio
   Tag: player
   Version: 20210719
   Website: https://github.com/bracke/MP
Dependencies (direct):
   ada_gui^20240224.0.0
   gnat<13.0 | >=13.3
   pragmarc^20240323.0.0
   ssl^3.0.2
Dependencies (solution):
   ada_gui=20240224.0.1
   gnat=15.2.1 (gnat_native)
   libgnutls=3.8.3
   pragmarc=20240323.0.0
   simple_components=4.68.0
   ssl=3.0.13
   unixodbc=2.3.12
Dependencies (graph):
   ada_gui=20240224.0.1     --> gnat=15.2.1 (gnat_native) (<13.0 | >=13.3)
   ada_gui=20240224.0.1     --> simple_components=4.68.0 (^4.68.0)
   musicplayer=20210719.0.0 --> ada_gui=20240224.0.1 (^20240224.0.0)
   musicplayer=20210719.0.0 --> gnat=15.2.1 (gnat_native) (<13.0 | >=13.3)
   musicplayer=20210719.0.0 --> pragmarc=20240323.0.0 (^20240323.0.0)
   musicplayer=20210719.0.0 --> ssl=3.0.13 (^3.0.2)
   pragmarc=20240323.0.0    --> gnat=15.2.1 (gnat_native) (<13.0 | >=13.3)
   simple_components=4.68.0 --> gnat=15.2.1 (gnat_native) (>=2021 | (>=12 & <2000))
   simple_components=4.68.0 --> libgnutls=3.8.3 (^3.7)
   simple_components=4.68.0 --> unixodbc=2.3.12 (^2.3)


LOG:
[alr test] Testing musicplayer=20210719.0.0
[alr test] Spawning retrieval for remote crate: alr -d -n get musicplayer=20210719.0.0
Note: Deploying musicplayer=20210719.0.0...
Note: Deploying pragmarc=20240323.0.0...

musicplayer=20210719.0.0 successfully retrieved.
Dependencies were solved as follows:

   +  ada_gui           20240224.0.1 (new)
   +b gnat              15.2.1       (new,gnat_native,binary)
   +b libgnutls         3.8.3        (new,indirect,system package)
   +  pragmarc          20240323.0.0 (new)
   +  simple_components 4.68.0       (new,indirect)
   +b ssl               3.0.13       (new,system package)
   +b unixodbc          2.3.12       (new,indirect,system package)
[alr test] Spawning default test for remote crate: alr -d -n build --release -- -cargs:Ada -gnatwn
Note: Building musicplayer=20210719.0.0/musicplayer.gpr...
Setup
   [mkdir]        object directory for project PragmARC
   [mkdir]        library directory for project PragmARC
   [mkdir]        object directory for project Musicplayer
   [mkdir]        exec directory for project Musicplayer
Compile
   [Ada]          mp.adb
   [Ada]          pragmarc_config.ads
   [Ada]          pragmarc-encryption-threefish-block_256.adb
   [Ada]          pragmarc-unbounded_numbers-integers.adb
   [Ada]          pragmarc-data_structures-lists-bounded.ads
   [Ada]          pragmarc-randomness-real_values.ads
   [Ada]          pragmarc-rational_postfix_calculator.adb
   [Ada]          pragmarc-safety-pointers.adb
   [Ada]          pragmarc-date_handler.adb
   [Ada]          pragmarc-data_structures-sets-discrete.adb
   [Ada]          pragmarc-genetic_algorithm.adb
   [Ada]          pragmarc-title_comparisons.adb
   [Ada]          pragmarc-conversions.ads
   [Ada]          pragmarc-task_communication-forwarders.adb
   [Ada]          pragmarc-data_structures-queues-unbounded-protection-blocking.ads
   [Ada]          pragmarc-data_structures-queues-unbounded.ads
   [Ada]          pragmarc-data_structures-lists.ads
   [Ada]          pragmarc-binary_semaphore_handler.adb
   [Ada]          pragmarc-rem_nn_wrapper.adb
   [Ada]          pragmarc-randomness-kiss.adb
   [Ada]          pragmarc-cards.ads
   [Ada]          pragmarc-data_structures.ads
   [Ada]          pragmarc-data_structures-lists-bounded-protection.adb
   [Ada]          pragmarc-job_pools.adb
   [Ada]          pragmarc-encryption-threefish-block_1024.adb
   [Ada]          pragmarc-sorting.ads
   [Ada]          pragmarc-reflection.ads
   [Ada]          pragmarc-randomness-isaac.adb
   [Ada]          pragmarc-data_structures-queues-unbounded-unprotected.adb
   [Ada]          pragmarc-least_squares_fitting.adb
   [Ada]          pragmarc-matching.ads
   [Ada]          pragmarc-matching-quick_string.adb
   [Ada]          pragmarc-cards-us.adb
   [Ada]          pragmarc-unbounded_numbers-rationals.adb
   [Ada]          pragmarc-hash.adb
   [Ada]          pragmarc-sorting-radix.adb
   [Ada]          pragmarc-encryption-threefish-block_512.adb
   [Ada]          compile_all.adb
   [Ada]          pragmarc-data_structures-queues-bounded-protection-blocking.ads
   [Ada]          pragmarc-hash_fast_variable_length.adb
   [Ada]          pragmarc-data_structures-queues-unbounded-protection.ads
   [Ada]          pragmarc-mixed_case.adb
   [Ada]          pragmarc-word_input.adb
   [Ada]          pragmarc-data_structures-queues.ads
   [Ada]          pragmarc-cards-decks-us.adb
   [Ada]          pragmarc-line_fields.adb
   [Ada]          pragmarc-data_structures-stacks-unbounded-unprotected.adb
   [Ada]          pragmarc-encryption.ads
   [Ada]          pragmarc-randomness-universal.adb
   [Ada]          pragmarc-encryption-simple_xor.adb
   [Ada]          pragmarc-data_structures-skip_lists.ads
   [Ada]          pragmarc-min_max.ads
   [Ada]          pragmarc-randomness-combined.adb
   [Ada]          pragmarc-data_structures-bags.ads
   [Ada]          pragmarc-encryption-bifid.adb
   [Ada]          pragmarc-permutations.adb
   [Ada]          pragmarc-persistent_skip_list_unbounded.adb
   [Ada]          pragmarc-data_structures-queues-bounded-protection-non_blocking.adb
   [Ada]          pragmarc-task_communication-monitors.adb
   [Ada]          pragmarc-ansi_tty_control.adb
   [Ada]          pragmarc-randomness-real_ranges.adb
   [Ada]          pragmarc-data_structures-stacks-unbounded-protection.adb
   [Ada]          pragmarc-data_structures-bags-unbounded-unprotected.adb
   [Ada]          pragmarc-data_structures-bags-unbounded.ads
   [Ada]          pragmarc-binary_searcher.adb
   [Ada]          pragmarc-matching-regular_expression.adb
   [Ada]          pragmarc-data_structures-lists-unbounded.ads
   [Ada]          pragmarc.ads
   [Ada]          pragmarc-cards-decks-general.adb
   [Ada]          pragmarc-encryption-threefish.adb
   [Ada]          pragmarc-safety-suspension_objects.adb
   [Ada]          pragmarc-task_communication.ads
   [Ada]          pragmarc-menu_handler.adb
   [Ada]          pragmarc-sorting-heap.adb
   [Ada]          pragmarc-task_communication-transporters.adb
   [Ada]          pragmarc-unbounded_numbers.ads
   [Ada]          pragmarc-luhn_generation.adb
   [Ada]          pragmarc-randomness.ads
   [Ada]          pragmarc-data_structures-bags-unbounded-protection.adb
   [Ada]          pragmarc-concurrent_pipeline.adb
   [Ada]          pragmarc-data_structures-sets.ads
   [Ada]          pragmarc-matching-character_regular_expression.adb
   [Ada]          pragmarc-math.adb
   [Ada]          pragmarc-data_structures-stacks.ads
   [Ada]          pragmarc-sorting-quick.adb
   [Ada]          pragmarc-sorting-insertion.adb
   [Ada]          pragmarc-wrapping.ads
   [Ada]          pragmarc-conversions-unbounded_strings.ads
   [Ada]          pragmarc-data_structures-queues-unbounded-protection-non_blocking.adb
   [Ada]          pragmarc-data_structures-stacks-unbounded.ads
   [Ada]          pragmarc-cards-decks.ads
   [Ada]          pragmarc-three_way.adb
   [Ada]          pragmarc-safety-semaphores.adb
   [Ada]          pragmarc-randomness-threefry.adb
   [Ada]          pragmarc-b_strings.adb
   [Ada]          pragmarc-postfix_calculator.adb
   [Ada]          pragmarc-data_structures-skip_lists-unbounded.adb
   [Ada]          pragmarc-text_io.adb
   [Ada]          pragmarc-data_structures-queues-bounded-protection.ads
   [Ada]          pragmarc-data_structures-lists-unbounded-protection.adb
   [Ada]          pragmarc-conversions-vectors.adb
   [Ada]          pragmarc-protected_option.adb
   [Ada]          pragmarc-data_structures-queues-bounded.ads
   [Ada]          pragmarc-data_structures-queues-bounded-unprotected.adb
   [Ada]          pragmarc-randomness-u32_ranges.adb
   [Ada]          pragmarc-safety.ads
   [Ada]          pragmarc-images.adb
   [Ada]          pragmarc-images-image.ads
   [Ada]          pragmarc-comparisons.ads
pragmarc-matching-character_regular_expression.ads:31:04: warning: in instantiation at pragmarc-matching-regular_expression.adb:30 [-gnatwv]
pragmarc-matching-character_regular_expression.ads:31:04: warning: aggregate not fully initialized [-gnatwv]
Build Libraries
   [gprlib]       PragmARC.lexch
   [archive]      libPragmARC.a
   [index]        libPragmARC.a
Bind
   [gprbind]      mp.bexch
   [Ada]          mp.ali
Link
   [archive]      libmusicplayer.a
   [index]        libmusicplayer.a
   [link]         mp.adb
Success: Build finished successfully in 13.76 seconds.
Found declared GPR file: musicplayer.gpr
[alr test] Test completed SUCCESSFULLY
