Test ran at 2025-05-11 00:59:32.183287+00:00

SOLUTION:
matreshka_sql_sqlite3=21.0.0: SQLite binding for Ada
Origin: commit 0ae8347db103c231d60bc4b795461aa4e6c73696 from https://github.com/reznikmm/matreshka-alire
Properties:
   Author: Vadim Godunko
   Description: SQLite binding for Ada
   License: BSD-3-Clause
   Maintainer: Vadim Godunko <vgodunko@gmail.com>
   Maintainer: Maxim Reznik <reznikmm@gmail.com>
   Maintainers_Logins: godunko
   Maintainers_Logins: reznikmm
   Name: matreshka_sql_sqlite3
   Project_File: build_matreshka_sql_sqlite3.gpr
   Tag: sql
   Tag: database
   Tag: db
   Tag: sqlite
   Version: 21.0.0
   Website: https://github.com/godunko/matreshka
Dependencies (direct):
   libsqlite3*
   matreshka_league21.0.0
Dependencies (solution):
   libsqlite3=3.47.2
   make=4.4.1
   matreshka_league=21.0.0
Dependencies (graph):
   matreshka_league=21.0.0      --> make=4.4.1 (*)
   matreshka_sql_sqlite3=21.0.0 --> libsqlite3=3.47.2 (*)
   matreshka_sql_sqlite3=21.0.0 --> matreshka_league=21.0.0 (21.0.0)


LOG:
Spawning: alr -d -n get --build matreshka_sql_sqlite3=21.0.0
Note: Deploying matreshka_sql_sqlite3=21.0.0...
Note: Running post-fetch actions for matreshka_league=21.0.0...
gnatmake -p -j0  -Pgnat/tools_configure.gpr
Setup
   [mkdir]        object directory for project Tools_Configure
tools_configure.gpr:50:25: "../tools/configure" is not a valid directory
gprbuild: "gnat/tools_configure.gpr" processing failed
make: *** [Makefile:115: config] Error 5
stderr: Command ["make", "reconfig"] exited with code 2
ERROR: Command ["make", "reconfig"] exited with code 2
