Test ran at 2025-07-05 12:34:41.082492+00:00

SOLUTION:
ada_voxel_space_demo=1.0.1: Voxel Space render engine demo in Ada
Origin: source archive ada_voxel_space_demo-1.0.1.zip at https://github.com/Fabien-Chouteau/ada-voxel-space-demo/releases/download/v1.0.1/ada_voxel_space_demo-1.0.1.zip with hash sha512:69740326ce512b57e15e311e82bbbd500bdbcb434290af598a379fbee8a157f9c6a18321d6b36164aae78687c0012f051bd7fcdb5eebd85ed6b2cec33a0b3917
Properties:
   Description: Voxel Space render engine demo in Ada
   Executable: main
   License: MIT
   Maintainer: fabien.chouteau@gmail.com
   Maintainers_Logins: Fabien-Chouteau
   Name: ada_voxel_space_demo
   Project_File: ada_voxel_space_demo.gpr
   Version: 1.0.1
Dependencies (direct):
   sdlada^2.3.1
Dependencies (solution):
   libsdl2=2.32.0
   libsdl2_image=2.8.5
   libsdl2_mixer=2.8.1
   libsdl2_ttf=2.24.0
   make=4.4.1
   sdlada=2.5.20
Dependencies (graph):
   ada_voxel_space_demo=1.0.1 --> sdlada=2.5.20 (^2.3.1)
   sdlada=2.5.20              --> libsdl2=2.32.0 (^2.0.0)
   sdlada=2.5.20              --> libsdl2_image=2.8.5 (^2.0.0)
   sdlada=2.5.20              --> libsdl2_mixer=2.8.1 (^2.0.0)
   sdlada=2.5.20              --> libsdl2_ttf=2.24.0 (^2.0.0)
   sdlada=2.5.20              --> make=4.4.1 (*)


LOG:
Spawning: alr -d -n get --build ada_voxel_space_demo=1.0.1
Note: Deploying ada_voxel_space_demo=1.0.1...

#=#=#                                                                          
##                                                                         3.7%
######################################################################## 100.0%
Note: Running pre-build actions for sdlada=2.5.20...
make: Entering directory '/c/Users/runneradmin/AppData/Local/alire/cache/builds/sdlada_2.5.20_cd53c280/53d76cb5eede123f0bda9d774a64efc59fccf8f2d922f22f4fa7489a31f352bb/build/gnat'
mkdir -p gen/src/
make: Leaving directory '/c/Users/runneradmin/AppData/Local/alire/cache/builds/sdlada_2.5.20_cd53c280/53d76cb5eede123f0bda9d774a64efc59fccf8f2d922f22f4fa7489a31f352bb/build/gnat'
Note: Building ada_voxel_space_demo=1.0.1/ada_voxel_space_demo.gpr...
Setup
   [mkdir]        object directory for project Ada_Voxel_Space_Demo
Compile
   [Ada]          main.adb
sdl_display.adb:51:59: error: expected type "Standard.Integer"
sdl_display.adb:51:59: error: found type "Interfaces.C.int"
sdl_display.adb:52:59: error: expected type "Standard.Integer"
sdl_display.adb:52:59: error: found type "Interfaces.C.int"
sdl_display.adb:74:56: error: expected type "Standard.Integer"
sdl_display.adb:74:56: error: found type "Interfaces.C.int"
sdl_display.adb:75:56: error: expected type "Standard.Integer"
sdl_display.adb:75:56: error: found type "Interfaces.C.int"
sdl_display.adb:94:52: error: expected type "Standard.Integer"
sdl_display.adb:94:52: error: found type "Interfaces.C.int"
sdl_display.adb:95:52: error: expected type "Standard.Integer"
sdl_display.adb:95:52: error: found type "Interfaces.C.int"
sdl_display.adb:132:31: error: no candidate interpretations match the actuals:
sdl_display.adb:132:31: error: too many arguments in call to "SDL.Video.Windows.Makers.Create"
sdl_display.adb:136:10: error: expected type "Positive_Dimension" defined at sdl.ads:60
sdl_display.adb:136:10: error: found type "Standard.Integer"
sdl_display.adb:136:10: error:   ==> in call to "Create" at sdl-video-windows-makers.ads:23
sdl_display.adb:147:23: error: expected type "Dimension" defined at sdl.ads:58
sdl_display.adb:147:23: error: found type "Standard.Integer"
sdl_display.adb:148:23: error: expected type "Dimension" defined at sdl.ads:58
sdl_display.adb:148:23: error: found type "Standard.Integer"

   compilation of main.adb failed

gprbuild: *** compilation phase failed
stderr: Command ["gprbuild", "-s", "-j0", "-p", "-P", "D:\a\alire-crates-ci\alire-crates-ci\test\a2c6600c-4c07-46ec-8beb-04437bb3a03f\ada_voxel_space_demo_1.0.1_69740326\ada_voxel_space_demo.gpr"] exited with code 4
ERROR: Command ["gprbuild", "-s", "-j0", "-p", "-P", "D:\a\alire-crates-ci\alire-crates-ci\test\a2c6600c-4c07-46ec-8beb-04437bb3a03f\ada_voxel_space_demo_1.0.1_69740326\ada_voxel_space_demo.gpr"] exited with code 4
stderr: ALIRE.CHECKED_ERROR
stderr: Command ["gprbuild", "-s", "-j0", "-p", "-P", "D:\a\alire-crates-ci\alire-crates-ci\test\a2c6600c-4c07-46ec-8beb-04437bb3a03f\ada_voxel_space_demo_1.0.1_69740326\ada_voxel_space_demo.gpr"] exited with code 4
stderr: raised ALIRE.CHECKED_ERROR : alire-stored-error:1
[D:\a\alire-crates-ci\alire-crates-ci\alire_install\bin\alr.exe]
0x7ff7412fb6aa Semantic_Versioning.Basic.Restrictions.First_Index at alire.adb:284
0x7ff740f162cb Semantic_Versioning.Basic.Restrictions.First_Index at alire-os_lib-subprocess.adb:111
0x7ff7411b9ee1 Semantic_Versioning.Basic.Restrictions.First_Index at alire-spawn.adb:21
0x7ff7411ba5bf Semantic_Versioning.Basic.Restrictions.First_Index at alire-spawn.adb:41
0x7ff7410ee35c Semantic_Versioning.Basic.Restrictions.First_Index at alire-roots.adb:186
0x7ff7410ec84a Semantic_Versioning.Basic.Restrictions.First_Index at alire-roots.adb:252
0x7ff7411129c9 Semantic_Versioning.Basic.Restrictions.First_Index at alire-roots.adb:2075
0x7ff7411810ed Semantic_Versioning.Basic.Restrictions.First_Index at alire-solutions.adb:1480
0x7ff741180218 Semantic_Versioning.Basic.Restrictions.First_Index at alire-solutions.adb:1563
0x7ff741112ac8 Semantic_Versioning.Basic.Restrictions.First_Index at alire-roots.adb:2079
0x7ff741112b96 Semantic_Versioning.Basic.Restrictions.First_Index at alire-roots.adb:2059
0x7ff7410ece0e Semantic_Versioning.Basic.Restrictions.First_Index at alire-roots.adb:283
0x7ff7410ecf0a Semantic_Versioning.Basic.Restrictions.First_Index at alire-roots.adb:111
0x7ff7408b4f23 Semantic_Versioning.Basic.Restrictions.First_Index at alr-commands-get.adb:205
0x7ff7408b88df Semantic_Versioning.Basic.Restrictions.First_Index at alr-commands-get.adb:378
0x7ff7408b8a9a Semantic_Versioning.Basic.Restrictions.First_Index at alr-commands-get.adb:256
0x7ff740951628 Semantic_Versioning.Basic.Restrictions.First_Index at clic-subcommand-instance.adb:749
0x7ff74095deeb Semantic_Versioning.Basic.Restrictions.First_Index at alr-commands.adb:561
0x7ff7408316a0 Alr.Main at alr-main.adb:13
0x7ff740834f2e Main at b__alr-main.adb:2306
0x7ff74083133e __tmainCRTStartup at ???
0x7ff740831144 mainCRTStartup at ???
[C:\Windows\System32\KERNEL32.DLL]
0x7fffc1044cae
[C:\Windows\SYSTEM32\ntdll.dll]
0x7fffc2a1edc9


Warning: ada_voxel_space_demo=1.0.1 successfully retrieved but its build failed.
Dependencies were solved as follows:

   +b libsdl2       2.32.0 (new,indirect,system package)
   +b libsdl2_image 2.8.5  (new,indirect,system package)
   +b libsdl2_mixer 2.8.1  (new,indirect,system package)
   +b libsdl2_ttf   2.24.0 (new,indirect,system package)
   +b make          4.4.1  (new,indirect,system package)
   +  sdlada        2.5.20 (new)
ERROR: Build ended with errors
