Test ran at 2025-11-25 13:06:50.175713+00:00

SOLUTION:
brackelib=0.0.2: Library which contains various utility packages.
Origin: commit e08b60411a7469999cf69419780c76237aaa4d35 from https://github.com/bracke/brackelib.git
Properties:
   Author: Bent Bracke
   Description: Library which contains various utility packages.
   License: CC0-1.0
   Long_Description: Ada library which contains various utility packages. Currently only a few implementations of abstract data types.
   Maintainer: Bent Bracke <bent@bracke.dk>
   Maintainers_Logins: bracke
   Name: brackelib
   Tag: utility
   Tag: adt
   Tag: stack
   Tag: queue
   Version: 0.0.2
   Website: https://github.com/bracke/brackelib


LOG:
[alr test] Testing brackelib=0.0.2
[alr test] Spawning retrieval for remote crate: alr -d -n get brackelib=0.0.2
Note: Deploying brackelib=0.0.2...

brackelib=0.0.2 successfully retrieved.
There are no dependencies.
[alr test] Spawning default test for remote crate: alr -d -n build --release -- -cargs:Ada -gnatwn
Note: Alire has selected automatically this toolchain:
   gprbuild=25.0.1
   gnat_native=15.2.1
You can select a different toolchain at any time with `alr toolchain --select`
Download will start now:
Note: Deploying gprbuild=25.0.1...
#=#=#                                                                          

##########################                                                36.5%
################################################################          89.2%
######################################################################## 100.0%
Note: gprbuild=25.0.1 installed successfully.
Note: Deploying gnat_native=15.2.1...
#=#=#                                                                          

####                                                                       5.7%
##########                                                                15.0%
#################                                                         24.7%
########################                                                  34.4%
###############################                                           43.9%
######################################                                    53.7%
#############################################                             63.0%
####################################################                      72.4%
##########################################################                81.8%
################################################################          90.2%
#######################################################################   99.9%
######################################################################## 100.0%
Note: gnat_native=15.2.1 installed successfully.
Note: Building brackelib=0.0.2/brackelib.gpr...
Setup
   [mkdir]        object directory for project Brackelib
   [mkdir]        library directory for project Brackelib
Compile
   [Ada]          brackelib.ads
   [Ada]          brackelib-queues.adb
   [Ada]          brackelib-stacks.adb
Build Libraries
   [gprlib]       Brackelib.lexch
   [archive]      libBrackelib.a
   [index]        libBrackelib.a
Success: Build finished successfully in 0.32 seconds.
Found declared GPR file: brackelib.gpr
[alr test] Test completed SUCCESSFULLY
