Test ran at 2026-09-02 01:32:35.642059+00:00

SOLUTION:
hkdf_ada=0.1.0: SPARK-proved HKDF (RFC 5869) - HKDF_SHA256 proved at Level 2
Origin: commit cdde31c8e98cc1e101556eeab7c9ed88101a3366 from https://github.com/b-erdem/hkdf_ada.git
Properties:
   Author: Baris Erdem
   Description: SPARK-proved HKDF (RFC 5869) - HKDF_SHA256 proved at Level 2
   License: Apache-2.0
   Long_Description: SPARK-proved HKDF (RFC 5869) for Ada 2022, built on `hmac_ada`. The
HKDF-SHA-256 instantiation is fully proved at SPARK Level 2 (266 checks,
zero `pragma Assume`). Uses `System.Storage_Elements.Storage_Array` for
embedded and constrained-runtime (Light, ZFP) compatibility, no heap
allocation, `pragma Pure`. A separate generic `HKDF` package provides an
unproved convenience layer for other HMAC functions.

   Maintainer: Baris Erdem <baris@erdem.dev>
   Maintainers_Logins: b-erdem
   Name: hkdf_ada
   Tag: hkdf
   Tag: rfc5869
   Tag: kdf
   Tag: cryptography
   Tag: spark
   Tag: embedded
   Tag: security
   Version: 0.1.0
   Website: https://github.com/b-erdem/hkdf_ada
Dependencies (direct):
   hmac_ada~0.2.0
Dependencies (solution):
   hmac_ada=0.2.0
Dependencies (graph):
   hkdf_ada=0.1.0 --> hmac_ada=0.2.0 (~0.2.0)


LOG:
[alr test] Testing hkdf_ada=0.1.0
[alr test] Spawning retrieval for remote crate: alr -d -n get hkdf_ada=0.1.0
Note: Deploying hkdf_ada=0.1.0...
Note: Deploying hmac_ada=0.2.0...

hkdf_ada=0.1.0 successfully retrieved.
Dependencies were solved as follows:

   + hmac_ada 0.2.0 (new)
[alr test] Spawning default test for remote crate: alr -d -n build --release -- -cargs:Ada -gnatwn
Note: Building hkdf_ada=0.1.0/hkdf_ada.gpr...
"C:\Users\runneradmin\AppData\Local\alire\cache\builds\hmac_ada_0.2.0_6cab7904\0a252060f51dafb8c58b70b5a8b338b6511e6d82317f481f67a1499507c8ff63\obj" created
"C:\Users\runneradmin\AppData\Local\alire\cache\builds\hmac_ada_0.2.0_6cab7904\0a252060f51dafb8c58b70b5a8b338b6511e6d82317f481f67a1499507c8ff63\lib" created
"obj" created
"lib" created
[Ada Compile]     hmac.adb
[Ada Compile]     hmac_sha256.adb
[Ada Compile]     sha256.adb
[Ada Compile]     hkdf.adb
gnat1: invalid switch: -gnat2022
hmac_ada.gpr: error: [Ada Compile] hmac.adb (hmac_ada.gpr) failed with status 1
gnat1: invalid switch: -gnat2022
hmac_ada.gpr: error: [Ada Compile] hmac_sha256.adb (hmac_ada.gpr) failed with status 1
gnat1: invalid switch: -gnat2022
hmac_ada.gpr: error: [Ada Compile] sha256.adb (hmac_ada.gpr) failed with status 1
gnat1: invalid switch: -gnat2022
hkdf_ada.gpr: error: [Ada Compile] hkdf.adb (hkdf_ada.gpr) failed with status 1
stderr: Command ["gprbuild", "-s", "-j0", "-p", "-P", "D:\a\alire-crates-ci\alire-crates-ci\test\d3897b42-9797-41e3-bcd0-e16f590bcdb7\hkdf_ada_0.1.0_cdde31c8\hkdf_ada.gpr", "-cargs:Ada", "-gnatwn"] exited with code 4
ERROR: Command ["gprbuild", "-s", "-j0", "-p", "-P", "D:\a\alire-crates-ci\alire-crates-ci\test\d3897b42-9797-41e3-bcd0-e16f590bcdb7\hkdf_ada_0.1.0_cdde31c8\hkdf_ada.gpr", "-cargs:Ada", "-gnatwn"] exited with code 4
stderr: ALIRE.CHECKED_ERROR
stderr: Command ["gprbuild", "-s", "-j0", "-p", "-P", "D:\a\alire-crates-ci\alire-crates-ci\test\d3897b42-9797-41e3-bcd0-e16f590bcdb7\hkdf_ada_0.1.0_cdde31c8\hkdf_ada.gpr", "-cargs:Ada", "-gnatwn"] exited with code 4
stderr: raised ALIRE.CHECKED_ERROR : alire-stored-error:1
[D:\a\alire-crates-ci\alire-crates-ci\alire_install\bin\alr.exe]
0x7ff64fd0da2a Semantic_Versioning.Basic.Restrictions.First_Index at alire.adb:284
0x7ff64f90595b Semantic_Versioning.Basic.Restrictions.First_Index at alire-os_lib-subprocess.adb:111
0x7ff64fbbcba1 Semantic_Versioning.Basic.Restrictions.First_Index at alire-spawn.adb:22
0x7ff64fbbdd5d Semantic_Versioning.Basic.Restrictions.First_Index at alire-spawn.adb:68
0x7ff64fae2d64 Semantic_Versioning.Basic.Restrictions.First_Index at alire-roots.adb:189
0x7ff64fae11da Semantic_Versioning.Basic.Restrictions.First_Index at alire-roots.adb:255
0x7ff64fb0912d Semantic_Versioning.Basic.Restrictions.First_Index at alire-roots.adb:2143
0x7ff64fb782f9 Semantic_Versioning.Basic.Restrictions.First_Index at alire-solutions.adb:1472
0x7ff64fb77424 Semantic_Versioning.Basic.Restrictions.First_Index at alire-solutions.adb:1555
0x7ff64fb0922c Semantic_Versioning.Basic.Restrictions.First_Index at alire-roots.adb:2147
0x7ff64fb092fa Semantic_Versioning.Basic.Restrictions.First_Index at alire-roots.adb:2127
0x7ff64fae17a7 Semantic_Versioning.Basic.Restrictions.First_Index at alire-roots.adb:286
0x7ff64fae1912 Semantic_Versioning.Basic.Restrictions.First_Index at alire-roots.adb:114
0x7ff64f253baa Semantic_Versioning.Basic.Restrictions.First_Index at alr-commands-build.adb:145
0x7ff64f25341e Semantic_Versioning.Basic.Restrictions.First_Index at alr-commands-build.adb:113
0x7ff64f2535ba Semantic_Versioning.Basic.Restrictions.First_Index at alr-commands-build.adb:54
0x7ff64f305dea Semantic_Versioning.Basic.Restrictions.First_Index at clic-subcommand-instance.adb:749
0x7ff64f312b0e Semantic_Versioning.Basic.Restrictions.First_Index at alr-commands.adb:632
0x7ff64f1e16a0 Alr.Main at alr-main.adb:13
0x7ff64f1e5270 Main at b__alr-main.adb:2454
0x7ff64f1e133e __tmainCRTStartup at ???
0x7ff64f1e1144 mainCRTStartup at ???
[C:\Windows\System32\KERNEL32.DLL]
0x7ffaffc1e8d5
[C:\Windows\SYSTEM32\ntdll.dll]
0x7ffb005ec53a

stderr: ALIRE.ROOTS.BUILD._WRAPPED_STATEMENTS.BUILD_FAILED
stderr: alire-roots.adb:202
stderr: raised ALIRE.ROOTS.BUILD._WRAPPED_STATEMENTS.BUILD_FAILED : alire-roots.adb:202
[D:\a\alire-crates-ci\alire-crates-ci\alire_install\bin\alr.exe]
0x7ff64fae313c Semantic_Versioning.Basic.Restrictions.First_Index at alire-roots.adb:202
0x7ff64fae11da Semantic_Versioning.Basic.Restrictions.First_Index at alire-roots.adb:255
0x7ff64fb0912d Semantic_Versioning.Basic.Restrictions.First_Index at alire-roots.adb:2143
0x7ff64fb782f9 Semantic_Versioning.Basic.Restrictions.First_Index at alire-solutions.adb:1472
0x7ff64fb77424 Semantic_Versioning.Basic.Restrictions.First_Index at alire-solutions.adb:1555
0x7ff64fb0922c Semantic_Versioning.Basic.Restrictions.First_Index at alire-roots.adb:2147
0x7ff64fb092fa Semantic_Versioning.Basic.Restrictions.First_Index at alire-roots.adb:2127
0x7ff64fae17a7 Semantic_Versioning.Basic.Restrictions.First_Index at alire-roots.adb:286
0x7ff64fae1912 Semantic_Versioning.Basic.Restrictions.First_Index at alire-roots.adb:114
0x7ff64f253baa Semantic_Versioning.Basic.Restrictions.First_Index at alr-commands-build.adb:145
0x7ff64f25341e Semantic_Versioning.Basic.Restrictions.First_Index at alr-commands-build.adb:113
0x7ff64f2535ba Semantic_Versioning.Basic.Restrictions.First_Index at alr-commands-build.adb:54
0x7ff64f305dea Semantic_Versioning.Basic.Restrictions.First_Index at clic-subcommand-instance.adb:749
0x7ff64f312b0e Semantic_Versioning.Basic.Restrictions.First_Index at alr-commands.adb:632
0x7ff64f1e16a0 Alr.Main at alr-main.adb:13
0x7ff64f1e5270 Main at b__alr-main.adb:2454
0x7ff64f1e133e __tmainCRTStartup at ???
0x7ff64f1e1144 mainCRTStartup at ???
[C:\Windows\System32\KERNEL32.DLL]
0x7ffaffc1e8d5
[C:\Windows\SYSTEM32\ntdll.dll]
0x7ffb005ec53a

ERROR: Compilation failed.
