Test ran at 2026-08-21 12:54:34.088740+00:00

SOLUTION:
cgk=0.1.0: Computational Geometry Kernel
Origin: commit 0b19efcd983adfdc704a9ed870f36f2efb5f40d3 from https://github.com/godunko/cgk.git
Properties:
   Author: Vadim Godunko
   Config type: Float_Size : Enum (32, 64) default: '64'
   Config type: SIMD : Enum (nosimd, gcc) default: 'gcc'
   Configuration: no modifiers
   Description: Computational Geometry Kernel
   License: Apache-2.0 WITH LLVM-exception
   Maintainer: Vadim Godunko <vgodunko@gmail.com>
   Maintainers_Logins: godunko
   Name: cgk
   Project_File: gnat/cgk_primitives.gpr
   Tag: computational
   Tag: geometry
   Version: 0.1.0
   Website: https://github.com/godunko/cgk


LOG:
[alr test] Testing cgk=0.1.0
[alr test] Spawning retrieval for remote crate: alr -d -n get cgk=0.1.0
Note: Deploying cgk=0.1.0...

cgk=0.1.0 successfully retrieved.
There are no dependencies.
[alr test] Spawning default test for remote crate: alr -d -n build --release -- -cargs:Ada -gnatwn
Note: Building cgk=0.1.0/gnat/cgk_primitives.gpr...
"..\.objs\x86_64-windows" created
[Ada Compile]     cgk-internals-generic_sequences.adb
[Ada Compile]     cgk-internals-mersenne_twister_64.adb
[Ada Compile]     cgk-internals-shewchuk.adb
[Ada Compile]     cgk-internals-shewchuk_arithmetic.adb
cgk-internals-generic_sequences.adb:39:22: target_name is an Ada 2020 feature
cgk-internals-generic_sequences.adb:67:22: target_name is an Ada 2020 feature
cgk-internals-generic_sequences.adb:80:22: target_name is an Ada 2020 feature
cgk_primitives.gpr: error: [Ada Compile] cgk-internals-generic_sequences.adb (cgk_primitives.gpr) failed with status 1
cgk-internals-mersenne_twister_64.adb:16:06: illegal character, replaced by "("
cgk-internals-mersenne_twister_64.adb:56:18: target_name is an Ada 2020 feature
cgk-internals-mersenne_twister_64.adb:58:11: missing operand
cgk-internals-mersenne_twister_64.adb:58:12: target_name is an Ada 2020 feature
cgk-internals-mersenne_twister_64.adb:59:11: missing operand
cgk-internals-mersenne_twister_64.adb:59:12: target_name is an Ada 2020 feature
cgk-internals-mersenne_twister_64.adb:60:11: missing operand
cgk-internals-mersenne_twister_64.adb:60:12: target_name is an Ada 2020 feature
cgk-internals-mersenne_twister_64.adb:61:11: missing operand
cgk-internals-mersenne_twister_64.adb:61:12: target_name is an Ada 2020 feature
cgk-internals-mersenne_twister_64.adb:128:22: target_name is an Ada 2020 feature
cgk_primitives.gpr: error: [Ada Compile] cgk-internals-mersenne_twister_64.adb (cgk_primitives.gpr) failed with status 1
cgk-internals-shewchuk.adb:158:09: target_name is an Ada 2020 feature
cgk_primitives.gpr: error: [Ada Compile] cgk-internals-shewchuk.adb (cgk_primitives.gpr) failed with status 1
cgk-internals-shewchuk_arithmetic.adb:69:15: target_name is an Ada 2020 feature
cgk-internals-shewchuk_arithmetic.adb:95:21: target_name is an Ada 2020 feature
cgk-internals-shewchuk_arithmetic.adb:99:21: target_name is an Ada 2020 feature
cgk-internals-shewchuk_arithmetic.adb:105:24: target_name is an Ada 2020 feature
cgk-internals-shewchuk_arithmetic.adb:109:24: target_name is an Ada 2020 feature
cgk-internals-shewchuk_arithmetic.adb:116:24: target_name is an Ada 2020 feature
cgk-internals-shewchuk_arithmetic.adb:122:27: target_name is an Ada 2020 feature
cgk-internals-shewchuk_arithmetic.adb:126:27: target_name is an Ada 2020 feature
cgk-internals-shewchuk_arithmetic.adb:133:27: target_name is an Ada 2020 feature
cgk-internals-shewchuk_arithmetic.adb:140:21: target_name is an Ada 2020 feature
cgk-internals-shewchuk_arithmetic.adb:145:24: target_name is an Ada 2020 feature
cgk-internals-shewchuk_arithmetic.adb:151:21: target_name is an Ada 2020 feature
cgk-internals-shewchuk_arithmetic.adb:156:24: target_name is an Ada 2020 feature
cgk-internals-shewchuk_arithmetic.adb:162:21: target_name is an Ada 2020 feature
cgk_primitives.gpr: error: [Ada Compile] cgk-internals-shewchuk_arithmetic.adb (cgk_primitives.gpr) failed with status 1
stderr: Command ["gprbuild", "-s", "-j0", "-p", "-P", "D:\a\alire-crates-ci\alire-crates-ci\test\e6ad5f9e-8e00-4726-ae42-c4233922b68a\cgk_0.1.0_0b19efcd\gnat/cgk_primitives.gpr", "-cargs:Ada", "-gnatwn"] exited with code 4
ERROR: Command ["gprbuild", "-s", "-j0", "-p", "-P", "D:\a\alire-crates-ci\alire-crates-ci\test\e6ad5f9e-8e00-4726-ae42-c4233922b68a\cgk_0.1.0_0b19efcd\gnat/cgk_primitives.gpr", "-cargs:Ada", "-gnatwn"] exited with code 4
stderr: ALIRE.CHECKED_ERROR
stderr: Command ["gprbuild", "-s", "-j0", "-p", "-P", "D:\a\alire-crates-ci\alire-crates-ci\test\e6ad5f9e-8e00-4726-ae42-c4233922b68a\cgk_0.1.0_0b19efcd\gnat/cgk_primitives.gpr", "-cargs:Ada", "-gnatwn"] exited with code 4
stderr: raised ALIRE.CHECKED_ERROR : alire-stored-error:1
[D:\a\alire-crates-ci\alire-crates-ci\alire_install\bin\alr.exe]
0x7ff760c8da2a Semantic_Versioning.Basic.Restrictions.First_Index at alire.adb:284
0x7ff76088595b Semantic_Versioning.Basic.Restrictions.First_Index at alire-os_lib-subprocess.adb:111
0x7ff760b3cba1 Semantic_Versioning.Basic.Restrictions.First_Index at alire-spawn.adb:22
0x7ff760b3dd5d Semantic_Versioning.Basic.Restrictions.First_Index at alire-spawn.adb:68
0x7ff760a62d64 Semantic_Versioning.Basic.Restrictions.First_Index at alire-roots.adb:189
0x7ff760a611da Semantic_Versioning.Basic.Restrictions.First_Index at alire-roots.adb:255
0x7ff760a8912d Semantic_Versioning.Basic.Restrictions.First_Index at alire-roots.adb:2143
0x7ff760af82f9 Semantic_Versioning.Basic.Restrictions.First_Index at alire-solutions.adb:1472
0x7ff760af7424 Semantic_Versioning.Basic.Restrictions.First_Index at alire-solutions.adb:1555
0x7ff760a8922c Semantic_Versioning.Basic.Restrictions.First_Index at alire-roots.adb:2147
0x7ff760a892fa Semantic_Versioning.Basic.Restrictions.First_Index at alire-roots.adb:2127
0x7ff760a617a7 Semantic_Versioning.Basic.Restrictions.First_Index at alire-roots.adb:286
0x7ff760a61912 Semantic_Versioning.Basic.Restrictions.First_Index at alire-roots.adb:114
0x7ff7601d3baa Semantic_Versioning.Basic.Restrictions.First_Index at alr-commands-build.adb:145
0x7ff7601d341e Semantic_Versioning.Basic.Restrictions.First_Index at alr-commands-build.adb:113
0x7ff7601d35ba Semantic_Versioning.Basic.Restrictions.First_Index at alr-commands-build.adb:54
0x7ff760285dea Semantic_Versioning.Basic.Restrictions.First_Index at clic-subcommand-instance.adb:749
0x7ff760292b0e Semantic_Versioning.Basic.Restrictions.First_Index at alr-commands.adb:632
0x7ff7601616a0 Alr.Main at alr-main.adb:13
0x7ff760165270 Main at b__alr-main.adb:2454
0x7ff76016133e __tmainCRTStartup at ???
0x7ff760161144 mainCRTStartup at ???
[C:\Windows\System32\KERNEL32.DLL]
0x7ff92217e8d5
[C:\Windows\SYSTEM32\ntdll.dll]
0x7ff92324c53a

stderr: ALIRE.ROOTS.BUILD._WRAPPED_STATEMENTS.BUILD_FAILED
stderr: alire-roots.adb:202
stderr: raised ALIRE.ROOTS.BUILD._WRAPPED_STATEMENTS.BUILD_FAILED : alire-roots.adb:202
[D:\a\alire-crates-ci\alire-crates-ci\alire_install\bin\alr.exe]
0x7ff760a6313c Semantic_Versioning.Basic.Restrictions.First_Index at alire-roots.adb:202
0x7ff760a611da Semantic_Versioning.Basic.Restrictions.First_Index at alire-roots.adb:255
0x7ff760a8912d Semantic_Versioning.Basic.Restrictions.First_Index at alire-roots.adb:2143
0x7ff760af82f9 Semantic_Versioning.Basic.Restrictions.First_Index at alire-solutions.adb:1472
0x7ff760af7424 Semantic_Versioning.Basic.Restrictions.First_Index at alire-solutions.adb:1555
0x7ff760a8922c Semantic_Versioning.Basic.Restrictions.First_Index at alire-roots.adb:2147
0x7ff760a892fa Semantic_Versioning.Basic.Restrictions.First_Index at alire-roots.adb:2127
0x7ff760a617a7 Semantic_Versioning.Basic.Restrictions.First_Index at alire-roots.adb:286
0x7ff760a61912 Semantic_Versioning.Basic.Restrictions.First_Index at alire-roots.adb:114
0x7ff7601d3baa Semantic_Versioning.Basic.Restrictions.First_Index at alr-commands-build.adb:145
0x7ff7601d341e Semantic_Versioning.Basic.Restrictions.First_Index at alr-commands-build.adb:113
0x7ff7601d35ba Semantic_Versioning.Basic.Restrictions.First_Index at alr-commands-build.adb:54
0x7ff760285dea Semantic_Versioning.Basic.Restrictions.First_Index at clic-subcommand-instance.adb:749
0x7ff760292b0e Semantic_Versioning.Basic.Restrictions.First_Index at alr-commands.adb:632
0x7ff7601616a0 Alr.Main at alr-main.adb:13
0x7ff760165270 Main at b__alr-main.adb:2454
0x7ff76016133e __tmainCRTStartup at ???
0x7ff760161144 mainCRTStartup at ???
[C:\Windows\System32\KERNEL32.DLL]
0x7ff92217e8d5
[C:\Windows\SYSTEM32\ntdll.dll]
0x7ff92324c53a

ERROR: Compilation failed.
